
> panmetro-tizen-webtv@1.0.0 build
> webpack --mode production

Though the "loose" option was set to "true" in your @babel/preset-env config, it will not be used for @babel/plugin-transform-private-property-in-object since the "loose" mode option was set to "false" for @babel/plugin-transform-class-properties.
The "loose" option must be the same for @babel/plugin-transform-class-properties, @babel/plugin-transform-private-methods and @babel/plugin-transform-private-property-in-object (when they are enabled): you can silence this warning by explicitly adding
	["@babel/plugin-transform-private-property-in-object", { "loose": false }]
to the "plugins" section of your Babel config.

If you already set the same 'loose' mode for these plugins in your config, it's possible that they are enabled multiple times with different options.
You can re-run Babel with the BABEL_SHOW_CONFIG_FOR environment variable to show the loaded configuration:
	npx cross-env BABEL_SHOW_CONFIG_FOR=/Users/Ajaya/Documents/TizenGitTVApp/src/main.jsx <your build command>
See https://babeljs.io/docs/configuration#print-effective-configs for more info.
Though the "loose" option was set to "true" in your @babel/preset-env config, it will not be used for @babel/plugin-transform-private-methods since the "loose" mode option was set to "false" for @babel/plugin-transform-private-property-in-object.
The "loose" option must be the same for @babel/plugin-transform-class-properties, @babel/plugin-transform-private-methods and @babel/plugin-transform-private-property-in-object (when they are enabled): you can silence this warning by explicitly adding
	["@babel/plugin-transform-private-methods", { "loose": false }]
to the "plugins" section of your Babel config.

If you already set the same 'loose' mode for these plugins in your config, it's possible that they are enabled multiple times with different options.
You can re-run Babel with the BABEL_SHOW_CONFIG_FOR environment variable to show the loaded configuration:
	npx cross-env BABEL_SHOW_CONFIG_FOR=/Users/Ajaya/Documents/TizenGitTVApp/src/main.jsx <your build command>
See https://babeljs.io/docs/configuration#print-effective-configs for more info.
Though the "loose" option was set to "true" in your @babel/preset-env config, it will not be used for @babel/plugin-transform-private-property-in-object since the "loose" mode option was set to "false" for @babel/plugin-transform-class-properties.
The "loose" option must be the same for @babel/plugin-transform-class-properties, @babel/plugin-transform-private-methods and @babel/plugin-transform-private-property-in-object (when they are enabled): you can silence this warning by explicitly adding
	["@babel/plugin-transform-private-property-in-object", { "loose": false }]
to the "plugins" section of your Babel config.

If you already set the same 'loose' mode for these plugins in your config, it's possible that they are enabled multiple times with different options.
You can re-run Babel with the BABEL_SHOW_CONFIG_FOR environment variable to show the loaded configuration:
	npx cross-env BABEL_SHOW_CONFIG_FOR=/Users/Ajaya/Documents/TizenGitTVApp/src/polyfills.js <your build command>
See https://babeljs.io/docs/configuration#print-effective-configs for more info.
Though the "loose" option was set to "true" in your @babel/preset-env config, it will not be used for @babel/plugin-transform-private-methods since the "loose" mode option was set to "false" for @babel/plugin-transform-private-property-in-object.
The "loose" option must be the same for @babel/plugin-transform-class-properties, @babel/plugin-transform-private-methods and @babel/plugin-transform-private-property-in-object (when they are enabled): you can silence this warning by explicitly adding
	["@babel/plugin-transform-private-methods", { "loose": false }]
to the "plugins" section of your Babel config.

If you already set the same 'loose' mode for these plugins in your config, it's possible that they are enabled multiple times with different options.
You can re-run Babel with the BABEL_SHOW_CONFIG_FOR environment variable to show the loaded configuration:
	npx cross-env BABEL_SHOW_CONFIG_FOR=/Users/Ajaya/Documents/TizenGitTVApp/src/polyfills.js <your build command>
See https://babeljs.io/docs/configuration#print-effective-configs for more info.
Though the "loose" option was set to "true" in your @babel/preset-env config, it will not be used for @babel/plugin-transform-private-property-in-object since the "loose" mode option was set to "false" for @babel/plugin-transform-class-properties.
The "loose" option must be the same for @babel/plugin-transform-class-properties, @babel/plugin-transform-private-methods and @babel/plugin-transform-private-property-in-object (when they are enabled): you can silence this warning by explicitly adding
	["@babel/plugin-transform-private-property-in-object", { "loose": false }]
to the "plugins" section of your Babel config.

If you already set the same 'loose' mode for these plugins in your config, it's possible that they are enabled multiple times with different options.
You can re-run Babel with the BABEL_SHOW_CONFIG_FOR environment variable to show the loaded configuration:
	npx cross-env BABEL_SHOW_CONFIG_FOR=/Users/Ajaya/Documents/TizenGitTVApp/src/components/ErrorBoundary.jsx <your build command>
See https://babeljs.io/docs/configuration#print-effective-configs for more info.
Though the "loose" option was set to "true" in your @babel/preset-env config, it will not be used for @babel/plugin-transform-private-methods since the "loose" mode option was set to "false" for @babel/plugin-transform-private-property-in-object.
The "loose" option must be the same for @babel/plugin-transform-class-properties, @babel/plugin-transform-private-methods and @babel/plugin-transform-private-property-in-object (when they are enabled): you can silence this warning by explicitly adding
	["@babel/plugin-transform-private-methods", { "loose": false }]
to the "plugins" section of your Babel config.

If you already set the same 'loose' mode for these plugins in your config, it's possible that they are enabled multiple times with different options.
You can re-run Babel with the BABEL_SHOW_CONFIG_FOR environment variable to show the loaded configuration:
	npx cross-env BABEL_SHOW_CONFIG_FOR=/Users/Ajaya/Documents/TizenGitTVApp/src/components/ErrorBoundary.jsx <your build command>
See https://babeljs.io/docs/configuration#print-effective-configs for more info.
Though the "loose" option was set to "true" in your @babel/preset-env config, it will not be used for @babel/plugin-transform-private-property-in-object since the "loose" mode option was set to "false" for @babel/plugin-transform-class-properties.
The "loose" option must be the same for @babel/plugin-transform-class-properties, @babel/plugin-transform-private-methods and @babel/plugin-transform-private-property-in-object (when they are enabled): you can silence this warning by explicitly adding
	["@babel/plugin-transform-private-property-in-object", { "loose": false }]
to the "plugins" section of your Babel config.

If you already set the same 'loose' mode for these plugins in your config, it's possible that they are enabled multiple times with different options.
You can re-run Babel with the BABEL_SHOW_CONFIG_FOR environment variable to show the loaded configuration:
	npx cross-env BABEL_SHOW_CONFIG_FOR=/Users/Ajaya/Documents/TizenGitTVApp/src/App.jsx <your build command>
See https://babeljs.io/docs/configuration#print-effective-configs for more info.
Though the "loose" option was set to "true" in your @babel/preset-env config, it will not be used for @babel/plugin-transform-private-methods since the "loose" mode option was set to "false" for @babel/plugin-transform-private-property-in-object.
The "loose" option must be the same for @babel/plugin-transform-class-properties, @babel/plugin-transform-private-methods and @babel/plugin-transform-private-property-in-object (when they are enabled): you can silence this warning by explicitly adding
	["@babel/plugin-transform-private-methods", { "loose": false }]
to the "plugins" section of your Babel config.

If you already set the same 'loose' mode for these plugins in your config, it's possible that they are enabled multiple times with different options.
You can re-run Babel with the BABEL_SHOW_CONFIG_FOR environment variable to show the loaded configuration:
	npx cross-env BABEL_SHOW_CONFIG_FOR=/Users/Ajaya/Documents/TizenGitTVApp/src/App.jsx <your build command>
See https://babeljs.io/docs/configuration#print-effective-configs for more info.
Though the "loose" option was set to "true" in your @babel/preset-env config, it will not be used for @babel/plugin-transform-private-property-in-object since the "loose" mode option was set to "false" for @babel/plugin-transform-class-properties.
The "loose" option must be the same for @babel/plugin-transform-class-properties, @babel/plugin-transform-private-methods and @babel/plugin-transform-private-property-in-object (when they are enabled): you can silence this warning by explicitly adding
	["@babel/plugin-transform-private-property-in-object", { "loose": false }]
to the "plugins" section of your Babel config.

If you already set the same 'loose' mode for these plugins in your config, it's possible that they are enabled multiple times with different options.
You can re-run Babel with the BABEL_SHOW_CONFIG_FOR environment variable to show the loaded configuration:
	npx cross-env BABEL_SHOW_CONFIG_FOR=/Users/Ajaya/Documents/TizenGitTVApp/src/services/queryClient.js <your build command>
See https://babeljs.io/docs/configuration#print-effective-configs for more info.
Though the "loose" option was set to "true" in your @babel/preset-env config, it will not be used for @babel/plugin-transform-private-methods since the "loose" mode option was set to "false" for @babel/plugin-transform-private-property-in-object.
The "loose" option must be the same for @babel/plugin-transform-class-properties, @babel/plugin-transform-private-methods and @babel/plugin-transform-private-property-in-object (when they are enabled): you can silence this warning by explicitly adding
	["@babel/plugin-transform-private-methods", { "loose": false }]
to the "plugins" section of your Babel config.

If you already set the same 'loose' mode for these plugins in your config, it's possible that they are enabled multiple times with different options.
You can re-run Babel with the BABEL_SHOW_CONFIG_FOR environment variable to show the loaded configuration:
	npx cross-env BABEL_SHOW_CONFIG_FOR=/Users/Ajaya/Documents/TizenGitTVApp/src/services/queryClient.js <your build command>
See https://babeljs.io/docs/configuration#print-effective-configs for more info.
Though the "loose" option was set to "true" in your @babel/preset-env config, it will not be used for @babel/plugin-transform-private-property-in-object since the "loose" mode option was set to "false" for @babel/plugin-transform-class-properties.
The "loose" option must be the same for @babel/plugin-transform-class-properties, @babel/plugin-transform-private-methods and @babel/plugin-transform-private-property-in-object (when they are enabled): you can silence this warning by explicitly adding
	["@babel/plugin-transform-private-property-in-object", { "loose": false }]
to the "plugins" section of your Babel config.

If you already set the same 'loose' mode for these plugins in your config, it's possible that they are enabled multiple times with different options.
You can re-run Babel with the BABEL_SHOW_CONFIG_FOR environment variable to show the loaded configuration:
	npx cross-env BABEL_SHOW_CONFIG_FOR=/Users/Ajaya/Documents/TizenGitTVApp/src/services/drmhelper.js <your build command>
See https://babeljs.io/docs/configuration#print-effective-configs for more info.
Though the "loose" option was set to "true" in your @babel/preset-env config, it will not be used for @babel/plugin-transform-private-methods since the "loose" mode option was set to "false" for @babel/plugin-transform-private-property-in-object.
The "loose" option must be the same for @babel/plugin-transform-class-properties, @babel/plugin-transform-private-methods and @babel/plugin-transform-private-property-in-object (when they are enabled): you can silence this warning by explicitly adding
	["@babel/plugin-transform-private-methods", { "loose": false }]
to the "plugins" section of your Babel config.

If you already set the same 'loose' mode for these plugins in your config, it's possible that they are enabled multiple times with different options.
You can re-run Babel with the BABEL_SHOW_CONFIG_FOR environment variable to show the loaded configuration:
	npx cross-env BABEL_SHOW_CONFIG_FOR=/Users/Ajaya/Documents/TizenGitTVApp/src/services/drmhelper.js <your build command>
See https://babeljs.io/docs/configuration#print-effective-configs for more info.
Though the "loose" option was set to "true" in your @babel/preset-env config, it will not be used for @babel/plugin-transform-private-property-in-object since the "loose" mode option was set to "false" for @babel/plugin-transform-class-properties.
The "loose" option must be the same for @babel/plugin-transform-class-properties, @babel/plugin-transform-private-methods and @babel/plugin-transform-private-property-in-object (when they are enabled): you can silence this warning by explicitly adding
	["@babel/plugin-transform-private-property-in-object", { "loose": false }]
to the "plugins" section of your Babel config.

If you already set the same 'loose' mode for these plugins in your config, it's possible that they are enabled multiple times with different options.
You can re-run Babel with the BABEL_SHOW_CONFIG_FOR environment variable to show the loaded configuration:
	npx cross-env BABEL_SHOW_CONFIG_FOR=/Users/Ajaya/Documents/TizenGitTVApp/src/services/epgManifestQueries.js <your build command>
See https://babeljs.io/docs/configuration#print-effective-configs for more info.
Though the "loose" option was set to "true" in your @babel/preset-env config, it will not be used for @babel/plugin-transform-private-methods since the "loose" mode option was set to "false" for @babel/plugin-transform-private-property-in-object.
The "loose" option must be the same for @babel/plugin-transform-class-properties, @babel/plugin-transform-private-methods and @babel/plugin-transform-private-property-in-object (when they are enabled): you can silence this warning by explicitly adding
	["@babel/plugin-transform-private-methods", { "loose": false }]
to the "plugins" section of your Babel config.

If you already set the same 'loose' mode for these plugins in your config, it's possible that they are enabled multiple times with different options.
You can re-run Babel with the BABEL_SHOW_CONFIG_FOR environment variable to show the loaded configuration:
	npx cross-env BABEL_SHOW_CONFIG_FOR=/Users/Ajaya/Documents/TizenGitTVApp/src/services/epgManifestQueries.js <your build command>
See https://babeljs.io/docs/configuration#print-effective-configs for more info.
Though the "loose" option was set to "true" in your @babel/preset-env config, it will not be used for @babel/plugin-transform-private-property-in-object since the "loose" mode option was set to "false" for @babel/plugin-transform-class-properties.
The "loose" option must be the same for @babel/plugin-transform-class-properties, @babel/plugin-transform-private-methods and @babel/plugin-transform-private-property-in-object (when they are enabled): you can silence this warning by explicitly adding
	["@babel/plugin-transform-private-property-in-object", { "loose": false }]
to the "plugins" section of your Babel config.

If you already set the same 'loose' mode for these plugins in your config, it's possible that they are enabled multiple times with different options.
You can re-run Babel with the BABEL_SHOW_CONFIG_FOR environment variable to show the loaded configuration:
	npx cross-env BABEL_SHOW_CONFIG_FOR=/Users/Ajaya/Documents/TizenGitTVApp/src/components/Sidebar.jsx <your build command>
See https://babeljs.io/docs/configuration#print-effective-configs for more info.
Though the "loose" option was set to "true" in your @babel/preset-env config, it will not be used for @babel/plugin-transform-private-methods since the "loose" mode option was set to "false" for @babel/plugin-transform-private-property-in-object.
The "loose" option must be the same for @babel/plugin-transform-class-properties, @babel/plugin-transform-private-methods and @babel/plugin-transform-private-property-in-object (when they are enabled): you can silence this warning by explicitly adding
	["@babel/plugin-transform-private-methods", { "loose": false }]
to the "plugins" section of your Babel config.

If you already set the same 'loose' mode for these plugins in your config, it's possible that they are enabled multiple times with different options.
You can re-run Babel with the BABEL_SHOW_CONFIG_FOR environment variable to show the loaded configuration:
	npx cross-env BABEL_SHOW_CONFIG_FOR=/Users/Ajaya/Documents/TizenGitTVApp/src/components/Sidebar.jsx <your build command>
See https://babeljs.io/docs/configuration#print-effective-configs for more info.
Though the "loose" option was set to "true" in your @babel/preset-env config, it will not be used for @babel/plugin-transform-private-property-in-object since the "loose" mode option was set to "false" for @babel/plugin-transform-class-properties.
The "loose" option must be the same for @babel/plugin-transform-class-properties, @babel/plugin-transform-private-methods and @babel/plugin-transform-private-property-in-object (when they are enabled): you can silence this warning by explicitly adding
	["@babel/plugin-transform-private-property-in-object", { "loose": false }]
to the "plugins" section of your Babel config.

If you already set the same 'loose' mode for these plugins in your config, it's possible that they are enabled multiple times with different options.
You can re-run Babel with the BABEL_SHOW_CONFIG_FOR environment variable to show the loaded configuration:
	npx cross-env BABEL_SHOW_CONFIG_FOR=/Users/Ajaya/Documents/TizenGitTVApp/node_modules/@babel/runtime/helpers/newArrowCheck.js <your build command>
See https://babeljs.io/docs/configuration#print-effective-configs for more info.
Though the "loose" option was set to "true" in your @babel/preset-env config, it will not be used for @babel/plugin-transform-private-property-in-object since the "loose" mode option was set to "false" for @babel/plugin-transform-class-properties.
The "loose" option must be the same for @babel/plugin-transform-class-properties, @babel/plugin-transform-private-methods and @babel/plugin-transform-private-property-in-object (when they are enabled): you can silence this warning by explicitly adding
	["@babel/plugin-transform-private-property-in-object", { "loose": false }]
to the "plugins" section of your Babel config.

If you already set the same 'loose' mode for these plugins in your config, it's possible that they are enabled multiple times with different options.
You can re-run Babel with the BABEL_SHOW_CONFIG_FOR environment variable to show the loaded configuration:
	npx cross-env BABEL_SHOW_CONFIG_FOR=/Users/Ajaya/Documents/TizenGitTVApp/node_modules/@babel/runtime/helpers/classCallCheck.js <your build command>
See https://babeljs.io/docs/configuration#print-effective-configs for more info.
Though the "loose" option was set to "true" in your @babel/preset-env config, it will not be used for @babel/plugin-transform-private-property-in-object since the "loose" mode option was set to "false" for @babel/plugin-transform-class-properties.
The "loose" option must be the same for @babel/plugin-transform-class-properties, @babel/plugin-transform-private-methods and @babel/plugin-transform-private-property-in-object (when they are enabled): you can silence this warning by explicitly adding
	["@babel/plugin-transform-private-property-in-object", { "loose": false }]
to the "plugins" section of your Babel config.

If you already set the same 'loose' mode for these plugins in your config, it's possible that they are enabled multiple times with different options.
You can re-run Babel with the BABEL_SHOW_CONFIG_FOR environment variable to show the loaded configuration:
	npx cross-env BABEL_SHOW_CONFIG_FOR=/Users/Ajaya/Documents/TizenGitTVApp/node_modules/@babel/runtime/helpers/getPrototypeOf.js <your build command>
See https://babeljs.io/docs/configuration#print-effective-configs for more info.
Though the "loose" option was set to "true" in your @babel/preset-env config, it will not be used for @babel/plugin-transform-private-property-in-object since the "loose" mode option was set to "false" for @babel/plugin-transform-class-properties.
The "loose" option must be the same for @babel/plugin-transform-class-properties, @babel/plugin-transform-private-methods and @babel/plugin-transform-private-property-in-object (when they are enabled): you can silence this warning by explicitly adding
	["@babel/plugin-transform-private-property-in-object", { "loose": false }]
to the "plugins" section of your Babel config.

If you already set the same 'loose' mode for these plugins in your config, it's possible that they are enabled multiple times with different options.
You can re-run Babel with the BABEL_SHOW_CONFIG_FOR environment variable to show the loaded configuration:
	npx cross-env BABEL_SHOW_CONFIG_FOR=/Users/Ajaya/Documents/TizenGitTVApp/node_modules/@babel/runtime/helpers/possibleConstructorReturn.js <your build command>
See https://babeljs.io/docs/configuration#print-effective-configs for more info.
Though the "loose" option was set to "true" in your @babel/preset-env config, it will not be used for @babel/plugin-transform-private-property-in-object since the "loose" mode option was set to "false" for @babel/plugin-transform-class-properties.
The "loose" option must be the same for @babel/plugin-transform-class-properties, @babel/plugin-transform-private-methods and @babel/plugin-transform-private-property-in-object (when they are enabled): you can silence this warning by explicitly adding
	["@babel/plugin-transform-private-property-in-object", { "loose": false }]
to the "plugins" section of your Babel config.

If you already set the same 'loose' mode for these plugins in your config, it's possible that they are enabled multiple times with different options.
You can re-run Babel with the BABEL_SHOW_CONFIG_FOR environment variable to show the loaded configuration:
	npx cross-env BABEL_SHOW_CONFIG_FOR=/Users/Ajaya/Documents/TizenGitTVApp/node_modules/@babel/runtime/helpers/inherits.js <your build command>
See https://babeljs.io/docs/configuration#print-effective-configs for more info.
Though the "loose" option was set to "true" in your @babel/preset-env config, it will not be used for @babel/plugin-transform-private-property-in-object since the "loose" mode option was set to "false" for @babel/plugin-transform-class-properties.
The "loose" option must be the same for @babel/plugin-transform-class-properties, @babel/plugin-transform-private-methods and @babel/plugin-transform-private-property-in-object (when they are enabled): you can silence this warning by explicitly adding
	["@babel/plugin-transform-private-property-in-object", { "loose": false }]
to the "plugins" section of your Babel config.

If you already set the same 'loose' mode for these plugins in your config, it's possible that they are enabled multiple times with different options.
You can re-run Babel with the BABEL_SHOW_CONFIG_FOR environment variable to show the loaded configuration:
	npx cross-env BABEL_SHOW_CONFIG_FOR=/Users/Ajaya/Documents/TizenGitTVApp/node_modules/@babel/runtime/helpers/createClass.js <your build command>
See https://babeljs.io/docs/configuration#print-effective-configs for more info.
Though the "loose" option was set to "true" in your @babel/preset-env config, it will not be used for @babel/plugin-transform-private-property-in-object since the "loose" mode option was set to "false" for @babel/plugin-transform-class-properties.
The "loose" option must be the same for @babel/plugin-transform-class-properties, @babel/plugin-transform-private-methods and @babel/plugin-transform-private-property-in-object (when they are enabled): you can silence this warning by explicitly adding
	["@babel/plugin-transform-private-property-in-object", { "loose": false }]
to the "plugins" section of your Babel config.

If you already set the same 'loose' mode for these plugins in your config, it's possible that they are enabled multiple times with different options.
You can re-run Babel with the BABEL_SHOW_CONFIG_FOR environment variable to show the loaded configuration:
	npx cross-env BABEL_SHOW_CONFIG_FOR=/Users/Ajaya/Documents/TizenGitTVApp/node_modules/@babel/runtime/helpers/slicedToArray.js <your build command>
See https://babeljs.io/docs/configuration#print-effective-configs for more info.
Though the "loose" option was set to "true" in your @babel/preset-env config, it will not be used for @babel/plugin-transform-private-property-in-object since the "loose" mode option was set to "false" for @babel/plugin-transform-class-properties.
The "loose" option must be the same for @babel/plugin-transform-class-properties, @babel/plugin-transform-private-methods and @babel/plugin-transform-private-property-in-object (when they are enabled): you can silence this warning by explicitly adding
	["@babel/plugin-transform-private-property-in-object", { "loose": false }]
to the "plugins" section of your Babel config.

If you already set the same 'loose' mode for these plugins in your config, it's possible that they are enabled multiple times with different options.
You can re-run Babel with the BABEL_SHOW_CONFIG_FOR environment variable to show the loaded configuration:
	npx cross-env BABEL_SHOW_CONFIG_FOR=/Users/Ajaya/Documents/TizenGitTVApp/node_modules/@babel/runtime/helpers/asyncToGenerator.js <your build command>
See https://babeljs.io/docs/configuration#print-effective-configs for more info.
Though the "loose" option was set to "true" in your @babel/preset-env config, it will not be used for @babel/plugin-transform-private-methods since the "loose" mode option was set to "false" for @babel/plugin-transform-private-property-in-object.
The "loose" option must be the same for @babel/plugin-transform-class-properties, @babel/plugin-transform-private-methods and @babel/plugin-transform-private-property-in-object (when they are enabled): you can silence this warning by explicitly adding
	["@babel/plugin-transform-private-methods", { "loose": false }]
to the "plugins" section of your Babel config.

If you already set the same 'loose' mode for these plugins in your config, it's possible that they are enabled multiple times with different options.
You can re-run Babel with the BABEL_SHOW_CONFIG_FOR environment variable to show the loaded configuration:
	npx cross-env BABEL_SHOW_CONFIG_FOR=/Users/Ajaya/Documents/TizenGitTVApp/node_modules/@babel/runtime/helpers/newArrowCheck.js <your build command>
See https://babeljs.io/docs/configuration#print-effective-configs for more info.
Though the "loose" option was set to "true" in your @babel/preset-env config, it will not be used for @babel/plugin-transform-private-methods since the "loose" mode option was set to "false" for @babel/plugin-transform-private-property-in-object.
The "loose" option must be the same for @babel/plugin-transform-class-properties, @babel/plugin-transform-private-methods and @babel/plugin-transform-private-property-in-object (when they are enabled): you can silence this warning by explicitly adding
	["@babel/plugin-transform-private-methods", { "loose": false }]
to the "plugins" section of your Babel config.

If you already set the same 'loose' mode for these plugins in your config, it's possible that they are enabled multiple times with different options.
You can re-run Babel with the BABEL_SHOW_CONFIG_FOR environment variable to show the loaded configuration:
	npx cross-env BABEL_SHOW_CONFIG_FOR=/Users/Ajaya/Documents/TizenGitTVApp/node_modules/@babel/runtime/helpers/classCallCheck.js <your build command>
See https://babeljs.io/docs/configuration#print-effective-configs for more info.
Though the "loose" option was set to "true" in your @babel/preset-env config, it will not be used for @babel/plugin-transform-private-methods since the "loose" mode option was set to "false" for @babel/plugin-transform-private-property-in-object.
The "loose" option must be the same for @babel/plugin-transform-class-properties, @babel/plugin-transform-private-methods and @babel/plugin-transform-private-property-in-object (when they are enabled): you can silence this warning by explicitly adding
	["@babel/plugin-transform-private-methods", { "loose": false }]
to the "plugins" section of your Babel config.

If you already set the same 'loose' mode for these plugins in your config, it's possible that they are enabled multiple times with different options.
You can re-run Babel with the BABEL_SHOW_CONFIG_FOR environment variable to show the loaded configuration:
	npx cross-env BABEL_SHOW_CONFIG_FOR=/Users/Ajaya/Documents/TizenGitTVApp/node_modules/@babel/runtime/helpers/getPrototypeOf.js <your build command>
See https://babeljs.io/docs/configuration#print-effective-configs for more info.
Though the "loose" option was set to "true" in your @babel/preset-env config, it will not be used for @babel/plugin-transform-private-methods since the "loose" mode option was set to "false" for @babel/plugin-transform-private-property-in-object.
The "loose" option must be the same for @babel/plugin-transform-class-properties, @babel/plugin-transform-private-methods and @babel/plugin-transform-private-property-in-object (when they are enabled): you can silence this warning by explicitly adding
	["@babel/plugin-transform-private-methods", { "loose": false }]
to the "plugins" section of your Babel config.

If you already set the same 'loose' mode for these plugins in your config, it's possible that they are enabled multiple times with different options.
You can re-run Babel with the BABEL_SHOW_CONFIG_FOR environment variable to show the loaded configuration:
	npx cross-env BABEL_SHOW_CONFIG_FOR=/Users/Ajaya/Documents/TizenGitTVApp/node_modules/@babel/runtime/helpers/possibleConstructorReturn.js <your build command>
See https://babeljs.io/docs/configuration#print-effective-configs for more info.
Though the "loose" option was set to "true" in your @babel/preset-env config, it will not be used for @babel/plugin-transform-private-methods since the "loose" mode option was set to "false" for @babel/plugin-transform-private-property-in-object.
The "loose" option must be the same for @babel/plugin-transform-class-properties, @babel/plugin-transform-private-methods and @babel/plugin-transform-private-property-in-object (when they are enabled): you can silence this warning by explicitly adding
	["@babel/plugin-transform-private-methods", { "loose": false }]
to the "plugins" section of your Babel config.

If you already set the same 'loose' mode for these plugins in your config, it's possible that they are enabled multiple times with different options.
You can re-run Babel with the BABEL_SHOW_CONFIG_FOR environment variable to show the loaded configuration:
	npx cross-env BABEL_SHOW_CONFIG_FOR=/Users/Ajaya/Documents/TizenGitTVApp/node_modules/@babel/runtime/helpers/inherits.js <your build command>
See https://babeljs.io/docs/configuration#print-effective-configs for more info.
Though the "loose" option was set to "true" in your @babel/preset-env config, it will not be used for @babel/plugin-transform-private-methods since the "loose" mode option was set to "false" for @babel/plugin-transform-private-property-in-object.
The "loose" option must be the same for @babel/plugin-transform-class-properties, @babel/plugin-transform-private-methods and @babel/plugin-transform-private-property-in-object (when they are enabled): you can silence this warning by explicitly adding
	["@babel/plugin-transform-private-methods", { "loose": false }]
to the "plugins" section of your Babel config.

If you already set the same 'loose' mode for these plugins in your config, it's possible that they are enabled multiple times with different options.
You can re-run Babel with the BABEL_SHOW_CONFIG_FOR environment variable to show the loaded configuration:
	npx cross-env BABEL_SHOW_CONFIG_FOR=/Users/Ajaya/Documents/TizenGitTVApp/node_modules/@babel/runtime/helpers/createClass.js <your build command>
See https://babeljs.io/docs/configuration#print-effective-configs for more info.
Though the "loose" option was set to "true" in your @babel/preset-env config, it will not be used for @babel/plugin-transform-private-methods since the "loose" mode option was set to "false" for @babel/plugin-transform-private-property-in-object.
The "loose" option must be the same for @babel/plugin-transform-class-properties, @babel/plugin-transform-private-methods and @babel/plugin-transform-private-property-in-object (when they are enabled): you can silence this warning by explicitly adding
	["@babel/plugin-transform-private-methods", { "loose": false }]
to the "plugins" section of your Babel config.

If you already set the same 'loose' mode for these plugins in your config, it's possible that they are enabled multiple times with different options.
You can re-run Babel with the BABEL_SHOW_CONFIG_FOR environment variable to show the loaded configuration:
	npx cross-env BABEL_SHOW_CONFIG_FOR=/Users/Ajaya/Documents/TizenGitTVApp/node_modules/@babel/runtime/helpers/slicedToArray.js <your build command>
See https://babeljs.io/docs/configuration#print-effective-configs for more info.
Though the "loose" option was set to "true" in your @babel/preset-env config, it will not be used for @babel/plugin-transform-private-methods since the "loose" mode option was set to "false" for @babel/plugin-transform-private-property-in-object.
The "loose" option must be the same for @babel/plugin-transform-class-properties, @babel/plugin-transform-private-methods and @babel/plugin-transform-private-property-in-object (when they are enabled): you can silence this warning by explicitly adding
	["@babel/plugin-transform-private-methods", { "loose": false }]
to the "plugins" section of your Babel config.

If you already set the same 'loose' mode for these plugins in your config, it's possible that they are enabled multiple times with different options.
You can re-run Babel with the BABEL_SHOW_CONFIG_FOR environment variable to show the loaded configuration:
	npx cross-env BABEL_SHOW_CONFIG_FOR=/Users/Ajaya/Documents/TizenGitTVApp/node_modules/@babel/runtime/helpers/asyncToGenerator.js <your build command>
See https://babeljs.io/docs/configuration#print-effective-configs for more info.
Though the "loose" option was set to "true" in your @babel/preset-env config, it will not be used for @babel/plugin-transform-private-property-in-object since the "loose" mode option was set to "false" for @babel/plugin-transform-class-properties.
The "loose" option must be the same for @babel/plugin-transform-class-properties, @babel/plugin-transform-private-methods and @babel/plugin-transform-private-property-in-object (when they are enabled): you can silence this warning by explicitly adding
	["@babel/plugin-transform-private-property-in-object", { "loose": false }]
to the "plugins" section of your Babel config.

If you already set the same 'loose' mode for these plugins in your config, it's possible that they are enabled multiple times with different options.
You can re-run Babel with the BABEL_SHOW_CONFIG_FOR environment variable to show the loaded configuration:
	npx cross-env BABEL_SHOW_CONFIG_FOR=/Users/Ajaya/Documents/TizenGitTVApp/src/components/SplashScreen.jsx <your build command>
See https://babeljs.io/docs/configuration#print-effective-configs for more info.
Though the "loose" option was set to "true" in your @babel/preset-env config, it will not be used for @babel/plugin-transform-private-methods since the "loose" mode option was set to "false" for @babel/plugin-transform-private-property-in-object.
The "loose" option must be the same for @babel/plugin-transform-class-properties, @babel/plugin-transform-private-methods and @babel/plugin-transform-private-property-in-object (when they are enabled): you can silence this warning by explicitly adding
	["@babel/plugin-transform-private-methods", { "loose": false }]
to the "plugins" section of your Babel config.

If you already set the same 'loose' mode for these plugins in your config, it's possible that they are enabled multiple times with different options.
You can re-run Babel with the BABEL_SHOW_CONFIG_FOR environment variable to show the loaded configuration:
	npx cross-env BABEL_SHOW_CONFIG_FOR=/Users/Ajaya/Documents/TizenGitTVApp/src/components/SplashScreen.jsx <your build command>
See https://babeljs.io/docs/configuration#print-effective-configs for more info.
Though the "loose" option was set to "true" in your @babel/preset-env config, it will not be used for @babel/plugin-transform-private-property-in-object since the "loose" mode option was set to "false" for @babel/plugin-transform-class-properties.
The "loose" option must be the same for @babel/plugin-transform-class-properties, @babel/plugin-transform-private-methods and @babel/plugin-transform-private-property-in-object (when they are enabled): you can silence this warning by explicitly adding
	["@babel/plugin-transform-private-property-in-object", { "loose": false }]
to the "plugins" section of your Babel config.

If you already set the same 'loose' mode for these plugins in your config, it's possible that they are enabled multiple times with different options.
You can re-run Babel with the BABEL_SHOW_CONFIG_FOR environment variable to show the loaded configuration:
	npx cross-env BABEL_SHOW_CONFIG_FOR=/Users/Ajaya/Documents/TizenGitTVApp/src/components/ProtectedRoute.jsx <your build command>
See https://babeljs.io/docs/configuration#print-effective-configs for more info.
Though the "loose" option was set to "true" in your @babel/preset-env config, it will not be used for @babel/plugin-transform-private-methods since the "loose" mode option was set to "false" for @babel/plugin-transform-private-property-in-object.
The "loose" option must be the same for @babel/plugin-transform-class-properties, @babel/plugin-transform-private-methods and @babel/plugin-transform-private-property-in-object (when they are enabled): you can silence this warning by explicitly adding
	["@babel/plugin-transform-private-methods", { "loose": false }]
to the "plugins" section of your Babel config.

If you already set the same 'loose' mode for these plugins in your config, it's possible that they are enabled multiple times with different options.
You can re-run Babel with the BABEL_SHOW_CONFIG_FOR environment variable to show the loaded configuration:
	npx cross-env BABEL_SHOW_CONFIG_FOR=/Users/Ajaya/Documents/TizenGitTVApp/src/components/ProtectedRoute.jsx <your build command>
See https://babeljs.io/docs/configuration#print-effective-configs for more info.
Though the "loose" option was set to "true" in your @babel/preset-env config, it will not be used for @babel/plugin-transform-private-property-in-object since the "loose" mode option was set to "false" for @babel/plugin-transform-class-properties.
The "loose" option must be the same for @babel/plugin-transform-class-properties, @babel/plugin-transform-private-methods and @babel/plugin-transform-private-property-in-object (when they are enabled): you can silence this warning by explicitly adding
	["@babel/plugin-transform-private-property-in-object", { "loose": false }]
to the "plugins" section of your Babel config.

If you already set the same 'loose' mode for these plugins in your config, it's possible that they are enabled multiple times with different options.
You can re-run Babel with the BABEL_SHOW_CONFIG_FOR environment variable to show the loaded configuration:
	npx cross-env BABEL_SHOW_CONFIG_FOR=/Users/Ajaya/Documents/TizenGitTVApp/src/components/PushOverlay.jsx <your build command>
See https://babeljs.io/docs/configuration#print-effective-configs for more info.
Though the "loose" option was set to "true" in your @babel/preset-env config, it will not be used for @babel/plugin-transform-private-methods since the "loose" mode option was set to "false" for @babel/plugin-transform-private-property-in-object.
The "loose" option must be the same for @babel/plugin-transform-class-properties, @babel/plugin-transform-private-methods and @babel/plugin-transform-private-property-in-object (when they are enabled): you can silence this warning by explicitly adding
	["@babel/plugin-transform-private-methods", { "loose": false }]
to the "plugins" section of your Babel config.

If you already set the same 'loose' mode for these plugins in your config, it's possible that they are enabled multiple times with different options.
You can re-run Babel with the BABEL_SHOW_CONFIG_FOR environment variable to show the loaded configuration:
	npx cross-env BABEL_SHOW_CONFIG_FOR=/Users/Ajaya/Documents/TizenGitTVApp/src/components/PushOverlay.jsx <your build command>
See https://babeljs.io/docs/configuration#print-effective-configs for more info.
Though the "loose" option was set to "true" in your @babel/preset-env config, it will not be used for @babel/plugin-transform-private-property-in-object since the "loose" mode option was set to "false" for @babel/plugin-transform-class-properties.
The "loose" option must be the same for @babel/plugin-transform-class-properties, @babel/plugin-transform-private-methods and @babel/plugin-transform-private-property-in-object (when they are enabled): you can silence this warning by explicitly adding
	["@babel/plugin-transform-private-property-in-object", { "loose": false }]
to the "plugins" section of your Babel config.

If you already set the same 'loose' mode for these plugins in your config, it's possible that they are enabled multiple times with different options.
You can re-run Babel with the BABEL_SHOW_CONFIG_FOR environment variable to show the loaded configuration:
	npx cross-env BABEL_SHOW_CONFIG_FOR=/Users/Ajaya/Documents/TizenGitTVApp/src/pages/AdminPage.jsx <your build command>
See https://babeljs.io/docs/configuration#print-effective-configs for more info.
Though the "loose" option was set to "true" in your @babel/preset-env config, it will not be used for @babel/plugin-transform-private-methods since the "loose" mode option was set to "false" for @babel/plugin-transform-private-property-in-object.
The "loose" option must be the same for @babel/plugin-transform-class-properties, @babel/plugin-transform-private-methods and @babel/plugin-transform-private-property-in-object (when they are enabled): you can silence this warning by explicitly adding
	["@babel/plugin-transform-private-methods", { "loose": false }]
to the "plugins" section of your Babel config.

If you already set the same 'loose' mode for these plugins in your config, it's possible that they are enabled multiple times with different options.
You can re-run Babel with the BABEL_SHOW_CONFIG_FOR environment variable to show the loaded configuration:
	npx cross-env BABEL_SHOW_CONFIG_FOR=/Users/Ajaya/Documents/TizenGitTVApp/src/pages/AdminPage.jsx <your build command>
See https://babeljs.io/docs/configuration#print-effective-configs for more info.
Though the "loose" option was set to "true" in your @babel/preset-env config, it will not be used for @babel/plugin-transform-private-property-in-object since the "loose" mode option was set to "false" for @babel/plugin-transform-class-properties.
The "loose" option must be the same for @babel/plugin-transform-class-properties, @babel/plugin-transform-private-methods and @babel/plugin-transform-private-property-in-object (when they are enabled): you can silence this warning by explicitly adding
	["@babel/plugin-transform-private-property-in-object", { "loose": false }]
to the "plugins" section of your Babel config.

If you already set the same 'loose' mode for these plugins in your config, it's possible that they are enabled multiple times with different options.
You can re-run Babel with the BABEL_SHOW_CONFIG_FOR environment variable to show the loaded configuration:
	npx cross-env BABEL_SHOW_CONFIG_FOR=/Users/Ajaya/Documents/TizenGitTVApp/src/pages/PlayerPage.jsx <your build command>
See https://babeljs.io/docs/configuration#print-effective-configs for more info.
Though the "loose" option was set to "true" in your @babel/preset-env config, it will not be used for @babel/plugin-transform-private-methods since the "loose" mode option was set to "false" for @babel/plugin-transform-private-property-in-object.
The "loose" option must be the same for @babel/plugin-transform-class-properties, @babel/plugin-transform-private-methods and @babel/plugin-transform-private-property-in-object (when they are enabled): you can silence this warning by explicitly adding
	["@babel/plugin-transform-private-methods", { "loose": false }]
to the "plugins" section of your Babel config.

If you already set the same 'loose' mode for these plugins in your config, it's possible that they are enabled multiple times with different options.
You can re-run Babel with the BABEL_SHOW_CONFIG_FOR environment variable to show the loaded configuration:
	npx cross-env BABEL_SHOW_CONFIG_FOR=/Users/Ajaya/Documents/TizenGitTVApp/src/pages/PlayerPage.jsx <your build command>
See https://babeljs.io/docs/configuration#print-effective-configs for more info.
Though the "loose" option was set to "true" in your @babel/preset-env config, it will not be used for @babel/plugin-transform-private-property-in-object since the "loose" mode option was set to "false" for @babel/plugin-transform-class-properties.
The "loose" option must be the same for @babel/plugin-transform-class-properties, @babel/plugin-transform-private-methods and @babel/plugin-transform-private-property-in-object (when they are enabled): you can silence this warning by explicitly adding
	["@babel/plugin-transform-private-property-in-object", { "loose": false }]
to the "plugins" section of your Babel config.

If you already set the same 'loose' mode for these plugins in your config, it's possible that they are enabled multiple times with different options.
You can re-run Babel with the BABEL_SHOW_CONFIG_FOR environment variable to show the loaded configuration:
	npx cross-env BABEL_SHOW_CONFIG_FOR=/Users/Ajaya/Documents/TizenGitTVApp/src/pages/SearchPage.jsx <your build command>
See https://babeljs.io/docs/configuration#print-effective-configs for more info.
Though the "loose" option was set to "true" in your @babel/preset-env config, it will not be used for @babel/plugin-transform-private-methods since the "loose" mode option was set to "false" for @babel/plugin-transform-private-property-in-object.
The "loose" option must be the same for @babel/plugin-transform-class-properties, @babel/plugin-transform-private-methods and @babel/plugin-transform-private-property-in-object (when they are enabled): you can silence this warning by explicitly adding
	["@babel/plugin-transform-private-methods", { "loose": false }]
to the "plugins" section of your Babel config.

If you already set the same 'loose' mode for these plugins in your config, it's possible that they are enabled multiple times with different options.
You can re-run Babel with the BABEL_SHOW_CONFIG_FOR environment variable to show the loaded configuration:
	npx cross-env BABEL_SHOW_CONFIG_FOR=/Users/Ajaya/Documents/TizenGitTVApp/src/pages/SearchPage.jsx <your build command>
See https://babeljs.io/docs/configuration#print-effective-configs for more info.
Though the "loose" option was set to "true" in your @babel/preset-env config, it will not be used for @babel/plugin-transform-private-property-in-object since the "loose" mode option was set to "false" for @babel/plugin-transform-class-properties.
The "loose" option must be the same for @babel/plugin-transform-class-properties, @babel/plugin-transform-private-methods and @babel/plugin-transform-private-property-in-object (when they are enabled): you can silence this warning by explicitly adding
	["@babel/plugin-transform-private-property-in-object", { "loose": false }]
to the "plugins" section of your Babel config.

If you already set the same 'loose' mode for these plugins in your config, it's possible that they are enabled multiple times with different options.
You can re-run Babel with the BABEL_SHOW_CONFIG_FOR environment variable to show the loaded configuration:
	npx cross-env BABEL_SHOW_CONFIG_FOR=/Users/Ajaya/Documents/TizenGitTVApp/src/pages/About.jsx <your build command>
See https://babeljs.io/docs/configuration#print-effective-configs for more info.
Though the "loose" option was set to "true" in your @babel/preset-env config, it will not be used for @babel/plugin-transform-private-methods since the "loose" mode option was set to "false" for @babel/plugin-transform-private-property-in-object.
The "loose" option must be the same for @babel/plugin-transform-class-properties, @babel/plugin-transform-private-methods and @babel/plugin-transform-private-property-in-object (when they are enabled): you can silence this warning by explicitly adding
	["@babel/plugin-transform-private-methods", { "loose": false }]
to the "plugins" section of your Babel config.

If you already set the same 'loose' mode for these plugins in your config, it's possible that they are enabled multiple times with different options.
You can re-run Babel with the BABEL_SHOW_CONFIG_FOR environment variable to show the loaded configuration:
	npx cross-env BABEL_SHOW_CONFIG_FOR=/Users/Ajaya/Documents/TizenGitTVApp/src/pages/About.jsx <your build command>
See https://babeljs.io/docs/configuration#print-effective-configs for more info.
Though the "loose" option was set to "true" in your @babel/preset-env config, it will not be used for @babel/plugin-transform-private-property-in-object since the "loose" mode option was set to "false" for @babel/plugin-transform-class-properties.
The "loose" option must be the same for @babel/plugin-transform-class-properties, @babel/plugin-transform-private-methods and @babel/plugin-transform-private-property-in-object (when they are enabled): you can silence this warning by explicitly adding
	["@babel/plugin-transform-private-property-in-object", { "loose": false }]
to the "plugins" section of your Babel config.

If you already set the same 'loose' mode for these plugins in your config, it's possible that they are enabled multiple times with different options.
You can re-run Babel with the BABEL_SHOW_CONFIG_FOR environment variable to show the loaded configuration:
	npx cross-env BABEL_SHOW_CONFIG_FOR=/Users/Ajaya/Documents/TizenGitTVApp/src/pages/tv-player/TvPlayer.jsx <your build command>
See https://babeljs.io/docs/configuration#print-effective-configs for more info.
Though the "loose" option was set to "true" in your @babel/preset-env config, it will not be used for @babel/plugin-transform-private-methods since the "loose" mode option was set to "false" for @babel/plugin-transform-private-property-in-object.
The "loose" option must be the same for @babel/plugin-transform-class-properties, @babel/plugin-transform-private-methods and @babel/plugin-transform-private-property-in-object (when they are enabled): you can silence this warning by explicitly adding
	["@babel/plugin-transform-private-methods", { "loose": false }]
to the "plugins" section of your Babel config.

If you already set the same 'loose' mode for these plugins in your config, it's possible that they are enabled multiple times with different options.
You can re-run Babel with the BABEL_SHOW_CONFIG_FOR environment variable to show the loaded configuration:
	npx cross-env BABEL_SHOW_CONFIG_FOR=/Users/Ajaya/Documents/TizenGitTVApp/src/pages/tv-player/TvPlayer.jsx <your build command>
See https://babeljs.io/docs/configuration#print-effective-configs for more info.
Though the "loose" option was set to "true" in your @babel/preset-env config, it will not be used for @babel/plugin-transform-private-property-in-object since the "loose" mode option was set to "false" for @babel/plugin-transform-class-properties.
The "loose" option must be the same for @babel/plugin-transform-class-properties, @babel/plugin-transform-private-methods and @babel/plugin-transform-private-property-in-object (when they are enabled): you can silence this warning by explicitly adding
	["@babel/plugin-transform-private-property-in-object", { "loose": false }]
to the "plugins" section of your Babel config.

If you already set the same 'loose' mode for these plugins in your config, it's possible that they are enabled multiple times with different options.
You can re-run Babel with the BABEL_SHOW_CONFIG_FOR environment variable to show the loaded configuration:
	npx cross-env BABEL_SHOW_CONFIG_FOR=/Users/Ajaya/Documents/TizenGitTVApp/src/pages/profile/Profile.jsx <your build command>
See https://babeljs.io/docs/configuration#print-effective-configs for more info.
Though the "loose" option was set to "true" in your @babel/preset-env config, it will not be used for @babel/plugin-transform-private-methods since the "loose" mode option was set to "false" for @babel/plugin-transform-private-property-in-object.
The "loose" option must be the same for @babel/plugin-transform-class-properties, @babel/plugin-transform-private-methods and @babel/plugin-transform-private-property-in-object (when they are enabled): you can silence this warning by explicitly adding
	["@babel/plugin-transform-private-methods", { "loose": false }]
to the "plugins" section of your Babel config.

If you already set the same 'loose' mode for these plugins in your config, it's possible that they are enabled multiple times with different options.
You can re-run Babel with the BABEL_SHOW_CONFIG_FOR environment variable to show the loaded configuration:
	npx cross-env BABEL_SHOW_CONFIG_FOR=/Users/Ajaya/Documents/TizenGitTVApp/src/pages/profile/Profile.jsx <your build command>
See https://babeljs.io/docs/configuration#print-effective-configs for more info.
Though the "loose" option was set to "true" in your @babel/preset-env config, it will not be used for @babel/plugin-transform-private-property-in-object since the "loose" mode option was set to "false" for @babel/plugin-transform-class-properties.
The "loose" option must be the same for @babel/plugin-transform-class-properties, @babel/plugin-transform-private-methods and @babel/plugin-transform-private-property-in-object (when they are enabled): you can silence this warning by explicitly adding
	["@babel/plugin-transform-private-property-in-object", { "loose": false }]
to the "plugins" section of your Babel config.

If you already set the same 'loose' mode for these plugins in your config, it's possible that they are enabled multiple times with different options.
You can re-run Babel with the BABEL_SHOW_CONFIG_FOR environment variable to show the loaded configuration:
	npx cross-env BABEL_SHOW_CONFIG_FOR=/Users/Ajaya/Documents/TizenGitTVApp/src/pages/plan/Plan.jsx <your build command>
See https://babeljs.io/docs/configuration#print-effective-configs for more info.
Though the "loose" option was set to "true" in your @babel/preset-env config, it will not be used for @babel/plugin-transform-private-methods since the "loose" mode option was set to "false" for @babel/plugin-transform-private-property-in-object.
The "loose" option must be the same for @babel/plugin-transform-class-properties, @babel/plugin-transform-private-methods and @babel/plugin-transform-private-property-in-object (when they are enabled): you can silence this warning by explicitly adding
	["@babel/plugin-transform-private-methods", { "loose": false }]
to the "plugins" section of your Babel config.

If you already set the same 'loose' mode for these plugins in your config, it's possible that they are enabled multiple times with different options.
You can re-run Babel with the BABEL_SHOW_CONFIG_FOR environment variable to show the loaded configuration:
	npx cross-env BABEL_SHOW_CONFIG_FOR=/Users/Ajaya/Documents/TizenGitTVApp/src/pages/plan/Plan.jsx <your build command>
See https://babeljs.io/docs/configuration#print-effective-configs for more info.
Though the "loose" option was set to "true" in your @babel/preset-env config, it will not be used for @babel/plugin-transform-private-property-in-object since the "loose" mode option was set to "false" for @babel/plugin-transform-class-properties.
The "loose" option must be the same for @babel/plugin-transform-class-properties, @babel/plugin-transform-private-methods and @babel/plugin-transform-private-property-in-object (when they are enabled): you can silence this warning by explicitly adding
	["@babel/plugin-transform-private-property-in-object", { "loose": false }]
to the "plugins" section of your Babel config.

If you already set the same 'loose' mode for these plugins in your config, it's possible that they are enabled multiple times with different options.
You can re-run Babel with the BABEL_SHOW_CONFIG_FOR environment variable to show the loaded configuration:
	npx cross-env BABEL_SHOW_CONFIG_FOR=/Users/Ajaya/Documents/TizenGitTVApp/src/pages/genre/Genre.jsx <your build command>
See https://babeljs.io/docs/configuration#print-effective-configs for more info.
Though the "loose" option was set to "true" in your @babel/preset-env config, it will not be used for @babel/plugin-transform-private-methods since the "loose" mode option was set to "false" for @babel/plugin-transform-private-property-in-object.
The "loose" option must be the same for @babel/plugin-transform-class-properties, @babel/plugin-transform-private-methods and @babel/plugin-transform-private-property-in-object (when they are enabled): you can silence this warning by explicitly adding
	["@babel/plugin-transform-private-methods", { "loose": false }]
to the "plugins" section of your Babel config.

If you already set the same 'loose' mode for these plugins in your config, it's possible that they are enabled multiple times with different options.
You can re-run Babel with the BABEL_SHOW_CONFIG_FOR environment variable to show the loaded configuration:
	npx cross-env BABEL_SHOW_CONFIG_FOR=/Users/Ajaya/Documents/TizenGitTVApp/src/pages/genre/Genre.jsx <your build command>
See https://babeljs.io/docs/configuration#print-effective-configs for more info.
Though the "loose" option was set to "true" in your @babel/preset-env config, it will not be used for @babel/plugin-transform-private-property-in-object since the "loose" mode option was set to "false" for @babel/plugin-transform-class-properties.
The "loose" option must be the same for @babel/plugin-transform-class-properties, @babel/plugin-transform-private-methods and @babel/plugin-transform-private-property-in-object (when they are enabled): you can silence this warning by explicitly adding
	["@babel/plugin-transform-private-property-in-object", { "loose": false }]
to the "plugins" section of your Babel config.

If you already set the same 'loose' mode for these plugins in your config, it's possible that they are enabled multiple times with different options.
You can re-run Babel with the BABEL_SHOW_CONFIG_FOR environment variable to show the loaded configuration:
	npx cross-env BABEL_SHOW_CONFIG_FOR=/Users/Ajaya/Documents/TizenGitTVApp/src/pages/edit-profile/EditProfile.jsx <your build command>
See https://babeljs.io/docs/configuration#print-effective-configs for more info.
Though the "loose" option was set to "true" in your @babel/preset-env config, it will not be used for @babel/plugin-transform-private-methods since the "loose" mode option was set to "false" for @babel/plugin-transform-private-property-in-object.
The "loose" option must be the same for @babel/plugin-transform-class-properties, @babel/plugin-transform-private-methods and @babel/plugin-transform-private-property-in-object (when they are enabled): you can silence this warning by explicitly adding
	["@babel/plugin-transform-private-methods", { "loose": false }]
to the "plugins" section of your Babel config.

If you already set the same 'loose' mode for these plugins in your config, it's possible that they are enabled multiple times with different options.
You can re-run Babel with the BABEL_SHOW_CONFIG_FOR environment variable to show the loaded configuration:
	npx cross-env BABEL_SHOW_CONFIG_FOR=/Users/Ajaya/Documents/TizenGitTVApp/src/pages/edit-profile/EditProfile.jsx <your build command>
See https://babeljs.io/docs/configuration#print-effective-configs for more info.
Though the "loose" option was set to "true" in your @babel/preset-env config, it will not be used for @babel/plugin-transform-private-property-in-object since the "loose" mode option was set to "false" for @babel/plugin-transform-class-properties.
The "loose" option must be the same for @babel/plugin-transform-class-properties, @babel/plugin-transform-private-methods and @babel/plugin-transform-private-property-in-object (when they are enabled): you can silence this warning by explicitly adding
	["@babel/plugin-transform-private-property-in-object", { "loose": false }]
to the "plugins" section of your Babel config.

If you already set the same 'loose' mode for these plugins in your config, it's possible that they are enabled multiple times with different options.
You can re-run Babel with the BABEL_SHOW_CONFIG_FOR environment variable to show the loaded configuration:
	npx cross-env BABEL_SHOW_CONFIG_FOR=/Users/Ajaya/Documents/TizenGitTVApp/src/pages/settings/Settings.jsx <your build command>
See https://babeljs.io/docs/configuration#print-effective-configs for more info.
Though the "loose" option was set to "true" in your @babel/preset-env config, it will not be used for @babel/plugin-transform-private-methods since the "loose" mode option was set to "false" for @babel/plugin-transform-private-property-in-object.
The "loose" option must be the same for @babel/plugin-transform-class-properties, @babel/plugin-transform-private-methods and @babel/plugin-transform-private-property-in-object (when they are enabled): you can silence this warning by explicitly adding
	["@babel/plugin-transform-private-methods", { "loose": false }]
to the "plugins" section of your Babel config.

If you already set the same 'loose' mode for these plugins in your config, it's possible that they are enabled multiple times with different options.
You can re-run Babel with the BABEL_SHOW_CONFIG_FOR environment variable to show the loaded configuration:
	npx cross-env BABEL_SHOW_CONFIG_FOR=/Users/Ajaya/Documents/TizenGitTVApp/src/pages/settings/Settings.jsx <your build command>
See https://babeljs.io/docs/configuration#print-effective-configs for more info.
Though the "loose" option was set to "true" in your @babel/preset-env config, it will not be used for @babel/plugin-transform-private-property-in-object since the "loose" mode option was set to "false" for @babel/plugin-transform-class-properties.
The "loose" option must be the same for @babel/plugin-transform-class-properties, @babel/plugin-transform-private-methods and @babel/plugin-transform-private-property-in-object (when they are enabled): you can silence this warning by explicitly adding
	["@babel/plugin-transform-private-property-in-object", { "loose": false }]
to the "plugins" section of your Babel config.

If you already set the same 'loose' mode for these plugins in your config, it's possible that they are enabled multiple times with different options.
You can re-run Babel with the BABEL_SHOW_CONFIG_FOR environment variable to show the loaded configuration:
	npx cross-env BABEL_SHOW_CONFIG_FOR=/Users/Ajaya/Documents/TizenGitTVApp/src/pages/content-grid/ContentGrid.jsx <your build command>
See https://babeljs.io/docs/configuration#print-effective-configs for more info.
Though the "loose" option was set to "true" in your @babel/preset-env config, it will not be used for @babel/plugin-transform-private-methods since the "loose" mode option was set to "false" for @babel/plugin-transform-private-property-in-object.
The "loose" option must be the same for @babel/plugin-transform-class-properties, @babel/plugin-transform-private-methods and @babel/plugin-transform-private-property-in-object (when they are enabled): you can silence this warning by explicitly adding
	["@babel/plugin-transform-private-methods", { "loose": false }]
to the "plugins" section of your Babel config.

If you already set the same 'loose' mode for these plugins in your config, it's possible that they are enabled multiple times with different options.
You can re-run Babel with the BABEL_SHOW_CONFIG_FOR environment variable to show the loaded configuration:
	npx cross-env BABEL_SHOW_CONFIG_FOR=/Users/Ajaya/Documents/TizenGitTVApp/src/pages/content-grid/ContentGrid.jsx <your build command>
See https://babeljs.io/docs/configuration#print-effective-configs for more info.
Though the "loose" option was set to "true" in your @babel/preset-env config, it will not be used for @babel/plugin-transform-private-property-in-object since the "loose" mode option was set to "false" for @babel/plugin-transform-class-properties.
The "loose" option must be the same for @babel/plugin-transform-class-properties, @babel/plugin-transform-private-methods and @babel/plugin-transform-private-property-in-object (when they are enabled): you can silence this warning by explicitly adding
	["@babel/plugin-transform-private-property-in-object", { "loose": false }]
to the "plugins" section of your Babel config.

If you already set the same 'loose' mode for these plugins in your config, it's possible that they are enabled multiple times with different options.
You can re-run Babel with the BABEL_SHOW_CONFIG_FOR environment variable to show the loaded configuration:
	npx cross-env BABEL_SHOW_CONFIG_FOR=/Users/Ajaya/Documents/TizenGitTVApp/src/pages/live/Live.jsx <your build command>
See https://babeljs.io/docs/configuration#print-effective-configs for more info.
Though the "loose" option was set to "true" in your @babel/preset-env config, it will not be used for @babel/plugin-transform-private-methods since the "loose" mode option was set to "false" for @babel/plugin-transform-private-property-in-object.
The "loose" option must be the same for @babel/plugin-transform-class-properties, @babel/plugin-transform-private-methods and @babel/plugin-transform-private-property-in-object (when they are enabled): you can silence this warning by explicitly adding
	["@babel/plugin-transform-private-methods", { "loose": false }]
to the "plugins" section of your Babel config.

If you already set the same 'loose' mode for these plugins in your config, it's possible that they are enabled multiple times with different options.
You can re-run Babel with the BABEL_SHOW_CONFIG_FOR environment variable to show the loaded configuration:
	npx cross-env BABEL_SHOW_CONFIG_FOR=/Users/Ajaya/Documents/TizenGitTVApp/src/pages/live/Live.jsx <your build command>
See https://babeljs.io/docs/configuration#print-effective-configs for more info.
Though the "loose" option was set to "true" in your @babel/preset-env config, it will not be used for @babel/plugin-transform-private-property-in-object since the "loose" mode option was set to "false" for @babel/plugin-transform-class-properties.
The "loose" option must be the same for @babel/plugin-transform-class-properties, @babel/plugin-transform-private-methods and @babel/plugin-transform-private-property-in-object (when they are enabled): you can silence this warning by explicitly adding
	["@babel/plugin-transform-private-property-in-object", { "loose": false }]
to the "plugins" section of your Babel config.

If you already set the same 'loose' mode for these plugins in your config, it's possible that they are enabled multiple times with different options.
You can re-run Babel with the BABEL_SHOW_CONFIG_FOR environment variable to show the loaded configuration:
	npx cross-env BABEL_SHOW_CONFIG_FOR=/Users/Ajaya/Documents/TizenGitTVApp/src/pages/login/Login.jsx <your build command>
See https://babeljs.io/docs/configuration#print-effective-configs for more info.
Though the "loose" option was set to "true" in your @babel/preset-env config, it will not be used for @babel/plugin-transform-private-methods since the "loose" mode option was set to "false" for @babel/plugin-transform-private-property-in-object.
The "loose" option must be the same for @babel/plugin-transform-class-properties, @babel/plugin-transform-private-methods and @babel/plugin-transform-private-property-in-object (when they are enabled): you can silence this warning by explicitly adding
	["@babel/plugin-transform-private-methods", { "loose": false }]
to the "plugins" section of your Babel config.

If you already set the same 'loose' mode for these plugins in your config, it's possible that they are enabled multiple times with different options.
You can re-run Babel with the BABEL_SHOW_CONFIG_FOR environment variable to show the loaded configuration:
	npx cross-env BABEL_SHOW_CONFIG_FOR=/Users/Ajaya/Documents/TizenGitTVApp/src/pages/login/Login.jsx <your build command>
See https://babeljs.io/docs/configuration#print-effective-configs for more info.
Though the "loose" option was set to "true" in your @babel/preset-env config, it will not be used for @babel/plugin-transform-private-property-in-object since the "loose" mode option was set to "false" for @babel/plugin-transform-class-properties.
The "loose" option must be the same for @babel/plugin-transform-class-properties, @babel/plugin-transform-private-methods and @babel/plugin-transform-private-property-in-object (when they are enabled): you can silence this warning by explicitly adding
	["@babel/plugin-transform-private-property-in-object", { "loose": false }]
to the "plugins" section of your Babel config.

If you already set the same 'loose' mode for these plugins in your config, it's possible that they are enabled multiple times with different options.
You can re-run Babel with the BABEL_SHOW_CONFIG_FOR environment variable to show the loaded configuration:
	npx cross-env BABEL_SHOW_CONFIG_FOR=/Users/Ajaya/Documents/TizenGitTVApp/src/pages/login/PanmetroLoginScreen.jsx <your build command>
See https://babeljs.io/docs/configuration#print-effective-configs for more info.
Though the "loose" option was set to "true" in your @babel/preset-env config, it will not be used for @babel/plugin-transform-private-methods since the "loose" mode option was set to "false" for @babel/plugin-transform-private-property-in-object.
The "loose" option must be the same for @babel/plugin-transform-class-properties, @babel/plugin-transform-private-methods and @babel/plugin-transform-private-property-in-object (when they are enabled): you can silence this warning by explicitly adding
	["@babel/plugin-transform-private-methods", { "loose": false }]
to the "plugins" section of your Babel config.

If you already set the same 'loose' mode for these plugins in your config, it's possible that they are enabled multiple times with different options.
You can re-run Babel with the BABEL_SHOW_CONFIG_FOR environment variable to show the loaded configuration:
	npx cross-env BABEL_SHOW_CONFIG_FOR=/Users/Ajaya/Documents/TizenGitTVApp/src/pages/login/PanmetroLoginScreen.jsx <your build command>
See https://babeljs.io/docs/configuration#print-effective-configs for more info.
Though the "loose" option was set to "true" in your @babel/preset-env config, it will not be used for @babel/plugin-transform-private-property-in-object since the "loose" mode option was set to "false" for @babel/plugin-transform-class-properties.
The "loose" option must be the same for @babel/plugin-transform-class-properties, @babel/plugin-transform-private-methods and @babel/plugin-transform-private-property-in-object (when they are enabled): you can silence this warning by explicitly adding
	["@babel/plugin-transform-private-property-in-object", { "loose": false }]
to the "plugins" section of your Babel config.

If you already set the same 'loose' mode for these plugins in your config, it's possible that they are enabled multiple times with different options.
You can re-run Babel with the BABEL_SHOW_CONFIG_FOR environment variable to show the loaded configuration:
	npx cross-env BABEL_SHOW_CONFIG_FOR=/Users/Ajaya/Documents/TizenGitTVApp/src/pages/categories/Categories.jsx <your build command>
See https://babeljs.io/docs/configuration#print-effective-configs for more info.
Though the "loose" option was set to "true" in your @babel/preset-env config, it will not be used for @babel/plugin-transform-private-methods since the "loose" mode option was set to "false" for @babel/plugin-transform-private-property-in-object.
The "loose" option must be the same for @babel/plugin-transform-class-properties, @babel/plugin-transform-private-methods and @babel/plugin-transform-private-property-in-object (when they are enabled): you can silence this warning by explicitly adding
	["@babel/plugin-transform-private-methods", { "loose": false }]
to the "plugins" section of your Babel config.

If you already set the same 'loose' mode for these plugins in your config, it's possible that they are enabled multiple times with different options.
You can re-run Babel with the BABEL_SHOW_CONFIG_FOR environment variable to show the loaded configuration:
	npx cross-env BABEL_SHOW_CONFIG_FOR=/Users/Ajaya/Documents/TizenGitTVApp/src/pages/categories/Categories.jsx <your build command>
See https://babeljs.io/docs/configuration#print-effective-configs for more info.
Though the "loose" option was set to "true" in your @babel/preset-env config, it will not be used for @babel/plugin-transform-private-property-in-object since the "loose" mode option was set to "false" for @babel/plugin-transform-class-properties.
The "loose" option must be the same for @babel/plugin-transform-class-properties, @babel/plugin-transform-private-methods and @babel/plugin-transform-private-property-in-object (when they are enabled): you can silence this warning by explicitly adding
	["@babel/plugin-transform-private-property-in-object", { "loose": false }]
to the "plugins" section of your Babel config.

If you already set the same 'loose' mode for these plugins in your config, it's possible that they are enabled multiple times with different options.
You can re-run Babel with the BABEL_SHOW_CONFIG_FOR environment variable to show the loaded configuration:
	npx cross-env BABEL_SHOW_CONFIG_FOR=/Users/Ajaya/Documents/TizenGitTVApp/node_modules/@babel/runtime/helpers/arrayWithHoles.js <your build command>
See https://babeljs.io/docs/configuration#print-effective-configs for more info.
Though the "loose" option was set to "true" in your @babel/preset-env config, it will not be used for @babel/plugin-transform-private-methods since the "loose" mode option was set to "false" for @babel/plugin-transform-private-property-in-object.
The "loose" option must be the same for @babel/plugin-transform-class-properties, @babel/plugin-transform-private-methods and @babel/plugin-transform-private-property-in-object (when they are enabled): you can silence this warning by explicitly adding
	["@babel/plugin-transform-private-methods", { "loose": false }]
to the "plugins" section of your Babel config.

If you already set the same 'loose' mode for these plugins in your config, it's possible that they are enabled multiple times with different options.
You can re-run Babel with the BABEL_SHOW_CONFIG_FOR environment variable to show the loaded configuration:
	npx cross-env BABEL_SHOW_CONFIG_FOR=/Users/Ajaya/Documents/TizenGitTVApp/node_modules/@babel/runtime/helpers/arrayWithHoles.js <your build command>
See https://babeljs.io/docs/configuration#print-effective-configs for more info.
Though the "loose" option was set to "true" in your @babel/preset-env config, it will not be used for @babel/plugin-transform-private-property-in-object since the "loose" mode option was set to "false" for @babel/plugin-transform-class-properties.
The "loose" option must be the same for @babel/plugin-transform-class-properties, @babel/plugin-transform-private-methods and @babel/plugin-transform-private-property-in-object (when they are enabled): you can silence this warning by explicitly adding
	["@babel/plugin-transform-private-property-in-object", { "loose": false }]
to the "plugins" section of your Babel config.

If you already set the same 'loose' mode for these plugins in your config, it's possible that they are enabled multiple times with different options.
You can re-run Babel with the BABEL_SHOW_CONFIG_FOR environment variable to show the loaded configuration:
	npx cross-env BABEL_SHOW_CONFIG_FOR=/Users/Ajaya/Documents/TizenGitTVApp/node_modules/@babel/runtime/helpers/assertThisInitialized.js <your build command>
See https://babeljs.io/docs/configuration#print-effective-configs for more info.
Though the "loose" option was set to "true" in your @babel/preset-env config, it will not be used for @babel/plugin-transform-private-methods since the "loose" mode option was set to "false" for @babel/plugin-transform-private-property-in-object.
The "loose" option must be the same for @babel/plugin-transform-class-properties, @babel/plugin-transform-private-methods and @babel/plugin-transform-private-property-in-object (when they are enabled): you can silence this warning by explicitly adding
	["@babel/plugin-transform-private-methods", { "loose": false }]
to the "plugins" section of your Babel config.

If you already set the same 'loose' mode for these plugins in your config, it's possible that they are enabled multiple times with different options.
You can re-run Babel with the BABEL_SHOW_CONFIG_FOR environment variable to show the loaded configuration:
	npx cross-env BABEL_SHOW_CONFIG_FOR=/Users/Ajaya/Documents/TizenGitTVApp/node_modules/@babel/runtime/helpers/assertThisInitialized.js <your build command>
See https://babeljs.io/docs/configuration#print-effective-configs for more info.
Though the "loose" option was set to "true" in your @babel/preset-env config, it will not be used for @babel/plugin-transform-private-property-in-object since the "loose" mode option was set to "false" for @babel/plugin-transform-class-properties.
The "loose" option must be the same for @babel/plugin-transform-class-properties, @babel/plugin-transform-private-methods and @babel/plugin-transform-private-property-in-object (when they are enabled): you can silence this warning by explicitly adding
	["@babel/plugin-transform-private-property-in-object", { "loose": false }]
to the "plugins" section of your Babel config.

If you already set the same 'loose' mode for these plugins in your config, it's possible that they are enabled multiple times with different options.
You can re-run Babel with the BABEL_SHOW_CONFIG_FOR environment variable to show the loaded configuration:
	npx cross-env BABEL_SHOW_CONFIG_FOR=/Users/Ajaya/Documents/TizenGitTVApp/node_modules/@babel/runtime/helpers/typeof.js <your build command>
See https://babeljs.io/docs/configuration#print-effective-configs for more info.
Though the "loose" option was set to "true" in your @babel/preset-env config, it will not be used for @babel/plugin-transform-private-methods since the "loose" mode option was set to "false" for @babel/plugin-transform-private-property-in-object.
The "loose" option must be the same for @babel/plugin-transform-class-properties, @babel/plugin-transform-private-methods and @babel/plugin-transform-private-property-in-object (when they are enabled): you can silence this warning by explicitly adding
	["@babel/plugin-transform-private-methods", { "loose": false }]
to the "plugins" section of your Babel config.

If you already set the same 'loose' mode for these plugins in your config, it's possible that they are enabled multiple times with different options.
You can re-run Babel with the BABEL_SHOW_CONFIG_FOR environment variable to show the loaded configuration:
	npx cross-env BABEL_SHOW_CONFIG_FOR=/Users/Ajaya/Documents/TizenGitTVApp/node_modules/@babel/runtime/helpers/typeof.js <your build command>
See https://babeljs.io/docs/configuration#print-effective-configs for more info.
Though the "loose" option was set to "true" in your @babel/preset-env config, it will not be used for @babel/plugin-transform-private-property-in-object since the "loose" mode option was set to "false" for @babel/plugin-transform-class-properties.
The "loose" option must be the same for @babel/plugin-transform-class-properties, @babel/plugin-transform-private-methods and @babel/plugin-transform-private-property-in-object (when they are enabled): you can silence this warning by explicitly adding
	["@babel/plugin-transform-private-property-in-object", { "loose": false }]
to the "plugins" section of your Babel config.

If you already set the same 'loose' mode for these plugins in your config, it's possible that they are enabled multiple times with different options.
You can re-run Babel with the BABEL_SHOW_CONFIG_FOR environment variable to show the loaded configuration:
	npx cross-env BABEL_SHOW_CONFIG_FOR=/Users/Ajaya/Documents/TizenGitTVApp/node_modules/@babel/runtime/helpers/iterableToArrayLimit.js <your build command>
See https://babeljs.io/docs/configuration#print-effective-configs for more info.
Though the "loose" option was set to "true" in your @babel/preset-env config, it will not be used for @babel/plugin-transform-private-methods since the "loose" mode option was set to "false" for @babel/plugin-transform-private-property-in-object.
The "loose" option must be the same for @babel/plugin-transform-class-properties, @babel/plugin-transform-private-methods and @babel/plugin-transform-private-property-in-object (when they are enabled): you can silence this warning by explicitly adding
	["@babel/plugin-transform-private-methods", { "loose": false }]
to the "plugins" section of your Babel config.

If you already set the same 'loose' mode for these plugins in your config, it's possible that they are enabled multiple times with different options.
You can re-run Babel with the BABEL_SHOW_CONFIG_FOR environment variable to show the loaded configuration:
	npx cross-env BABEL_SHOW_CONFIG_FOR=/Users/Ajaya/Documents/TizenGitTVApp/node_modules/@babel/runtime/helpers/iterableToArrayLimit.js <your build command>
See https://babeljs.io/docs/configuration#print-effective-configs for more info.
Though the "loose" option was set to "true" in your @babel/preset-env config, it will not be used for @babel/plugin-transform-private-property-in-object since the "loose" mode option was set to "false" for @babel/plugin-transform-class-properties.
The "loose" option must be the same for @babel/plugin-transform-class-properties, @babel/plugin-transform-private-methods and @babel/plugin-transform-private-property-in-object (when they are enabled): you can silence this warning by explicitly adding
	["@babel/plugin-transform-private-property-in-object", { "loose": false }]
to the "plugins" section of your Babel config.

If you already set the same 'loose' mode for these plugins in your config, it's possible that they are enabled multiple times with different options.
You can re-run Babel with the BABEL_SHOW_CONFIG_FOR environment variable to show the loaded configuration:
	npx cross-env BABEL_SHOW_CONFIG_FOR=/Users/Ajaya/Documents/TizenGitTVApp/node_modules/@babel/runtime/helpers/toPropertyKey.js <your build command>
See https://babeljs.io/docs/configuration#print-effective-configs for more info.
Though the "loose" option was set to "true" in your @babel/preset-env config, it will not be used for @babel/plugin-transform-private-methods since the "loose" mode option was set to "false" for @babel/plugin-transform-private-property-in-object.
The "loose" option must be the same for @babel/plugin-transform-class-properties, @babel/plugin-transform-private-methods and @babel/plugin-transform-private-property-in-object (when they are enabled): you can silence this warning by explicitly adding
	["@babel/plugin-transform-private-methods", { "loose": false }]
to the "plugins" section of your Babel config.

If you already set the same 'loose' mode for these plugins in your config, it's possible that they are enabled multiple times with different options.
You can re-run Babel with the BABEL_SHOW_CONFIG_FOR environment variable to show the loaded configuration:
	npx cross-env BABEL_SHOW_CONFIG_FOR=/Users/Ajaya/Documents/TizenGitTVApp/node_modules/@babel/runtime/helpers/toPropertyKey.js <your build command>
See https://babeljs.io/docs/configuration#print-effective-configs for more info.
Though the "loose" option was set to "true" in your @babel/preset-env config, it will not be used for @babel/plugin-transform-private-property-in-object since the "loose" mode option was set to "false" for @babel/plugin-transform-class-properties.
The "loose" option must be the same for @babel/plugin-transform-class-properties, @babel/plugin-transform-private-methods and @babel/plugin-transform-private-property-in-object (when they are enabled): you can silence this warning by explicitly adding
	["@babel/plugin-transform-private-property-in-object", { "loose": false }]
to the "plugins" section of your Babel config.

If you already set the same 'loose' mode for these plugins in your config, it's possible that they are enabled multiple times with different options.
You can re-run Babel with the BABEL_SHOW_CONFIG_FOR environment variable to show the loaded configuration:
	npx cross-env BABEL_SHOW_CONFIG_FOR=/Users/Ajaya/Documents/TizenGitTVApp/node_modules/@babel/runtime/helpers/unsupportedIterableToArray.js <your build command>
See https://babeljs.io/docs/configuration#print-effective-configs for more info.
Though the "loose" option was set to "true" in your @babel/preset-env config, it will not be used for @babel/plugin-transform-private-methods since the "loose" mode option was set to "false" for @babel/plugin-transform-private-property-in-object.
The "loose" option must be the same for @babel/plugin-transform-class-properties, @babel/plugin-transform-private-methods and @babel/plugin-transform-private-property-in-object (when they are enabled): you can silence this warning by explicitly adding
	["@babel/plugin-transform-private-methods", { "loose": false }]
to the "plugins" section of your Babel config.

If you already set the same 'loose' mode for these plugins in your config, it's possible that they are enabled multiple times with different options.
You can re-run Babel with the BABEL_SHOW_CONFIG_FOR environment variable to show the loaded configuration:
	npx cross-env BABEL_SHOW_CONFIG_FOR=/Users/Ajaya/Documents/TizenGitTVApp/node_modules/@babel/runtime/helpers/unsupportedIterableToArray.js <your build command>
See https://babeljs.io/docs/configuration#print-effective-configs for more info.
Though the "loose" option was set to "true" in your @babel/preset-env config, it will not be used for @babel/plugin-transform-private-property-in-object since the "loose" mode option was set to "false" for @babel/plugin-transform-class-properties.
The "loose" option must be the same for @babel/plugin-transform-class-properties, @babel/plugin-transform-private-methods and @babel/plugin-transform-private-property-in-object (when they are enabled): you can silence this warning by explicitly adding
	["@babel/plugin-transform-private-property-in-object", { "loose": false }]
to the "plugins" section of your Babel config.

If you already set the same 'loose' mode for these plugins in your config, it's possible that they are enabled multiple times with different options.
You can re-run Babel with the BABEL_SHOW_CONFIG_FOR environment variable to show the loaded configuration:
	npx cross-env BABEL_SHOW_CONFIG_FOR=/Users/Ajaya/Documents/TizenGitTVApp/node_modules/@babel/runtime/helpers/setPrototypeOf.js <your build command>
See https://babeljs.io/docs/configuration#print-effective-configs for more info.
Though the "loose" option was set to "true" in your @babel/preset-env config, it will not be used for @babel/plugin-transform-private-methods since the "loose" mode option was set to "false" for @babel/plugin-transform-private-property-in-object.
The "loose" option must be the same for @babel/plugin-transform-class-properties, @babel/plugin-transform-private-methods and @babel/plugin-transform-private-property-in-object (when they are enabled): you can silence this warning by explicitly adding
	["@babel/plugin-transform-private-methods", { "loose": false }]
to the "plugins" section of your Babel config.

If you already set the same 'loose' mode for these plugins in your config, it's possible that they are enabled multiple times with different options.
You can re-run Babel with the BABEL_SHOW_CONFIG_FOR environment variable to show the loaded configuration:
	npx cross-env BABEL_SHOW_CONFIG_FOR=/Users/Ajaya/Documents/TizenGitTVApp/node_modules/@babel/runtime/helpers/setPrototypeOf.js <your build command>
See https://babeljs.io/docs/configuration#print-effective-configs for more info.
Though the "loose" option was set to "true" in your @babel/preset-env config, it will not be used for @babel/plugin-transform-private-property-in-object since the "loose" mode option was set to "false" for @babel/plugin-transform-class-properties.
The "loose" option must be the same for @babel/plugin-transform-class-properties, @babel/plugin-transform-private-methods and @babel/plugin-transform-private-property-in-object (when they are enabled): you can silence this warning by explicitly adding
	["@babel/plugin-transform-private-property-in-object", { "loose": false }]
to the "plugins" section of your Babel config.

If you already set the same 'loose' mode for these plugins in your config, it's possible that they are enabled multiple times with different options.
You can re-run Babel with the BABEL_SHOW_CONFIG_FOR environment variable to show the loaded configuration:
	npx cross-env BABEL_SHOW_CONFIG_FOR=/Users/Ajaya/Documents/TizenGitTVApp/node_modules/@babel/runtime/helpers/nonIterableRest.js <your build command>
See https://babeljs.io/docs/configuration#print-effective-configs for more info.
Though the "loose" option was set to "true" in your @babel/preset-env config, it will not be used for @babel/plugin-transform-private-methods since the "loose" mode option was set to "false" for @babel/plugin-transform-private-property-in-object.
The "loose" option must be the same for @babel/plugin-transform-class-properties, @babel/plugin-transform-private-methods and @babel/plugin-transform-private-property-in-object (when they are enabled): you can silence this warning by explicitly adding
	["@babel/plugin-transform-private-methods", { "loose": false }]
to the "plugins" section of your Babel config.

If you already set the same 'loose' mode for these plugins in your config, it's possible that they are enabled multiple times with different options.
You can re-run Babel with the BABEL_SHOW_CONFIG_FOR environment variable to show the loaded configuration:
	npx cross-env BABEL_SHOW_CONFIG_FOR=/Users/Ajaya/Documents/TizenGitTVApp/node_modules/@babel/runtime/helpers/nonIterableRest.js <your build command>
See https://babeljs.io/docs/configuration#print-effective-configs for more info.
Though the "loose" option was set to "true" in your @babel/preset-env config, it will not be used for @babel/plugin-transform-private-property-in-object since the "loose" mode option was set to "false" for @babel/plugin-transform-class-properties.
The "loose" option must be the same for @babel/plugin-transform-class-properties, @babel/plugin-transform-private-methods and @babel/plugin-transform-private-property-in-object (when they are enabled): you can silence this warning by explicitly adding
	["@babel/plugin-transform-private-property-in-object", { "loose": false }]
to the "plugins" section of your Babel config.

If you already set the same 'loose' mode for these plugins in your config, it's possible that they are enabled multiple times with different options.
You can re-run Babel with the BABEL_SHOW_CONFIG_FOR environment variable to show the loaded configuration:
	npx cross-env BABEL_SHOW_CONFIG_FOR=/Users/Ajaya/Documents/TizenGitTVApp/src/services/api.js <your build command>
See https://babeljs.io/docs/configuration#print-effective-configs for more info.
Though the "loose" option was set to "true" in your @babel/preset-env config, it will not be used for @babel/plugin-transform-private-methods since the "loose" mode option was set to "false" for @babel/plugin-transform-private-property-in-object.
The "loose" option must be the same for @babel/plugin-transform-class-properties, @babel/plugin-transform-private-methods and @babel/plugin-transform-private-property-in-object (when they are enabled): you can silence this warning by explicitly adding
	["@babel/plugin-transform-private-methods", { "loose": false }]
to the "plugins" section of your Babel config.

If you already set the same 'loose' mode for these plugins in your config, it's possible that they are enabled multiple times with different options.
You can re-run Babel with the BABEL_SHOW_CONFIG_FOR environment variable to show the loaded configuration:
	npx cross-env BABEL_SHOW_CONFIG_FOR=/Users/Ajaya/Documents/TizenGitTVApp/src/services/api.js <your build command>
See https://babeljs.io/docs/configuration#print-effective-configs for more info.
Though the "loose" option was set to "true" in your @babel/preset-env config, it will not be used for @babel/plugin-transform-private-property-in-object since the "loose" mode option was set to "false" for @babel/plugin-transform-class-properties.
The "loose" option must be the same for @babel/plugin-transform-class-properties, @babel/plugin-transform-private-methods and @babel/plugin-transform-private-property-in-object (when they are enabled): you can silence this warning by explicitly adding
	["@babel/plugin-transform-private-property-in-object", { "loose": false }]
to the "plugins" section of your Babel config.

If you already set the same 'loose' mode for these plugins in your config, it's possible that they are enabled multiple times with different options.
You can re-run Babel with the BABEL_SHOW_CONFIG_FOR environment variable to show the loaded configuration:
	npx cross-env BABEL_SHOW_CONFIG_FOR=/Users/Ajaya/Documents/TizenGitTVApp/node_modules/@babel/runtime/helpers/defineProperty.js <your build command>
See https://babeljs.io/docs/configuration#print-effective-configs for more info.
Though the "loose" option was set to "true" in your @babel/preset-env config, it will not be used for @babel/plugin-transform-private-methods since the "loose" mode option was set to "false" for @babel/plugin-transform-private-property-in-object.
The "loose" option must be the same for @babel/plugin-transform-class-properties, @babel/plugin-transform-private-methods and @babel/plugin-transform-private-property-in-object (when they are enabled): you can silence this warning by explicitly adding
	["@babel/plugin-transform-private-methods", { "loose": false }]
to the "plugins" section of your Babel config.

If you already set the same 'loose' mode for these plugins in your config, it's possible that they are enabled multiple times with different options.
You can re-run Babel with the BABEL_SHOW_CONFIG_FOR environment variable to show the loaded configuration:
	npx cross-env BABEL_SHOW_CONFIG_FOR=/Users/Ajaya/Documents/TizenGitTVApp/node_modules/@babel/runtime/helpers/defineProperty.js <your build command>
See https://babeljs.io/docs/configuration#print-effective-configs for more info.
Though the "loose" option was set to "true" in your @babel/preset-env config, it will not be used for @babel/plugin-transform-private-property-in-object since the "loose" mode option was set to "false" for @babel/plugin-transform-class-properties.
The "loose" option must be the same for @babel/plugin-transform-class-properties, @babel/plugin-transform-private-methods and @babel/plugin-transform-private-property-in-object (when they are enabled): you can silence this warning by explicitly adding
	["@babel/plugin-transform-private-property-in-object", { "loose": false }]
to the "plugins" section of your Babel config.

If you already set the same 'loose' mode for these plugins in your config, it's possible that they are enabled multiple times with different options.
You can re-run Babel with the BABEL_SHOW_CONFIG_FOR environment variable to show the loaded configuration:
	npx cross-env BABEL_SHOW_CONFIG_FOR=/Users/Ajaya/Documents/TizenGitTVApp/node_modules/@babel/runtime/helpers/toConsumableArray.js <your build command>
See https://babeljs.io/docs/configuration#print-effective-configs for more info.
Though the "loose" option was set to "true" in your @babel/preset-env config, it will not be used for @babel/plugin-transform-private-methods since the "loose" mode option was set to "false" for @babel/plugin-transform-private-property-in-object.
The "loose" option must be the same for @babel/plugin-transform-class-properties, @babel/plugin-transform-private-methods and @babel/plugin-transform-private-property-in-object (when they are enabled): you can silence this warning by explicitly adding
	["@babel/plugin-transform-private-methods", { "loose": false }]
to the "plugins" section of your Babel config.

If you already set the same 'loose' mode for these plugins in your config, it's possible that they are enabled multiple times with different options.
You can re-run Babel with the BABEL_SHOW_CONFIG_FOR environment variable to show the loaded configuration:
	npx cross-env BABEL_SHOW_CONFIG_FOR=/Users/Ajaya/Documents/TizenGitTVApp/node_modules/@babel/runtime/helpers/toConsumableArray.js <your build command>
See https://babeljs.io/docs/configuration#print-effective-configs for more info.
Though the "loose" option was set to "true" in your @babel/preset-env config, it will not be used for @babel/plugin-transform-private-property-in-object since the "loose" mode option was set to "false" for @babel/plugin-transform-class-properties.
The "loose" option must be the same for @babel/plugin-transform-class-properties, @babel/plugin-transform-private-methods and @babel/plugin-transform-private-property-in-object (when they are enabled): you can silence this warning by explicitly adding
	["@babel/plugin-transform-private-property-in-object", { "loose": false }]
to the "plugins" section of your Babel config.

If you already set the same 'loose' mode for these plugins in your config, it's possible that they are enabled multiple times with different options.
You can re-run Babel with the BABEL_SHOW_CONFIG_FOR environment variable to show the loaded configuration:
	npx cross-env BABEL_SHOW_CONFIG_FOR=/Users/Ajaya/Documents/TizenGitTVApp/src/utils/fingerprint.js <your build command>
See https://babeljs.io/docs/configuration#print-effective-configs for more info.
Though the "loose" option was set to "true" in your @babel/preset-env config, it will not be used for @babel/plugin-transform-private-methods since the "loose" mode option was set to "false" for @babel/plugin-transform-private-property-in-object.
The "loose" option must be the same for @babel/plugin-transform-class-properties, @babel/plugin-transform-private-methods and @babel/plugin-transform-private-property-in-object (when they are enabled): you can silence this warning by explicitly adding
	["@babel/plugin-transform-private-methods", { "loose": false }]
to the "plugins" section of your Babel config.

If you already set the same 'loose' mode for these plugins in your config, it's possible that they are enabled multiple times with different options.
You can re-run Babel with the BABEL_SHOW_CONFIG_FOR environment variable to show the loaded configuration:
	npx cross-env BABEL_SHOW_CONFIG_FOR=/Users/Ajaya/Documents/TizenGitTVApp/src/utils/fingerprint.js <your build command>
See https://babeljs.io/docs/configuration#print-effective-configs for more info.
Though the "loose" option was set to "true" in your @babel/preset-env config, it will not be used for @babel/plugin-transform-private-property-in-object since the "loose" mode option was set to "false" for @babel/plugin-transform-class-properties.
The "loose" option must be the same for @babel/plugin-transform-class-properties, @babel/plugin-transform-private-methods and @babel/plugin-transform-private-property-in-object (when they are enabled): you can silence this warning by explicitly adding
	["@babel/plugin-transform-private-property-in-object", { "loose": false }]
to the "plugins" section of your Babel config.

If you already set the same 'loose' mode for these plugins in your config, it's possible that they are enabled multiple times with different options.
You can re-run Babel with the BABEL_SHOW_CONFIG_FOR environment variable to show the loaded configuration:
	npx cross-env BABEL_SHOW_CONFIG_FOR=/Users/Ajaya/Documents/TizenGitTVApp/src/config/constants.js <your build command>
See https://babeljs.io/docs/configuration#print-effective-configs for more info.
Though the "loose" option was set to "true" in your @babel/preset-env config, it will not be used for @babel/plugin-transform-private-methods since the "loose" mode option was set to "false" for @babel/plugin-transform-private-property-in-object.
The "loose" option must be the same for @babel/plugin-transform-class-properties, @babel/plugin-transform-private-methods and @babel/plugin-transform-private-property-in-object (when they are enabled): you can silence this warning by explicitly adding
	["@babel/plugin-transform-private-methods", { "loose": false }]
to the "plugins" section of your Babel config.

If you already set the same 'loose' mode for these plugins in your config, it's possible that they are enabled multiple times with different options.
You can re-run Babel with the BABEL_SHOW_CONFIG_FOR environment variable to show the loaded configuration:
	npx cross-env BABEL_SHOW_CONFIG_FOR=/Users/Ajaya/Documents/TizenGitTVApp/src/config/constants.js <your build command>
See https://babeljs.io/docs/configuration#print-effective-configs for more info.
Though the "loose" option was set to "true" in your @babel/preset-env config, it will not be used for @babel/plugin-transform-private-property-in-object since the "loose" mode option was set to "false" for @babel/plugin-transform-class-properties.
The "loose" option must be the same for @babel/plugin-transform-class-properties, @babel/plugin-transform-private-methods and @babel/plugin-transform-private-property-in-object (when they are enabled): you can silence this warning by explicitly adding
	["@babel/plugin-transform-private-property-in-object", { "loose": false }]
to the "plugins" section of your Babel config.

If you already set the same 'loose' mode for these plugins in your config, it's possible that they are enabled multiple times with different options.
You can re-run Babel with the BABEL_SHOW_CONFIG_FOR environment variable to show the loaded configuration:
	npx cross-env BABEL_SHOW_CONFIG_FOR=/Users/Ajaya/Documents/TizenGitTVApp/src/utils/logout.js <your build command>
See https://babeljs.io/docs/configuration#print-effective-configs for more info.
Though the "loose" option was set to "true" in your @babel/preset-env config, it will not be used for @babel/plugin-transform-private-methods since the "loose" mode option was set to "false" for @babel/plugin-transform-private-property-in-object.
The "loose" option must be the same for @babel/plugin-transform-class-properties, @babel/plugin-transform-private-methods and @babel/plugin-transform-private-property-in-object (when they are enabled): you can silence this warning by explicitly adding
	["@babel/plugin-transform-private-methods", { "loose": false }]
to the "plugins" section of your Babel config.

If you already set the same 'loose' mode for these plugins in your config, it's possible that they are enabled multiple times with different options.
You can re-run Babel with the BABEL_SHOW_CONFIG_FOR environment variable to show the loaded configuration:
	npx cross-env BABEL_SHOW_CONFIG_FOR=/Users/Ajaya/Documents/TizenGitTVApp/src/utils/logout.js <your build command>
See https://babeljs.io/docs/configuration#print-effective-configs for more info.
Though the "loose" option was set to "true" in your @babel/preset-env config, it will not be used for @babel/plugin-transform-private-property-in-object since the "loose" mode option was set to "false" for @babel/plugin-transform-class-properties.
The "loose" option must be the same for @babel/plugin-transform-class-properties, @babel/plugin-transform-private-methods and @babel/plugin-transform-private-property-in-object (when they are enabled): you can silence this warning by explicitly adding
	["@babel/plugin-transform-private-property-in-object", { "loose": false }]
to the "plugins" section of your Babel config.

If you already set the same 'loose' mode for these plugins in your config, it's possible that they are enabled multiple times with different options.
You can re-run Babel with the BABEL_SHOW_CONFIG_FOR environment variable to show the loaded configuration:
	npx cross-env BABEL_SHOW_CONFIG_FOR=/Users/Ajaya/Documents/TizenGitTVApp/node_modules/@tanstack/react-query/build/legacy/index.cjs <your build command>
See https://babeljs.io/docs/configuration#print-effective-configs for more info.
Though the "loose" option was set to "true" in your @babel/preset-env config, it will not be used for @babel/plugin-transform-private-methods since the "loose" mode option was set to "false" for @babel/plugin-transform-private-property-in-object.
The "loose" option must be the same for @babel/plugin-transform-class-properties, @babel/plugin-transform-private-methods and @babel/plugin-transform-private-property-in-object (when they are enabled): you can silence this warning by explicitly adding
	["@babel/plugin-transform-private-methods", { "loose": false }]
to the "plugins" section of your Babel config.

If you already set the same 'loose' mode for these plugins in your config, it's possible that they are enabled multiple times with different options.
You can re-run Babel with the BABEL_SHOW_CONFIG_FOR environment variable to show the loaded configuration:
	npx cross-env BABEL_SHOW_CONFIG_FOR=/Users/Ajaya/Documents/TizenGitTVApp/node_modules/@tanstack/react-query/build/legacy/index.cjs <your build command>
See https://babeljs.io/docs/configuration#print-effective-configs for more info.
Though the "loose" option was set to "true" in your @babel/preset-env config, it will not be used for @babel/plugin-transform-private-property-in-object since the "loose" mode option was set to "false" for @babel/plugin-transform-class-properties.
The "loose" option must be the same for @babel/plugin-transform-class-properties, @babel/plugin-transform-private-methods and @babel/plugin-transform-private-property-in-object (when they are enabled): you can silence this warning by explicitly adding
	["@babel/plugin-transform-private-property-in-object", { "loose": false }]
to the "plugins" section of your Babel config.

If you already set the same 'loose' mode for these plugins in your config, it's possible that they are enabled multiple times with different options.
You can re-run Babel with the BABEL_SHOW_CONFIG_FOR environment variable to show the loaded configuration:
	npx cross-env BABEL_SHOW_CONFIG_FOR=/Users/Ajaya/Documents/TizenGitTVApp/node_modules/@babel/runtime/regenerator/index.js <your build command>
See https://babeljs.io/docs/configuration#print-effective-configs for more info.
Though the "loose" option was set to "true" in your @babel/preset-env config, it will not be used for @babel/plugin-transform-private-methods since the "loose" mode option was set to "false" for @babel/plugin-transform-private-property-in-object.
The "loose" option must be the same for @babel/plugin-transform-class-properties, @babel/plugin-transform-private-methods and @babel/plugin-transform-private-property-in-object (when they are enabled): you can silence this warning by explicitly adding
	["@babel/plugin-transform-private-methods", { "loose": false }]
to the "plugins" section of your Babel config.

If you already set the same 'loose' mode for these plugins in your config, it's possible that they are enabled multiple times with different options.
You can re-run Babel with the BABEL_SHOW_CONFIG_FOR environment variable to show the loaded configuration:
	npx cross-env BABEL_SHOW_CONFIG_FOR=/Users/Ajaya/Documents/TizenGitTVApp/node_modules/@babel/runtime/regenerator/index.js <your build command>
See https://babeljs.io/docs/configuration#print-effective-configs for more info.
Though the "loose" option was set to "true" in your @babel/preset-env config, it will not be used for @babel/plugin-transform-private-property-in-object since the "loose" mode option was set to "false" for @babel/plugin-transform-class-properties.
The "loose" option must be the same for @babel/plugin-transform-class-properties, @babel/plugin-transform-private-methods and @babel/plugin-transform-private-property-in-object (when they are enabled): you can silence this warning by explicitly adding
	["@babel/plugin-transform-private-property-in-object", { "loose": false }]
to the "plugins" section of your Babel config.

If you already set the same 'loose' mode for these plugins in your config, it's possible that they are enabled multiple times with different options.
You can re-run Babel with the BABEL_SHOW_CONFIG_FOR environment variable to show the loaded configuration:
	npx cross-env BABEL_SHOW_CONFIG_FOR=/Users/Ajaya/Documents/TizenGitTVApp/src/components/SearchChannelCard.jsx <your build command>
See https://babeljs.io/docs/configuration#print-effective-configs for more info.
Though the "loose" option was set to "true" in your @babel/preset-env config, it will not be used for @babel/plugin-transform-private-methods since the "loose" mode option was set to "false" for @babel/plugin-transform-private-property-in-object.
The "loose" option must be the same for @babel/plugin-transform-class-properties, @babel/plugin-transform-private-methods and @babel/plugin-transform-private-property-in-object (when they are enabled): you can silence this warning by explicitly adding
	["@babel/plugin-transform-private-methods", { "loose": false }]
to the "plugins" section of your Babel config.

If you already set the same 'loose' mode for these plugins in your config, it's possible that they are enabled multiple times with different options.
You can re-run Babel with the BABEL_SHOW_CONFIG_FOR environment variable to show the loaded configuration:
	npx cross-env BABEL_SHOW_CONFIG_FOR=/Users/Ajaya/Documents/TizenGitTVApp/src/components/SearchChannelCard.jsx <your build command>
See https://babeljs.io/docs/configuration#print-effective-configs for more info.
Though the "loose" option was set to "true" in your @babel/preset-env config, it will not be used for @babel/plugin-transform-private-property-in-object since the "loose" mode option was set to "false" for @babel/plugin-transform-class-properties.
The "loose" option must be the same for @babel/plugin-transform-class-properties, @babel/plugin-transform-private-methods and @babel/plugin-transform-private-property-in-object (when they are enabled): you can silence this warning by explicitly adding
	["@babel/plugin-transform-private-property-in-object", { "loose": false }]
to the "plugins" section of your Babel config.

If you already set the same 'loose' mode for these plugins in your config, it's possible that they are enabled multiple times with different options.
You can re-run Babel with the BABEL_SHOW_CONFIG_FOR environment variable to show the loaded configuration:
	npx cross-env BABEL_SHOW_CONFIG_FOR=/Users/Ajaya/Documents/TizenGitTVApp/src/components/CommonDialog.jsx <your build command>
See https://babeljs.io/docs/configuration#print-effective-configs for more info.
Though the "loose" option was set to "true" in your @babel/preset-env config, it will not be used for @babel/plugin-transform-private-methods since the "loose" mode option was set to "false" for @babel/plugin-transform-private-property-in-object.
The "loose" option must be the same for @babel/plugin-transform-class-properties, @babel/plugin-transform-private-methods and @babel/plugin-transform-private-property-in-object (when they are enabled): you can silence this warning by explicitly adding
	["@babel/plugin-transform-private-methods", { "loose": false }]
to the "plugins" section of your Babel config.

If you already set the same 'loose' mode for these plugins in your config, it's possible that they are enabled multiple times with different options.
You can re-run Babel with the BABEL_SHOW_CONFIG_FOR environment variable to show the loaded configuration:
	npx cross-env BABEL_SHOW_CONFIG_FOR=/Users/Ajaya/Documents/TizenGitTVApp/src/components/CommonDialog.jsx <your build command>
See https://babeljs.io/docs/configuration#print-effective-configs for more info.
Though the "loose" option was set to "true" in your @babel/preset-env config, it will not be used for @babel/plugin-transform-private-property-in-object since the "loose" mode option was set to "false" for @babel/plugin-transform-class-properties.
The "loose" option must be the same for @babel/plugin-transform-class-properties, @babel/plugin-transform-private-methods and @babel/plugin-transform-private-property-in-object (when they are enabled): you can silence this warning by explicitly adding
	["@babel/plugin-transform-private-property-in-object", { "loose": false }]
to the "plugins" section of your Babel config.

If you already set the same 'loose' mode for these plugins in your config, it's possible that they are enabled multiple times with different options.
You can re-run Babel with the BABEL_SHOW_CONFIG_FOR environment variable to show the loaded configuration:
	npx cross-env BABEL_SHOW_CONFIG_FOR=/Users/Ajaya/Documents/TizenGitTVApp/node_modules/@babel/runtime/helpers/arrayLikeToArray.js <your build command>
See https://babeljs.io/docs/configuration#print-effective-configs for more info.
Though the "loose" option was set to "true" in your @babel/preset-env config, it will not be used for @babel/plugin-transform-private-methods since the "loose" mode option was set to "false" for @babel/plugin-transform-private-property-in-object.
The "loose" option must be the same for @babel/plugin-transform-class-properties, @babel/plugin-transform-private-methods and @babel/plugin-transform-private-property-in-object (when they are enabled): you can silence this warning by explicitly adding
	["@babel/plugin-transform-private-methods", { "loose": false }]
to the "plugins" section of your Babel config.

If you already set the same 'loose' mode for these plugins in your config, it's possible that they are enabled multiple times with different options.
You can re-run Babel with the BABEL_SHOW_CONFIG_FOR environment variable to show the loaded configuration:
	npx cross-env BABEL_SHOW_CONFIG_FOR=/Users/Ajaya/Documents/TizenGitTVApp/node_modules/@babel/runtime/helpers/arrayLikeToArray.js <your build command>
See https://babeljs.io/docs/configuration#print-effective-configs for more info.
Though the "loose" option was set to "true" in your @babel/preset-env config, it will not be used for @babel/plugin-transform-private-property-in-object since the "loose" mode option was set to "false" for @babel/plugin-transform-class-properties.
The "loose" option must be the same for @babel/plugin-transform-class-properties, @babel/plugin-transform-private-methods and @babel/plugin-transform-private-property-in-object (when they are enabled): you can silence this warning by explicitly adding
	["@babel/plugin-transform-private-property-in-object", { "loose": false }]
to the "plugins" section of your Babel config.

If you already set the same 'loose' mode for these plugins in your config, it's possible that they are enabled multiple times with different options.
You can re-run Babel with the BABEL_SHOW_CONFIG_FOR environment variable to show the loaded configuration:
	npx cross-env BABEL_SHOW_CONFIG_FOR=/Users/Ajaya/Documents/TizenGitTVApp/node_modules/@babel/runtime/helpers/toPrimitive.js <your build command>
See https://babeljs.io/docs/configuration#print-effective-configs for more info.
Though the "loose" option was set to "true" in your @babel/preset-env config, it will not be used for @babel/plugin-transform-private-methods since the "loose" mode option was set to "false" for @babel/plugin-transform-private-property-in-object.
The "loose" option must be the same for @babel/plugin-transform-class-properties, @babel/plugin-transform-private-methods and @babel/plugin-transform-private-property-in-object (when they are enabled): you can silence this warning by explicitly adding
	["@babel/plugin-transform-private-methods", { "loose": false }]
to the "plugins" section of your Babel config.

If you already set the same 'loose' mode for these plugins in your config, it's possible that they are enabled multiple times with different options.
You can re-run Babel with the BABEL_SHOW_CONFIG_FOR environment variable to show the loaded configuration:
	npx cross-env BABEL_SHOW_CONFIG_FOR=/Users/Ajaya/Documents/TizenGitTVApp/node_modules/@babel/runtime/helpers/toPrimitive.js <your build command>
See https://babeljs.io/docs/configuration#print-effective-configs for more info.
Though the "loose" option was set to "true" in your @babel/preset-env config, it will not be used for @babel/plugin-transform-private-property-in-object since the "loose" mode option was set to "false" for @babel/plugin-transform-class-properties.
The "loose" option must be the same for @babel/plugin-transform-class-properties, @babel/plugin-transform-private-methods and @babel/plugin-transform-private-property-in-object (when they are enabled): you can silence this warning by explicitly adding
	["@babel/plugin-transform-private-property-in-object", { "loose": false }]
to the "plugins" section of your Babel config.

If you already set the same 'loose' mode for these plugins in your config, it's possible that they are enabled multiple times with different options.
You can re-run Babel with the BABEL_SHOW_CONFIG_FOR environment variable to show the loaded configuration:
	npx cross-env BABEL_SHOW_CONFIG_FOR=/Users/Ajaya/Documents/TizenGitTVApp/src/pages/login/OTPValidation.jsx <your build command>
See https://babeljs.io/docs/configuration#print-effective-configs for more info.
Though the "loose" option was set to "true" in your @babel/preset-env config, it will not be used for @babel/plugin-transform-private-methods since the "loose" mode option was set to "false" for @babel/plugin-transform-private-property-in-object.
The "loose" option must be the same for @babel/plugin-transform-class-properties, @babel/plugin-transform-private-methods and @babel/plugin-transform-private-property-in-object (when they are enabled): you can silence this warning by explicitly adding
	["@babel/plugin-transform-private-methods", { "loose": false }]
to the "plugins" section of your Babel config.

If you already set the same 'loose' mode for these plugins in your config, it's possible that they are enabled multiple times with different options.
You can re-run Babel with the BABEL_SHOW_CONFIG_FOR environment variable to show the loaded configuration:
	npx cross-env BABEL_SHOW_CONFIG_FOR=/Users/Ajaya/Documents/TizenGitTVApp/src/pages/login/OTPValidation.jsx <your build command>
See https://babeljs.io/docs/configuration#print-effective-configs for more info.
Though the "loose" option was set to "true" in your @babel/preset-env config, it will not be used for @babel/plugin-transform-private-property-in-object since the "loose" mode option was set to "false" for @babel/plugin-transform-class-properties.
The "loose" option must be the same for @babel/plugin-transform-class-properties, @babel/plugin-transform-private-methods and @babel/plugin-transform-private-property-in-object (when they are enabled): you can silence this warning by explicitly adding
	["@babel/plugin-transform-private-property-in-object", { "loose": false }]
to the "plugins" section of your Babel config.

If you already set the same 'loose' mode for these plugins in your config, it's possible that they are enabled multiple times with different options.
You can re-run Babel with the BABEL_SHOW_CONFIG_FOR environment variable to show the loaded configuration:
	npx cross-env BABEL_SHOW_CONFIG_FOR=/Users/Ajaya/Documents/TizenGitTVApp/src/components/Toast.jsx <your build command>
See https://babeljs.io/docs/configuration#print-effective-configs for more info.
Though the "loose" option was set to "true" in your @babel/preset-env config, it will not be used for @babel/plugin-transform-private-methods since the "loose" mode option was set to "false" for @babel/plugin-transform-private-property-in-object.
The "loose" option must be the same for @babel/plugin-transform-class-properties, @babel/plugin-transform-private-methods and @babel/plugin-transform-private-property-in-object (when they are enabled): you can silence this warning by explicitly adding
	["@babel/plugin-transform-private-methods", { "loose": false }]
to the "plugins" section of your Babel config.

If you already set the same 'loose' mode for these plugins in your config, it's possible that they are enabled multiple times with different options.
You can re-run Babel with the BABEL_SHOW_CONFIG_FOR environment variable to show the loaded configuration:
	npx cross-env BABEL_SHOW_CONFIG_FOR=/Users/Ajaya/Documents/TizenGitTVApp/src/components/Toast.jsx <your build command>
See https://babeljs.io/docs/configuration#print-effective-configs for more info.
Though the "loose" option was set to "true" in your @babel/preset-env config, it will not be used for @babel/plugin-transform-private-property-in-object since the "loose" mode option was set to "false" for @babel/plugin-transform-class-properties.
The "loose" option must be the same for @babel/plugin-transform-class-properties, @babel/plugin-transform-private-methods and @babel/plugin-transform-private-property-in-object (when they are enabled): you can silence this warning by explicitly adding
	["@babel/plugin-transform-private-property-in-object", { "loose": false }]
to the "plugins" section of your Babel config.

If you already set the same 'loose' mode for these plugins in your config, it's possible that they are enabled multiple times with different options.
You can re-run Babel with the BABEL_SHOW_CONFIG_FOR environment variable to show the loaded configuration:
	npx cross-env BABEL_SHOW_CONFIG_FOR=/Users/Ajaya/Documents/TizenGitTVApp/node_modules/@babel/runtime/helpers/arrayWithoutHoles.js <your build command>
See https://babeljs.io/docs/configuration#print-effective-configs for more info.
Though the "loose" option was set to "true" in your @babel/preset-env config, it will not be used for @babel/plugin-transform-private-methods since the "loose" mode option was set to "false" for @babel/plugin-transform-private-property-in-object.
The "loose" option must be the same for @babel/plugin-transform-class-properties, @babel/plugin-transform-private-methods and @babel/plugin-transform-private-property-in-object (when they are enabled): you can silence this warning by explicitly adding
	["@babel/plugin-transform-private-methods", { "loose": false }]
to the "plugins" section of your Babel config.

If you already set the same 'loose' mode for these plugins in your config, it's possible that they are enabled multiple times with different options.
You can re-run Babel with the BABEL_SHOW_CONFIG_FOR environment variable to show the loaded configuration:
	npx cross-env BABEL_SHOW_CONFIG_FOR=/Users/Ajaya/Documents/TizenGitTVApp/node_modules/@babel/runtime/helpers/arrayWithoutHoles.js <your build command>
See https://babeljs.io/docs/configuration#print-effective-configs for more info.
Though the "loose" option was set to "true" in your @babel/preset-env config, it will not be used for @babel/plugin-transform-private-property-in-object since the "loose" mode option was set to "false" for @babel/plugin-transform-class-properties.
The "loose" option must be the same for @babel/plugin-transform-class-properties, @babel/plugin-transform-private-methods and @babel/plugin-transform-private-property-in-object (when they are enabled): you can silence this warning by explicitly adding
	["@babel/plugin-transform-private-property-in-object", { "loose": false }]
to the "plugins" section of your Babel config.

If you already set the same 'loose' mode for these plugins in your config, it's possible that they are enabled multiple times with different options.
You can re-run Babel with the BABEL_SHOW_CONFIG_FOR environment variable to show the loaded configuration:
	npx cross-env BABEL_SHOW_CONFIG_FOR=/Users/Ajaya/Documents/TizenGitTVApp/src/services/api/ApiService.js <your build command>
See https://babeljs.io/docs/configuration#print-effective-configs for more info.
Though the "loose" option was set to "true" in your @babel/preset-env config, it will not be used for @babel/plugin-transform-private-methods since the "loose" mode option was set to "false" for @babel/plugin-transform-private-property-in-object.
The "loose" option must be the same for @babel/plugin-transform-class-properties, @babel/plugin-transform-private-methods and @babel/plugin-transform-private-property-in-object (when they are enabled): you can silence this warning by explicitly adding
	["@babel/plugin-transform-private-methods", { "loose": false }]
to the "plugins" section of your Babel config.

If you already set the same 'loose' mode for these plugins in your config, it's possible that they are enabled multiple times with different options.
You can re-run Babel with the BABEL_SHOW_CONFIG_FOR environment variable to show the loaded configuration:
	npx cross-env BABEL_SHOW_CONFIG_FOR=/Users/Ajaya/Documents/TizenGitTVApp/src/services/api/ApiService.js <your build command>
See https://babeljs.io/docs/configuration#print-effective-configs for more info.
Though the "loose" option was set to "true" in your @babel/preset-env config, it will not be used for @babel/plugin-transform-private-property-in-object since the "loose" mode option was set to "false" for @babel/plugin-transform-class-properties.
The "loose" option must be the same for @babel/plugin-transform-class-properties, @babel/plugin-transform-private-methods and @babel/plugin-transform-private-property-in-object (when they are enabled): you can silence this warning by explicitly adding
	["@babel/plugin-transform-private-property-in-object", { "loose": false }]
to the "plugins" section of your Babel config.

If you already set the same 'loose' mode for these plugins in your config, it's possible that they are enabled multiple times with different options.
You can re-run Babel with the BABEL_SHOW_CONFIG_FOR environment variable to show the loaded configuration:
	npx cross-env BABEL_SHOW_CONFIG_FOR=/Users/Ajaya/Documents/TizenGitTVApp/node_modules/react-router-dom/dist/main.js <your build command>
See https://babeljs.io/docs/configuration#print-effective-configs for more info.
Though the "loose" option was set to "true" in your @babel/preset-env config, it will not be used for @babel/plugin-transform-private-methods since the "loose" mode option was set to "false" for @babel/plugin-transform-private-property-in-object.
The "loose" option must be the same for @babel/plugin-transform-class-properties, @babel/plugin-transform-private-methods and @babel/plugin-transform-private-property-in-object (when they are enabled): you can silence this warning by explicitly adding
	["@babel/plugin-transform-private-methods", { "loose": false }]
to the "plugins" section of your Babel config.

If you already set the same 'loose' mode for these plugins in your config, it's possible that they are enabled multiple times with different options.
You can re-run Babel with the BABEL_SHOW_CONFIG_FOR environment variable to show the loaded configuration:
	npx cross-env BABEL_SHOW_CONFIG_FOR=/Users/Ajaya/Documents/TizenGitTVApp/node_modules/react-router-dom/dist/main.js <your build command>
See https://babeljs.io/docs/configuration#print-effective-configs for more info.
Though the "loose" option was set to "true" in your @babel/preset-env config, it will not be used for @babel/plugin-transform-private-property-in-object since the "loose" mode option was set to "false" for @babel/plugin-transform-class-properties.
The "loose" option must be the same for @babel/plugin-transform-class-properties, @babel/plugin-transform-private-methods and @babel/plugin-transform-private-property-in-object (when they are enabled): you can silence this warning by explicitly adding
	["@babel/plugin-transform-private-property-in-object", { "loose": false }]
to the "plugins" section of your Babel config.

If you already set the same 'loose' mode for these plugins in your config, it's possible that they are enabled multiple times with different options.
You can re-run Babel with the BABEL_SHOW_CONFIG_FOR environment variable to show the loaded configuration:
	npx cross-env BABEL_SHOW_CONFIG_FOR=/Users/Ajaya/Documents/TizenGitTVApp/node_modules/@tanstack/react-query/build/legacy/IsRestoringProvider.cjs <your build command>
See https://babeljs.io/docs/configuration#print-effective-configs for more info.
Though the "loose" option was set to "true" in your @babel/preset-env config, it will not be used for @babel/plugin-transform-private-methods since the "loose" mode option was set to "false" for @babel/plugin-transform-private-property-in-object.
The "loose" option must be the same for @babel/plugin-transform-class-properties, @babel/plugin-transform-private-methods and @babel/plugin-transform-private-property-in-object (when they are enabled): you can silence this warning by explicitly adding
	["@babel/plugin-transform-private-methods", { "loose": false }]
to the "plugins" section of your Babel config.

If you already set the same 'loose' mode for these plugins in your config, it's possible that they are enabled multiple times with different options.
You can re-run Babel with the BABEL_SHOW_CONFIG_FOR environment variable to show the loaded configuration:
	npx cross-env BABEL_SHOW_CONFIG_FOR=/Users/Ajaya/Documents/TizenGitTVApp/node_modules/@tanstack/react-query/build/legacy/IsRestoringProvider.cjs <your build command>
See https://babeljs.io/docs/configuration#print-effective-configs for more info.
Though the "loose" option was set to "true" in your @babel/preset-env config, it will not be used for @babel/plugin-transform-private-property-in-object since the "loose" mode option was set to "false" for @babel/plugin-transform-class-properties.
The "loose" option must be the same for @babel/plugin-transform-class-properties, @babel/plugin-transform-private-methods and @babel/plugin-transform-private-property-in-object (when they are enabled): you can silence this warning by explicitly adding
	["@babel/plugin-transform-private-property-in-object", { "loose": false }]
to the "plugins" section of your Babel config.

If you already set the same 'loose' mode for these plugins in your config, it's possible that they are enabled multiple times with different options.
You can re-run Babel with the BABEL_SHOW_CONFIG_FOR environment variable to show the loaded configuration:
	npx cross-env BABEL_SHOW_CONFIG_FOR=/Users/Ajaya/Documents/TizenGitTVApp/node_modules/@tanstack/react-query/build/legacy/useInfiniteQuery.cjs <your build command>
See https://babeljs.io/docs/configuration#print-effective-configs for more info.
Though the "loose" option was set to "true" in your @babel/preset-env config, it will not be used for @babel/plugin-transform-private-methods since the "loose" mode option was set to "false" for @babel/plugin-transform-private-property-in-object.
The "loose" option must be the same for @babel/plugin-transform-class-properties, @babel/plugin-transform-private-methods and @babel/plugin-transform-private-property-in-object (when they are enabled): you can silence this warning by explicitly adding
	["@babel/plugin-transform-private-methods", { "loose": false }]
to the "plugins" section of your Babel config.

If you already set the same 'loose' mode for these plugins in your config, it's possible that they are enabled multiple times with different options.
You can re-run Babel with the BABEL_SHOW_CONFIG_FOR environment variable to show the loaded configuration:
	npx cross-env BABEL_SHOW_CONFIG_FOR=/Users/Ajaya/Documents/TizenGitTVApp/node_modules/@tanstack/react-query/build/legacy/useInfiniteQuery.cjs <your build command>
See https://babeljs.io/docs/configuration#print-effective-configs for more info.
Though the "loose" option was set to "true" in your @babel/preset-env config, it will not be used for @babel/plugin-transform-private-property-in-object since the "loose" mode option was set to "false" for @babel/plugin-transform-class-properties.
The "loose" option must be the same for @babel/plugin-transform-class-properties, @babel/plugin-transform-private-methods and @babel/plugin-transform-private-property-in-object (when they are enabled): you can silence this warning by explicitly adding
	["@babel/plugin-transform-private-property-in-object", { "loose": false }]
to the "plugins" section of your Babel config.

If you already set the same 'loose' mode for these plugins in your config, it's possible that they are enabled multiple times with different options.
You can re-run Babel with the BABEL_SHOW_CONFIG_FOR environment variable to show the loaded configuration:
	npx cross-env BABEL_SHOW_CONFIG_FOR=/Users/Ajaya/Documents/TizenGitTVApp/node_modules/@tanstack/react-query/build/legacy/useIsFetching.cjs <your build command>
See https://babeljs.io/docs/configuration#print-effective-configs for more info.
Though the "loose" option was set to "true" in your @babel/preset-env config, it will not be used for @babel/plugin-transform-private-methods since the "loose" mode option was set to "false" for @babel/plugin-transform-private-property-in-object.
The "loose" option must be the same for @babel/plugin-transform-class-properties, @babel/plugin-transform-private-methods and @babel/plugin-transform-private-property-in-object (when they are enabled): you can silence this warning by explicitly adding
	["@babel/plugin-transform-private-methods", { "loose": false }]
to the "plugins" section of your Babel config.

If you already set the same 'loose' mode for these plugins in your config, it's possible that they are enabled multiple times with different options.
You can re-run Babel with the BABEL_SHOW_CONFIG_FOR environment variable to show the loaded configuration:
	npx cross-env BABEL_SHOW_CONFIG_FOR=/Users/Ajaya/Documents/TizenGitTVApp/node_modules/@tanstack/react-query/build/legacy/useIsFetching.cjs <your build command>
See https://babeljs.io/docs/configuration#print-effective-configs for more info.
Though the "loose" option was set to "true" in your @babel/preset-env config, it will not be used for @babel/plugin-transform-private-property-in-object since the "loose" mode option was set to "false" for @babel/plugin-transform-class-properties.
The "loose" option must be the same for @babel/plugin-transform-class-properties, @babel/plugin-transform-private-methods and @babel/plugin-transform-private-property-in-object (when they are enabled): you can silence this warning by explicitly adding
	["@babel/plugin-transform-private-property-in-object", { "loose": false }]
to the "plugins" section of your Babel config.

If you already set the same 'loose' mode for these plugins in your config, it's possible that they are enabled multiple times with different options.
You can re-run Babel with the BABEL_SHOW_CONFIG_FOR environment variable to show the loaded configuration:
	npx cross-env BABEL_SHOW_CONFIG_FOR=/Users/Ajaya/Documents/TizenGitTVApp/node_modules/@tanstack/react-query/build/legacy/useMutation.cjs <your build command>
See https://babeljs.io/docs/configuration#print-effective-configs for more info.
Though the "loose" option was set to "true" in your @babel/preset-env config, it will not be used for @babel/plugin-transform-private-methods since the "loose" mode option was set to "false" for @babel/plugin-transform-private-property-in-object.
The "loose" option must be the same for @babel/plugin-transform-class-properties, @babel/plugin-transform-private-methods and @babel/plugin-transform-private-property-in-object (when they are enabled): you can silence this warning by explicitly adding
	["@babel/plugin-transform-private-methods", { "loose": false }]
to the "plugins" section of your Babel config.

If you already set the same 'loose' mode for these plugins in your config, it's possible that they are enabled multiple times with different options.
You can re-run Babel with the BABEL_SHOW_CONFIG_FOR environment variable to show the loaded configuration:
	npx cross-env BABEL_SHOW_CONFIG_FOR=/Users/Ajaya/Documents/TizenGitTVApp/node_modules/@tanstack/react-query/build/legacy/useMutation.cjs <your build command>
See https://babeljs.io/docs/configuration#print-effective-configs for more info.
Though the "loose" option was set to "true" in your @babel/preset-env config, it will not be used for @babel/plugin-transform-private-property-in-object since the "loose" mode option was set to "false" for @babel/plugin-transform-class-properties.
The "loose" option must be the same for @babel/plugin-transform-class-properties, @babel/plugin-transform-private-methods and @babel/plugin-transform-private-property-in-object (when they are enabled): you can silence this warning by explicitly adding
	["@babel/plugin-transform-private-property-in-object", { "loose": false }]
to the "plugins" section of your Babel config.

If you already set the same 'loose' mode for these plugins in your config, it's possible that they are enabled multiple times with different options.
You can re-run Babel with the BABEL_SHOW_CONFIG_FOR environment variable to show the loaded configuration:
	npx cross-env BABEL_SHOW_CONFIG_FOR=/Users/Ajaya/Documents/TizenGitTVApp/node_modules/@tanstack/react-query/build/legacy/useMutationState.cjs <your build command>
See https://babeljs.io/docs/configuration#print-effective-configs for more info.
Though the "loose" option was set to "true" in your @babel/preset-env config, it will not be used for @babel/plugin-transform-private-methods since the "loose" mode option was set to "false" for @babel/plugin-transform-private-property-in-object.
The "loose" option must be the same for @babel/plugin-transform-class-properties, @babel/plugin-transform-private-methods and @babel/plugin-transform-private-property-in-object (when they are enabled): you can silence this warning by explicitly adding
	["@babel/plugin-transform-private-methods", { "loose": false }]
to the "plugins" section of your Babel config.

If you already set the same 'loose' mode for these plugins in your config, it's possible that they are enabled multiple times with different options.
You can re-run Babel with the BABEL_SHOW_CONFIG_FOR environment variable to show the loaded configuration:
	npx cross-env BABEL_SHOW_CONFIG_FOR=/Users/Ajaya/Documents/TizenGitTVApp/node_modules/@tanstack/react-query/build/legacy/useMutationState.cjs <your build command>
See https://babeljs.io/docs/configuration#print-effective-configs for more info.
Though the "loose" option was set to "true" in your @babel/preset-env config, it will not be used for @babel/plugin-transform-private-property-in-object since the "loose" mode option was set to "false" for @babel/plugin-transform-class-properties.
The "loose" option must be the same for @babel/plugin-transform-class-properties, @babel/plugin-transform-private-methods and @babel/plugin-transform-private-property-in-object (when they are enabled): you can silence this warning by explicitly adding
	["@babel/plugin-transform-private-property-in-object", { "loose": false }]
to the "plugins" section of your Babel config.

If you already set the same 'loose' mode for these plugins in your config, it's possible that they are enabled multiple times with different options.
You can re-run Babel with the BABEL_SHOW_CONFIG_FOR environment variable to show the loaded configuration:
	npx cross-env BABEL_SHOW_CONFIG_FOR=/Users/Ajaya/Documents/TizenGitTVApp/node_modules/@tanstack/react-query/build/legacy/mutationOptions.cjs <your build command>
See https://babeljs.io/docs/configuration#print-effective-configs for more info.
Though the "loose" option was set to "true" in your @babel/preset-env config, it will not be used for @babel/plugin-transform-private-methods since the "loose" mode option was set to "false" for @babel/plugin-transform-private-property-in-object.
The "loose" option must be the same for @babel/plugin-transform-class-properties, @babel/plugin-transform-private-methods and @babel/plugin-transform-private-property-in-object (when they are enabled): you can silence this warning by explicitly adding
	["@babel/plugin-transform-private-methods", { "loose": false }]
to the "plugins" section of your Babel config.

If you already set the same 'loose' mode for these plugins in your config, it's possible that they are enabled multiple times with different options.
You can re-run Babel with the BABEL_SHOW_CONFIG_FOR environment variable to show the loaded configuration:
	npx cross-env BABEL_SHOW_CONFIG_FOR=/Users/Ajaya/Documents/TizenGitTVApp/node_modules/@tanstack/react-query/build/legacy/mutationOptions.cjs <your build command>
See https://babeljs.io/docs/configuration#print-effective-configs for more info.
Though the "loose" option was set to "true" in your @babel/preset-env config, it will not be used for @babel/plugin-transform-private-property-in-object since the "loose" mode option was set to "false" for @babel/plugin-transform-class-properties.
The "loose" option must be the same for @babel/plugin-transform-class-properties, @babel/plugin-transform-private-methods and @babel/plugin-transform-private-property-in-object (when they are enabled): you can silence this warning by explicitly adding
	["@babel/plugin-transform-private-property-in-object", { "loose": false }]
to the "plugins" section of your Babel config.

If you already set the same 'loose' mode for these plugins in your config, it's possible that they are enabled multiple times with different options.
You can re-run Babel with the BABEL_SHOW_CONFIG_FOR environment variable to show the loaded configuration:
	npx cross-env BABEL_SHOW_CONFIG_FOR=/Users/Ajaya/Documents/TizenGitTVApp/node_modules/@tanstack/react-query/build/legacy/QueryErrorResetBoundary.cjs <your build command>
See https://babeljs.io/docs/configuration#print-effective-configs for more info.
Though the "loose" option was set to "true" in your @babel/preset-env config, it will not be used for @babel/plugin-transform-private-methods since the "loose" mode option was set to "false" for @babel/plugin-transform-private-property-in-object.
The "loose" option must be the same for @babel/plugin-transform-class-properties, @babel/plugin-transform-private-methods and @babel/plugin-transform-private-property-in-object (when they are enabled): you can silence this warning by explicitly adding
	["@babel/plugin-transform-private-methods", { "loose": false }]
to the "plugins" section of your Babel config.

If you already set the same 'loose' mode for these plugins in your config, it's possible that they are enabled multiple times with different options.
You can re-run Babel with the BABEL_SHOW_CONFIG_FOR environment variable to show the loaded configuration:
	npx cross-env BABEL_SHOW_CONFIG_FOR=/Users/Ajaya/Documents/TizenGitTVApp/node_modules/@tanstack/react-query/build/legacy/QueryErrorResetBoundary.cjs <your build command>
See https://babeljs.io/docs/configuration#print-effective-configs for more info.
Though the "loose" option was set to "true" in your @babel/preset-env config, it will not be used for @babel/plugin-transform-private-property-in-object since the "loose" mode option was set to "false" for @babel/plugin-transform-class-properties.
The "loose" option must be the same for @babel/plugin-transform-class-properties, @babel/plugin-transform-private-methods and @babel/plugin-transform-private-property-in-object (when they are enabled): you can silence this warning by explicitly adding
	["@babel/plugin-transform-private-property-in-object", { "loose": false }]
to the "plugins" section of your Babel config.

If you already set the same 'loose' mode for these plugins in your config, it's possible that they are enabled multiple times with different options.
You can re-run Babel with the BABEL_SHOW_CONFIG_FOR environment variable to show the loaded configuration:
	npx cross-env BABEL_SHOW_CONFIG_FOR=/Users/Ajaya/Documents/TizenGitTVApp/node_modules/@tanstack/react-query/build/legacy/HydrationBoundary.cjs <your build command>
See https://babeljs.io/docs/configuration#print-effective-configs for more info.
Though the "loose" option was set to "true" in your @babel/preset-env config, it will not be used for @babel/plugin-transform-private-methods since the "loose" mode option was set to "false" for @babel/plugin-transform-private-property-in-object.
The "loose" option must be the same for @babel/plugin-transform-class-properties, @babel/plugin-transform-private-methods and @babel/plugin-transform-private-property-in-object (when they are enabled): you can silence this warning by explicitly adding
	["@babel/plugin-transform-private-methods", { "loose": false }]
to the "plugins" section of your Babel config.

If you already set the same 'loose' mode for these plugins in your config, it's possible that they are enabled multiple times with different options.
You can re-run Babel with the BABEL_SHOW_CONFIG_FOR environment variable to show the loaded configuration:
	npx cross-env BABEL_SHOW_CONFIG_FOR=/Users/Ajaya/Documents/TizenGitTVApp/node_modules/@tanstack/react-query/build/legacy/HydrationBoundary.cjs <your build command>
See https://babeljs.io/docs/configuration#print-effective-configs for more info.
Though the "loose" option was set to "true" in your @babel/preset-env config, it will not be used for @babel/plugin-transform-private-property-in-object since the "loose" mode option was set to "false" for @babel/plugin-transform-class-properties.
The "loose" option must be the same for @babel/plugin-transform-class-properties, @babel/plugin-transform-private-methods and @babel/plugin-transform-private-property-in-object (when they are enabled): you can silence this warning by explicitly adding
	["@babel/plugin-transform-private-property-in-object", { "loose": false }]
to the "plugins" section of your Babel config.

If you already set the same 'loose' mode for these plugins in your config, it's possible that they are enabled multiple times with different options.
You can re-run Babel with the BABEL_SHOW_CONFIG_FOR environment variable to show the loaded configuration:
	npx cross-env BABEL_SHOW_CONFIG_FOR=/Users/Ajaya/Documents/TizenGitTVApp/node_modules/@tanstack/react-query/build/legacy/QueryClientProvider.cjs <your build command>
See https://babeljs.io/docs/configuration#print-effective-configs for more info.
Though the "loose" option was set to "true" in your @babel/preset-env config, it will not be used for @babel/plugin-transform-private-methods since the "loose" mode option was set to "false" for @babel/plugin-transform-private-property-in-object.
The "loose" option must be the same for @babel/plugin-transform-class-properties, @babel/plugin-transform-private-methods and @babel/plugin-transform-private-property-in-object (when they are enabled): you can silence this warning by explicitly adding
	["@babel/plugin-transform-private-methods", { "loose": false }]
to the "plugins" section of your Babel config.

If you already set the same 'loose' mode for these plugins in your config, it's possible that they are enabled multiple times with different options.
You can re-run Babel with the BABEL_SHOW_CONFIG_FOR environment variable to show the loaded configuration:
	npx cross-env BABEL_SHOW_CONFIG_FOR=/Users/Ajaya/Documents/TizenGitTVApp/node_modules/@tanstack/react-query/build/legacy/QueryClientProvider.cjs <your build command>
See https://babeljs.io/docs/configuration#print-effective-configs for more info.
Though the "loose" option was set to "true" in your @babel/preset-env config, it will not be used for @babel/plugin-transform-private-property-in-object since the "loose" mode option was set to "false" for @babel/plugin-transform-class-properties.
The "loose" option must be the same for @babel/plugin-transform-class-properties, @babel/plugin-transform-private-methods and @babel/plugin-transform-private-property-in-object (when they are enabled): you can silence this warning by explicitly adding
	["@babel/plugin-transform-private-property-in-object", { "loose": false }]
to the "plugins" section of your Babel config.

If you already set the same 'loose' mode for these plugins in your config, it's possible that they are enabled multiple times with different options.
You can re-run Babel with the BABEL_SHOW_CONFIG_FOR environment variable to show the loaded configuration:
	npx cross-env BABEL_SHOW_CONFIG_FOR=/Users/Ajaya/Documents/TizenGitTVApp/node_modules/@tanstack/react-query/build/legacy/infiniteQueryOptions.cjs <your build command>
See https://babeljs.io/docs/configuration#print-effective-configs for more info.
Though the "loose" option was set to "true" in your @babel/preset-env config, it will not be used for @babel/plugin-transform-private-methods since the "loose" mode option was set to "false" for @babel/plugin-transform-private-property-in-object.
The "loose" option must be the same for @babel/plugin-transform-class-properties, @babel/plugin-transform-private-methods and @babel/plugin-transform-private-property-in-object (when they are enabled): you can silence this warning by explicitly adding
	["@babel/plugin-transform-private-methods", { "loose": false }]
to the "plugins" section of your Babel config.

If you already set the same 'loose' mode for these plugins in your config, it's possible that they are enabled multiple times with different options.
You can re-run Babel with the BABEL_SHOW_CONFIG_FOR environment variable to show the loaded configuration:
	npx cross-env BABEL_SHOW_CONFIG_FOR=/Users/Ajaya/Documents/TizenGitTVApp/node_modules/@tanstack/react-query/build/legacy/infiniteQueryOptions.cjs <your build command>
See https://babeljs.io/docs/configuration#print-effective-configs for more info.
Though the "loose" option was set to "true" in your @babel/preset-env config, it will not be used for @babel/plugin-transform-private-property-in-object since the "loose" mode option was set to "false" for @babel/plugin-transform-class-properties.
The "loose" option must be the same for @babel/plugin-transform-class-properties, @babel/plugin-transform-private-methods and @babel/plugin-transform-private-property-in-object (when they are enabled): you can silence this warning by explicitly adding
	["@babel/plugin-transform-private-property-in-object", { "loose": false }]
to the "plugins" section of your Babel config.

If you already set the same 'loose' mode for these plugins in your config, it's possible that they are enabled multiple times with different options.
You can re-run Babel with the BABEL_SHOW_CONFIG_FOR environment variable to show the loaded configuration:
	npx cross-env BABEL_SHOW_CONFIG_FOR=/Users/Ajaya/Documents/TizenGitTVApp/node_modules/@babel/runtime/helpers/regeneratorRuntime.js <your build command>
See https://babeljs.io/docs/configuration#print-effective-configs for more info.
Though the "loose" option was set to "true" in your @babel/preset-env config, it will not be used for @babel/plugin-transform-private-methods since the "loose" mode option was set to "false" for @babel/plugin-transform-private-property-in-object.
The "loose" option must be the same for @babel/plugin-transform-class-properties, @babel/plugin-transform-private-methods and @babel/plugin-transform-private-property-in-object (when they are enabled): you can silence this warning by explicitly adding
	["@babel/plugin-transform-private-methods", { "loose": false }]
to the "plugins" section of your Babel config.

If you already set the same 'loose' mode for these plugins in your config, it's possible that they are enabled multiple times with different options.
You can re-run Babel with the BABEL_SHOW_CONFIG_FOR environment variable to show the loaded configuration:
	npx cross-env BABEL_SHOW_CONFIG_FOR=/Users/Ajaya/Documents/TizenGitTVApp/node_modules/@babel/runtime/helpers/regeneratorRuntime.js <your build command>
See https://babeljs.io/docs/configuration#print-effective-configs for more info.
Though the "loose" option was set to "true" in your @babel/preset-env config, it will not be used for @babel/plugin-transform-private-property-in-object since the "loose" mode option was set to "false" for @babel/plugin-transform-class-properties.
The "loose" option must be the same for @babel/plugin-transform-class-properties, @babel/plugin-transform-private-methods and @babel/plugin-transform-private-property-in-object (when they are enabled): you can silence this warning by explicitly adding
	["@babel/plugin-transform-private-property-in-object", { "loose": false }]
to the "plugins" section of your Babel config.

If you already set the same 'loose' mode for these plugins in your config, it's possible that they are enabled multiple times with different options.
You can re-run Babel with the BABEL_SHOW_CONFIG_FOR environment variable to show the loaded configuration:
	npx cross-env BABEL_SHOW_CONFIG_FOR=/Users/Ajaya/Documents/TizenGitTVApp/node_modules/@tanstack/react-query/build/legacy/queryOptions.cjs <your build command>
See https://babeljs.io/docs/configuration#print-effective-configs for more info.
Though the "loose" option was set to "true" in your @babel/preset-env config, it will not be used for @babel/plugin-transform-private-methods since the "loose" mode option was set to "false" for @babel/plugin-transform-private-property-in-object.
The "loose" option must be the same for @babel/plugin-transform-class-properties, @babel/plugin-transform-private-methods and @babel/plugin-transform-private-property-in-object (when they are enabled): you can silence this warning by explicitly adding
	["@babel/plugin-transform-private-methods", { "loose": false }]
to the "plugins" section of your Babel config.

If you already set the same 'loose' mode for these plugins in your config, it's possible that they are enabled multiple times with different options.
You can re-run Babel with the BABEL_SHOW_CONFIG_FOR environment variable to show the loaded configuration:
	npx cross-env BABEL_SHOW_CONFIG_FOR=/Users/Ajaya/Documents/TizenGitTVApp/node_modules/@tanstack/react-query/build/legacy/queryOptions.cjs <your build command>
See https://babeljs.io/docs/configuration#print-effective-configs for more info.
Though the "loose" option was set to "true" in your @babel/preset-env config, it will not be used for @babel/plugin-transform-private-property-in-object since the "loose" mode option was set to "false" for @babel/plugin-transform-class-properties.
The "loose" option must be the same for @babel/plugin-transform-class-properties, @babel/plugin-transform-private-methods and @babel/plugin-transform-private-property-in-object (when they are enabled): you can silence this warning by explicitly adding
	["@babel/plugin-transform-private-property-in-object", { "loose": false }]
to the "plugins" section of your Babel config.

If you already set the same 'loose' mode for these plugins in your config, it's possible that they are enabled multiple times with different options.
You can re-run Babel with the BABEL_SHOW_CONFIG_FOR environment variable to show the loaded configuration:
	npx cross-env BABEL_SHOW_CONFIG_FOR=/Users/Ajaya/Documents/TizenGitTVApp/node_modules/@tanstack/react-query/build/legacy/usePrefetchInfiniteQuery.cjs <your build command>
See https://babeljs.io/docs/configuration#print-effective-configs for more info.
Though the "loose" option was set to "true" in your @babel/preset-env config, it will not be used for @babel/plugin-transform-private-methods since the "loose" mode option was set to "false" for @babel/plugin-transform-private-property-in-object.
The "loose" option must be the same for @babel/plugin-transform-class-properties, @babel/plugin-transform-private-methods and @babel/plugin-transform-private-property-in-object (when they are enabled): you can silence this warning by explicitly adding
	["@babel/plugin-transform-private-methods", { "loose": false }]
to the "plugins" section of your Babel config.

If you already set the same 'loose' mode for these plugins in your config, it's possible that they are enabled multiple times with different options.
You can re-run Babel with the BABEL_SHOW_CONFIG_FOR environment variable to show the loaded configuration:
	npx cross-env BABEL_SHOW_CONFIG_FOR=/Users/Ajaya/Documents/TizenGitTVApp/node_modules/@tanstack/react-query/build/legacy/usePrefetchInfiniteQuery.cjs <your build command>
See https://babeljs.io/docs/configuration#print-effective-configs for more info.
Though the "loose" option was set to "true" in your @babel/preset-env config, it will not be used for @babel/plugin-transform-private-property-in-object since the "loose" mode option was set to "false" for @babel/plugin-transform-class-properties.
The "loose" option must be the same for @babel/plugin-transform-class-properties, @babel/plugin-transform-private-methods and @babel/plugin-transform-private-property-in-object (when they are enabled): you can silence this warning by explicitly adding
	["@babel/plugin-transform-private-property-in-object", { "loose": false }]
to the "plugins" section of your Babel config.

If you already set the same 'loose' mode for these plugins in your config, it's possible that they are enabled multiple times with different options.
You can re-run Babel with the BABEL_SHOW_CONFIG_FOR environment variable to show the loaded configuration:
	npx cross-env BABEL_SHOW_CONFIG_FOR=/Users/Ajaya/Documents/TizenGitTVApp/src/utils/gradientUtils.js <your build command>
See https://babeljs.io/docs/configuration#print-effective-configs for more info.
Though the "loose" option was set to "true" in your @babel/preset-env config, it will not be used for @babel/plugin-transform-private-methods since the "loose" mode option was set to "false" for @babel/plugin-transform-private-property-in-object.
The "loose" option must be the same for @babel/plugin-transform-class-properties, @babel/plugin-transform-private-methods and @babel/plugin-transform-private-property-in-object (when they are enabled): you can silence this warning by explicitly adding
	["@babel/plugin-transform-private-methods", { "loose": false }]
to the "plugins" section of your Babel config.

If you already set the same 'loose' mode for these plugins in your config, it's possible that they are enabled multiple times with different options.
You can re-run Babel with the BABEL_SHOW_CONFIG_FOR environment variable to show the loaded configuration:
	npx cross-env BABEL_SHOW_CONFIG_FOR=/Users/Ajaya/Documents/TizenGitTVApp/src/utils/gradientUtils.js <your build command>
See https://babeljs.io/docs/configuration#print-effective-configs for more info.
Though the "loose" option was set to "true" in your @babel/preset-env config, it will not be used for @babel/plugin-transform-private-property-in-object since the "loose" mode option was set to "false" for @babel/plugin-transform-class-properties.
The "loose" option must be the same for @babel/plugin-transform-class-properties, @babel/plugin-transform-private-methods and @babel/plugin-transform-private-property-in-object (when they are enabled): you can silence this warning by explicitly adding
	["@babel/plugin-transform-private-property-in-object", { "loose": false }]
to the "plugins" section of your Babel config.

If you already set the same 'loose' mode for these plugins in your config, it's possible that they are enabled multiple times with different options.
You can re-run Babel with the BABEL_SHOW_CONFIG_FOR environment variable to show the loaded configuration:
	npx cross-env BABEL_SHOW_CONFIG_FOR=/Users/Ajaya/Documents/TizenGitTVApp/node_modules/@tanstack/react-query/build/legacy/useBaseQuery.cjs <your build command>
See https://babeljs.io/docs/configuration#print-effective-configs for more info.
Though the "loose" option was set to "true" in your @babel/preset-env config, it will not be used for @babel/plugin-transform-private-methods since the "loose" mode option was set to "false" for @babel/plugin-transform-private-property-in-object.
The "loose" option must be the same for @babel/plugin-transform-class-properties, @babel/plugin-transform-private-methods and @babel/plugin-transform-private-property-in-object (when they are enabled): you can silence this warning by explicitly adding
	["@babel/plugin-transform-private-methods", { "loose": false }]
to the "plugins" section of your Babel config.

If you already set the same 'loose' mode for these plugins in your config, it's possible that they are enabled multiple times with different options.
You can re-run Babel with the BABEL_SHOW_CONFIG_FOR environment variable to show the loaded configuration:
	npx cross-env BABEL_SHOW_CONFIG_FOR=/Users/Ajaya/Documents/TizenGitTVApp/node_modules/@tanstack/react-query/build/legacy/useBaseQuery.cjs <your build command>
See https://babeljs.io/docs/configuration#print-effective-configs for more info.
Though the "loose" option was set to "true" in your @babel/preset-env config, it will not be used for @babel/plugin-transform-private-property-in-object since the "loose" mode option was set to "false" for @babel/plugin-transform-class-properties.
The "loose" option must be the same for @babel/plugin-transform-class-properties, @babel/plugin-transform-private-methods and @babel/plugin-transform-private-property-in-object (when they are enabled): you can silence this warning by explicitly adding
	["@babel/plugin-transform-private-property-in-object", { "loose": false }]
to the "plugins" section of your Babel config.

If you already set the same 'loose' mode for these plugins in your config, it's possible that they are enabled multiple times with different options.
You can re-run Babel with the BABEL_SHOW_CONFIG_FOR environment variable to show the loaded configuration:
	npx cross-env BABEL_SHOW_CONFIG_FOR=/Users/Ajaya/Documents/TizenGitTVApp/node_modules/react-router-dom/dist/umd/react-router-dom.production.min.js <your build command>
See https://babeljs.io/docs/configuration#print-effective-configs for more info.
Though the "loose" option was set to "true" in your @babel/preset-env config, it will not be used for @babel/plugin-transform-private-methods since the "loose" mode option was set to "false" for @babel/plugin-transform-private-property-in-object.
The "loose" option must be the same for @babel/plugin-transform-class-properties, @babel/plugin-transform-private-methods and @babel/plugin-transform-private-property-in-object (when they are enabled): you can silence this warning by explicitly adding
	["@babel/plugin-transform-private-methods", { "loose": false }]
to the "plugins" section of your Babel config.

If you already set the same 'loose' mode for these plugins in your config, it's possible that they are enabled multiple times with different options.
You can re-run Babel with the BABEL_SHOW_CONFIG_FOR environment variable to show the loaded configuration:
	npx cross-env BABEL_SHOW_CONFIG_FOR=/Users/Ajaya/Documents/TizenGitTVApp/node_modules/react-router-dom/dist/umd/react-router-dom.production.min.js <your build command>
See https://babeljs.io/docs/configuration#print-effective-configs for more info.
Though the "loose" option was set to "true" in your @babel/preset-env config, it will not be used for @babel/plugin-transform-private-property-in-object since the "loose" mode option was set to "false" for @babel/plugin-transform-class-properties.
The "loose" option must be the same for @babel/plugin-transform-class-properties, @babel/plugin-transform-private-methods and @babel/plugin-transform-private-property-in-object (when they are enabled): you can silence this warning by explicitly adding
	["@babel/plugin-transform-private-property-in-object", { "loose": false }]
to the "plugins" section of your Babel config.

If you already set the same 'loose' mode for these plugins in your config, it's possible that they are enabled multiple times with different options.
You can re-run Babel with the BABEL_SHOW_CONFIG_FOR environment variable to show the loaded configuration:
	npx cross-env BABEL_SHOW_CONFIG_FOR=/Users/Ajaya/Documents/TizenGitTVApp/src/services/api/ApiEndpoints.js <your build command>
See https://babeljs.io/docs/configuration#print-effective-configs for more info.
Though the "loose" option was set to "true" in your @babel/preset-env config, it will not be used for @babel/plugin-transform-private-methods since the "loose" mode option was set to "false" for @babel/plugin-transform-private-property-in-object.
The "loose" option must be the same for @babel/plugin-transform-class-properties, @babel/plugin-transform-private-methods and @babel/plugin-transform-private-property-in-object (when they are enabled): you can silence this warning by explicitly adding
	["@babel/plugin-transform-private-methods", { "loose": false }]
to the "plugins" section of your Babel config.

If you already set the same 'loose' mode for these plugins in your config, it's possible that they are enabled multiple times with different options.
You can re-run Babel with the BABEL_SHOW_CONFIG_FOR environment variable to show the loaded configuration:
	npx cross-env BABEL_SHOW_CONFIG_FOR=/Users/Ajaya/Documents/TizenGitTVApp/src/services/api/ApiEndpoints.js <your build command>
See https://babeljs.io/docs/configuration#print-effective-configs for more info.
Though the "loose" option was set to "true" in your @babel/preset-env config, it will not be used for @babel/plugin-transform-private-property-in-object since the "loose" mode option was set to "false" for @babel/plugin-transform-class-properties.
The "loose" option must be the same for @babel/plugin-transform-class-properties, @babel/plugin-transform-private-methods and @babel/plugin-transform-private-property-in-object (when they are enabled): you can silence this warning by explicitly adding
	["@babel/plugin-transform-private-property-in-object", { "loose": false }]
to the "plugins" section of your Babel config.

If you already set the same 'loose' mode for these plugins in your config, it's possible that they are enabled multiple times with different options.
You can re-run Babel with the BABEL_SHOW_CONFIG_FOR environment variable to show the loaded configuration:
	npx cross-env BABEL_SHOW_CONFIG_FOR=/Users/Ajaya/Documents/TizenGitTVApp/node_modules/@babel/runtime/helpers/OverloadYield.js <your build command>
See https://babeljs.io/docs/configuration#print-effective-configs for more info.
Though the "loose" option was set to "true" in your @babel/preset-env config, it will not be used for @babel/plugin-transform-private-methods since the "loose" mode option was set to "false" for @babel/plugin-transform-private-property-in-object.
The "loose" option must be the same for @babel/plugin-transform-class-properties, @babel/plugin-transform-private-methods and @babel/plugin-transform-private-property-in-object (when they are enabled): you can silence this warning by explicitly adding
	["@babel/plugin-transform-private-methods", { "loose": false }]
to the "plugins" section of your Babel config.

If you already set the same 'loose' mode for these plugins in your config, it's possible that they are enabled multiple times with different options.
You can re-run Babel with the BABEL_SHOW_CONFIG_FOR environment variable to show the loaded configuration:
	npx cross-env BABEL_SHOW_CONFIG_FOR=/Users/Ajaya/Documents/TizenGitTVApp/node_modules/@babel/runtime/helpers/OverloadYield.js <your build command>
See https://babeljs.io/docs/configuration#print-effective-configs for more info.
Though the "loose" option was set to "true" in your @babel/preset-env config, it will not be used for @babel/plugin-transform-private-property-in-object since the "loose" mode option was set to "false" for @babel/plugin-transform-class-properties.
The "loose" option must be the same for @babel/plugin-transform-class-properties, @babel/plugin-transform-private-methods and @babel/plugin-transform-private-property-in-object (when they are enabled): you can silence this warning by explicitly adding
	["@babel/plugin-transform-private-property-in-object", { "loose": false }]
to the "plugins" section of your Babel config.

If you already set the same 'loose' mode for these plugins in your config, it's possible that they are enabled multiple times with different options.
You can re-run Babel with the BABEL_SHOW_CONFIG_FOR environment variable to show the loaded configuration:
	npx cross-env BABEL_SHOW_CONFIG_FOR=/Users/Ajaya/Documents/TizenGitTVApp/node_modules/@babel/runtime/helpers/regeneratorValues.js <your build command>
See https://babeljs.io/docs/configuration#print-effective-configs for more info.
Though the "loose" option was set to "true" in your @babel/preset-env config, it will not be used for @babel/plugin-transform-private-methods since the "loose" mode option was set to "false" for @babel/plugin-transform-private-property-in-object.
The "loose" option must be the same for @babel/plugin-transform-class-properties, @babel/plugin-transform-private-methods and @babel/plugin-transform-private-property-in-object (when they are enabled): you can silence this warning by explicitly adding
	["@babel/plugin-transform-private-methods", { "loose": false }]
to the "plugins" section of your Babel config.

If you already set the same 'loose' mode for these plugins in your config, it's possible that they are enabled multiple times with different options.
You can re-run Babel with the BABEL_SHOW_CONFIG_FOR environment variable to show the loaded configuration:
	npx cross-env BABEL_SHOW_CONFIG_FOR=/Users/Ajaya/Documents/TizenGitTVApp/node_modules/@babel/runtime/helpers/regeneratorValues.js <your build command>
See https://babeljs.io/docs/configuration#print-effective-configs for more info.
Though the "loose" option was set to "true" in your @babel/preset-env config, it will not be used for @babel/plugin-transform-private-property-in-object since the "loose" mode option was set to "false" for @babel/plugin-transform-class-properties.
The "loose" option must be the same for @babel/plugin-transform-class-properties, @babel/plugin-transform-private-methods and @babel/plugin-transform-private-property-in-object (when they are enabled): you can silence this warning by explicitly adding
	["@babel/plugin-transform-private-property-in-object", { "loose": false }]
to the "plugins" section of your Babel config.

If you already set the same 'loose' mode for these plugins in your config, it's possible that they are enabled multiple times with different options.
You can re-run Babel with the BABEL_SHOW_CONFIG_FOR environment variable to show the loaded configuration:
	npx cross-env BABEL_SHOW_CONFIG_FOR=/Users/Ajaya/Documents/TizenGitTVApp/node_modules/@babel/runtime/helpers/regeneratorAsyncIterator.js <your build command>
See https://babeljs.io/docs/configuration#print-effective-configs for more info.
Though the "loose" option was set to "true" in your @babel/preset-env config, it will not be used for @babel/plugin-transform-private-methods since the "loose" mode option was set to "false" for @babel/plugin-transform-private-property-in-object.
The "loose" option must be the same for @babel/plugin-transform-class-properties, @babel/plugin-transform-private-methods and @babel/plugin-transform-private-property-in-object (when they are enabled): you can silence this warning by explicitly adding
	["@babel/plugin-transform-private-methods", { "loose": false }]
to the "plugins" section of your Babel config.

If you already set the same 'loose' mode for these plugins in your config, it's possible that they are enabled multiple times with different options.
You can re-run Babel with the BABEL_SHOW_CONFIG_FOR environment variable to show the loaded configuration:
	npx cross-env BABEL_SHOW_CONFIG_FOR=/Users/Ajaya/Documents/TizenGitTVApp/node_modules/@babel/runtime/helpers/regeneratorAsyncIterator.js <your build command>
See https://babeljs.io/docs/configuration#print-effective-configs for more info.
Though the "loose" option was set to "true" in your @babel/preset-env config, it will not be used for @babel/plugin-transform-private-property-in-object since the "loose" mode option was set to "false" for @babel/plugin-transform-class-properties.
The "loose" option must be the same for @babel/plugin-transform-class-properties, @babel/plugin-transform-private-methods and @babel/plugin-transform-private-property-in-object (when they are enabled): you can silence this warning by explicitly adding
	["@babel/plugin-transform-private-property-in-object", { "loose": false }]
to the "plugins" section of your Babel config.

If you already set the same 'loose' mode for these plugins in your config, it's possible that they are enabled multiple times with different options.
You can re-run Babel with the BABEL_SHOW_CONFIG_FOR environment variable to show the loaded configuration:
	npx cross-env BABEL_SHOW_CONFIG_FOR=/Users/Ajaya/Documents/TizenGitTVApp/node_modules/@babel/runtime/helpers/regeneratorKeys.js <your build command>
See https://babeljs.io/docs/configuration#print-effective-configs for more info.
Though the "loose" option was set to "true" in your @babel/preset-env config, it will not be used for @babel/plugin-transform-private-methods since the "loose" mode option was set to "false" for @babel/plugin-transform-private-property-in-object.
The "loose" option must be the same for @babel/plugin-transform-class-properties, @babel/plugin-transform-private-methods and @babel/plugin-transform-private-property-in-object (when they are enabled): you can silence this warning by explicitly adding
	["@babel/plugin-transform-private-methods", { "loose": false }]
to the "plugins" section of your Babel config.

If you already set the same 'loose' mode for these plugins in your config, it's possible that they are enabled multiple times with different options.
You can re-run Babel with the BABEL_SHOW_CONFIG_FOR environment variable to show the loaded configuration:
	npx cross-env BABEL_SHOW_CONFIG_FOR=/Users/Ajaya/Documents/TizenGitTVApp/node_modules/@babel/runtime/helpers/regeneratorKeys.js <your build command>
See https://babeljs.io/docs/configuration#print-effective-configs for more info.
Though the "loose" option was set to "true" in your @babel/preset-env config, it will not be used for @babel/plugin-transform-private-property-in-object since the "loose" mode option was set to "false" for @babel/plugin-transform-class-properties.
The "loose" option must be the same for @babel/plugin-transform-class-properties, @babel/plugin-transform-private-methods and @babel/plugin-transform-private-property-in-object (when they are enabled): you can silence this warning by explicitly adding
	["@babel/plugin-transform-private-property-in-object", { "loose": false }]
to the "plugins" section of your Babel config.

If you already set the same 'loose' mode for these plugins in your config, it's possible that they are enabled multiple times with different options.
You can re-run Babel with the BABEL_SHOW_CONFIG_FOR environment variable to show the loaded configuration:
	npx cross-env BABEL_SHOW_CONFIG_FOR=/Users/Ajaya/Documents/TizenGitTVApp/node_modules/@babel/runtime/helpers/regeneratorAsyncGen.js <your build command>
See https://babeljs.io/docs/configuration#print-effective-configs for more info.
Though the "loose" option was set to "true" in your @babel/preset-env config, it will not be used for @babel/plugin-transform-private-methods since the "loose" mode option was set to "false" for @babel/plugin-transform-private-property-in-object.
The "loose" option must be the same for @babel/plugin-transform-class-properties, @babel/plugin-transform-private-methods and @babel/plugin-transform-private-property-in-object (when they are enabled): you can silence this warning by explicitly adding
	["@babel/plugin-transform-private-methods", { "loose": false }]
to the "plugins" section of your Babel config.

If you already set the same 'loose' mode for these plugins in your config, it's possible that they are enabled multiple times with different options.
You can re-run Babel with the BABEL_SHOW_CONFIG_FOR environment variable to show the loaded configuration:
	npx cross-env BABEL_SHOW_CONFIG_FOR=/Users/Ajaya/Documents/TizenGitTVApp/node_modules/@babel/runtime/helpers/regeneratorAsyncGen.js <your build command>
See https://babeljs.io/docs/configuration#print-effective-configs for more info.
Though the "loose" option was set to "true" in your @babel/preset-env config, it will not be used for @babel/plugin-transform-private-property-in-object since the "loose" mode option was set to "false" for @babel/plugin-transform-class-properties.
The "loose" option must be the same for @babel/plugin-transform-class-properties, @babel/plugin-transform-private-methods and @babel/plugin-transform-private-property-in-object (when they are enabled): you can silence this warning by explicitly adding
	["@babel/plugin-transform-private-property-in-object", { "loose": false }]
to the "plugins" section of your Babel config.

If you already set the same 'loose' mode for these plugins in your config, it's possible that they are enabled multiple times with different options.
You can re-run Babel with the BABEL_SHOW_CONFIG_FOR environment variable to show the loaded configuration:
	npx cross-env BABEL_SHOW_CONFIG_FOR=/Users/Ajaya/Documents/TizenGitTVApp/node_modules/@babel/runtime/helpers/regeneratorAsync.js <your build command>
See https://babeljs.io/docs/configuration#print-effective-configs for more info.
Though the "loose" option was set to "true" in your @babel/preset-env config, it will not be used for @babel/plugin-transform-private-methods since the "loose" mode option was set to "false" for @babel/plugin-transform-private-property-in-object.
The "loose" option must be the same for @babel/plugin-transform-class-properties, @babel/plugin-transform-private-methods and @babel/plugin-transform-private-property-in-object (when they are enabled): you can silence this warning by explicitly adding
	["@babel/plugin-transform-private-methods", { "loose": false }]
to the "plugins" section of your Babel config.

If you already set the same 'loose' mode for these plugins in your config, it's possible that they are enabled multiple times with different options.
You can re-run Babel with the BABEL_SHOW_CONFIG_FOR environment variable to show the loaded configuration:
	npx cross-env BABEL_SHOW_CONFIG_FOR=/Users/Ajaya/Documents/TizenGitTVApp/node_modules/@babel/runtime/helpers/regeneratorAsync.js <your build command>
See https://babeljs.io/docs/configuration#print-effective-configs for more info.
Though the "loose" option was set to "true" in your @babel/preset-env config, it will not be used for @babel/plugin-transform-private-property-in-object since the "loose" mode option was set to "false" for @babel/plugin-transform-class-properties.
The "loose" option must be the same for @babel/plugin-transform-class-properties, @babel/plugin-transform-private-methods and @babel/plugin-transform-private-property-in-object (when they are enabled): you can silence this warning by explicitly adding
	["@babel/plugin-transform-private-property-in-object", { "loose": false }]
to the "plugins" section of your Babel config.

If you already set the same 'loose' mode for these plugins in your config, it's possible that they are enabled multiple times with different options.
You can re-run Babel with the BABEL_SHOW_CONFIG_FOR environment variable to show the loaded configuration:
	npx cross-env BABEL_SHOW_CONFIG_FOR=/Users/Ajaya/Documents/TizenGitTVApp/node_modules/@babel/runtime/helpers/regenerator.js <your build command>
See https://babeljs.io/docs/configuration#print-effective-configs for more info.
Though the "loose" option was set to "true" in your @babel/preset-env config, it will not be used for @babel/plugin-transform-private-methods since the "loose" mode option was set to "false" for @babel/plugin-transform-private-property-in-object.
The "loose" option must be the same for @babel/plugin-transform-class-properties, @babel/plugin-transform-private-methods and @babel/plugin-transform-private-property-in-object (when they are enabled): you can silence this warning by explicitly adding
	["@babel/plugin-transform-private-methods", { "loose": false }]
to the "plugins" section of your Babel config.

If you already set the same 'loose' mode for these plugins in your config, it's possible that they are enabled multiple times with different options.
You can re-run Babel with the BABEL_SHOW_CONFIG_FOR environment variable to show the loaded configuration:
	npx cross-env BABEL_SHOW_CONFIG_FOR=/Users/Ajaya/Documents/TizenGitTVApp/node_modules/@babel/runtime/helpers/regenerator.js <your build command>
See https://babeljs.io/docs/configuration#print-effective-configs for more info.
Though the "loose" option was set to "true" in your @babel/preset-env config, it will not be used for @babel/plugin-transform-private-property-in-object since the "loose" mode option was set to "false" for @babel/plugin-transform-class-properties.
The "loose" option must be the same for @babel/plugin-transform-class-properties, @babel/plugin-transform-private-methods and @babel/plugin-transform-private-property-in-object (when they are enabled): you can silence this warning by explicitly adding
	["@babel/plugin-transform-private-property-in-object", { "loose": false }]
to the "plugins" section of your Babel config.

If you already set the same 'loose' mode for these plugins in your config, it's possible that they are enabled multiple times with different options.
You can re-run Babel with the BABEL_SHOW_CONFIG_FOR environment variable to show the loaded configuration:
	npx cross-env BABEL_SHOW_CONFIG_FOR=/Users/Ajaya/Documents/TizenGitTVApp/node_modules/@mui/material/index.js <your build command>
See https://babeljs.io/docs/configuration#print-effective-configs for more info.
Though the "loose" option was set to "true" in your @babel/preset-env config, it will not be used for @babel/plugin-transform-private-methods since the "loose" mode option was set to "false" for @babel/plugin-transform-private-property-in-object.
The "loose" option must be the same for @babel/plugin-transform-class-properties, @babel/plugin-transform-private-methods and @babel/plugin-transform-private-property-in-object (when they are enabled): you can silence this warning by explicitly adding
	["@babel/plugin-transform-private-methods", { "loose": false }]
to the "plugins" section of your Babel config.

If you already set the same 'loose' mode for these plugins in your config, it's possible that they are enabled multiple times with different options.
You can re-run Babel with the BABEL_SHOW_CONFIG_FOR environment variable to show the loaded configuration:
	npx cross-env BABEL_SHOW_CONFIG_FOR=/Users/Ajaya/Documents/TizenGitTVApp/node_modules/@mui/material/index.js <your build command>
See https://babeljs.io/docs/configuration#print-effective-configs for more info.
Though the "loose" option was set to "true" in your @babel/preset-env config, it will not be used for @babel/plugin-transform-private-property-in-object since the "loose" mode option was set to "false" for @babel/plugin-transform-class-properties.
The "loose" option must be the same for @babel/plugin-transform-class-properties, @babel/plugin-transform-private-methods and @babel/plugin-transform-private-property-in-object (when they are enabled): you can silence this warning by explicitly adding
	["@babel/plugin-transform-private-property-in-object", { "loose": false }]
to the "plugins" section of your Babel config.

If you already set the same 'loose' mode for these plugins in your config, it's possible that they are enabled multiple times with different options.
You can re-run Babel with the BABEL_SHOW_CONFIG_FOR environment variable to show the loaded configuration:
	npx cross-env BABEL_SHOW_CONFIG_FOR=/Users/Ajaya/Documents/TizenGitTVApp/src/services/api/AuthService.js <your build command>
See https://babeljs.io/docs/configuration#print-effective-configs for more info.
Though the "loose" option was set to "true" in your @babel/preset-env config, it will not be used for @babel/plugin-transform-private-methods since the "loose" mode option was set to "false" for @babel/plugin-transform-private-property-in-object.
The "loose" option must be the same for @babel/plugin-transform-class-properties, @babel/plugin-transform-private-methods and @babel/plugin-transform-private-property-in-object (when they are enabled): you can silence this warning by explicitly adding
	["@babel/plugin-transform-private-methods", { "loose": false }]
to the "plugins" section of your Babel config.

If you already set the same 'loose' mode for these plugins in your config, it's possible that they are enabled multiple times with different options.
You can re-run Babel with the BABEL_SHOW_CONFIG_FOR environment variable to show the loaded configuration:
	npx cross-env BABEL_SHOW_CONFIG_FOR=/Users/Ajaya/Documents/TizenGitTVApp/src/services/api/AuthService.js <your build command>
See https://babeljs.io/docs/configuration#print-effective-configs for more info.
Though the "loose" option was set to "true" in your @babel/preset-env config, it will not be used for @babel/plugin-transform-private-property-in-object since the "loose" mode option was set to "false" for @babel/plugin-transform-class-properties.
The "loose" option must be the same for @babel/plugin-transform-class-properties, @babel/plugin-transform-private-methods and @babel/plugin-transform-private-property-in-object (when they are enabled): you can silence this warning by explicitly adding
	["@babel/plugin-transform-private-property-in-object", { "loose": false }]
to the "plugins" section of your Babel config.

If you already set the same 'loose' mode for these plugins in your config, it's possible that they are enabled multiple times with different options.
You can re-run Babel with the BABEL_SHOW_CONFIG_FOR environment variable to show the loaded configuration:
	npx cross-env BABEL_SHOW_CONFIG_FOR=/Users/Ajaya/Documents/TizenGitTVApp/src/services/api/DrmService.js <your build command>
See https://babeljs.io/docs/configuration#print-effective-configs for more info.
Though the "loose" option was set to "true" in your @babel/preset-env config, it will not be used for @babel/plugin-transform-private-methods since the "loose" mode option was set to "false" for @babel/plugin-transform-private-property-in-object.
The "loose" option must be the same for @babel/plugin-transform-class-properties, @babel/plugin-transform-private-methods and @babel/plugin-transform-private-property-in-object (when they are enabled): you can silence this warning by explicitly adding
	["@babel/plugin-transform-private-methods", { "loose": false }]
to the "plugins" section of your Babel config.

If you already set the same 'loose' mode for these plugins in your config, it's possible that they are enabled multiple times with different options.
You can re-run Babel with the BABEL_SHOW_CONFIG_FOR environment variable to show the loaded configuration:
	npx cross-env BABEL_SHOW_CONFIG_FOR=/Users/Ajaya/Documents/TizenGitTVApp/src/services/api/DrmService.js <your build command>
See https://babeljs.io/docs/configuration#print-effective-configs for more info.
Though the "loose" option was set to "true" in your @babel/preset-env config, it will not be used for @babel/plugin-transform-private-property-in-object since the "loose" mode option was set to "false" for @babel/plugin-transform-class-properties.
The "loose" option must be the same for @babel/plugin-transform-class-properties, @babel/plugin-transform-private-methods and @babel/plugin-transform-private-property-in-object (when they are enabled): you can silence this warning by explicitly adding
	["@babel/plugin-transform-private-property-in-object", { "loose": false }]
to the "plugins" section of your Babel config.

If you already set the same 'loose' mode for these plugins in your config, it's possible that they are enabled multiple times with different options.
You can re-run Babel with the BABEL_SHOW_CONFIG_FOR environment variable to show the loaded configuration:
	npx cross-env BABEL_SHOW_CONFIG_FOR=/Users/Ajaya/Documents/TizenGitTVApp/src/services/api/CmsService.js <your build command>
See https://babeljs.io/docs/configuration#print-effective-configs for more info.
Though the "loose" option was set to "true" in your @babel/preset-env config, it will not be used for @babel/plugin-transform-private-methods since the "loose" mode option was set to "false" for @babel/plugin-transform-private-property-in-object.
The "loose" option must be the same for @babel/plugin-transform-class-properties, @babel/plugin-transform-private-methods and @babel/plugin-transform-private-property-in-object (when they are enabled): you can silence this warning by explicitly adding
	["@babel/plugin-transform-private-methods", { "loose": false }]
to the "plugins" section of your Babel config.

If you already set the same 'loose' mode for these plugins in your config, it's possible that they are enabled multiple times with different options.
You can re-run Babel with the BABEL_SHOW_CONFIG_FOR environment variable to show the loaded configuration:
	npx cross-env BABEL_SHOW_CONFIG_FOR=/Users/Ajaya/Documents/TizenGitTVApp/src/services/api/CmsService.js <your build command>
See https://babeljs.io/docs/configuration#print-effective-configs for more info.
Though the "loose" option was set to "true" in your @babel/preset-env config, it will not be used for @babel/plugin-transform-private-property-in-object since the "loose" mode option was set to "false" for @babel/plugin-transform-class-properties.
The "loose" option must be the same for @babel/plugin-transform-class-properties, @babel/plugin-transform-private-methods and @babel/plugin-transform-private-property-in-object (when they are enabled): you can silence this warning by explicitly adding
	["@babel/plugin-transform-private-property-in-object", { "loose": false }]
to the "plugins" section of your Babel config.

If you already set the same 'loose' mode for these plugins in your config, it's possible that they are enabled multiple times with different options.
You can re-run Babel with the BABEL_SHOW_CONFIG_FOR environment variable to show the loaded configuration:
	npx cross-env BABEL_SHOW_CONFIG_FOR=/Users/Ajaya/Documents/TizenGitTVApp/src/services/api/ApiClient.js <your build command>
See https://babeljs.io/docs/configuration#print-effective-configs for more info.
Though the "loose" option was set to "true" in your @babel/preset-env config, it will not be used for @babel/plugin-transform-private-methods since the "loose" mode option was set to "false" for @babel/plugin-transform-private-property-in-object.
The "loose" option must be the same for @babel/plugin-transform-class-properties, @babel/plugin-transform-private-methods and @babel/plugin-transform-private-property-in-object (when they are enabled): you can silence this warning by explicitly adding
	["@babel/plugin-transform-private-methods", { "loose": false }]
to the "plugins" section of your Babel config.

If you already set the same 'loose' mode for these plugins in your config, it's possible that they are enabled multiple times with different options.
You can re-run Babel with the BABEL_SHOW_CONFIG_FOR environment variable to show the loaded configuration:
	npx cross-env BABEL_SHOW_CONFIG_FOR=/Users/Ajaya/Documents/TizenGitTVApp/src/services/api/ApiClient.js <your build command>
See https://babeljs.io/docs/configuration#print-effective-configs for more info.
Though the "loose" option was set to "true" in your @babel/preset-env config, it will not be used for @babel/plugin-transform-private-property-in-object since the "loose" mode option was set to "false" for @babel/plugin-transform-class-properties.
The "loose" option must be the same for @babel/plugin-transform-class-properties, @babel/plugin-transform-private-methods and @babel/plugin-transform-private-property-in-object (when they are enabled): you can silence this warning by explicitly adding
	["@babel/plugin-transform-private-property-in-object", { "loose": false }]
to the "plugins" section of your Babel config.

If you already set the same 'loose' mode for these plugins in your config, it's possible that they are enabled multiple times with different options.
You can re-run Babel with the BABEL_SHOW_CONFIG_FOR environment variable to show the loaded configuration:
	npx cross-env BABEL_SHOW_CONFIG_FOR=/Users/Ajaya/Documents/TizenGitTVApp/node_modules/@tanstack/react-query/build/legacy/suspense.cjs <your build command>
See https://babeljs.io/docs/configuration#print-effective-configs for more info.
Though the "loose" option was set to "true" in your @babel/preset-env config, it will not be used for @babel/plugin-transform-private-methods since the "loose" mode option was set to "false" for @babel/plugin-transform-private-property-in-object.
The "loose" option must be the same for @babel/plugin-transform-class-properties, @babel/plugin-transform-private-methods and @babel/plugin-transform-private-property-in-object (when they are enabled): you can silence this warning by explicitly adding
	["@babel/plugin-transform-private-methods", { "loose": false }]
to the "plugins" section of your Babel config.

If you already set the same 'loose' mode for these plugins in your config, it's possible that they are enabled multiple times with different options.
You can re-run Babel with the BABEL_SHOW_CONFIG_FOR environment variable to show the loaded configuration:
	npx cross-env BABEL_SHOW_CONFIG_FOR=/Users/Ajaya/Documents/TizenGitTVApp/node_modules/@tanstack/react-query/build/legacy/suspense.cjs <your build command>
See https://babeljs.io/docs/configuration#print-effective-configs for more info.
Though the "loose" option was set to "true" in your @babel/preset-env config, it will not be used for @babel/plugin-transform-private-property-in-object since the "loose" mode option was set to "false" for @babel/plugin-transform-class-properties.
The "loose" option must be the same for @babel/plugin-transform-class-properties, @babel/plugin-transform-private-methods and @babel/plugin-transform-private-property-in-object (when they are enabled): you can silence this warning by explicitly adding
	["@babel/plugin-transform-private-property-in-object", { "loose": false }]
to the "plugins" section of your Babel config.

If you already set the same 'loose' mode for these plugins in your config, it's possible that they are enabled multiple times with different options.
You can re-run Babel with the BABEL_SHOW_CONFIG_FOR environment variable to show the loaded configuration:
	npx cross-env BABEL_SHOW_CONFIG_FOR=/Users/Ajaya/Documents/TizenGitTVApp/node_modules/@tanstack/react-query/build/legacy/errorBoundaryUtils.cjs <your build command>
See https://babeljs.io/docs/configuration#print-effective-configs for more info.
Though the "loose" option was set to "true" in your @babel/preset-env config, it will not be used for @babel/plugin-transform-private-methods since the "loose" mode option was set to "false" for @babel/plugin-transform-private-property-in-object.
The "loose" option must be the same for @babel/plugin-transform-class-properties, @babel/plugin-transform-private-methods and @babel/plugin-transform-private-property-in-object (when they are enabled): you can silence this warning by explicitly adding
	["@babel/plugin-transform-private-methods", { "loose": false }]
to the "plugins" section of your Babel config.

If you already set the same 'loose' mode for these plugins in your config, it's possible that they are enabled multiple times with different options.
You can re-run Babel with the BABEL_SHOW_CONFIG_FOR environment variable to show the loaded configuration:
	npx cross-env BABEL_SHOW_CONFIG_FOR=/Users/Ajaya/Documents/TizenGitTVApp/node_modules/@tanstack/react-query/build/legacy/errorBoundaryUtils.cjs <your build command>
See https://babeljs.io/docs/configuration#print-effective-configs for more info.
Though the "loose" option was set to "true" in your @babel/preset-env config, it will not be used for @babel/plugin-transform-private-property-in-object since the "loose" mode option was set to "false" for @babel/plugin-transform-class-properties.
The "loose" option must be the same for @babel/plugin-transform-class-properties, @babel/plugin-transform-private-methods and @babel/plugin-transform-private-property-in-object (when they are enabled): you can silence this warning by explicitly adding
	["@babel/plugin-transform-private-property-in-object", { "loose": false }]
to the "plugins" section of your Babel config.

If you already set the same 'loose' mode for these plugins in your config, it's possible that they are enabled multiple times with different options.
You can re-run Babel with the BABEL_SHOW_CONFIG_FOR environment variable to show the loaded configuration:
	npx cross-env BABEL_SHOW_CONFIG_FOR=/Users/Ajaya/Documents/TizenGitTVApp/node_modules/@babel/runtime/helpers/regeneratorDefine.js <your build command>
See https://babeljs.io/docs/configuration#print-effective-configs for more info.
Though the "loose" option was set to "true" in your @babel/preset-env config, it will not be used for @babel/plugin-transform-private-methods since the "loose" mode option was set to "false" for @babel/plugin-transform-private-property-in-object.
The "loose" option must be the same for @babel/plugin-transform-class-properties, @babel/plugin-transform-private-methods and @babel/plugin-transform-private-property-in-object (when they are enabled): you can silence this warning by explicitly adding
	["@babel/plugin-transform-private-methods", { "loose": false }]
to the "plugins" section of your Babel config.

If you already set the same 'loose' mode for these plugins in your config, it's possible that they are enabled multiple times with different options.
You can re-run Babel with the BABEL_SHOW_CONFIG_FOR environment variable to show the loaded configuration:
	npx cross-env BABEL_SHOW_CONFIG_FOR=/Users/Ajaya/Documents/TizenGitTVApp/node_modules/@babel/runtime/helpers/regeneratorDefine.js <your build command>
See https://babeljs.io/docs/configuration#print-effective-configs for more info.
Though the "loose" option was set to "true" in your @babel/preset-env config, it will not be used for @babel/plugin-transform-private-property-in-object since the "loose" mode option was set to "false" for @babel/plugin-transform-class-properties.
The "loose" option must be the same for @babel/plugin-transform-class-properties, @babel/plugin-transform-private-methods and @babel/plugin-transform-private-property-in-object (when they are enabled): you can silence this warning by explicitly adding
	["@babel/plugin-transform-private-property-in-object", { "loose": false }]
to the "plugins" section of your Babel config.

If you already set the same 'loose' mode for these plugins in your config, it's possible that they are enabled multiple times with different options.
You can re-run Babel with the BABEL_SHOW_CONFIG_FOR environment variable to show the loaded configuration:
	npx cross-env BABEL_SHOW_CONFIG_FOR=/Users/Ajaya/Documents/TizenGitTVApp/node_modules/react-hot-toast/dist/index.js <your build command>
See https://babeljs.io/docs/configuration#print-effective-configs for more info.
Though the "loose" option was set to "true" in your @babel/preset-env config, it will not be used for @babel/plugin-transform-private-methods since the "loose" mode option was set to "false" for @babel/plugin-transform-private-property-in-object.
The "loose" option must be the same for @babel/plugin-transform-class-properties, @babel/plugin-transform-private-methods and @babel/plugin-transform-private-property-in-object (when they are enabled): you can silence this warning by explicitly adding
	["@babel/plugin-transform-private-methods", { "loose": false }]
to the "plugins" section of your Babel config.

If you already set the same 'loose' mode for these plugins in your config, it's possible that they are enabled multiple times with different options.
You can re-run Babel with the BABEL_SHOW_CONFIG_FOR environment variable to show the loaded configuration:
	npx cross-env BABEL_SHOW_CONFIG_FOR=/Users/Ajaya/Documents/TizenGitTVApp/node_modules/react-hot-toast/dist/index.js <your build command>
See https://babeljs.io/docs/configuration#print-effective-configs for more info.
Though the "loose" option was set to "true" in your @babel/preset-env config, it will not be used for @babel/plugin-transform-private-property-in-object since the "loose" mode option was set to "false" for @babel/plugin-transform-class-properties.
The "loose" option must be the same for @babel/plugin-transform-class-properties, @babel/plugin-transform-private-methods and @babel/plugin-transform-private-property-in-object (when they are enabled): you can silence this warning by explicitly adding
	["@babel/plugin-transform-private-property-in-object", { "loose": false }]
to the "plugins" section of your Babel config.

If you already set the same 'loose' mode for these plugins in your config, it's possible that they are enabled multiple times with different options.
You can re-run Babel with the BABEL_SHOW_CONFIG_FOR environment variable to show the loaded configuration:
	npx cross-env BABEL_SHOW_CONFIG_FOR=/Users/Ajaya/Documents/TizenGitTVApp/node_modules/@tanstack/query-core/build/legacy/index.cjs <your build command>
See https://babeljs.io/docs/configuration#print-effective-configs for more info.
Though the "loose" option was set to "true" in your @babel/preset-env config, it will not be used for @babel/plugin-transform-private-methods since the "loose" mode option was set to "false" for @babel/plugin-transform-private-property-in-object.
The "loose" option must be the same for @babel/plugin-transform-class-properties, @babel/plugin-transform-private-methods and @babel/plugin-transform-private-property-in-object (when they are enabled): you can silence this warning by explicitly adding
	["@babel/plugin-transform-private-methods", { "loose": false }]
to the "plugins" section of your Babel config.

If you already set the same 'loose' mode for these plugins in your config, it's possible that they are enabled multiple times with different options.
You can re-run Babel with the BABEL_SHOW_CONFIG_FOR environment variable to show the loaded configuration:
	npx cross-env BABEL_SHOW_CONFIG_FOR=/Users/Ajaya/Documents/TizenGitTVApp/node_modules/@tanstack/query-core/build/legacy/index.cjs <your build command>
See https://babeljs.io/docs/configuration#print-effective-configs for more info.
Though the "loose" option was set to "true" in your @babel/preset-env config, it will not be used for @babel/plugin-transform-private-property-in-object since the "loose" mode option was set to "false" for @babel/plugin-transform-class-properties.
The "loose" option must be the same for @babel/plugin-transform-class-properties, @babel/plugin-transform-private-methods and @babel/plugin-transform-private-property-in-object (when they are enabled): you can silence this warning by explicitly adding
	["@babel/plugin-transform-private-property-in-object", { "loose": false }]
to the "plugins" section of your Babel config.

If you already set the same 'loose' mode for these plugins in your config, it's possible that they are enabled multiple times with different options.
You can re-run Babel with the BABEL_SHOW_CONFIG_FOR environment variable to show the loaded configuration:
	npx cross-env BABEL_SHOW_CONFIG_FOR=/Users/Ajaya/Documents/TizenGitTVApp/node_modules/@mui/material/InitColorSchemeScript/index.js <your build command>
See https://babeljs.io/docs/configuration#print-effective-configs for more info.
Though the "loose" option was set to "true" in your @babel/preset-env config, it will not be used for @babel/plugin-transform-private-methods since the "loose" mode option was set to "false" for @babel/plugin-transform-private-property-in-object.
The "loose" option must be the same for @babel/plugin-transform-class-properties, @babel/plugin-transform-private-methods and @babel/plugin-transform-private-property-in-object (when they are enabled): you can silence this warning by explicitly adding
	["@babel/plugin-transform-private-methods", { "loose": false }]
to the "plugins" section of your Babel config.

If you already set the same 'loose' mode for these plugins in your config, it's possible that they are enabled multiple times with different options.
You can re-run Babel with the BABEL_SHOW_CONFIG_FOR environment variable to show the loaded configuration:
	npx cross-env BABEL_SHOW_CONFIG_FOR=/Users/Ajaya/Documents/TizenGitTVApp/node_modules/@mui/material/InitColorSchemeScript/index.js <your build command>
See https://babeljs.io/docs/configuration#print-effective-configs for more info.
Though the "loose" option was set to "true" in your @babel/preset-env config, it will not be used for @babel/plugin-transform-private-property-in-object since the "loose" mode option was set to "false" for @babel/plugin-transform-class-properties.
The "loose" option must be the same for @babel/plugin-transform-class-properties, @babel/plugin-transform-private-methods and @babel/plugin-transform-private-property-in-object (when they are enabled): you can silence this warning by explicitly adding
	["@babel/plugin-transform-private-property-in-object", { "loose": false }]
to the "plugins" section of your Babel config.

If you already set the same 'loose' mode for these plugins in your config, it's possible that they are enabled multiple times with different options.
You can re-run Babel with the BABEL_SHOW_CONFIG_FOR environment variable to show the loaded configuration:
	npx cross-env BABEL_SHOW_CONFIG_FOR=/Users/Ajaya/Documents/TizenGitTVApp/node_modules/@mui/material/Unstable_TrapFocus/index.js <your build command>
See https://babeljs.io/docs/configuration#print-effective-configs for more info.
Though the "loose" option was set to "true" in your @babel/preset-env config, it will not be used for @babel/plugin-transform-private-methods since the "loose" mode option was set to "false" for @babel/plugin-transform-private-property-in-object.
The "loose" option must be the same for @babel/plugin-transform-class-properties, @babel/plugin-transform-private-methods and @babel/plugin-transform-private-property-in-object (when they are enabled): you can silence this warning by explicitly adding
	["@babel/plugin-transform-private-methods", { "loose": false }]
to the "plugins" section of your Babel config.

If you already set the same 'loose' mode for these plugins in your config, it's possible that they are enabled multiple times with different options.
You can re-run Babel with the BABEL_SHOW_CONFIG_FOR environment variable to show the loaded configuration:
	npx cross-env BABEL_SHOW_CONFIG_FOR=/Users/Ajaya/Documents/TizenGitTVApp/node_modules/@mui/material/Unstable_TrapFocus/index.js <your build command>
See https://babeljs.io/docs/configuration#print-effective-configs for more info.
Though the "loose" option was set to "true" in your @babel/preset-env config, it will not be used for @babel/plugin-transform-private-property-in-object since the "loose" mode option was set to "false" for @babel/plugin-transform-class-properties.
The "loose" option must be the same for @babel/plugin-transform-class-properties, @babel/plugin-transform-private-methods and @babel/plugin-transform-private-property-in-object (when they are enabled): you can silence this warning by explicitly adding
	["@babel/plugin-transform-private-property-in-object", { "loose": false }]
to the "plugins" section of your Babel config.

If you already set the same 'loose' mode for these plugins in your config, it's possible that they are enabled multiple times with different options.
You can re-run Babel with the BABEL_SHOW_CONFIG_FOR environment variable to show the loaded configuration:
	npx cross-env BABEL_SHOW_CONFIG_FOR=/Users/Ajaya/Documents/TizenGitTVApp/node_modules/@mui/material/generateUtilityClasses/index.js <your build command>
See https://babeljs.io/docs/configuration#print-effective-configs for more info.
Though the "loose" option was set to "true" in your @babel/preset-env config, it will not be used for @babel/plugin-transform-private-methods since the "loose" mode option was set to "false" for @babel/plugin-transform-private-property-in-object.
The "loose" option must be the same for @babel/plugin-transform-class-properties, @babel/plugin-transform-private-methods and @babel/plugin-transform-private-property-in-object (when they are enabled): you can silence this warning by explicitly adding
	["@babel/plugin-transform-private-methods", { "loose": false }]
to the "plugins" section of your Babel config.

If you already set the same 'loose' mode for these plugins in your config, it's possible that they are enabled multiple times with different options.
You can re-run Babel with the BABEL_SHOW_CONFIG_FOR environment variable to show the loaded configuration:
	npx cross-env BABEL_SHOW_CONFIG_FOR=/Users/Ajaya/Documents/TizenGitTVApp/node_modules/@mui/material/generateUtilityClasses/index.js <your build command>
See https://babeljs.io/docs/configuration#print-effective-configs for more info.
Though the "loose" option was set to "true" in your @babel/preset-env config, it will not be used for @babel/plugin-transform-private-property-in-object since the "loose" mode option was set to "false" for @babel/plugin-transform-class-properties.
The "loose" option must be the same for @babel/plugin-transform-class-properties, @babel/plugin-transform-private-methods and @babel/plugin-transform-private-property-in-object (when they are enabled): you can silence this warning by explicitly adding
	["@babel/plugin-transform-private-property-in-object", { "loose": false }]
to the "plugins" section of your Babel config.

If you already set the same 'loose' mode for these plugins in your config, it's possible that they are enabled multiple times with different options.
You can re-run Babel with the BABEL_SHOW_CONFIG_FOR environment variable to show the loaded configuration:
	npx cross-env BABEL_SHOW_CONFIG_FOR=/Users/Ajaya/Documents/TizenGitTVApp/node_modules/@mui/material/generateUtilityClass/index.js <your build command>
See https://babeljs.io/docs/configuration#print-effective-configs for more info.
Though the "loose" option was set to "true" in your @babel/preset-env config, it will not be used for @babel/plugin-transform-private-methods since the "loose" mode option was set to "false" for @babel/plugin-transform-private-property-in-object.
The "loose" option must be the same for @babel/plugin-transform-class-properties, @babel/plugin-transform-private-methods and @babel/plugin-transform-private-property-in-object (when they are enabled): you can silence this warning by explicitly adding
	["@babel/plugin-transform-private-methods", { "loose": false }]
to the "plugins" section of your Babel config.

If you already set the same 'loose' mode for these plugins in your config, it's possible that they are enabled multiple times with different options.
You can re-run Babel with the BABEL_SHOW_CONFIG_FOR environment variable to show the loaded configuration:
	npx cross-env BABEL_SHOW_CONFIG_FOR=/Users/Ajaya/Documents/TizenGitTVApp/node_modules/@mui/material/generateUtilityClass/index.js <your build command>
See https://babeljs.io/docs/configuration#print-effective-configs for more info.
Though the "loose" option was set to "true" in your @babel/preset-env config, it will not be used for @babel/plugin-transform-private-property-in-object since the "loose" mode option was set to "false" for @babel/plugin-transform-class-properties.
The "loose" option must be the same for @babel/plugin-transform-class-properties, @babel/plugin-transform-private-methods and @babel/plugin-transform-private-property-in-object (when they are enabled): you can silence this warning by explicitly adding
	["@babel/plugin-transform-private-property-in-object", { "loose": false }]
to the "plugins" section of your Babel config.

If you already set the same 'loose' mode for these plugins in your config, it's possible that they are enabled multiple times with different options.
You can re-run Babel with the BABEL_SHOW_CONFIG_FOR environment variable to show the loaded configuration:
	npx cross-env BABEL_SHOW_CONFIG_FOR=/Users/Ajaya/Documents/TizenGitTVApp/node_modules/@mui/material/version/index.js <your build command>
See https://babeljs.io/docs/configuration#print-effective-configs for more info.
Though the "loose" option was set to "true" in your @babel/preset-env config, it will not be used for @babel/plugin-transform-private-methods since the "loose" mode option was set to "false" for @babel/plugin-transform-private-property-in-object.
The "loose" option must be the same for @babel/plugin-transform-class-properties, @babel/plugin-transform-private-methods and @babel/plugin-transform-private-property-in-object (when they are enabled): you can silence this warning by explicitly adding
	["@babel/plugin-transform-private-methods", { "loose": false }]
to the "plugins" section of your Babel config.

If you already set the same 'loose' mode for these plugins in your config, it's possible that they are enabled multiple times with different options.
You can re-run Babel with the BABEL_SHOW_CONFIG_FOR environment variable to show the loaded configuration:
	npx cross-env BABEL_SHOW_CONFIG_FOR=/Users/Ajaya/Documents/TizenGitTVApp/node_modules/@mui/material/version/index.js <your build command>
See https://babeljs.io/docs/configuration#print-effective-configs for more info.
Though the "loose" option was set to "true" in your @babel/preset-env config, it will not be used for @babel/plugin-transform-private-property-in-object since the "loose" mode option was set to "false" for @babel/plugin-transform-class-properties.
The "loose" option must be the same for @babel/plugin-transform-class-properties, @babel/plugin-transform-private-methods and @babel/plugin-transform-private-property-in-object (when they are enabled): you can silence this warning by explicitly adding
	["@babel/plugin-transform-private-property-in-object", { "loose": false }]
to the "plugins" section of your Babel config.

If you already set the same 'loose' mode for these plugins in your config, it's possible that they are enabled multiple times with different options.
You can re-run Babel with the BABEL_SHOW_CONFIG_FOR environment variable to show the loaded configuration:
	npx cross-env BABEL_SHOW_CONFIG_FOR=/Users/Ajaya/Documents/TizenGitTVApp/node_modules/@mui/material/useAutocomplete/index.js <your build command>
See https://babeljs.io/docs/configuration#print-effective-configs for more info.
Though the "loose" option was set to "true" in your @babel/preset-env config, it will not be used for @babel/plugin-transform-private-methods since the "loose" mode option was set to "false" for @babel/plugin-transform-private-property-in-object.
The "loose" option must be the same for @babel/plugin-transform-class-properties, @babel/plugin-transform-private-methods and @babel/plugin-transform-private-property-in-object (when they are enabled): you can silence this warning by explicitly adding
	["@babel/plugin-transform-private-methods", { "loose": false }]
to the "plugins" section of your Babel config.

If you already set the same 'loose' mode for these plugins in your config, it's possible that they are enabled multiple times with different options.
You can re-run Babel with the BABEL_SHOW_CONFIG_FOR environment variable to show the loaded configuration:
	npx cross-env BABEL_SHOW_CONFIG_FOR=/Users/Ajaya/Documents/TizenGitTVApp/node_modules/@mui/material/useAutocomplete/index.js <your build command>
See https://babeljs.io/docs/configuration#print-effective-configs for more info.
Though the "loose" option was set to "true" in your @babel/preset-env config, it will not be used for @babel/plugin-transform-private-property-in-object since the "loose" mode option was set to "false" for @babel/plugin-transform-class-properties.
The "loose" option must be the same for @babel/plugin-transform-class-properties, @babel/plugin-transform-private-methods and @babel/plugin-transform-private-property-in-object (when they are enabled): you can silence this warning by explicitly adding
	["@babel/plugin-transform-private-property-in-object", { "loose": false }]
to the "plugins" section of your Babel config.

If you already set the same 'loose' mode for these plugins in your config, it's possible that they are enabled multiple times with different options.
You can re-run Babel with the BABEL_SHOW_CONFIG_FOR environment variable to show the loaded configuration:
	npx cross-env BABEL_SHOW_CONFIG_FOR=/Users/Ajaya/Documents/TizenGitTVApp/node_modules/@mui/material/GlobalStyles/index.js <your build command>
See https://babeljs.io/docs/configuration#print-effective-configs for more info.
Though the "loose" option was set to "true" in your @babel/preset-env config, it will not be used for @babel/plugin-transform-private-methods since the "loose" mode option was set to "false" for @babel/plugin-transform-private-property-in-object.
The "loose" option must be the same for @babel/plugin-transform-class-properties, @babel/plugin-transform-private-methods and @babel/plugin-transform-private-property-in-object (when they are enabled): you can silence this warning by explicitly adding
	["@babel/plugin-transform-private-methods", { "loose": false }]
to the "plugins" section of your Babel config.

If you already set the same 'loose' mode for these plugins in your config, it's possible that they are enabled multiple times with different options.
You can re-run Babel with the BABEL_SHOW_CONFIG_FOR environment variable to show the loaded configuration:
	npx cross-env BABEL_SHOW_CONFIG_FOR=/Users/Ajaya/Documents/TizenGitTVApp/node_modules/@mui/material/GlobalStyles/index.js <your build command>
See https://babeljs.io/docs/configuration#print-effective-configs for more info.
Though the "loose" option was set to "true" in your @babel/preset-env config, it will not be used for @babel/plugin-transform-private-property-in-object since the "loose" mode option was set to "false" for @babel/plugin-transform-class-properties.
The "loose" option must be the same for @babel/plugin-transform-class-properties, @babel/plugin-transform-private-methods and @babel/plugin-transform-private-property-in-object (when they are enabled): you can silence this warning by explicitly adding
	["@babel/plugin-transform-private-property-in-object", { "loose": false }]
to the "plugins" section of your Babel config.

If you already set the same 'loose' mode for these plugins in your config, it's possible that they are enabled multiple times with different options.
You can re-run Babel with the BABEL_SHOW_CONFIG_FOR environment variable to show the loaded configuration:
	npx cross-env BABEL_SHOW_CONFIG_FOR=/Users/Ajaya/Documents/TizenGitTVApp/node_modules/@mui/material/usePagination/index.js <your build command>
See https://babeljs.io/docs/configuration#print-effective-configs for more info.
Though the "loose" option was set to "true" in your @babel/preset-env config, it will not be used for @babel/plugin-transform-private-methods since the "loose" mode option was set to "false" for @babel/plugin-transform-private-property-in-object.
The "loose" option must be the same for @babel/plugin-transform-class-properties, @babel/plugin-transform-private-methods and @babel/plugin-transform-private-property-in-object (when they are enabled): you can silence this warning by explicitly adding
	["@babel/plugin-transform-private-methods", { "loose": false }]
to the "plugins" section of your Babel config.

If you already set the same 'loose' mode for these plugins in your config, it's possible that they are enabled multiple times with different options.
You can re-run Babel with the BABEL_SHOW_CONFIG_FOR environment variable to show the loaded configuration:
	npx cross-env BABEL_SHOW_CONFIG_FOR=/Users/Ajaya/Documents/TizenGitTVApp/node_modules/@mui/material/usePagination/index.js <your build command>
See https://babeljs.io/docs/configuration#print-effective-configs for more info.
Though the "loose" option was set to "true" in your @babel/preset-env config, it will not be used for @babel/plugin-transform-private-property-in-object since the "loose" mode option was set to "false" for @babel/plugin-transform-class-properties.
The "loose" option must be the same for @babel/plugin-transform-class-properties, @babel/plugin-transform-private-methods and @babel/plugin-transform-private-property-in-object (when they are enabled): you can silence this warning by explicitly adding
	["@babel/plugin-transform-private-property-in-object", { "loose": false }]
to the "plugins" section of your Babel config.

If you already set the same 'loose' mode for these plugins in your config, it's possible that they are enabled multiple times with different options.
You can re-run Babel with the BABEL_SHOW_CONFIG_FOR environment variable to show the loaded configuration:
	npx cross-env BABEL_SHOW_CONFIG_FOR=/Users/Ajaya/Documents/TizenGitTVApp/node_modules/@mui/material/Zoom/index.js <your build command>
See https://babeljs.io/docs/configuration#print-effective-configs for more info.
Though the "loose" option was set to "true" in your @babel/preset-env config, it will not be used for @babel/plugin-transform-private-methods since the "loose" mode option was set to "false" for @babel/plugin-transform-private-property-in-object.
The "loose" option must be the same for @babel/plugin-transform-class-properties, @babel/plugin-transform-private-methods and @babel/plugin-transform-private-property-in-object (when they are enabled): you can silence this warning by explicitly adding
	["@babel/plugin-transform-private-methods", { "loose": false }]
to the "plugins" section of your Babel config.

If you already set the same 'loose' mode for these plugins in your config, it's possible that they are enabled multiple times with different options.
You can re-run Babel with the BABEL_SHOW_CONFIG_FOR environment variable to show the loaded configuration:
	npx cross-env BABEL_SHOW_CONFIG_FOR=/Users/Ajaya/Documents/TizenGitTVApp/node_modules/@mui/material/Zoom/index.js <your build command>
See https://babeljs.io/docs/configuration#print-effective-configs for more info.
Though the "loose" option was set to "true" in your @babel/preset-env config, it will not be used for @babel/plugin-transform-private-property-in-object since the "loose" mode option was set to "false" for @babel/plugin-transform-class-properties.
The "loose" option must be the same for @babel/plugin-transform-class-properties, @babel/plugin-transform-private-methods and @babel/plugin-transform-private-property-in-object (when they are enabled): you can silence this warning by explicitly adding
	["@babel/plugin-transform-private-property-in-object", { "loose": false }]
to the "plugins" section of your Babel config.

If you already set the same 'loose' mode for these plugins in your config, it's possible that they are enabled multiple times with different options.
You can re-run Babel with the BABEL_SHOW_CONFIG_FOR environment variable to show the loaded configuration:
	npx cross-env BABEL_SHOW_CONFIG_FOR=/Users/Ajaya/Documents/TizenGitTVApp/node_modules/@mui/material/useScrollTrigger/index.js <your build command>
See https://babeljs.io/docs/configuration#print-effective-configs for more info.
Though the "loose" option was set to "true" in your @babel/preset-env config, it will not be used for @babel/plugin-transform-private-methods since the "loose" mode option was set to "false" for @babel/plugin-transform-private-property-in-object.
The "loose" option must be the same for @babel/plugin-transform-class-properties, @babel/plugin-transform-private-methods and @babel/plugin-transform-private-property-in-object (when they are enabled): you can silence this warning by explicitly adding
	["@babel/plugin-transform-private-methods", { "loose": false }]
to the "plugins" section of your Babel config.

If you already set the same 'loose' mode for these plugins in your config, it's possible that they are enabled multiple times with different options.
You can re-run Babel with the BABEL_SHOW_CONFIG_FOR environment variable to show the loaded configuration:
	npx cross-env BABEL_SHOW_CONFIG_FOR=/Users/Ajaya/Documents/TizenGitTVApp/node_modules/@mui/material/useScrollTrigger/index.js <your build command>
See https://babeljs.io/docs/configuration#print-effective-configs for more info.
Though the "loose" option was set to "true" in your @babel/preset-env config, it will not be used for @babel/plugin-transform-private-property-in-object since the "loose" mode option was set to "false" for @babel/plugin-transform-class-properties.
The "loose" option must be the same for @babel/plugin-transform-class-properties, @babel/plugin-transform-private-methods and @babel/plugin-transform-private-property-in-object (when they are enabled): you can silence this warning by explicitly adding
	["@babel/plugin-transform-private-property-in-object", { "loose": false }]
to the "plugins" section of your Babel config.

If you already set the same 'loose' mode for these plugins in your config, it's possible that they are enabled multiple times with different options.
You can re-run Babel with the BABEL_SHOW_CONFIG_FOR environment variable to show the loaded configuration:
	npx cross-env BABEL_SHOW_CONFIG_FOR=/Users/Ajaya/Documents/TizenGitTVApp/node_modules/@mui/material/useMediaQuery/index.js <your build command>
See https://babeljs.io/docs/configuration#print-effective-configs for more info.
Though the "loose" option was set to "true" in your @babel/preset-env config, it will not be used for @babel/plugin-transform-private-methods since the "loose" mode option was set to "false" for @babel/plugin-transform-private-property-in-object.
The "loose" option must be the same for @babel/plugin-transform-class-properties, @babel/plugin-transform-private-methods and @babel/plugin-transform-private-property-in-object (when they are enabled): you can silence this warning by explicitly adding
	["@babel/plugin-transform-private-methods", { "loose": false }]
to the "plugins" section of your Babel config.

If you already set the same 'loose' mode for these plugins in your config, it's possible that they are enabled multiple times with different options.
You can re-run Babel with the BABEL_SHOW_CONFIG_FOR environment variable to show the loaded configuration:
	npx cross-env BABEL_SHOW_CONFIG_FOR=/Users/Ajaya/Documents/TizenGitTVApp/node_modules/@mui/material/useMediaQuery/index.js <your build command>
See https://babeljs.io/docs/configuration#print-effective-configs for more info.
Though the "loose" option was set to "true" in your @babel/preset-env config, it will not be used for @babel/plugin-transform-private-property-in-object since the "loose" mode option was set to "false" for @babel/plugin-transform-class-properties.
The "loose" option must be the same for @babel/plugin-transform-class-properties, @babel/plugin-transform-private-methods and @babel/plugin-transform-private-property-in-object (when they are enabled): you can silence this warning by explicitly adding
	["@babel/plugin-transform-private-property-in-object", { "loose": false }]
to the "plugins" section of your Babel config.

If you already set the same 'loose' mode for these plugins in your config, it's possible that they are enabled multiple times with different options.
You can re-run Babel with the BABEL_SHOW_CONFIG_FOR environment variable to show the loaded configuration:
	npx cross-env BABEL_SHOW_CONFIG_FOR=/Users/Ajaya/Documents/TizenGitTVApp/node_modules/@mui/material/Typography/index.js <your build command>
See https://babeljs.io/docs/configuration#print-effective-configs for more info.
Though the "loose" option was set to "true" in your @babel/preset-env config, it will not be used for @babel/plugin-transform-private-methods since the "loose" mode option was set to "false" for @babel/plugin-transform-private-property-in-object.
The "loose" option must be the same for @babel/plugin-transform-class-properties, @babel/plugin-transform-private-methods and @babel/plugin-transform-private-property-in-object (when they are enabled): you can silence this warning by explicitly adding
	["@babel/plugin-transform-private-methods", { "loose": false }]
to the "plugins" section of your Babel config.

If you already set the same 'loose' mode for these plugins in your config, it's possible that they are enabled multiple times with different options.
You can re-run Babel with the BABEL_SHOW_CONFIG_FOR environment variable to show the loaded configuration:
	npx cross-env BABEL_SHOW_CONFIG_FOR=/Users/Ajaya/Documents/TizenGitTVApp/node_modules/@mui/material/Typography/index.js <your build command>
See https://babeljs.io/docs/configuration#print-effective-configs for more info.
Though the "loose" option was set to "true" in your @babel/preset-env config, it will not be used for @babel/plugin-transform-private-property-in-object since the "loose" mode option was set to "false" for @babel/plugin-transform-class-properties.
The "loose" option must be the same for @babel/plugin-transform-class-properties, @babel/plugin-transform-private-methods and @babel/plugin-transform-private-property-in-object (when they are enabled): you can silence this warning by explicitly adding
	["@babel/plugin-transform-private-property-in-object", { "loose": false }]
to the "plugins" section of your Babel config.

If you already set the same 'loose' mode for these plugins in your config, it's possible that they are enabled multiple times with different options.
You can re-run Babel with the BABEL_SHOW_CONFIG_FOR environment variable to show the loaded configuration:
	npx cross-env BABEL_SHOW_CONFIG_FOR=/Users/Ajaya/Documents/TizenGitTVApp/node_modules/@mui/material/Tooltip/index.js <your build command>
See https://babeljs.io/docs/configuration#print-effective-configs for more info.
Though the "loose" option was set to "true" in your @babel/preset-env config, it will not be used for @babel/plugin-transform-private-methods since the "loose" mode option was set to "false" for @babel/plugin-transform-private-property-in-object.
The "loose" option must be the same for @babel/plugin-transform-class-properties, @babel/plugin-transform-private-methods and @babel/plugin-transform-private-property-in-object (when they are enabled): you can silence this warning by explicitly adding
	["@babel/plugin-transform-private-methods", { "loose": false }]
to the "plugins" section of your Babel config.

If you already set the same 'loose' mode for these plugins in your config, it's possible that they are enabled multiple times with different options.
You can re-run Babel with the BABEL_SHOW_CONFIG_FOR environment variable to show the loaded configuration:
	npx cross-env BABEL_SHOW_CONFIG_FOR=/Users/Ajaya/Documents/TizenGitTVApp/node_modules/@mui/material/Tooltip/index.js <your build command>
See https://babeljs.io/docs/configuration#print-effective-configs for more info.
Though the "loose" option was set to "true" in your @babel/preset-env config, it will not be used for @babel/plugin-transform-private-property-in-object since the "loose" mode option was set to "false" for @babel/plugin-transform-class-properties.
The "loose" option must be the same for @babel/plugin-transform-class-properties, @babel/plugin-transform-private-methods and @babel/plugin-transform-private-property-in-object (when they are enabled): you can silence this warning by explicitly adding
	["@babel/plugin-transform-private-property-in-object", { "loose": false }]
to the "plugins" section of your Babel config.

If you already set the same 'loose' mode for these plugins in your config, it's possible that they are enabled multiple times with different options.
You can re-run Babel with the BABEL_SHOW_CONFIG_FOR environment variable to show the loaded configuration:
	npx cross-env BABEL_SHOW_CONFIG_FOR=/Users/Ajaya/Documents/TizenGitTVApp/node_modules/@mui/material/ToggleButtonGroup/index.js <your build command>
See https://babeljs.io/docs/configuration#print-effective-configs for more info.
Though the "loose" option was set to "true" in your @babel/preset-env config, it will not be used for @babel/plugin-transform-private-methods since the "loose" mode option was set to "false" for @babel/plugin-transform-private-property-in-object.
The "loose" option must be the same for @babel/plugin-transform-class-properties, @babel/plugin-transform-private-methods and @babel/plugin-transform-private-property-in-object (when they are enabled): you can silence this warning by explicitly adding
	["@babel/plugin-transform-private-methods", { "loose": false }]
to the "plugins" section of your Babel config.

If you already set the same 'loose' mode for these plugins in your config, it's possible that they are enabled multiple times with different options.
You can re-run Babel with the BABEL_SHOW_CONFIG_FOR environment variable to show the loaded configuration:
	npx cross-env BABEL_SHOW_CONFIG_FOR=/Users/Ajaya/Documents/TizenGitTVApp/node_modules/@mui/material/ToggleButtonGroup/index.js <your build command>
See https://babeljs.io/docs/configuration#print-effective-configs for more info.
Though the "loose" option was set to "true" in your @babel/preset-env config, it will not be used for @babel/plugin-transform-private-property-in-object since the "loose" mode option was set to "false" for @babel/plugin-transform-class-properties.
The "loose" option must be the same for @babel/plugin-transform-class-properties, @babel/plugin-transform-private-methods and @babel/plugin-transform-private-property-in-object (when they are enabled): you can silence this warning by explicitly adding
	["@babel/plugin-transform-private-property-in-object", { "loose": false }]
to the "plugins" section of your Babel config.

If you already set the same 'loose' mode for these plugins in your config, it's possible that they are enabled multiple times with different options.
You can re-run Babel with the BABEL_SHOW_CONFIG_FOR environment variable to show the loaded configuration:
	npx cross-env BABEL_SHOW_CONFIG_FOR=/Users/Ajaya/Documents/TizenGitTVApp/node_modules/@mui/material/Toolbar/index.js <your build command>
See https://babeljs.io/docs/configuration#print-effective-configs for more info.
Though the "loose" option was set to "true" in your @babel/preset-env config, it will not be used for @babel/plugin-transform-private-methods since the "loose" mode option was set to "false" for @babel/plugin-transform-private-property-in-object.
The "loose" option must be the same for @babel/plugin-transform-class-properties, @babel/plugin-transform-private-methods and @babel/plugin-transform-private-property-in-object (when they are enabled): you can silence this warning by explicitly adding
	["@babel/plugin-transform-private-methods", { "loose": false }]
to the "plugins" section of your Babel config.

If you already set the same 'loose' mode for these plugins in your config, it's possible that they are enabled multiple times with different options.
You can re-run Babel with the BABEL_SHOW_CONFIG_FOR environment variable to show the loaded configuration:
	npx cross-env BABEL_SHOW_CONFIG_FOR=/Users/Ajaya/Documents/TizenGitTVApp/node_modules/@mui/material/Toolbar/index.js <your build command>
See https://babeljs.io/docs/configuration#print-effective-configs for more info.
Though the "loose" option was set to "true" in your @babel/preset-env config, it will not be used for @babel/plugin-transform-private-property-in-object since the "loose" mode option was set to "false" for @babel/plugin-transform-class-properties.
The "loose" option must be the same for @babel/plugin-transform-class-properties, @babel/plugin-transform-private-methods and @babel/plugin-transform-private-property-in-object (when they are enabled): you can silence this warning by explicitly adding
	["@babel/plugin-transform-private-property-in-object", { "loose": false }]
to the "plugins" section of your Babel config.

If you already set the same 'loose' mode for these plugins in your config, it's possible that they are enabled multiple times with different options.
You can re-run Babel with the BABEL_SHOW_CONFIG_FOR environment variable to show the loaded configuration:
	npx cross-env BABEL_SHOW_CONFIG_FOR=/Users/Ajaya/Documents/TizenGitTVApp/node_modules/@mui/material/ToggleButton/index.js <your build command>
See https://babeljs.io/docs/configuration#print-effective-configs for more info.
Though the "loose" option was set to "true" in your @babel/preset-env config, it will not be used for @babel/plugin-transform-private-methods since the "loose" mode option was set to "false" for @babel/plugin-transform-private-property-in-object.
The "loose" option must be the same for @babel/plugin-transform-class-properties, @babel/plugin-transform-private-methods and @babel/plugin-transform-private-property-in-object (when they are enabled): you can silence this warning by explicitly adding
	["@babel/plugin-transform-private-methods", { "loose": false }]
to the "plugins" section of your Babel config.

If you already set the same 'loose' mode for these plugins in your config, it's possible that they are enabled multiple times with different options.
You can re-run Babel with the BABEL_SHOW_CONFIG_FOR environment variable to show the loaded configuration:
	npx cross-env BABEL_SHOW_CONFIG_FOR=/Users/Ajaya/Documents/TizenGitTVApp/node_modules/@mui/material/ToggleButton/index.js <your build command>
See https://babeljs.io/docs/configuration#print-effective-configs for more info.
Though the "loose" option was set to "true" in your @babel/preset-env config, it will not be used for @babel/plugin-transform-private-property-in-object since the "loose" mode option was set to "false" for @babel/plugin-transform-class-properties.
The "loose" option must be the same for @babel/plugin-transform-class-properties, @babel/plugin-transform-private-methods and @babel/plugin-transform-private-property-in-object (when they are enabled): you can silence this warning by explicitly adding
	["@babel/plugin-transform-private-property-in-object", { "loose": false }]
to the "plugins" section of your Babel config.

If you already set the same 'loose' mode for these plugins in your config, it's possible that they are enabled multiple times with different options.
You can re-run Babel with the BABEL_SHOW_CONFIG_FOR environment variable to show the loaded configuration:
	npx cross-env BABEL_SHOW_CONFIG_FOR=/Users/Ajaya/Documents/TizenGitTVApp/node_modules/@babel/runtime/helpers/taggedTemplateLiteral.js <your build command>
See https://babeljs.io/docs/configuration#print-effective-configs for more info.
Though the "loose" option was set to "true" in your @babel/preset-env config, it will not be used for @babel/plugin-transform-private-methods since the "loose" mode option was set to "false" for @babel/plugin-transform-private-property-in-object.
The "loose" option must be the same for @babel/plugin-transform-class-properties, @babel/plugin-transform-private-methods and @babel/plugin-transform-private-property-in-object (when they are enabled): you can silence this warning by explicitly adding
	["@babel/plugin-transform-private-methods", { "loose": false }]
to the "plugins" section of your Babel config.

If you already set the same 'loose' mode for these plugins in your config, it's possible that they are enabled multiple times with different options.
You can re-run Babel with the BABEL_SHOW_CONFIG_FOR environment variable to show the loaded configuration:
	npx cross-env BABEL_SHOW_CONFIG_FOR=/Users/Ajaya/Documents/TizenGitTVApp/node_modules/@babel/runtime/helpers/taggedTemplateLiteral.js <your build command>
See https://babeljs.io/docs/configuration#print-effective-configs for more info.
Though the "loose" option was set to "true" in your @babel/preset-env config, it will not be used for @babel/plugin-transform-private-property-in-object since the "loose" mode option was set to "false" for @babel/plugin-transform-class-properties.
The "loose" option must be the same for @babel/plugin-transform-class-properties, @babel/plugin-transform-private-methods and @babel/plugin-transform-private-property-in-object (when they are enabled): you can silence this warning by explicitly adding
	["@babel/plugin-transform-private-property-in-object", { "loose": false }]
to the "plugins" section of your Babel config.

If you already set the same 'loose' mode for these plugins in your config, it's possible that they are enabled multiple times with different options.
You can re-run Babel with the BABEL_SHOW_CONFIG_FOR environment variable to show the loaded configuration:
	npx cross-env BABEL_SHOW_CONFIG_FOR=/Users/Ajaya/Documents/TizenGitTVApp/node_modules/@tanstack/query-core/build/legacy/types.cjs <your build command>
See https://babeljs.io/docs/configuration#print-effective-configs for more info.
Though the "loose" option was set to "true" in your @babel/preset-env config, it will not be used for @babel/plugin-transform-private-methods since the "loose" mode option was set to "false" for @babel/plugin-transform-private-property-in-object.
The "loose" option must be the same for @babel/plugin-transform-class-properties, @babel/plugin-transform-private-methods and @babel/plugin-transform-private-property-in-object (when they are enabled): you can silence this warning by explicitly adding
	["@babel/plugin-transform-private-methods", { "loose": false }]
to the "plugins" section of your Babel config.

If you already set the same 'loose' mode for these plugins in your config, it's possible that they are enabled multiple times with different options.
You can re-run Babel with the BABEL_SHOW_CONFIG_FOR environment variable to show the loaded configuration:
	npx cross-env BABEL_SHOW_CONFIG_FOR=/Users/Ajaya/Documents/TizenGitTVApp/node_modules/@tanstack/query-core/build/legacy/types.cjs <your build command>
See https://babeljs.io/docs/configuration#print-effective-configs for more info.
Though the "loose" option was set to "true" in your @babel/preset-env config, it will not be used for @babel/plugin-transform-private-property-in-object since the "loose" mode option was set to "false" for @babel/plugin-transform-class-properties.
The "loose" option must be the same for @babel/plugin-transform-class-properties, @babel/plugin-transform-private-methods and @babel/plugin-transform-private-property-in-object (when they are enabled): you can silence this warning by explicitly adding
	["@babel/plugin-transform-private-property-in-object", { "loose": false }]
to the "plugins" section of your Babel config.

If you already set the same 'loose' mode for these plugins in your config, it's possible that they are enabled multiple times with different options.
You can re-run Babel with the BABEL_SHOW_CONFIG_FOR environment variable to show the loaded configuration:
	npx cross-env BABEL_SHOW_CONFIG_FOR=/Users/Ajaya/Documents/TizenGitTVApp/node_modules/@tanstack/query-core/build/legacy/query.cjs <your build command>
See https://babeljs.io/docs/configuration#print-effective-configs for more info.
Though the "loose" option was set to "true" in your @babel/preset-env config, it will not be used for @babel/plugin-transform-private-methods since the "loose" mode option was set to "false" for @babel/plugin-transform-private-property-in-object.
The "loose" option must be the same for @babel/plugin-transform-class-properties, @babel/plugin-transform-private-methods and @babel/plugin-transform-private-property-in-object (when they are enabled): you can silence this warning by explicitly adding
	["@babel/plugin-transform-private-methods", { "loose": false }]
to the "plugins" section of your Babel config.

If you already set the same 'loose' mode for these plugins in your config, it's possible that they are enabled multiple times with different options.
You can re-run Babel with the BABEL_SHOW_CONFIG_FOR environment variable to show the loaded configuration:
	npx cross-env BABEL_SHOW_CONFIG_FOR=/Users/Ajaya/Documents/TizenGitTVApp/node_modules/@tanstack/query-core/build/legacy/query.cjs <your build command>
See https://babeljs.io/docs/configuration#print-effective-configs for more info.
Though the "loose" option was set to "true" in your @babel/preset-env config, it will not be used for @babel/plugin-transform-private-property-in-object since the "loose" mode option was set to "false" for @babel/plugin-transform-class-properties.
The "loose" option must be the same for @babel/plugin-transform-class-properties, @babel/plugin-transform-private-methods and @babel/plugin-transform-private-property-in-object (when they are enabled): you can silence this warning by explicitly adding
	["@babel/plugin-transform-private-property-in-object", { "loose": false }]
to the "plugins" section of your Babel config.

If you already set the same 'loose' mode for these plugins in your config, it's possible that they are enabled multiple times with different options.
You can re-run Babel with the BABEL_SHOW_CONFIG_FOR environment variable to show the loaded configuration:
	npx cross-env BABEL_SHOW_CONFIG_FOR=/Users/Ajaya/Documents/TizenGitTVApp/node_modules/react-router/dist/main.js <your build command>
See https://babeljs.io/docs/configuration#print-effective-configs for more info.
Though the "loose" option was set to "true" in your @babel/preset-env config, it will not be used for @babel/plugin-transform-private-methods since the "loose" mode option was set to "false" for @babel/plugin-transform-private-property-in-object.
The "loose" option must be the same for @babel/plugin-transform-class-properties, @babel/plugin-transform-private-methods and @babel/plugin-transform-private-property-in-object (when they are enabled): you can silence this warning by explicitly adding
	["@babel/plugin-transform-private-methods", { "loose": false }]
to the "plugins" section of your Babel config.

If you already set the same 'loose' mode for these plugins in your config, it's possible that they are enabled multiple times with different options.
You can re-run Babel with the BABEL_SHOW_CONFIG_FOR environment variable to show the loaded configuration:
	npx cross-env BABEL_SHOW_CONFIG_FOR=/Users/Ajaya/Documents/TizenGitTVApp/node_modules/react-router/dist/main.js <your build command>
See https://babeljs.io/docs/configuration#print-effective-configs for more info.
Though the "loose" option was set to "true" in your @babel/preset-env config, it will not be used for @babel/plugin-transform-private-property-in-object since the "loose" mode option was set to "false" for @babel/plugin-transform-class-properties.
The "loose" option must be the same for @babel/plugin-transform-class-properties, @babel/plugin-transform-private-methods and @babel/plugin-transform-private-property-in-object (when they are enabled): you can silence this warning by explicitly adding
	["@babel/plugin-transform-private-property-in-object", { "loose": false }]
to the "plugins" section of your Babel config.

If you already set the same 'loose' mode for these plugins in your config, it's possible that they are enabled multiple times with different options.
You can re-run Babel with the BABEL_SHOW_CONFIG_FOR environment variable to show the loaded configuration:
	npx cross-env BABEL_SHOW_CONFIG_FOR=/Users/Ajaya/Documents/TizenGitTVApp/node_modules/@tanstack/query-core/build/legacy/mutation.cjs <your build command>
See https://babeljs.io/docs/configuration#print-effective-configs for more info.
Though the "loose" option was set to "true" in your @babel/preset-env config, it will not be used for @babel/plugin-transform-private-methods since the "loose" mode option was set to "false" for @babel/plugin-transform-private-property-in-object.
The "loose" option must be the same for @babel/plugin-transform-class-properties, @babel/plugin-transform-private-methods and @babel/plugin-transform-private-property-in-object (when they are enabled): you can silence this warning by explicitly adding
	["@babel/plugin-transform-private-methods", { "loose": false }]
to the "plugins" section of your Babel config.

If you already set the same 'loose' mode for these plugins in your config, it's possible that they are enabled multiple times with different options.
You can re-run Babel with the BABEL_SHOW_CONFIG_FOR environment variable to show the loaded configuration:
	npx cross-env BABEL_SHOW_CONFIG_FOR=/Users/Ajaya/Documents/TizenGitTVApp/node_modules/@tanstack/query-core/build/legacy/mutation.cjs <your build command>
See https://babeljs.io/docs/configuration#print-effective-configs for more info.
Though the "loose" option was set to "true" in your @babel/preset-env config, it will not be used for @babel/plugin-transform-private-property-in-object since the "loose" mode option was set to "false" for @babel/plugin-transform-class-properties.
The "loose" option must be the same for @babel/plugin-transform-class-properties, @babel/plugin-transform-private-methods and @babel/plugin-transform-private-property-in-object (when they are enabled): you can silence this warning by explicitly adding
	["@babel/plugin-transform-private-property-in-object", { "loose": false }]
to the "plugins" section of your Babel config.

If you already set the same 'loose' mode for these plugins in your config, it's possible that they are enabled multiple times with different options.
You can re-run Babel with the BABEL_SHOW_CONFIG_FOR environment variable to show the loaded configuration:
	npx cross-env BABEL_SHOW_CONFIG_FOR=/Users/Ajaya/Documents/TizenGitTVApp/node_modules/@tanstack/query-core/build/legacy/streamedQuery.cjs <your build command>
See https://babeljs.io/docs/configuration#print-effective-configs for more info.
Though the "loose" option was set to "true" in your @babel/preset-env config, it will not be used for @babel/plugin-transform-private-methods since the "loose" mode option was set to "false" for @babel/plugin-transform-private-property-in-object.
The "loose" option must be the same for @babel/plugin-transform-class-properties, @babel/plugin-transform-private-methods and @babel/plugin-transform-private-property-in-object (when they are enabled): you can silence this warning by explicitly adding
	["@babel/plugin-transform-private-methods", { "loose": false }]
to the "plugins" section of your Babel config.

If you already set the same 'loose' mode for these plugins in your config, it's possible that they are enabled multiple times with different options.
You can re-run Babel with the BABEL_SHOW_CONFIG_FOR environment variable to show the loaded configuration:
	npx cross-env BABEL_SHOW_CONFIG_FOR=/Users/Ajaya/Documents/TizenGitTVApp/node_modules/@tanstack/query-core/build/legacy/streamedQuery.cjs <your build command>
See https://babeljs.io/docs/configuration#print-effective-configs for more info.
Though the "loose" option was set to "true" in your @babel/preset-env config, it will not be used for @babel/plugin-transform-private-property-in-object since the "loose" mode option was set to "false" for @babel/plugin-transform-class-properties.
The "loose" option must be the same for @babel/plugin-transform-class-properties, @babel/plugin-transform-private-methods and @babel/plugin-transform-private-property-in-object (when they are enabled): you can silence this warning by explicitly adding
	["@babel/plugin-transform-private-property-in-object", { "loose": false }]
to the "plugins" section of your Babel config.

If you already set the same 'loose' mode for these plugins in your config, it's possible that they are enabled multiple times with different options.
You can re-run Babel with the BABEL_SHOW_CONFIG_FOR environment variable to show the loaded configuration:
	npx cross-env BABEL_SHOW_CONFIG_FOR=/Users/Ajaya/Documents/TizenGitTVApp/node_modules/@tanstack/query-core/build/legacy/retryer.cjs <your build command>
See https://babeljs.io/docs/configuration#print-effective-configs for more info.
Though the "loose" option was set to "true" in your @babel/preset-env config, it will not be used for @babel/plugin-transform-private-methods since the "loose" mode option was set to "false" for @babel/plugin-transform-private-property-in-object.
The "loose" option must be the same for @babel/plugin-transform-class-properties, @babel/plugin-transform-private-methods and @babel/plugin-transform-private-property-in-object (when they are enabled): you can silence this warning by explicitly adding
	["@babel/plugin-transform-private-methods", { "loose": false }]
to the "plugins" section of your Babel config.

If you already set the same 'loose' mode for these plugins in your config, it's possible that they are enabled multiple times with different options.
You can re-run Babel with the BABEL_SHOW_CONFIG_FOR environment variable to show the loaded configuration:
	npx cross-env BABEL_SHOW_CONFIG_FOR=/Users/Ajaya/Documents/TizenGitTVApp/node_modules/@tanstack/query-core/build/legacy/retryer.cjs <your build command>
See https://babeljs.io/docs/configuration#print-effective-configs for more info.
Though the "loose" option was set to "true" in your @babel/preset-env config, it will not be used for @babel/plugin-transform-private-property-in-object since the "loose" mode option was set to "false" for @babel/plugin-transform-class-properties.
The "loose" option must be the same for @babel/plugin-transform-class-properties, @babel/plugin-transform-private-methods and @babel/plugin-transform-private-property-in-object (when they are enabled): you can silence this warning by explicitly adding
	["@babel/plugin-transform-private-property-in-object", { "loose": false }]
to the "plugins" section of your Babel config.

If you already set the same 'loose' mode for these plugins in your config, it's possible that they are enabled multiple times with different options.
You can re-run Babel with the BABEL_SHOW_CONFIG_FOR environment variable to show the loaded configuration:
	npx cross-env BABEL_SHOW_CONFIG_FOR=/Users/Ajaya/Documents/TizenGitTVApp/node_modules/@tanstack/query-core/build/legacy/utils.cjs <your build command>
See https://babeljs.io/docs/configuration#print-effective-configs for more info.
Though the "loose" option was set to "true" in your @babel/preset-env config, it will not be used for @babel/plugin-transform-private-methods since the "loose" mode option was set to "false" for @babel/plugin-transform-private-property-in-object.
The "loose" option must be the same for @babel/plugin-transform-class-properties, @babel/plugin-transform-private-methods and @babel/plugin-transform-private-property-in-object (when they are enabled): you can silence this warning by explicitly adding
	["@babel/plugin-transform-private-methods", { "loose": false }]
to the "plugins" section of your Babel config.

If you already set the same 'loose' mode for these plugins in your config, it's possible that they are enabled multiple times with different options.
You can re-run Babel with the BABEL_SHOW_CONFIG_FOR environment variable to show the loaded configuration:
	npx cross-env BABEL_SHOW_CONFIG_FOR=/Users/Ajaya/Documents/TizenGitTVApp/node_modules/@tanstack/query-core/build/legacy/utils.cjs <your build command>
See https://babeljs.io/docs/configuration#print-effective-configs for more info.
Though the "loose" option was set to "true" in your @babel/preset-env config, it will not be used for @babel/plugin-transform-private-property-in-object since the "loose" mode option was set to "false" for @babel/plugin-transform-class-properties.
The "loose" option must be the same for @babel/plugin-transform-class-properties, @babel/plugin-transform-private-methods and @babel/plugin-transform-private-property-in-object (when they are enabled): you can silence this warning by explicitly adding
	["@babel/plugin-transform-private-property-in-object", { "loose": false }]
to the "plugins" section of your Babel config.

If you already set the same 'loose' mode for these plugins in your config, it's possible that they are enabled multiple times with different options.
You can re-run Babel with the BABEL_SHOW_CONFIG_FOR environment variable to show the loaded configuration:
	npx cross-env BABEL_SHOW_CONFIG_FOR=/Users/Ajaya/Documents/TizenGitTVApp/node_modules/@tanstack/query-core/build/legacy/timeoutManager.cjs <your build command>
See https://babeljs.io/docs/configuration#print-effective-configs for more info.
Though the "loose" option was set to "true" in your @babel/preset-env config, it will not be used for @babel/plugin-transform-private-methods since the "loose" mode option was set to "false" for @babel/plugin-transform-private-property-in-object.
The "loose" option must be the same for @babel/plugin-transform-class-properties, @babel/plugin-transform-private-methods and @babel/plugin-transform-private-property-in-object (when they are enabled): you can silence this warning by explicitly adding
	["@babel/plugin-transform-private-methods", { "loose": false }]
to the "plugins" section of your Babel config.

If you already set the same 'loose' mode for these plugins in your config, it's possible that they are enabled multiple times with different options.
You can re-run Babel with the BABEL_SHOW_CONFIG_FOR environment variable to show the loaded configuration:
	npx cross-env BABEL_SHOW_CONFIG_FOR=/Users/Ajaya/Documents/TizenGitTVApp/node_modules/@tanstack/query-core/build/legacy/timeoutManager.cjs <your build command>
See https://babeljs.io/docs/configuration#print-effective-configs for more info.
Though the "loose" option was set to "true" in your @babel/preset-env config, it will not be used for @babel/plugin-transform-private-property-in-object since the "loose" mode option was set to "false" for @babel/plugin-transform-class-properties.
The "loose" option must be the same for @babel/plugin-transform-class-properties, @babel/plugin-transform-private-methods and @babel/plugin-transform-private-property-in-object (when they are enabled): you can silence this warning by explicitly adding
	["@babel/plugin-transform-private-property-in-object", { "loose": false }]
to the "plugins" section of your Babel config.

If you already set the same 'loose' mode for these plugins in your config, it's possible that they are enabled multiple times with different options.
You can re-run Babel with the BABEL_SHOW_CONFIG_FOR environment variable to show the loaded configuration:
	npx cross-env BABEL_SHOW_CONFIG_FOR=/Users/Ajaya/Documents/TizenGitTVApp/node_modules/@tanstack/query-core/build/legacy/queryClient.cjs <your build command>
See https://babeljs.io/docs/configuration#print-effective-configs for more info.
Though the "loose" option was set to "true" in your @babel/preset-env config, it will not be used for @babel/plugin-transform-private-methods since the "loose" mode option was set to "false" for @babel/plugin-transform-private-property-in-object.
The "loose" option must be the same for @babel/plugin-transform-class-properties, @babel/plugin-transform-private-methods and @babel/plugin-transform-private-property-in-object (when they are enabled): you can silence this warning by explicitly adding
	["@babel/plugin-transform-private-methods", { "loose": false }]
to the "plugins" section of your Babel config.

If you already set the same 'loose' mode for these plugins in your config, it's possible that they are enabled multiple times with different options.
You can re-run Babel with the BABEL_SHOW_CONFIG_FOR environment variable to show the loaded configuration:
	npx cross-env BABEL_SHOW_CONFIG_FOR=/Users/Ajaya/Documents/TizenGitTVApp/node_modules/@tanstack/query-core/build/legacy/queryClient.cjs <your build command>
See https://babeljs.io/docs/configuration#print-effective-configs for more info.
Though the "loose" option was set to "true" in your @babel/preset-env config, it will not be used for @babel/plugin-transform-private-property-in-object since the "loose" mode option was set to "false" for @babel/plugin-transform-class-properties.
The "loose" option must be the same for @babel/plugin-transform-class-properties, @babel/plugin-transform-private-methods and @babel/plugin-transform-private-property-in-object (when they are enabled): you can silence this warning by explicitly adding
	["@babel/plugin-transform-private-property-in-object", { "loose": false }]
to the "plugins" section of your Babel config.

If you already set the same 'loose' mode for these plugins in your config, it's possible that they are enabled multiple times with different options.
You can re-run Babel with the BABEL_SHOW_CONFIG_FOR environment variable to show the loaded configuration:
	npx cross-env BABEL_SHOW_CONFIG_FOR=/Users/Ajaya/Documents/TizenGitTVApp/node_modules/@tanstack/query-core/build/legacy/queryObserver.cjs <your build command>
See https://babeljs.io/docs/configuration#print-effective-configs for more info.
Though the "loose" option was set to "true" in your @babel/preset-env config, it will not be used for @babel/plugin-transform-private-methods since the "loose" mode option was set to "false" for @babel/plugin-transform-private-property-in-object.
The "loose" option must be the same for @babel/plugin-transform-class-properties, @babel/plugin-transform-private-methods and @babel/plugin-transform-private-property-in-object (when they are enabled): you can silence this warning by explicitly adding
	["@babel/plugin-transform-private-methods", { "loose": false }]
to the "plugins" section of your Babel config.

If you already set the same 'loose' mode for these plugins in your config, it's possible that they are enabled multiple times with different options.
You can re-run Babel with the BABEL_SHOW_CONFIG_FOR environment variable to show the loaded configuration:
	npx cross-env BABEL_SHOW_CONFIG_FOR=/Users/Ajaya/Documents/TizenGitTVApp/node_modules/@tanstack/query-core/build/legacy/queryObserver.cjs <your build command>
See https://babeljs.io/docs/configuration#print-effective-configs for more info.
Though the "loose" option was set to "true" in your @babel/preset-env config, it will not be used for @babel/plugin-transform-private-property-in-object since the "loose" mode option was set to "false" for @babel/plugin-transform-class-properties.
The "loose" option must be the same for @babel/plugin-transform-class-properties, @babel/plugin-transform-private-methods and @babel/plugin-transform-private-property-in-object (when they are enabled): you can silence this warning by explicitly adding
	["@babel/plugin-transform-private-property-in-object", { "loose": false }]
to the "plugins" section of your Babel config.

If you already set the same 'loose' mode for these plugins in your config, it's possible that they are enabled multiple times with different options.
You can re-run Babel with the BABEL_SHOW_CONFIG_FOR environment variable to show the loaded configuration:
	npx cross-env BABEL_SHOW_CONFIG_FOR=/Users/Ajaya/Documents/TizenGitTVApp/node_modules/@mui/utils/composeClasses/index.js <your build command>
See https://babeljs.io/docs/configuration#print-effective-configs for more info.
Though the "loose" option was set to "true" in your @babel/preset-env config, it will not be used for @babel/plugin-transform-private-methods since the "loose" mode option was set to "false" for @babel/plugin-transform-private-property-in-object.
The "loose" option must be the same for @babel/plugin-transform-class-properties, @babel/plugin-transform-private-methods and @babel/plugin-transform-private-property-in-object (when they are enabled): you can silence this warning by explicitly adding
	["@babel/plugin-transform-private-methods", { "loose": false }]
to the "plugins" section of your Babel config.

If you already set the same 'loose' mode for these plugins in your config, it's possible that they are enabled multiple times with different options.
You can re-run Babel with the BABEL_SHOW_CONFIG_FOR environment variable to show the loaded configuration:
	npx cross-env BABEL_SHOW_CONFIG_FOR=/Users/Ajaya/Documents/TizenGitTVApp/node_modules/@mui/utils/composeClasses/index.js <your build command>
See https://babeljs.io/docs/configuration#print-effective-configs for more info.
Though the "loose" option was set to "true" in your @babel/preset-env config, it will not be used for @babel/plugin-transform-private-property-in-object since the "loose" mode option was set to "false" for @babel/plugin-transform-class-properties.
The "loose" option must be the same for @babel/plugin-transform-class-properties, @babel/plugin-transform-private-methods and @babel/plugin-transform-private-property-in-object (when they are enabled): you can silence this warning by explicitly adding
	["@babel/plugin-transform-private-property-in-object", { "loose": false }]
to the "plugins" section of your Babel config.

If you already set the same 'loose' mode for these plugins in your config, it's possible that they are enabled multiple times with different options.
You can re-run Babel with the BABEL_SHOW_CONFIG_FOR environment variable to show the loaded configuration:
	npx cross-env BABEL_SHOW_CONFIG_FOR=/Users/Ajaya/Documents/TizenGitTVApp/node_modules/@babel/runtime/helpers/interopRequireDefault.js <your build command>
See https://babeljs.io/docs/configuration#print-effective-configs for more info.
Though the "loose" option was set to "true" in your @babel/preset-env config, it will not be used for @babel/plugin-transform-private-methods since the "loose" mode option was set to "false" for @babel/plugin-transform-private-property-in-object.
The "loose" option must be the same for @babel/plugin-transform-class-properties, @babel/plugin-transform-private-methods and @babel/plugin-transform-private-property-in-object (when they are enabled): you can silence this warning by explicitly adding
	["@babel/plugin-transform-private-methods", { "loose": false }]
to the "plugins" section of your Babel config.

If you already set the same 'loose' mode for these plugins in your config, it's possible that they are enabled multiple times with different options.
You can re-run Babel with the BABEL_SHOW_CONFIG_FOR environment variable to show the loaded configuration:
	npx cross-env BABEL_SHOW_CONFIG_FOR=/Users/Ajaya/Documents/TizenGitTVApp/node_modules/@babel/runtime/helpers/interopRequireDefault.js <your build command>
See https://babeljs.io/docs/configuration#print-effective-configs for more info.
Though the "loose" option was set to "true" in your @babel/preset-env config, it will not be used for @babel/plugin-transform-private-property-in-object since the "loose" mode option was set to "false" for @babel/plugin-transform-class-properties.
The "loose" option must be the same for @babel/plugin-transform-class-properties, @babel/plugin-transform-private-methods and @babel/plugin-transform-private-property-in-object (when they are enabled): you can silence this warning by explicitly adding
	["@babel/plugin-transform-private-property-in-object", { "loose": false }]
to the "plugins" section of your Babel config.

If you already set the same 'loose' mode for these plugins in your config, it's possible that they are enabled multiple times with different options.
You can re-run Babel with the BABEL_SHOW_CONFIG_FOR environment variable to show the loaded configuration:
	npx cross-env BABEL_SHOW_CONFIG_FOR=/Users/Ajaya/Documents/TizenGitTVApp/node_modules/@babel/runtime/helpers/interopRequireWildcard.js <your build command>
See https://babeljs.io/docs/configuration#print-effective-configs for more info.
Though the "loose" option was set to "true" in your @babel/preset-env config, it will not be used for @babel/plugin-transform-private-methods since the "loose" mode option was set to "false" for @babel/plugin-transform-private-property-in-object.
The "loose" option must be the same for @babel/plugin-transform-class-properties, @babel/plugin-transform-private-methods and @babel/plugin-transform-private-property-in-object (when they are enabled): you can silence this warning by explicitly adding
	["@babel/plugin-transform-private-methods", { "loose": false }]
to the "plugins" section of your Babel config.

If you already set the same 'loose' mode for these plugins in your config, it's possible that they are enabled multiple times with different options.
You can re-run Babel with the BABEL_SHOW_CONFIG_FOR environment variable to show the loaded configuration:
	npx cross-env BABEL_SHOW_CONFIG_FOR=/Users/Ajaya/Documents/TizenGitTVApp/node_modules/@babel/runtime/helpers/interopRequireWildcard.js <your build command>
See https://babeljs.io/docs/configuration#print-effective-configs for more info.
Though the "loose" option was set to "true" in your @babel/preset-env config, it will not be used for @babel/plugin-transform-private-property-in-object since the "loose" mode option was set to "false" for @babel/plugin-transform-class-properties.
The "loose" option must be the same for @babel/plugin-transform-class-properties, @babel/plugin-transform-private-methods and @babel/plugin-transform-private-property-in-object (when they are enabled): you can silence this warning by explicitly adding
	["@babel/plugin-transform-private-property-in-object", { "loose": false }]
to the "plugins" section of your Babel config.

If you already set the same 'loose' mode for these plugins in your config, it's possible that they are enabled multiple times with different options.
You can re-run Babel with the BABEL_SHOW_CONFIG_FOR environment variable to show the loaded configuration:
	npx cross-env BABEL_SHOW_CONFIG_FOR=/Users/Ajaya/Documents/TizenGitTVApp/node_modules/@mui/material/InitColorSchemeScript/InitColorSchemeScript.js <your build command>
See https://babeljs.io/docs/configuration#print-effective-configs for more info.
Though the "loose" option was set to "true" in your @babel/preset-env config, it will not be used for @babel/plugin-transform-private-methods since the "loose" mode option was set to "false" for @babel/plugin-transform-private-property-in-object.
The "loose" option must be the same for @babel/plugin-transform-class-properties, @babel/plugin-transform-private-methods and @babel/plugin-transform-private-property-in-object (when they are enabled): you can silence this warning by explicitly adding
	["@babel/plugin-transform-private-methods", { "loose": false }]
to the "plugins" section of your Babel config.

If you already set the same 'loose' mode for these plugins in your config, it's possible that they are enabled multiple times with different options.
You can re-run Babel with the BABEL_SHOW_CONFIG_FOR environment variable to show the loaded configuration:
	npx cross-env BABEL_SHOW_CONFIG_FOR=/Users/Ajaya/Documents/TizenGitTVApp/node_modules/@mui/material/InitColorSchemeScript/InitColorSchemeScript.js <your build command>
See https://babeljs.io/docs/configuration#print-effective-configs for more info.
Though the "loose" option was set to "true" in your @babel/preset-env config, it will not be used for @babel/plugin-transform-private-property-in-object since the "loose" mode option was set to "false" for @babel/plugin-transform-class-properties.
The "loose" option must be the same for @babel/plugin-transform-class-properties, @babel/plugin-transform-private-methods and @babel/plugin-transform-private-property-in-object (when they are enabled): you can silence this warning by explicitly adding
	["@babel/plugin-transform-private-property-in-object", { "loose": false }]
to the "plugins" section of your Babel config.

If you already set the same 'loose' mode for these plugins in your config, it's possible that they are enabled multiple times with different options.
You can re-run Babel with the BABEL_SHOW_CONFIG_FOR environment variable to show the loaded configuration:
	npx cross-env BABEL_SHOW_CONFIG_FOR=/Users/Ajaya/Documents/TizenGitTVApp/node_modules/@mui/material/Typography/typographyClasses.js <your build command>
See https://babeljs.io/docs/configuration#print-effective-configs for more info.
Though the "loose" option was set to "true" in your @babel/preset-env config, it will not be used for @babel/plugin-transform-private-methods since the "loose" mode option was set to "false" for @babel/plugin-transform-private-property-in-object.
The "loose" option must be the same for @babel/plugin-transform-class-properties, @babel/plugin-transform-private-methods and @babel/plugin-transform-private-property-in-object (when they are enabled): you can silence this warning by explicitly adding
	["@babel/plugin-transform-private-methods", { "loose": false }]
to the "plugins" section of your Babel config.

If you already set the same 'loose' mode for these plugins in your config, it's possible that they are enabled multiple times with different options.
You can re-run Babel with the BABEL_SHOW_CONFIG_FOR environment variable to show the loaded configuration:
	npx cross-env BABEL_SHOW_CONFIG_FOR=/Users/Ajaya/Documents/TizenGitTVApp/node_modules/@mui/material/Typography/typographyClasses.js <your build command>
See https://babeljs.io/docs/configuration#print-effective-configs for more info.
Though the "loose" option was set to "true" in your @babel/preset-env config, it will not be used for @babel/plugin-transform-private-property-in-object since the "loose" mode option was set to "false" for @babel/plugin-transform-class-properties.
The "loose" option must be the same for @babel/plugin-transform-class-properties, @babel/plugin-transform-private-methods and @babel/plugin-transform-private-property-in-object (when they are enabled): you can silence this warning by explicitly adding
	["@babel/plugin-transform-private-property-in-object", { "loose": false }]
to the "plugins" section of your Babel config.

If you already set the same 'loose' mode for these plugins in your config, it's possible that they are enabled multiple times with different options.
You can re-run Babel with the BABEL_SHOW_CONFIG_FOR environment variable to show the loaded configuration:
	npx cross-env BABEL_SHOW_CONFIG_FOR=/Users/Ajaya/Documents/TizenGitTVApp/node_modules/@mui/material/TextField/index.js <your build command>
See https://babeljs.io/docs/configuration#print-effective-configs for more info.
Though the "loose" option was set to "true" in your @babel/preset-env config, it will not be used for @babel/plugin-transform-private-methods since the "loose" mode option was set to "false" for @babel/plugin-transform-private-property-in-object.
The "loose" option must be the same for @babel/plugin-transform-class-properties, @babel/plugin-transform-private-methods and @babel/plugin-transform-private-property-in-object (when they are enabled): you can silence this warning by explicitly adding
	["@babel/plugin-transform-private-methods", { "loose": false }]
to the "plugins" section of your Babel config.

If you already set the same 'loose' mode for these plugins in your config, it's possible that they are enabled multiple times with different options.
You can re-run Babel with the BABEL_SHOW_CONFIG_FOR environment variable to show the loaded configuration:
	npx cross-env BABEL_SHOW_CONFIG_FOR=/Users/Ajaya/Documents/TizenGitTVApp/node_modules/@mui/material/TextField/index.js <your build command>
See https://babeljs.io/docs/configuration#print-effective-configs for more info.
Though the "loose" option was set to "true" in your @babel/preset-env config, it will not be used for @babel/plugin-transform-private-property-in-object since the "loose" mode option was set to "false" for @babel/plugin-transform-class-properties.
The "loose" option must be the same for @babel/plugin-transform-class-properties, @babel/plugin-transform-private-methods and @babel/plugin-transform-private-property-in-object (when they are enabled): you can silence this warning by explicitly adding
	["@babel/plugin-transform-private-property-in-object", { "loose": false }]
to the "plugins" section of your Babel config.

If you already set the same 'loose' mode for these plugins in your config, it's possible that they are enabled multiple times with different options.
You can re-run Babel with the BABEL_SHOW_CONFIG_FOR environment variable to show the loaded configuration:
	npx cross-env BABEL_SHOW_CONFIG_FOR=/Users/Ajaya/Documents/TizenGitTVApp/node_modules/@mui/material/TextareaAutosize/index.js <your build command>
See https://babeljs.io/docs/configuration#print-effective-configs for more info.
Though the "loose" option was set to "true" in your @babel/preset-env config, it will not be used for @babel/plugin-transform-private-methods since the "loose" mode option was set to "false" for @babel/plugin-transform-private-property-in-object.
The "loose" option must be the same for @babel/plugin-transform-class-properties, @babel/plugin-transform-private-methods and @babel/plugin-transform-private-property-in-object (when they are enabled): you can silence this warning by explicitly adding
	["@babel/plugin-transform-private-methods", { "loose": false }]
to the "plugins" section of your Babel config.

If you already set the same 'loose' mode for these plugins in your config, it's possible that they are enabled multiple times with different options.
You can re-run Babel with the BABEL_SHOW_CONFIG_FOR environment variable to show the loaded configuration:
	npx cross-env BABEL_SHOW_CONFIG_FOR=/Users/Ajaya/Documents/TizenGitTVApp/node_modules/@mui/material/TextareaAutosize/index.js <your build command>
See https://babeljs.io/docs/configuration#print-effective-configs for more info.
Though the "loose" option was set to "true" in your @babel/preset-env config, it will not be used for @babel/plugin-transform-private-property-in-object since the "loose" mode option was set to "false" for @babel/plugin-transform-class-properties.
The "loose" option must be the same for @babel/plugin-transform-class-properties, @babel/plugin-transform-private-methods and @babel/plugin-transform-private-property-in-object (when they are enabled): you can silence this warning by explicitly adding
	["@babel/plugin-transform-private-property-in-object", { "loose": false }]
to the "plugins" section of your Babel config.

If you already set the same 'loose' mode for these plugins in your config, it's possible that they are enabled multiple times with different options.
You can re-run Babel with the BABEL_SHOW_CONFIG_FOR environment variable to show the loaded configuration:
	npx cross-env BABEL_SHOW_CONFIG_FOR=/Users/Ajaya/Documents/TizenGitTVApp/node_modules/@mui/material/Tabs/index.js <your build command>
See https://babeljs.io/docs/configuration#print-effective-configs for more info.
Though the "loose" option was set to "true" in your @babel/preset-env config, it will not be used for @babel/plugin-transform-private-methods since the "loose" mode option was set to "false" for @babel/plugin-transform-private-property-in-object.
The "loose" option must be the same for @babel/plugin-transform-class-properties, @babel/plugin-transform-private-methods and @babel/plugin-transform-private-property-in-object (when they are enabled): you can silence this warning by explicitly adding
	["@babel/plugin-transform-private-methods", { "loose": false }]
to the "plugins" section of your Babel config.

If you already set the same 'loose' mode for these plugins in your config, it's possible that they are enabled multiple times with different options.
You can re-run Babel with the BABEL_SHOW_CONFIG_FOR environment variable to show the loaded configuration:
	npx cross-env BABEL_SHOW_CONFIG_FOR=/Users/Ajaya/Documents/TizenGitTVApp/node_modules/@mui/material/Tabs/index.js <your build command>
See https://babeljs.io/docs/configuration#print-effective-configs for more info.
Though the "loose" option was set to "true" in your @babel/preset-env config, it will not be used for @babel/plugin-transform-private-property-in-object since the "loose" mode option was set to "false" for @babel/plugin-transform-class-properties.
The "loose" option must be the same for @babel/plugin-transform-class-properties, @babel/plugin-transform-private-methods and @babel/plugin-transform-private-property-in-object (when they are enabled): you can silence this warning by explicitly adding
	["@babel/plugin-transform-private-property-in-object", { "loose": false }]
to the "plugins" section of your Babel config.

If you already set the same 'loose' mode for these plugins in your config, it's possible that they are enabled multiple times with different options.
You can re-run Babel with the BABEL_SHOW_CONFIG_FOR environment variable to show the loaded configuration:
	npx cross-env BABEL_SHOW_CONFIG_FOR=/Users/Ajaya/Documents/TizenGitTVApp/node_modules/@mui/material/TableSortLabel/index.js <your build command>
See https://babeljs.io/docs/configuration#print-effective-configs for more info.
Though the "loose" option was set to "true" in your @babel/preset-env config, it will not be used for @babel/plugin-transform-private-methods since the "loose" mode option was set to "false" for @babel/plugin-transform-private-property-in-object.
The "loose" option must be the same for @babel/plugin-transform-class-properties, @babel/plugin-transform-private-methods and @babel/plugin-transform-private-property-in-object (when they are enabled): you can silence this warning by explicitly adding
	["@babel/plugin-transform-private-methods", { "loose": false }]
to the "plugins" section of your Babel config.

If you already set the same 'loose' mode for these plugins in your config, it's possible that they are enabled multiple times with different options.
You can re-run Babel with the BABEL_SHOW_CONFIG_FOR environment variable to show the loaded configuration:
	npx cross-env BABEL_SHOW_CONFIG_FOR=/Users/Ajaya/Documents/TizenGitTVApp/node_modules/@mui/material/TableSortLabel/index.js <your build command>
See https://babeljs.io/docs/configuration#print-effective-configs for more info.
Though the "loose" option was set to "true" in your @babel/preset-env config, it will not be used for @babel/plugin-transform-private-property-in-object since the "loose" mode option was set to "false" for @babel/plugin-transform-class-properties.
The "loose" option must be the same for @babel/plugin-transform-class-properties, @babel/plugin-transform-private-methods and @babel/plugin-transform-private-property-in-object (when they are enabled): you can silence this warning by explicitly adding
	["@babel/plugin-transform-private-property-in-object", { "loose": false }]
to the "plugins" section of your Babel config.

If you already set the same 'loose' mode for these plugins in your config, it's possible that they are enabled multiple times with different options.
You can re-run Babel with the BABEL_SHOW_CONFIG_FOR environment variable to show the loaded configuration:
	npx cross-env BABEL_SHOW_CONFIG_FOR=/Users/Ajaya/Documents/TizenGitTVApp/node_modules/@mui/material/TabScrollButton/index.js <your build command>
See https://babeljs.io/docs/configuration#print-effective-configs for more info.
Though the "loose" option was set to "true" in your @babel/preset-env config, it will not be used for @babel/plugin-transform-private-methods since the "loose" mode option was set to "false" for @babel/plugin-transform-private-property-in-object.
The "loose" option must be the same for @babel/plugin-transform-class-properties, @babel/plugin-transform-private-methods and @babel/plugin-transform-private-property-in-object (when they are enabled): you can silence this warning by explicitly adding
	["@babel/plugin-transform-private-methods", { "loose": false }]
to the "plugins" section of your Babel config.

If you already set the same 'loose' mode for these plugins in your config, it's possible that they are enabled multiple times with different options.
You can re-run Babel with the BABEL_SHOW_CONFIG_FOR environment variable to show the loaded configuration:
	npx cross-env BABEL_SHOW_CONFIG_FOR=/Users/Ajaya/Documents/TizenGitTVApp/node_modules/@mui/material/TabScrollButton/index.js <your build command>
See https://babeljs.io/docs/configuration#print-effective-configs for more info.
Though the "loose" option was set to "true" in your @babel/preset-env config, it will not be used for @babel/plugin-transform-private-property-in-object since the "loose" mode option was set to "false" for @babel/plugin-transform-class-properties.
The "loose" option must be the same for @babel/plugin-transform-class-properties, @babel/plugin-transform-private-methods and @babel/plugin-transform-private-property-in-object (when they are enabled): you can silence this warning by explicitly adding
	["@babel/plugin-transform-private-property-in-object", { "loose": false }]
to the "plugins" section of your Babel config.

If you already set the same 'loose' mode for these plugins in your config, it's possible that they are enabled multiple times with different options.
You can re-run Babel with the BABEL_SHOW_CONFIG_FOR environment variable to show the loaded configuration:
	npx cross-env BABEL_SHOW_CONFIG_FOR=/Users/Ajaya/Documents/TizenGitTVApp/node_modules/@mui/material/TablePagination/index.js <your build command>
See https://babeljs.io/docs/configuration#print-effective-configs for more info.
Though the "loose" option was set to "true" in your @babel/preset-env config, it will not be used for @babel/plugin-transform-private-methods since the "loose" mode option was set to "false" for @babel/plugin-transform-private-property-in-object.
The "loose" option must be the same for @babel/plugin-transform-class-properties, @babel/plugin-transform-private-methods and @babel/plugin-transform-private-property-in-object (when they are enabled): you can silence this warning by explicitly adding
	["@babel/plugin-transform-private-methods", { "loose": false }]
to the "plugins" section of your Babel config.

If you already set the same 'loose' mode for these plugins in your config, it's possible that they are enabled multiple times with different options.
You can re-run Babel with the BABEL_SHOW_CONFIG_FOR environment variable to show the loaded configuration:
	npx cross-env BABEL_SHOW_CONFIG_FOR=/Users/Ajaya/Documents/TizenGitTVApp/node_modules/@mui/material/TablePagination/index.js <your build command>
See https://babeljs.io/docs/configuration#print-effective-configs for more info.
Though the "loose" option was set to "true" in your @babel/preset-env config, it will not be used for @babel/plugin-transform-private-property-in-object since the "loose" mode option was set to "false" for @babel/plugin-transform-class-properties.
The "loose" option must be the same for @babel/plugin-transform-class-properties, @babel/plugin-transform-private-methods and @babel/plugin-transform-private-property-in-object (when they are enabled): you can silence this warning by explicitly adding
	["@babel/plugin-transform-private-property-in-object", { "loose": false }]
to the "plugins" section of your Babel config.

If you already set the same 'loose' mode for these plugins in your config, it's possible that they are enabled multiple times with different options.
You can re-run Babel with the BABEL_SHOW_CONFIG_FOR environment variable to show the loaded configuration:
	npx cross-env BABEL_SHOW_CONFIG_FOR=/Users/Ajaya/Documents/TizenGitTVApp/node_modules/@mui/material/TablePaginationActions/index.js <your build command>
See https://babeljs.io/docs/configuration#print-effective-configs for more info.
Though the "loose" option was set to "true" in your @babel/preset-env config, it will not be used for @babel/plugin-transform-private-methods since the "loose" mode option was set to "false" for @babel/plugin-transform-private-property-in-object.
The "loose" option must be the same for @babel/plugin-transform-class-properties, @babel/plugin-transform-private-methods and @babel/plugin-transform-private-property-in-object (when they are enabled): you can silence this warning by explicitly adding
	["@babel/plugin-transform-private-methods", { "loose": false }]
to the "plugins" section of your Babel config.

If you already set the same 'loose' mode for these plugins in your config, it's possible that they are enabled multiple times with different options.
You can re-run Babel with the BABEL_SHOW_CONFIG_FOR environment variable to show the loaded configuration:
	npx cross-env BABEL_SHOW_CONFIG_FOR=/Users/Ajaya/Documents/TizenGitTVApp/node_modules/@mui/material/TablePaginationActions/index.js <your build command>
See https://babeljs.io/docs/configuration#print-effective-configs for more info.
Though the "loose" option was set to "true" in your @babel/preset-env config, it will not be used for @babel/plugin-transform-private-property-in-object since the "loose" mode option was set to "false" for @babel/plugin-transform-class-properties.
The "loose" option must be the same for @babel/plugin-transform-class-properties, @babel/plugin-transform-private-methods and @babel/plugin-transform-private-property-in-object (when they are enabled): you can silence this warning by explicitly adding
	["@babel/plugin-transform-private-property-in-object", { "loose": false }]
to the "plugins" section of your Babel config.

If you already set the same 'loose' mode for these plugins in your config, it's possible that they are enabled multiple times with different options.
You can re-run Babel with the BABEL_SHOW_CONFIG_FOR environment variable to show the loaded configuration:
	npx cross-env BABEL_SHOW_CONFIG_FOR=/Users/Ajaya/Documents/TizenGitTVApp/node_modules/@mui/material/TableFooter/index.js <your build command>
See https://babeljs.io/docs/configuration#print-effective-configs for more info.
Though the "loose" option was set to "true" in your @babel/preset-env config, it will not be used for @babel/plugin-transform-private-methods since the "loose" mode option was set to "false" for @babel/plugin-transform-private-property-in-object.
The "loose" option must be the same for @babel/plugin-transform-class-properties, @babel/plugin-transform-private-methods and @babel/plugin-transform-private-property-in-object (when they are enabled): you can silence this warning by explicitly adding
	["@babel/plugin-transform-private-methods", { "loose": false }]
to the "plugins" section of your Babel config.

If you already set the same 'loose' mode for these plugins in your config, it's possible that they are enabled multiple times with different options.
You can re-run Babel with the BABEL_SHOW_CONFIG_FOR environment variable to show the loaded configuration:
	npx cross-env BABEL_SHOW_CONFIG_FOR=/Users/Ajaya/Documents/TizenGitTVApp/node_modules/@mui/material/TableFooter/index.js <your build command>
See https://babeljs.io/docs/configuration#print-effective-configs for more info.
Though the "loose" option was set to "true" in your @babel/preset-env config, it will not be used for @babel/plugin-transform-private-property-in-object since the "loose" mode option was set to "false" for @babel/plugin-transform-class-properties.
The "loose" option must be the same for @babel/plugin-transform-class-properties, @babel/plugin-transform-private-methods and @babel/plugin-transform-private-property-in-object (when they are enabled): you can silence this warning by explicitly adding
	["@babel/plugin-transform-private-property-in-object", { "loose": false }]
to the "plugins" section of your Babel config.

If you already set the same 'loose' mode for these plugins in your config, it's possible that they are enabled multiple times with different options.
You can re-run Babel with the BABEL_SHOW_CONFIG_FOR environment variable to show the loaded configuration:
	npx cross-env BABEL_SHOW_CONFIG_FOR=/Users/Ajaya/Documents/TizenGitTVApp/node_modules/@mui/material/TableHead/index.js <your build command>
See https://babeljs.io/docs/configuration#print-effective-configs for more info.
Though the "loose" option was set to "true" in your @babel/preset-env config, it will not be used for @babel/plugin-transform-private-methods since the "loose" mode option was set to "false" for @babel/plugin-transform-private-property-in-object.
The "loose" option must be the same for @babel/plugin-transform-class-properties, @babel/plugin-transform-private-methods and @babel/plugin-transform-private-property-in-object (when they are enabled): you can silence this warning by explicitly adding
	["@babel/plugin-transform-private-methods", { "loose": false }]
to the "plugins" section of your Babel config.

If you already set the same 'loose' mode for these plugins in your config, it's possible that they are enabled multiple times with different options.
You can re-run Babel with the BABEL_SHOW_CONFIG_FOR environment variable to show the loaded configuration:
	npx cross-env BABEL_SHOW_CONFIG_FOR=/Users/Ajaya/Documents/TizenGitTVApp/node_modules/@mui/material/TableHead/index.js <your build command>
See https://babeljs.io/docs/configuration#print-effective-configs for more info.
Though the "loose" option was set to "true" in your @babel/preset-env config, it will not be used for @babel/plugin-transform-private-property-in-object since the "loose" mode option was set to "false" for @babel/plugin-transform-class-properties.
The "loose" option must be the same for @babel/plugin-transform-class-properties, @babel/plugin-transform-private-methods and @babel/plugin-transform-private-property-in-object (when they are enabled): you can silence this warning by explicitly adding
	["@babel/plugin-transform-private-property-in-object", { "loose": false }]
to the "plugins" section of your Babel config.

If you already set the same 'loose' mode for these plugins in your config, it's possible that they are enabled multiple times with different options.
You can re-run Babel with the BABEL_SHOW_CONFIG_FOR environment variable to show the loaded configuration:
	npx cross-env BABEL_SHOW_CONFIG_FOR=/Users/Ajaya/Documents/TizenGitTVApp/node_modules/@mui/material/TableCell/index.js <your build command>
See https://babeljs.io/docs/configuration#print-effective-configs for more info.
Though the "loose" option was set to "true" in your @babel/preset-env config, it will not be used for @babel/plugin-transform-private-methods since the "loose" mode option was set to "false" for @babel/plugin-transform-private-property-in-object.
The "loose" option must be the same for @babel/plugin-transform-class-properties, @babel/plugin-transform-private-methods and @babel/plugin-transform-private-property-in-object (when they are enabled): you can silence this warning by explicitly adding
	["@babel/plugin-transform-private-methods", { "loose": false }]
to the "plugins" section of your Babel config.

If you already set the same 'loose' mode for these plugins in your config, it's possible that they are enabled multiple times with different options.
You can re-run Babel with the BABEL_SHOW_CONFIG_FOR environment variable to show the loaded configuration:
	npx cross-env BABEL_SHOW_CONFIG_FOR=/Users/Ajaya/Documents/TizenGitTVApp/node_modules/@mui/material/TableCell/index.js <your build command>
See https://babeljs.io/docs/configuration#print-effective-configs for more info.
Though the "loose" option was set to "true" in your @babel/preset-env config, it will not be used for @babel/plugin-transform-private-property-in-object since the "loose" mode option was set to "false" for @babel/plugin-transform-class-properties.
The "loose" option must be the same for @babel/plugin-transform-class-properties, @babel/plugin-transform-private-methods and @babel/plugin-transform-private-property-in-object (when they are enabled): you can silence this warning by explicitly adding
	["@babel/plugin-transform-private-property-in-object", { "loose": false }]
to the "plugins" section of your Babel config.

If you already set the same 'loose' mode for these plugins in your config, it's possible that they are enabled multiple times with different options.
You can re-run Babel with the BABEL_SHOW_CONFIG_FOR environment variable to show the loaded configuration:
	npx cross-env BABEL_SHOW_CONFIG_FOR=/Users/Ajaya/Documents/TizenGitTVApp/node_modules/@mui/material/TableContainer/index.js <your build command>
See https://babeljs.io/docs/configuration#print-effective-configs for more info.
Though the "loose" option was set to "true" in your @babel/preset-env config, it will not be used for @babel/plugin-transform-private-methods since the "loose" mode option was set to "false" for @babel/plugin-transform-private-property-in-object.
The "loose" option must be the same for @babel/plugin-transform-class-properties, @babel/plugin-transform-private-methods and @babel/plugin-transform-private-property-in-object (when they are enabled): you can silence this warning by explicitly adding
	["@babel/plugin-transform-private-methods", { "loose": false }]
to the "plugins" section of your Babel config.

If you already set the same 'loose' mode for these plugins in your config, it's possible that they are enabled multiple times with different options.
You can re-run Babel with the BABEL_SHOW_CONFIG_FOR environment variable to show the loaded configuration:
	npx cross-env BABEL_SHOW_CONFIG_FOR=/Users/Ajaya/Documents/TizenGitTVApp/node_modules/@mui/material/TableContainer/index.js <your build command>
See https://babeljs.io/docs/configuration#print-effective-configs for more info.
Though the "loose" option was set to "true" in your @babel/preset-env config, it will not be used for @babel/plugin-transform-private-property-in-object since the "loose" mode option was set to "false" for @babel/plugin-transform-class-properties.
The "loose" option must be the same for @babel/plugin-transform-class-properties, @babel/plugin-transform-private-methods and @babel/plugin-transform-private-property-in-object (when they are enabled): you can silence this warning by explicitly adding
	["@babel/plugin-transform-private-property-in-object", { "loose": false }]
to the "plugins" section of your Babel config.

If you already set the same 'loose' mode for these plugins in your config, it's possible that they are enabled multiple times with different options.
You can re-run Babel with the BABEL_SHOW_CONFIG_FOR environment variable to show the loaded configuration:
	npx cross-env BABEL_SHOW_CONFIG_FOR=/Users/Ajaya/Documents/TizenGitTVApp/node_modules/@mui/material/Tooltip/tooltipClasses.js <your build command>
See https://babeljs.io/docs/configuration#print-effective-configs for more info.
Though the "loose" option was set to "true" in your @babel/preset-env config, it will not be used for @babel/plugin-transform-private-methods since the "loose" mode option was set to "false" for @babel/plugin-transform-private-property-in-object.
The "loose" option must be the same for @babel/plugin-transform-class-properties, @babel/plugin-transform-private-methods and @babel/plugin-transform-private-property-in-object (when they are enabled): you can silence this warning by explicitly adding
	["@babel/plugin-transform-private-methods", { "loose": false }]
to the "plugins" section of your Babel config.

If you already set the same 'loose' mode for these plugins in your config, it's possible that they are enabled multiple times with different options.
You can re-run Babel with the BABEL_SHOW_CONFIG_FOR environment variable to show the loaded configuration:
	npx cross-env BABEL_SHOW_CONFIG_FOR=/Users/Ajaya/Documents/TizenGitTVApp/node_modules/@mui/material/Tooltip/tooltipClasses.js <your build command>
See https://babeljs.io/docs/configuration#print-effective-configs for more info.
Though the "loose" option was set to "true" in your @babel/preset-env config, it will not be used for @babel/plugin-transform-private-property-in-object since the "loose" mode option was set to "false" for @babel/plugin-transform-class-properties.
The "loose" option must be the same for @babel/plugin-transform-class-properties, @babel/plugin-transform-private-methods and @babel/plugin-transform-private-property-in-object (when they are enabled): you can silence this warning by explicitly adding
	["@babel/plugin-transform-private-property-in-object", { "loose": false }]
to the "plugins" section of your Babel config.

If you already set the same 'loose' mode for these plugins in your config, it's possible that they are enabled multiple times with different options.
You can re-run Babel with the BABEL_SHOW_CONFIG_FOR environment variable to show the loaded configuration:
	npx cross-env BABEL_SHOW_CONFIG_FOR=/Users/Ajaya/Documents/TizenGitTVApp/node_modules/@mui/material/TableRow/index.js <your build command>
See https://babeljs.io/docs/configuration#print-effective-configs for more info.
Though the "loose" option was set to "true" in your @babel/preset-env config, it will not be used for @babel/plugin-transform-private-methods since the "loose" mode option was set to "false" for @babel/plugin-transform-private-property-in-object.
The "loose" option must be the same for @babel/plugin-transform-class-properties, @babel/plugin-transform-private-methods and @babel/plugin-transform-private-property-in-object (when they are enabled): you can silence this warning by explicitly adding
	["@babel/plugin-transform-private-methods", { "loose": false }]
to the "plugins" section of your Babel config.

If you already set the same 'loose' mode for these plugins in your config, it's possible that they are enabled multiple times with different options.
You can re-run Babel with the BABEL_SHOW_CONFIG_FOR environment variable to show the loaded configuration:
	npx cross-env BABEL_SHOW_CONFIG_FOR=/Users/Ajaya/Documents/TizenGitTVApp/node_modules/@mui/material/TableRow/index.js <your build command>
See https://babeljs.io/docs/configuration#print-effective-configs for more info.
Though the "loose" option was set to "true" in your @babel/preset-env config, it will not be used for @babel/plugin-transform-private-property-in-object since the "loose" mode option was set to "false" for @babel/plugin-transform-class-properties.
The "loose" option must be the same for @babel/plugin-transform-class-properties, @babel/plugin-transform-private-methods and @babel/plugin-transform-private-property-in-object (when they are enabled): you can silence this warning by explicitly adding
	["@babel/plugin-transform-private-property-in-object", { "loose": false }]
to the "plugins" section of your Babel config.

If you already set the same 'loose' mode for these plugins in your config, it's possible that they are enabled multiple times with different options.
You can re-run Babel with the BABEL_SHOW_CONFIG_FOR environment variable to show the loaded configuration:
	npx cross-env BABEL_SHOW_CONFIG_FOR=/Users/Ajaya/Documents/TizenGitTVApp/node_modules/@mui/material/ToggleButton/toggleButtonClasses.js <your build command>
See https://babeljs.io/docs/configuration#print-effective-configs for more info.
Though the "loose" option was set to "true" in your @babel/preset-env config, it will not be used for @babel/plugin-transform-private-methods since the "loose" mode option was set to "false" for @babel/plugin-transform-private-property-in-object.
The "loose" option must be the same for @babel/plugin-transform-class-properties, @babel/plugin-transform-private-methods and @babel/plugin-transform-private-property-in-object (when they are enabled): you can silence this warning by explicitly adding
	["@babel/plugin-transform-private-methods", { "loose": false }]
to the "plugins" section of your Babel config.

If you already set the same 'loose' mode for these plugins in your config, it's possible that they are enabled multiple times with different options.
You can re-run Babel with the BABEL_SHOW_CONFIG_FOR environment variable to show the loaded configuration:
	npx cross-env BABEL_SHOW_CONFIG_FOR=/Users/Ajaya/Documents/TizenGitTVApp/node_modules/@mui/material/ToggleButton/toggleButtonClasses.js <your build command>
See https://babeljs.io/docs/configuration#print-effective-configs for more info.
Though the "loose" option was set to "true" in your @babel/preset-env config, it will not be used for @babel/plugin-transform-private-property-in-object since the "loose" mode option was set to "false" for @babel/plugin-transform-class-properties.
The "loose" option must be the same for @babel/plugin-transform-class-properties, @babel/plugin-transform-private-methods and @babel/plugin-transform-private-property-in-object (when they are enabled): you can silence this warning by explicitly adding
	["@babel/plugin-transform-private-property-in-object", { "loose": false }]
to the "plugins" section of your Babel config.

If you already set the same 'loose' mode for these plugins in your config, it's possible that they are enabled multiple times with different options.
You can re-run Babel with the BABEL_SHOW_CONFIG_FOR environment variable to show the loaded configuration:
	npx cross-env BABEL_SHOW_CONFIG_FOR=/Users/Ajaya/Documents/TizenGitTVApp/node_modules/@mui/material/ToggleButton/ToggleButton.js <your build command>
See https://babeljs.io/docs/configuration#print-effective-configs for more info.
Though the "loose" option was set to "true" in your @babel/preset-env config, it will not be used for @babel/plugin-transform-private-methods since the "loose" mode option was set to "false" for @babel/plugin-transform-private-property-in-object.
The "loose" option must be the same for @babel/plugin-transform-class-properties, @babel/plugin-transform-private-methods and @babel/plugin-transform-private-property-in-object (when they are enabled): you can silence this warning by explicitly adding
	["@babel/plugin-transform-private-methods", { "loose": false }]
to the "plugins" section of your Babel config.

If you already set the same 'loose' mode for these plugins in your config, it's possible that they are enabled multiple times with different options.
You can re-run Babel with the BABEL_SHOW_CONFIG_FOR environment variable to show the loaded configuration:
	npx cross-env BABEL_SHOW_CONFIG_FOR=/Users/Ajaya/Documents/TizenGitTVApp/node_modules/@mui/material/ToggleButton/ToggleButton.js <your build command>
See https://babeljs.io/docs/configuration#print-effective-configs for more info.
Though the "loose" option was set to "true" in your @babel/preset-env config, it will not be used for @babel/plugin-transform-private-property-in-object since the "loose" mode option was set to "false" for @babel/plugin-transform-class-properties.
The "loose" option must be the same for @babel/plugin-transform-class-properties, @babel/plugin-transform-private-methods and @babel/plugin-transform-private-property-in-object (when they are enabled): you can silence this warning by explicitly adding
	["@babel/plugin-transform-private-property-in-object", { "loose": false }]
to the "plugins" section of your Babel config.

If you already set the same 'loose' mode for these plugins in your config, it's possible that they are enabled multiple times with different options.
You can re-run Babel with the BABEL_SHOW_CONFIG_FOR environment variable to show the loaded configuration:
	npx cross-env BABEL_SHOW_CONFIG_FOR=/Users/Ajaya/Documents/TizenGitTVApp/node_modules/@mui/material/Toolbar/toolbarClasses.js <your build command>
See https://babeljs.io/docs/configuration#print-effective-configs for more info.
Though the "loose" option was set to "true" in your @babel/preset-env config, it will not be used for @babel/plugin-transform-private-methods since the "loose" mode option was set to "false" for @babel/plugin-transform-private-property-in-object.
The "loose" option must be the same for @babel/plugin-transform-class-properties, @babel/plugin-transform-private-methods and @babel/plugin-transform-private-property-in-object (when they are enabled): you can silence this warning by explicitly adding
	["@babel/plugin-transform-private-methods", { "loose": false }]
to the "plugins" section of your Babel config.

If you already set the same 'loose' mode for these plugins in your config, it's possible that they are enabled multiple times with different options.
You can re-run Babel with the BABEL_SHOW_CONFIG_FOR environment variable to show the loaded configuration:
	npx cross-env BABEL_SHOW_CONFIG_FOR=/Users/Ajaya/Documents/TizenGitTVApp/node_modules/@mui/material/Toolbar/toolbarClasses.js <your build command>
See https://babeljs.io/docs/configuration#print-effective-configs for more info.
Though the "loose" option was set to "true" in your @babel/preset-env config, it will not be used for @babel/plugin-transform-private-property-in-object since the "loose" mode option was set to "false" for @babel/plugin-transform-class-properties.
The "loose" option must be the same for @babel/plugin-transform-class-properties, @babel/plugin-transform-private-methods and @babel/plugin-transform-private-property-in-object (when they are enabled): you can silence this warning by explicitly adding
	["@babel/plugin-transform-private-property-in-object", { "loose": false }]
to the "plugins" section of your Babel config.

If you already set the same 'loose' mode for these plugins in your config, it's possible that they are enabled multiple times with different options.
You can re-run Babel with the BABEL_SHOW_CONFIG_FOR environment variable to show the loaded configuration:
	npx cross-env BABEL_SHOW_CONFIG_FOR=/Users/Ajaya/Documents/TizenGitTVApp/node_modules/@mui/material/Toolbar/Toolbar.js <your build command>
See https://babeljs.io/docs/configuration#print-effective-configs for more info.
Though the "loose" option was set to "true" in your @babel/preset-env config, it will not be used for @babel/plugin-transform-private-methods since the "loose" mode option was set to "false" for @babel/plugin-transform-private-property-in-object.
The "loose" option must be the same for @babel/plugin-transform-class-properties, @babel/plugin-transform-private-methods and @babel/plugin-transform-private-property-in-object (when they are enabled): you can silence this warning by explicitly adding
	["@babel/plugin-transform-private-methods", { "loose": false }]
to the "plugins" section of your Babel config.

If you already set the same 'loose' mode for these plugins in your config, it's possible that they are enabled multiple times with different options.
You can re-run Babel with the BABEL_SHOW_CONFIG_FOR environment variable to show the loaded configuration:
	npx cross-env BABEL_SHOW_CONFIG_FOR=/Users/Ajaya/Documents/TizenGitTVApp/node_modules/@mui/material/Toolbar/Toolbar.js <your build command>
See https://babeljs.io/docs/configuration#print-effective-configs for more info.
Though the "loose" option was set to "true" in your @babel/preset-env config, it will not be used for @babel/plugin-transform-private-property-in-object since the "loose" mode option was set to "false" for @babel/plugin-transform-class-properties.
The "loose" option must be the same for @babel/plugin-transform-class-properties, @babel/plugin-transform-private-methods and @babel/plugin-transform-private-property-in-object (when they are enabled): you can silence this warning by explicitly adding
	["@babel/plugin-transform-private-property-in-object", { "loose": false }]
to the "plugins" section of your Babel config.

If you already set the same 'loose' mode for these plugins in your config, it's possible that they are enabled multiple times with different options.
You can re-run Babel with the BABEL_SHOW_CONFIG_FOR environment variable to show the loaded configuration:
	npx cross-env BABEL_SHOW_CONFIG_FOR=/Users/Ajaya/Documents/TizenGitTVApp/node_modules/@mui/material/Switch/index.js <your build command>
See https://babeljs.io/docs/configuration#print-effective-configs for more info.
Though the "loose" option was set to "true" in your @babel/preset-env config, it will not be used for @babel/plugin-transform-private-methods since the "loose" mode option was set to "false" for @babel/plugin-transform-private-property-in-object.
The "loose" option must be the same for @babel/plugin-transform-class-properties, @babel/plugin-transform-private-methods and @babel/plugin-transform-private-property-in-object (when they are enabled): you can silence this warning by explicitly adding
	["@babel/plugin-transform-private-methods", { "loose": false }]
to the "plugins" section of your Babel config.

If you already set the same 'loose' mode for these plugins in your config, it's possible that they are enabled multiple times with different options.
You can re-run Babel with the BABEL_SHOW_CONFIG_FOR environment variable to show the loaded configuration:
	npx cross-env BABEL_SHOW_CONFIG_FOR=/Users/Ajaya/Documents/TizenGitTVApp/node_modules/@mui/material/Switch/index.js <your build command>
See https://babeljs.io/docs/configuration#print-effective-configs for more info.
Though the "loose" option was set to "true" in your @babel/preset-env config, it will not be used for @babel/plugin-transform-private-property-in-object since the "loose" mode option was set to "false" for @babel/plugin-transform-class-properties.
The "loose" option must be the same for @babel/plugin-transform-class-properties, @babel/plugin-transform-private-methods and @babel/plugin-transform-private-property-in-object (when they are enabled): you can silence this warning by explicitly adding
	["@babel/plugin-transform-private-property-in-object", { "loose": false }]
to the "plugins" section of your Babel config.

If you already set the same 'loose' mode for these plugins in your config, it's possible that they are enabled multiple times with different options.
You can re-run Babel with the BABEL_SHOW_CONFIG_FOR environment variable to show the loaded configuration:
	npx cross-env BABEL_SHOW_CONFIG_FOR=/Users/Ajaya/Documents/TizenGitTVApp/node_modules/@mui/material/TableBody/index.js <your build command>
See https://babeljs.io/docs/configuration#print-effective-configs for more info.
Though the "loose" option was set to "true" in your @babel/preset-env config, it will not be used for @babel/plugin-transform-private-methods since the "loose" mode option was set to "false" for @babel/plugin-transform-private-property-in-object.
The "loose" option must be the same for @babel/plugin-transform-class-properties, @babel/plugin-transform-private-methods and @babel/plugin-transform-private-property-in-object (when they are enabled): you can silence this warning by explicitly adding
	["@babel/plugin-transform-private-methods", { "loose": false }]
to the "plugins" section of your Babel config.

If you already set the same 'loose' mode for these plugins in your config, it's possible that they are enabled multiple times with different options.
You can re-run Babel with the BABEL_SHOW_CONFIG_FOR environment variable to show the loaded configuration:
	npx cross-env BABEL_SHOW_CONFIG_FOR=/Users/Ajaya/Documents/TizenGitTVApp/node_modules/@mui/material/TableBody/index.js <your build command>
See https://babeljs.io/docs/configuration#print-effective-configs for more info.
Though the "loose" option was set to "true" in your @babel/preset-env config, it will not be used for @babel/plugin-transform-private-property-in-object since the "loose" mode option was set to "false" for @babel/plugin-transform-class-properties.
The "loose" option must be the same for @babel/plugin-transform-class-properties, @babel/plugin-transform-private-methods and @babel/plugin-transform-private-property-in-object (when they are enabled): you can silence this warning by explicitly adding
	["@babel/plugin-transform-private-property-in-object", { "loose": false }]
to the "plugins" section of your Babel config.

If you already set the same 'loose' mode for these plugins in your config, it's possible that they are enabled multiple times with different options.
You can re-run Babel with the BABEL_SHOW_CONFIG_FOR environment variable to show the loaded configuration:
	npx cross-env BABEL_SHOW_CONFIG_FOR=/Users/Ajaya/Documents/TizenGitTVApp/node_modules/@mui/material/Table/index.js <your build command>
See https://babeljs.io/docs/configuration#print-effective-configs for more info.
Though the "loose" option was set to "true" in your @babel/preset-env config, it will not be used for @babel/plugin-transform-private-methods since the "loose" mode option was set to "false" for @babel/plugin-transform-private-property-in-object.
The "loose" option must be the same for @babel/plugin-transform-class-properties, @babel/plugin-transform-private-methods and @babel/plugin-transform-private-property-in-object (when they are enabled): you can silence this warning by explicitly adding
	["@babel/plugin-transform-private-methods", { "loose": false }]
to the "plugins" section of your Babel config.

If you already set the same 'loose' mode for these plugins in your config, it's possible that they are enabled multiple times with different options.
You can re-run Babel with the BABEL_SHOW_CONFIG_FOR environment variable to show the loaded configuration:
	npx cross-env BABEL_SHOW_CONFIG_FOR=/Users/Ajaya/Documents/TizenGitTVApp/node_modules/@mui/material/Table/index.js <your build command>
See https://babeljs.io/docs/configuration#print-effective-configs for more info.
Though the "loose" option was set to "true" in your @babel/preset-env config, it will not be used for @babel/plugin-transform-private-property-in-object since the "loose" mode option was set to "false" for @babel/plugin-transform-class-properties.
The "loose" option must be the same for @babel/plugin-transform-class-properties, @babel/plugin-transform-private-methods and @babel/plugin-transform-private-property-in-object (when they are enabled): you can silence this warning by explicitly adding
	["@babel/plugin-transform-private-property-in-object", { "loose": false }]
to the "plugins" section of your Babel config.

If you already set the same 'loose' mode for these plugins in your config, it's possible that they are enabled multiple times with different options.
You can re-run Babel with the BABEL_SHOW_CONFIG_FOR environment variable to show the loaded configuration:
	npx cross-env BABEL_SHOW_CONFIG_FOR=/Users/Ajaya/Documents/TizenGitTVApp/node_modules/@mui/material/Tab/index.js <your build command>
See https://babeljs.io/docs/configuration#print-effective-configs for more info.
Though the "loose" option was set to "true" in your @babel/preset-env config, it will not be used for @babel/plugin-transform-private-methods since the "loose" mode option was set to "false" for @babel/plugin-transform-private-property-in-object.
The "loose" option must be the same for @babel/plugin-transform-class-properties, @babel/plugin-transform-private-methods and @babel/plugin-transform-private-property-in-object (when they are enabled): you can silence this warning by explicitly adding
	["@babel/plugin-transform-private-methods", { "loose": false }]
to the "plugins" section of your Babel config.

If you already set the same 'loose' mode for these plugins in your config, it's possible that they are enabled multiple times with different options.
You can re-run Babel with the BABEL_SHOW_CONFIG_FOR environment variable to show the loaded configuration:
	npx cross-env BABEL_SHOW_CONFIG_FOR=/Users/Ajaya/Documents/TizenGitTVApp/node_modules/@mui/material/Tab/index.js <your build command>
See https://babeljs.io/docs/configuration#print-effective-configs for more info.
Though the "loose" option was set to "true" in your @babel/preset-env config, it will not be used for @babel/plugin-transform-private-property-in-object since the "loose" mode option was set to "false" for @babel/plugin-transform-class-properties.
The "loose" option must be the same for @babel/plugin-transform-class-properties, @babel/plugin-transform-private-methods and @babel/plugin-transform-private-property-in-object (when they are enabled): you can silence this warning by explicitly adding
	["@babel/plugin-transform-private-property-in-object", { "loose": false }]
to the "plugins" section of your Babel config.

If you already set the same 'loose' mode for these plugins in your config, it's possible that they are enabled multiple times with different options.
You can re-run Babel with the BABEL_SHOW_CONFIG_FOR environment variable to show the loaded configuration:
	npx cross-env BABEL_SHOW_CONFIG_FOR=/Users/Ajaya/Documents/TizenGitTVApp/node_modules/@mui/material/SwipeableDrawer/index.js <your build command>
See https://babeljs.io/docs/configuration#print-effective-configs for more info.
Though the "loose" option was set to "true" in your @babel/preset-env config, it will not be used for @babel/plugin-transform-private-methods since the "loose" mode option was set to "false" for @babel/plugin-transform-private-property-in-object.
The "loose" option must be the same for @babel/plugin-transform-class-properties, @babel/plugin-transform-private-methods and @babel/plugin-transform-private-property-in-object (when they are enabled): you can silence this warning by explicitly adding
	["@babel/plugin-transform-private-methods", { "loose": false }]
to the "plugins" section of your Babel config.

If you already set the same 'loose' mode for these plugins in your config, it's possible that they are enabled multiple times with different options.
You can re-run Babel with the BABEL_SHOW_CONFIG_FOR environment variable to show the loaded configuration:
	npx cross-env BABEL_SHOW_CONFIG_FOR=/Users/Ajaya/Documents/TizenGitTVApp/node_modules/@mui/material/SwipeableDrawer/index.js <your build command>
See https://babeljs.io/docs/configuration#print-effective-configs for more info.
Though the "loose" option was set to "true" in your @babel/preset-env config, it will not be used for @babel/plugin-transform-private-property-in-object since the "loose" mode option was set to "false" for @babel/plugin-transform-class-properties.
The "loose" option must be the same for @babel/plugin-transform-class-properties, @babel/plugin-transform-private-methods and @babel/plugin-transform-private-property-in-object (when they are enabled): you can silence this warning by explicitly adding
	["@babel/plugin-transform-private-property-in-object", { "loose": false }]
to the "plugins" section of your Babel config.

If you already set the same 'loose' mode for these plugins in your config, it's possible that they are enabled multiple times with different options.
You can re-run Babel with the BABEL_SHOW_CONFIG_FOR environment variable to show the loaded configuration:
	npx cross-env BABEL_SHOW_CONFIG_FOR=/Users/Ajaya/Documents/TizenGitTVApp/node_modules/@tanstack/query-core/build/legacy/removable.cjs <your build command>
See https://babeljs.io/docs/configuration#print-effective-configs for more info.
Though the "loose" option was set to "true" in your @babel/preset-env config, it will not be used for @babel/plugin-transform-private-methods since the "loose" mode option was set to "false" for @babel/plugin-transform-private-property-in-object.
The "loose" option must be the same for @babel/plugin-transform-class-properties, @babel/plugin-transform-private-methods and @babel/plugin-transform-private-property-in-object (when they are enabled): you can silence this warning by explicitly adding
	["@babel/plugin-transform-private-methods", { "loose": false }]
to the "plugins" section of your Babel config.

If you already set the same 'loose' mode for these plugins in your config, it's possible that they are enabled multiple times with different options.
You can re-run Babel with the BABEL_SHOW_CONFIG_FOR environment variable to show the loaded configuration:
	npx cross-env BABEL_SHOW_CONFIG_FOR=/Users/Ajaya/Documents/TizenGitTVApp/node_modules/@tanstack/query-core/build/legacy/removable.cjs <your build command>
See https://babeljs.io/docs/configuration#print-effective-configs for more info.
Though the "loose" option was set to "true" in your @babel/preset-env config, it will not be used for @babel/plugin-transform-private-property-in-object since the "loose" mode option was set to "false" for @babel/plugin-transform-class-properties.
The "loose" option must be the same for @babel/plugin-transform-class-properties, @babel/plugin-transform-private-methods and @babel/plugin-transform-private-property-in-object (when they are enabled): you can silence this warning by explicitly adding
	["@babel/plugin-transform-private-property-in-object", { "loose": false }]
to the "plugins" section of your Babel config.

If you already set the same 'loose' mode for these plugins in your config, it's possible that they are enabled multiple times with different options.
You can re-run Babel with the BABEL_SHOW_CONFIG_FOR environment variable to show the loaded configuration:
	npx cross-env BABEL_SHOW_CONFIG_FOR=/Users/Ajaya/Documents/TizenGitTVApp/node_modules/@tanstack/query-core/build/legacy/notifyManager.cjs <your build command>
See https://babeljs.io/docs/configuration#print-effective-configs for more info.
Though the "loose" option was set to "true" in your @babel/preset-env config, it will not be used for @babel/plugin-transform-private-methods since the "loose" mode option was set to "false" for @babel/plugin-transform-private-property-in-object.
The "loose" option must be the same for @babel/plugin-transform-class-properties, @babel/plugin-transform-private-methods and @babel/plugin-transform-private-property-in-object (when they are enabled): you can silence this warning by explicitly adding
	["@babel/plugin-transform-private-methods", { "loose": false }]
to the "plugins" section of your Babel config.

If you already set the same 'loose' mode for these plugins in your config, it's possible that they are enabled multiple times with different options.
You can re-run Babel with the BABEL_SHOW_CONFIG_FOR environment variable to show the loaded configuration:
	npx cross-env BABEL_SHOW_CONFIG_FOR=/Users/Ajaya/Documents/TizenGitTVApp/node_modules/@tanstack/query-core/build/legacy/notifyManager.cjs <your build command>
See https://babeljs.io/docs/configuration#print-effective-configs for more info.
Though the "loose" option was set to "true" in your @babel/preset-env config, it will not be used for @babel/plugin-transform-private-property-in-object since the "loose" mode option was set to "false" for @babel/plugin-transform-class-properties.
The "loose" option must be the same for @babel/plugin-transform-class-properties, @babel/plugin-transform-private-methods and @babel/plugin-transform-private-property-in-object (when they are enabled): you can silence this warning by explicitly adding
	["@babel/plugin-transform-private-property-in-object", { "loose": false }]
to the "plugins" section of your Babel config.

If you already set the same 'loose' mode for these plugins in your config, it's possible that they are enabled multiple times with different options.
You can re-run Babel with the BABEL_SHOW_CONFIG_FOR environment variable to show the loaded configuration:
	npx cross-env BABEL_SHOW_CONFIG_FOR=/Users/Ajaya/Documents/TizenGitTVApp/node_modules/@tanstack/query-core/build/legacy/thenable.cjs <your build command>
See https://babeljs.io/docs/configuration#print-effective-configs for more info.
Though the "loose" option was set to "true" in your @babel/preset-env config, it will not be used for @babel/plugin-transform-private-methods since the "loose" mode option was set to "false" for @babel/plugin-transform-private-property-in-object.
The "loose" option must be the same for @babel/plugin-transform-class-properties, @babel/plugin-transform-private-methods and @babel/plugin-transform-private-property-in-object (when they are enabled): you can silence this warning by explicitly adding
	["@babel/plugin-transform-private-methods", { "loose": false }]
to the "plugins" section of your Babel config.

If you already set the same 'loose' mode for these plugins in your config, it's possible that they are enabled multiple times with different options.
You can re-run Babel with the BABEL_SHOW_CONFIG_FOR environment variable to show the loaded configuration:
	npx cross-env BABEL_SHOW_CONFIG_FOR=/Users/Ajaya/Documents/TizenGitTVApp/node_modules/@tanstack/query-core/build/legacy/thenable.cjs <your build command>
See https://babeljs.io/docs/configuration#print-effective-configs for more info.
Though the "loose" option was set to "true" in your @babel/preset-env config, it will not be used for @babel/plugin-transform-private-property-in-object since the "loose" mode option was set to "false" for @babel/plugin-transform-class-properties.
The "loose" option must be the same for @babel/plugin-transform-class-properties, @babel/plugin-transform-private-methods and @babel/plugin-transform-private-property-in-object (when they are enabled): you can silence this warning by explicitly adding
	["@babel/plugin-transform-private-property-in-object", { "loose": false }]
to the "plugins" section of your Babel config.

If you already set the same 'loose' mode for these plugins in your config, it's possible that they are enabled multiple times with different options.
You can re-run Babel with the BABEL_SHOW_CONFIG_FOR environment variable to show the loaded configuration:
	npx cross-env BABEL_SHOW_CONFIG_FOR=/Users/Ajaya/Documents/TizenGitTVApp/node_modules/@tanstack/query-core/build/legacy/onlineManager.cjs <your build command>
See https://babeljs.io/docs/configuration#print-effective-configs for more info.
Though the "loose" option was set to "true" in your @babel/preset-env config, it will not be used for @babel/plugin-transform-private-methods since the "loose" mode option was set to "false" for @babel/plugin-transform-private-property-in-object.
The "loose" option must be the same for @babel/plugin-transform-class-properties, @babel/plugin-transform-private-methods and @babel/plugin-transform-private-property-in-object (when they are enabled): you can silence this warning by explicitly adding
	["@babel/plugin-transform-private-methods", { "loose": false }]
to the "plugins" section of your Babel config.

If you already set the same 'loose' mode for these plugins in your config, it's possible that they are enabled multiple times with different options.
You can re-run Babel with the BABEL_SHOW_CONFIG_FOR environment variable to show the loaded configuration:
	npx cross-env BABEL_SHOW_CONFIG_FOR=/Users/Ajaya/Documents/TizenGitTVApp/node_modules/@tanstack/query-core/build/legacy/onlineManager.cjs <your build command>
See https://babeljs.io/docs/configuration#print-effective-configs for more info.
Though the "loose" option was set to "true" in your @babel/preset-env config, it will not be used for @babel/plugin-transform-private-property-in-object since the "loose" mode option was set to "false" for @babel/plugin-transform-class-properties.
The "loose" option must be the same for @babel/plugin-transform-class-properties, @babel/plugin-transform-private-methods and @babel/plugin-transform-private-property-in-object (when they are enabled): you can silence this warning by explicitly adding
	["@babel/plugin-transform-private-property-in-object", { "loose": false }]
to the "plugins" section of your Babel config.

If you already set the same 'loose' mode for these plugins in your config, it's possible that they are enabled multiple times with different options.
You can re-run Babel with the BABEL_SHOW_CONFIG_FOR environment variable to show the loaded configuration:
	npx cross-env BABEL_SHOW_CONFIG_FOR=/Users/Ajaya/Documents/TizenGitTVApp/node_modules/@mui/material/SvgIcon/index.js <your build command>
See https://babeljs.io/docs/configuration#print-effective-configs for more info.
Though the "loose" option was set to "true" in your @babel/preset-env config, it will not be used for @babel/plugin-transform-private-methods since the "loose" mode option was set to "false" for @babel/plugin-transform-private-property-in-object.
The "loose" option must be the same for @babel/plugin-transform-class-properties, @babel/plugin-transform-private-methods and @babel/plugin-transform-private-property-in-object (when they are enabled): you can silence this warning by explicitly adding
	["@babel/plugin-transform-private-methods", { "loose": false }]
to the "plugins" section of your Babel config.

If you already set the same 'loose' mode for these plugins in your config, it's possible that they are enabled multiple times with different options.
You can re-run Babel with the BABEL_SHOW_CONFIG_FOR environment variable to show the loaded configuration:
	npx cross-env BABEL_SHOW_CONFIG_FOR=/Users/Ajaya/Documents/TizenGitTVApp/node_modules/@mui/material/SvgIcon/index.js <your build command>
See https://babeljs.io/docs/configuration#print-effective-configs for more info.
Though the "loose" option was set to "true" in your @babel/preset-env config, it will not be used for @babel/plugin-transform-private-property-in-object since the "loose" mode option was set to "false" for @babel/plugin-transform-class-properties.
The "loose" option must be the same for @babel/plugin-transform-class-properties, @babel/plugin-transform-private-methods and @babel/plugin-transform-private-property-in-object (when they are enabled): you can silence this warning by explicitly adding
	["@babel/plugin-transform-private-property-in-object", { "loose": false }]
to the "plugins" section of your Babel config.

If you already set the same 'loose' mode for these plugins in your config, it's possible that they are enabled multiple times with different options.
You can re-run Babel with the BABEL_SHOW_CONFIG_FOR environment variable to show the loaded configuration:
	npx cross-env BABEL_SHOW_CONFIG_FOR=/Users/Ajaya/Documents/TizenGitTVApp/node_modules/@mui/material/Stepper/index.js <your build command>
See https://babeljs.io/docs/configuration#print-effective-configs for more info.
Though the "loose" option was set to "true" in your @babel/preset-env config, it will not be used for @babel/plugin-transform-private-methods since the "loose" mode option was set to "false" for @babel/plugin-transform-private-property-in-object.
The "loose" option must be the same for @babel/plugin-transform-class-properties, @babel/plugin-transform-private-methods and @babel/plugin-transform-private-property-in-object (when they are enabled): you can silence this warning by explicitly adding
	["@babel/plugin-transform-private-methods", { "loose": false }]
to the "plugins" section of your Babel config.

If you already set the same 'loose' mode for these plugins in your config, it's possible that they are enabled multiple times with different options.
You can re-run Babel with the BABEL_SHOW_CONFIG_FOR environment variable to show the loaded configuration:
	npx cross-env BABEL_SHOW_CONFIG_FOR=/Users/Ajaya/Documents/TizenGitTVApp/node_modules/@mui/material/Stepper/index.js <your build command>
See https://babeljs.io/docs/configuration#print-effective-configs for more info.
Though the "loose" option was set to "true" in your @babel/preset-env config, it will not be used for @babel/plugin-transform-private-property-in-object since the "loose" mode option was set to "false" for @babel/plugin-transform-class-properties.
The "loose" option must be the same for @babel/plugin-transform-class-properties, @babel/plugin-transform-private-methods and @babel/plugin-transform-private-property-in-object (when they are enabled): you can silence this warning by explicitly adding
	["@babel/plugin-transform-private-property-in-object", { "loose": false }]
to the "plugins" section of your Babel config.

If you already set the same 'loose' mode for these plugins in your config, it's possible that they are enabled multiple times with different options.
You can re-run Babel with the BABEL_SHOW_CONFIG_FOR environment variable to show the loaded configuration:
	npx cross-env BABEL_SHOW_CONFIG_FOR=/Users/Ajaya/Documents/TizenGitTVApp/node_modules/react-router/dist/umd/react-router.production.min.js <your build command>
See https://babeljs.io/docs/configuration#print-effective-configs for more info.
Though the "loose" option was set to "true" in your @babel/preset-env config, it will not be used for @babel/plugin-transform-private-methods since the "loose" mode option was set to "false" for @babel/plugin-transform-private-property-in-object.
The "loose" option must be the same for @babel/plugin-transform-class-properties, @babel/plugin-transform-private-methods and @babel/plugin-transform-private-property-in-object (when they are enabled): you can silence this warning by explicitly adding
	["@babel/plugin-transform-private-methods", { "loose": false }]
to the "plugins" section of your Babel config.

If you already set the same 'loose' mode for these plugins in your config, it's possible that they are enabled multiple times with different options.
You can re-run Babel with the BABEL_SHOW_CONFIG_FOR environment variable to show the loaded configuration:
	npx cross-env BABEL_SHOW_CONFIG_FOR=/Users/Ajaya/Documents/TizenGitTVApp/node_modules/react-router/dist/umd/react-router.production.min.js <your build command>
See https://babeljs.io/docs/configuration#print-effective-configs for more info.
Though the "loose" option was set to "true" in your @babel/preset-env config, it will not be used for @babel/plugin-transform-private-property-in-object since the "loose" mode option was set to "false" for @babel/plugin-transform-class-properties.
The "loose" option must be the same for @babel/plugin-transform-class-properties, @babel/plugin-transform-private-methods and @babel/plugin-transform-private-property-in-object (when they are enabled): you can silence this warning by explicitly adding
	["@babel/plugin-transform-private-property-in-object", { "loose": false }]
to the "plugins" section of your Babel config.

If you already set the same 'loose' mode for these plugins in your config, it's possible that they are enabled multiple times with different options.
You can re-run Babel with the BABEL_SHOW_CONFIG_FOR environment variable to show the loaded configuration:
	npx cross-env BABEL_SHOW_CONFIG_FOR=/Users/Ajaya/Documents/TizenGitTVApp/node_modules/@tanstack/query-core/build/legacy/focusManager.cjs <your build command>
See https://babeljs.io/docs/configuration#print-effective-configs for more info.
Though the "loose" option was set to "true" in your @babel/preset-env config, it will not be used for @babel/plugin-transform-private-methods since the "loose" mode option was set to "false" for @babel/plugin-transform-private-property-in-object.
The "loose" option must be the same for @babel/plugin-transform-class-properties, @babel/plugin-transform-private-methods and @babel/plugin-transform-private-property-in-object (when they are enabled): you can silence this warning by explicitly adding
	["@babel/plugin-transform-private-methods", { "loose": false }]
to the "plugins" section of your Babel config.

If you already set the same 'loose' mode for these plugins in your config, it's possible that they are enabled multiple times with different options.
You can re-run Babel with the BABEL_SHOW_CONFIG_FOR environment variable to show the loaded configuration:
	npx cross-env BABEL_SHOW_CONFIG_FOR=/Users/Ajaya/Documents/TizenGitTVApp/node_modules/@tanstack/query-core/build/legacy/focusManager.cjs <your build command>
See https://babeljs.io/docs/configuration#print-effective-configs for more info.
Though the "loose" option was set to "true" in your @babel/preset-env config, it will not be used for @babel/plugin-transform-private-property-in-object since the "loose" mode option was set to "false" for @babel/plugin-transform-class-properties.
The "loose" option must be the same for @babel/plugin-transform-class-properties, @babel/plugin-transform-private-methods and @babel/plugin-transform-private-property-in-object (when they are enabled): you can silence this warning by explicitly adding
	["@babel/plugin-transform-private-property-in-object", { "loose": false }]
to the "plugins" section of your Babel config.

If you already set the same 'loose' mode for these plugins in your config, it's possible that they are enabled multiple times with different options.
You can re-run Babel with the BABEL_SHOW_CONFIG_FOR environment variable to show the loaded configuration:
	npx cross-env BABEL_SHOW_CONFIG_FOR=/Users/Ajaya/Documents/TizenGitTVApp/node_modules/@tanstack/query-core/build/legacy/queryCache.cjs <your build command>
See https://babeljs.io/docs/configuration#print-effective-configs for more info.
Though the "loose" option was set to "true" in your @babel/preset-env config, it will not be used for @babel/plugin-transform-private-methods since the "loose" mode option was set to "false" for @babel/plugin-transform-private-property-in-object.
The "loose" option must be the same for @babel/plugin-transform-class-properties, @babel/plugin-transform-private-methods and @babel/plugin-transform-private-property-in-object (when they are enabled): you can silence this warning by explicitly adding
	["@babel/plugin-transform-private-methods", { "loose": false }]
to the "plugins" section of your Babel config.

If you already set the same 'loose' mode for these plugins in your config, it's possible that they are enabled multiple times with different options.
You can re-run Babel with the BABEL_SHOW_CONFIG_FOR environment variable to show the loaded configuration:
	npx cross-env BABEL_SHOW_CONFIG_FOR=/Users/Ajaya/Documents/TizenGitTVApp/node_modules/@tanstack/query-core/build/legacy/queryCache.cjs <your build command>
See https://babeljs.io/docs/configuration#print-effective-configs for more info.
Though the "loose" option was set to "true" in your @babel/preset-env config, it will not be used for @babel/plugin-transform-private-property-in-object since the "loose" mode option was set to "false" for @babel/plugin-transform-class-properties.
The "loose" option must be the same for @babel/plugin-transform-class-properties, @babel/plugin-transform-private-methods and @babel/plugin-transform-private-property-in-object (when they are enabled): you can silence this warning by explicitly adding
	["@babel/plugin-transform-private-property-in-object", { "loose": false }]
to the "plugins" section of your Babel config.

If you already set the same 'loose' mode for these plugins in your config, it's possible that they are enabled multiple times with different options.
You can re-run Babel with the BABEL_SHOW_CONFIG_FOR environment variable to show the loaded configuration:
	npx cross-env BABEL_SHOW_CONFIG_FOR=/Users/Ajaya/Documents/TizenGitTVApp/node_modules/@tanstack/query-core/build/legacy/queriesObserver.cjs <your build command>
See https://babeljs.io/docs/configuration#print-effective-configs for more info.
Though the "loose" option was set to "true" in your @babel/preset-env config, it will not be used for @babel/plugin-transform-private-methods since the "loose" mode option was set to "false" for @babel/plugin-transform-private-property-in-object.
The "loose" option must be the same for @babel/plugin-transform-class-properties, @babel/plugin-transform-private-methods and @babel/plugin-transform-private-property-in-object (when they are enabled): you can silence this warning by explicitly adding
	["@babel/plugin-transform-private-methods", { "loose": false }]
to the "plugins" section of your Babel config.

If you already set the same 'loose' mode for these plugins in your config, it's possible that they are enabled multiple times with different options.
You can re-run Babel with the BABEL_SHOW_CONFIG_FOR environment variable to show the loaded configuration:
	npx cross-env BABEL_SHOW_CONFIG_FOR=/Users/Ajaya/Documents/TizenGitTVApp/node_modules/@tanstack/query-core/build/legacy/queriesObserver.cjs <your build command>
See https://babeljs.io/docs/configuration#print-effective-configs for more info.
Though the "loose" option was set to "true" in your @babel/preset-env config, it will not be used for @babel/plugin-transform-private-property-in-object since the "loose" mode option was set to "false" for @babel/plugin-transform-class-properties.
The "loose" option must be the same for @babel/plugin-transform-class-properties, @babel/plugin-transform-private-methods and @babel/plugin-transform-private-property-in-object (when they are enabled): you can silence this warning by explicitly adding
	["@babel/plugin-transform-private-property-in-object", { "loose": false }]
to the "plugins" section of your Babel config.

If you already set the same 'loose' mode for these plugins in your config, it's possible that they are enabled multiple times with different options.
You can re-run Babel with the BABEL_SHOW_CONFIG_FOR environment variable to show the loaded configuration:
	npx cross-env BABEL_SHOW_CONFIG_FOR=/Users/Ajaya/Documents/TizenGitTVApp/node_modules/@mui/material/ToggleButtonGroup/toggleButtonGroupClasses.js <your build command>
See https://babeljs.io/docs/configuration#print-effective-configs for more info.
Though the "loose" option was set to "true" in your @babel/preset-env config, it will not be used for @babel/plugin-transform-private-methods since the "loose" mode option was set to "false" for @babel/plugin-transform-private-property-in-object.
The "loose" option must be the same for @babel/plugin-transform-class-properties, @babel/plugin-transform-private-methods and @babel/plugin-transform-private-property-in-object (when they are enabled): you can silence this warning by explicitly adding
	["@babel/plugin-transform-private-methods", { "loose": false }]
to the "plugins" section of your Babel config.

If you already set the same 'loose' mode for these plugins in your config, it's possible that they are enabled multiple times with different options.
You can re-run Babel with the BABEL_SHOW_CONFIG_FOR environment variable to show the loaded configuration:
	npx cross-env BABEL_SHOW_CONFIG_FOR=/Users/Ajaya/Documents/TizenGitTVApp/node_modules/@mui/material/ToggleButtonGroup/toggleButtonGroupClasses.js <your build command>
See https://babeljs.io/docs/configuration#print-effective-configs for more info.
Though the "loose" option was set to "true" in your @babel/preset-env config, it will not be used for @babel/plugin-transform-private-property-in-object since the "loose" mode option was set to "false" for @babel/plugin-transform-class-properties.
The "loose" option must be the same for @babel/plugin-transform-class-properties, @babel/plugin-transform-private-methods and @babel/plugin-transform-private-property-in-object (when they are enabled): you can silence this warning by explicitly adding
	["@babel/plugin-transform-private-property-in-object", { "loose": false }]
to the "plugins" section of your Babel config.

If you already set the same 'loose' mode for these plugins in your config, it's possible that they are enabled multiple times with different options.
You can re-run Babel with the BABEL_SHOW_CONFIG_FOR environment variable to show the loaded configuration:
	npx cross-env BABEL_SHOW_CONFIG_FOR=/Users/Ajaya/Documents/TizenGitTVApp/node_modules/@mui/material/StepLabel/index.js <your build command>
See https://babeljs.io/docs/configuration#print-effective-configs for more info.
Though the "loose" option was set to "true" in your @babel/preset-env config, it will not be used for @babel/plugin-transform-private-methods since the "loose" mode option was set to "false" for @babel/plugin-transform-private-property-in-object.
The "loose" option must be the same for @babel/plugin-transform-class-properties, @babel/plugin-transform-private-methods and @babel/plugin-transform-private-property-in-object (when they are enabled): you can silence this warning by explicitly adding
	["@babel/plugin-transform-private-methods", { "loose": false }]
to the "plugins" section of your Babel config.

If you already set the same 'loose' mode for these plugins in your config, it's possible that they are enabled multiple times with different options.
You can re-run Babel with the BABEL_SHOW_CONFIG_FOR environment variable to show the loaded configuration:
	npx cross-env BABEL_SHOW_CONFIG_FOR=/Users/Ajaya/Documents/TizenGitTVApp/node_modules/@mui/material/StepLabel/index.js <your build command>
See https://babeljs.io/docs/configuration#print-effective-configs for more info.
Though the "loose" option was set to "true" in your @babel/preset-env config, it will not be used for @babel/plugin-transform-private-property-in-object since the "loose" mode option was set to "false" for @babel/plugin-transform-class-properties.
The "loose" option must be the same for @babel/plugin-transform-class-properties, @babel/plugin-transform-private-methods and @babel/plugin-transform-private-property-in-object (when they are enabled): you can silence this warning by explicitly adding
	["@babel/plugin-transform-private-property-in-object", { "loose": false }]
to the "plugins" section of your Babel config.

If you already set the same 'loose' mode for these plugins in your config, it's possible that they are enabled multiple times with different options.
You can re-run Babel with the BABEL_SHOW_CONFIG_FOR environment variable to show the loaded configuration:
	npx cross-env BABEL_SHOW_CONFIG_FOR=/Users/Ajaya/Documents/TizenGitTVApp/node_modules/@mui/material/Step/index.js <your build command>
See https://babeljs.io/docs/configuration#print-effective-configs for more info.
Though the "loose" option was set to "true" in your @babel/preset-env config, it will not be used for @babel/plugin-transform-private-methods since the "loose" mode option was set to "false" for @babel/plugin-transform-private-property-in-object.
The "loose" option must be the same for @babel/plugin-transform-class-properties, @babel/plugin-transform-private-methods and @babel/plugin-transform-private-property-in-object (when they are enabled): you can silence this warning by explicitly adding
	["@babel/plugin-transform-private-methods", { "loose": false }]
to the "plugins" section of your Babel config.

If you already set the same 'loose' mode for these plugins in your config, it's possible that they are enabled multiple times with different options.
You can re-run Babel with the BABEL_SHOW_CONFIG_FOR environment variable to show the loaded configuration:
	npx cross-env BABEL_SHOW_CONFIG_FOR=/Users/Ajaya/Documents/TizenGitTVApp/node_modules/@mui/material/Step/index.js <your build command>
See https://babeljs.io/docs/configuration#print-effective-configs for more info.
Though the "loose" option was set to "true" in your @babel/preset-env config, it will not be used for @babel/plugin-transform-private-property-in-object since the "loose" mode option was set to "false" for @babel/plugin-transform-class-properties.
The "loose" option must be the same for @babel/plugin-transform-class-properties, @babel/plugin-transform-private-methods and @babel/plugin-transform-private-property-in-object (when they are enabled): you can silence this warning by explicitly adding
	["@babel/plugin-transform-private-property-in-object", { "loose": false }]
to the "plugins" section of your Babel config.

If you already set the same 'loose' mode for these plugins in your config, it's possible that they are enabled multiple times with different options.
You can re-run Babel with the BABEL_SHOW_CONFIG_FOR environment variable to show the loaded configuration:
	npx cross-env BABEL_SHOW_CONFIG_FOR=/Users/Ajaya/Documents/TizenGitTVApp/node_modules/@mui/material/StepContent/index.js <your build command>
See https://babeljs.io/docs/configuration#print-effective-configs for more info.
Though the "loose" option was set to "true" in your @babel/preset-env config, it will not be used for @babel/plugin-transform-private-methods since the "loose" mode option was set to "false" for @babel/plugin-transform-private-property-in-object.
The "loose" option must be the same for @babel/plugin-transform-class-properties, @babel/plugin-transform-private-methods and @babel/plugin-transform-private-property-in-object (when they are enabled): you can silence this warning by explicitly adding
	["@babel/plugin-transform-private-methods", { "loose": false }]
to the "plugins" section of your Babel config.

If you already set the same 'loose' mode for these plugins in your config, it's possible that they are enabled multiple times with different options.
You can re-run Babel with the BABEL_SHOW_CONFIG_FOR environment variable to show the loaded configuration:
	npx cross-env BABEL_SHOW_CONFIG_FOR=/Users/Ajaya/Documents/TizenGitTVApp/node_modules/@mui/material/StepContent/index.js <your build command>
See https://babeljs.io/docs/configuration#print-effective-configs for more info.
Though the "loose" option was set to "true" in your @babel/preset-env config, it will not be used for @babel/plugin-transform-private-property-in-object since the "loose" mode option was set to "false" for @babel/plugin-transform-class-properties.
The "loose" option must be the same for @babel/plugin-transform-class-properties, @babel/plugin-transform-private-methods and @babel/plugin-transform-private-property-in-object (when they are enabled): you can silence this warning by explicitly adding
	["@babel/plugin-transform-private-property-in-object", { "loose": false }]
to the "plugins" section of your Babel config.

If you already set the same 'loose' mode for these plugins in your config, it's possible that they are enabled multiple times with different options.
You can re-run Babel with the BABEL_SHOW_CONFIG_FOR environment variable to show the loaded configuration:
	npx cross-env BABEL_SHOW_CONFIG_FOR=/Users/Ajaya/Documents/TizenGitTVApp/node_modules/@mui/material/StepIcon/index.js <your build command>
See https://babeljs.io/docs/configuration#print-effective-configs for more info.
Though the "loose" option was set to "true" in your @babel/preset-env config, it will not be used for @babel/plugin-transform-private-methods since the "loose" mode option was set to "false" for @babel/plugin-transform-private-property-in-object.
The "loose" option must be the same for @babel/plugin-transform-class-properties, @babel/plugin-transform-private-methods and @babel/plugin-transform-private-property-in-object (when they are enabled): you can silence this warning by explicitly adding
	["@babel/plugin-transform-private-methods", { "loose": false }]
to the "plugins" section of your Babel config.

If you already set the same 'loose' mode for these plugins in your config, it's possible that they are enabled multiple times with different options.
You can re-run Babel with the BABEL_SHOW_CONFIG_FOR environment variable to show the loaded configuration:
	npx cross-env BABEL_SHOW_CONFIG_FOR=/Users/Ajaya/Documents/TizenGitTVApp/node_modules/@mui/material/StepIcon/index.js <your build command>
See https://babeljs.io/docs/configuration#print-effective-configs for more info.
Though the "loose" option was set to "true" in your @babel/preset-env config, it will not be used for @babel/plugin-transform-private-property-in-object since the "loose" mode option was set to "false" for @babel/plugin-transform-class-properties.
The "loose" option must be the same for @babel/plugin-transform-class-properties, @babel/plugin-transform-private-methods and @babel/plugin-transform-private-property-in-object (when they are enabled): you can silence this warning by explicitly adding
	["@babel/plugin-transform-private-property-in-object", { "loose": false }]
to the "plugins" section of your Babel config.

If you already set the same 'loose' mode for these plugins in your config, it's possible that they are enabled multiple times with different options.
You can re-run Babel with the BABEL_SHOW_CONFIG_FOR environment variable to show the loaded configuration:
	npx cross-env BABEL_SHOW_CONFIG_FOR=/Users/Ajaya/Documents/TizenGitTVApp/node_modules/@tanstack/query-core/build/legacy/infiniteQueryBehavior.cjs <your build command>
See https://babeljs.io/docs/configuration#print-effective-configs for more info.
Though the "loose" option was set to "true" in your @babel/preset-env config, it will not be used for @babel/plugin-transform-private-methods since the "loose" mode option was set to "false" for @babel/plugin-transform-private-property-in-object.
The "loose" option must be the same for @babel/plugin-transform-class-properties, @babel/plugin-transform-private-methods and @babel/plugin-transform-private-property-in-object (when they are enabled): you can silence this warning by explicitly adding
	["@babel/plugin-transform-private-methods", { "loose": false }]
to the "plugins" section of your Babel config.

If you already set the same 'loose' mode for these plugins in your config, it's possible that they are enabled multiple times with different options.
You can re-run Babel with the BABEL_SHOW_CONFIG_FOR environment variable to show the loaded configuration:
	npx cross-env BABEL_SHOW_CONFIG_FOR=/Users/Ajaya/Documents/TizenGitTVApp/node_modules/@tanstack/query-core/build/legacy/infiniteQueryBehavior.cjs <your build command>
See https://babeljs.io/docs/configuration#print-effective-configs for more info.
Though the "loose" option was set to "true" in your @babel/preset-env config, it will not be used for @babel/plugin-transform-private-property-in-object since the "loose" mode option was set to "false" for @babel/plugin-transform-class-properties.
The "loose" option must be the same for @babel/plugin-transform-class-properties, @babel/plugin-transform-private-methods and @babel/plugin-transform-private-property-in-object (when they are enabled): you can silence this warning by explicitly adding
	["@babel/plugin-transform-private-property-in-object", { "loose": false }]
to the "plugins" section of your Babel config.

If you already set the same 'loose' mode for these plugins in your config, it's possible that they are enabled multiple times with different options.
You can re-run Babel with the BABEL_SHOW_CONFIG_FOR environment variable to show the loaded configuration:
	npx cross-env BABEL_SHOW_CONFIG_FOR=/Users/Ajaya/Documents/TizenGitTVApp/node_modules/@mui/material/StepConnector/index.js <your build command>
See https://babeljs.io/docs/configuration#print-effective-configs for more info.
Though the "loose" option was set to "true" in your @babel/preset-env config, it will not be used for @babel/plugin-transform-private-methods since the "loose" mode option was set to "false" for @babel/plugin-transform-private-property-in-object.
The "loose" option must be the same for @babel/plugin-transform-class-properties, @babel/plugin-transform-private-methods and @babel/plugin-transform-private-property-in-object (when they are enabled): you can silence this warning by explicitly adding
	["@babel/plugin-transform-private-methods", { "loose": false }]
to the "plugins" section of your Babel config.

If you already set the same 'loose' mode for these plugins in your config, it's possible that they are enabled multiple times with different options.
You can re-run Babel with the BABEL_SHOW_CONFIG_FOR environment variable to show the loaded configuration:
	npx cross-env BABEL_SHOW_CONFIG_FOR=/Users/Ajaya/Documents/TizenGitTVApp/node_modules/@mui/material/StepConnector/index.js <your build command>
See https://babeljs.io/docs/configuration#print-effective-configs for more info.
Though the "loose" option was set to "true" in your @babel/preset-env config, it will not be used for @babel/plugin-transform-private-property-in-object since the "loose" mode option was set to "false" for @babel/plugin-transform-class-properties.
The "loose" option must be the same for @babel/plugin-transform-class-properties, @babel/plugin-transform-private-methods and @babel/plugin-transform-private-property-in-object (when they are enabled): you can silence this warning by explicitly adding
	["@babel/plugin-transform-private-property-in-object", { "loose": false }]
to the "plugins" section of your Babel config.

If you already set the same 'loose' mode for these plugins in your config, it's possible that they are enabled multiple times with different options.
You can re-run Babel with the BABEL_SHOW_CONFIG_FOR environment variable to show the loaded configuration:
	npx cross-env BABEL_SHOW_CONFIG_FOR=/Users/Ajaya/Documents/TizenGitTVApp/node_modules/@mui/material/StepButton/index.js <your build command>
See https://babeljs.io/docs/configuration#print-effective-configs for more info.
Though the "loose" option was set to "true" in your @babel/preset-env config, it will not be used for @babel/plugin-transform-private-methods since the "loose" mode option was set to "false" for @babel/plugin-transform-private-property-in-object.
The "loose" option must be the same for @babel/plugin-transform-class-properties, @babel/plugin-transform-private-methods and @babel/plugin-transform-private-property-in-object (when they are enabled): you can silence this warning by explicitly adding
	["@babel/plugin-transform-private-methods", { "loose": false }]
to the "plugins" section of your Babel config.

If you already set the same 'loose' mode for these plugins in your config, it's possible that they are enabled multiple times with different options.
You can re-run Babel with the BABEL_SHOW_CONFIG_FOR environment variable to show the loaded configuration:
	npx cross-env BABEL_SHOW_CONFIG_FOR=/Users/Ajaya/Documents/TizenGitTVApp/node_modules/@mui/material/StepButton/index.js <your build command>
See https://babeljs.io/docs/configuration#print-effective-configs for more info.
Though the "loose" option was set to "true" in your @babel/preset-env config, it will not be used for @babel/plugin-transform-private-property-in-object since the "loose" mode option was set to "false" for @babel/plugin-transform-class-properties.
The "loose" option must be the same for @babel/plugin-transform-class-properties, @babel/plugin-transform-private-methods and @babel/plugin-transform-private-property-in-object (when they are enabled): you can silence this warning by explicitly adding
	["@babel/plugin-transform-private-property-in-object", { "loose": false }]
to the "plugins" section of your Babel config.

If you already set the same 'loose' mode for these plugins in your config, it's possible that they are enabled multiple times with different options.
You can re-run Babel with the BABEL_SHOW_CONFIG_FOR environment variable to show the loaded configuration:
	npx cross-env BABEL_SHOW_CONFIG_FOR=/Users/Ajaya/Documents/TizenGitTVApp/node_modules/@mui/material/Stack/index.js <your build command>
See https://babeljs.io/docs/configuration#print-effective-configs for more info.
Though the "loose" option was set to "true" in your @babel/preset-env config, it will not be used for @babel/plugin-transform-private-methods since the "loose" mode option was set to "false" for @babel/plugin-transform-private-property-in-object.
The "loose" option must be the same for @babel/plugin-transform-class-properties, @babel/plugin-transform-private-methods and @babel/plugin-transform-private-property-in-object (when they are enabled): you can silence this warning by explicitly adding
	["@babel/plugin-transform-private-methods", { "loose": false }]
to the "plugins" section of your Babel config.

If you already set the same 'loose' mode for these plugins in your config, it's possible that they are enabled multiple times with different options.
You can re-run Babel with the BABEL_SHOW_CONFIG_FOR environment variable to show the loaded configuration:
	npx cross-env BABEL_SHOW_CONFIG_FOR=/Users/Ajaya/Documents/TizenGitTVApp/node_modules/@mui/material/Stack/index.js <your build command>
See https://babeljs.io/docs/configuration#print-effective-configs for more info.
Though the "loose" option was set to "true" in your @babel/preset-env config, it will not be used for @babel/plugin-transform-private-property-in-object since the "loose" mode option was set to "false" for @babel/plugin-transform-class-properties.
The "loose" option must be the same for @babel/plugin-transform-class-properties, @babel/plugin-transform-private-methods and @babel/plugin-transform-private-property-in-object (when they are enabled): you can silence this warning by explicitly adding
	["@babel/plugin-transform-private-property-in-object", { "loose": false }]
to the "plugins" section of your Babel config.

If you already set the same 'loose' mode for these plugins in your config, it's possible that they are enabled multiple times with different options.
You can re-run Babel with the BABEL_SHOW_CONFIG_FOR environment variable to show the loaded configuration:
	npx cross-env BABEL_SHOW_CONFIG_FOR=/Users/Ajaya/Documents/TizenGitTVApp/node_modules/@mui/material/Tooltip/Tooltip.js <your build command>
See https://babeljs.io/docs/configuration#print-effective-configs for more info.
Though the "loose" option was set to "true" in your @babel/preset-env config, it will not be used for @babel/plugin-transform-private-methods since the "loose" mode option was set to "false" for @babel/plugin-transform-private-property-in-object.
The "loose" option must be the same for @babel/plugin-transform-class-properties, @babel/plugin-transform-private-methods and @babel/plugin-transform-private-property-in-object (when they are enabled): you can silence this warning by explicitly adding
	["@babel/plugin-transform-private-methods", { "loose": false }]
to the "plugins" section of your Babel config.

If you already set the same 'loose' mode for these plugins in your config, it's possible that they are enabled multiple times with different options.
You can re-run Babel with the BABEL_SHOW_CONFIG_FOR environment variable to show the loaded configuration:
	npx cross-env BABEL_SHOW_CONFIG_FOR=/Users/Ajaya/Documents/TizenGitTVApp/node_modules/@mui/material/Tooltip/Tooltip.js <your build command>
See https://babeljs.io/docs/configuration#print-effective-configs for more info.
Though the "loose" option was set to "true" in your @babel/preset-env config, it will not be used for @babel/plugin-transform-private-property-in-object since the "loose" mode option was set to "false" for @babel/plugin-transform-class-properties.
The "loose" option must be the same for @babel/plugin-transform-class-properties, @babel/plugin-transform-private-methods and @babel/plugin-transform-private-property-in-object (when they are enabled): you can silence this warning by explicitly adding
	["@babel/plugin-transform-private-property-in-object", { "loose": false }]
to the "plugins" section of your Babel config.

If you already set the same 'loose' mode for these plugins in your config, it's possible that they are enabled multiple times with different options.
You can re-run Babel with the BABEL_SHOW_CONFIG_FOR environment variable to show the loaded configuration:
	npx cross-env BABEL_SHOW_CONFIG_FOR=/Users/Ajaya/Documents/TizenGitTVApp/node_modules/@mui/material/usePagination/usePagination.js <your build command>
See https://babeljs.io/docs/configuration#print-effective-configs for more info.
Though the "loose" option was set to "true" in your @babel/preset-env config, it will not be used for @babel/plugin-transform-private-methods since the "loose" mode option was set to "false" for @babel/plugin-transform-private-property-in-object.
The "loose" option must be the same for @babel/plugin-transform-class-properties, @babel/plugin-transform-private-methods and @babel/plugin-transform-private-property-in-object (when they are enabled): you can silence this warning by explicitly adding
	["@babel/plugin-transform-private-methods", { "loose": false }]
to the "plugins" section of your Babel config.

If you already set the same 'loose' mode for these plugins in your config, it's possible that they are enabled multiple times with different options.
You can re-run Babel with the BABEL_SHOW_CONFIG_FOR environment variable to show the loaded configuration:
	npx cross-env BABEL_SHOW_CONFIG_FOR=/Users/Ajaya/Documents/TizenGitTVApp/node_modules/@mui/material/usePagination/usePagination.js <your build command>
See https://babeljs.io/docs/configuration#print-effective-configs for more info.
Though the "loose" option was set to "true" in your @babel/preset-env config, it will not be used for @babel/plugin-transform-private-property-in-object since the "loose" mode option was set to "false" for @babel/plugin-transform-class-properties.
The "loose" option must be the same for @babel/plugin-transform-class-properties, @babel/plugin-transform-private-methods and @babel/plugin-transform-private-property-in-object (when they are enabled): you can silence this warning by explicitly adding
	["@babel/plugin-transform-private-property-in-object", { "loose": false }]
to the "plugins" section of your Babel config.

If you already set the same 'loose' mode for these plugins in your config, it's possible that they are enabled multiple times with different options.
You can re-run Babel with the BABEL_SHOW_CONFIG_FOR environment variable to show the loaded configuration:
	npx cross-env BABEL_SHOW_CONFIG_FOR=/Users/Ajaya/Documents/TizenGitTVApp/node_modules/@mui/material/useScrollTrigger/useScrollTrigger.js <your build command>
See https://babeljs.io/docs/configuration#print-effective-configs for more info.
Though the "loose" option was set to "true" in your @babel/preset-env config, it will not be used for @babel/plugin-transform-private-methods since the "loose" mode option was set to "false" for @babel/plugin-transform-private-property-in-object.
The "loose" option must be the same for @babel/plugin-transform-class-properties, @babel/plugin-transform-private-methods and @babel/plugin-transform-private-property-in-object (when they are enabled): you can silence this warning by explicitly adding
	["@babel/plugin-transform-private-methods", { "loose": false }]
to the "plugins" section of your Babel config.

If you already set the same 'loose' mode for these plugins in your config, it's possible that they are enabled multiple times with different options.
You can re-run Babel with the BABEL_SHOW_CONFIG_FOR environment variable to show the loaded configuration:
	npx cross-env BABEL_SHOW_CONFIG_FOR=/Users/Ajaya/Documents/TizenGitTVApp/node_modules/@mui/material/useScrollTrigger/useScrollTrigger.js <your build command>
See https://babeljs.io/docs/configuration#print-effective-configs for more info.
Though the "loose" option was set to "true" in your @babel/preset-env config, it will not be used for @babel/plugin-transform-private-property-in-object since the "loose" mode option was set to "false" for @babel/plugin-transform-class-properties.
The "loose" option must be the same for @babel/plugin-transform-class-properties, @babel/plugin-transform-private-methods and @babel/plugin-transform-private-property-in-object (when they are enabled): you can silence this warning by explicitly adding
	["@babel/plugin-transform-private-property-in-object", { "loose": false }]
to the "plugins" section of your Babel config.

If you already set the same 'loose' mode for these plugins in your config, it's possible that they are enabled multiple times with different options.
You can re-run Babel with the BABEL_SHOW_CONFIG_FOR environment variable to show the loaded configuration:
	npx cross-env BABEL_SHOW_CONFIG_FOR=/Users/Ajaya/Documents/TizenGitTVApp/node_modules/@mui/material/ToggleButtonGroup/ToggleButtonGroup.js <your build command>
See https://babeljs.io/docs/configuration#print-effective-configs for more info.
Though the "loose" option was set to "true" in your @babel/preset-env config, it will not be used for @babel/plugin-transform-private-methods since the "loose" mode option was set to "false" for @babel/plugin-transform-private-property-in-object.
The "loose" option must be the same for @babel/plugin-transform-class-properties, @babel/plugin-transform-private-methods and @babel/plugin-transform-private-property-in-object (when they are enabled): you can silence this warning by explicitly adding
	["@babel/plugin-transform-private-methods", { "loose": false }]
to the "plugins" section of your Babel config.

If you already set the same 'loose' mode for these plugins in your config, it's possible that they are enabled multiple times with different options.
You can re-run Babel with the BABEL_SHOW_CONFIG_FOR environment variable to show the loaded configuration:
	npx cross-env BABEL_SHOW_CONFIG_FOR=/Users/Ajaya/Documents/TizenGitTVApp/node_modules/@mui/material/ToggleButtonGroup/ToggleButtonGroup.js <your build command>
See https://babeljs.io/docs/configuration#print-effective-configs for more info.
Though the "loose" option was set to "true" in your @babel/preset-env config, it will not be used for @babel/plugin-transform-private-property-in-object since the "loose" mode option was set to "false" for @babel/plugin-transform-class-properties.
The "loose" option must be the same for @babel/plugin-transform-class-properties, @babel/plugin-transform-private-methods and @babel/plugin-transform-private-property-in-object (when they are enabled): you can silence this warning by explicitly adding
	["@babel/plugin-transform-private-property-in-object", { "loose": false }]
to the "plugins" section of your Babel config.

If you already set the same 'loose' mode for these plugins in your config, it's possible that they are enabled multiple times with different options.
You can re-run Babel with the BABEL_SHOW_CONFIG_FOR environment variable to show the loaded configuration:
	npx cross-env BABEL_SHOW_CONFIG_FOR=/Users/Ajaya/Documents/TizenGitTVApp/node_modules/@mui/material/Typography/Typography.js <your build command>
See https://babeljs.io/docs/configuration#print-effective-configs for more info.
Though the "loose" option was set to "true" in your @babel/preset-env config, it will not be used for @babel/plugin-transform-private-methods since the "loose" mode option was set to "false" for @babel/plugin-transform-private-property-in-object.
The "loose" option must be the same for @babel/plugin-transform-class-properties, @babel/plugin-transform-private-methods and @babel/plugin-transform-private-property-in-object (when they are enabled): you can silence this warning by explicitly adding
	["@babel/plugin-transform-private-methods", { "loose": false }]
to the "plugins" section of your Babel config.

If you already set the same 'loose' mode for these plugins in your config, it's possible that they are enabled multiple times with different options.
You can re-run Babel with the BABEL_SHOW_CONFIG_FOR environment variable to show the loaded configuration:
	npx cross-env BABEL_SHOW_CONFIG_FOR=/Users/Ajaya/Documents/TizenGitTVApp/node_modules/@mui/material/Typography/Typography.js <your build command>
See https://babeljs.io/docs/configuration#print-effective-configs for more info.
Though the "loose" option was set to "true" in your @babel/preset-env config, it will not be used for @babel/plugin-transform-private-property-in-object since the "loose" mode option was set to "false" for @babel/plugin-transform-class-properties.
The "loose" option must be the same for @babel/plugin-transform-class-properties, @babel/plugin-transform-private-methods and @babel/plugin-transform-private-property-in-object (when they are enabled): you can silence this warning by explicitly adding
	["@babel/plugin-transform-private-property-in-object", { "loose": false }]
to the "plugins" section of your Babel config.

If you already set the same 'loose' mode for these plugins in your config, it's possible that they are enabled multiple times with different options.
You can re-run Babel with the BABEL_SHOW_CONFIG_FOR environment variable to show the loaded configuration:
	npx cross-env BABEL_SHOW_CONFIG_FOR=/Users/Ajaya/Documents/TizenGitTVApp/node_modules/@mui/material/GlobalStyles/GlobalStyles.js <your build command>
See https://babeljs.io/docs/configuration#print-effective-configs for more info.
Though the "loose" option was set to "true" in your @babel/preset-env config, it will not be used for @babel/plugin-transform-private-methods since the "loose" mode option was set to "false" for @babel/plugin-transform-private-property-in-object.
The "loose" option must be the same for @babel/plugin-transform-class-properties, @babel/plugin-transform-private-methods and @babel/plugin-transform-private-property-in-object (when they are enabled): you can silence this warning by explicitly adding
	["@babel/plugin-transform-private-methods", { "loose": false }]
to the "plugins" section of your Babel config.

If you already set the same 'loose' mode for these plugins in your config, it's possible that they are enabled multiple times with different options.
You can re-run Babel with the BABEL_SHOW_CONFIG_FOR environment variable to show the loaded configuration:
	npx cross-env BABEL_SHOW_CONFIG_FOR=/Users/Ajaya/Documents/TizenGitTVApp/node_modules/@mui/material/GlobalStyles/GlobalStyles.js <your build command>
See https://babeljs.io/docs/configuration#print-effective-configs for more info.
Though the "loose" option was set to "true" in your @babel/preset-env config, it will not be used for @babel/plugin-transform-private-property-in-object since the "loose" mode option was set to "false" for @babel/plugin-transform-class-properties.
The "loose" option must be the same for @babel/plugin-transform-class-properties, @babel/plugin-transform-private-methods and @babel/plugin-transform-private-property-in-object (when they are enabled): you can silence this warning by explicitly adding
	["@babel/plugin-transform-private-property-in-object", { "loose": false }]
to the "plugins" section of your Babel config.

If you already set the same 'loose' mode for these plugins in your config, it's possible that they are enabled multiple times with different options.
You can re-run Babel with the BABEL_SHOW_CONFIG_FOR environment variable to show the loaded configuration:
	npx cross-env BABEL_SHOW_CONFIG_FOR=/Users/Ajaya/Documents/TizenGitTVApp/node_modules/@tanstack/query-core/build/legacy/subscribable.cjs <your build command>
See https://babeljs.io/docs/configuration#print-effective-configs for more info.
Though the "loose" option was set to "true" in your @babel/preset-env config, it will not be used for @babel/plugin-transform-private-methods since the "loose" mode option was set to "false" for @babel/plugin-transform-private-property-in-object.
The "loose" option must be the same for @babel/plugin-transform-class-properties, @babel/plugin-transform-private-methods and @babel/plugin-transform-private-property-in-object (when they are enabled): you can silence this warning by explicitly adding
	["@babel/plugin-transform-private-methods", { "loose": false }]
to the "plugins" section of your Babel config.

If you already set the same 'loose' mode for these plugins in your config, it's possible that they are enabled multiple times with different options.
You can re-run Babel with the BABEL_SHOW_CONFIG_FOR environment variable to show the loaded configuration:
	npx cross-env BABEL_SHOW_CONFIG_FOR=/Users/Ajaya/Documents/TizenGitTVApp/node_modules/@tanstack/query-core/build/legacy/subscribable.cjs <your build command>
See https://babeljs.io/docs/configuration#print-effective-configs for more info.
Though the "loose" option was set to "true" in your @babel/preset-env config, it will not be used for @babel/plugin-transform-private-property-in-object since the "loose" mode option was set to "false" for @babel/plugin-transform-class-properties.
The "loose" option must be the same for @babel/plugin-transform-class-properties, @babel/plugin-transform-private-methods and @babel/plugin-transform-private-property-in-object (when they are enabled): you can silence this warning by explicitly adding
	["@babel/plugin-transform-private-property-in-object", { "loose": false }]
to the "plugins" section of your Babel config.

If you already set the same 'loose' mode for these plugins in your config, it's possible that they are enabled multiple times with different options.
You can re-run Babel with the BABEL_SHOW_CONFIG_FOR environment variable to show the loaded configuration:
	npx cross-env BABEL_SHOW_CONFIG_FOR=/Users/Ajaya/Documents/TizenGitTVApp/node_modules/@mui/material/Zoom/Zoom.js <your build command>
See https://babeljs.io/docs/configuration#print-effective-configs for more info.
Though the "loose" option was set to "true" in your @babel/preset-env config, it will not be used for @babel/plugin-transform-private-methods since the "loose" mode option was set to "false" for @babel/plugin-transform-private-property-in-object.
The "loose" option must be the same for @babel/plugin-transform-class-properties, @babel/plugin-transform-private-methods and @babel/plugin-transform-private-property-in-object (when they are enabled): you can silence this warning by explicitly adding
	["@babel/plugin-transform-private-methods", { "loose": false }]
to the "plugins" section of your Babel config.

If you already set the same 'loose' mode for these plugins in your config, it's possible that they are enabled multiple times with different options.
You can re-run Babel with the BABEL_SHOW_CONFIG_FOR environment variable to show the loaded configuration:
	npx cross-env BABEL_SHOW_CONFIG_FOR=/Users/Ajaya/Documents/TizenGitTVApp/node_modules/@mui/material/Zoom/Zoom.js <your build command>
See https://babeljs.io/docs/configuration#print-effective-configs for more info.
Though the "loose" option was set to "true" in your @babel/preset-env config, it will not be used for @babel/plugin-transform-private-property-in-object since the "loose" mode option was set to "false" for @babel/plugin-transform-class-properties.
The "loose" option must be the same for @babel/plugin-transform-class-properties, @babel/plugin-transform-private-methods and @babel/plugin-transform-private-property-in-object (when they are enabled): you can silence this warning by explicitly adding
	["@babel/plugin-transform-private-property-in-object", { "loose": false }]
to the "plugins" section of your Babel config.

If you already set the same 'loose' mode for these plugins in your config, it's possible that they are enabled multiple times with different options.
You can re-run Babel with the BABEL_SHOW_CONFIG_FOR environment variable to show the loaded configuration:
	npx cross-env BABEL_SHOW_CONFIG_FOR=/Users/Ajaya/Documents/TizenGitTVApp/node_modules/@mui/material/useAutocomplete/useAutocomplete.js <your build command>
See https://babeljs.io/docs/configuration#print-effective-configs for more info.
Though the "loose" option was set to "true" in your @babel/preset-env config, it will not be used for @babel/plugin-transform-private-methods since the "loose" mode option was set to "false" for @babel/plugin-transform-private-property-in-object.
The "loose" option must be the same for @babel/plugin-transform-class-properties, @babel/plugin-transform-private-methods and @babel/plugin-transform-private-property-in-object (when they are enabled): you can silence this warning by explicitly adding
	["@babel/plugin-transform-private-methods", { "loose": false }]
to the "plugins" section of your Babel config.

If you already set the same 'loose' mode for these plugins in your config, it's possible that they are enabled multiple times with different options.
You can re-run Babel with the BABEL_SHOW_CONFIG_FOR environment variable to show the loaded configuration:
	npx cross-env BABEL_SHOW_CONFIG_FOR=/Users/Ajaya/Documents/TizenGitTVApp/node_modules/@mui/material/useAutocomplete/useAutocomplete.js <your build command>
See https://babeljs.io/docs/configuration#print-effective-configs for more info.
Though the "loose" option was set to "true" in your @babel/preset-env config, it will not be used for @babel/plugin-transform-private-property-in-object since the "loose" mode option was set to "false" for @babel/plugin-transform-class-properties.
The "loose" option must be the same for @babel/plugin-transform-class-properties, @babel/plugin-transform-private-methods and @babel/plugin-transform-private-property-in-object (when they are enabled): you can silence this warning by explicitly adding
	["@babel/plugin-transform-private-property-in-object", { "loose": false }]
to the "plugins" section of your Babel config.

If you already set the same 'loose' mode for these plugins in your config, it's possible that they are enabled multiple times with different options.
You can re-run Babel with the BABEL_SHOW_CONFIG_FOR environment variable to show the loaded configuration:
	npx cross-env BABEL_SHOW_CONFIG_FOR=/Users/Ajaya/Documents/TizenGitTVApp/node_modules/@babel/runtime/helpers/get.js <your build command>
See https://babeljs.io/docs/configuration#print-effective-configs for more info.
Though the "loose" option was set to "true" in your @babel/preset-env config, it will not be used for @babel/plugin-transform-private-methods since the "loose" mode option was set to "false" for @babel/plugin-transform-private-property-in-object.
The "loose" option must be the same for @babel/plugin-transform-class-properties, @babel/plugin-transform-private-methods and @babel/plugin-transform-private-property-in-object (when they are enabled): you can silence this warning by explicitly adding
	["@babel/plugin-transform-private-methods", { "loose": false }]
to the "plugins" section of your Babel config.

If you already set the same 'loose' mode for these plugins in your config, it's possible that they are enabled multiple times with different options.
You can re-run Babel with the BABEL_SHOW_CONFIG_FOR environment variable to show the loaded configuration:
	npx cross-env BABEL_SHOW_CONFIG_FOR=/Users/Ajaya/Documents/TizenGitTVApp/node_modules/@babel/runtime/helpers/get.js <your build command>
See https://babeljs.io/docs/configuration#print-effective-configs for more info.
Though the "loose" option was set to "true" in your @babel/preset-env config, it will not be used for @babel/plugin-transform-private-property-in-object since the "loose" mode option was set to "false" for @babel/plugin-transform-class-properties.
The "loose" option must be the same for @babel/plugin-transform-class-properties, @babel/plugin-transform-private-methods and @babel/plugin-transform-private-property-in-object (when they are enabled): you can silence this warning by explicitly adding
	["@babel/plugin-transform-private-property-in-object", { "loose": false }]
to the "plugins" section of your Babel config.

If you already set the same 'loose' mode for these plugins in your config, it's possible that they are enabled multiple times with different options.
You can re-run Babel with the BABEL_SHOW_CONFIG_FOR environment variable to show the loaded configuration:
	npx cross-env BABEL_SHOW_CONFIG_FOR=/Users/Ajaya/Documents/TizenGitTVApp/node_modules/@mui/material/SpeedDialIcon/index.js <your build command>
See https://babeljs.io/docs/configuration#print-effective-configs for more info.
Though the "loose" option was set to "true" in your @babel/preset-env config, it will not be used for @babel/plugin-transform-private-methods since the "loose" mode option was set to "false" for @babel/plugin-transform-private-property-in-object.
The "loose" option must be the same for @babel/plugin-transform-class-properties, @babel/plugin-transform-private-methods and @babel/plugin-transform-private-property-in-object (when they are enabled): you can silence this warning by explicitly adding
	["@babel/plugin-transform-private-methods", { "loose": false }]
to the "plugins" section of your Babel config.

If you already set the same 'loose' mode for these plugins in your config, it's possible that they are enabled multiple times with different options.
You can re-run Babel with the BABEL_SHOW_CONFIG_FOR environment variable to show the loaded configuration:
	npx cross-env BABEL_SHOW_CONFIG_FOR=/Users/Ajaya/Documents/TizenGitTVApp/node_modules/@mui/material/SpeedDialIcon/index.js <your build command>
See https://babeljs.io/docs/configuration#print-effective-configs for more info.
Though the "loose" option was set to "true" in your @babel/preset-env config, it will not be used for @babel/plugin-transform-private-property-in-object since the "loose" mode option was set to "false" for @babel/plugin-transform-class-properties.
The "loose" option must be the same for @babel/plugin-transform-class-properties, @babel/plugin-transform-private-methods and @babel/plugin-transform-private-property-in-object (when they are enabled): you can silence this warning by explicitly adding
	["@babel/plugin-transform-private-property-in-object", { "loose": false }]
to the "plugins" section of your Babel config.

If you already set the same 'loose' mode for these plugins in your config, it's possible that they are enabled multiple times with different options.
You can re-run Babel with the BABEL_SHOW_CONFIG_FOR environment variable to show the loaded configuration:
	npx cross-env BABEL_SHOW_CONFIG_FOR=/Users/Ajaya/Documents/TizenGitTVApp/node_modules/@mui/material/SnackbarContent/index.js <your build command>
See https://babeljs.io/docs/configuration#print-effective-configs for more info.
Though the "loose" option was set to "true" in your @babel/preset-env config, it will not be used for @babel/plugin-transform-private-methods since the "loose" mode option was set to "false" for @babel/plugin-transform-private-property-in-object.
The "loose" option must be the same for @babel/plugin-transform-class-properties, @babel/plugin-transform-private-methods and @babel/plugin-transform-private-property-in-object (when they are enabled): you can silence this warning by explicitly adding
	["@babel/plugin-transform-private-methods", { "loose": false }]
to the "plugins" section of your Babel config.

If you already set the same 'loose' mode for these plugins in your config, it's possible that they are enabled multiple times with different options.
You can re-run Babel with the BABEL_SHOW_CONFIG_FOR environment variable to show the loaded configuration:
	npx cross-env BABEL_SHOW_CONFIG_FOR=/Users/Ajaya/Documents/TizenGitTVApp/node_modules/@mui/material/SnackbarContent/index.js <your build command>
See https://babeljs.io/docs/configuration#print-effective-configs for more info.
Though the "loose" option was set to "true" in your @babel/preset-env config, it will not be used for @babel/plugin-transform-private-property-in-object since the "loose" mode option was set to "false" for @babel/plugin-transform-class-properties.
The "loose" option must be the same for @babel/plugin-transform-class-properties, @babel/plugin-transform-private-methods and @babel/plugin-transform-private-property-in-object (when they are enabled): you can silence this warning by explicitly adding
	["@babel/plugin-transform-private-property-in-object", { "loose": false }]
to the "plugins" section of your Babel config.

If you already set the same 'loose' mode for these plugins in your config, it's possible that they are enabled multiple times with different options.
You can re-run Babel with the BABEL_SHOW_CONFIG_FOR environment variable to show the loaded configuration:
	npx cross-env BABEL_SHOW_CONFIG_FOR=/Users/Ajaya/Documents/TizenGitTVApp/node_modules/@mui/material/SpeedDialAction/index.js <your build command>
See https://babeljs.io/docs/configuration#print-effective-configs for more info.
Though the "loose" option was set to "true" in your @babel/preset-env config, it will not be used for @babel/plugin-transform-private-methods since the "loose" mode option was set to "false" for @babel/plugin-transform-private-property-in-object.
The "loose" option must be the same for @babel/plugin-transform-class-properties, @babel/plugin-transform-private-methods and @babel/plugin-transform-private-property-in-object (when they are enabled): you can silence this warning by explicitly adding
	["@babel/plugin-transform-private-methods", { "loose": false }]
to the "plugins" section of your Babel config.

If you already set the same 'loose' mode for these plugins in your config, it's possible that they are enabled multiple times with different options.
You can re-run Babel with the BABEL_SHOW_CONFIG_FOR environment variable to show the loaded configuration:
	npx cross-env BABEL_SHOW_CONFIG_FOR=/Users/Ajaya/Documents/TizenGitTVApp/node_modules/@mui/material/SpeedDialAction/index.js <your build command>
See https://babeljs.io/docs/configuration#print-effective-configs for more info.
Though the "loose" option was set to "true" in your @babel/preset-env config, it will not be used for @babel/plugin-transform-private-property-in-object since the "loose" mode option was set to "false" for @babel/plugin-transform-class-properties.
The "loose" option must be the same for @babel/plugin-transform-class-properties, @babel/plugin-transform-private-methods and @babel/plugin-transform-private-property-in-object (when they are enabled): you can silence this warning by explicitly adding
	["@babel/plugin-transform-private-property-in-object", { "loose": false }]
to the "plugins" section of your Babel config.

If you already set the same 'loose' mode for these plugins in your config, it's possible that they are enabled multiple times with different options.
You can re-run Babel with the BABEL_SHOW_CONFIG_FOR environment variable to show the loaded configuration:
	npx cross-env BABEL_SHOW_CONFIG_FOR=/Users/Ajaya/Documents/TizenGitTVApp/node_modules/@mui/material/SpeedDial/index.js <your build command>
See https://babeljs.io/docs/configuration#print-effective-configs for more info.
Though the "loose" option was set to "true" in your @babel/preset-env config, it will not be used for @babel/plugin-transform-private-methods since the "loose" mode option was set to "false" for @babel/plugin-transform-private-property-in-object.
The "loose" option must be the same for @babel/plugin-transform-class-properties, @babel/plugin-transform-private-methods and @babel/plugin-transform-private-property-in-object (when they are enabled): you can silence this warning by explicitly adding
	["@babel/plugin-transform-private-methods", { "loose": false }]
to the "plugins" section of your Babel config.

If you already set the same 'loose' mode for these plugins in your config, it's possible that they are enabled multiple times with different options.
You can re-run Babel with the BABEL_SHOW_CONFIG_FOR environment variable to show the loaded configuration:
	npx cross-env BABEL_SHOW_CONFIG_FOR=/Users/Ajaya/Documents/TizenGitTVApp/node_modules/@mui/material/SpeedDial/index.js <your build command>
See https://babeljs.io/docs/configuration#print-effective-configs for more info.
Though the "loose" option was set to "true" in your @babel/preset-env config, it will not be used for @babel/plugin-transform-private-property-in-object since the "loose" mode option was set to "false" for @babel/plugin-transform-class-properties.
The "loose" option must be the same for @babel/plugin-transform-class-properties, @babel/plugin-transform-private-methods and @babel/plugin-transform-private-property-in-object (when they are enabled): you can silence this warning by explicitly adding
	["@babel/plugin-transform-private-property-in-object", { "loose": false }]
to the "plugins" section of your Babel config.

If you already set the same 'loose' mode for these plugins in your config, it's possible that they are enabled multiple times with different options.
You can re-run Babel with the BABEL_SHOW_CONFIG_FOR environment variable to show the loaded configuration:
	npx cross-env BABEL_SHOW_CONFIG_FOR=/Users/Ajaya/Documents/TizenGitTVApp/node_modules/@mui/material/Snackbar/index.js <your build command>
See https://babeljs.io/docs/configuration#print-effective-configs for more info.
Though the "loose" option was set to "true" in your @babel/preset-env config, it will not be used for @babel/plugin-transform-private-methods since the "loose" mode option was set to "false" for @babel/plugin-transform-private-property-in-object.
The "loose" option must be the same for @babel/plugin-transform-class-properties, @babel/plugin-transform-private-methods and @babel/plugin-transform-private-property-in-object (when they are enabled): you can silence this warning by explicitly adding
	["@babel/plugin-transform-private-methods", { "loose": false }]
to the "plugins" section of your Babel config.

If you already set the same 'loose' mode for these plugins in your config, it's possible that they are enabled multiple times with different options.
You can re-run Babel with the BABEL_SHOW_CONFIG_FOR environment variable to show the loaded configuration:
	npx cross-env BABEL_SHOW_CONFIG_FOR=/Users/Ajaya/Documents/TizenGitTVApp/node_modules/@mui/material/Snackbar/index.js <your build command>
See https://babeljs.io/docs/configuration#print-effective-configs for more info.
Though the "loose" option was set to "true" in your @babel/preset-env config, it will not be used for @babel/plugin-transform-private-property-in-object since the "loose" mode option was set to "false" for @babel/plugin-transform-class-properties.
The "loose" option must be the same for @babel/plugin-transform-class-properties, @babel/plugin-transform-private-methods and @babel/plugin-transform-private-property-in-object (when they are enabled): you can silence this warning by explicitly adding
	["@babel/plugin-transform-private-property-in-object", { "loose": false }]
to the "plugins" section of your Babel config.

If you already set the same 'loose' mode for these plugins in your config, it's possible that they are enabled multiple times with different options.
You can re-run Babel with the BABEL_SHOW_CONFIG_FOR environment variable to show the loaded configuration:
	npx cross-env BABEL_SHOW_CONFIG_FOR=/Users/Ajaya/Documents/TizenGitTVApp/node_modules/@mui/material/styles/identifier.js <your build command>
See https://babeljs.io/docs/configuration#print-effective-configs for more info.
Though the "loose" option was set to "true" in your @babel/preset-env config, it will not be used for @babel/plugin-transform-private-methods since the "loose" mode option was set to "false" for @babel/plugin-transform-private-property-in-object.
The "loose" option must be the same for @babel/plugin-transform-class-properties, @babel/plugin-transform-private-methods and @babel/plugin-transform-private-property-in-object (when they are enabled): you can silence this warning by explicitly adding
	["@babel/plugin-transform-private-methods", { "loose": false }]
to the "plugins" section of your Babel config.

If you already set the same 'loose' mode for these plugins in your config, it's possible that they are enabled multiple times with different options.
You can re-run Babel with the BABEL_SHOW_CONFIG_FOR environment variable to show the loaded configuration:
	npx cross-env BABEL_SHOW_CONFIG_FOR=/Users/Ajaya/Documents/TizenGitTVApp/node_modules/@mui/material/styles/identifier.js <your build command>
See https://babeljs.io/docs/configuration#print-effective-configs for more info.
Though the "loose" option was set to "true" in your @babel/preset-env config, it will not be used for @babel/plugin-transform-private-property-in-object since the "loose" mode option was set to "false" for @babel/plugin-transform-class-properties.
The "loose" option must be the same for @babel/plugin-transform-class-properties, @babel/plugin-transform-private-methods and @babel/plugin-transform-private-property-in-object (when they are enabled): you can silence this warning by explicitly adding
	["@babel/plugin-transform-private-property-in-object", { "loose": false }]
to the "plugins" section of your Babel config.

If you already set the same 'loose' mode for these plugins in your config, it's possible that they are enabled multiple times with different options.
You can re-run Babel with the BABEL_SHOW_CONFIG_FOR environment variable to show the loaded configuration:
	npx cross-env BABEL_SHOW_CONFIG_FOR=/Users/Ajaya/Documents/TizenGitTVApp/node_modules/@babel/runtime/helpers/wrapNativeSuper.js <your build command>
See https://babeljs.io/docs/configuration#print-effective-configs for more info.
Though the "loose" option was set to "true" in your @babel/preset-env config, it will not be used for @babel/plugin-transform-private-methods since the "loose" mode option was set to "false" for @babel/plugin-transform-private-property-in-object.
The "loose" option must be the same for @babel/plugin-transform-class-properties, @babel/plugin-transform-private-methods and @babel/plugin-transform-private-property-in-object (when they are enabled): you can silence this warning by explicitly adding
	["@babel/plugin-transform-private-methods", { "loose": false }]
to the "plugins" section of your Babel config.

If you already set the same 'loose' mode for these plugins in your config, it's possible that they are enabled multiple times with different options.
You can re-run Babel with the BABEL_SHOW_CONFIG_FOR environment variable to show the loaded configuration:
	npx cross-env BABEL_SHOW_CONFIG_FOR=/Users/Ajaya/Documents/TizenGitTVApp/node_modules/@babel/runtime/helpers/wrapNativeSuper.js <your build command>
See https://babeljs.io/docs/configuration#print-effective-configs for more info.
Though the "loose" option was set to "true" in your @babel/preset-env config, it will not be used for @babel/plugin-transform-private-property-in-object since the "loose" mode option was set to "false" for @babel/plugin-transform-class-properties.
The "loose" option must be the same for @babel/plugin-transform-class-properties, @babel/plugin-transform-private-methods and @babel/plugin-transform-private-property-in-object (when they are enabled): you can silence this warning by explicitly adding
	["@babel/plugin-transform-private-property-in-object", { "loose": false }]
to the "plugins" section of your Babel config.

If you already set the same 'loose' mode for these plugins in your config, it's possible that they are enabled multiple times with different options.
You can re-run Babel with the BABEL_SHOW_CONFIG_FOR environment variable to show the loaded configuration:
	npx cross-env BABEL_SHOW_CONFIG_FOR=/Users/Ajaya/Documents/TizenGitTVApp/node_modules/@mui/material/Unstable_TrapFocus/FocusTrap.js <your build command>
See https://babeljs.io/docs/configuration#print-effective-configs for more info.
Though the "loose" option was set to "true" in your @babel/preset-env config, it will not be used for @babel/plugin-transform-private-methods since the "loose" mode option was set to "false" for @babel/plugin-transform-private-property-in-object.
The "loose" option must be the same for @babel/plugin-transform-class-properties, @babel/plugin-transform-private-methods and @babel/plugin-transform-private-property-in-object (when they are enabled): you can silence this warning by explicitly adding
	["@babel/plugin-transform-private-methods", { "loose": false }]
to the "plugins" section of your Babel config.

If you already set the same 'loose' mode for these plugins in your config, it's possible that they are enabled multiple times with different options.
You can re-run Babel with the BABEL_SHOW_CONFIG_FOR environment variable to show the loaded configuration:
	npx cross-env BABEL_SHOW_CONFIG_FOR=/Users/Ajaya/Documents/TizenGitTVApp/node_modules/@mui/material/Unstable_TrapFocus/FocusTrap.js <your build command>
See https://babeljs.io/docs/configuration#print-effective-configs for more info.
Though the "loose" option was set to "true" in your @babel/preset-env config, it will not be used for @babel/plugin-transform-private-property-in-object since the "loose" mode option was set to "false" for @babel/plugin-transform-class-properties.
The "loose" option must be the same for @babel/plugin-transform-class-properties, @babel/plugin-transform-private-methods and @babel/plugin-transform-private-property-in-object (when they are enabled): you can silence this warning by explicitly adding
	["@babel/plugin-transform-private-property-in-object", { "loose": false }]
to the "plugins" section of your Babel config.

If you already set the same 'loose' mode for these plugins in your config, it's possible that they are enabled multiple times with different options.
You can re-run Babel with the BABEL_SHOW_CONFIG_FOR environment variable to show the loaded configuration:
	npx cross-env BABEL_SHOW_CONFIG_FOR=/Users/Ajaya/Documents/TizenGitTVApp/node_modules/@mui/material/Slide/index.js <your build command>
See https://babeljs.io/docs/configuration#print-effective-configs for more info.
Though the "loose" option was set to "true" in your @babel/preset-env config, it will not be used for @babel/plugin-transform-private-methods since the "loose" mode option was set to "false" for @babel/plugin-transform-private-property-in-object.
The "loose" option must be the same for @babel/plugin-transform-class-properties, @babel/plugin-transform-private-methods and @babel/plugin-transform-private-property-in-object (when they are enabled): you can silence this warning by explicitly adding
	["@babel/plugin-transform-private-methods", { "loose": false }]
to the "plugins" section of your Babel config.

If you already set the same 'loose' mode for these plugins in your config, it's possible that they are enabled multiple times with different options.
You can re-run Babel with the BABEL_SHOW_CONFIG_FOR environment variable to show the loaded configuration:
	npx cross-env BABEL_SHOW_CONFIG_FOR=/Users/Ajaya/Documents/TizenGitTVApp/node_modules/@mui/material/Slide/index.js <your build command>
See https://babeljs.io/docs/configuration#print-effective-configs for more info.
Though the "loose" option was set to "true" in your @babel/preset-env config, it will not be used for @babel/plugin-transform-private-property-in-object since the "loose" mode option was set to "false" for @babel/plugin-transform-class-properties.
The "loose" option must be the same for @babel/plugin-transform-class-properties, @babel/plugin-transform-private-methods and @babel/plugin-transform-private-property-in-object (when they are enabled): you can silence this warning by explicitly adding
	["@babel/plugin-transform-private-property-in-object", { "loose": false }]
to the "plugins" section of your Babel config.

If you already set the same 'loose' mode for these plugins in your config, it's possible that they are enabled multiple times with different options.
You can re-run Babel with the BABEL_SHOW_CONFIG_FOR environment variable to show the loaded configuration:
	npx cross-env BABEL_SHOW_CONFIG_FOR=/Users/Ajaya/Documents/TizenGitTVApp/node_modules/@mui/material/Slider/index.js <your build command>
See https://babeljs.io/docs/configuration#print-effective-configs for more info.
Though the "loose" option was set to "true" in your @babel/preset-env config, it will not be used for @babel/plugin-transform-private-methods since the "loose" mode option was set to "false" for @babel/plugin-transform-private-property-in-object.
The "loose" option must be the same for @babel/plugin-transform-class-properties, @babel/plugin-transform-private-methods and @babel/plugin-transform-private-property-in-object (when they are enabled): you can silence this warning by explicitly adding
	["@babel/plugin-transform-private-methods", { "loose": false }]
to the "plugins" section of your Babel config.

If you already set the same 'loose' mode for these plugins in your config, it's possible that they are enabled multiple times with different options.
You can re-run Babel with the BABEL_SHOW_CONFIG_FOR environment variable to show the loaded configuration:
	npx cross-env BABEL_SHOW_CONFIG_FOR=/Users/Ajaya/Documents/TizenGitTVApp/node_modules/@mui/material/Slider/index.js <your build command>
See https://babeljs.io/docs/configuration#print-effective-configs for more info.
Though the "loose" option was set to "true" in your @babel/preset-env config, it will not be used for @babel/plugin-transform-private-property-in-object since the "loose" mode option was set to "false" for @babel/plugin-transform-class-properties.
The "loose" option must be the same for @babel/plugin-transform-class-properties, @babel/plugin-transform-private-methods and @babel/plugin-transform-private-property-in-object (when they are enabled): you can silence this warning by explicitly adding
	["@babel/plugin-transform-private-property-in-object", { "loose": false }]
to the "plugins" section of your Babel config.

If you already set the same 'loose' mode for these plugins in your config, it's possible that they are enabled multiple times with different options.
You can re-run Babel with the BABEL_SHOW_CONFIG_FOR environment variable to show the loaded configuration:
	npx cross-env BABEL_SHOW_CONFIG_FOR=/Users/Ajaya/Documents/TizenGitTVApp/node_modules/@mui/material/Select/index.js <your build command>
See https://babeljs.io/docs/configuration#print-effective-configs for more info.
Though the "loose" option was set to "true" in your @babel/preset-env config, it will not be used for @babel/plugin-transform-private-methods since the "loose" mode option was set to "false" for @babel/plugin-transform-private-property-in-object.
The "loose" option must be the same for @babel/plugin-transform-class-properties, @babel/plugin-transform-private-methods and @babel/plugin-transform-private-property-in-object (when they are enabled): you can silence this warning by explicitly adding
	["@babel/plugin-transform-private-methods", { "loose": false }]
to the "plugins" section of your Babel config.

If you already set the same 'loose' mode for these plugins in your config, it's possible that they are enabled multiple times with different options.
You can re-run Babel with the BABEL_SHOW_CONFIG_FOR environment variable to show the loaded configuration:
	npx cross-env BABEL_SHOW_CONFIG_FOR=/Users/Ajaya/Documents/TizenGitTVApp/node_modules/@mui/material/Select/index.js <your build command>
See https://babeljs.io/docs/configuration#print-effective-configs for more info.
Though the "loose" option was set to "true" in your @babel/preset-env config, it will not be used for @babel/plugin-transform-private-property-in-object since the "loose" mode option was set to "false" for @babel/plugin-transform-class-properties.
The "loose" option must be the same for @babel/plugin-transform-class-properties, @babel/plugin-transform-private-methods and @babel/plugin-transform-private-property-in-object (when they are enabled): you can silence this warning by explicitly adding
	["@babel/plugin-transform-private-property-in-object", { "loose": false }]
to the "plugins" section of your Babel config.

If you already set the same 'loose' mode for these plugins in your config, it's possible that they are enabled multiple times with different options.
You can re-run Babel with the BABEL_SHOW_CONFIG_FOR environment variable to show the loaded configuration:
	npx cross-env BABEL_SHOW_CONFIG_FOR=/Users/Ajaya/Documents/TizenGitTVApp/node_modules/@mui/material/Skeleton/index.js <your build command>
See https://babeljs.io/docs/configuration#print-effective-configs for more info.
Though the "loose" option was set to "true" in your @babel/preset-env config, it will not be used for @babel/plugin-transform-private-methods since the "loose" mode option was set to "false" for @babel/plugin-transform-private-property-in-object.
The "loose" option must be the same for @babel/plugin-transform-class-properties, @babel/plugin-transform-private-methods and @babel/plugin-transform-private-property-in-object (when they are enabled): you can silence this warning by explicitly adding
	["@babel/plugin-transform-private-methods", { "loose": false }]
to the "plugins" section of your Babel config.

If you already set the same 'loose' mode for these plugins in your config, it's possible that they are enabled multiple times with different options.
You can re-run Babel with the BABEL_SHOW_CONFIG_FOR environment variable to show the loaded configuration:
	npx cross-env BABEL_SHOW_CONFIG_FOR=/Users/Ajaya/Documents/TizenGitTVApp/node_modules/@mui/material/Skeleton/index.js <your build command>
See https://babeljs.io/docs/configuration#print-effective-configs for more info.
Though the "loose" option was set to "true" in your @babel/preset-env config, it will not be used for @babel/plugin-transform-private-property-in-object since the "loose" mode option was set to "false" for @babel/plugin-transform-class-properties.
The "loose" option must be the same for @babel/plugin-transform-class-properties, @babel/plugin-transform-private-methods and @babel/plugin-transform-private-property-in-object (when they are enabled): you can silence this warning by explicitly adding
	["@babel/plugin-transform-private-property-in-object", { "loose": false }]
to the "plugins" section of your Babel config.

If you already set the same 'loose' mode for these plugins in your config, it's possible that they are enabled multiple times with different options.
You can re-run Babel with the BABEL_SHOW_CONFIG_FOR environment variable to show the loaded configuration:
	npx cross-env BABEL_SHOW_CONFIG_FOR=/Users/Ajaya/Documents/TizenGitTVApp/node_modules/@mui/material/ScopedCssBaseline/index.js <your build command>
See https://babeljs.io/docs/configuration#print-effective-configs for more info.
Though the "loose" option was set to "true" in your @babel/preset-env config, it will not be used for @babel/plugin-transform-private-methods since the "loose" mode option was set to "false" for @babel/plugin-transform-private-property-in-object.
The "loose" option must be the same for @babel/plugin-transform-class-properties, @babel/plugin-transform-private-methods and @babel/plugin-transform-private-property-in-object (when they are enabled): you can silence this warning by explicitly adding
	["@babel/plugin-transform-private-methods", { "loose": false }]
to the "plugins" section of your Babel config.

If you already set the same 'loose' mode for these plugins in your config, it's possible that they are enabled multiple times with different options.
You can re-run Babel with the BABEL_SHOW_CONFIG_FOR environment variable to show the loaded configuration:
	npx cross-env BABEL_SHOW_CONFIG_FOR=/Users/Ajaya/Documents/TizenGitTVApp/node_modules/@mui/material/ScopedCssBaseline/index.js <your build command>
See https://babeljs.io/docs/configuration#print-effective-configs for more info.
Though the "loose" option was set to "true" in your @babel/preset-env config, it will not be used for @babel/plugin-transform-private-property-in-object since the "loose" mode option was set to "false" for @babel/plugin-transform-class-properties.
The "loose" option must be the same for @babel/plugin-transform-class-properties, @babel/plugin-transform-private-methods and @babel/plugin-transform-private-property-in-object (when they are enabled): you can silence this warning by explicitly adding
	["@babel/plugin-transform-private-property-in-object", { "loose": false }]
to the "plugins" section of your Babel config.

If you already set the same 'loose' mode for these plugins in your config, it's possible that they are enabled multiple times with different options.
You can re-run Babel with the BABEL_SHOW_CONFIG_FOR environment variable to show the loaded configuration:
	npx cross-env BABEL_SHOW_CONFIG_FOR=/Users/Ajaya/Documents/TizenGitTVApp/node_modules/@tanstack/query-core/build/legacy/mutationCache.cjs <your build command>
See https://babeljs.io/docs/configuration#print-effective-configs for more info.
Though the "loose" option was set to "true" in your @babel/preset-env config, it will not be used for @babel/plugin-transform-private-methods since the "loose" mode option was set to "false" for @babel/plugin-transform-private-property-in-object.
The "loose" option must be the same for @babel/plugin-transform-class-properties, @babel/plugin-transform-private-methods and @babel/plugin-transform-private-property-in-object (when they are enabled): you can silence this warning by explicitly adding
	["@babel/plugin-transform-private-methods", { "loose": false }]
to the "plugins" section of your Babel config.

If you already set the same 'loose' mode for these plugins in your config, it's possible that they are enabled multiple times with different options.
You can re-run Babel with the BABEL_SHOW_CONFIG_FOR environment variable to show the loaded configuration:
	npx cross-env BABEL_SHOW_CONFIG_FOR=/Users/Ajaya/Documents/TizenGitTVApp/node_modules/@tanstack/query-core/build/legacy/mutationCache.cjs <your build command>
See https://babeljs.io/docs/configuration#print-effective-configs for more info.
Though the "loose" option was set to "true" in your @babel/preset-env config, it will not be used for @babel/plugin-transform-private-property-in-object since the "loose" mode option was set to "false" for @babel/plugin-transform-class-properties.
The "loose" option must be the same for @babel/plugin-transform-class-properties, @babel/plugin-transform-private-methods and @babel/plugin-transform-private-property-in-object (when they are enabled): you can silence this warning by explicitly adding
	["@babel/plugin-transform-private-property-in-object", { "loose": false }]
to the "plugins" section of your Babel config.

If you already set the same 'loose' mode for these plugins in your config, it's possible that they are enabled multiple times with different options.
You can re-run Babel with the BABEL_SHOW_CONFIG_FOR environment variable to show the loaded configuration:
	npx cross-env BABEL_SHOW_CONFIG_FOR=/Users/Ajaya/Documents/TizenGitTVApp/node_modules/@mui/material/Rating/index.js <your build command>
See https://babeljs.io/docs/configuration#print-effective-configs for more info.
Though the "loose" option was set to "true" in your @babel/preset-env config, it will not be used for @babel/plugin-transform-private-methods since the "loose" mode option was set to "false" for @babel/plugin-transform-private-property-in-object.
The "loose" option must be the same for @babel/plugin-transform-class-properties, @babel/plugin-transform-private-methods and @babel/plugin-transform-private-property-in-object (when they are enabled): you can silence this warning by explicitly adding
	["@babel/plugin-transform-private-methods", { "loose": false }]
to the "plugins" section of your Babel config.

If you already set the same 'loose' mode for these plugins in your config, it's possible that they are enabled multiple times with different options.
You can re-run Babel with the BABEL_SHOW_CONFIG_FOR environment variable to show the loaded configuration:
	npx cross-env BABEL_SHOW_CONFIG_FOR=/Users/Ajaya/Documents/TizenGitTVApp/node_modules/@mui/material/Rating/index.js <your build command>
See https://babeljs.io/docs/configuration#print-effective-configs for more info.
Though the "loose" option was set to "true" in your @babel/preset-env config, it will not be used for @babel/plugin-transform-private-property-in-object since the "loose" mode option was set to "false" for @babel/plugin-transform-class-properties.
The "loose" option must be the same for @babel/plugin-transform-class-properties, @babel/plugin-transform-private-methods and @babel/plugin-transform-private-property-in-object (when they are enabled): you can silence this warning by explicitly adding
	["@babel/plugin-transform-private-property-in-object", { "loose": false }]
to the "plugins" section of your Babel config.

If you already set the same 'loose' mode for these plugins in your config, it's possible that they are enabled multiple times with different options.
You can re-run Babel with the BABEL_SHOW_CONFIG_FOR environment variable to show the loaded configuration:
	npx cross-env BABEL_SHOW_CONFIG_FOR=/Users/Ajaya/Documents/TizenGitTVApp/node_modules/@mui/material/RadioGroup/index.js <your build command>
See https://babeljs.io/docs/configuration#print-effective-configs for more info.
Though the "loose" option was set to "true" in your @babel/preset-env config, it will not be used for @babel/plugin-transform-private-methods since the "loose" mode option was set to "false" for @babel/plugin-transform-private-property-in-object.
The "loose" option must be the same for @babel/plugin-transform-class-properties, @babel/plugin-transform-private-methods and @babel/plugin-transform-private-property-in-object (when they are enabled): you can silence this warning by explicitly adding
	["@babel/plugin-transform-private-methods", { "loose": false }]
to the "plugins" section of your Babel config.

If you already set the same 'loose' mode for these plugins in your config, it's possible that they are enabled multiple times with different options.
You can re-run Babel with the BABEL_SHOW_CONFIG_FOR environment variable to show the loaded configuration:
	npx cross-env BABEL_SHOW_CONFIG_FOR=/Users/Ajaya/Documents/TizenGitTVApp/node_modules/@mui/material/RadioGroup/index.js <your build command>
See https://babeljs.io/docs/configuration#print-effective-configs for more info.
Though the "loose" option was set to "true" in your @babel/preset-env config, it will not be used for @babel/plugin-transform-private-property-in-object since the "loose" mode option was set to "false" for @babel/plugin-transform-class-properties.
The "loose" option must be the same for @babel/plugin-transform-class-properties, @babel/plugin-transform-private-methods and @babel/plugin-transform-private-property-in-object (when they are enabled): you can silence this warning by explicitly adding
	["@babel/plugin-transform-private-property-in-object", { "loose": false }]
to the "plugins" section of your Babel config.

If you already set the same 'loose' mode for these plugins in your config, it's possible that they are enabled multiple times with different options.
You can re-run Babel with the BABEL_SHOW_CONFIG_FOR environment variable to show the loaded configuration:
	npx cross-env BABEL_SHOW_CONFIG_FOR=/Users/Ajaya/Documents/TizenGitTVApp/node_modules/@tanstack/query-core/build/legacy/mutationObserver.cjs <your build command>
See https://babeljs.io/docs/configuration#print-effective-configs for more info.
Though the "loose" option was set to "true" in your @babel/preset-env config, it will not be used for @babel/plugin-transform-private-methods since the "loose" mode option was set to "false" for @babel/plugin-transform-private-property-in-object.
The "loose" option must be the same for @babel/plugin-transform-class-properties, @babel/plugin-transform-private-methods and @babel/plugin-transform-private-property-in-object (when they are enabled): you can silence this warning by explicitly adding
	["@babel/plugin-transform-private-methods", { "loose": false }]
to the "plugins" section of your Babel config.

If you already set the same 'loose' mode for these plugins in your config, it's possible that they are enabled multiple times with different options.
You can re-run Babel with the BABEL_SHOW_CONFIG_FOR environment variable to show the loaded configuration:
	npx cross-env BABEL_SHOW_CONFIG_FOR=/Users/Ajaya/Documents/TizenGitTVApp/node_modules/@tanstack/query-core/build/legacy/mutationObserver.cjs <your build command>
See https://babeljs.io/docs/configuration#print-effective-configs for more info.
Though the "loose" option was set to "true" in your @babel/preset-env config, it will not be used for @babel/plugin-transform-private-property-in-object since the "loose" mode option was set to "false" for @babel/plugin-transform-class-properties.
The "loose" option must be the same for @babel/plugin-transform-class-properties, @babel/plugin-transform-private-methods and @babel/plugin-transform-private-property-in-object (when they are enabled): you can silence this warning by explicitly adding
	["@babel/plugin-transform-private-property-in-object", { "loose": false }]
to the "plugins" section of your Babel config.

If you already set the same 'loose' mode for these plugins in your config, it's possible that they are enabled multiple times with different options.
You can re-run Babel with the BABEL_SHOW_CONFIG_FOR environment variable to show the loaded configuration:
	npx cross-env BABEL_SHOW_CONFIG_FOR=/Users/Ajaya/Documents/TizenGitTVApp/node_modules/@tanstack/query-core/build/legacy/infiniteQueryObserver.cjs <your build command>
See https://babeljs.io/docs/configuration#print-effective-configs for more info.
Though the "loose" option was set to "true" in your @babel/preset-env config, it will not be used for @babel/plugin-transform-private-methods since the "loose" mode option was set to "false" for @babel/plugin-transform-private-property-in-object.
The "loose" option must be the same for @babel/plugin-transform-class-properties, @babel/plugin-transform-private-methods and @babel/plugin-transform-private-property-in-object (when they are enabled): you can silence this warning by explicitly adding
	["@babel/plugin-transform-private-methods", { "loose": false }]
to the "plugins" section of your Babel config.

If you already set the same 'loose' mode for these plugins in your config, it's possible that they are enabled multiple times with different options.
You can re-run Babel with the BABEL_SHOW_CONFIG_FOR environment variable to show the loaded configuration:
	npx cross-env BABEL_SHOW_CONFIG_FOR=/Users/Ajaya/Documents/TizenGitTVApp/node_modules/@tanstack/query-core/build/legacy/infiniteQueryObserver.cjs <your build command>
See https://babeljs.io/docs/configuration#print-effective-configs for more info.
Though the "loose" option was set to "true" in your @babel/preset-env config, it will not be used for @babel/plugin-transform-private-property-in-object since the "loose" mode option was set to "false" for @babel/plugin-transform-class-properties.
The "loose" option must be the same for @babel/plugin-transform-class-properties, @babel/plugin-transform-private-methods and @babel/plugin-transform-private-property-in-object (when they are enabled): you can silence this warning by explicitly adding
	["@babel/plugin-transform-private-property-in-object", { "loose": false }]
to the "plugins" section of your Babel config.

If you already set the same 'loose' mode for these plugins in your config, it's possible that they are enabled multiple times with different options.
You can re-run Babel with the BABEL_SHOW_CONFIG_FOR environment variable to show the loaded configuration:
	npx cross-env BABEL_SHOW_CONFIG_FOR=/Users/Ajaya/Documents/TizenGitTVApp/node_modules/@mui/material/Portal/index.js <your build command>
See https://babeljs.io/docs/configuration#print-effective-configs for more info.
Though the "loose" option was set to "true" in your @babel/preset-env config, it will not be used for @babel/plugin-transform-private-methods since the "loose" mode option was set to "false" for @babel/plugin-transform-private-property-in-object.
The "loose" option must be the same for @babel/plugin-transform-class-properties, @babel/plugin-transform-private-methods and @babel/plugin-transform-private-property-in-object (when they are enabled): you can silence this warning by explicitly adding
	["@babel/plugin-transform-private-methods", { "loose": false }]
to the "plugins" section of your Babel config.

If you already set the same 'loose' mode for these plugins in your config, it's possible that they are enabled multiple times with different options.
You can re-run Babel with the BABEL_SHOW_CONFIG_FOR environment variable to show the loaded configuration:
	npx cross-env BABEL_SHOW_CONFIG_FOR=/Users/Ajaya/Documents/TizenGitTVApp/node_modules/@mui/material/Portal/index.js <your build command>
See https://babeljs.io/docs/configuration#print-effective-configs for more info.
Though the "loose" option was set to "true" in your @babel/preset-env config, it will not be used for @babel/plugin-transform-private-property-in-object since the "loose" mode option was set to "false" for @babel/plugin-transform-class-properties.
The "loose" option must be the same for @babel/plugin-transform-class-properties, @babel/plugin-transform-private-methods and @babel/plugin-transform-private-property-in-object (when they are enabled): you can silence this warning by explicitly adding
	["@babel/plugin-transform-private-property-in-object", { "loose": false }]
to the "plugins" section of your Babel config.

If you already set the same 'loose' mode for these plugins in your config, it's possible that they are enabled multiple times with different options.
You can re-run Babel with the BABEL_SHOW_CONFIG_FOR environment variable to show the loaded configuration:
	npx cross-env BABEL_SHOW_CONFIG_FOR=/Users/Ajaya/Documents/TizenGitTVApp/node_modules/@mui/material/Radio/index.js <your build command>
See https://babeljs.io/docs/configuration#print-effective-configs for more info.
Though the "loose" option was set to "true" in your @babel/preset-env config, it will not be used for @babel/plugin-transform-private-methods since the "loose" mode option was set to "false" for @babel/plugin-transform-private-property-in-object.
The "loose" option must be the same for @babel/plugin-transform-class-properties, @babel/plugin-transform-private-methods and @babel/plugin-transform-private-property-in-object (when they are enabled): you can silence this warning by explicitly adding
	["@babel/plugin-transform-private-methods", { "loose": false }]
to the "plugins" section of your Babel config.

If you already set the same 'loose' mode for these plugins in your config, it's possible that they are enabled multiple times with different options.
You can re-run Babel with the BABEL_SHOW_CONFIG_FOR environment variable to show the loaded configuration:
	npx cross-env BABEL_SHOW_CONFIG_FOR=/Users/Ajaya/Documents/TizenGitTVApp/node_modules/@mui/material/Radio/index.js <your build command>
See https://babeljs.io/docs/configuration#print-effective-configs for more info.
Though the "loose" option was set to "true" in your @babel/preset-env config, it will not be used for @babel/plugin-transform-private-property-in-object since the "loose" mode option was set to "false" for @babel/plugin-transform-class-properties.
The "loose" option must be the same for @babel/plugin-transform-class-properties, @babel/plugin-transform-private-methods and @babel/plugin-transform-private-property-in-object (when they are enabled): you can silence this warning by explicitly adding
	["@babel/plugin-transform-private-property-in-object", { "loose": false }]
to the "plugins" section of your Babel config.

If you already set the same 'loose' mode for these plugins in your config, it's possible that they are enabled multiple times with different options.
You can re-run Babel with the BABEL_SHOW_CONFIG_FOR environment variable to show the loaded configuration:
	npx cross-env BABEL_SHOW_CONFIG_FOR=/Users/Ajaya/Documents/TizenGitTVApp/node_modules/@babel/runtime/helpers/objectDestructuringEmpty.js <your build command>
See https://babeljs.io/docs/configuration#print-effective-configs for more info.
Though the "loose" option was set to "true" in your @babel/preset-env config, it will not be used for @babel/plugin-transform-private-methods since the "loose" mode option was set to "false" for @babel/plugin-transform-private-property-in-object.
The "loose" option must be the same for @babel/plugin-transform-class-properties, @babel/plugin-transform-private-methods and @babel/plugin-transform-private-property-in-object (when they are enabled): you can silence this warning by explicitly adding
	["@babel/plugin-transform-private-methods", { "loose": false }]
to the "plugins" section of your Babel config.

If you already set the same 'loose' mode for these plugins in your config, it's possible that they are enabled multiple times with different options.
You can re-run Babel with the BABEL_SHOW_CONFIG_FOR environment variable to show the loaded configuration:
	npx cross-env BABEL_SHOW_CONFIG_FOR=/Users/Ajaya/Documents/TizenGitTVApp/node_modules/@babel/runtime/helpers/objectDestructuringEmpty.js <your build command>
See https://babeljs.io/docs/configuration#print-effective-configs for more info.
Though the "loose" option was set to "true" in your @babel/preset-env config, it will not be used for @babel/plugin-transform-private-property-in-object since the "loose" mode option was set to "false" for @babel/plugin-transform-class-properties.
The "loose" option must be the same for @babel/plugin-transform-class-properties, @babel/plugin-transform-private-methods and @babel/plugin-transform-private-property-in-object (when they are enabled): you can silence this warning by explicitly adding
	["@babel/plugin-transform-private-property-in-object", { "loose": false }]
to the "plugins" section of your Babel config.

If you already set the same 'loose' mode for these plugins in your config, it's possible that they are enabled multiple times with different options.
You can re-run Babel with the BABEL_SHOW_CONFIG_FOR environment variable to show the loaded configuration:
	npx cross-env BABEL_SHOW_CONFIG_FOR=/Users/Ajaya/Documents/TizenGitTVApp/node_modules/@babel/runtime/helpers/extends.js <your build command>
See https://babeljs.io/docs/configuration#print-effective-configs for more info.
Though the "loose" option was set to "true" in your @babel/preset-env config, it will not be used for @babel/plugin-transform-private-methods since the "loose" mode option was set to "false" for @babel/plugin-transform-private-property-in-object.
The "loose" option must be the same for @babel/plugin-transform-class-properties, @babel/plugin-transform-private-methods and @babel/plugin-transform-private-property-in-object (when they are enabled): you can silence this warning by explicitly adding
	["@babel/plugin-transform-private-methods", { "loose": false }]
to the "plugins" section of your Babel config.

If you already set the same 'loose' mode for these plugins in your config, it's possible that they are enabled multiple times with different options.
You can re-run Babel with the BABEL_SHOW_CONFIG_FOR environment variable to show the loaded configuration:
	npx cross-env BABEL_SHOW_CONFIG_FOR=/Users/Ajaya/Documents/TizenGitTVApp/node_modules/@babel/runtime/helpers/extends.js <your build command>
See https://babeljs.io/docs/configuration#print-effective-configs for more info.
Though the "loose" option was set to "true" in your @babel/preset-env config, it will not be used for @babel/plugin-transform-private-property-in-object since the "loose" mode option was set to "false" for @babel/plugin-transform-class-properties.
The "loose" option must be the same for @babel/plugin-transform-class-properties, @babel/plugin-transform-private-methods and @babel/plugin-transform-private-property-in-object (when they are enabled): you can silence this warning by explicitly adding
	["@babel/plugin-transform-private-property-in-object", { "loose": false }]
to the "plugins" section of your Babel config.

If you already set the same 'loose' mode for these plugins in your config, it's possible that they are enabled multiple times with different options.
You can re-run Babel with the BABEL_SHOW_CONFIG_FOR environment variable to show the loaded configuration:
	npx cross-env BABEL_SHOW_CONFIG_FOR=/Users/Ajaya/Documents/TizenGitTVApp/node_modules/@mui/material/Popper/index.js <your build command>
See https://babeljs.io/docs/configuration#print-effective-configs for more info.
Though the "loose" option was set to "true" in your @babel/preset-env config, it will not be used for @babel/plugin-transform-private-methods since the "loose" mode option was set to "false" for @babel/plugin-transform-private-property-in-object.
The "loose" option must be the same for @babel/plugin-transform-class-properties, @babel/plugin-transform-private-methods and @babel/plugin-transform-private-property-in-object (when they are enabled): you can silence this warning by explicitly adding
	["@babel/plugin-transform-private-methods", { "loose": false }]
to the "plugins" section of your Babel config.

If you already set the same 'loose' mode for these plugins in your config, it's possible that they are enabled multiple times with different options.
You can re-run Babel with the BABEL_SHOW_CONFIG_FOR environment variable to show the loaded configuration:
	npx cross-env BABEL_SHOW_CONFIG_FOR=/Users/Ajaya/Documents/TizenGitTVApp/node_modules/@mui/material/Popper/index.js <your build command>
See https://babeljs.io/docs/configuration#print-effective-configs for more info.
Though the "loose" option was set to "true" in your @babel/preset-env config, it will not be used for @babel/plugin-transform-private-property-in-object since the "loose" mode option was set to "false" for @babel/plugin-transform-class-properties.
The "loose" option must be the same for @babel/plugin-transform-class-properties, @babel/plugin-transform-private-methods and @babel/plugin-transform-private-property-in-object (when they are enabled): you can silence this warning by explicitly adding
	["@babel/plugin-transform-private-property-in-object", { "loose": false }]
to the "plugins" section of your Babel config.

If you already set the same 'loose' mode for these plugins in your config, it's possible that they are enabled multiple times with different options.
You can re-run Babel with the BABEL_SHOW_CONFIG_FOR environment variable to show the loaded configuration:
	npx cross-env BABEL_SHOW_CONFIG_FOR=/Users/Ajaya/Documents/TizenGitTVApp/node_modules/@mui/material/PaginationItem/index.js <your build command>
See https://babeljs.io/docs/configuration#print-effective-configs for more info.
Though the "loose" option was set to "true" in your @babel/preset-env config, it will not be used for @babel/plugin-transform-private-methods since the "loose" mode option was set to "false" for @babel/plugin-transform-private-property-in-object.
The "loose" option must be the same for @babel/plugin-transform-class-properties, @babel/plugin-transform-private-methods and @babel/plugin-transform-private-property-in-object (when they are enabled): you can silence this warning by explicitly adding
	["@babel/plugin-transform-private-methods", { "loose": false }]
to the "plugins" section of your Babel config.

If you already set the same 'loose' mode for these plugins in your config, it's possible that they are enabled multiple times with different options.
You can re-run Babel with the BABEL_SHOW_CONFIG_FOR environment variable to show the loaded configuration:
	npx cross-env BABEL_SHOW_CONFIG_FOR=/Users/Ajaya/Documents/TizenGitTVApp/node_modules/@mui/material/PaginationItem/index.js <your build command>
See https://babeljs.io/docs/configuration#print-effective-configs for more info.
Though the "loose" option was set to "true" in your @babel/preset-env config, it will not be used for @babel/plugin-transform-private-property-in-object since the "loose" mode option was set to "false" for @babel/plugin-transform-class-properties.
The "loose" option must be the same for @babel/plugin-transform-class-properties, @babel/plugin-transform-private-methods and @babel/plugin-transform-private-property-in-object (when they are enabled): you can silence this warning by explicitly adding
	["@babel/plugin-transform-private-property-in-object", { "loose": false }]
to the "plugins" section of your Babel config.

If you already set the same 'loose' mode for these plugins in your config, it's possible that they are enabled multiple times with different options.
You can re-run Babel with the BABEL_SHOW_CONFIG_FOR environment variable to show the loaded configuration:
	npx cross-env BABEL_SHOW_CONFIG_FOR=/Users/Ajaya/Documents/TizenGitTVApp/node_modules/@mui/material/Popover/index.js <your build command>
See https://babeljs.io/docs/configuration#print-effective-configs for more info.
Though the "loose" option was set to "true" in your @babel/preset-env config, it will not be used for @babel/plugin-transform-private-methods since the "loose" mode option was set to "false" for @babel/plugin-transform-private-property-in-object.
The "loose" option must be the same for @babel/plugin-transform-class-properties, @babel/plugin-transform-private-methods and @babel/plugin-transform-private-property-in-object (when they are enabled): you can silence this warning by explicitly adding
	["@babel/plugin-transform-private-methods", { "loose": false }]
to the "plugins" section of your Babel config.

If you already set the same 'loose' mode for these plugins in your config, it's possible that they are enabled multiple times with different options.
You can re-run Babel with the BABEL_SHOW_CONFIG_FOR environment variable to show the loaded configuration:
	npx cross-env BABEL_SHOW_CONFIG_FOR=/Users/Ajaya/Documents/TizenGitTVApp/node_modules/@mui/material/Popover/index.js <your build command>
See https://babeljs.io/docs/configuration#print-effective-configs for more info.
Though the "loose" option was set to "true" in your @babel/preset-env config, it will not be used for @babel/plugin-transform-private-property-in-object since the "loose" mode option was set to "false" for @babel/plugin-transform-class-properties.
The "loose" option must be the same for @babel/plugin-transform-class-properties, @babel/plugin-transform-private-methods and @babel/plugin-transform-private-property-in-object (when they are enabled): you can silence this warning by explicitly adding
	["@babel/plugin-transform-private-property-in-object", { "loose": false }]
to the "plugins" section of your Babel config.

If you already set the same 'loose' mode for these plugins in your config, it's possible that they are enabled multiple times with different options.
You can re-run Babel with the BABEL_SHOW_CONFIG_FOR environment variable to show the loaded configuration:
	npx cross-env BABEL_SHOW_CONFIG_FOR=/Users/Ajaya/Documents/TizenGitTVApp/node_modules/@mui/utils/composeClasses/composeClasses.js <your build command>
See https://babeljs.io/docs/configuration#print-effective-configs for more info.
Though the "loose" option was set to "true" in your @babel/preset-env config, it will not be used for @babel/plugin-transform-private-methods since the "loose" mode option was set to "false" for @babel/plugin-transform-private-property-in-object.
The "loose" option must be the same for @babel/plugin-transform-class-properties, @babel/plugin-transform-private-methods and @babel/plugin-transform-private-property-in-object (when they are enabled): you can silence this warning by explicitly adding
	["@babel/plugin-transform-private-methods", { "loose": false }]
to the "plugins" section of your Babel config.

If you already set the same 'loose' mode for these plugins in your config, it's possible that they are enabled multiple times with different options.
You can re-run Babel with the BABEL_SHOW_CONFIG_FOR environment variable to show the loaded configuration:
	npx cross-env BABEL_SHOW_CONFIG_FOR=/Users/Ajaya/Documents/TizenGitTVApp/node_modules/@mui/utils/composeClasses/composeClasses.js <your build command>
See https://babeljs.io/docs/configuration#print-effective-configs for more info.
Though the "loose" option was set to "true" in your @babel/preset-env config, it will not be used for @babel/plugin-transform-private-property-in-object since the "loose" mode option was set to "false" for @babel/plugin-transform-class-properties.
The "loose" option must be the same for @babel/plugin-transform-class-properties, @babel/plugin-transform-private-methods and @babel/plugin-transform-private-property-in-object (when they are enabled): you can silence this warning by explicitly adding
	["@babel/plugin-transform-private-property-in-object", { "loose": false }]
to the "plugins" section of your Babel config.

If you already set the same 'loose' mode for these plugins in your config, it's possible that they are enabled multiple times with different options.
You can re-run Babel with the BABEL_SHOW_CONFIG_FOR environment variable to show the loaded configuration:
	npx cross-env BABEL_SHOW_CONFIG_FOR=/Users/Ajaya/Documents/TizenGitTVApp/node_modules/@mui/material/Paper/index.js <your build command>
See https://babeljs.io/docs/configuration#print-effective-configs for more info.
Though the "loose" option was set to "true" in your @babel/preset-env config, it will not be used for @babel/plugin-transform-private-methods since the "loose" mode option was set to "false" for @babel/plugin-transform-private-property-in-object.
The "loose" option must be the same for @babel/plugin-transform-class-properties, @babel/plugin-transform-private-methods and @babel/plugin-transform-private-property-in-object (when they are enabled): you can silence this warning by explicitly adding
	["@babel/plugin-transform-private-methods", { "loose": false }]
to the "plugins" section of your Babel config.

If you already set the same 'loose' mode for these plugins in your config, it's possible that they are enabled multiple times with different options.
You can re-run Babel with the BABEL_SHOW_CONFIG_FOR environment variable to show the loaded configuration:
	npx cross-env BABEL_SHOW_CONFIG_FOR=/Users/Ajaya/Documents/TizenGitTVApp/node_modules/@mui/material/Paper/index.js <your build command>
See https://babeljs.io/docs/configuration#print-effective-configs for more info.
Though the "loose" option was set to "true" in your @babel/preset-env config, it will not be used for @babel/plugin-transform-private-property-in-object since the "loose" mode option was set to "false" for @babel/plugin-transform-class-properties.
The "loose" option must be the same for @babel/plugin-transform-class-properties, @babel/plugin-transform-private-methods and @babel/plugin-transform-private-property-in-object (when they are enabled): you can silence this warning by explicitly adding
	["@babel/plugin-transform-private-property-in-object", { "loose": false }]
to the "plugins" section of your Babel config.

If you already set the same 'loose' mode for these plugins in your config, it's possible that they are enabled multiple times with different options.
You can re-run Babel with the BABEL_SHOW_CONFIG_FOR environment variable to show the loaded configuration:
	npx cross-env BABEL_SHOW_CONFIG_FOR=/Users/Ajaya/Documents/TizenGitTVApp/node_modules/@mui/material/Pagination/index.js <your build command>
See https://babeljs.io/docs/configuration#print-effective-configs for more info.
Though the "loose" option was set to "true" in your @babel/preset-env config, it will not be used for @babel/plugin-transform-private-methods since the "loose" mode option was set to "false" for @babel/plugin-transform-private-property-in-object.
The "loose" option must be the same for @babel/plugin-transform-class-properties, @babel/plugin-transform-private-methods and @babel/plugin-transform-private-property-in-object (when they are enabled): you can silence this warning by explicitly adding
	["@babel/plugin-transform-private-methods", { "loose": false }]
to the "plugins" section of your Babel config.

If you already set the same 'loose' mode for these plugins in your config, it's possible that they are enabled multiple times with different options.
You can re-run Babel with the BABEL_SHOW_CONFIG_FOR environment variable to show the loaded configuration:
	npx cross-env BABEL_SHOW_CONFIG_FOR=/Users/Ajaya/Documents/TizenGitTVApp/node_modules/@mui/material/Pagination/index.js <your build command>
See https://babeljs.io/docs/configuration#print-effective-configs for more info.
Though the "loose" option was set to "true" in your @babel/preset-env config, it will not be used for @babel/plugin-transform-private-property-in-object since the "loose" mode option was set to "false" for @babel/plugin-transform-class-properties.
The "loose" option must be the same for @babel/plugin-transform-class-properties, @babel/plugin-transform-private-methods and @babel/plugin-transform-private-property-in-object (when they are enabled): you can silence this warning by explicitly adding
	["@babel/plugin-transform-private-property-in-object", { "loose": false }]
to the "plugins" section of your Babel config.

If you already set the same 'loose' mode for these plugins in your config, it's possible that they are enabled multiple times with different options.
You can re-run Babel with the BABEL_SHOW_CONFIG_FOR environment variable to show the loaded configuration:
	npx cross-env BABEL_SHOW_CONFIG_FOR=/Users/Ajaya/Documents/TizenGitTVApp/node_modules/@mui/material/OutlinedInput/index.js <your build command>
See https://babeljs.io/docs/configuration#print-effective-configs for more info.
Though the "loose" option was set to "true" in your @babel/preset-env config, it will not be used for @babel/plugin-transform-private-methods since the "loose" mode option was set to "false" for @babel/plugin-transform-private-property-in-object.
The "loose" option must be the same for @babel/plugin-transform-class-properties, @babel/plugin-transform-private-methods and @babel/plugin-transform-private-property-in-object (when they are enabled): you can silence this warning by explicitly adding
	["@babel/plugin-transform-private-methods", { "loose": false }]
to the "plugins" section of your Babel config.

If you already set the same 'loose' mode for these plugins in your config, it's possible that they are enabled multiple times with different options.
You can re-run Babel with the BABEL_SHOW_CONFIG_FOR environment variable to show the loaded configuration:
	npx cross-env BABEL_SHOW_CONFIG_FOR=/Users/Ajaya/Documents/TizenGitTVApp/node_modules/@mui/material/OutlinedInput/index.js <your build command>
See https://babeljs.io/docs/configuration#print-effective-configs for more info.
Though the "loose" option was set to "true" in your @babel/preset-env config, it will not be used for @babel/plugin-transform-private-property-in-object since the "loose" mode option was set to "false" for @babel/plugin-transform-class-properties.
The "loose" option must be the same for @babel/plugin-transform-class-properties, @babel/plugin-transform-private-methods and @babel/plugin-transform-private-property-in-object (when they are enabled): you can silence this warning by explicitly adding
	["@babel/plugin-transform-private-property-in-object", { "loose": false }]
to the "plugins" section of your Babel config.

If you already set the same 'loose' mode for these plugins in your config, it's possible that they are enabled multiple times with different options.
You can re-run Babel with the BABEL_SHOW_CONFIG_FOR environment variable to show the loaded configuration:
	npx cross-env BABEL_SHOW_CONFIG_FOR=/Users/Ajaya/Documents/TizenGitTVApp/node_modules/@mui/material/NoSsr/index.js <your build command>
See https://babeljs.io/docs/configuration#print-effective-configs for more info.
Though the "loose" option was set to "true" in your @babel/preset-env config, it will not be used for @babel/plugin-transform-private-methods since the "loose" mode option was set to "false" for @babel/plugin-transform-private-property-in-object.
The "loose" option must be the same for @babel/plugin-transform-class-properties, @babel/plugin-transform-private-methods and @babel/plugin-transform-private-property-in-object (when they are enabled): you can silence this warning by explicitly adding
	["@babel/plugin-transform-private-methods", { "loose": false }]
to the "plugins" section of your Babel config.

If you already set the same 'loose' mode for these plugins in your config, it's possible that they are enabled multiple times with different options.
You can re-run Babel with the BABEL_SHOW_CONFIG_FOR environment variable to show the loaded configuration:
	npx cross-env BABEL_SHOW_CONFIG_FOR=/Users/Ajaya/Documents/TizenGitTVApp/node_modules/@mui/material/NoSsr/index.js <your build command>
See https://babeljs.io/docs/configuration#print-effective-configs for more info.
Though the "loose" option was set to "true" in your @babel/preset-env config, it will not be used for @babel/plugin-transform-private-property-in-object since the "loose" mode option was set to "false" for @babel/plugin-transform-class-properties.
The "loose" option must be the same for @babel/plugin-transform-class-properties, @babel/plugin-transform-private-methods and @babel/plugin-transform-private-property-in-object (when they are enabled): you can silence this warning by explicitly adding
	["@babel/plugin-transform-private-property-in-object", { "loose": false }]
to the "plugins" section of your Babel config.

If you already set the same 'loose' mode for these plugins in your config, it's possible that they are enabled multiple times with different options.
You can re-run Babel with the BABEL_SHOW_CONFIG_FOR environment variable to show the loaded configuration:
	npx cross-env BABEL_SHOW_CONFIG_FOR=/Users/Ajaya/Documents/TizenGitTVApp/node_modules/@mui/material/NativeSelect/index.js <your build command>
See https://babeljs.io/docs/configuration#print-effective-configs for more info.
Though the "loose" option was set to "true" in your @babel/preset-env config, it will not be used for @babel/plugin-transform-private-methods since the "loose" mode option was set to "false" for @babel/plugin-transform-private-property-in-object.
The "loose" option must be the same for @babel/plugin-transform-class-properties, @babel/plugin-transform-private-methods and @babel/plugin-transform-private-property-in-object (when they are enabled): you can silence this warning by explicitly adding
	["@babel/plugin-transform-private-methods", { "loose": false }]
to the "plugins" section of your Babel config.

If you already set the same 'loose' mode for these plugins in your config, it's possible that they are enabled multiple times with different options.
You can re-run Babel with the BABEL_SHOW_CONFIG_FOR environment variable to show the loaded configuration:
	npx cross-env BABEL_SHOW_CONFIG_FOR=/Users/Ajaya/Documents/TizenGitTVApp/node_modules/@mui/material/NativeSelect/index.js <your build command>
See https://babeljs.io/docs/configuration#print-effective-configs for more info.
Though the "loose" option was set to "true" in your @babel/preset-env config, it will not be used for @babel/plugin-transform-private-property-in-object since the "loose" mode option was set to "false" for @babel/plugin-transform-class-properties.
The "loose" option must be the same for @babel/plugin-transform-class-properties, @babel/plugin-transform-private-methods and @babel/plugin-transform-private-property-in-object (when they are enabled): you can silence this warning by explicitly adding
	["@babel/plugin-transform-private-property-in-object", { "loose": false }]
to the "plugins" section of your Babel config.

If you already set the same 'loose' mode for these plugins in your config, it's possible that they are enabled multiple times with different options.
You can re-run Babel with the BABEL_SHOW_CONFIG_FOR environment variable to show the loaded configuration:
	npx cross-env BABEL_SHOW_CONFIG_FOR=/Users/Ajaya/Documents/TizenGitTVApp/node_modules/@mui/material/MobileStepper/index.js <your build command>
See https://babeljs.io/docs/configuration#print-effective-configs for more info.
Though the "loose" option was set to "true" in your @babel/preset-env config, it will not be used for @babel/plugin-transform-private-methods since the "loose" mode option was set to "false" for @babel/plugin-transform-private-property-in-object.
The "loose" option must be the same for @babel/plugin-transform-class-properties, @babel/plugin-transform-private-methods and @babel/plugin-transform-private-property-in-object (when they are enabled): you can silence this warning by explicitly adding
	["@babel/plugin-transform-private-methods", { "loose": false }]
to the "plugins" section of your Babel config.

If you already set the same 'loose' mode for these plugins in your config, it's possible that they are enabled multiple times with different options.
You can re-run Babel with the BABEL_SHOW_CONFIG_FOR environment variable to show the loaded configuration:
	npx cross-env BABEL_SHOW_CONFIG_FOR=/Users/Ajaya/Documents/TizenGitTVApp/node_modules/@mui/material/MobileStepper/index.js <your build command>
See https://babeljs.io/docs/configuration#print-effective-configs for more info.
Though the "loose" option was set to "true" in your @babel/preset-env config, it will not be used for @babel/plugin-transform-private-property-in-object since the "loose" mode option was set to "false" for @babel/plugin-transform-class-properties.
The "loose" option must be the same for @babel/plugin-transform-class-properties, @babel/plugin-transform-private-methods and @babel/plugin-transform-private-property-in-object (when they are enabled): you can silence this warning by explicitly adding
	["@babel/plugin-transform-private-property-in-object", { "loose": false }]
to the "plugins" section of your Babel config.

If you already set the same 'loose' mode for these plugins in your config, it's possible that they are enabled multiple times with different options.
You can re-run Babel with the BABEL_SHOW_CONFIG_FOR environment variable to show the loaded configuration:
	npx cross-env BABEL_SHOW_CONFIG_FOR=/Users/Ajaya/Documents/TizenGitTVApp/node_modules/@mui/material/Modal/index.js <your build command>
See https://babeljs.io/docs/configuration#print-effective-configs for more info.
Though the "loose" option was set to "true" in your @babel/preset-env config, it will not be used for @babel/plugin-transform-private-methods since the "loose" mode option was set to "false" for @babel/plugin-transform-private-property-in-object.
The "loose" option must be the same for @babel/plugin-transform-class-properties, @babel/plugin-transform-private-methods and @babel/plugin-transform-private-property-in-object (when they are enabled): you can silence this warning by explicitly adding
	["@babel/plugin-transform-private-methods", { "loose": false }]
to the "plugins" section of your Babel config.

If you already set the same 'loose' mode for these plugins in your config, it's possible that they are enabled multiple times with different options.
You can re-run Babel with the BABEL_SHOW_CONFIG_FOR environment variable to show the loaded configuration:
	npx cross-env BABEL_SHOW_CONFIG_FOR=/Users/Ajaya/Documents/TizenGitTVApp/node_modules/@mui/material/Modal/index.js <your build command>
See https://babeljs.io/docs/configuration#print-effective-configs for more info.
Though the "loose" option was set to "true" in your @babel/preset-env config, it will not be used for @babel/plugin-transform-private-property-in-object since the "loose" mode option was set to "false" for @babel/plugin-transform-class-properties.
The "loose" option must be the same for @babel/plugin-transform-class-properties, @babel/plugin-transform-private-methods and @babel/plugin-transform-private-property-in-object (when they are enabled): you can silence this warning by explicitly adding
	["@babel/plugin-transform-private-property-in-object", { "loose": false }]
to the "plugins" section of your Babel config.

If you already set the same 'loose' mode for these plugins in your config, it's possible that they are enabled multiple times with different options.
You can re-run Babel with the BABEL_SHOW_CONFIG_FOR environment variable to show the loaded configuration:
	npx cross-env BABEL_SHOW_CONFIG_FOR=/Users/Ajaya/Documents/TizenGitTVApp/node_modules/@mui/material/Tabs/tabsClasses.js <your build command>
See https://babeljs.io/docs/configuration#print-effective-configs for more info.
Though the "loose" option was set to "true" in your @babel/preset-env config, it will not be used for @babel/plugin-transform-private-methods since the "loose" mode option was set to "false" for @babel/plugin-transform-private-property-in-object.
The "loose" option must be the same for @babel/plugin-transform-class-properties, @babel/plugin-transform-private-methods and @babel/plugin-transform-private-property-in-object (when they are enabled): you can silence this warning by explicitly adding
	["@babel/plugin-transform-private-methods", { "loose": false }]
to the "plugins" section of your Babel config.

If you already set the same 'loose' mode for these plugins in your config, it's possible that they are enabled multiple times with different options.
You can re-run Babel with the BABEL_SHOW_CONFIG_FOR environment variable to show the loaded configuration:
	npx cross-env BABEL_SHOW_CONFIG_FOR=/Users/Ajaya/Documents/TizenGitTVApp/node_modules/@mui/material/Tabs/tabsClasses.js <your build command>
See https://babeljs.io/docs/configuration#print-effective-configs for more info.
Though the "loose" option was set to "true" in your @babel/preset-env config, it will not be used for @babel/plugin-transform-private-property-in-object since the "loose" mode option was set to "false" for @babel/plugin-transform-class-properties.
The "loose" option must be the same for @babel/plugin-transform-class-properties, @babel/plugin-transform-private-methods and @babel/plugin-transform-private-property-in-object (when they are enabled): you can silence this warning by explicitly adding
	["@babel/plugin-transform-private-property-in-object", { "loose": false }]
to the "plugins" section of your Babel config.

If you already set the same 'loose' mode for these plugins in your config, it's possible that they are enabled multiple times with different options.
You can re-run Babel with the BABEL_SHOW_CONFIG_FOR environment variable to show the loaded configuration:
	npx cross-env BABEL_SHOW_CONFIG_FOR=/Users/Ajaya/Documents/TizenGitTVApp/node_modules/@mui/material/MenuList/index.js <your build command>
See https://babeljs.io/docs/configuration#print-effective-configs for more info.
Though the "loose" option was set to "true" in your @babel/preset-env config, it will not be used for @babel/plugin-transform-private-methods since the "loose" mode option was set to "false" for @babel/plugin-transform-private-property-in-object.
The "loose" option must be the same for @babel/plugin-transform-class-properties, @babel/plugin-transform-private-methods and @babel/plugin-transform-private-property-in-object (when they are enabled): you can silence this warning by explicitly adding
	["@babel/plugin-transform-private-methods", { "loose": false }]
to the "plugins" section of your Babel config.

If you already set the same 'loose' mode for these plugins in your config, it's possible that they are enabled multiple times with different options.
You can re-run Babel with the BABEL_SHOW_CONFIG_FOR environment variable to show the loaded configuration:
	npx cross-env BABEL_SHOW_CONFIG_FOR=/Users/Ajaya/Documents/TizenGitTVApp/node_modules/@mui/material/MenuList/index.js <your build command>
See https://babeljs.io/docs/configuration#print-effective-configs for more info.
Though the "loose" option was set to "true" in your @babel/preset-env config, it will not be used for @babel/plugin-transform-private-property-in-object since the "loose" mode option was set to "false" for @babel/plugin-transform-class-properties.
The "loose" option must be the same for @babel/plugin-transform-class-properties, @babel/plugin-transform-private-methods and @babel/plugin-transform-private-property-in-object (when they are enabled): you can silence this warning by explicitly adding
	["@babel/plugin-transform-private-property-in-object", { "loose": false }]
to the "plugins" section of your Babel config.

If you already set the same 'loose' mode for these plugins in your config, it's possible that they are enabled multiple times with different options.
You can re-run Babel with the BABEL_SHOW_CONFIG_FOR environment variable to show the loaded configuration:
	npx cross-env BABEL_SHOW_CONFIG_FOR=/Users/Ajaya/Documents/TizenGitTVApp/node_modules/@mui/material/MenuItem/index.js <your build command>
See https://babeljs.io/docs/configuration#print-effective-configs for more info.
Though the "loose" option was set to "true" in your @babel/preset-env config, it will not be used for @babel/plugin-transform-private-methods since the "loose" mode option was set to "false" for @babel/plugin-transform-private-property-in-object.
The "loose" option must be the same for @babel/plugin-transform-class-properties, @babel/plugin-transform-private-methods and @babel/plugin-transform-private-property-in-object (when they are enabled): you can silence this warning by explicitly adding
	["@babel/plugin-transform-private-methods", { "loose": false }]
to the "plugins" section of your Babel config.

If you already set the same 'loose' mode for these plugins in your config, it's possible that they are enabled multiple times with different options.
You can re-run Babel with the BABEL_SHOW_CONFIG_FOR environment variable to show the loaded configuration:
	npx cross-env BABEL_SHOW_CONFIG_FOR=/Users/Ajaya/Documents/TizenGitTVApp/node_modules/@mui/material/MenuItem/index.js <your build command>
See https://babeljs.io/docs/configuration#print-effective-configs for more info.
Though the "loose" option was set to "true" in your @babel/preset-env config, it will not be used for @babel/plugin-transform-private-property-in-object since the "loose" mode option was set to "false" for @babel/plugin-transform-class-properties.
The "loose" option must be the same for @babel/plugin-transform-class-properties, @babel/plugin-transform-private-methods and @babel/plugin-transform-private-property-in-object (when they are enabled): you can silence this warning by explicitly adding
	["@babel/plugin-transform-private-property-in-object", { "loose": false }]
to the "plugins" section of your Babel config.

If you already set the same 'loose' mode for these plugins in your config, it's possible that they are enabled multiple times with different options.
You can re-run Babel with the BABEL_SHOW_CONFIG_FOR environment variable to show the loaded configuration:
	npx cross-env BABEL_SHOW_CONFIG_FOR=/Users/Ajaya/Documents/TizenGitTVApp/node_modules/@mui/material/Menu/index.js <your build command>
See https://babeljs.io/docs/configuration#print-effective-configs for more info.
Though the "loose" option was set to "true" in your @babel/preset-env config, it will not be used for @babel/plugin-transform-private-methods since the "loose" mode option was set to "false" for @babel/plugin-transform-private-property-in-object.
The "loose" option must be the same for @babel/plugin-transform-class-properties, @babel/plugin-transform-private-methods and @babel/plugin-transform-private-property-in-object (when they are enabled): you can silence this warning by explicitly adding
	["@babel/plugin-transform-private-methods", { "loose": false }]
to the "plugins" section of your Babel config.

If you already set the same 'loose' mode for these plugins in your config, it's possible that they are enabled multiple times with different options.
You can re-run Babel with the BABEL_SHOW_CONFIG_FOR environment variable to show the loaded configuration:
	npx cross-env BABEL_SHOW_CONFIG_FOR=/Users/Ajaya/Documents/TizenGitTVApp/node_modules/@mui/material/Menu/index.js <your build command>
See https://babeljs.io/docs/configuration#print-effective-configs for more info.
Though the "loose" option was set to "true" in your @babel/preset-env config, it will not be used for @babel/plugin-transform-private-property-in-object since the "loose" mode option was set to "false" for @babel/plugin-transform-class-properties.
The "loose" option must be the same for @babel/plugin-transform-class-properties, @babel/plugin-transform-private-methods and @babel/plugin-transform-private-property-in-object (when they are enabled): you can silence this warning by explicitly adding
	["@babel/plugin-transform-private-property-in-object", { "loose": false }]
to the "plugins" section of your Babel config.

If you already set the same 'loose' mode for these plugins in your config, it's possible that they are enabled multiple times with different options.
You can re-run Babel with the BABEL_SHOW_CONFIG_FOR environment variable to show the loaded configuration:
	npx cross-env BABEL_SHOW_CONFIG_FOR=/Users/Ajaya/Documents/TizenGitTVApp/node_modules/@mui/material/TableRow/tableRowClasses.js <your build command>
See https://babeljs.io/docs/configuration#print-effective-configs for more info.
Though the "loose" option was set to "true" in your @babel/preset-env config, it will not be used for @babel/plugin-transform-private-methods since the "loose" mode option was set to "false" for @babel/plugin-transform-private-property-in-object.
The "loose" option must be the same for @babel/plugin-transform-class-properties, @babel/plugin-transform-private-methods and @babel/plugin-transform-private-property-in-object (when they are enabled): you can silence this warning by explicitly adding
	["@babel/plugin-transform-private-methods", { "loose": false }]
to the "plugins" section of your Babel config.

If you already set the same 'loose' mode for these plugins in your config, it's possible that they are enabled multiple times with different options.
You can re-run Babel with the BABEL_SHOW_CONFIG_FOR environment variable to show the loaded configuration:
	npx cross-env BABEL_SHOW_CONFIG_FOR=/Users/Ajaya/Documents/TizenGitTVApp/node_modules/@mui/material/TableRow/tableRowClasses.js <your build command>
See https://babeljs.io/docs/configuration#print-effective-configs for more info.
Though the "loose" option was set to "true" in your @babel/preset-env config, it will not be used for @babel/plugin-transform-private-property-in-object since the "loose" mode option was set to "false" for @babel/plugin-transform-class-properties.
The "loose" option must be the same for @babel/plugin-transform-class-properties, @babel/plugin-transform-private-methods and @babel/plugin-transform-private-property-in-object (when they are enabled): you can silence this warning by explicitly adding
	["@babel/plugin-transform-private-property-in-object", { "loose": false }]
to the "plugins" section of your Babel config.

If you already set the same 'loose' mode for these plugins in your config, it's possible that they are enabled multiple times with different options.
You can re-run Babel with the BABEL_SHOW_CONFIG_FOR environment variable to show the loaded configuration:
	npx cross-env BABEL_SHOW_CONFIG_FOR=/Users/Ajaya/Documents/TizenGitTVApp/node_modules/@mui/material/TableRow/TableRow.js <your build command>
See https://babeljs.io/docs/configuration#print-effective-configs for more info.
Though the "loose" option was set to "true" in your @babel/preset-env config, it will not be used for @babel/plugin-transform-private-methods since the "loose" mode option was set to "false" for @babel/plugin-transform-private-property-in-object.
The "loose" option must be the same for @babel/plugin-transform-class-properties, @babel/plugin-transform-private-methods and @babel/plugin-transform-private-property-in-object (when they are enabled): you can silence this warning by explicitly adding
	["@babel/plugin-transform-private-methods", { "loose": false }]
to the "plugins" section of your Babel config.

If you already set the same 'loose' mode for these plugins in your config, it's possible that they are enabled multiple times with different options.
You can re-run Babel with the BABEL_SHOW_CONFIG_FOR environment variable to show the loaded configuration:
	npx cross-env BABEL_SHOW_CONFIG_FOR=/Users/Ajaya/Documents/TizenGitTVApp/node_modules/@mui/material/TableRow/TableRow.js <your build command>
See https://babeljs.io/docs/configuration#print-effective-configs for more info.
Though the "loose" option was set to "true" in your @babel/preset-env config, it will not be used for @babel/plugin-transform-private-property-in-object since the "loose" mode option was set to "false" for @babel/plugin-transform-class-properties.
The "loose" option must be the same for @babel/plugin-transform-class-properties, @babel/plugin-transform-private-methods and @babel/plugin-transform-private-property-in-object (when they are enabled): you can silence this warning by explicitly adding
	["@babel/plugin-transform-private-property-in-object", { "loose": false }]
to the "plugins" section of your Babel config.

If you already set the same 'loose' mode for these plugins in your config, it's possible that they are enabled multiple times with different options.
You can re-run Babel with the BABEL_SHOW_CONFIG_FOR environment variable to show the loaded configuration:
	npx cross-env BABEL_SHOW_CONFIG_FOR=/Users/Ajaya/Documents/TizenGitTVApp/node_modules/@mui/material/TableContainer/tableContainerClasses.js <your build command>
See https://babeljs.io/docs/configuration#print-effective-configs for more info.
Though the "loose" option was set to "true" in your @babel/preset-env config, it will not be used for @babel/plugin-transform-private-methods since the "loose" mode option was set to "false" for @babel/plugin-transform-private-property-in-object.
The "loose" option must be the same for @babel/plugin-transform-class-properties, @babel/plugin-transform-private-methods and @babel/plugin-transform-private-property-in-object (when they are enabled): you can silence this warning by explicitly adding
	["@babel/plugin-transform-private-methods", { "loose": false }]
to the "plugins" section of your Babel config.

If you already set the same 'loose' mode for these plugins in your config, it's possible that they are enabled multiple times with different options.
You can re-run Babel with the BABEL_SHOW_CONFIG_FOR environment variable to show the loaded configuration:
	npx cross-env BABEL_SHOW_CONFIG_FOR=/Users/Ajaya/Documents/TizenGitTVApp/node_modules/@mui/material/TableContainer/tableContainerClasses.js <your build command>
See https://babeljs.io/docs/configuration#print-effective-configs for more info.
Though the "loose" option was set to "true" in your @babel/preset-env config, it will not be used for @babel/plugin-transform-private-property-in-object since the "loose" mode option was set to "false" for @babel/plugin-transform-class-properties.
The "loose" option must be the same for @babel/plugin-transform-class-properties, @babel/plugin-transform-private-methods and @babel/plugin-transform-private-property-in-object (when they are enabled): you can silence this warning by explicitly adding
	["@babel/plugin-transform-private-property-in-object", { "loose": false }]
to the "plugins" section of your Babel config.

If you already set the same 'loose' mode for these plugins in your config, it's possible that they are enabled multiple times with different options.
You can re-run Babel with the BABEL_SHOW_CONFIG_FOR environment variable to show the loaded configuration:
	npx cross-env BABEL_SHOW_CONFIG_FOR=/Users/Ajaya/Documents/TizenGitTVApp/node_modules/@mui/material/TableContainer/TableContainer.js <your build command>
See https://babeljs.io/docs/configuration#print-effective-configs for more info.
Though the "loose" option was set to "true" in your @babel/preset-env config, it will not be used for @babel/plugin-transform-private-methods since the "loose" mode option was set to "false" for @babel/plugin-transform-private-property-in-object.
The "loose" option must be the same for @babel/plugin-transform-class-properties, @babel/plugin-transform-private-methods and @babel/plugin-transform-private-property-in-object (when they are enabled): you can silence this warning by explicitly adding
	["@babel/plugin-transform-private-methods", { "loose": false }]
to the "plugins" section of your Babel config.

If you already set the same 'loose' mode for these plugins in your config, it's possible that they are enabled multiple times with different options.
You can re-run Babel with the BABEL_SHOW_CONFIG_FOR environment variable to show the loaded configuration:
	npx cross-env BABEL_SHOW_CONFIG_FOR=/Users/Ajaya/Documents/TizenGitTVApp/node_modules/@mui/material/TableContainer/TableContainer.js <your build command>
See https://babeljs.io/docs/configuration#print-effective-configs for more info.
Though the "loose" option was set to "true" in your @babel/preset-env config, it will not be used for @babel/plugin-transform-private-property-in-object since the "loose" mode option was set to "false" for @babel/plugin-transform-class-properties.
The "loose" option must be the same for @babel/plugin-transform-class-properties, @babel/plugin-transform-private-methods and @babel/plugin-transform-private-property-in-object (when they are enabled): you can silence this warning by explicitly adding
	["@babel/plugin-transform-private-property-in-object", { "loose": false }]
to the "plugins" section of your Babel config.

If you already set the same 'loose' mode for these plugins in your config, it's possible that they are enabled multiple times with different options.
You can re-run Babel with the BABEL_SHOW_CONFIG_FOR environment variable to show the loaded configuration:
	npx cross-env BABEL_SHOW_CONFIG_FOR=/Users/Ajaya/Documents/TizenGitTVApp/node_modules/@mui/material/ToggleButtonGroup/ToggleButtonGroupButtonContext.js <your build command>
See https://babeljs.io/docs/configuration#print-effective-configs for more info.
Though the "loose" option was set to "true" in your @babel/preset-env config, it will not be used for @babel/plugin-transform-private-methods since the "loose" mode option was set to "false" for @babel/plugin-transform-private-property-in-object.
The "loose" option must be the same for @babel/plugin-transform-class-properties, @babel/plugin-transform-private-methods and @babel/plugin-transform-private-property-in-object (when they are enabled): you can silence this warning by explicitly adding
	["@babel/plugin-transform-private-methods", { "loose": false }]
to the "plugins" section of your Babel config.

If you already set the same 'loose' mode for these plugins in your config, it's possible that they are enabled multiple times with different options.
You can re-run Babel with the BABEL_SHOW_CONFIG_FOR environment variable to show the loaded configuration:
	npx cross-env BABEL_SHOW_CONFIG_FOR=/Users/Ajaya/Documents/TizenGitTVApp/node_modules/@mui/material/ToggleButtonGroup/ToggleButtonGroupButtonContext.js <your build command>
See https://babeljs.io/docs/configuration#print-effective-configs for more info.
Though the "loose" option was set to "true" in your @babel/preset-env config, it will not be used for @babel/plugin-transform-private-property-in-object since the "loose" mode option was set to "false" for @babel/plugin-transform-class-properties.
The "loose" option must be the same for @babel/plugin-transform-class-properties, @babel/plugin-transform-private-methods and @babel/plugin-transform-private-property-in-object (when they are enabled): you can silence this warning by explicitly adding
	["@babel/plugin-transform-private-property-in-object", { "loose": false }]
to the "plugins" section of your Babel config.

If you already set the same 'loose' mode for these plugins in your config, it's possible that they are enabled multiple times with different options.
You can re-run Babel with the BABEL_SHOW_CONFIG_FOR environment variable to show the loaded configuration:
	npx cross-env BABEL_SHOW_CONFIG_FOR=/Users/Ajaya/Documents/TizenGitTVApp/node_modules/@mui/material/ToggleButtonGroup/isValueSelected.js <your build command>
See https://babeljs.io/docs/configuration#print-effective-configs for more info.
Though the "loose" option was set to "true" in your @babel/preset-env config, it will not be used for @babel/plugin-transform-private-methods since the "loose" mode option was set to "false" for @babel/plugin-transform-private-property-in-object.
The "loose" option must be the same for @babel/plugin-transform-class-properties, @babel/plugin-transform-private-methods and @babel/plugin-transform-private-property-in-object (when they are enabled): you can silence this warning by explicitly adding
	["@babel/plugin-transform-private-methods", { "loose": false }]
to the "plugins" section of your Babel config.

If you already set the same 'loose' mode for these plugins in your config, it's possible that they are enabled multiple times with different options.
You can re-run Babel with the BABEL_SHOW_CONFIG_FOR environment variable to show the loaded configuration:
	npx cross-env BABEL_SHOW_CONFIG_FOR=/Users/Ajaya/Documents/TizenGitTVApp/node_modules/@mui/material/ToggleButtonGroup/isValueSelected.js <your build command>
See https://babeljs.io/docs/configuration#print-effective-configs for more info.
Though the "loose" option was set to "true" in your @babel/preset-env config, it will not be used for @babel/plugin-transform-private-property-in-object since the "loose" mode option was set to "false" for @babel/plugin-transform-class-properties.
The "loose" option must be the same for @babel/plugin-transform-class-properties, @babel/plugin-transform-private-methods and @babel/plugin-transform-private-property-in-object (when they are enabled): you can silence this warning by explicitly adding
	["@babel/plugin-transform-private-property-in-object", { "loose": false }]
to the "plugins" section of your Babel config.

If you already set the same 'loose' mode for these plugins in your config, it's possible that they are enabled multiple times with different options.
You can re-run Babel with the BABEL_SHOW_CONFIG_FOR environment variable to show the loaded configuration:
	npx cross-env BABEL_SHOW_CONFIG_FOR=/Users/Ajaya/Documents/TizenGitTVApp/node_modules/@mui/material/TableCell/tableCellClasses.js <your build command>
See https://babeljs.io/docs/configuration#print-effective-configs for more info.
Though the "loose" option was set to "true" in your @babel/preset-env config, it will not be used for @babel/plugin-transform-private-methods since the "loose" mode option was set to "false" for @babel/plugin-transform-private-property-in-object.
The "loose" option must be the same for @babel/plugin-transform-class-properties, @babel/plugin-transform-private-methods and @babel/plugin-transform-private-property-in-object (when they are enabled): you can silence this warning by explicitly adding
	["@babel/plugin-transform-private-methods", { "loose": false }]
to the "plugins" section of your Babel config.

If you already set the same 'loose' mode for these plugins in your config, it's possible that they are enabled multiple times with different options.
You can re-run Babel with the BABEL_SHOW_CONFIG_FOR environment variable to show the loaded configuration:
	npx cross-env BABEL_SHOW_CONFIG_FOR=/Users/Ajaya/Documents/TizenGitTVApp/node_modules/@mui/material/TableCell/tableCellClasses.js <your build command>
See https://babeljs.io/docs/configuration#print-effective-configs for more info.
Though the "loose" option was set to "true" in your @babel/preset-env config, it will not be used for @babel/plugin-transform-private-property-in-object since the "loose" mode option was set to "false" for @babel/plugin-transform-class-properties.
The "loose" option must be the same for @babel/plugin-transform-class-properties, @babel/plugin-transform-private-methods and @babel/plugin-transform-private-property-in-object (when they are enabled): you can silence this warning by explicitly adding
	["@babel/plugin-transform-private-property-in-object", { "loose": false }]
to the "plugins" section of your Babel config.

If you already set the same 'loose' mode for these plugins in your config, it's possible that they are enabled multiple times with different options.
You can re-run Babel with the BABEL_SHOW_CONFIG_FOR environment variable to show the loaded configuration:
	npx cross-env BABEL_SHOW_CONFIG_FOR=/Users/Ajaya/Documents/TizenGitTVApp/node_modules/@mui/material/TableCell/TableCell.js <your build command>
See https://babeljs.io/docs/configuration#print-effective-configs for more info.
Though the "loose" option was set to "true" in your @babel/preset-env config, it will not be used for @babel/plugin-transform-private-methods since the "loose" mode option was set to "false" for @babel/plugin-transform-private-property-in-object.
The "loose" option must be the same for @babel/plugin-transform-class-properties, @babel/plugin-transform-private-methods and @babel/plugin-transform-private-property-in-object (when they are enabled): you can silence this warning by explicitly adding
	["@babel/plugin-transform-private-methods", { "loose": false }]
to the "plugins" section of your Babel config.

If you already set the same 'loose' mode for these plugins in your config, it's possible that they are enabled multiple times with different options.
You can re-run Babel with the BABEL_SHOW_CONFIG_FOR environment variable to show the loaded configuration:
	npx cross-env BABEL_SHOW_CONFIG_FOR=/Users/Ajaya/Documents/TizenGitTVApp/node_modules/@mui/material/TableCell/TableCell.js <your build command>
See https://babeljs.io/docs/configuration#print-effective-configs for more info.
Though the "loose" option was set to "true" in your @babel/preset-env config, it will not be used for @babel/plugin-transform-private-property-in-object since the "loose" mode option was set to "false" for @babel/plugin-transform-class-properties.
The "loose" option must be the same for @babel/plugin-transform-class-properties, @babel/plugin-transform-private-methods and @babel/plugin-transform-private-property-in-object (when they are enabled): you can silence this warning by explicitly adding
	["@babel/plugin-transform-private-property-in-object", { "loose": false }]
to the "plugins" section of your Babel config.

If you already set the same 'loose' mode for these plugins in your config, it's possible that they are enabled multiple times with different options.
You can re-run Babel with the BABEL_SHOW_CONFIG_FOR environment variable to show the loaded configuration:
	npx cross-env BABEL_SHOW_CONFIG_FOR=/Users/Ajaya/Documents/TizenGitTVApp/node_modules/@mui/material/ToggleButtonGroup/ToggleButtonGroupContext.js <your build command>
See https://babeljs.io/docs/configuration#print-effective-configs for more info.
Though the "loose" option was set to "true" in your @babel/preset-env config, it will not be used for @babel/plugin-transform-private-methods since the "loose" mode option was set to "false" for @babel/plugin-transform-private-property-in-object.
The "loose" option must be the same for @babel/plugin-transform-class-properties, @babel/plugin-transform-private-methods and @babel/plugin-transform-private-property-in-object (when they are enabled): you can silence this warning by explicitly adding
	["@babel/plugin-transform-private-methods", { "loose": false }]
to the "plugins" section of your Babel config.

If you already set the same 'loose' mode for these plugins in your config, it's possible that they are enabled multiple times with different options.
You can re-run Babel with the BABEL_SHOW_CONFIG_FOR environment variable to show the loaded configuration:
	npx cross-env BABEL_SHOW_CONFIG_FOR=/Users/Ajaya/Documents/TizenGitTVApp/node_modules/@mui/material/ToggleButtonGroup/ToggleButtonGroupContext.js <your build command>
See https://babeljs.io/docs/configuration#print-effective-configs for more info.
Though the "loose" option was set to "true" in your @babel/preset-env config, it will not be used for @babel/plugin-transform-private-property-in-object since the "loose" mode option was set to "false" for @babel/plugin-transform-class-properties.
The "loose" option must be the same for @babel/plugin-transform-class-properties, @babel/plugin-transform-private-methods and @babel/plugin-transform-private-property-in-object (when they are enabled): you can silence this warning by explicitly adding
	["@babel/plugin-transform-private-property-in-object", { "loose": false }]
to the "plugins" section of your Babel config.

If you already set the same 'loose' mode for these plugins in your config, it's possible that they are enabled multiple times with different options.
You can re-run Babel with the BABEL_SHOW_CONFIG_FOR environment variable to show the loaded configuration:
	npx cross-env BABEL_SHOW_CONFIG_FOR=/Users/Ajaya/Documents/TizenGitTVApp/node_modules/@mui/material/SwipeableDrawer/SwipeableDrawer.js <your build command>
See https://babeljs.io/docs/configuration#print-effective-configs for more info.
Though the "loose" option was set to "true" in your @babel/preset-env config, it will not be used for @babel/plugin-transform-private-methods since the "loose" mode option was set to "false" for @babel/plugin-transform-private-property-in-object.
The "loose" option must be the same for @babel/plugin-transform-class-properties, @babel/plugin-transform-private-methods and @babel/plugin-transform-private-property-in-object (when they are enabled): you can silence this warning by explicitly adding
	["@babel/plugin-transform-private-methods", { "loose": false }]
to the "plugins" section of your Babel config.

If you already set the same 'loose' mode for these plugins in your config, it's possible that they are enabled multiple times with different options.
You can re-run Babel with the BABEL_SHOW_CONFIG_FOR environment variable to show the loaded configuration:
	npx cross-env BABEL_SHOW_CONFIG_FOR=/Users/Ajaya/Documents/TizenGitTVApp/node_modules/@mui/material/SwipeableDrawer/SwipeableDrawer.js <your build command>
See https://babeljs.io/docs/configuration#print-effective-configs for more info.
Though the "loose" option was set to "true" in your @babel/preset-env config, it will not be used for @babel/plugin-transform-private-property-in-object since the "loose" mode option was set to "false" for @babel/plugin-transform-class-properties.
The "loose" option must be the same for @babel/plugin-transform-class-properties, @babel/plugin-transform-private-methods and @babel/plugin-transform-private-property-in-object (when they are enabled): you can silence this warning by explicitly adding
	["@babel/plugin-transform-private-property-in-object", { "loose": false }]
to the "plugins" section of your Babel config.

If you already set the same 'loose' mode for these plugins in your config, it's possible that they are enabled multiple times with different options.
You can re-run Babel with the BABEL_SHOW_CONFIG_FOR environment variable to show the loaded configuration:
	npx cross-env BABEL_SHOW_CONFIG_FOR=/Users/Ajaya/Documents/TizenGitTVApp/node_modules/@mui/material/Tab/tabClasses.js <your build command>
See https://babeljs.io/docs/configuration#print-effective-configs for more info.
Though the "loose" option was set to "true" in your @babel/preset-env config, it will not be used for @babel/plugin-transform-private-methods since the "loose" mode option was set to "false" for @babel/plugin-transform-private-property-in-object.
The "loose" option must be the same for @babel/plugin-transform-class-properties, @babel/plugin-transform-private-methods and @babel/plugin-transform-private-property-in-object (when they are enabled): you can silence this warning by explicitly adding
	["@babel/plugin-transform-private-methods", { "loose": false }]
to the "plugins" section of your Babel config.

If you already set the same 'loose' mode for these plugins in your config, it's possible that they are enabled multiple times with different options.
You can re-run Babel with the BABEL_SHOW_CONFIG_FOR environment variable to show the loaded configuration:
	npx cross-env BABEL_SHOW_CONFIG_FOR=/Users/Ajaya/Documents/TizenGitTVApp/node_modules/@mui/material/Tab/tabClasses.js <your build command>
See https://babeljs.io/docs/configuration#print-effective-configs for more info.
Though the "loose" option was set to "true" in your @babel/preset-env config, it will not be used for @babel/plugin-transform-private-property-in-object since the "loose" mode option was set to "false" for @babel/plugin-transform-class-properties.
The "loose" option must be the same for @babel/plugin-transform-class-properties, @babel/plugin-transform-private-methods and @babel/plugin-transform-private-property-in-object (when they are enabled): you can silence this warning by explicitly adding
	["@babel/plugin-transform-private-property-in-object", { "loose": false }]
to the "plugins" section of your Babel config.

If you already set the same 'loose' mode for these plugins in your config, it's possible that they are enabled multiple times with different options.
You can re-run Babel with the BABEL_SHOW_CONFIG_FOR environment variable to show the loaded configuration:
	npx cross-env BABEL_SHOW_CONFIG_FOR=/Users/Ajaya/Documents/TizenGitTVApp/node_modules/@mui/material/Tab/Tab.js <your build command>
See https://babeljs.io/docs/configuration#print-effective-configs for more info.
Though the "loose" option was set to "true" in your @babel/preset-env config, it will not be used for @babel/plugin-transform-private-methods since the "loose" mode option was set to "false" for @babel/plugin-transform-private-property-in-object.
The "loose" option must be the same for @babel/plugin-transform-class-properties, @babel/plugin-transform-private-methods and @babel/plugin-transform-private-property-in-object (when they are enabled): you can silence this warning by explicitly adding
	["@babel/plugin-transform-private-methods", { "loose": false }]
to the "plugins" section of your Babel config.

If you already set the same 'loose' mode for these plugins in your config, it's possible that they are enabled multiple times with different options.
You can re-run Babel with the BABEL_SHOW_CONFIG_FOR environment variable to show the loaded configuration:
	npx cross-env BABEL_SHOW_CONFIG_FOR=/Users/Ajaya/Documents/TizenGitTVApp/node_modules/@mui/material/Tab/Tab.js <your build command>
See https://babeljs.io/docs/configuration#print-effective-configs for more info.
Though the "loose" option was set to "true" in your @babel/preset-env config, it will not be used for @babel/plugin-transform-private-property-in-object since the "loose" mode option was set to "false" for @babel/plugin-transform-class-properties.
The "loose" option must be the same for @babel/plugin-transform-class-properties, @babel/plugin-transform-private-methods and @babel/plugin-transform-private-property-in-object (when they are enabled): you can silence this warning by explicitly adding
	["@babel/plugin-transform-private-property-in-object", { "loose": false }]
to the "plugins" section of your Babel config.

If you already set the same 'loose' mode for these plugins in your config, it's possible that they are enabled multiple times with different options.
You can re-run Babel with the BABEL_SHOW_CONFIG_FOR environment variable to show the loaded configuration:
	npx cross-env BABEL_SHOW_CONFIG_FOR=/Users/Ajaya/Documents/TizenGitTVApp/node_modules/@mui/material/utils/createSimplePaletteValueFilter.js <your build command>
See https://babeljs.io/docs/configuration#print-effective-configs for more info.
Though the "loose" option was set to "true" in your @babel/preset-env config, it will not be used for @babel/plugin-transform-private-methods since the "loose" mode option was set to "false" for @babel/plugin-transform-private-property-in-object.
The "loose" option must be the same for @babel/plugin-transform-class-properties, @babel/plugin-transform-private-methods and @babel/plugin-transform-private-property-in-object (when they are enabled): you can silence this warning by explicitly adding
	["@babel/plugin-transform-private-methods", { "loose": false }]
to the "plugins" section of your Babel config.

If you already set the same 'loose' mode for these plugins in your config, it's possible that they are enabled multiple times with different options.
You can re-run Babel with the BABEL_SHOW_CONFIG_FOR environment variable to show the loaded configuration:
	npx cross-env BABEL_SHOW_CONFIG_FOR=/Users/Ajaya/Documents/TizenGitTVApp/node_modules/@mui/material/utils/createSimplePaletteValueFilter.js <your build command>
See https://babeljs.io/docs/configuration#print-effective-configs for more info.
Though the "loose" option was set to "true" in your @babel/preset-env config, it will not be used for @babel/plugin-transform-private-property-in-object since the "loose" mode option was set to "false" for @babel/plugin-transform-class-properties.
The "loose" option must be the same for @babel/plugin-transform-class-properties, @babel/plugin-transform-private-methods and @babel/plugin-transform-private-property-in-object (when they are enabled): you can silence this warning by explicitly adding
	["@babel/plugin-transform-private-property-in-object", { "loose": false }]
to the "plugins" section of your Babel config.

If you already set the same 'loose' mode for these plugins in your config, it's possible that they are enabled multiple times with different options.
You can re-run Babel with the BABEL_SHOW_CONFIG_FOR environment variable to show the loaded configuration:
	npx cross-env BABEL_SHOW_CONFIG_FOR=/Users/Ajaya/Documents/TizenGitTVApp/node_modules/@mui/material/utils/memoTheme.js <your build command>
See https://babeljs.io/docs/configuration#print-effective-configs for more info.
Though the "loose" option was set to "true" in your @babel/preset-env config, it will not be used for @babel/plugin-transform-private-methods since the "loose" mode option was set to "false" for @babel/plugin-transform-private-property-in-object.
The "loose" option must be the same for @babel/plugin-transform-class-properties, @babel/plugin-transform-private-methods and @babel/plugin-transform-private-property-in-object (when they are enabled): you can silence this warning by explicitly adding
	["@babel/plugin-transform-private-methods", { "loose": false }]
to the "plugins" section of your Babel config.

If you already set the same 'loose' mode for these plugins in your config, it's possible that they are enabled multiple times with different options.
You can re-run Babel with the BABEL_SHOW_CONFIG_FOR environment variable to show the loaded configuration:
	npx cross-env BABEL_SHOW_CONFIG_FOR=/Users/Ajaya/Documents/TizenGitTVApp/node_modules/@mui/material/utils/memoTheme.js <your build command>
See https://babeljs.io/docs/configuration#print-effective-configs for more info.
Though the "loose" option was set to "true" in your @babel/preset-env config, it will not be used for @babel/plugin-transform-private-property-in-object since the "loose" mode option was set to "false" for @babel/plugin-transform-class-properties.
The "loose" option must be the same for @babel/plugin-transform-class-properties, @babel/plugin-transform-private-methods and @babel/plugin-transform-private-property-in-object (when they are enabled): you can silence this warning by explicitly adding
	["@babel/plugin-transform-private-property-in-object", { "loose": false }]
to the "plugins" section of your Babel config.

If you already set the same 'loose' mode for these plugins in your config, it's possible that they are enabled multiple times with different options.
You can re-run Babel with the BABEL_SHOW_CONFIG_FOR environment variable to show the loaded configuration:
	npx cross-env BABEL_SHOW_CONFIG_FOR=/Users/Ajaya/Documents/TizenGitTVApp/node_modules/@mui/material/Table/Table.js <your build command>
See https://babeljs.io/docs/configuration#print-effective-configs for more info.
Though the "loose" option was set to "true" in your @babel/preset-env config, it will not be used for @babel/plugin-transform-private-methods since the "loose" mode option was set to "false" for @babel/plugin-transform-private-property-in-object.
The "loose" option must be the same for @babel/plugin-transform-class-properties, @babel/plugin-transform-private-methods and @babel/plugin-transform-private-property-in-object (when they are enabled): you can silence this warning by explicitly adding
	["@babel/plugin-transform-private-methods", { "loose": false }]
to the "plugins" section of your Babel config.

If you already set the same 'loose' mode for these plugins in your config, it's possible that they are enabled multiple times with different options.
You can re-run Babel with the BABEL_SHOW_CONFIG_FOR environment variable to show the loaded configuration:
	npx cross-env BABEL_SHOW_CONFIG_FOR=/Users/Ajaya/Documents/TizenGitTVApp/node_modules/@mui/material/Table/Table.js <your build command>
See https://babeljs.io/docs/configuration#print-effective-configs for more info.
Though the "loose" option was set to "true" in your @babel/preset-env config, it will not be used for @babel/plugin-transform-private-property-in-object since the "loose" mode option was set to "false" for @babel/plugin-transform-class-properties.
The "loose" option must be the same for @babel/plugin-transform-class-properties, @babel/plugin-transform-private-methods and @babel/plugin-transform-private-property-in-object (when they are enabled): you can silence this warning by explicitly adding
	["@babel/plugin-transform-private-property-in-object", { "loose": false }]
to the "plugins" section of your Babel config.

If you already set the same 'loose' mode for these plugins in your config, it's possible that they are enabled multiple times with different options.
You can re-run Babel with the BABEL_SHOW_CONFIG_FOR environment variable to show the loaded configuration:
	npx cross-env BABEL_SHOW_CONFIG_FOR=/Users/Ajaya/Documents/TizenGitTVApp/node_modules/@mui/material/Table/tableClasses.js <your build command>
See https://babeljs.io/docs/configuration#print-effective-configs for more info.
Though the "loose" option was set to "true" in your @babel/preset-env config, it will not be used for @babel/plugin-transform-private-methods since the "loose" mode option was set to "false" for @babel/plugin-transform-private-property-in-object.
The "loose" option must be the same for @babel/plugin-transform-class-properties, @babel/plugin-transform-private-methods and @babel/plugin-transform-private-property-in-object (when they are enabled): you can silence this warning by explicitly adding
	["@babel/plugin-transform-private-methods", { "loose": false }]
to the "plugins" section of your Babel config.

If you already set the same 'loose' mode for these plugins in your config, it's possible that they are enabled multiple times with different options.
You can re-run Babel with the BABEL_SHOW_CONFIG_FOR environment variable to show the loaded configuration:
	npx cross-env BABEL_SHOW_CONFIG_FOR=/Users/Ajaya/Documents/TizenGitTVApp/node_modules/@mui/material/Table/tableClasses.js <your build command>
See https://babeljs.io/docs/configuration#print-effective-configs for more info.
Though the "loose" option was set to "true" in your @babel/preset-env config, it will not be used for @babel/plugin-transform-private-property-in-object since the "loose" mode option was set to "false" for @babel/plugin-transform-class-properties.
The "loose" option must be the same for @babel/plugin-transform-class-properties, @babel/plugin-transform-private-methods and @babel/plugin-transform-private-property-in-object (when they are enabled): you can silence this warning by explicitly adding
	["@babel/plugin-transform-private-property-in-object", { "loose": false }]
to the "plugins" section of your Babel config.

If you already set the same 'loose' mode for these plugins in your config, it's possible that they are enabled multiple times with different options.
You can re-run Babel with the BABEL_SHOW_CONFIG_FOR environment variable to show the loaded configuration:
	npx cross-env BABEL_SHOW_CONFIG_FOR=/Users/Ajaya/Documents/TizenGitTVApp/node_modules/@mui/material/TableBody/tableBodyClasses.js <your build command>
See https://babeljs.io/docs/configuration#print-effective-configs for more info.
Though the "loose" option was set to "true" in your @babel/preset-env config, it will not be used for @babel/plugin-transform-private-methods since the "loose" mode option was set to "false" for @babel/plugin-transform-private-property-in-object.
The "loose" option must be the same for @babel/plugin-transform-class-properties, @babel/plugin-transform-private-methods and @babel/plugin-transform-private-property-in-object (when they are enabled): you can silence this warning by explicitly adding
	["@babel/plugin-transform-private-methods", { "loose": false }]
to the "plugins" section of your Babel config.

If you already set the same 'loose' mode for these plugins in your config, it's possible that they are enabled multiple times with different options.
You can re-run Babel with the BABEL_SHOW_CONFIG_FOR environment variable to show the loaded configuration:
	npx cross-env BABEL_SHOW_CONFIG_FOR=/Users/Ajaya/Documents/TizenGitTVApp/node_modules/@mui/material/TableBody/tableBodyClasses.js <your build command>
See https://babeljs.io/docs/configuration#print-effective-configs for more info.
Though the "loose" option was set to "true" in your @babel/preset-env config, it will not be used for @babel/plugin-transform-private-property-in-object since the "loose" mode option was set to "false" for @babel/plugin-transform-class-properties.
The "loose" option must be the same for @babel/plugin-transform-class-properties, @babel/plugin-transform-private-methods and @babel/plugin-transform-private-property-in-object (when they are enabled): you can silence this warning by explicitly adding
	["@babel/plugin-transform-private-property-in-object", { "loose": false }]
to the "plugins" section of your Babel config.

If you already set the same 'loose' mode for these plugins in your config, it's possible that they are enabled multiple times with different options.
You can re-run Babel with the BABEL_SHOW_CONFIG_FOR environment variable to show the loaded configuration:
	npx cross-env BABEL_SHOW_CONFIG_FOR=/Users/Ajaya/Documents/TizenGitTVApp/node_modules/@mui/material/TableBody/TableBody.js <your build command>
See https://babeljs.io/docs/configuration#print-effective-configs for more info.
Though the "loose" option was set to "true" in your @babel/preset-env config, it will not be used for @babel/plugin-transform-private-methods since the "loose" mode option was set to "false" for @babel/plugin-transform-private-property-in-object.
The "loose" option must be the same for @babel/plugin-transform-class-properties, @babel/plugin-transform-private-methods and @babel/plugin-transform-private-property-in-object (when they are enabled): you can silence this warning by explicitly adding
	["@babel/plugin-transform-private-methods", { "loose": false }]
to the "plugins" section of your Babel config.

If you already set the same 'loose' mode for these plugins in your config, it's possible that they are enabled multiple times with different options.
You can re-run Babel with the BABEL_SHOW_CONFIG_FOR environment variable to show the loaded configuration:
	npx cross-env BABEL_SHOW_CONFIG_FOR=/Users/Ajaya/Documents/TizenGitTVApp/node_modules/@mui/material/TableBody/TableBody.js <your build command>
See https://babeljs.io/docs/configuration#print-effective-configs for more info.
Though the "loose" option was set to "true" in your @babel/preset-env config, it will not be used for @babel/plugin-transform-private-property-in-object since the "loose" mode option was set to "false" for @babel/plugin-transform-class-properties.
The "loose" option must be the same for @babel/plugin-transform-class-properties, @babel/plugin-transform-private-methods and @babel/plugin-transform-private-property-in-object (when they are enabled): you can silence this warning by explicitly adding
	["@babel/plugin-transform-private-property-in-object", { "loose": false }]
to the "plugins" section of your Babel config.

If you already set the same 'loose' mode for these plugins in your config, it's possible that they are enabled multiple times with different options.
You can re-run Babel with the BABEL_SHOW_CONFIG_FOR environment variable to show the loaded configuration:
	npx cross-env BABEL_SHOW_CONFIG_FOR=/Users/Ajaya/Documents/TizenGitTVApp/node_modules/@mui/material/Switch/switchClasses.js <your build command>
See https://babeljs.io/docs/configuration#print-effective-configs for more info.
Though the "loose" option was set to "true" in your @babel/preset-env config, it will not be used for @babel/plugin-transform-private-methods since the "loose" mode option was set to "false" for @babel/plugin-transform-private-property-in-object.
The "loose" option must be the same for @babel/plugin-transform-class-properties, @babel/plugin-transform-private-methods and @babel/plugin-transform-private-property-in-object (when they are enabled): you can silence this warning by explicitly adding
	["@babel/plugin-transform-private-methods", { "loose": false }]
to the "plugins" section of your Babel config.

If you already set the same 'loose' mode for these plugins in your config, it's possible that they are enabled multiple times with different options.
You can re-run Babel with the BABEL_SHOW_CONFIG_FOR environment variable to show the loaded configuration:
	npx cross-env BABEL_SHOW_CONFIG_FOR=/Users/Ajaya/Documents/TizenGitTVApp/node_modules/@mui/material/Switch/switchClasses.js <your build command>
See https://babeljs.io/docs/configuration#print-effective-configs for more info.
Though the "loose" option was set to "true" in your @babel/preset-env config, it will not be used for @babel/plugin-transform-private-property-in-object since the "loose" mode option was set to "false" for @babel/plugin-transform-class-properties.
The "loose" option must be the same for @babel/plugin-transform-class-properties, @babel/plugin-transform-private-methods and @babel/plugin-transform-private-property-in-object (when they are enabled): you can silence this warning by explicitly adding
	["@babel/plugin-transform-private-property-in-object", { "loose": false }]
to the "plugins" section of your Babel config.

If you already set the same 'loose' mode for these plugins in your config, it's possible that they are enabled multiple times with different options.
You can re-run Babel with the BABEL_SHOW_CONFIG_FOR environment variable to show the loaded configuration:
	npx cross-env BABEL_SHOW_CONFIG_FOR=/Users/Ajaya/Documents/TizenGitTVApp/node_modules/@babel/runtime/helpers/superPropBase.js <your build command>
See https://babeljs.io/docs/configuration#print-effective-configs for more info.
Though the "loose" option was set to "true" in your @babel/preset-env config, it will not be used for @babel/plugin-transform-private-methods since the "loose" mode option was set to "false" for @babel/plugin-transform-private-property-in-object.
The "loose" option must be the same for @babel/plugin-transform-class-properties, @babel/plugin-transform-private-methods and @babel/plugin-transform-private-property-in-object (when they are enabled): you can silence this warning by explicitly adding
	["@babel/plugin-transform-private-methods", { "loose": false }]
to the "plugins" section of your Babel config.

If you already set the same 'loose' mode for these plugins in your config, it's possible that they are enabled multiple times with different options.
You can re-run Babel with the BABEL_SHOW_CONFIG_FOR environment variable to show the loaded configuration:
	npx cross-env BABEL_SHOW_CONFIG_FOR=/Users/Ajaya/Documents/TizenGitTVApp/node_modules/@babel/runtime/helpers/superPropBase.js <your build command>
See https://babeljs.io/docs/configuration#print-effective-configs for more info.
Though the "loose" option was set to "true" in your @babel/preset-env config, it will not be used for @babel/plugin-transform-private-property-in-object since the "loose" mode option was set to "false" for @babel/plugin-transform-class-properties.
The "loose" option must be the same for @babel/plugin-transform-class-properties, @babel/plugin-transform-private-methods and @babel/plugin-transform-private-property-in-object (when they are enabled): you can silence this warning by explicitly adding
	["@babel/plugin-transform-private-property-in-object", { "loose": false }]
to the "plugins" section of your Babel config.

If you already set the same 'loose' mode for these plugins in your config, it's possible that they are enabled multiple times with different options.
You can re-run Babel with the BABEL_SHOW_CONFIG_FOR environment variable to show the loaded configuration:
	npx cross-env BABEL_SHOW_CONFIG_FOR=/Users/Ajaya/Documents/TizenGitTVApp/node_modules/@mui/material/Switch/Switch.js <your build command>
See https://babeljs.io/docs/configuration#print-effective-configs for more info.
Though the "loose" option was set to "true" in your @babel/preset-env config, it will not be used for @babel/plugin-transform-private-methods since the "loose" mode option was set to "false" for @babel/plugin-transform-private-property-in-object.
The "loose" option must be the same for @babel/plugin-transform-class-properties, @babel/plugin-transform-private-methods and @babel/plugin-transform-private-property-in-object (when they are enabled): you can silence this warning by explicitly adding
	["@babel/plugin-transform-private-methods", { "loose": false }]
to the "plugins" section of your Babel config.

If you already set the same 'loose' mode for these plugins in your config, it's possible that they are enabled multiple times with different options.
You can re-run Babel with the BABEL_SHOW_CONFIG_FOR environment variable to show the loaded configuration:
	npx cross-env BABEL_SHOW_CONFIG_FOR=/Users/Ajaya/Documents/TizenGitTVApp/node_modules/@mui/material/Switch/Switch.js <your build command>
See https://babeljs.io/docs/configuration#print-effective-configs for more info.
Though the "loose" option was set to "true" in your @babel/preset-env config, it will not be used for @babel/plugin-transform-private-property-in-object since the "loose" mode option was set to "false" for @babel/plugin-transform-class-properties.
The "loose" option must be the same for @babel/plugin-transform-class-properties, @babel/plugin-transform-private-methods and @babel/plugin-transform-private-property-in-object (when they are enabled): you can silence this warning by explicitly adding
	["@babel/plugin-transform-private-property-in-object", { "loose": false }]
to the "plugins" section of your Babel config.

If you already set the same 'loose' mode for these plugins in your config, it's possible that they are enabled multiple times with different options.
You can re-run Babel with the BABEL_SHOW_CONFIG_FOR environment variable to show the loaded configuration:
	npx cross-env BABEL_SHOW_CONFIG_FOR=/Users/Ajaya/Documents/TizenGitTVApp/node_modules/@mui/material/Stepper/StepperContext.js <your build command>
See https://babeljs.io/docs/configuration#print-effective-configs for more info.
Though the "loose" option was set to "true" in your @babel/preset-env config, it will not be used for @babel/plugin-transform-private-methods since the "loose" mode option was set to "false" for @babel/plugin-transform-private-property-in-object.
The "loose" option must be the same for @babel/plugin-transform-class-properties, @babel/plugin-transform-private-methods and @babel/plugin-transform-private-property-in-object (when they are enabled): you can silence this warning by explicitly adding
	["@babel/plugin-transform-private-methods", { "loose": false }]
to the "plugins" section of your Babel config.

If you already set the same 'loose' mode for these plugins in your config, it's possible that they are enabled multiple times with different options.
You can re-run Babel with the BABEL_SHOW_CONFIG_FOR environment variable to show the loaded configuration:
	npx cross-env BABEL_SHOW_CONFIG_FOR=/Users/Ajaya/Documents/TizenGitTVApp/node_modules/@mui/material/Stepper/StepperContext.js <your build command>
See https://babeljs.io/docs/configuration#print-effective-configs for more info.
Though the "loose" option was set to "true" in your @babel/preset-env config, it will not be used for @babel/plugin-transform-private-property-in-object since the "loose" mode option was set to "false" for @babel/plugin-transform-class-properties.
The "loose" option must be the same for @babel/plugin-transform-class-properties, @babel/plugin-transform-private-methods and @babel/plugin-transform-private-property-in-object (when they are enabled): you can silence this warning by explicitly adding
	["@babel/plugin-transform-private-property-in-object", { "loose": false }]
to the "plugins" section of your Babel config.

If you already set the same 'loose' mode for these plugins in your config, it's possible that they are enabled multiple times with different options.
You can re-run Babel with the BABEL_SHOW_CONFIG_FOR environment variable to show the loaded configuration:
	npx cross-env BABEL_SHOW_CONFIG_FOR=/Users/Ajaya/Documents/TizenGitTVApp/node_modules/@mui/utils/generateUtilityClass/index.js <your build command>
See https://babeljs.io/docs/configuration#print-effective-configs for more info.
Though the "loose" option was set to "true" in your @babel/preset-env config, it will not be used for @babel/plugin-transform-private-methods since the "loose" mode option was set to "false" for @babel/plugin-transform-private-property-in-object.
The "loose" option must be the same for @babel/plugin-transform-class-properties, @babel/plugin-transform-private-methods and @babel/plugin-transform-private-property-in-object (when they are enabled): you can silence this warning by explicitly adding
	["@babel/plugin-transform-private-methods", { "loose": false }]
to the "plugins" section of your Babel config.

If you already set the same 'loose' mode for these plugins in your config, it's possible that they are enabled multiple times with different options.
You can re-run Babel with the BABEL_SHOW_CONFIG_FOR environment variable to show the loaded configuration:
	npx cross-env BABEL_SHOW_CONFIG_FOR=/Users/Ajaya/Documents/TizenGitTVApp/node_modules/@mui/utils/generateUtilityClass/index.js <your build command>
See https://babeljs.io/docs/configuration#print-effective-configs for more info.
Though the "loose" option was set to "true" in your @babel/preset-env config, it will not be used for @babel/plugin-transform-private-property-in-object since the "loose" mode option was set to "false" for @babel/plugin-transform-class-properties.
The "loose" option must be the same for @babel/plugin-transform-class-properties, @babel/plugin-transform-private-methods and @babel/plugin-transform-private-property-in-object (when they are enabled): you can silence this warning by explicitly adding
	["@babel/plugin-transform-private-property-in-object", { "loose": false }]
to the "plugins" section of your Babel config.

If you already set the same 'loose' mode for these plugins in your config, it's possible that they are enabled multiple times with different options.
You can re-run Babel with the BABEL_SHOW_CONFIG_FOR environment variable to show the loaded configuration:
	npx cross-env BABEL_SHOW_CONFIG_FOR=/Users/Ajaya/Documents/TizenGitTVApp/node_modules/@mui/utils/generateUtilityClasses/index.js <your build command>
See https://babeljs.io/docs/configuration#print-effective-configs for more info.
Though the "loose" option was set to "true" in your @babel/preset-env config, it will not be used for @babel/plugin-transform-private-methods since the "loose" mode option was set to "false" for @babel/plugin-transform-private-property-in-object.
The "loose" option must be the same for @babel/plugin-transform-class-properties, @babel/plugin-transform-private-methods and @babel/plugin-transform-private-property-in-object (when they are enabled): you can silence this warning by explicitly adding
	["@babel/plugin-transform-private-methods", { "loose": false }]
to the "plugins" section of your Babel config.

If you already set the same 'loose' mode for these plugins in your config, it's possible that they are enabled multiple times with different options.
You can re-run Babel with the BABEL_SHOW_CONFIG_FOR environment variable to show the loaded configuration:
	npx cross-env BABEL_SHOW_CONFIG_FOR=/Users/Ajaya/Documents/TizenGitTVApp/node_modules/@mui/utils/generateUtilityClasses/index.js <your build command>
See https://babeljs.io/docs/configuration#print-effective-configs for more info.
Though the "loose" option was set to "true" in your @babel/preset-env config, it will not be used for @babel/plugin-transform-private-property-in-object since the "loose" mode option was set to "false" for @babel/plugin-transform-class-properties.
The "loose" option must be the same for @babel/plugin-transform-class-properties, @babel/plugin-transform-private-methods and @babel/plugin-transform-private-property-in-object (when they are enabled): you can silence this warning by explicitly adding
	["@babel/plugin-transform-private-property-in-object", { "loose": false }]
to the "plugins" section of your Babel config.

If you already set the same 'loose' mode for these plugins in your config, it's possible that they are enabled multiple times with different options.
You can re-run Babel with the BABEL_SHOW_CONFIG_FOR environment variable to show the loaded configuration:
	npx cross-env BABEL_SHOW_CONFIG_FOR=/Users/Ajaya/Documents/TizenGitTVApp/node_modules/@babel/runtime/helpers/construct.js <your build command>
See https://babeljs.io/docs/configuration#print-effective-configs for more info.
Though the "loose" option was set to "true" in your @babel/preset-env config, it will not be used for @babel/plugin-transform-private-methods since the "loose" mode option was set to "false" for @babel/plugin-transform-private-property-in-object.
The "loose" option must be the same for @babel/plugin-transform-class-properties, @babel/plugin-transform-private-methods and @babel/plugin-transform-private-property-in-object (when they are enabled): you can silence this warning by explicitly adding
	["@babel/plugin-transform-private-methods", { "loose": false }]
to the "plugins" section of your Babel config.

If you already set the same 'loose' mode for these plugins in your config, it's possible that they are enabled multiple times with different options.
You can re-run Babel with the BABEL_SHOW_CONFIG_FOR environment variable to show the loaded configuration:
	npx cross-env BABEL_SHOW_CONFIG_FOR=/Users/Ajaya/Documents/TizenGitTVApp/node_modules/@babel/runtime/helpers/construct.js <your build command>
See https://babeljs.io/docs/configuration#print-effective-configs for more info.
Though the "loose" option was set to "true" in your @babel/preset-env config, it will not be used for @babel/plugin-transform-private-property-in-object since the "loose" mode option was set to "false" for @babel/plugin-transform-class-properties.
The "loose" option must be the same for @babel/plugin-transform-class-properties, @babel/plugin-transform-private-methods and @babel/plugin-transform-private-property-in-object (when they are enabled): you can silence this warning by explicitly adding
	["@babel/plugin-transform-private-property-in-object", { "loose": false }]
to the "plugins" section of your Babel config.

If you already set the same 'loose' mode for these plugins in your config, it's possible that they are enabled multiple times with different options.
You can re-run Babel with the BABEL_SHOW_CONFIG_FOR environment variable to show the loaded configuration:
	npx cross-env BABEL_SHOW_CONFIG_FOR=/Users/Ajaya/Documents/TizenGitTVApp/node_modules/@mui/material/StepIcon/stepIconClasses.js <your build command>
See https://babeljs.io/docs/configuration#print-effective-configs for more info.
Though the "loose" option was set to "true" in your @babel/preset-env config, it will not be used for @babel/plugin-transform-private-methods since the "loose" mode option was set to "false" for @babel/plugin-transform-private-property-in-object.
The "loose" option must be the same for @babel/plugin-transform-class-properties, @babel/plugin-transform-private-methods and @babel/plugin-transform-private-property-in-object (when they are enabled): you can silence this warning by explicitly adding
	["@babel/plugin-transform-private-methods", { "loose": false }]
to the "plugins" section of your Babel config.

If you already set the same 'loose' mode for these plugins in your config, it's possible that they are enabled multiple times with different options.
You can re-run Babel with the BABEL_SHOW_CONFIG_FOR environment variable to show the loaded configuration:
	npx cross-env BABEL_SHOW_CONFIG_FOR=/Users/Ajaya/Documents/TizenGitTVApp/node_modules/@mui/material/StepIcon/stepIconClasses.js <your build command>
See https://babeljs.io/docs/configuration#print-effective-configs for more info.
Though the "loose" option was set to "true" in your @babel/preset-env config, it will not be used for @babel/plugin-transform-private-property-in-object since the "loose" mode option was set to "false" for @babel/plugin-transform-class-properties.
The "loose" option must be the same for @babel/plugin-transform-class-properties, @babel/plugin-transform-private-methods and @babel/plugin-transform-private-property-in-object (when they are enabled): you can silence this warning by explicitly adding
	["@babel/plugin-transform-private-property-in-object", { "loose": false }]
to the "plugins" section of your Babel config.

If you already set the same 'loose' mode for these plugins in your config, it's possible that they are enabled multiple times with different options.
You can re-run Babel with the BABEL_SHOW_CONFIG_FOR environment variable to show the loaded configuration:
	npx cross-env BABEL_SHOW_CONFIG_FOR=/Users/Ajaya/Documents/TizenGitTVApp/node_modules/@babel/runtime/helpers/isNativeFunction.js <your build command>
See https://babeljs.io/docs/configuration#print-effective-configs for more info.
Though the "loose" option was set to "true" in your @babel/preset-env config, it will not be used for @babel/plugin-transform-private-methods since the "loose" mode option was set to "false" for @babel/plugin-transform-private-property-in-object.
The "loose" option must be the same for @babel/plugin-transform-class-properties, @babel/plugin-transform-private-methods and @babel/plugin-transform-private-property-in-object (when they are enabled): you can silence this warning by explicitly adding
	["@babel/plugin-transform-private-methods", { "loose": false }]
to the "plugins" section of your Babel config.

If you already set the same 'loose' mode for these plugins in your config, it's possible that they are enabled multiple times with different options.
You can re-run Babel with the BABEL_SHOW_CONFIG_FOR environment variable to show the loaded configuration:
	npx cross-env BABEL_SHOW_CONFIG_FOR=/Users/Ajaya/Documents/TizenGitTVApp/node_modules/@babel/runtime/helpers/isNativeFunction.js <your build command>
See https://babeljs.io/docs/configuration#print-effective-configs for more info.
Though the "loose" option was set to "true" in your @babel/preset-env config, it will not be used for @babel/plugin-transform-private-property-in-object since the "loose" mode option was set to "false" for @babel/plugin-transform-class-properties.
The "loose" option must be the same for @babel/plugin-transform-class-properties, @babel/plugin-transform-private-methods and @babel/plugin-transform-private-property-in-object (when they are enabled): you can silence this warning by explicitly adding
	["@babel/plugin-transform-private-property-in-object", { "loose": false }]
to the "plugins" section of your Babel config.

If you already set the same 'loose' mode for these plugins in your config, it's possible that they are enabled multiple times with different options.
You can re-run Babel with the BABEL_SHOW_CONFIG_FOR environment variable to show the loaded configuration:
	npx cross-env BABEL_SHOW_CONFIG_FOR=/Users/Ajaya/Documents/TizenGitTVApp/node_modules/@mui/material/StepIcon/StepIcon.js <your build command>
See https://babeljs.io/docs/configuration#print-effective-configs for more info.
Though the "loose" option was set to "true" in your @babel/preset-env config, it will not be used for @babel/plugin-transform-private-methods since the "loose" mode option was set to "false" for @babel/plugin-transform-private-property-in-object.
The "loose" option must be the same for @babel/plugin-transform-class-properties, @babel/plugin-transform-private-methods and @babel/plugin-transform-private-property-in-object (when they are enabled): you can silence this warning by explicitly adding
	["@babel/plugin-transform-private-methods", { "loose": false }]
to the "plugins" section of your Babel config.

If you already set the same 'loose' mode for these plugins in your config, it's possible that they are enabled multiple times with different options.
You can re-run Babel with the BABEL_SHOW_CONFIG_FOR environment variable to show the loaded configuration:
	npx cross-env BABEL_SHOW_CONFIG_FOR=/Users/Ajaya/Documents/TizenGitTVApp/node_modules/@mui/material/StepIcon/StepIcon.js <your build command>
See https://babeljs.io/docs/configuration#print-effective-configs for more info.
Though the "loose" option was set to "true" in your @babel/preset-env config, it will not be used for @babel/plugin-transform-private-property-in-object since the "loose" mode option was set to "false" for @babel/plugin-transform-class-properties.
The "loose" option must be the same for @babel/plugin-transform-class-properties, @babel/plugin-transform-private-methods and @babel/plugin-transform-private-property-in-object (when they are enabled): you can silence this warning by explicitly adding
	["@babel/plugin-transform-private-property-in-object", { "loose": false }]
to the "plugins" section of your Babel config.

If you already set the same 'loose' mode for these plugins in your config, it's possible that they are enabled multiple times with different options.
You can re-run Babel with the BABEL_SHOW_CONFIG_FOR environment variable to show the loaded configuration:
	npx cross-env BABEL_SHOW_CONFIG_FOR=/Users/Ajaya/Documents/TizenGitTVApp/node_modules/@babel/runtime/helpers/objectWithoutProperties.js <your build command>
See https://babeljs.io/docs/configuration#print-effective-configs for more info.
Though the "loose" option was set to "true" in your @babel/preset-env config, it will not be used for @babel/plugin-transform-private-methods since the "loose" mode option was set to "false" for @babel/plugin-transform-private-property-in-object.
The "loose" option must be the same for @babel/plugin-transform-class-properties, @babel/plugin-transform-private-methods and @babel/plugin-transform-private-property-in-object (when they are enabled): you can silence this warning by explicitly adding
	["@babel/plugin-transform-private-methods", { "loose": false }]
to the "plugins" section of your Babel config.

If you already set the same 'loose' mode for these plugins in your config, it's possible that they are enabled multiple times with different options.
You can re-run Babel with the BABEL_SHOW_CONFIG_FOR environment variable to show the loaded configuration:
	npx cross-env BABEL_SHOW_CONFIG_FOR=/Users/Ajaya/Documents/TizenGitTVApp/node_modules/@babel/runtime/helpers/objectWithoutProperties.js <your build command>
See https://babeljs.io/docs/configuration#print-effective-configs for more info.
Though the "loose" option was set to "true" in your @babel/preset-env config, it will not be used for @babel/plugin-transform-private-property-in-object since the "loose" mode option was set to "false" for @babel/plugin-transform-class-properties.
The "loose" option must be the same for @babel/plugin-transform-class-properties, @babel/plugin-transform-private-methods and @babel/plugin-transform-private-property-in-object (when they are enabled): you can silence this warning by explicitly adding
	["@babel/plugin-transform-private-property-in-object", { "loose": false }]
to the "plugins" section of your Babel config.

If you already set the same 'loose' mode for these plugins in your config, it's possible that they are enabled multiple times with different options.
You can re-run Babel with the BABEL_SHOW_CONFIG_FOR environment variable to show the loaded configuration:
	npx cross-env BABEL_SHOW_CONFIG_FOR=/Users/Ajaya/Documents/TizenGitTVApp/node_modules/@mui/material/utils/useForkRef.js <your build command>
See https://babeljs.io/docs/configuration#print-effective-configs for more info.
Though the "loose" option was set to "true" in your @babel/preset-env config, it will not be used for @babel/plugin-transform-private-methods since the "loose" mode option was set to "false" for @babel/plugin-transform-private-property-in-object.
The "loose" option must be the same for @babel/plugin-transform-class-properties, @babel/plugin-transform-private-methods and @babel/plugin-transform-private-property-in-object (when they are enabled): you can silence this warning by explicitly adding
	["@babel/plugin-transform-private-methods", { "loose": false }]
to the "plugins" section of your Babel config.

If you already set the same 'loose' mode for these plugins in your config, it's possible that they are enabled multiple times with different options.
You can re-run Babel with the BABEL_SHOW_CONFIG_FOR environment variable to show the loaded configuration:
	npx cross-env BABEL_SHOW_CONFIG_FOR=/Users/Ajaya/Documents/TizenGitTVApp/node_modules/@mui/material/utils/useForkRef.js <your build command>
See https://babeljs.io/docs/configuration#print-effective-configs for more info.
Though the "loose" option was set to "true" in your @babel/preset-env config, it will not be used for @babel/plugin-transform-private-property-in-object since the "loose" mode option was set to "false" for @babel/plugin-transform-class-properties.
The "loose" option must be the same for @babel/plugin-transform-class-properties, @babel/plugin-transform-private-methods and @babel/plugin-transform-private-property-in-object (when they are enabled): you can silence this warning by explicitly adding
	["@babel/plugin-transform-private-property-in-object", { "loose": false }]
to the "plugins" section of your Babel config.

If you already set the same 'loose' mode for these plugins in your config, it's possible that they are enabled multiple times with different options.
You can re-run Babel with the BABEL_SHOW_CONFIG_FOR environment variable to show the loaded configuration:
	npx cross-env BABEL_SHOW_CONFIG_FOR=/Users/Ajaya/Documents/TizenGitTVApp/node_modules/@mui/material/styles/defaultTheme.js <your build command>
See https://babeljs.io/docs/configuration#print-effective-configs for more info.
Though the "loose" option was set to "true" in your @babel/preset-env config, it will not be used for @babel/plugin-transform-private-methods since the "loose" mode option was set to "false" for @babel/plugin-transform-private-property-in-object.
The "loose" option must be the same for @babel/plugin-transform-class-properties, @babel/plugin-transform-private-methods and @babel/plugin-transform-private-property-in-object (when they are enabled): you can silence this warning by explicitly adding
	["@babel/plugin-transform-private-methods", { "loose": false }]
to the "plugins" section of your Babel config.

If you already set the same 'loose' mode for these plugins in your config, it's possible that they are enabled multiple times with different options.
You can re-run Babel with the BABEL_SHOW_CONFIG_FOR environment variable to show the loaded configuration:
	npx cross-env BABEL_SHOW_CONFIG_FOR=/Users/Ajaya/Documents/TizenGitTVApp/node_modules/@mui/material/styles/defaultTheme.js <your build command>
See https://babeljs.io/docs/configuration#print-effective-configs for more info.
Though the "loose" option was set to "true" in your @babel/preset-env config, it will not be used for @babel/plugin-transform-private-property-in-object since the "loose" mode option was set to "false" for @babel/plugin-transform-class-properties.
The "loose" option must be the same for @babel/plugin-transform-class-properties, @babel/plugin-transform-private-methods and @babel/plugin-transform-private-property-in-object (when they are enabled): you can silence this warning by explicitly adding
	["@babel/plugin-transform-private-property-in-object", { "loose": false }]
to the "plugins" section of your Babel config.

If you already set the same 'loose' mode for these plugins in your config, it's possible that they are enabled multiple times with different options.
You can re-run Babel with the BABEL_SHOW_CONFIG_FOR environment variable to show the loaded configuration:
	npx cross-env BABEL_SHOW_CONFIG_FOR=/Users/Ajaya/Documents/TizenGitTVApp/node_modules/@mui/material/utils/useSlot.js <your build command>
See https://babeljs.io/docs/configuration#print-effective-configs for more info.
Though the "loose" option was set to "true" in your @babel/preset-env config, it will not be used for @babel/plugin-transform-private-methods since the "loose" mode option was set to "false" for @babel/plugin-transform-private-property-in-object.
The "loose" option must be the same for @babel/plugin-transform-class-properties, @babel/plugin-transform-private-methods and @babel/plugin-transform-private-property-in-object (when they are enabled): you can silence this warning by explicitly adding
	["@babel/plugin-transform-private-methods", { "loose": false }]
to the "plugins" section of your Babel config.

If you already set the same 'loose' mode for these plugins in your config, it's possible that they are enabled multiple times with different options.
You can re-run Babel with the BABEL_SHOW_CONFIG_FOR environment variable to show the loaded configuration:
	npx cross-env BABEL_SHOW_CONFIG_FOR=/Users/Ajaya/Documents/TizenGitTVApp/node_modules/@mui/material/utils/useSlot.js <your build command>
See https://babeljs.io/docs/configuration#print-effective-configs for more info.
Though the "loose" option was set to "true" in your @babel/preset-env config, it will not be used for @babel/plugin-transform-private-property-in-object since the "loose" mode option was set to "false" for @babel/plugin-transform-class-properties.
The "loose" option must be the same for @babel/plugin-transform-class-properties, @babel/plugin-transform-private-methods and @babel/plugin-transform-private-property-in-object (when they are enabled): you can silence this warning by explicitly adding
	["@babel/plugin-transform-private-property-in-object", { "loose": false }]
to the "plugins" section of your Babel config.

If you already set the same 'loose' mode for these plugins in your config, it's possible that they are enabled multiple times with different options.
You can re-run Babel with the BABEL_SHOW_CONFIG_FOR environment variable to show the loaded configuration:
	npx cross-env BABEL_SHOW_CONFIG_FOR=/Users/Ajaya/Documents/TizenGitTVApp/node_modules/@mui/material/SpeedDial/SpeedDial.js <your build command>
See https://babeljs.io/docs/configuration#print-effective-configs for more info.
Though the "loose" option was set to "true" in your @babel/preset-env config, it will not be used for @babel/plugin-transform-private-methods since the "loose" mode option was set to "false" for @babel/plugin-transform-private-property-in-object.
The "loose" option must be the same for @babel/plugin-transform-class-properties, @babel/plugin-transform-private-methods and @babel/plugin-transform-private-property-in-object (when they are enabled): you can silence this warning by explicitly adding
	["@babel/plugin-transform-private-methods", { "loose": false }]
to the "plugins" section of your Babel config.

If you already set the same 'loose' mode for these plugins in your config, it's possible that they are enabled multiple times with different options.
You can re-run Babel with the BABEL_SHOW_CONFIG_FOR environment variable to show the loaded configuration:
	npx cross-env BABEL_SHOW_CONFIG_FOR=/Users/Ajaya/Documents/TizenGitTVApp/node_modules/@mui/material/SpeedDial/SpeedDial.js <your build command>
See https://babeljs.io/docs/configuration#print-effective-configs for more info.
Though the "loose" option was set to "true" in your @babel/preset-env config, it will not be used for @babel/plugin-transform-private-property-in-object since the "loose" mode option was set to "false" for @babel/plugin-transform-class-properties.
The "loose" option must be the same for @babel/plugin-transform-class-properties, @babel/plugin-transform-private-methods and @babel/plugin-transform-private-property-in-object (when they are enabled): you can silence this warning by explicitly adding
	["@babel/plugin-transform-private-property-in-object", { "loose": false }]
to the "plugins" section of your Babel config.

If you already set the same 'loose' mode for these plugins in your config, it's possible that they are enabled multiple times with different options.
You can re-run Babel with the BABEL_SHOW_CONFIG_FOR environment variable to show the loaded configuration:
	npx cross-env BABEL_SHOW_CONFIG_FOR=/Users/Ajaya/Documents/TizenGitTVApp/node_modules/@mui/material/Snackbar/snackbarClasses.js <your build command>
See https://babeljs.io/docs/configuration#print-effective-configs for more info.
Though the "loose" option was set to "true" in your @babel/preset-env config, it will not be used for @babel/plugin-transform-private-methods since the "loose" mode option was set to "false" for @babel/plugin-transform-private-property-in-object.
The "loose" option must be the same for @babel/plugin-transform-class-properties, @babel/plugin-transform-private-methods and @babel/plugin-transform-private-property-in-object (when they are enabled): you can silence this warning by explicitly adding
	["@babel/plugin-transform-private-methods", { "loose": false }]
to the "plugins" section of your Babel config.

If you already set the same 'loose' mode for these plugins in your config, it's possible that they are enabled multiple times with different options.
You can re-run Babel with the BABEL_SHOW_CONFIG_FOR environment variable to show the loaded configuration:
	npx cross-env BABEL_SHOW_CONFIG_FOR=/Users/Ajaya/Documents/TizenGitTVApp/node_modules/@mui/material/Snackbar/snackbarClasses.js <your build command>
See https://babeljs.io/docs/configuration#print-effective-configs for more info.
Though the "loose" option was set to "true" in your @babel/preset-env config, it will not be used for @babel/plugin-transform-private-property-in-object since the "loose" mode option was set to "false" for @babel/plugin-transform-class-properties.
The "loose" option must be the same for @babel/plugin-transform-class-properties, @babel/plugin-transform-private-methods and @babel/plugin-transform-private-property-in-object (when they are enabled): you can silence this warning by explicitly adding
	["@babel/plugin-transform-private-property-in-object", { "loose": false }]
to the "plugins" section of your Babel config.

If you already set the same 'loose' mode for these plugins in your config, it's possible that they are enabled multiple times with different options.
You can re-run Babel with the BABEL_SHOW_CONFIG_FOR environment variable to show the loaded configuration:
	npx cross-env BABEL_SHOW_CONFIG_FOR=/Users/Ajaya/Documents/TizenGitTVApp/node_modules/@mui/material/SpeedDial/speedDialClasses.js <your build command>
See https://babeljs.io/docs/configuration#print-effective-configs for more info.
Though the "loose" option was set to "true" in your @babel/preset-env config, it will not be used for @babel/plugin-transform-private-methods since the "loose" mode option was set to "false" for @babel/plugin-transform-private-property-in-object.
The "loose" option must be the same for @babel/plugin-transform-class-properties, @babel/plugin-transform-private-methods and @babel/plugin-transform-private-property-in-object (when they are enabled): you can silence this warning by explicitly adding
	["@babel/plugin-transform-private-methods", { "loose": false }]
to the "plugins" section of your Babel config.

If you already set the same 'loose' mode for these plugins in your config, it's possible that they are enabled multiple times with different options.
You can re-run Babel with the BABEL_SHOW_CONFIG_FOR environment variable to show the loaded configuration:
	npx cross-env BABEL_SHOW_CONFIG_FOR=/Users/Ajaya/Documents/TizenGitTVApp/node_modules/@mui/material/SpeedDial/speedDialClasses.js <your build command>
See https://babeljs.io/docs/configuration#print-effective-configs for more info.
Though the "loose" option was set to "true" in your @babel/preset-env config, it will not be used for @babel/plugin-transform-private-property-in-object since the "loose" mode option was set to "false" for @babel/plugin-transform-class-properties.
The "loose" option must be the same for @babel/plugin-transform-class-properties, @babel/plugin-transform-private-methods and @babel/plugin-transform-private-property-in-object (when they are enabled): you can silence this warning by explicitly adding
	["@babel/plugin-transform-private-property-in-object", { "loose": false }]
to the "plugins" section of your Babel config.

If you already set the same 'loose' mode for these plugins in your config, it's possible that they are enabled multiple times with different options.
You can re-run Babel with the BABEL_SHOW_CONFIG_FOR environment variable to show the loaded configuration:
	npx cross-env BABEL_SHOW_CONFIG_FOR=/Users/Ajaya/Documents/TizenGitTVApp/node_modules/@mui/material/Snackbar/Snackbar.js <your build command>
See https://babeljs.io/docs/configuration#print-effective-configs for more info.
Though the "loose" option was set to "true" in your @babel/preset-env config, it will not be used for @babel/plugin-transform-private-methods since the "loose" mode option was set to "false" for @babel/plugin-transform-private-property-in-object.
The "loose" option must be the same for @babel/plugin-transform-class-properties, @babel/plugin-transform-private-methods and @babel/plugin-transform-private-property-in-object (when they are enabled): you can silence this warning by explicitly adding
	["@babel/plugin-transform-private-methods", { "loose": false }]
to the "plugins" section of your Babel config.

If you already set the same 'loose' mode for these plugins in your config, it's possible that they are enabled multiple times with different options.
You can re-run Babel with the BABEL_SHOW_CONFIG_FOR environment variable to show the loaded configuration:
	npx cross-env BABEL_SHOW_CONFIG_FOR=/Users/Ajaya/Documents/TizenGitTVApp/node_modules/@mui/material/Snackbar/Snackbar.js <your build command>
See https://babeljs.io/docs/configuration#print-effective-configs for more info.
Though the "loose" option was set to "true" in your @babel/preset-env config, it will not be used for @babel/plugin-transform-private-property-in-object since the "loose" mode option was set to "false" for @babel/plugin-transform-class-properties.
The "loose" option must be the same for @babel/plugin-transform-class-properties, @babel/plugin-transform-private-methods and @babel/plugin-transform-private-property-in-object (when they are enabled): you can silence this warning by explicitly adding
	["@babel/plugin-transform-private-property-in-object", { "loose": false }]
to the "plugins" section of your Babel config.

If you already set the same 'loose' mode for these plugins in your config, it's possible that they are enabled multiple times with different options.
You can re-run Babel with the BABEL_SHOW_CONFIG_FOR environment variable to show the loaded configuration:
	npx cross-env BABEL_SHOW_CONFIG_FOR=/Users/Ajaya/Documents/TizenGitTVApp/node_modules/@mui/material/transitions/utils.js <your build command>
See https://babeljs.io/docs/configuration#print-effective-configs for more info.
Though the "loose" option was set to "true" in your @babel/preset-env config, it will not be used for @babel/plugin-transform-private-methods since the "loose" mode option was set to "false" for @babel/plugin-transform-private-property-in-object.
The "loose" option must be the same for @babel/plugin-transform-class-properties, @babel/plugin-transform-private-methods and @babel/plugin-transform-private-property-in-object (when they are enabled): you can silence this warning by explicitly adding
	["@babel/plugin-transform-private-methods", { "loose": false }]
to the "plugins" section of your Babel config.

If you already set the same 'loose' mode for these plugins in your config, it's possible that they are enabled multiple times with different options.
You can re-run Babel with the BABEL_SHOW_CONFIG_FOR environment variable to show the loaded configuration:
	npx cross-env BABEL_SHOW_CONFIG_FOR=/Users/Ajaya/Documents/TizenGitTVApp/node_modules/@mui/material/transitions/utils.js <your build command>
See https://babeljs.io/docs/configuration#print-effective-configs for more info.
Though the "loose" option was set to "true" in your @babel/preset-env config, it will not be used for @babel/plugin-transform-private-property-in-object since the "loose" mode option was set to "false" for @babel/plugin-transform-class-properties.
The "loose" option must be the same for @babel/plugin-transform-class-properties, @babel/plugin-transform-private-methods and @babel/plugin-transform-private-property-in-object (when they are enabled): you can silence this warning by explicitly adding
	["@babel/plugin-transform-private-property-in-object", { "loose": false }]
to the "plugins" section of your Babel config.

If you already set the same 'loose' mode for these plugins in your config, it's possible that they are enabled multiple times with different options.
You can re-run Babel with the BABEL_SHOW_CONFIG_FOR environment variable to show the loaded configuration:
	npx cross-env BABEL_SHOW_CONFIG_FOR=/Users/Ajaya/Documents/TizenGitTVApp/node_modules/@mui/material/SnackbarContent/snackbarContentClasses.js <your build command>
See https://babeljs.io/docs/configuration#print-effective-configs for more info.
Though the "loose" option was set to "true" in your @babel/preset-env config, it will not be used for @babel/plugin-transform-private-methods since the "loose" mode option was set to "false" for @babel/plugin-transform-private-property-in-object.
The "loose" option must be the same for @babel/plugin-transform-class-properties, @babel/plugin-transform-private-methods and @babel/plugin-transform-private-property-in-object (when they are enabled): you can silence this warning by explicitly adding
	["@babel/plugin-transform-private-methods", { "loose": false }]
to the "plugins" section of your Babel config.

If you already set the same 'loose' mode for these plugins in your config, it's possible that they are enabled multiple times with different options.
You can re-run Babel with the BABEL_SHOW_CONFIG_FOR environment variable to show the loaded configuration:
	npx cross-env BABEL_SHOW_CONFIG_FOR=/Users/Ajaya/Documents/TizenGitTVApp/node_modules/@mui/material/SnackbarContent/snackbarContentClasses.js <your build command>
See https://babeljs.io/docs/configuration#print-effective-configs for more info.
Though the "loose" option was set to "true" in your @babel/preset-env config, it will not be used for @babel/plugin-transform-private-property-in-object since the "loose" mode option was set to "false" for @babel/plugin-transform-class-properties.
The "loose" option must be the same for @babel/plugin-transform-class-properties, @babel/plugin-transform-private-methods and @babel/plugin-transform-private-property-in-object (when they are enabled): you can silence this warning by explicitly adding
	["@babel/plugin-transform-private-property-in-object", { "loose": false }]
to the "plugins" section of your Babel config.

If you already set the same 'loose' mode for these plugins in your config, it's possible that they are enabled multiple times with different options.
You can re-run Babel with the BABEL_SHOW_CONFIG_FOR environment variable to show the loaded configuration:
	npx cross-env BABEL_SHOW_CONFIG_FOR=/Users/Ajaya/Documents/TizenGitTVApp/node_modules/@mui/material/SpeedDialAction/SpeedDialAction.js <your build command>
See https://babeljs.io/docs/configuration#print-effective-configs for more info.
Though the "loose" option was set to "true" in your @babel/preset-env config, it will not be used for @babel/plugin-transform-private-methods since the "loose" mode option was set to "false" for @babel/plugin-transform-private-property-in-object.
The "loose" option must be the same for @babel/plugin-transform-class-properties, @babel/plugin-transform-private-methods and @babel/plugin-transform-private-property-in-object (when they are enabled): you can silence this warning by explicitly adding
	["@babel/plugin-transform-private-methods", { "loose": false }]
to the "plugins" section of your Babel config.

If you already set the same 'loose' mode for these plugins in your config, it's possible that they are enabled multiple times with different options.
You can re-run Babel with the BABEL_SHOW_CONFIG_FOR environment variable to show the loaded configuration:
	npx cross-env BABEL_SHOW_CONFIG_FOR=/Users/Ajaya/Documents/TizenGitTVApp/node_modules/@mui/material/SpeedDialAction/SpeedDialAction.js <your build command>
See https://babeljs.io/docs/configuration#print-effective-configs for more info.
Though the "loose" option was set to "true" in your @babel/preset-env config, it will not be used for @babel/plugin-transform-private-property-in-object since the "loose" mode option was set to "false" for @babel/plugin-transform-class-properties.
The "loose" option must be the same for @babel/plugin-transform-class-properties, @babel/plugin-transform-private-methods and @babel/plugin-transform-private-property-in-object (when they are enabled): you can silence this warning by explicitly adding
	["@babel/plugin-transform-private-property-in-object", { "loose": false }]
to the "plugins" section of your Babel config.

If you already set the same 'loose' mode for these plugins in your config, it's possible that they are enabled multiple times with different options.
You can re-run Babel with the BABEL_SHOW_CONFIG_FOR environment variable to show the loaded configuration:
	npx cross-env BABEL_SHOW_CONFIG_FOR=/Users/Ajaya/Documents/TizenGitTVApp/node_modules/@mui/material/SpeedDialAction/speedDialActionClasses.js <your build command>
See https://babeljs.io/docs/configuration#print-effective-configs for more info.
Though the "loose" option was set to "true" in your @babel/preset-env config, it will not be used for @babel/plugin-transform-private-methods since the "loose" mode option was set to "false" for @babel/plugin-transform-private-property-in-object.
The "loose" option must be the same for @babel/plugin-transform-class-properties, @babel/plugin-transform-private-methods and @babel/plugin-transform-private-property-in-object (when they are enabled): you can silence this warning by explicitly adding
	["@babel/plugin-transform-private-methods", { "loose": false }]
to the "plugins" section of your Babel config.

If you already set the same 'loose' mode for these plugins in your config, it's possible that they are enabled multiple times with different options.
You can re-run Babel with the BABEL_SHOW_CONFIG_FOR environment variable to show the loaded configuration:
	npx cross-env BABEL_SHOW_CONFIG_FOR=/Users/Ajaya/Documents/TizenGitTVApp/node_modules/@mui/material/SpeedDialAction/speedDialActionClasses.js <your build command>
See https://babeljs.io/docs/configuration#print-effective-configs for more info.
Though the "loose" option was set to "true" in your @babel/preset-env config, it will not be used for @babel/plugin-transform-private-property-in-object since the "loose" mode option was set to "false" for @babel/plugin-transform-class-properties.
The "loose" option must be the same for @babel/plugin-transform-class-properties, @babel/plugin-transform-private-methods and @babel/plugin-transform-private-property-in-object (when they are enabled): you can silence this warning by explicitly adding
	["@babel/plugin-transform-private-property-in-object", { "loose": false }]
to the "plugins" section of your Babel config.

If you already set the same 'loose' mode for these plugins in your config, it's possible that they are enabled multiple times with different options.
You can re-run Babel with the BABEL_SHOW_CONFIG_FOR environment variable to show the loaded configuration:
	npx cross-env BABEL_SHOW_CONFIG_FOR=/Users/Ajaya/Documents/TizenGitTVApp/node_modules/@mui/material/SnackbarContent/SnackbarContent.js <your build command>
See https://babeljs.io/docs/configuration#print-effective-configs for more info.
Though the "loose" option was set to "true" in your @babel/preset-env config, it will not be used for @babel/plugin-transform-private-methods since the "loose" mode option was set to "false" for @babel/plugin-transform-private-property-in-object.
The "loose" option must be the same for @babel/plugin-transform-class-properties, @babel/plugin-transform-private-methods and @babel/plugin-transform-private-property-in-object (when they are enabled): you can silence this warning by explicitly adding
	["@babel/plugin-transform-private-methods", { "loose": false }]
to the "plugins" section of your Babel config.

If you already set the same 'loose' mode for these plugins in your config, it's possible that they are enabled multiple times with different options.
You can re-run Babel with the BABEL_SHOW_CONFIG_FOR environment variable to show the loaded configuration:
	npx cross-env BABEL_SHOW_CONFIG_FOR=/Users/Ajaya/Documents/TizenGitTVApp/node_modules/@mui/material/SnackbarContent/SnackbarContent.js <your build command>
See https://babeljs.io/docs/configuration#print-effective-configs for more info.
Though the "loose" option was set to "true" in your @babel/preset-env config, it will not be used for @babel/plugin-transform-private-property-in-object since the "loose" mode option was set to "false" for @babel/plugin-transform-class-properties.
The "loose" option must be the same for @babel/plugin-transform-class-properties, @babel/plugin-transform-private-methods and @babel/plugin-transform-private-property-in-object (when they are enabled): you can silence this warning by explicitly adding
	["@babel/plugin-transform-private-property-in-object", { "loose": false }]
to the "plugins" section of your Babel config.

If you already set the same 'loose' mode for these plugins in your config, it's possible that they are enabled multiple times with different options.
You can re-run Babel with the BABEL_SHOW_CONFIG_FOR environment variable to show the loaded configuration:
	npx cross-env BABEL_SHOW_CONFIG_FOR=/Users/Ajaya/Documents/TizenGitTVApp/node_modules/@mui/material/ScopedCssBaseline/scopedCssBaselineClasses.js <your build command>
See https://babeljs.io/docs/configuration#print-effective-configs for more info.
Though the "loose" option was set to "true" in your @babel/preset-env config, it will not be used for @babel/plugin-transform-private-methods since the "loose" mode option was set to "false" for @babel/plugin-transform-private-property-in-object.
The "loose" option must be the same for @babel/plugin-transform-class-properties, @babel/plugin-transform-private-methods and @babel/plugin-transform-private-property-in-object (when they are enabled): you can silence this warning by explicitly adding
	["@babel/plugin-transform-private-methods", { "loose": false }]
to the "plugins" section of your Babel config.

If you already set the same 'loose' mode for these plugins in your config, it's possible that they are enabled multiple times with different options.
You can re-run Babel with the BABEL_SHOW_CONFIG_FOR environment variable to show the loaded configuration:
	npx cross-env BABEL_SHOW_CONFIG_FOR=/Users/Ajaya/Documents/TizenGitTVApp/node_modules/@mui/material/ScopedCssBaseline/scopedCssBaselineClasses.js <your build command>
See https://babeljs.io/docs/configuration#print-effective-configs for more info.
Though the "loose" option was set to "true" in your @babel/preset-env config, it will not be used for @babel/plugin-transform-private-property-in-object since the "loose" mode option was set to "false" for @babel/plugin-transform-class-properties.
The "loose" option must be the same for @babel/plugin-transform-class-properties, @babel/plugin-transform-private-methods and @babel/plugin-transform-private-property-in-object (when they are enabled): you can silence this warning by explicitly adding
	["@babel/plugin-transform-private-property-in-object", { "loose": false }]
to the "plugins" section of your Babel config.

If you already set the same 'loose' mode for these plugins in your config, it's possible that they are enabled multiple times with different options.
You can re-run Babel with the BABEL_SHOW_CONFIG_FOR environment variable to show the loaded configuration:
	npx cross-env BABEL_SHOW_CONFIG_FOR=/Users/Ajaya/Documents/TizenGitTVApp/node_modules/@mui/material/RadioGroup/radioGroupClasses.js <your build command>
See https://babeljs.io/docs/configuration#print-effective-configs for more info.
Though the "loose" option was set to "true" in your @babel/preset-env config, it will not be used for @babel/plugin-transform-private-methods since the "loose" mode option was set to "false" for @babel/plugin-transform-private-property-in-object.
The "loose" option must be the same for @babel/plugin-transform-class-properties, @babel/plugin-transform-private-methods and @babel/plugin-transform-private-property-in-object (when they are enabled): you can silence this warning by explicitly adding
	["@babel/plugin-transform-private-methods", { "loose": false }]
to the "plugins" section of your Babel config.

If you already set the same 'loose' mode for these plugins in your config, it's possible that they are enabled multiple times with different options.
You can re-run Babel with the BABEL_SHOW_CONFIG_FOR environment variable to show the loaded configuration:
	npx cross-env BABEL_SHOW_CONFIG_FOR=/Users/Ajaya/Documents/TizenGitTVApp/node_modules/@mui/material/RadioGroup/radioGroupClasses.js <your build command>
See https://babeljs.io/docs/configuration#print-effective-configs for more info.
Though the "loose" option was set to "true" in your @babel/preset-env config, it will not be used for @babel/plugin-transform-private-property-in-object since the "loose" mode option was set to "false" for @babel/plugin-transform-class-properties.
The "loose" option must be the same for @babel/plugin-transform-class-properties, @babel/plugin-transform-private-methods and @babel/plugin-transform-private-property-in-object (when they are enabled): you can silence this warning by explicitly adding
	["@babel/plugin-transform-private-property-in-object", { "loose": false }]
to the "plugins" section of your Babel config.

If you already set the same 'loose' mode for these plugins in your config, it's possible that they are enabled multiple times with different options.
You can re-run Babel with the BABEL_SHOW_CONFIG_FOR environment variable to show the loaded configuration:
	npx cross-env BABEL_SHOW_CONFIG_FOR=/Users/Ajaya/Documents/TizenGitTVApp/node_modules/@mui/material/RadioGroup/useRadioGroup.js <your build command>
See https://babeljs.io/docs/configuration#print-effective-configs for more info.
Though the "loose" option was set to "true" in your @babel/preset-env config, it will not be used for @babel/plugin-transform-private-methods since the "loose" mode option was set to "false" for @babel/plugin-transform-private-property-in-object.
The "loose" option must be the same for @babel/plugin-transform-class-properties, @babel/plugin-transform-private-methods and @babel/plugin-transform-private-property-in-object (when they are enabled): you can silence this warning by explicitly adding
	["@babel/plugin-transform-private-methods", { "loose": false }]
to the "plugins" section of your Babel config.

If you already set the same 'loose' mode for these plugins in your config, it's possible that they are enabled multiple times with different options.
You can re-run Babel with the BABEL_SHOW_CONFIG_FOR environment variable to show the loaded configuration:
	npx cross-env BABEL_SHOW_CONFIG_FOR=/Users/Ajaya/Documents/TizenGitTVApp/node_modules/@mui/material/RadioGroup/useRadioGroup.js <your build command>
See https://babeljs.io/docs/configuration#print-effective-configs for more info.
Though the "loose" option was set to "true" in your @babel/preset-env config, it will not be used for @babel/plugin-transform-private-property-in-object since the "loose" mode option was set to "false" for @babel/plugin-transform-class-properties.
The "loose" option must be the same for @babel/plugin-transform-class-properties, @babel/plugin-transform-private-methods and @babel/plugin-transform-private-property-in-object (when they are enabled): you can silence this warning by explicitly adding
	["@babel/plugin-transform-private-property-in-object", { "loose": false }]
to the "plugins" section of your Babel config.

If you already set the same 'loose' mode for these plugins in your config, it's possible that they are enabled multiple times with different options.
You can re-run Babel with the BABEL_SHOW_CONFIG_FOR environment variable to show the loaded configuration:
	npx cross-env BABEL_SHOW_CONFIG_FOR=/Users/Ajaya/Documents/TizenGitTVApp/node_modules/@mui/material/RadioGroup/RadioGroup.js <your build command>
See https://babeljs.io/docs/configuration#print-effective-configs for more info.
Though the "loose" option was set to "true" in your @babel/preset-env config, it will not be used for @babel/plugin-transform-private-methods since the "loose" mode option was set to "false" for @babel/plugin-transform-private-property-in-object.
The "loose" option must be the same for @babel/plugin-transform-class-properties, @babel/plugin-transform-private-methods and @babel/plugin-transform-private-property-in-object (when they are enabled): you can silence this warning by explicitly adding
	["@babel/plugin-transform-private-methods", { "loose": false }]
to the "plugins" section of your Babel config.

If you already set the same 'loose' mode for these plugins in your config, it's possible that they are enabled multiple times with different options.
You can re-run Babel with the BABEL_SHOW_CONFIG_FOR environment variable to show the loaded configuration:
	npx cross-env BABEL_SHOW_CONFIG_FOR=/Users/Ajaya/Documents/TizenGitTVApp/node_modules/@mui/material/RadioGroup/RadioGroup.js <your build command>
See https://babeljs.io/docs/configuration#print-effective-configs for more info.
Though the "loose" option was set to "true" in your @babel/preset-env config, it will not be used for @babel/plugin-transform-private-property-in-object since the "loose" mode option was set to "false" for @babel/plugin-transform-class-properties.
The "loose" option must be the same for @babel/plugin-transform-class-properties, @babel/plugin-transform-private-methods and @babel/plugin-transform-private-property-in-object (when they are enabled): you can silence this warning by explicitly adding
	["@babel/plugin-transform-private-property-in-object", { "loose": false }]
to the "plugins" section of your Babel config.

If you already set the same 'loose' mode for these plugins in your config, it's possible that they are enabled multiple times with different options.
You can re-run Babel with the BABEL_SHOW_CONFIG_FOR environment variable to show the loaded configuration:
	npx cross-env BABEL_SHOW_CONFIG_FOR=/Users/Ajaya/Documents/TizenGitTVApp/node_modules/@mui/material/Radio/radioClasses.js <your build command>
See https://babeljs.io/docs/configuration#print-effective-configs for more info.
Though the "loose" option was set to "true" in your @babel/preset-env config, it will not be used for @babel/plugin-transform-private-methods since the "loose" mode option was set to "false" for @babel/plugin-transform-private-property-in-object.
The "loose" option must be the same for @babel/plugin-transform-class-properties, @babel/plugin-transform-private-methods and @babel/plugin-transform-private-property-in-object (when they are enabled): you can silence this warning by explicitly adding
	["@babel/plugin-transform-private-methods", { "loose": false }]
to the "plugins" section of your Babel config.

If you already set the same 'loose' mode for these plugins in your config, it's possible that they are enabled multiple times with different options.
You can re-run Babel with the BABEL_SHOW_CONFIG_FOR environment variable to show the loaded configuration:
	npx cross-env BABEL_SHOW_CONFIG_FOR=/Users/Ajaya/Documents/TizenGitTVApp/node_modules/@mui/material/Radio/radioClasses.js <your build command>
See https://babeljs.io/docs/configuration#print-effective-configs for more info.
Though the "loose" option was set to "true" in your @babel/preset-env config, it will not be used for @babel/plugin-transform-private-property-in-object since the "loose" mode option was set to "false" for @babel/plugin-transform-class-properties.
The "loose" option must be the same for @babel/plugin-transform-class-properties, @babel/plugin-transform-private-methods and @babel/plugin-transform-private-property-in-object (when they are enabled): you can silence this warning by explicitly adding
	["@babel/plugin-transform-private-property-in-object", { "loose": false }]
to the "plugins" section of your Babel config.

If you already set the same 'loose' mode for these plugins in your config, it's possible that they are enabled multiple times with different options.
You can re-run Babel with the BABEL_SHOW_CONFIG_FOR environment variable to show the loaded configuration:
	npx cross-env BABEL_SHOW_CONFIG_FOR=/Users/Ajaya/Documents/TizenGitTVApp/node_modules/@mui/material/Radio/Radio.js <your build command>
See https://babeljs.io/docs/configuration#print-effective-configs for more info.
Though the "loose" option was set to "true" in your @babel/preset-env config, it will not be used for @babel/plugin-transform-private-methods since the "loose" mode option was set to "false" for @babel/plugin-transform-private-property-in-object.
The "loose" option must be the same for @babel/plugin-transform-class-properties, @babel/plugin-transform-private-methods and @babel/plugin-transform-private-property-in-object (when they are enabled): you can silence this warning by explicitly adding
	["@babel/plugin-transform-private-methods", { "loose": false }]
to the "plugins" section of your Babel config.

If you already set the same 'loose' mode for these plugins in your config, it's possible that they are enabled multiple times with different options.
You can re-run Babel with the BABEL_SHOW_CONFIG_FOR environment variable to show the loaded configuration:
	npx cross-env BABEL_SHOW_CONFIG_FOR=/Users/Ajaya/Documents/TizenGitTVApp/node_modules/@mui/material/Radio/Radio.js <your build command>
See https://babeljs.io/docs/configuration#print-effective-configs for more info.
Though the "loose" option was set to "true" in your @babel/preset-env config, it will not be used for @babel/plugin-transform-private-property-in-object since the "loose" mode option was set to "false" for @babel/plugin-transform-class-properties.
The "loose" option must be the same for @babel/plugin-transform-class-properties, @babel/plugin-transform-private-methods and @babel/plugin-transform-private-property-in-object (when they are enabled): you can silence this warning by explicitly adding
	["@babel/plugin-transform-private-property-in-object", { "loose": false }]
to the "plugins" section of your Babel config.

If you already set the same 'loose' mode for these plugins in your config, it's possible that they are enabled multiple times with different options.
You can re-run Babel with the BABEL_SHOW_CONFIG_FOR environment variable to show the loaded configuration:
	npx cross-env BABEL_SHOW_CONFIG_FOR=/Users/Ajaya/Documents/TizenGitTVApp/node_modules/@mui/material/Portal/Portal.js <your build command>
See https://babeljs.io/docs/configuration#print-effective-configs for more info.
Though the "loose" option was set to "true" in your @babel/preset-env config, it will not be used for @babel/plugin-transform-private-methods since the "loose" mode option was set to "false" for @babel/plugin-transform-private-property-in-object.
The "loose" option must be the same for @babel/plugin-transform-class-properties, @babel/plugin-transform-private-methods and @babel/plugin-transform-private-property-in-object (when they are enabled): you can silence this warning by explicitly adding
	["@babel/plugin-transform-private-methods", { "loose": false }]
to the "plugins" section of your Babel config.

If you already set the same 'loose' mode for these plugins in your config, it's possible that they are enabled multiple times with different options.
You can re-run Babel with the BABEL_SHOW_CONFIG_FOR environment variable to show the loaded configuration:
	npx cross-env BABEL_SHOW_CONFIG_FOR=/Users/Ajaya/Documents/TizenGitTVApp/node_modules/@mui/material/Portal/Portal.js <your build command>
See https://babeljs.io/docs/configuration#print-effective-configs for more info.
Though the "loose" option was set to "true" in your @babel/preset-env config, it will not be used for @babel/plugin-transform-private-property-in-object since the "loose" mode option was set to "false" for @babel/plugin-transform-class-properties.
The "loose" option must be the same for @babel/plugin-transform-class-properties, @babel/plugin-transform-private-methods and @babel/plugin-transform-private-property-in-object (when they are enabled): you can silence this warning by explicitly adding
	["@babel/plugin-transform-private-property-in-object", { "loose": false }]
to the "plugins" section of your Babel config.

If you already set the same 'loose' mode for these plugins in your config, it's possible that they are enabled multiple times with different options.
You can re-run Babel with the BABEL_SHOW_CONFIG_FOR environment variable to show the loaded configuration:
	npx cross-env BABEL_SHOW_CONFIG_FOR=/Users/Ajaya/Documents/TizenGitTVApp/node_modules/@mui/material/Rating/ratingClasses.js <your build command>
See https://babeljs.io/docs/configuration#print-effective-configs for more info.
Though the "loose" option was set to "true" in your @babel/preset-env config, it will not be used for @babel/plugin-transform-private-methods since the "loose" mode option was set to "false" for @babel/plugin-transform-private-property-in-object.
The "loose" option must be the same for @babel/plugin-transform-class-properties, @babel/plugin-transform-private-methods and @babel/plugin-transform-private-property-in-object (when they are enabled): you can silence this warning by explicitly adding
	["@babel/plugin-transform-private-methods", { "loose": false }]
to the "plugins" section of your Babel config.

If you already set the same 'loose' mode for these plugins in your config, it's possible that they are enabled multiple times with different options.
You can re-run Babel with the BABEL_SHOW_CONFIG_FOR environment variable to show the loaded configuration:
	npx cross-env BABEL_SHOW_CONFIG_FOR=/Users/Ajaya/Documents/TizenGitTVApp/node_modules/@mui/material/Rating/ratingClasses.js <your build command>
See https://babeljs.io/docs/configuration#print-effective-configs for more info.
Though the "loose" option was set to "true" in your @babel/preset-env config, it will not be used for @babel/plugin-transform-private-property-in-object since the "loose" mode option was set to "false" for @babel/plugin-transform-class-properties.
The "loose" option must be the same for @babel/plugin-transform-class-properties, @babel/plugin-transform-private-methods and @babel/plugin-transform-private-property-in-object (when they are enabled): you can silence this warning by explicitly adding
	["@babel/plugin-transform-private-property-in-object", { "loose": false }]
to the "plugins" section of your Babel config.

If you already set the same 'loose' mode for these plugins in your config, it's possible that they are enabled multiple times with different options.
You can re-run Babel with the BABEL_SHOW_CONFIG_FOR environment variable to show the loaded configuration:
	npx cross-env BABEL_SHOW_CONFIG_FOR=/Users/Ajaya/Documents/TizenGitTVApp/node_modules/@mui/material/Rating/Rating.js <your build command>
See https://babeljs.io/docs/configuration#print-effective-configs for more info.
Though the "loose" option was set to "true" in your @babel/preset-env config, it will not be used for @babel/plugin-transform-private-methods since the "loose" mode option was set to "false" for @babel/plugin-transform-private-property-in-object.
The "loose" option must be the same for @babel/plugin-transform-class-properties, @babel/plugin-transform-private-methods and @babel/plugin-transform-private-property-in-object (when they are enabled): you can silence this warning by explicitly adding
	["@babel/plugin-transform-private-methods", { "loose": false }]
to the "plugins" section of your Babel config.

If you already set the same 'loose' mode for these plugins in your config, it's possible that they are enabled multiple times with different options.
You can re-run Babel with the BABEL_SHOW_CONFIG_FOR environment variable to show the loaded configuration:
	npx cross-env BABEL_SHOW_CONFIG_FOR=/Users/Ajaya/Documents/TizenGitTVApp/node_modules/@mui/material/Rating/Rating.js <your build command>
See https://babeljs.io/docs/configuration#print-effective-configs for more info.
Though the "loose" option was set to "true" in your @babel/preset-env config, it will not be used for @babel/plugin-transform-private-property-in-object since the "loose" mode option was set to "false" for @babel/plugin-transform-class-properties.
The "loose" option must be the same for @babel/plugin-transform-class-properties, @babel/plugin-transform-private-methods and @babel/plugin-transform-private-property-in-object (when they are enabled): you can silence this warning by explicitly adding
	["@babel/plugin-transform-private-property-in-object", { "loose": false }]
to the "plugins" section of your Babel config.

If you already set the same 'loose' mode for these plugins in your config, it's possible that they are enabled multiple times with different options.
You can re-run Babel with the BABEL_SHOW_CONFIG_FOR environment variable to show the loaded configuration:
	npx cross-env BABEL_SHOW_CONFIG_FOR=/Users/Ajaya/Documents/TizenGitTVApp/node_modules/@mui/material/ScopedCssBaseline/ScopedCssBaseline.js <your build command>
See https://babeljs.io/docs/configuration#print-effective-configs for more info.
Though the "loose" option was set to "true" in your @babel/preset-env config, it will not be used for @babel/plugin-transform-private-methods since the "loose" mode option was set to "false" for @babel/plugin-transform-private-property-in-object.
The "loose" option must be the same for @babel/plugin-transform-class-properties, @babel/plugin-transform-private-methods and @babel/plugin-transform-private-property-in-object (when they are enabled): you can silence this warning by explicitly adding
	["@babel/plugin-transform-private-methods", { "loose": false }]
to the "plugins" section of your Babel config.

If you already set the same 'loose' mode for these plugins in your config, it's possible that they are enabled multiple times with different options.
You can re-run Babel with the BABEL_SHOW_CONFIG_FOR environment variable to show the loaded configuration:
	npx cross-env BABEL_SHOW_CONFIG_FOR=/Users/Ajaya/Documents/TizenGitTVApp/node_modules/@mui/material/ScopedCssBaseline/ScopedCssBaseline.js <your build command>
See https://babeljs.io/docs/configuration#print-effective-configs for more info.
Though the "loose" option was set to "true" in your @babel/preset-env config, it will not be used for @babel/plugin-transform-private-property-in-object since the "loose" mode option was set to "false" for @babel/plugin-transform-class-properties.
The "loose" option must be the same for @babel/plugin-transform-class-properties, @babel/plugin-transform-private-methods and @babel/plugin-transform-private-property-in-object (when they are enabled): you can silence this warning by explicitly adding
	["@babel/plugin-transform-private-property-in-object", { "loose": false }]
to the "plugins" section of your Babel config.

If you already set the same 'loose' mode for these plugins in your config, it's possible that they are enabled multiple times with different options.
You can re-run Babel with the BABEL_SHOW_CONFIG_FOR environment variable to show the loaded configuration:
	npx cross-env BABEL_SHOW_CONFIG_FOR=/Users/Ajaya/Documents/TizenGitTVApp/node_modules/@mui/material/Skeleton/skeletonClasses.js <your build command>
See https://babeljs.io/docs/configuration#print-effective-configs for more info.
Though the "loose" option was set to "true" in your @babel/preset-env config, it will not be used for @babel/plugin-transform-private-methods since the "loose" mode option was set to "false" for @babel/plugin-transform-private-property-in-object.
The "loose" option must be the same for @babel/plugin-transform-class-properties, @babel/plugin-transform-private-methods and @babel/plugin-transform-private-property-in-object (when they are enabled): you can silence this warning by explicitly adding
	["@babel/plugin-transform-private-methods", { "loose": false }]
to the "plugins" section of your Babel config.

If you already set the same 'loose' mode for these plugins in your config, it's possible that they are enabled multiple times with different options.
You can re-run Babel with the BABEL_SHOW_CONFIG_FOR environment variable to show the loaded configuration:
	npx cross-env BABEL_SHOW_CONFIG_FOR=/Users/Ajaya/Documents/TizenGitTVApp/node_modules/@mui/material/Skeleton/skeletonClasses.js <your build command>
See https://babeljs.io/docs/configuration#print-effective-configs for more info.
Though the "loose" option was set to "true" in your @babel/preset-env config, it will not be used for @babel/plugin-transform-private-property-in-object since the "loose" mode option was set to "false" for @babel/plugin-transform-class-properties.
The "loose" option must be the same for @babel/plugin-transform-class-properties, @babel/plugin-transform-private-methods and @babel/plugin-transform-private-property-in-object (when they are enabled): you can silence this warning by explicitly adding
	["@babel/plugin-transform-private-property-in-object", { "loose": false }]
to the "plugins" section of your Babel config.

If you already set the same 'loose' mode for these plugins in your config, it's possible that they are enabled multiple times with different options.
You can re-run Babel with the BABEL_SHOW_CONFIG_FOR environment variable to show the loaded configuration:
	npx cross-env BABEL_SHOW_CONFIG_FOR=/Users/Ajaya/Documents/TizenGitTVApp/node_modules/@mui/material/Skeleton/Skeleton.js <your build command>
See https://babeljs.io/docs/configuration#print-effective-configs for more info.
Though the "loose" option was set to "true" in your @babel/preset-env config, it will not be used for @babel/plugin-transform-private-methods since the "loose" mode option was set to "false" for @babel/plugin-transform-private-property-in-object.
The "loose" option must be the same for @babel/plugin-transform-class-properties, @babel/plugin-transform-private-methods and @babel/plugin-transform-private-property-in-object (when they are enabled): you can silence this warning by explicitly adding
	["@babel/plugin-transform-private-methods", { "loose": false }]
to the "plugins" section of your Babel config.

If you already set the same 'loose' mode for these plugins in your config, it's possible that they are enabled multiple times with different options.
You can re-run Babel with the BABEL_SHOW_CONFIG_FOR environment variable to show the loaded configuration:
	npx cross-env BABEL_SHOW_CONFIG_FOR=/Users/Ajaya/Documents/TizenGitTVApp/node_modules/@mui/material/Skeleton/Skeleton.js <your build command>
See https://babeljs.io/docs/configuration#print-effective-configs for more info.
Though the "loose" option was set to "true" in your @babel/preset-env config, it will not be used for @babel/plugin-transform-private-property-in-object since the "loose" mode option was set to "false" for @babel/plugin-transform-class-properties.
The "loose" option must be the same for @babel/plugin-transform-class-properties, @babel/plugin-transform-private-methods and @babel/plugin-transform-private-property-in-object (when they are enabled): you can silence this warning by explicitly adding
	["@babel/plugin-transform-private-property-in-object", { "loose": false }]
to the "plugins" section of your Babel config.

If you already set the same 'loose' mode for these plugins in your config, it's possible that they are enabled multiple times with different options.
You can re-run Babel with the BABEL_SHOW_CONFIG_FOR environment variable to show the loaded configuration:
	npx cross-env BABEL_SHOW_CONFIG_FOR=/Users/Ajaya/Documents/TizenGitTVApp/node_modules/@mui/material/Popover/popoverClasses.js <your build command>
See https://babeljs.io/docs/configuration#print-effective-configs for more info.
Though the "loose" option was set to "true" in your @babel/preset-env config, it will not be used for @babel/plugin-transform-private-methods since the "loose" mode option was set to "false" for @babel/plugin-transform-private-property-in-object.
The "loose" option must be the same for @babel/plugin-transform-class-properties, @babel/plugin-transform-private-methods and @babel/plugin-transform-private-property-in-object (when they are enabled): you can silence this warning by explicitly adding
	["@babel/plugin-transform-private-methods", { "loose": false }]
to the "plugins" section of your Babel config.

If you already set the same 'loose' mode for these plugins in your config, it's possible that they are enabled multiple times with different options.
You can re-run Babel with the BABEL_SHOW_CONFIG_FOR environment variable to show the loaded configuration:
	npx cross-env BABEL_SHOW_CONFIG_FOR=/Users/Ajaya/Documents/TizenGitTVApp/node_modules/@mui/material/Popover/popoverClasses.js <your build command>
See https://babeljs.io/docs/configuration#print-effective-configs for more info.
Though the "loose" option was set to "true" in your @babel/preset-env config, it will not be used for @babel/plugin-transform-private-property-in-object since the "loose" mode option was set to "false" for @babel/plugin-transform-class-properties.
The "loose" option must be the same for @babel/plugin-transform-class-properties, @babel/plugin-transform-private-methods and @babel/plugin-transform-private-property-in-object (when they are enabled): you can silence this warning by explicitly adding
	["@babel/plugin-transform-private-property-in-object", { "loose": false }]
to the "plugins" section of your Babel config.

If you already set the same 'loose' mode for these plugins in your config, it's possible that they are enabled multiple times with different options.
You can re-run Babel with the BABEL_SHOW_CONFIG_FOR environment variable to show the loaded configuration:
	npx cross-env BABEL_SHOW_CONFIG_FOR=/Users/Ajaya/Documents/TizenGitTVApp/node_modules/@mui/material/Paper/paperClasses.js <your build command>
See https://babeljs.io/docs/configuration#print-effective-configs for more info.
Though the "loose" option was set to "true" in your @babel/preset-env config, it will not be used for @babel/plugin-transform-private-methods since the "loose" mode option was set to "false" for @babel/plugin-transform-private-property-in-object.
The "loose" option must be the same for @babel/plugin-transform-class-properties, @babel/plugin-transform-private-methods and @babel/plugin-transform-private-property-in-object (when they are enabled): you can silence this warning by explicitly adding
	["@babel/plugin-transform-private-methods", { "loose": false }]
to the "plugins" section of your Babel config.

If you already set the same 'loose' mode for these plugins in your config, it's possible that they are enabled multiple times with different options.
You can re-run Babel with the BABEL_SHOW_CONFIG_FOR environment variable to show the loaded configuration:
	npx cross-env BABEL_SHOW_CONFIG_FOR=/Users/Ajaya/Documents/TizenGitTVApp/node_modules/@mui/material/Paper/paperClasses.js <your build command>
See https://babeljs.io/docs/configuration#print-effective-configs for more info.
Though the "loose" option was set to "true" in your @babel/preset-env config, it will not be used for @babel/plugin-transform-private-property-in-object since the "loose" mode option was set to "false" for @babel/plugin-transform-class-properties.
The "loose" option must be the same for @babel/plugin-transform-class-properties, @babel/plugin-transform-private-methods and @babel/plugin-transform-private-property-in-object (when they are enabled): you can silence this warning by explicitly adding
	["@babel/plugin-transform-private-property-in-object", { "loose": false }]
to the "plugins" section of your Babel config.

If you already set the same 'loose' mode for these plugins in your config, it's possible that they are enabled multiple times with different options.
You can re-run Babel with the BABEL_SHOW_CONFIG_FOR environment variable to show the loaded configuration:
	npx cross-env BABEL_SHOW_CONFIG_FOR=/Users/Ajaya/Documents/TizenGitTVApp/node_modules/@mui/material/Paper/Paper.js <your build command>
See https://babeljs.io/docs/configuration#print-effective-configs for more info.
Though the "loose" option was set to "true" in your @babel/preset-env config, it will not be used for @babel/plugin-transform-private-methods since the "loose" mode option was set to "false" for @babel/plugin-transform-private-property-in-object.
The "loose" option must be the same for @babel/plugin-transform-class-properties, @babel/plugin-transform-private-methods and @babel/plugin-transform-private-property-in-object (when they are enabled): you can silence this warning by explicitly adding
	["@babel/plugin-transform-private-methods", { "loose": false }]
to the "plugins" section of your Babel config.

If you already set the same 'loose' mode for these plugins in your config, it's possible that they are enabled multiple times with different options.
You can re-run Babel with the BABEL_SHOW_CONFIG_FOR environment variable to show the loaded configuration:
	npx cross-env BABEL_SHOW_CONFIG_FOR=/Users/Ajaya/Documents/TizenGitTVApp/node_modules/@mui/material/Paper/Paper.js <your build command>
See https://babeljs.io/docs/configuration#print-effective-configs for more info.
Though the "loose" option was set to "true" in your @babel/preset-env config, it will not be used for @babel/plugin-transform-private-property-in-object since the "loose" mode option was set to "false" for @babel/plugin-transform-class-properties.
The "loose" option must be the same for @babel/plugin-transform-class-properties, @babel/plugin-transform-private-methods and @babel/plugin-transform-private-property-in-object (when they are enabled): you can silence this warning by explicitly adding
	["@babel/plugin-transform-private-property-in-object", { "loose": false }]
to the "plugins" section of your Babel config.

If you already set the same 'loose' mode for these plugins in your config, it's possible that they are enabled multiple times with different options.
You can re-run Babel with the BABEL_SHOW_CONFIG_FOR environment variable to show the loaded configuration:
	npx cross-env BABEL_SHOW_CONFIG_FOR=/Users/Ajaya/Documents/TizenGitTVApp/node_modules/@mui/material/PaginationItem/PaginationItem.js <your build command>
See https://babeljs.io/docs/configuration#print-effective-configs for more info.
Though the "loose" option was set to "true" in your @babel/preset-env config, it will not be used for @babel/plugin-transform-private-methods since the "loose" mode option was set to "false" for @babel/plugin-transform-private-property-in-object.
The "loose" option must be the same for @babel/plugin-transform-class-properties, @babel/plugin-transform-private-methods and @babel/plugin-transform-private-property-in-object (when they are enabled): you can silence this warning by explicitly adding
	["@babel/plugin-transform-private-methods", { "loose": false }]
to the "plugins" section of your Babel config.

If you already set the same 'loose' mode for these plugins in your config, it's possible that they are enabled multiple times with different options.
You can re-run Babel with the BABEL_SHOW_CONFIG_FOR environment variable to show the loaded configuration:
	npx cross-env BABEL_SHOW_CONFIG_FOR=/Users/Ajaya/Documents/TizenGitTVApp/node_modules/@mui/material/PaginationItem/PaginationItem.js <your build command>
See https://babeljs.io/docs/configuration#print-effective-configs for more info.
Though the "loose" option was set to "true" in your @babel/preset-env config, it will not be used for @babel/plugin-transform-private-property-in-object since the "loose" mode option was set to "false" for @babel/plugin-transform-class-properties.
The "loose" option must be the same for @babel/plugin-transform-class-properties, @babel/plugin-transform-private-methods and @babel/plugin-transform-private-property-in-object (when they are enabled): you can silence this warning by explicitly adding
	["@babel/plugin-transform-private-property-in-object", { "loose": false }]
to the "plugins" section of your Babel config.

If you already set the same 'loose' mode for these plugins in your config, it's possible that they are enabled multiple times with different options.
You can re-run Babel with the BABEL_SHOW_CONFIG_FOR environment variable to show the loaded configuration:
	npx cross-env BABEL_SHOW_CONFIG_FOR=/Users/Ajaya/Documents/TizenGitTVApp/node_modules/@mui/material/Pagination/paginationClasses.js <your build command>
See https://babeljs.io/docs/configuration#print-effective-configs for more info.
Though the "loose" option was set to "true" in your @babel/preset-env config, it will not be used for @babel/plugin-transform-private-methods since the "loose" mode option was set to "false" for @babel/plugin-transform-private-property-in-object.
The "loose" option must be the same for @babel/plugin-transform-class-properties, @babel/plugin-transform-private-methods and @babel/plugin-transform-private-property-in-object (when they are enabled): you can silence this warning by explicitly adding
	["@babel/plugin-transform-private-methods", { "loose": false }]
to the "plugins" section of your Babel config.

If you already set the same 'loose' mode for these plugins in your config, it's possible that they are enabled multiple times with different options.
You can re-run Babel with the BABEL_SHOW_CONFIG_FOR environment variable to show the loaded configuration:
	npx cross-env BABEL_SHOW_CONFIG_FOR=/Users/Ajaya/Documents/TizenGitTVApp/node_modules/@mui/material/Pagination/paginationClasses.js <your build command>
See https://babeljs.io/docs/configuration#print-effective-configs for more info.
Though the "loose" option was set to "true" in your @babel/preset-env config, it will not be used for @babel/plugin-transform-private-property-in-object since the "loose" mode option was set to "false" for @babel/plugin-transform-class-properties.
The "loose" option must be the same for @babel/plugin-transform-class-properties, @babel/plugin-transform-private-methods and @babel/plugin-transform-private-property-in-object (when they are enabled): you can silence this warning by explicitly adding
	["@babel/plugin-transform-private-property-in-object", { "loose": false }]
to the "plugins" section of your Babel config.

If you already set the same 'loose' mode for these plugins in your config, it's possible that they are enabled multiple times with different options.
You can re-run Babel with the BABEL_SHOW_CONFIG_FOR environment variable to show the loaded configuration:
	npx cross-env BABEL_SHOW_CONFIG_FOR=/Users/Ajaya/Documents/TizenGitTVApp/node_modules/@mui/material/PaginationItem/paginationItemClasses.js <your build command>
See https://babeljs.io/docs/configuration#print-effective-configs for more info.
Though the "loose" option was set to "true" in your @babel/preset-env config, it will not be used for @babel/plugin-transform-private-methods since the "loose" mode option was set to "false" for @babel/plugin-transform-private-property-in-object.
The "loose" option must be the same for @babel/plugin-transform-class-properties, @babel/plugin-transform-private-methods and @babel/plugin-transform-private-property-in-object (when they are enabled): you can silence this warning by explicitly adding
	["@babel/plugin-transform-private-methods", { "loose": false }]
to the "plugins" section of your Babel config.

If you already set the same 'loose' mode for these plugins in your config, it's possible that they are enabled multiple times with different options.
You can re-run Babel with the BABEL_SHOW_CONFIG_FOR environment variable to show the loaded configuration:
	npx cross-env BABEL_SHOW_CONFIG_FOR=/Users/Ajaya/Documents/TizenGitTVApp/node_modules/@mui/material/PaginationItem/paginationItemClasses.js <your build command>
See https://babeljs.io/docs/configuration#print-effective-configs for more info.
Though the "loose" option was set to "true" in your @babel/preset-env config, it will not be used for @babel/plugin-transform-private-property-in-object since the "loose" mode option was set to "false" for @babel/plugin-transform-class-properties.
The "loose" option must be the same for @babel/plugin-transform-class-properties, @babel/plugin-transform-private-methods and @babel/plugin-transform-private-property-in-object (when they are enabled): you can silence this warning by explicitly adding
	["@babel/plugin-transform-private-property-in-object", { "loose": false }]
to the "plugins" section of your Babel config.

If you already set the same 'loose' mode for these plugins in your config, it's possible that they are enabled multiple times with different options.
You can re-run Babel with the BABEL_SHOW_CONFIG_FOR environment variable to show the loaded configuration:
	npx cross-env BABEL_SHOW_CONFIG_FOR=/Users/Ajaya/Documents/TizenGitTVApp/node_modules/@mui/material/Popover/Popover.js <your build command>
See https://babeljs.io/docs/configuration#print-effective-configs for more info.
Though the "loose" option was set to "true" in your @babel/preset-env config, it will not be used for @babel/plugin-transform-private-methods since the "loose" mode option was set to "false" for @babel/plugin-transform-private-property-in-object.
The "loose" option must be the same for @babel/plugin-transform-class-properties, @babel/plugin-transform-private-methods and @babel/plugin-transform-private-property-in-object (when they are enabled): you can silence this warning by explicitly adding
	["@babel/plugin-transform-private-methods", { "loose": false }]
to the "plugins" section of your Babel config.

If you already set the same 'loose' mode for these plugins in your config, it's possible that they are enabled multiple times with different options.
You can re-run Babel with the BABEL_SHOW_CONFIG_FOR environment variable to show the loaded configuration:
	npx cross-env BABEL_SHOW_CONFIG_FOR=/Users/Ajaya/Documents/TizenGitTVApp/node_modules/@mui/material/Popover/Popover.js <your build command>
See https://babeljs.io/docs/configuration#print-effective-configs for more info.
Though the "loose" option was set to "true" in your @babel/preset-env config, it will not be used for @babel/plugin-transform-private-property-in-object since the "loose" mode option was set to "false" for @babel/plugin-transform-class-properties.
The "loose" option must be the same for @babel/plugin-transform-class-properties, @babel/plugin-transform-private-methods and @babel/plugin-transform-private-property-in-object (when they are enabled): you can silence this warning by explicitly adding
	["@babel/plugin-transform-private-property-in-object", { "loose": false }]
to the "plugins" section of your Babel config.

If you already set the same 'loose' mode for these plugins in your config, it's possible that they are enabled multiple times with different options.
You can re-run Babel with the BABEL_SHOW_CONFIG_FOR environment variable to show the loaded configuration:
	npx cross-env BABEL_SHOW_CONFIG_FOR=/Users/Ajaya/Documents/TizenGitTVApp/node_modules/@mui/material/Pagination/Pagination.js <your build command>
See https://babeljs.io/docs/configuration#print-effective-configs for more info.
Though the "loose" option was set to "true" in your @babel/preset-env config, it will not be used for @babel/plugin-transform-private-methods since the "loose" mode option was set to "false" for @babel/plugin-transform-private-property-in-object.
The "loose" option must be the same for @babel/plugin-transform-class-properties, @babel/plugin-transform-private-methods and @babel/plugin-transform-private-property-in-object (when they are enabled): you can silence this warning by explicitly adding
	["@babel/plugin-transform-private-methods", { "loose": false }]
to the "plugins" section of your Babel config.

If you already set the same 'loose' mode for these plugins in your config, it's possible that they are enabled multiple times with different options.
You can re-run Babel with the BABEL_SHOW_CONFIG_FOR environment variable to show the loaded configuration:
	npx cross-env BABEL_SHOW_CONFIG_FOR=/Users/Ajaya/Documents/TizenGitTVApp/node_modules/@mui/material/Pagination/Pagination.js <your build command>
See https://babeljs.io/docs/configuration#print-effective-configs for more info.
Though the "loose" option was set to "true" in your @babel/preset-env config, it will not be used for @babel/plugin-transform-private-property-in-object since the "loose" mode option was set to "false" for @babel/plugin-transform-class-properties.
The "loose" option must be the same for @babel/plugin-transform-class-properties, @babel/plugin-transform-private-methods and @babel/plugin-transform-private-property-in-object (when they are enabled): you can silence this warning by explicitly adding
	["@babel/plugin-transform-private-property-in-object", { "loose": false }]
to the "plugins" section of your Babel config.

If you already set the same 'loose' mode for these plugins in your config, it's possible that they are enabled multiple times with different options.
You can re-run Babel with the BABEL_SHOW_CONFIG_FOR environment variable to show the loaded configuration:
	npx cross-env BABEL_SHOW_CONFIG_FOR=/Users/Ajaya/Documents/TizenGitTVApp/node_modules/@mui/material/NoSsr/NoSsr.js <your build command>
See https://babeljs.io/docs/configuration#print-effective-configs for more info.
Though the "loose" option was set to "true" in your @babel/preset-env config, it will not be used for @babel/plugin-transform-private-methods since the "loose" mode option was set to "false" for @babel/plugin-transform-private-property-in-object.
The "loose" option must be the same for @babel/plugin-transform-class-properties, @babel/plugin-transform-private-methods and @babel/plugin-transform-private-property-in-object (when they are enabled): you can silence this warning by explicitly adding
	["@babel/plugin-transform-private-methods", { "loose": false }]
to the "plugins" section of your Babel config.

If you already set the same 'loose' mode for these plugins in your config, it's possible that they are enabled multiple times with different options.
You can re-run Babel with the BABEL_SHOW_CONFIG_FOR environment variable to show the loaded configuration:
	npx cross-env BABEL_SHOW_CONFIG_FOR=/Users/Ajaya/Documents/TizenGitTVApp/node_modules/@mui/material/NoSsr/NoSsr.js <your build command>
See https://babeljs.io/docs/configuration#print-effective-configs for more info.
Though the "loose" option was set to "true" in your @babel/preset-env config, it will not be used for @babel/plugin-transform-private-property-in-object since the "loose" mode option was set to "false" for @babel/plugin-transform-class-properties.
The "loose" option must be the same for @babel/plugin-transform-class-properties, @babel/plugin-transform-private-methods and @babel/plugin-transform-private-property-in-object (when they are enabled): you can silence this warning by explicitly adding
	["@babel/plugin-transform-private-property-in-object", { "loose": false }]
to the "plugins" section of your Babel config.

If you already set the same 'loose' mode for these plugins in your config, it's possible that they are enabled multiple times with different options.
You can re-run Babel with the BABEL_SHOW_CONFIG_FOR environment variable to show the loaded configuration:
	npx cross-env BABEL_SHOW_CONFIG_FOR=/Users/Ajaya/Documents/TizenGitTVApp/node_modules/@mui/material/Modal/modalClasses.js <your build command>
See https://babeljs.io/docs/configuration#print-effective-configs for more info.
Though the "loose" option was set to "true" in your @babel/preset-env config, it will not be used for @babel/plugin-transform-private-methods since the "loose" mode option was set to "false" for @babel/plugin-transform-private-property-in-object.
The "loose" option must be the same for @babel/plugin-transform-class-properties, @babel/plugin-transform-private-methods and @babel/plugin-transform-private-property-in-object (when they are enabled): you can silence this warning by explicitly adding
	["@babel/plugin-transform-private-methods", { "loose": false }]
to the "plugins" section of your Babel config.

If you already set the same 'loose' mode for these plugins in your config, it's possible that they are enabled multiple times with different options.
You can re-run Babel with the BABEL_SHOW_CONFIG_FOR environment variable to show the loaded configuration:
	npx cross-env BABEL_SHOW_CONFIG_FOR=/Users/Ajaya/Documents/TizenGitTVApp/node_modules/@mui/material/Modal/modalClasses.js <your build command>
See https://babeljs.io/docs/configuration#print-effective-configs for more info.
Though the "loose" option was set to "true" in your @babel/preset-env config, it will not be used for @babel/plugin-transform-private-property-in-object since the "loose" mode option was set to "false" for @babel/plugin-transform-class-properties.
The "loose" option must be the same for @babel/plugin-transform-class-properties, @babel/plugin-transform-private-methods and @babel/plugin-transform-private-property-in-object (when they are enabled): you can silence this warning by explicitly adding
	["@babel/plugin-transform-private-property-in-object", { "loose": false }]
to the "plugins" section of your Babel config.

If you already set the same 'loose' mode for these plugins in your config, it's possible that they are enabled multiple times with different options.
You can re-run Babel with the BABEL_SHOW_CONFIG_FOR environment variable to show the loaded configuration:
	npx cross-env BABEL_SHOW_CONFIG_FOR=/Users/Ajaya/Documents/TizenGitTVApp/node_modules/@mui/material/Modal/Modal.js <your build command>
See https://babeljs.io/docs/configuration#print-effective-configs for more info.
Though the "loose" option was set to "true" in your @babel/preset-env config, it will not be used for @babel/plugin-transform-private-methods since the "loose" mode option was set to "false" for @babel/plugin-transform-private-property-in-object.
The "loose" option must be the same for @babel/plugin-transform-class-properties, @babel/plugin-transform-private-methods and @babel/plugin-transform-private-property-in-object (when they are enabled): you can silence this warning by explicitly adding
	["@babel/plugin-transform-private-methods", { "loose": false }]
to the "plugins" section of your Babel config.

If you already set the same 'loose' mode for these plugins in your config, it's possible that they are enabled multiple times with different options.
You can re-run Babel with the BABEL_SHOW_CONFIG_FOR environment variable to show the loaded configuration:
	npx cross-env BABEL_SHOW_CONFIG_FOR=/Users/Ajaya/Documents/TizenGitTVApp/node_modules/@mui/material/Modal/Modal.js <your build command>
See https://babeljs.io/docs/configuration#print-effective-configs for more info.
Though the "loose" option was set to "true" in your @babel/preset-env config, it will not be used for @babel/plugin-transform-private-property-in-object since the "loose" mode option was set to "false" for @babel/plugin-transform-class-properties.
The "loose" option must be the same for @babel/plugin-transform-class-properties, @babel/plugin-transform-private-methods and @babel/plugin-transform-private-property-in-object (when they are enabled): you can silence this warning by explicitly adding
	["@babel/plugin-transform-private-property-in-object", { "loose": false }]
to the "plugins" section of your Babel config.

If you already set the same 'loose' mode for these plugins in your config, it's possible that they are enabled multiple times with different options.
You can re-run Babel with the BABEL_SHOW_CONFIG_FOR environment variable to show the loaded configuration:
	npx cross-env BABEL_SHOW_CONFIG_FOR=/Users/Ajaya/Documents/TizenGitTVApp/node_modules/@mui/material/Modal/ModalManager.js <your build command>
See https://babeljs.io/docs/configuration#print-effective-configs for more info.
Though the "loose" option was set to "true" in your @babel/preset-env config, it will not be used for @babel/plugin-transform-private-methods since the "loose" mode option was set to "false" for @babel/plugin-transform-private-property-in-object.
The "loose" option must be the same for @babel/plugin-transform-class-properties, @babel/plugin-transform-private-methods and @babel/plugin-transform-private-property-in-object (when they are enabled): you can silence this warning by explicitly adding
	["@babel/plugin-transform-private-methods", { "loose": false }]
to the "plugins" section of your Babel config.

If you already set the same 'loose' mode for these plugins in your config, it's possible that they are enabled multiple times with different options.
You can re-run Babel with the BABEL_SHOW_CONFIG_FOR environment variable to show the loaded configuration:
	npx cross-env BABEL_SHOW_CONFIG_FOR=/Users/Ajaya/Documents/TizenGitTVApp/node_modules/@mui/material/Modal/ModalManager.js <your build command>
See https://babeljs.io/docs/configuration#print-effective-configs for more info.
Though the "loose" option was set to "true" in your @babel/preset-env config, it will not be used for @babel/plugin-transform-private-property-in-object since the "loose" mode option was set to "false" for @babel/plugin-transform-class-properties.
The "loose" option must be the same for @babel/plugin-transform-class-properties, @babel/plugin-transform-private-methods and @babel/plugin-transform-private-property-in-object (when they are enabled): you can silence this warning by explicitly adding
	["@babel/plugin-transform-private-property-in-object", { "loose": false }]
to the "plugins" section of your Babel config.

If you already set the same 'loose' mode for these plugins in your config, it's possible that they are enabled multiple times with different options.
You can re-run Babel with the BABEL_SHOW_CONFIG_FOR environment variable to show the loaded configuration:
	npx cross-env BABEL_SHOW_CONFIG_FOR=/Users/Ajaya/Documents/TizenGitTVApp/node_modules/@mui/material/MenuList/MenuList.js <your build command>
See https://babeljs.io/docs/configuration#print-effective-configs for more info.
Though the "loose" option was set to "true" in your @babel/preset-env config, it will not be used for @babel/plugin-transform-private-methods since the "loose" mode option was set to "false" for @babel/plugin-transform-private-property-in-object.
The "loose" option must be the same for @babel/plugin-transform-class-properties, @babel/plugin-transform-private-methods and @babel/plugin-transform-private-property-in-object (when they are enabled): you can silence this warning by explicitly adding
	["@babel/plugin-transform-private-methods", { "loose": false }]
to the "plugins" section of your Babel config.

If you already set the same 'loose' mode for these plugins in your config, it's possible that they are enabled multiple times with different options.
You can re-run Babel with the BABEL_SHOW_CONFIG_FOR environment variable to show the loaded configuration:
	npx cross-env BABEL_SHOW_CONFIG_FOR=/Users/Ajaya/Documents/TizenGitTVApp/node_modules/@mui/material/MenuList/MenuList.js <your build command>
See https://babeljs.io/docs/configuration#print-effective-configs for more info.
Though the "loose" option was set to "true" in your @babel/preset-env config, it will not be used for @babel/plugin-transform-private-property-in-object since the "loose" mode option was set to "false" for @babel/plugin-transform-class-properties.
The "loose" option must be the same for @babel/plugin-transform-class-properties, @babel/plugin-transform-private-methods and @babel/plugin-transform-private-property-in-object (when they are enabled): you can silence this warning by explicitly adding
	["@babel/plugin-transform-private-property-in-object", { "loose": false }]
to the "plugins" section of your Babel config.

If you already set the same 'loose' mode for these plugins in your config, it's possible that they are enabled multiple times with different options.
You can re-run Babel with the BABEL_SHOW_CONFIG_FOR environment variable to show the loaded configuration:
	npx cross-env BABEL_SHOW_CONFIG_FOR=/Users/Ajaya/Documents/TizenGitTVApp/node_modules/@mui/material/MobileStepper/MobileStepper.js <your build command>
See https://babeljs.io/docs/configuration#print-effective-configs for more info.
Though the "loose" option was set to "true" in your @babel/preset-env config, it will not be used for @babel/plugin-transform-private-methods since the "loose" mode option was set to "false" for @babel/plugin-transform-private-property-in-object.
The "loose" option must be the same for @babel/plugin-transform-class-properties, @babel/plugin-transform-private-methods and @babel/plugin-transform-private-property-in-object (when they are enabled): you can silence this warning by explicitly adding
	["@babel/plugin-transform-private-methods", { "loose": false }]
to the "plugins" section of your Babel config.

If you already set the same 'loose' mode for these plugins in your config, it's possible that they are enabled multiple times with different options.
You can re-run Babel with the BABEL_SHOW_CONFIG_FOR environment variable to show the loaded configuration:
	npx cross-env BABEL_SHOW_CONFIG_FOR=/Users/Ajaya/Documents/TizenGitTVApp/node_modules/@mui/material/MobileStepper/MobileStepper.js <your build command>
See https://babeljs.io/docs/configuration#print-effective-configs for more info.
Though the "loose" option was set to "true" in your @babel/preset-env config, it will not be used for @babel/plugin-transform-private-property-in-object since the "loose" mode option was set to "false" for @babel/plugin-transform-class-properties.
The "loose" option must be the same for @babel/plugin-transform-class-properties, @babel/plugin-transform-private-methods and @babel/plugin-transform-private-property-in-object (when they are enabled): you can silence this warning by explicitly adding
	["@babel/plugin-transform-private-property-in-object", { "loose": false }]
to the "plugins" section of your Babel config.

If you already set the same 'loose' mode for these plugins in your config, it's possible that they are enabled multiple times with different options.
You can re-run Babel with the BABEL_SHOW_CONFIG_FOR environment variable to show the loaded configuration:
	npx cross-env BABEL_SHOW_CONFIG_FOR=/Users/Ajaya/Documents/TizenGitTVApp/node_modules/@mui/material/MobileStepper/mobileStepperClasses.js <your build command>
See https://babeljs.io/docs/configuration#print-effective-configs for more info.
Though the "loose" option was set to "true" in your @babel/preset-env config, it will not be used for @babel/plugin-transform-private-methods since the "loose" mode option was set to "false" for @babel/plugin-transform-private-property-in-object.
The "loose" option must be the same for @babel/plugin-transform-class-properties, @babel/plugin-transform-private-methods and @babel/plugin-transform-private-property-in-object (when they are enabled): you can silence this warning by explicitly adding
	["@babel/plugin-transform-private-methods", { "loose": false }]
to the "plugins" section of your Babel config.

If you already set the same 'loose' mode for these plugins in your config, it's possible that they are enabled multiple times with different options.
You can re-run Babel with the BABEL_SHOW_CONFIG_FOR environment variable to show the loaded configuration:
	npx cross-env BABEL_SHOW_CONFIG_FOR=/Users/Ajaya/Documents/TizenGitTVApp/node_modules/@mui/material/MobileStepper/mobileStepperClasses.js <your build command>
See https://babeljs.io/docs/configuration#print-effective-configs for more info.
Though the "loose" option was set to "true" in your @babel/preset-env config, it will not be used for @babel/plugin-transform-private-property-in-object since the "loose" mode option was set to "false" for @babel/plugin-transform-class-properties.
The "loose" option must be the same for @babel/plugin-transform-class-properties, @babel/plugin-transform-private-methods and @babel/plugin-transform-private-property-in-object (when they are enabled): you can silence this warning by explicitly adding
	["@babel/plugin-transform-private-property-in-object", { "loose": false }]
to the "plugins" section of your Babel config.

If you already set the same 'loose' mode for these plugins in your config, it's possible that they are enabled multiple times with different options.
You can re-run Babel with the BABEL_SHOW_CONFIG_FOR environment variable to show the loaded configuration:
	npx cross-env BABEL_SHOW_CONFIG_FOR=/Users/Ajaya/Documents/TizenGitTVApp/node_modules/@mui/material/MenuItem/menuItemClasses.js <your build command>
See https://babeljs.io/docs/configuration#print-effective-configs for more info.
Though the "loose" option was set to "true" in your @babel/preset-env config, it will not be used for @babel/plugin-transform-private-methods since the "loose" mode option was set to "false" for @babel/plugin-transform-private-property-in-object.
The "loose" option must be the same for @babel/plugin-transform-class-properties, @babel/plugin-transform-private-methods and @babel/plugin-transform-private-property-in-object (when they are enabled): you can silence this warning by explicitly adding
	["@babel/plugin-transform-private-methods", { "loose": false }]
to the "plugins" section of your Babel config.

If you already set the same 'loose' mode for these plugins in your config, it's possible that they are enabled multiple times with different options.
You can re-run Babel with the BABEL_SHOW_CONFIG_FOR environment variable to show the loaded configuration:
	npx cross-env BABEL_SHOW_CONFIG_FOR=/Users/Ajaya/Documents/TizenGitTVApp/node_modules/@mui/material/MenuItem/menuItemClasses.js <your build command>
See https://babeljs.io/docs/configuration#print-effective-configs for more info.
Though the "loose" option was set to "true" in your @babel/preset-env config, it will not be used for @babel/plugin-transform-private-property-in-object since the "loose" mode option was set to "false" for @babel/plugin-transform-class-properties.
The "loose" option must be the same for @babel/plugin-transform-class-properties, @babel/plugin-transform-private-methods and @babel/plugin-transform-private-property-in-object (when they are enabled): you can silence this warning by explicitly adding
	["@babel/plugin-transform-private-property-in-object", { "loose": false }]
to the "plugins" section of your Babel config.

If you already set the same 'loose' mode for these plugins in your config, it's possible that they are enabled multiple times with different options.
You can re-run Babel with the BABEL_SHOW_CONFIG_FOR environment variable to show the loaded configuration:
	npx cross-env BABEL_SHOW_CONFIG_FOR=/Users/Ajaya/Documents/TizenGitTVApp/node_modules/@mui/material/MenuItem/MenuItem.js <your build command>
See https://babeljs.io/docs/configuration#print-effective-configs for more info.
Though the "loose" option was set to "true" in your @babel/preset-env config, it will not be used for @babel/plugin-transform-private-methods since the "loose" mode option was set to "false" for @babel/plugin-transform-private-property-in-object.
The "loose" option must be the same for @babel/plugin-transform-class-properties, @babel/plugin-transform-private-methods and @babel/plugin-transform-private-property-in-object (when they are enabled): you can silence this warning by explicitly adding
	["@babel/plugin-transform-private-methods", { "loose": false }]
to the "plugins" section of your Babel config.

If you already set the same 'loose' mode for these plugins in your config, it's possible that they are enabled multiple times with different options.
You can re-run Babel with the BABEL_SHOW_CONFIG_FOR environment variable to show the loaded configuration:
	npx cross-env BABEL_SHOW_CONFIG_FOR=/Users/Ajaya/Documents/TizenGitTVApp/node_modules/@mui/material/MenuItem/MenuItem.js <your build command>
See https://babeljs.io/docs/configuration#print-effective-configs for more info.
Though the "loose" option was set to "true" in your @babel/preset-env config, it will not be used for @babel/plugin-transform-private-property-in-object since the "loose" mode option was set to "false" for @babel/plugin-transform-class-properties.
The "loose" option must be the same for @babel/plugin-transform-class-properties, @babel/plugin-transform-private-methods and @babel/plugin-transform-private-property-in-object (when they are enabled): you can silence this warning by explicitly adding
	["@babel/plugin-transform-private-property-in-object", { "loose": false }]
to the "plugins" section of your Babel config.

If you already set the same 'loose' mode for these plugins in your config, it's possible that they are enabled multiple times with different options.
You can re-run Babel with the BABEL_SHOW_CONFIG_FOR environment variable to show the loaded configuration:
	npx cross-env BABEL_SHOW_CONFIG_FOR=/Users/Ajaya/Documents/TizenGitTVApp/node_modules/@mui/material/Menu/menuClasses.js <your build command>
See https://babeljs.io/docs/configuration#print-effective-configs for more info.
Though the "loose" option was set to "true" in your @babel/preset-env config, it will not be used for @babel/plugin-transform-private-methods since the "loose" mode option was set to "false" for @babel/plugin-transform-private-property-in-object.
The "loose" option must be the same for @babel/plugin-transform-class-properties, @babel/plugin-transform-private-methods and @babel/plugin-transform-private-property-in-object (when they are enabled): you can silence this warning by explicitly adding
	["@babel/plugin-transform-private-methods", { "loose": false }]
to the "plugins" section of your Babel config.

If you already set the same 'loose' mode for these plugins in your config, it's possible that they are enabled multiple times with different options.
You can re-run Babel with the BABEL_SHOW_CONFIG_FOR environment variable to show the loaded configuration:
	npx cross-env BABEL_SHOW_CONFIG_FOR=/Users/Ajaya/Documents/TizenGitTVApp/node_modules/@mui/material/Menu/menuClasses.js <your build command>
See https://babeljs.io/docs/configuration#print-effective-configs for more info.
Though the "loose" option was set to "true" in your @babel/preset-env config, it will not be used for @babel/plugin-transform-private-property-in-object since the "loose" mode option was set to "false" for @babel/plugin-transform-class-properties.
The "loose" option must be the same for @babel/plugin-transform-class-properties, @babel/plugin-transform-private-methods and @babel/plugin-transform-private-property-in-object (when they are enabled): you can silence this warning by explicitly adding
	["@babel/plugin-transform-private-property-in-object", { "loose": false }]
to the "plugins" section of your Babel config.

If you already set the same 'loose' mode for these plugins in your config, it's possible that they are enabled multiple times with different options.
You can re-run Babel with the BABEL_SHOW_CONFIG_FOR environment variable to show the loaded configuration:
	npx cross-env BABEL_SHOW_CONFIG_FOR=/Users/Ajaya/Documents/TizenGitTVApp/node_modules/@mui/material/Menu/Menu.js <your build command>
See https://babeljs.io/docs/configuration#print-effective-configs for more info.
Though the "loose" option was set to "true" in your @babel/preset-env config, it will not be used for @babel/plugin-transform-private-methods since the "loose" mode option was set to "false" for @babel/plugin-transform-private-property-in-object.
The "loose" option must be the same for @babel/plugin-transform-class-properties, @babel/plugin-transform-private-methods and @babel/plugin-transform-private-property-in-object (when they are enabled): you can silence this warning by explicitly adding
	["@babel/plugin-transform-private-methods", { "loose": false }]
to the "plugins" section of your Babel config.

If you already set the same 'loose' mode for these plugins in your config, it's possible that they are enabled multiple times with different options.
You can re-run Babel with the BABEL_SHOW_CONFIG_FOR environment variable to show the loaded configuration:
	npx cross-env BABEL_SHOW_CONFIG_FOR=/Users/Ajaya/Documents/TizenGitTVApp/node_modules/@mui/material/Menu/Menu.js <your build command>
See https://babeljs.io/docs/configuration#print-effective-configs for more info.
Though the "loose" option was set to "true" in your @babel/preset-env config, it will not be used for @babel/plugin-transform-private-property-in-object since the "loose" mode option was set to "false" for @babel/plugin-transform-class-properties.
The "loose" option must be the same for @babel/plugin-transform-class-properties, @babel/plugin-transform-private-methods and @babel/plugin-transform-private-property-in-object (when they are enabled): you can silence this warning by explicitly adding
	["@babel/plugin-transform-private-property-in-object", { "loose": false }]
to the "plugins" section of your Babel config.

If you already set the same 'loose' mode for these plugins in your config, it's possible that they are enabled multiple times with different options.
You can re-run Babel with the BABEL_SHOW_CONFIG_FOR environment variable to show the loaded configuration:
	npx cross-env BABEL_SHOW_CONFIG_FOR=/Users/Ajaya/Documents/TizenGitTVApp/node_modules/@mui/material/Table/Tablelvl2Context.js <your build command>
See https://babeljs.io/docs/configuration#print-effective-configs for more info.
Though the "loose" option was set to "true" in your @babel/preset-env config, it will not be used for @babel/plugin-transform-private-methods since the "loose" mode option was set to "false" for @babel/plugin-transform-private-property-in-object.
The "loose" option must be the same for @babel/plugin-transform-class-properties, @babel/plugin-transform-private-methods and @babel/plugin-transform-private-property-in-object (when they are enabled): you can silence this warning by explicitly adding
	["@babel/plugin-transform-private-methods", { "loose": false }]
to the "plugins" section of your Babel config.

If you already set the same 'loose' mode for these plugins in your config, it's possible that they are enabled multiple times with different options.
You can re-run Babel with the BABEL_SHOW_CONFIG_FOR environment variable to show the loaded configuration:
	npx cross-env BABEL_SHOW_CONFIG_FOR=/Users/Ajaya/Documents/TizenGitTVApp/node_modules/@mui/material/Table/Tablelvl2Context.js <your build command>
See https://babeljs.io/docs/configuration#print-effective-configs for more info.
Though the "loose" option was set to "true" in your @babel/preset-env config, it will not be used for @babel/plugin-transform-private-property-in-object since the "loose" mode option was set to "false" for @babel/plugin-transform-class-properties.
The "loose" option must be the same for @babel/plugin-transform-class-properties, @babel/plugin-transform-private-methods and @babel/plugin-transform-private-property-in-object (when they are enabled): you can silence this warning by explicitly adding
	["@babel/plugin-transform-private-property-in-object", { "loose": false }]
to the "plugins" section of your Babel config.

If you already set the same 'loose' mode for these plugins in your config, it's possible that they are enabled multiple times with different options.
You can re-run Babel with the BABEL_SHOW_CONFIG_FOR environment variable to show the loaded configuration:
	npx cross-env BABEL_SHOW_CONFIG_FOR=/Users/Ajaya/Documents/TizenGitTVApp/node_modules/@mui/material/NativeSelect/nativeSelectClasses.js <your build command>
See https://babeljs.io/docs/configuration#print-effective-configs for more info.
Though the "loose" option was set to "true" in your @babel/preset-env config, it will not be used for @babel/plugin-transform-private-methods since the "loose" mode option was set to "false" for @babel/plugin-transform-private-property-in-object.
The "loose" option must be the same for @babel/plugin-transform-class-properties, @babel/plugin-transform-private-methods and @babel/plugin-transform-private-property-in-object (when they are enabled): you can silence this warning by explicitly adding
	["@babel/plugin-transform-private-methods", { "loose": false }]
to the "plugins" section of your Babel config.

If you already set the same 'loose' mode for these plugins in your config, it's possible that they are enabled multiple times with different options.
You can re-run Babel with the BABEL_SHOW_CONFIG_FOR environment variable to show the loaded configuration:
	npx cross-env BABEL_SHOW_CONFIG_FOR=/Users/Ajaya/Documents/TizenGitTVApp/node_modules/@mui/material/NativeSelect/nativeSelectClasses.js <your build command>
See https://babeljs.io/docs/configuration#print-effective-configs for more info.
Though the "loose" option was set to "true" in your @babel/preset-env config, it will not be used for @babel/plugin-transform-private-property-in-object since the "loose" mode option was set to "false" for @babel/plugin-transform-class-properties.
The "loose" option must be the same for @babel/plugin-transform-class-properties, @babel/plugin-transform-private-methods and @babel/plugin-transform-private-property-in-object (when they are enabled): you can silence this warning by explicitly adding
	["@babel/plugin-transform-private-property-in-object", { "loose": false }]
to the "plugins" section of your Babel config.

If you already set the same 'loose' mode for these plugins in your config, it's possible that they are enabled multiple times with different options.
You can re-run Babel with the BABEL_SHOW_CONFIG_FOR environment variable to show the loaded configuration:
	npx cross-env BABEL_SHOW_CONFIG_FOR=/Users/Ajaya/Documents/TizenGitTVApp/node_modules/@mui/material/Table/TableContext.js <your build command>
See https://babeljs.io/docs/configuration#print-effective-configs for more info.
Though the "loose" option was set to "true" in your @babel/preset-env config, it will not be used for @babel/plugin-transform-private-methods since the "loose" mode option was set to "false" for @babel/plugin-transform-private-property-in-object.
The "loose" option must be the same for @babel/plugin-transform-class-properties, @babel/plugin-transform-private-methods and @babel/plugin-transform-private-property-in-object (when they are enabled): you can silence this warning by explicitly adding
	["@babel/plugin-transform-private-methods", { "loose": false }]
to the "plugins" section of your Babel config.

If you already set the same 'loose' mode for these plugins in your config, it's possible that they are enabled multiple times with different options.
You can re-run Babel with the BABEL_SHOW_CONFIG_FOR environment variable to show the loaded configuration:
	npx cross-env BABEL_SHOW_CONFIG_FOR=/Users/Ajaya/Documents/TizenGitTVApp/node_modules/@mui/material/Table/TableContext.js <your build command>
See https://babeljs.io/docs/configuration#print-effective-configs for more info.
Though the "loose" option was set to "true" in your @babel/preset-env config, it will not be used for @babel/plugin-transform-private-property-in-object since the "loose" mode option was set to "false" for @babel/plugin-transform-class-properties.
The "loose" option must be the same for @babel/plugin-transform-class-properties, @babel/plugin-transform-private-methods and @babel/plugin-transform-private-property-in-object (when they are enabled): you can silence this warning by explicitly adding
	["@babel/plugin-transform-private-property-in-object", { "loose": false }]
to the "plugins" section of your Babel config.

If you already set the same 'loose' mode for these plugins in your config, it's possible that they are enabled multiple times with different options.
You can re-run Babel with the BABEL_SHOW_CONFIG_FOR environment variable to show the loaded configuration:
	npx cross-env BABEL_SHOW_CONFIG_FOR=/Users/Ajaya/Documents/TizenGitTVApp/node_modules/@mui/material/utils/capitalize.js <your build command>
See https://babeljs.io/docs/configuration#print-effective-configs for more info.
Though the "loose" option was set to "true" in your @babel/preset-env config, it will not be used for @babel/plugin-transform-private-methods since the "loose" mode option was set to "false" for @babel/plugin-transform-private-property-in-object.
The "loose" option must be the same for @babel/plugin-transform-class-properties, @babel/plugin-transform-private-methods and @babel/plugin-transform-private-property-in-object (when they are enabled): you can silence this warning by explicitly adding
	["@babel/plugin-transform-private-methods", { "loose": false }]
to the "plugins" section of your Babel config.

If you already set the same 'loose' mode for these plugins in your config, it's possible that they are enabled multiple times with different options.
You can re-run Babel with the BABEL_SHOW_CONFIG_FOR environment variable to show the loaded configuration:
	npx cross-env BABEL_SHOW_CONFIG_FOR=/Users/Ajaya/Documents/TizenGitTVApp/node_modules/@mui/material/utils/capitalize.js <your build command>
See https://babeljs.io/docs/configuration#print-effective-configs for more info.
Though the "loose" option was set to "true" in your @babel/preset-env config, it will not be used for @babel/plugin-transform-private-property-in-object since the "loose" mode option was set to "false" for @babel/plugin-transform-class-properties.
The "loose" option must be the same for @babel/plugin-transform-class-properties, @babel/plugin-transform-private-methods and @babel/plugin-transform-private-property-in-object (when they are enabled): you can silence this warning by explicitly adding
	["@babel/plugin-transform-private-property-in-object", { "loose": false }]
to the "plugins" section of your Babel config.

If you already set the same 'loose' mode for these plugins in your config, it's possible that they are enabled multiple times with different options.
You can re-run Babel with the BABEL_SHOW_CONFIG_FOR environment variable to show the loaded configuration:
	npx cross-env BABEL_SHOW_CONFIG_FOR=/Users/Ajaya/Documents/TizenGitTVApp/node_modules/@mui/material/OutlinedInput/outlinedInputClasses.js <your build command>
See https://babeljs.io/docs/configuration#print-effective-configs for more info.
Though the "loose" option was set to "true" in your @babel/preset-env config, it will not be used for @babel/plugin-transform-private-methods since the "loose" mode option was set to "false" for @babel/plugin-transform-private-property-in-object.
The "loose" option must be the same for @babel/plugin-transform-class-properties, @babel/plugin-transform-private-methods and @babel/plugin-transform-private-property-in-object (when they are enabled): you can silence this warning by explicitly adding
	["@babel/plugin-transform-private-methods", { "loose": false }]
to the "plugins" section of your Babel config.

If you already set the same 'loose' mode for these plugins in your config, it's possible that they are enabled multiple times with different options.
You can re-run Babel with the BABEL_SHOW_CONFIG_FOR environment variable to show the loaded configuration:
	npx cross-env BABEL_SHOW_CONFIG_FOR=/Users/Ajaya/Documents/TizenGitTVApp/node_modules/@mui/material/OutlinedInput/outlinedInputClasses.js <your build command>
See https://babeljs.io/docs/configuration#print-effective-configs for more info.
Though the "loose" option was set to "true" in your @babel/preset-env config, it will not be used for @babel/plugin-transform-private-property-in-object since the "loose" mode option was set to "false" for @babel/plugin-transform-class-properties.
The "loose" option must be the same for @babel/plugin-transform-class-properties, @babel/plugin-transform-private-methods and @babel/plugin-transform-private-property-in-object (when they are enabled): you can silence this warning by explicitly adding
	["@babel/plugin-transform-private-property-in-object", { "loose": false }]
to the "plugins" section of your Babel config.

If you already set the same 'loose' mode for these plugins in your config, it's possible that they are enabled multiple times with different options.
You can re-run Babel with the BABEL_SHOW_CONFIG_FOR environment variable to show the loaded configuration:
	npx cross-env BABEL_SHOW_CONFIG_FOR=/Users/Ajaya/Documents/TizenGitTVApp/node_modules/@mui/material/NativeSelect/NativeSelect.js <your build command>
See https://babeljs.io/docs/configuration#print-effective-configs for more info.
Though the "loose" option was set to "true" in your @babel/preset-env config, it will not be used for @babel/plugin-transform-private-methods since the "loose" mode option was set to "false" for @babel/plugin-transform-private-property-in-object.
The "loose" option must be the same for @babel/plugin-transform-class-properties, @babel/plugin-transform-private-methods and @babel/plugin-transform-private-property-in-object (when they are enabled): you can silence this warning by explicitly adding
	["@babel/plugin-transform-private-methods", { "loose": false }]
to the "plugins" section of your Babel config.

If you already set the same 'loose' mode for these plugins in your config, it's possible that they are enabled multiple times with different options.
You can re-run Babel with the BABEL_SHOW_CONFIG_FOR environment variable to show the loaded configuration:
	npx cross-env BABEL_SHOW_CONFIG_FOR=/Users/Ajaya/Documents/TizenGitTVApp/node_modules/@mui/material/NativeSelect/NativeSelect.js <your build command>
See https://babeljs.io/docs/configuration#print-effective-configs for more info.
Though the "loose" option was set to "true" in your @babel/preset-env config, it will not be used for @babel/plugin-transform-private-property-in-object since the "loose" mode option was set to "false" for @babel/plugin-transform-class-properties.
The "loose" option must be the same for @babel/plugin-transform-class-properties, @babel/plugin-transform-private-methods and @babel/plugin-transform-private-property-in-object (when they are enabled): you can silence this warning by explicitly adding
	["@babel/plugin-transform-private-property-in-object", { "loose": false }]
to the "plugins" section of your Babel config.

If you already set the same 'loose' mode for these plugins in your config, it's possible that they are enabled multiple times with different options.
You can re-run Babel with the BABEL_SHOW_CONFIG_FOR environment variable to show the loaded configuration:
	npx cross-env BABEL_SHOW_CONFIG_FOR=/Users/Ajaya/Documents/TizenGitTVApp/node_modules/@mui/material/OutlinedInput/OutlinedInput.js <your build command>
See https://babeljs.io/docs/configuration#print-effective-configs for more info.
Though the "loose" option was set to "true" in your @babel/preset-env config, it will not be used for @babel/plugin-transform-private-methods since the "loose" mode option was set to "false" for @babel/plugin-transform-private-property-in-object.
The "loose" option must be the same for @babel/plugin-transform-class-properties, @babel/plugin-transform-private-methods and @babel/plugin-transform-private-property-in-object (when they are enabled): you can silence this warning by explicitly adding
	["@babel/plugin-transform-private-methods", { "loose": false }]
to the "plugins" section of your Babel config.

If you already set the same 'loose' mode for these plugins in your config, it's possible that they are enabled multiple times with different options.
You can re-run Babel with the BABEL_SHOW_CONFIG_FOR environment variable to show the loaded configuration:
	npx cross-env BABEL_SHOW_CONFIG_FOR=/Users/Ajaya/Documents/TizenGitTVApp/node_modules/@mui/material/OutlinedInput/OutlinedInput.js <your build command>
See https://babeljs.io/docs/configuration#print-effective-configs for more info.
Though the "loose" option was set to "true" in your @babel/preset-env config, it will not be used for @babel/plugin-transform-private-property-in-object since the "loose" mode option was set to "false" for @babel/plugin-transform-class-properties.
The "loose" option must be the same for @babel/plugin-transform-class-properties, @babel/plugin-transform-private-methods and @babel/plugin-transform-private-property-in-object (when they are enabled): you can silence this warning by explicitly adding
	["@babel/plugin-transform-private-property-in-object", { "loose": false }]
to the "plugins" section of your Babel config.

If you already set the same 'loose' mode for these plugins in your config, it's possible that they are enabled multiple times with different options.
You can re-run Babel with the BABEL_SHOW_CONFIG_FOR environment variable to show the loaded configuration:
	npx cross-env BABEL_SHOW_CONFIG_FOR=/Users/Ajaya/Documents/TizenGitTVApp/node_modules/@babel/runtime/helpers/isNativeReflectConstruct.js <your build command>
See https://babeljs.io/docs/configuration#print-effective-configs for more info.
Though the "loose" option was set to "true" in your @babel/preset-env config, it will not be used for @babel/plugin-transform-private-methods since the "loose" mode option was set to "false" for @babel/plugin-transform-private-property-in-object.
The "loose" option must be the same for @babel/plugin-transform-class-properties, @babel/plugin-transform-private-methods and @babel/plugin-transform-private-property-in-object (when they are enabled): you can silence this warning by explicitly adding
	["@babel/plugin-transform-private-methods", { "loose": false }]
to the "plugins" section of your Babel config.

If you already set the same 'loose' mode for these plugins in your config, it's possible that they are enabled multiple times with different options.
You can re-run Babel with the BABEL_SHOW_CONFIG_FOR environment variable to show the loaded configuration:
	npx cross-env BABEL_SHOW_CONFIG_FOR=/Users/Ajaya/Documents/TizenGitTVApp/node_modules/@babel/runtime/helpers/isNativeReflectConstruct.js <your build command>
See https://babeljs.io/docs/configuration#print-effective-configs for more info.
Though the "loose" option was set to "true" in your @babel/preset-env config, it will not be used for @babel/plugin-transform-private-property-in-object since the "loose" mode option was set to "false" for @babel/plugin-transform-class-properties.
The "loose" option must be the same for @babel/plugin-transform-class-properties, @babel/plugin-transform-private-methods and @babel/plugin-transform-private-property-in-object (when they are enabled): you can silence this warning by explicitly adding
	["@babel/plugin-transform-private-property-in-object", { "loose": false }]
to the "plugins" section of your Babel config.

If you already set the same 'loose' mode for these plugins in your config, it's possible that they are enabled multiple times with different options.
You can re-run Babel with the BABEL_SHOW_CONFIG_FOR environment variable to show the loaded configuration:
	npx cross-env BABEL_SHOW_CONFIG_FOR=/Users/Ajaya/Documents/TizenGitTVApp/node_modules/@babel/runtime/helpers/objectWithoutPropertiesLoose.js <your build command>
See https://babeljs.io/docs/configuration#print-effective-configs for more info.
Though the "loose" option was set to "true" in your @babel/preset-env config, it will not be used for @babel/plugin-transform-private-methods since the "loose" mode option was set to "false" for @babel/plugin-transform-private-property-in-object.
The "loose" option must be the same for @babel/plugin-transform-class-properties, @babel/plugin-transform-private-methods and @babel/plugin-transform-private-property-in-object (when they are enabled): you can silence this warning by explicitly adding
	["@babel/plugin-transform-private-methods", { "loose": false }]
to the "plugins" section of your Babel config.

If you already set the same 'loose' mode for these plugins in your config, it's possible that they are enabled multiple times with different options.
You can re-run Babel with the BABEL_SHOW_CONFIG_FOR environment variable to show the loaded configuration:
	npx cross-env BABEL_SHOW_CONFIG_FOR=/Users/Ajaya/Documents/TizenGitTVApp/node_modules/@babel/runtime/helpers/objectWithoutPropertiesLoose.js <your build command>
See https://babeljs.io/docs/configuration#print-effective-configs for more info.
Though the "loose" option was set to "true" in your @babel/preset-env config, it will not be used for @babel/plugin-transform-private-property-in-object since the "loose" mode option was set to "false" for @babel/plugin-transform-class-properties.
The "loose" option must be the same for @babel/plugin-transform-class-properties, @babel/plugin-transform-private-methods and @babel/plugin-transform-private-property-in-object (when they are enabled): you can silence this warning by explicitly adding
	["@babel/plugin-transform-private-property-in-object", { "loose": false }]
to the "plugins" section of your Babel config.

If you already set the same 'loose' mode for these plugins in your config, it's possible that they are enabled multiple times with different options.
You can re-run Babel with the BABEL_SHOW_CONFIG_FOR environment variable to show the loaded configuration:
	npx cross-env BABEL_SHOW_CONFIG_FOR=/Users/Ajaya/Documents/TizenGitTVApp/node_modules/@mui/material/SwipeableDrawer/SwipeArea.js <your build command>
See https://babeljs.io/docs/configuration#print-effective-configs for more info.
Though the "loose" option was set to "true" in your @babel/preset-env config, it will not be used for @babel/plugin-transform-private-methods since the "loose" mode option was set to "false" for @babel/plugin-transform-private-property-in-object.
The "loose" option must be the same for @babel/plugin-transform-class-properties, @babel/plugin-transform-private-methods and @babel/plugin-transform-private-property-in-object (when they are enabled): you can silence this warning by explicitly adding
	["@babel/plugin-transform-private-methods", { "loose": false }]
to the "plugins" section of your Babel config.

If you already set the same 'loose' mode for these plugins in your config, it's possible that they are enabled multiple times with different options.
You can re-run Babel with the BABEL_SHOW_CONFIG_FOR environment variable to show the loaded configuration:
	npx cross-env BABEL_SHOW_CONFIG_FOR=/Users/Ajaya/Documents/TizenGitTVApp/node_modules/@mui/material/SwipeableDrawer/SwipeArea.js <your build command>
See https://babeljs.io/docs/configuration#print-effective-configs for more info.
Though the "loose" option was set to "true" in your @babel/preset-env config, it will not be used for @babel/plugin-transform-private-property-in-object since the "loose" mode option was set to "false" for @babel/plugin-transform-class-properties.
The "loose" option must be the same for @babel/plugin-transform-class-properties, @babel/plugin-transform-private-methods and @babel/plugin-transform-private-property-in-object (when they are enabled): you can silence this warning by explicitly adding
	["@babel/plugin-transform-private-property-in-object", { "loose": false }]
to the "plugins" section of your Babel config.

If you already set the same 'loose' mode for these plugins in your config, it's possible that they are enabled multiple times with different options.
You can re-run Babel with the BABEL_SHOW_CONFIG_FOR environment variable to show the loaded configuration:
	npx cross-env BABEL_SHOW_CONFIG_FOR=/Users/Ajaya/Documents/TizenGitTVApp/node_modules/@mui/material/utils/unsupportedProp.js <your build command>
See https://babeljs.io/docs/configuration#print-effective-configs for more info.
Though the "loose" option was set to "true" in your @babel/preset-env config, it will not be used for @babel/plugin-transform-private-methods since the "loose" mode option was set to "false" for @babel/plugin-transform-private-property-in-object.
The "loose" option must be the same for @babel/plugin-transform-class-properties, @babel/plugin-transform-private-methods and @babel/plugin-transform-private-property-in-object (when they are enabled): you can silence this warning by explicitly adding
	["@babel/plugin-transform-private-methods", { "loose": false }]
to the "plugins" section of your Babel config.

If you already set the same 'loose' mode for these plugins in your config, it's possible that they are enabled multiple times with different options.
You can re-run Babel with the BABEL_SHOW_CONFIG_FOR environment variable to show the loaded configuration:
	npx cross-env BABEL_SHOW_CONFIG_FOR=/Users/Ajaya/Documents/TizenGitTVApp/node_modules/@mui/material/utils/unsupportedProp.js <your build command>
See https://babeljs.io/docs/configuration#print-effective-configs for more info.
Though the "loose" option was set to "true" in your @babel/preset-env config, it will not be used for @babel/plugin-transform-private-property-in-object since the "loose" mode option was set to "false" for @babel/plugin-transform-class-properties.
The "loose" option must be the same for @babel/plugin-transform-class-properties, @babel/plugin-transform-private-methods and @babel/plugin-transform-private-property-in-object (when they are enabled): you can silence this warning by explicitly adding
	["@babel/plugin-transform-private-property-in-object", { "loose": false }]
to the "plugins" section of your Babel config.

If you already set the same 'loose' mode for these plugins in your config, it's possible that they are enabled multiple times with different options.
You can re-run Babel with the BABEL_SHOW_CONFIG_FOR environment variable to show the loaded configuration:
	npx cross-env BABEL_SHOW_CONFIG_FOR=/Users/Ajaya/Documents/TizenGitTVApp/node_modules/@mui/utils/generateUtilityClasses/generateUtilityClasses.js <your build command>
See https://babeljs.io/docs/configuration#print-effective-configs for more info.
Though the "loose" option was set to "true" in your @babel/preset-env config, it will not be used for @babel/plugin-transform-private-methods since the "loose" mode option was set to "false" for @babel/plugin-transform-private-property-in-object.
The "loose" option must be the same for @babel/plugin-transform-class-properties, @babel/plugin-transform-private-methods and @babel/plugin-transform-private-property-in-object (when they are enabled): you can silence this warning by explicitly adding
	["@babel/plugin-transform-private-methods", { "loose": false }]
to the "plugins" section of your Babel config.

If you already set the same 'loose' mode for these plugins in your config, it's possible that they are enabled multiple times with different options.
You can re-run Babel with the BABEL_SHOW_CONFIG_FOR environment variable to show the loaded configuration:
	npx cross-env BABEL_SHOW_CONFIG_FOR=/Users/Ajaya/Documents/TizenGitTVApp/node_modules/@mui/utils/generateUtilityClasses/generateUtilityClasses.js <your build command>
See https://babeljs.io/docs/configuration#print-effective-configs for more info.
Though the "loose" option was set to "true" in your @babel/preset-env config, it will not be used for @babel/plugin-transform-private-property-in-object since the "loose" mode option was set to "false" for @babel/plugin-transform-class-properties.
The "loose" option must be the same for @babel/plugin-transform-class-properties, @babel/plugin-transform-private-methods and @babel/plugin-transform-private-property-in-object (when they are enabled): you can silence this warning by explicitly adding
	["@babel/plugin-transform-private-property-in-object", { "loose": false }]
to the "plugins" section of your Babel config.

If you already set the same 'loose' mode for these plugins in your config, it's possible that they are enabled multiple times with different options.
You can re-run Babel with the BABEL_SHOW_CONFIG_FOR environment variable to show the loaded configuration:
	npx cross-env BABEL_SHOW_CONFIG_FOR=/Users/Ajaya/Documents/TizenGitTVApp/node_modules/@mui/utils/generateUtilityClass/generateUtilityClass.js <your build command>
See https://babeljs.io/docs/configuration#print-effective-configs for more info.
Though the "loose" option was set to "true" in your @babel/preset-env config, it will not be used for @babel/plugin-transform-private-methods since the "loose" mode option was set to "false" for @babel/plugin-transform-private-property-in-object.
The "loose" option must be the same for @babel/plugin-transform-class-properties, @babel/plugin-transform-private-methods and @babel/plugin-transform-private-property-in-object (when they are enabled): you can silence this warning by explicitly adding
	["@babel/plugin-transform-private-methods", { "loose": false }]
to the "plugins" section of your Babel config.

If you already set the same 'loose' mode for these plugins in your config, it's possible that they are enabled multiple times with different options.
You can re-run Babel with the BABEL_SHOW_CONFIG_FOR environment variable to show the loaded configuration:
	npx cross-env BABEL_SHOW_CONFIG_FOR=/Users/Ajaya/Documents/TizenGitTVApp/node_modules/@mui/utils/generateUtilityClass/generateUtilityClass.js <your build command>
See https://babeljs.io/docs/configuration#print-effective-configs for more info.
Though the "loose" option was set to "true" in your @babel/preset-env config, it will not be used for @babel/plugin-transform-private-property-in-object since the "loose" mode option was set to "false" for @babel/plugin-transform-class-properties.
The "loose" option must be the same for @babel/plugin-transform-class-properties, @babel/plugin-transform-private-methods and @babel/plugin-transform-private-property-in-object (when they are enabled): you can silence this warning by explicitly adding
	["@babel/plugin-transform-private-property-in-object", { "loose": false }]
to the "plugins" section of your Babel config.

If you already set the same 'loose' mode for these plugins in your config, it's possible that they are enabled multiple times with different options.
You can re-run Babel with the BABEL_SHOW_CONFIG_FOR environment variable to show the loaded configuration:
	npx cross-env BABEL_SHOW_CONFIG_FOR=/Users/Ajaya/Documents/TizenGitTVApp/node_modules/@mui/material/internal/SwitchBase.js <your build command>
See https://babeljs.io/docs/configuration#print-effective-configs for more info.
Though the "loose" option was set to "true" in your @babel/preset-env config, it will not be used for @babel/plugin-transform-private-methods since the "loose" mode option was set to "false" for @babel/plugin-transform-private-property-in-object.
The "loose" option must be the same for @babel/plugin-transform-class-properties, @babel/plugin-transform-private-methods and @babel/plugin-transform-private-property-in-object (when they are enabled): you can silence this warning by explicitly adding
	["@babel/plugin-transform-private-methods", { "loose": false }]
to the "plugins" section of your Babel config.

If you already set the same 'loose' mode for these plugins in your config, it's possible that they are enabled multiple times with different options.
You can re-run Babel with the BABEL_SHOW_CONFIG_FOR environment variable to show the loaded configuration:
	npx cross-env BABEL_SHOW_CONFIG_FOR=/Users/Ajaya/Documents/TizenGitTVApp/node_modules/@mui/material/internal/SwitchBase.js <your build command>
See https://babeljs.io/docs/configuration#print-effective-configs for more info.
Though the "loose" option was set to "true" in your @babel/preset-env config, it will not be used for @babel/plugin-transform-private-property-in-object since the "loose" mode option was set to "false" for @babel/plugin-transform-class-properties.
The "loose" option must be the same for @babel/plugin-transform-class-properties, @babel/plugin-transform-private-methods and @babel/plugin-transform-private-property-in-object (when they are enabled): you can silence this warning by explicitly adding
	["@babel/plugin-transform-private-property-in-object", { "loose": false }]
to the "plugins" section of your Babel config.

If you already set the same 'loose' mode for these plugins in your config, it's possible that they are enabled multiple times with different options.
You can re-run Babel with the BABEL_SHOW_CONFIG_FOR environment variable to show the loaded configuration:
	npx cross-env BABEL_SHOW_CONFIG_FOR=/Users/Ajaya/Documents/TizenGitTVApp/node_modules/@mui/material/utils/isMuiElement.js <your build command>
See https://babeljs.io/docs/configuration#print-effective-configs for more info.
Though the "loose" option was set to "true" in your @babel/preset-env config, it will not be used for @babel/plugin-transform-private-methods since the "loose" mode option was set to "false" for @babel/plugin-transform-private-property-in-object.
The "loose" option must be the same for @babel/plugin-transform-class-properties, @babel/plugin-transform-private-methods and @babel/plugin-transform-private-property-in-object (when they are enabled): you can silence this warning by explicitly adding
	["@babel/plugin-transform-private-methods", { "loose": false }]
to the "plugins" section of your Babel config.

If you already set the same 'loose' mode for these plugins in your config, it's possible that they are enabled multiple times with different options.
You can re-run Babel with the BABEL_SHOW_CONFIG_FOR environment variable to show the loaded configuration:
	npx cross-env BABEL_SHOW_CONFIG_FOR=/Users/Ajaya/Documents/TizenGitTVApp/node_modules/@mui/material/utils/isMuiElement.js <your build command>
See https://babeljs.io/docs/configuration#print-effective-configs for more info.
Though the "loose" option was set to "true" in your @babel/preset-env config, it will not be used for @babel/plugin-transform-private-property-in-object since the "loose" mode option was set to "false" for @babel/plugin-transform-class-properties.
The "loose" option must be the same for @babel/plugin-transform-class-properties, @babel/plugin-transform-private-methods and @babel/plugin-transform-private-property-in-object (when they are enabled): you can silence this warning by explicitly adding
	["@babel/plugin-transform-private-property-in-object", { "loose": false }]
to the "plugins" section of your Babel config.

If you already set the same 'loose' mode for these plugins in your config, it's possible that they are enabled multiple times with different options.
You can re-run Babel with the BABEL_SHOW_CONFIG_FOR environment variable to show the loaded configuration:
	npx cross-env BABEL_SHOW_CONFIG_FOR=/Users/Ajaya/Documents/TizenGitTVApp/node_modules/@mui/material/utils/useControlled.js <your build command>
See https://babeljs.io/docs/configuration#print-effective-configs for more info.
Though the "loose" option was set to "true" in your @babel/preset-env config, it will not be used for @babel/plugin-transform-private-methods since the "loose" mode option was set to "false" for @babel/plugin-transform-private-property-in-object.
The "loose" option must be the same for @babel/plugin-transform-class-properties, @babel/plugin-transform-private-methods and @babel/plugin-transform-private-property-in-object (when they are enabled): you can silence this warning by explicitly adding
	["@babel/plugin-transform-private-methods", { "loose": false }]
to the "plugins" section of your Babel config.

If you already set the same 'loose' mode for these plugins in your config, it's possible that they are enabled multiple times with different options.
You can re-run Babel with the BABEL_SHOW_CONFIG_FOR environment variable to show the loaded configuration:
	npx cross-env BABEL_SHOW_CONFIG_FOR=/Users/Ajaya/Documents/TizenGitTVApp/node_modules/@mui/material/utils/useControlled.js <your build command>
See https://babeljs.io/docs/configuration#print-effective-configs for more info.
Though the "loose" option was set to "true" in your @babel/preset-env config, it will not be used for @babel/plugin-transform-private-property-in-object since the "loose" mode option was set to "false" for @babel/plugin-transform-class-properties.
The "loose" option must be the same for @babel/plugin-transform-class-properties, @babel/plugin-transform-private-methods and @babel/plugin-transform-private-property-in-object (when they are enabled): you can silence this warning by explicitly adding
	["@babel/plugin-transform-private-property-in-object", { "loose": false }]
to the "plugins" section of your Babel config.

If you already set the same 'loose' mode for these plugins in your config, it's possible that they are enabled multiple times with different options.
You can re-run Babel with the BABEL_SHOW_CONFIG_FOR environment variable to show the loaded configuration:
	npx cross-env BABEL_SHOW_CONFIG_FOR=/Users/Ajaya/Documents/TizenGitTVApp/node_modules/@mui/material/DefaultPropsProvider/index.js <your build command>
See https://babeljs.io/docs/configuration#print-effective-configs for more info.
Though the "loose" option was set to "true" in your @babel/preset-env config, it will not be used for @babel/plugin-transform-private-methods since the "loose" mode option was set to "false" for @babel/plugin-transform-private-property-in-object.
The "loose" option must be the same for @babel/plugin-transform-class-properties, @babel/plugin-transform-private-methods and @babel/plugin-transform-private-property-in-object (when they are enabled): you can silence this warning by explicitly adding
	["@babel/plugin-transform-private-methods", { "loose": false }]
to the "plugins" section of your Babel config.

If you already set the same 'loose' mode for these plugins in your config, it's possible that they are enabled multiple times with different options.
You can re-run Babel with the BABEL_SHOW_CONFIG_FOR environment variable to show the loaded configuration:
	npx cross-env BABEL_SHOW_CONFIG_FOR=/Users/Ajaya/Documents/TizenGitTVApp/node_modules/@mui/material/DefaultPropsProvider/index.js <your build command>
See https://babeljs.io/docs/configuration#print-effective-configs for more info.
Though the "loose" option was set to "true" in your @babel/preset-env config, it will not be used for @babel/plugin-transform-private-property-in-object since the "loose" mode option was set to "false" for @babel/plugin-transform-class-properties.
The "loose" option must be the same for @babel/plugin-transform-class-properties, @babel/plugin-transform-private-methods and @babel/plugin-transform-private-property-in-object (when they are enabled): you can silence this warning by explicitly adding
	["@babel/plugin-transform-private-property-in-object", { "loose": false }]
to the "plugins" section of your Babel config.

If you already set the same 'loose' mode for these plugins in your config, it's possible that they are enabled multiple times with different options.
You can re-run Babel with the BABEL_SHOW_CONFIG_FOR environment variable to show the loaded configuration:
	npx cross-env BABEL_SHOW_CONFIG_FOR=/Users/Ajaya/Documents/TizenGitTVApp/node_modules/@mui/material/internal/svg-icons/Warning.js <your build command>
See https://babeljs.io/docs/configuration#print-effective-configs for more info.
Though the "loose" option was set to "true" in your @babel/preset-env config, it will not be used for @babel/plugin-transform-private-methods since the "loose" mode option was set to "false" for @babel/plugin-transform-private-property-in-object.
The "loose" option must be the same for @babel/plugin-transform-class-properties, @babel/plugin-transform-private-methods and @babel/plugin-transform-private-property-in-object (when they are enabled): you can silence this warning by explicitly adding
	["@babel/plugin-transform-private-methods", { "loose": false }]
to the "plugins" section of your Babel config.

If you already set the same 'loose' mode for these plugins in your config, it's possible that they are enabled multiple times with different options.
You can re-run Babel with the BABEL_SHOW_CONFIG_FOR environment variable to show the loaded configuration:
	npx cross-env BABEL_SHOW_CONFIG_FOR=/Users/Ajaya/Documents/TizenGitTVApp/node_modules/@mui/material/internal/svg-icons/Warning.js <your build command>
See https://babeljs.io/docs/configuration#print-effective-configs for more info.
Though the "loose" option was set to "true" in your @babel/preset-env config, it will not be used for @babel/plugin-transform-private-property-in-object since the "loose" mode option was set to "false" for @babel/plugin-transform-class-properties.
The "loose" option must be the same for @babel/plugin-transform-class-properties, @babel/plugin-transform-private-methods and @babel/plugin-transform-private-property-in-object (when they are enabled): you can silence this warning by explicitly adding
	["@babel/plugin-transform-private-property-in-object", { "loose": false }]
to the "plugins" section of your Babel config.

If you already set the same 'loose' mode for these plugins in your config, it's possible that they are enabled multiple times with different options.
You can re-run Babel with the BABEL_SHOW_CONFIG_FOR environment variable to show the loaded configuration:
	npx cross-env BABEL_SHOW_CONFIG_FOR=/Users/Ajaya/Documents/TizenGitTVApp/node_modules/@mui/material/Snackbar/useSnackbar.js <your build command>
See https://babeljs.io/docs/configuration#print-effective-configs for more info.
Though the "loose" option was set to "true" in your @babel/preset-env config, it will not be used for @babel/plugin-transform-private-methods since the "loose" mode option was set to "false" for @babel/plugin-transform-private-property-in-object.
The "loose" option must be the same for @babel/plugin-transform-class-properties, @babel/plugin-transform-private-methods and @babel/plugin-transform-private-property-in-object (when they are enabled): you can silence this warning by explicitly adding
	["@babel/plugin-transform-private-methods", { "loose": false }]
to the "plugins" section of your Babel config.

If you already set the same 'loose' mode for these plugins in your config, it's possible that they are enabled multiple times with different options.
You can re-run Babel with the BABEL_SHOW_CONFIG_FOR environment variable to show the loaded configuration:
	npx cross-env BABEL_SHOW_CONFIG_FOR=/Users/Ajaya/Documents/TizenGitTVApp/node_modules/@mui/material/Snackbar/useSnackbar.js <your build command>
See https://babeljs.io/docs/configuration#print-effective-configs for more info.
Though the "loose" option was set to "true" in your @babel/preset-env config, it will not be used for @babel/plugin-transform-private-property-in-object since the "loose" mode option was set to "false" for @babel/plugin-transform-class-properties.
The "loose" option must be the same for @babel/plugin-transform-class-properties, @babel/plugin-transform-private-methods and @babel/plugin-transform-private-property-in-object (when they are enabled): you can silence this warning by explicitly adding
	["@babel/plugin-transform-private-property-in-object", { "loose": false }]
to the "plugins" section of your Babel config.

If you already set the same 'loose' mode for these plugins in your config, it's possible that they are enabled multiple times with different options.
You can re-run Babel with the BABEL_SHOW_CONFIG_FOR environment variable to show the loaded configuration:
	npx cross-env BABEL_SHOW_CONFIG_FOR=/Users/Ajaya/Documents/TizenGitTVApp/node_modules/@mui/material/utils/useId.js <your build command>
See https://babeljs.io/docs/configuration#print-effective-configs for more info.
Though the "loose" option was set to "true" in your @babel/preset-env config, it will not be used for @babel/plugin-transform-private-methods since the "loose" mode option was set to "false" for @babel/plugin-transform-private-property-in-object.
The "loose" option must be the same for @babel/plugin-transform-class-properties, @babel/plugin-transform-private-methods and @babel/plugin-transform-private-property-in-object (when they are enabled): you can silence this warning by explicitly adding
	["@babel/plugin-transform-private-methods", { "loose": false }]
to the "plugins" section of your Babel config.

If you already set the same 'loose' mode for these plugins in your config, it's possible that they are enabled multiple times with different options.
You can re-run Babel with the BABEL_SHOW_CONFIG_FOR environment variable to show the loaded configuration:
	npx cross-env BABEL_SHOW_CONFIG_FOR=/Users/Ajaya/Documents/TizenGitTVApp/node_modules/@mui/material/utils/useId.js <your build command>
See https://babeljs.io/docs/configuration#print-effective-configs for more info.
Though the "loose" option was set to "true" in your @babel/preset-env config, it will not be used for @babel/plugin-transform-private-property-in-object since the "loose" mode option was set to "false" for @babel/plugin-transform-class-properties.
The "loose" option must be the same for @babel/plugin-transform-class-properties, @babel/plugin-transform-private-methods and @babel/plugin-transform-private-property-in-object (when they are enabled): you can silence this warning by explicitly adding
	["@babel/plugin-transform-private-property-in-object", { "loose": false }]
to the "plugins" section of your Babel config.

If you already set the same 'loose' mode for these plugins in your config, it's possible that they are enabled multiple times with different options.
You can re-run Babel with the BABEL_SHOW_CONFIG_FOR environment variable to show the loaded configuration:
	npx cross-env BABEL_SHOW_CONFIG_FOR=/Users/Ajaya/Documents/TizenGitTVApp/node_modules/@mui/material/RadioGroup/RadioGroupContext.js <your build command>
See https://babeljs.io/docs/configuration#print-effective-configs for more info.
Though the "loose" option was set to "true" in your @babel/preset-env config, it will not be used for @babel/plugin-transform-private-methods since the "loose" mode option was set to "false" for @babel/plugin-transform-private-property-in-object.
The "loose" option must be the same for @babel/plugin-transform-class-properties, @babel/plugin-transform-private-methods and @babel/plugin-transform-private-property-in-object (when they are enabled): you can silence this warning by explicitly adding
	["@babel/plugin-transform-private-methods", { "loose": false }]
to the "plugins" section of your Babel config.

If you already set the same 'loose' mode for these plugins in your config, it's possible that they are enabled multiple times with different options.
You can re-run Babel with the BABEL_SHOW_CONFIG_FOR environment variable to show the loaded configuration:
	npx cross-env BABEL_SHOW_CONFIG_FOR=/Users/Ajaya/Documents/TizenGitTVApp/node_modules/@mui/material/RadioGroup/RadioGroupContext.js <your build command>
See https://babeljs.io/docs/configuration#print-effective-configs for more info.
Though the "loose" option was set to "true" in your @babel/preset-env config, it will not be used for @babel/plugin-transform-private-property-in-object since the "loose" mode option was set to "false" for @babel/plugin-transform-class-properties.
The "loose" option must be the same for @babel/plugin-transform-class-properties, @babel/plugin-transform-private-methods and @babel/plugin-transform-private-property-in-object (when they are enabled): you can silence this warning by explicitly adding
	["@babel/plugin-transform-private-property-in-object", { "loose": false }]
to the "plugins" section of your Babel config.

If you already set the same 'loose' mode for these plugins in your config, it's possible that they are enabled multiple times with different options.
You can re-run Babel with the BABEL_SHOW_CONFIG_FOR environment variable to show the loaded configuration:
	npx cross-env BABEL_SHOW_CONFIG_FOR=/Users/Ajaya/Documents/TizenGitTVApp/node_modules/@mui/system/useMediaQuery/index.js <your build command>
See https://babeljs.io/docs/configuration#print-effective-configs for more info.
Though the "loose" option was set to "true" in your @babel/preset-env config, it will not be used for @babel/plugin-transform-private-property-in-object since the "loose" mode option was set to "false" for @babel/plugin-transform-class-properties.
The "loose" option must be the same for @babel/plugin-transform-class-properties, @babel/plugin-transform-private-methods and @babel/plugin-transform-private-property-in-object (when they are enabled): you can silence this warning by explicitly adding
	["@babel/plugin-transform-private-property-in-object", { "loose": false }]
to the "plugins" section of your Babel config.

If you already set the same 'loose' mode for these plugins in your config, it's possible that they are enabled multiple times with different options.
You can re-run Babel with the BABEL_SHOW_CONFIG_FOR environment variable to show the loaded configuration:
	npx cross-env BABEL_SHOW_CONFIG_FOR=/Users/Ajaya/Documents/TizenGitTVApp/node_modules/@mui/system/InitColorSchemeScript/index.js <your build command>
See https://babeljs.io/docs/configuration#print-effective-configs for more info.
Though the "loose" option was set to "true" in your @babel/preset-env config, it will not be used for @babel/plugin-transform-private-property-in-object since the "loose" mode option was set to "false" for @babel/plugin-transform-class-properties.
The "loose" option must be the same for @babel/plugin-transform-class-properties, @babel/plugin-transform-private-methods and @babel/plugin-transform-private-property-in-object (when they are enabled): you can silence this warning by explicitly adding
	["@babel/plugin-transform-private-property-in-object", { "loose": false }]
to the "plugins" section of your Babel config.

If you already set the same 'loose' mode for these plugins in your config, it's possible that they are enabled multiple times with different options.
You can re-run Babel with the BABEL_SHOW_CONFIG_FOR environment variable to show the loaded configuration:
	npx cross-env BABEL_SHOW_CONFIG_FOR=/Users/Ajaya/Documents/TizenGitTVApp/node_modules/@mui/system/index.js <your build command>
See https://babeljs.io/docs/configuration#print-effective-configs for more info.
Though the "loose" option was set to "true" in your @babel/preset-env config, it will not be used for @babel/plugin-transform-private-methods since the "loose" mode option was set to "false" for @babel/plugin-transform-private-property-in-object.
The "loose" option must be the same for @babel/plugin-transform-class-properties, @babel/plugin-transform-private-methods and @babel/plugin-transform-private-property-in-object (when they are enabled): you can silence this warning by explicitly adding
	["@babel/plugin-transform-private-methods", { "loose": false }]
to the "plugins" section of your Babel config.

If you already set the same 'loose' mode for these plugins in your config, it's possible that they are enabled multiple times with different options.
You can re-run Babel with the BABEL_SHOW_CONFIG_FOR environment variable to show the loaded configuration:
	npx cross-env BABEL_SHOW_CONFIG_FOR=/Users/Ajaya/Documents/TizenGitTVApp/node_modules/@mui/system/useMediaQuery/index.js <your build command>
See https://babeljs.io/docs/configuration#print-effective-configs for more info.
Though the "loose" option was set to "true" in your @babel/preset-env config, it will not be used for @babel/plugin-transform-private-methods since the "loose" mode option was set to "false" for @babel/plugin-transform-private-property-in-object.
The "loose" option must be the same for @babel/plugin-transform-class-properties, @babel/plugin-transform-private-methods and @babel/plugin-transform-private-property-in-object (when they are enabled): you can silence this warning by explicitly adding
	["@babel/plugin-transform-private-methods", { "loose": false }]
to the "plugins" section of your Babel config.

If you already set the same 'loose' mode for these plugins in your config, it's possible that they are enabled multiple times with different options.
You can re-run Babel with the BABEL_SHOW_CONFIG_FOR environment variable to show the loaded configuration:
	npx cross-env BABEL_SHOW_CONFIG_FOR=/Users/Ajaya/Documents/TizenGitTVApp/node_modules/@mui/system/InitColorSchemeScript/index.js <your build command>
See https://babeljs.io/docs/configuration#print-effective-configs for more info.
Though the "loose" option was set to "true" in your @babel/preset-env config, it will not be used for @babel/plugin-transform-private-methods since the "loose" mode option was set to "false" for @babel/plugin-transform-private-property-in-object.
The "loose" option must be the same for @babel/plugin-transform-class-properties, @babel/plugin-transform-private-methods and @babel/plugin-transform-private-property-in-object (when they are enabled): you can silence this warning by explicitly adding
	["@babel/plugin-transform-private-methods", { "loose": false }]
to the "plugins" section of your Babel config.

If you already set the same 'loose' mode for these plugins in your config, it's possible that they are enabled multiple times with different options.
You can re-run Babel with the BABEL_SHOW_CONFIG_FOR environment variable to show the loaded configuration:
	npx cross-env BABEL_SHOW_CONFIG_FOR=/Users/Ajaya/Documents/TizenGitTVApp/node_modules/@mui/system/index.js <your build command>
See https://babeljs.io/docs/configuration#print-effective-configs for more info.
Though the "loose" option was set to "true" in your @babel/preset-env config, it will not be used for @babel/plugin-transform-private-property-in-object since the "loose" mode option was set to "false" for @babel/plugin-transform-class-properties.
The "loose" option must be the same for @babel/plugin-transform-class-properties, @babel/plugin-transform-private-methods and @babel/plugin-transform-private-property-in-object (when they are enabled): you can silence this warning by explicitly adding
	["@babel/plugin-transform-private-property-in-object", { "loose": false }]
to the "plugins" section of your Babel config.

If you already set the same 'loose' mode for these plugins in your config, it's possible that they are enabled multiple times with different options.
You can re-run Babel with the BABEL_SHOW_CONFIG_FOR environment variable to show the loaded configuration:
	npx cross-env BABEL_SHOW_CONFIG_FOR=/Users/Ajaya/Documents/TizenGitTVApp/node_modules/@mui/material/styles/slotShouldForwardProp.js <your build command>
See https://babeljs.io/docs/configuration#print-effective-configs for more info.
Though the "loose" option was set to "true" in your @babel/preset-env config, it will not be used for @babel/plugin-transform-private-methods since the "loose" mode option was set to "false" for @babel/plugin-transform-private-property-in-object.
The "loose" option must be the same for @babel/plugin-transform-class-properties, @babel/plugin-transform-private-methods and @babel/plugin-transform-private-property-in-object (when they are enabled): you can silence this warning by explicitly adding
	["@babel/plugin-transform-private-methods", { "loose": false }]
to the "plugins" section of your Babel config.

If you already set the same 'loose' mode for these plugins in your config, it's possible that they are enabled multiple times with different options.
You can re-run Babel with the BABEL_SHOW_CONFIG_FOR environment variable to show the loaded configuration:
	npx cross-env BABEL_SHOW_CONFIG_FOR=/Users/Ajaya/Documents/TizenGitTVApp/node_modules/@mui/material/styles/slotShouldForwardProp.js <your build command>
See https://babeljs.io/docs/configuration#print-effective-configs for more info.
Though the "loose" option was set to "true" in your @babel/preset-env config, it will not be used for @babel/plugin-transform-private-property-in-object since the "loose" mode option was set to "false" for @babel/plugin-transform-class-properties.
The "loose" option must be the same for @babel/plugin-transform-class-properties, @babel/plugin-transform-private-methods and @babel/plugin-transform-private-property-in-object (when they are enabled): you can silence this warning by explicitly adding
	["@babel/plugin-transform-private-property-in-object", { "loose": false }]
to the "plugins" section of your Babel config.

If you already set the same 'loose' mode for these plugins in your config, it's possible that they are enabled multiple times with different options.
You can re-run Babel with the BABEL_SHOW_CONFIG_FOR environment variable to show the loaded configuration:
	npx cross-env BABEL_SHOW_CONFIG_FOR=/Users/Ajaya/Documents/TizenGitTVApp/node_modules/@mui/utils/useControlled/index.js <your build command>
See https://babeljs.io/docs/configuration#print-effective-configs for more info.
Though the "loose" option was set to "true" in your @babel/preset-env config, it will not be used for @babel/plugin-transform-private-methods since the "loose" mode option was set to "false" for @babel/plugin-transform-private-property-in-object.
The "loose" option must be the same for @babel/plugin-transform-class-properties, @babel/plugin-transform-private-methods and @babel/plugin-transform-private-property-in-object (when they are enabled): you can silence this warning by explicitly adding
	["@babel/plugin-transform-private-methods", { "loose": false }]
to the "plugins" section of your Babel config.

If you already set the same 'loose' mode for these plugins in your config, it's possible that they are enabled multiple times with different options.
You can re-run Babel with the BABEL_SHOW_CONFIG_FOR environment variable to show the loaded configuration:
	npx cross-env BABEL_SHOW_CONFIG_FOR=/Users/Ajaya/Documents/TizenGitTVApp/node_modules/@mui/utils/useControlled/index.js <your build command>
See https://babeljs.io/docs/configuration#print-effective-configs for more info.
Though the "loose" option was set to "true" in your @babel/preset-env config, it will not be used for @babel/plugin-transform-private-property-in-object since the "loose" mode option was set to "false" for @babel/plugin-transform-class-properties.
The "loose" option must be the same for @babel/plugin-transform-class-properties, @babel/plugin-transform-private-methods and @babel/plugin-transform-private-property-in-object (when they are enabled): you can silence this warning by explicitly adding
	["@babel/plugin-transform-private-property-in-object", { "loose": false }]
to the "plugins" section of your Babel config.

If you already set the same 'loose' mode for these plugins in your config, it's possible that they are enabled multiple times with different options.
You can re-run Babel with the BABEL_SHOW_CONFIG_FOR environment variable to show the loaded configuration:
	npx cross-env BABEL_SHOW_CONFIG_FOR=/Users/Ajaya/Documents/TizenGitTVApp/node_modules/@mui/utils/usePreviousProps/index.js <your build command>
See https://babeljs.io/docs/configuration#print-effective-configs for more info.
Though the "loose" option was set to "true" in your @babel/preset-env config, it will not be used for @babel/plugin-transform-private-methods since the "loose" mode option was set to "false" for @babel/plugin-transform-private-property-in-object.
The "loose" option must be the same for @babel/plugin-transform-class-properties, @babel/plugin-transform-private-methods and @babel/plugin-transform-private-property-in-object (when they are enabled): you can silence this warning by explicitly adding
	["@babel/plugin-transform-private-methods", { "loose": false }]
to the "plugins" section of your Babel config.

If you already set the same 'loose' mode for these plugins in your config, it's possible that they are enabled multiple times with different options.
You can re-run Babel with the BABEL_SHOW_CONFIG_FOR environment variable to show the loaded configuration:
	npx cross-env BABEL_SHOW_CONFIG_FOR=/Users/Ajaya/Documents/TizenGitTVApp/node_modules/@mui/utils/usePreviousProps/index.js <your build command>
See https://babeljs.io/docs/configuration#print-effective-configs for more info.
Though the "loose" option was set to "true" in your @babel/preset-env config, it will not be used for @babel/plugin-transform-private-property-in-object since the "loose" mode option was set to "false" for @babel/plugin-transform-class-properties.
The "loose" option must be the same for @babel/plugin-transform-class-properties, @babel/plugin-transform-private-methods and @babel/plugin-transform-private-property-in-object (when they are enabled): you can silence this warning by explicitly adding
	["@babel/plugin-transform-private-property-in-object", { "loose": false }]
to the "plugins" section of your Babel config.

If you already set the same 'loose' mode for these plugins in your config, it's possible that they are enabled multiple times with different options.
You can re-run Babel with the BABEL_SHOW_CONFIG_FOR environment variable to show the loaded configuration:
	npx cross-env BABEL_SHOW_CONFIG_FOR=/Users/Ajaya/Documents/TizenGitTVApp/node_modules/@mui/material/styles/getOverlayAlpha.js <your build command>
See https://babeljs.io/docs/configuration#print-effective-configs for more info.
Though the "loose" option was set to "true" in your @babel/preset-env config, it will not be used for @babel/plugin-transform-private-methods since the "loose" mode option was set to "false" for @babel/plugin-transform-private-property-in-object.
The "loose" option must be the same for @babel/plugin-transform-class-properties, @babel/plugin-transform-private-methods and @babel/plugin-transform-private-property-in-object (when they are enabled): you can silence this warning by explicitly adding
	["@babel/plugin-transform-private-methods", { "loose": false }]
to the "plugins" section of your Babel config.

If you already set the same 'loose' mode for these plugins in your config, it's possible that they are enabled multiple times with different options.
You can re-run Babel with the BABEL_SHOW_CONFIG_FOR environment variable to show the loaded configuration:
	npx cross-env BABEL_SHOW_CONFIG_FOR=/Users/Ajaya/Documents/TizenGitTVApp/node_modules/@mui/material/styles/getOverlayAlpha.js <your build command>
See https://babeljs.io/docs/configuration#print-effective-configs for more info.
Though the "loose" option was set to "true" in your @babel/preset-env config, it will not be used for @babel/plugin-transform-private-property-in-object since the "loose" mode option was set to "false" for @babel/plugin-transform-class-properties.
The "loose" option must be the same for @babel/plugin-transform-class-properties, @babel/plugin-transform-private-methods and @babel/plugin-transform-private-property-in-object (when they are enabled): you can silence this warning by explicitly adding
	["@babel/plugin-transform-private-property-in-object", { "loose": false }]
to the "plugins" section of your Babel config.

If you already set the same 'loose' mode for these plugins in your config, it's possible that they are enabled multiple times with different options.
You can re-run Babel with the BABEL_SHOW_CONFIG_FOR environment variable to show the loaded configuration:
	npx cross-env BABEL_SHOW_CONFIG_FOR=/Users/Ajaya/Documents/TizenGitTVApp/node_modules/@mui/material/internal/svg-icons/NavigateNext.js <your build command>
See https://babeljs.io/docs/configuration#print-effective-configs for more info.
Though the "loose" option was set to "true" in your @babel/preset-env config, it will not be used for @babel/plugin-transform-private-methods since the "loose" mode option was set to "false" for @babel/plugin-transform-private-property-in-object.
The "loose" option must be the same for @babel/plugin-transform-class-properties, @babel/plugin-transform-private-methods and @babel/plugin-transform-private-property-in-object (when they are enabled): you can silence this warning by explicitly adding
	["@babel/plugin-transform-private-methods", { "loose": false }]
to the "plugins" section of your Babel config.

If you already set the same 'loose' mode for these plugins in your config, it's possible that they are enabled multiple times with different options.
You can re-run Babel with the BABEL_SHOW_CONFIG_FOR environment variable to show the loaded configuration:
	npx cross-env BABEL_SHOW_CONFIG_FOR=/Users/Ajaya/Documents/TizenGitTVApp/node_modules/@mui/material/internal/svg-icons/NavigateNext.js <your build command>
See https://babeljs.io/docs/configuration#print-effective-configs for more info.
Though the "loose" option was set to "true" in your @babel/preset-env config, it will not be used for @babel/plugin-transform-private-property-in-object since the "loose" mode option was set to "false" for @babel/plugin-transform-class-properties.
The "loose" option must be the same for @babel/plugin-transform-class-properties, @babel/plugin-transform-private-methods and @babel/plugin-transform-private-property-in-object (when they are enabled): you can silence this warning by explicitly adding
	["@babel/plugin-transform-private-property-in-object", { "loose": false }]
to the "plugins" section of your Babel config.

If you already set the same 'loose' mode for these plugins in your config, it's possible that they are enabled multiple times with different options.
You can re-run Babel with the BABEL_SHOW_CONFIG_FOR environment variable to show the loaded configuration:
	npx cross-env BABEL_SHOW_CONFIG_FOR=/Users/Ajaya/Documents/TizenGitTVApp/node_modules/@mui/utils/useId/index.js <your build command>
See https://babeljs.io/docs/configuration#print-effective-configs for more info.
Though the "loose" option was set to "true" in your @babel/preset-env config, it will not be used for @babel/plugin-transform-private-methods since the "loose" mode option was set to "false" for @babel/plugin-transform-private-property-in-object.
The "loose" option must be the same for @babel/plugin-transform-class-properties, @babel/plugin-transform-private-methods and @babel/plugin-transform-private-property-in-object (when they are enabled): you can silence this warning by explicitly adding
	["@babel/plugin-transform-private-methods", { "loose": false }]
to the "plugins" section of your Babel config.

If you already set the same 'loose' mode for these plugins in your config, it's possible that they are enabled multiple times with different options.
You can re-run Babel with the BABEL_SHOW_CONFIG_FOR environment variable to show the loaded configuration:
	npx cross-env BABEL_SHOW_CONFIG_FOR=/Users/Ajaya/Documents/TizenGitTVApp/node_modules/@mui/utils/useId/index.js <your build command>
See https://babeljs.io/docs/configuration#print-effective-configs for more info.
Though the "loose" option was set to "true" in your @babel/preset-env config, it will not be used for @babel/plugin-transform-private-property-in-object since the "loose" mode option was set to "false" for @babel/plugin-transform-class-properties.
The "loose" option must be the same for @babel/plugin-transform-class-properties, @babel/plugin-transform-private-methods and @babel/plugin-transform-private-property-in-object (when they are enabled): you can silence this warning by explicitly adding
	["@babel/plugin-transform-private-property-in-object", { "loose": false }]
to the "plugins" section of your Babel config.

If you already set the same 'loose' mode for these plugins in your config, it's possible that they are enabled multiple times with different options.
You can re-run Babel with the BABEL_SHOW_CONFIG_FOR environment variable to show the loaded configuration:
	npx cross-env BABEL_SHOW_CONFIG_FOR=/Users/Ajaya/Documents/TizenGitTVApp/node_modules/@mui/utils/useEventCallback/index.js <your build command>
See https://babeljs.io/docs/configuration#print-effective-configs for more info.
Though the "loose" option was set to "true" in your @babel/preset-env config, it will not be used for @babel/plugin-transform-private-methods since the "loose" mode option was set to "false" for @babel/plugin-transform-private-property-in-object.
The "loose" option must be the same for @babel/plugin-transform-class-properties, @babel/plugin-transform-private-methods and @babel/plugin-transform-private-property-in-object (when they are enabled): you can silence this warning by explicitly adding
	["@babel/plugin-transform-private-methods", { "loose": false }]
to the "plugins" section of your Babel config.

If you already set the same 'loose' mode for these plugins in your config, it's possible that they are enabled multiple times with different options.
You can re-run Babel with the BABEL_SHOW_CONFIG_FOR environment variable to show the loaded configuration:
	npx cross-env BABEL_SHOW_CONFIG_FOR=/Users/Ajaya/Documents/TizenGitTVApp/node_modules/@mui/utils/useEventCallback/index.js <your build command>
See https://babeljs.io/docs/configuration#print-effective-configs for more info.
Though the "loose" option was set to "true" in your @babel/preset-env config, it will not be used for @babel/plugin-transform-private-property-in-object since the "loose" mode option was set to "false" for @babel/plugin-transform-class-properties.
The "loose" option must be the same for @babel/plugin-transform-class-properties, @babel/plugin-transform-private-methods and @babel/plugin-transform-private-property-in-object (when they are enabled): you can silence this warning by explicitly adding
	["@babel/plugin-transform-private-property-in-object", { "loose": false }]
to the "plugins" section of your Babel config.

If you already set the same 'loose' mode for these plugins in your config, it's possible that they are enabled multiple times with different options.
You can re-run Babel with the BABEL_SHOW_CONFIG_FOR environment variable to show the loaded configuration:
	npx cross-env BABEL_SHOW_CONFIG_FOR=/Users/Ajaya/Documents/TizenGitTVApp/node_modules/@mui/utils/setRef/index.js <your build command>
See https://babeljs.io/docs/configuration#print-effective-configs for more info.
Though the "loose" option was set to "true" in your @babel/preset-env config, it will not be used for @babel/plugin-transform-private-methods since the "loose" mode option was set to "false" for @babel/plugin-transform-private-property-in-object.
The "loose" option must be the same for @babel/plugin-transform-class-properties, @babel/plugin-transform-private-methods and @babel/plugin-transform-private-property-in-object (when they are enabled): you can silence this warning by explicitly adding
	["@babel/plugin-transform-private-methods", { "loose": false }]
to the "plugins" section of your Babel config.

If you already set the same 'loose' mode for these plugins in your config, it's possible that they are enabled multiple times with different options.
You can re-run Babel with the BABEL_SHOW_CONFIG_FOR environment variable to show the loaded configuration:
	npx cross-env BABEL_SHOW_CONFIG_FOR=/Users/Ajaya/Documents/TizenGitTVApp/node_modules/@mui/utils/setRef/index.js <your build command>
See https://babeljs.io/docs/configuration#print-effective-configs for more info.
Though the "loose" option was set to "true" in your @babel/preset-env config, it will not be used for @babel/plugin-transform-private-property-in-object since the "loose" mode option was set to "false" for @babel/plugin-transform-class-properties.
The "loose" option must be the same for @babel/plugin-transform-class-properties, @babel/plugin-transform-private-methods and @babel/plugin-transform-private-property-in-object (when they are enabled): you can silence this warning by explicitly adding
	["@babel/plugin-transform-private-property-in-object", { "loose": false }]
to the "plugins" section of your Babel config.

If you already set the same 'loose' mode for these plugins in your config, it's possible that they are enabled multiple times with different options.
You can re-run Babel with the BABEL_SHOW_CONFIG_FOR environment variable to show the loaded configuration:
	npx cross-env BABEL_SHOW_CONFIG_FOR=/Users/Ajaya/Documents/TizenGitTVApp/node_modules/@mui/material/CssBaseline/CssBaseline.js <your build command>
See https://babeljs.io/docs/configuration#print-effective-configs for more info.
Though the "loose" option was set to "true" in your @babel/preset-env config, it will not be used for @babel/plugin-transform-private-methods since the "loose" mode option was set to "false" for @babel/plugin-transform-private-property-in-object.
The "loose" option must be the same for @babel/plugin-transform-class-properties, @babel/plugin-transform-private-methods and @babel/plugin-transform-private-property-in-object (when they are enabled): you can silence this warning by explicitly adding
	["@babel/plugin-transform-private-methods", { "loose": false }]
to the "plugins" section of your Babel config.

If you already set the same 'loose' mode for these plugins in your config, it's possible that they are enabled multiple times with different options.
You can re-run Babel with the BABEL_SHOW_CONFIG_FOR environment variable to show the loaded configuration:
	npx cross-env BABEL_SHOW_CONFIG_FOR=/Users/Ajaya/Documents/TizenGitTVApp/node_modules/@mui/material/CssBaseline/CssBaseline.js <your build command>
See https://babeljs.io/docs/configuration#print-effective-configs for more info.
Though the "loose" option was set to "true" in your @babel/preset-env config, it will not be used for @babel/plugin-transform-private-property-in-object since the "loose" mode option was set to "false" for @babel/plugin-transform-class-properties.
The "loose" option must be the same for @babel/plugin-transform-class-properties, @babel/plugin-transform-private-methods and @babel/plugin-transform-private-property-in-object (when they are enabled): you can silence this warning by explicitly adding
	["@babel/plugin-transform-private-property-in-object", { "loose": false }]
to the "plugins" section of your Babel config.

If you already set the same 'loose' mode for these plugins in your config, it's possible that they are enabled multiple times with different options.
You can re-run Babel with the BABEL_SHOW_CONFIG_FOR environment variable to show the loaded configuration:
	npx cross-env BABEL_SHOW_CONFIG_FOR=/Users/Ajaya/Documents/TizenGitTVApp/node_modules/@mui/material/Modal/useModal.js <your build command>
See https://babeljs.io/docs/configuration#print-effective-configs for more info.
Though the "loose" option was set to "true" in your @babel/preset-env config, it will not be used for @babel/plugin-transform-private-methods since the "loose" mode option was set to "false" for @babel/plugin-transform-private-property-in-object.
The "loose" option must be the same for @babel/plugin-transform-class-properties, @babel/plugin-transform-private-methods and @babel/plugin-transform-private-property-in-object (when they are enabled): you can silence this warning by explicitly adding
	["@babel/plugin-transform-private-methods", { "loose": false }]
to the "plugins" section of your Babel config.

If you already set the same 'loose' mode for these plugins in your config, it's possible that they are enabled multiple times with different options.
You can re-run Babel with the BABEL_SHOW_CONFIG_FOR environment variable to show the loaded configuration:
	npx cross-env BABEL_SHOW_CONFIG_FOR=/Users/Ajaya/Documents/TizenGitTVApp/node_modules/@mui/material/Modal/useModal.js <your build command>
See https://babeljs.io/docs/configuration#print-effective-configs for more info.
Though the "loose" option was set to "true" in your @babel/preset-env config, it will not be used for @babel/plugin-transform-private-property-in-object since the "loose" mode option was set to "false" for @babel/plugin-transform-class-properties.
The "loose" option must be the same for @babel/plugin-transform-class-properties, @babel/plugin-transform-private-methods and @babel/plugin-transform-private-property-in-object (when they are enabled): you can silence this warning by explicitly adding
	["@babel/plugin-transform-private-property-in-object", { "loose": false }]
to the "plugins" section of your Babel config.

If you already set the same 'loose' mode for these plugins in your config, it's possible that they are enabled multiple times with different options.
You can re-run Babel with the BABEL_SHOW_CONFIG_FOR environment variable to show the loaded configuration:
	npx cross-env BABEL_SHOW_CONFIG_FOR=/Users/Ajaya/Documents/TizenGitTVApp/node_modules/@mui/utils/exactProp/index.js <your build command>
See https://babeljs.io/docs/configuration#print-effective-configs for more info.
Though the "loose" option was set to "true" in your @babel/preset-env config, it will not be used for @babel/plugin-transform-private-methods since the "loose" mode option was set to "false" for @babel/plugin-transform-private-property-in-object.
The "loose" option must be the same for @babel/plugin-transform-class-properties, @babel/plugin-transform-private-methods and @babel/plugin-transform-private-property-in-object (when they are enabled): you can silence this warning by explicitly adding
	["@babel/plugin-transform-private-methods", { "loose": false }]
to the "plugins" section of your Babel config.

If you already set the same 'loose' mode for these plugins in your config, it's possible that they are enabled multiple times with different options.
You can re-run Babel with the BABEL_SHOW_CONFIG_FOR environment variable to show the loaded configuration:
	npx cross-env BABEL_SHOW_CONFIG_FOR=/Users/Ajaya/Documents/TizenGitTVApp/node_modules/@mui/utils/exactProp/index.js <your build command>
See https://babeljs.io/docs/configuration#print-effective-configs for more info.
Though the "loose" option was set to "true" in your @babel/preset-env config, it will not be used for @babel/plugin-transform-private-property-in-object since the "loose" mode option was set to "false" for @babel/plugin-transform-class-properties.
The "loose" option must be the same for @babel/plugin-transform-class-properties, @babel/plugin-transform-private-methods and @babel/plugin-transform-private-property-in-object (when they are enabled): you can silence this warning by explicitly adding
	["@babel/plugin-transform-private-property-in-object", { "loose": false }]
to the "plugins" section of your Babel config.

If you already set the same 'loose' mode for these plugins in your config, it's possible that they are enabled multiple times with different options.
You can re-run Babel with the BABEL_SHOW_CONFIG_FOR environment variable to show the loaded configuration:
	npx cross-env BABEL_SHOW_CONFIG_FOR=/Users/Ajaya/Documents/TizenGitTVApp/node_modules/@mui/utils/elementAcceptingRef/index.js <your build command>
See https://babeljs.io/docs/configuration#print-effective-configs for more info.
Though the "loose" option was set to "true" in your @babel/preset-env config, it will not be used for @babel/plugin-transform-private-methods since the "loose" mode option was set to "false" for @babel/plugin-transform-private-property-in-object.
The "loose" option must be the same for @babel/plugin-transform-class-properties, @babel/plugin-transform-private-methods and @babel/plugin-transform-private-property-in-object (when they are enabled): you can silence this warning by explicitly adding
	["@babel/plugin-transform-private-methods", { "loose": false }]
to the "plugins" section of your Babel config.

If you already set the same 'loose' mode for these plugins in your config, it's possible that they are enabled multiple times with different options.
You can re-run Babel with the BABEL_SHOW_CONFIG_FOR environment variable to show the loaded configuration:
	npx cross-env BABEL_SHOW_CONFIG_FOR=/Users/Ajaya/Documents/TizenGitTVApp/node_modules/@mui/utils/elementAcceptingRef/index.js <your build command>
See https://babeljs.io/docs/configuration#print-effective-configs for more info.
Though the "loose" option was set to "true" in your @babel/preset-env config, it will not be used for @babel/plugin-transform-private-property-in-object since the "loose" mode option was set to "false" for @babel/plugin-transform-class-properties.
The "loose" option must be the same for @babel/plugin-transform-class-properties, @babel/plugin-transform-private-methods and @babel/plugin-transform-private-property-in-object (when they are enabled): you can silence this warning by explicitly adding
	["@babel/plugin-transform-private-property-in-object", { "loose": false }]
to the "plugins" section of your Babel config.

If you already set the same 'loose' mode for these plugins in your config, it's possible that they are enabled multiple times with different options.
You can re-run Babel with the BABEL_SHOW_CONFIG_FOR environment variable to show the loaded configuration:
	npx cross-env BABEL_SHOW_CONFIG_FOR=/Users/Ajaya/Documents/TizenGitTVApp/node_modules/@mui/utils/useForkRef/index.js <your build command>
See https://babeljs.io/docs/configuration#print-effective-configs for more info.
Though the "loose" option was set to "true" in your @babel/preset-env config, it will not be used for @babel/plugin-transform-private-methods since the "loose" mode option was set to "false" for @babel/plugin-transform-private-property-in-object.
The "loose" option must be the same for @babel/plugin-transform-class-properties, @babel/plugin-transform-private-methods and @babel/plugin-transform-private-property-in-object (when they are enabled): you can silence this warning by explicitly adding
	["@babel/plugin-transform-private-methods", { "loose": false }]
to the "plugins" section of your Babel config.

If you already set the same 'loose' mode for these plugins in your config, it's possible that they are enabled multiple times with different options.
You can re-run Babel with the BABEL_SHOW_CONFIG_FOR environment variable to show the loaded configuration:
	npx cross-env BABEL_SHOW_CONFIG_FOR=/Users/Ajaya/Documents/TizenGitTVApp/node_modules/@mui/utils/useForkRef/index.js <your build command>
See https://babeljs.io/docs/configuration#print-effective-configs for more info.
Though the "loose" option was set to "true" in your @babel/preset-env config, it will not be used for @babel/plugin-transform-private-property-in-object since the "loose" mode option was set to "false" for @babel/plugin-transform-class-properties.
The "loose" option must be the same for @babel/plugin-transform-class-properties, @babel/plugin-transform-private-methods and @babel/plugin-transform-private-property-in-object (when they are enabled): you can silence this warning by explicitly adding
	["@babel/plugin-transform-private-property-in-object", { "loose": false }]
to the "plugins" section of your Babel config.

If you already set the same 'loose' mode for these plugins in your config, it's possible that they are enabled multiple times with different options.
You can re-run Babel with the BABEL_SHOW_CONFIG_FOR environment variable to show the loaded configuration:
	npx cross-env BABEL_SHOW_CONFIG_FOR=/Users/Ajaya/Documents/TizenGitTVApp/node_modules/@mui/utils/ownerDocument/index.js <your build command>
See https://babeljs.io/docs/configuration#print-effective-configs for more info.
Though the "loose" option was set to "true" in your @babel/preset-env config, it will not be used for @babel/plugin-transform-private-methods since the "loose" mode option was set to "false" for @babel/plugin-transform-private-property-in-object.
The "loose" option must be the same for @babel/plugin-transform-class-properties, @babel/plugin-transform-private-methods and @babel/plugin-transform-private-property-in-object (when they are enabled): you can silence this warning by explicitly adding
	["@babel/plugin-transform-private-methods", { "loose": false }]
to the "plugins" section of your Babel config.

If you already set the same 'loose' mode for these plugins in your config, it's possible that they are enabled multiple times with different options.
You can re-run Babel with the BABEL_SHOW_CONFIG_FOR environment variable to show the loaded configuration:
	npx cross-env BABEL_SHOW_CONFIG_FOR=/Users/Ajaya/Documents/TizenGitTVApp/node_modules/@mui/utils/ownerDocument/index.js <your build command>
See https://babeljs.io/docs/configuration#print-effective-configs for more info.
Though the "loose" option was set to "true" in your @babel/preset-env config, it will not be used for @babel/plugin-transform-private-property-in-object since the "loose" mode option was set to "false" for @babel/plugin-transform-class-properties.
The "loose" option must be the same for @babel/plugin-transform-class-properties, @babel/plugin-transform-private-methods and @babel/plugin-transform-private-property-in-object (when they are enabled): you can silence this warning by explicitly adding
	["@babel/plugin-transform-private-property-in-object", { "loose": false }]
to the "plugins" section of your Babel config.

If you already set the same 'loose' mode for these plugins in your config, it's possible that they are enabled multiple times with different options.
You can re-run Babel with the BABEL_SHOW_CONFIG_FOR environment variable to show the loaded configuration:
	npx cross-env BABEL_SHOW_CONFIG_FOR=/Users/Ajaya/Documents/TizenGitTVApp/node_modules/@mui/utils/getReactElementRef/index.js <your build command>
See https://babeljs.io/docs/configuration#print-effective-configs for more info.
Though the "loose" option was set to "true" in your @babel/preset-env config, it will not be used for @babel/plugin-transform-private-methods since the "loose" mode option was set to "false" for @babel/plugin-transform-private-property-in-object.
The "loose" option must be the same for @babel/plugin-transform-class-properties, @babel/plugin-transform-private-methods and @babel/plugin-transform-private-property-in-object (when they are enabled): you can silence this warning by explicitly adding
	["@babel/plugin-transform-private-methods", { "loose": false }]
to the "plugins" section of your Babel config.

If you already set the same 'loose' mode for these plugins in your config, it's possible that they are enabled multiple times with different options.
You can re-run Babel with the BABEL_SHOW_CONFIG_FOR environment variable to show the loaded configuration:
	npx cross-env BABEL_SHOW_CONFIG_FOR=/Users/Ajaya/Documents/TizenGitTVApp/node_modules/@mui/utils/getReactElementRef/index.js <your build command>
See https://babeljs.io/docs/configuration#print-effective-configs for more info.
Though the "loose" option was set to "true" in your @babel/preset-env config, it will not be used for @babel/plugin-transform-private-property-in-object since the "loose" mode option was set to "false" for @babel/plugin-transform-class-properties.
The "loose" option must be the same for @babel/plugin-transform-class-properties, @babel/plugin-transform-private-methods and @babel/plugin-transform-private-property-in-object (when they are enabled): you can silence this warning by explicitly adding
	["@babel/plugin-transform-private-property-in-object", { "loose": false }]
to the "plugins" section of your Babel config.

If you already set the same 'loose' mode for these plugins in your config, it's possible that they are enabled multiple times with different options.
You can re-run Babel with the BABEL_SHOW_CONFIG_FOR environment variable to show the loaded configuration:
	npx cross-env BABEL_SHOW_CONFIG_FOR=/Users/Ajaya/Documents/TizenGitTVApp/node_modules/@mui/material/styles/rootShouldForwardProp.js <your build command>
See https://babeljs.io/docs/configuration#print-effective-configs for more info.
Though the "loose" option was set to "true" in your @babel/preset-env config, it will not be used for @babel/plugin-transform-private-methods since the "loose" mode option was set to "false" for @babel/plugin-transform-private-property-in-object.
The "loose" option must be the same for @babel/plugin-transform-class-properties, @babel/plugin-transform-private-methods and @babel/plugin-transform-private-property-in-object (when they are enabled): you can silence this warning by explicitly adding
	["@babel/plugin-transform-private-methods", { "loose": false }]
to the "plugins" section of your Babel config.

If you already set the same 'loose' mode for these plugins in your config, it's possible that they are enabled multiple times with different options.
You can re-run Babel with the BABEL_SHOW_CONFIG_FOR environment variable to show the loaded configuration:
	npx cross-env BABEL_SHOW_CONFIG_FOR=/Users/Ajaya/Documents/TizenGitTVApp/node_modules/@mui/material/styles/rootShouldForwardProp.js <your build command>
See https://babeljs.io/docs/configuration#print-effective-configs for more info.
Though the "loose" option was set to "true" in your @babel/preset-env config, it will not be used for @babel/plugin-transform-private-property-in-object since the "loose" mode option was set to "false" for @babel/plugin-transform-class-properties.
The "loose" option must be the same for @babel/plugin-transform-class-properties, @babel/plugin-transform-private-methods and @babel/plugin-transform-private-property-in-object (when they are enabled): you can silence this warning by explicitly adding
	["@babel/plugin-transform-private-property-in-object", { "loose": false }]
to the "plugins" section of your Babel config.

If you already set the same 'loose' mode for these plugins in your config, it's possible that they are enabled multiple times with different options.
You can re-run Babel with the BABEL_SHOW_CONFIG_FOR environment variable to show the loaded configuration:
	npx cross-env BABEL_SHOW_CONFIG_FOR=/Users/Ajaya/Documents/TizenGitTVApp/node_modules/@mui/material/utils/useEnhancedEffect.js <your build command>
See https://babeljs.io/docs/configuration#print-effective-configs for more info.
Though the "loose" option was set to "true" in your @babel/preset-env config, it will not be used for @babel/plugin-transform-private-methods since the "loose" mode option was set to "false" for @babel/plugin-transform-private-property-in-object.
The "loose" option must be the same for @babel/plugin-transform-class-properties, @babel/plugin-transform-private-methods and @babel/plugin-transform-private-property-in-object (when they are enabled): you can silence this warning by explicitly adding
	["@babel/plugin-transform-private-methods", { "loose": false }]
to the "plugins" section of your Babel config.

If you already set the same 'loose' mode for these plugins in your config, it's possible that they are enabled multiple times with different options.
You can re-run Babel with the BABEL_SHOW_CONFIG_FOR environment variable to show the loaded configuration:
	npx cross-env BABEL_SHOW_CONFIG_FOR=/Users/Ajaya/Documents/TizenGitTVApp/node_modules/@mui/material/utils/useEnhancedEffect.js <your build command>
See https://babeljs.io/docs/configuration#print-effective-configs for more info.
Though the "loose" option was set to "true" in your @babel/preset-env config, it will not be used for @babel/plugin-transform-private-property-in-object since the "loose" mode option was set to "false" for @babel/plugin-transform-class-properties.
The "loose" option must be the same for @babel/plugin-transform-class-properties, @babel/plugin-transform-private-methods and @babel/plugin-transform-private-property-in-object (when they are enabled): you can silence this warning by explicitly adding
	["@babel/plugin-transform-private-property-in-object", { "loose": false }]
to the "plugins" section of your Babel config.

If you already set the same 'loose' mode for these plugins in your config, it's possible that they are enabled multiple times with different options.
You can re-run Babel with the BABEL_SHOW_CONFIG_FOR environment variable to show the loaded configuration:
	npx cross-env BABEL_SHOW_CONFIG_FOR=/Users/Ajaya/Documents/TizenGitTVApp/node_modules/@mui/material/utils/getScrollbarSize.js <your build command>
See https://babeljs.io/docs/configuration#print-effective-configs for more info.
Though the "loose" option was set to "true" in your @babel/preset-env config, it will not be used for @babel/plugin-transform-private-methods since the "loose" mode option was set to "false" for @babel/plugin-transform-private-property-in-object.
The "loose" option must be the same for @babel/plugin-transform-class-properties, @babel/plugin-transform-private-methods and @babel/plugin-transform-private-property-in-object (when they are enabled): you can silence this warning by explicitly adding
	["@babel/plugin-transform-private-methods", { "loose": false }]
to the "plugins" section of your Babel config.

If you already set the same 'loose' mode for these plugins in your config, it's possible that they are enabled multiple times with different options.
You can re-run Babel with the BABEL_SHOW_CONFIG_FOR environment variable to show the loaded configuration:
	npx cross-env BABEL_SHOW_CONFIG_FOR=/Users/Ajaya/Documents/TizenGitTVApp/node_modules/@mui/material/utils/getScrollbarSize.js <your build command>
See https://babeljs.io/docs/configuration#print-effective-configs for more info.
Though the "loose" option was set to "true" in your @babel/preset-env config, it will not be used for @babel/plugin-transform-private-property-in-object since the "loose" mode option was set to "false" for @babel/plugin-transform-class-properties.
The "loose" option must be the same for @babel/plugin-transform-class-properties, @babel/plugin-transform-private-methods and @babel/plugin-transform-private-property-in-object (when they are enabled): you can silence this warning by explicitly adding
	["@babel/plugin-transform-private-property-in-object", { "loose": false }]
to the "plugins" section of your Babel config.

If you already set the same 'loose' mode for these plugins in your config, it's possible that they are enabled multiple times with different options.
You can re-run Babel with the BABEL_SHOW_CONFIG_FOR environment variable to show the loaded configuration:
	npx cross-env BABEL_SHOW_CONFIG_FOR=/Users/Ajaya/Documents/TizenGitTVApp/node_modules/@mui/material/InputBase/InputBase.js <your build command>
See https://babeljs.io/docs/configuration#print-effective-configs for more info.
Though the "loose" option was set to "true" in your @babel/preset-env config, it will not be used for @babel/plugin-transform-private-methods since the "loose" mode option was set to "false" for @babel/plugin-transform-private-property-in-object.
The "loose" option must be the same for @babel/plugin-transform-class-properties, @babel/plugin-transform-private-methods and @babel/plugin-transform-private-property-in-object (when they are enabled): you can silence this warning by explicitly adding
	["@babel/plugin-transform-private-methods", { "loose": false }]
to the "plugins" section of your Babel config.

If you already set the same 'loose' mode for these plugins in your config, it's possible that they are enabled multiple times with different options.
You can re-run Babel with the BABEL_SHOW_CONFIG_FOR environment variable to show the loaded configuration:
	npx cross-env BABEL_SHOW_CONFIG_FOR=/Users/Ajaya/Documents/TizenGitTVApp/node_modules/@mui/material/InputBase/InputBase.js <your build command>
See https://babeljs.io/docs/configuration#print-effective-configs for more info.
Though the "loose" option was set to "true" in your @babel/preset-env config, it will not be used for @babel/plugin-transform-private-property-in-object since the "loose" mode option was set to "false" for @babel/plugin-transform-class-properties.
The "loose" option must be the same for @babel/plugin-transform-class-properties, @babel/plugin-transform-private-methods and @babel/plugin-transform-private-property-in-object (when they are enabled): you can silence this warning by explicitly adding
	["@babel/plugin-transform-private-property-in-object", { "loose": false }]
to the "plugins" section of your Babel config.

If you already set the same 'loose' mode for these plugins in your config, it's possible that they are enabled multiple times with different options.
You can re-run Babel with the BABEL_SHOW_CONFIG_FOR environment variable to show the loaded configuration:
	npx cross-env BABEL_SHOW_CONFIG_FOR=/Users/Ajaya/Documents/TizenGitTVApp/node_modules/@mui/material/List/ListContext.js <your build command>
See https://babeljs.io/docs/configuration#print-effective-configs for more info.
Though the "loose" option was set to "true" in your @babel/preset-env config, it will not be used for @babel/plugin-transform-private-methods since the "loose" mode option was set to "false" for @babel/plugin-transform-private-property-in-object.
The "loose" option must be the same for @babel/plugin-transform-class-properties, @babel/plugin-transform-private-methods and @babel/plugin-transform-private-property-in-object (when they are enabled): you can silence this warning by explicitly adding
	["@babel/plugin-transform-private-methods", { "loose": false }]
to the "plugins" section of your Babel config.

If you already set the same 'loose' mode for these plugins in your config, it's possible that they are enabled multiple times with different options.
You can re-run Babel with the BABEL_SHOW_CONFIG_FOR environment variable to show the loaded configuration:
	npx cross-env BABEL_SHOW_CONFIG_FOR=/Users/Ajaya/Documents/TizenGitTVApp/node_modules/@mui/material/List/ListContext.js <your build command>
See https://babeljs.io/docs/configuration#print-effective-configs for more info.
Though the "loose" option was set to "true" in your @babel/preset-env config, it will not be used for @babel/plugin-transform-private-property-in-object since the "loose" mode option was set to "false" for @babel/plugin-transform-class-properties.
The "loose" option must be the same for @babel/plugin-transform-class-properties, @babel/plugin-transform-private-methods and @babel/plugin-transform-private-property-in-object (when they are enabled): you can silence this warning by explicitly adding
	["@babel/plugin-transform-private-property-in-object", { "loose": false }]
to the "plugins" section of your Babel config.

If you already set the same 'loose' mode for these plugins in your config, it's possible that they are enabled multiple times with different options.
You can re-run Babel with the BABEL_SHOW_CONFIG_FOR environment variable to show the loaded configuration:
	npx cross-env BABEL_SHOW_CONFIG_FOR=/Users/Ajaya/Documents/TizenGitTVApp/node_modules/@mui/material/Drawer/Drawer.js <your build command>
See https://babeljs.io/docs/configuration#print-effective-configs for more info.
Though the "loose" option was set to "true" in your @babel/preset-env config, it will not be used for @babel/plugin-transform-private-methods since the "loose" mode option was set to "false" for @babel/plugin-transform-private-property-in-object.
The "loose" option must be the same for @babel/plugin-transform-class-properties, @babel/plugin-transform-private-methods and @babel/plugin-transform-private-property-in-object (when they are enabled): you can silence this warning by explicitly adding
	["@babel/plugin-transform-private-methods", { "loose": false }]
to the "plugins" section of your Babel config.

If you already set the same 'loose' mode for these plugins in your config, it's possible that they are enabled multiple times with different options.
You can re-run Babel with the BABEL_SHOW_CONFIG_FOR environment variable to show the loaded configuration:
	npx cross-env BABEL_SHOW_CONFIG_FOR=/Users/Ajaya/Documents/TizenGitTVApp/node_modules/@mui/material/Drawer/Drawer.js <your build command>
See https://babeljs.io/docs/configuration#print-effective-configs for more info.
Though the "loose" option was set to "true" in your @babel/preset-env config, it will not be used for @babel/plugin-transform-private-property-in-object since the "loose" mode option was set to "false" for @babel/plugin-transform-class-properties.
The "loose" option must be the same for @babel/plugin-transform-class-properties, @babel/plugin-transform-private-methods and @babel/plugin-transform-private-property-in-object (when they are enabled): you can silence this warning by explicitly adding
	["@babel/plugin-transform-private-property-in-object", { "loose": false }]
to the "plugins" section of your Babel config.

If you already set the same 'loose' mode for these plugins in your config, it's possible that they are enabled multiple times with different options.
You can re-run Babel with the BABEL_SHOW_CONFIG_FOR environment variable to show the loaded configuration:
	npx cross-env BABEL_SHOW_CONFIG_FOR=/Users/Ajaya/Documents/TizenGitTVApp/node_modules/@mui/material/utils/index.js <your build command>
See https://babeljs.io/docs/configuration#print-effective-configs for more info.
Though the "loose" option was set to "true" in your @babel/preset-env config, it will not be used for @babel/plugin-transform-private-methods since the "loose" mode option was set to "false" for @babel/plugin-transform-private-property-in-object.
The "loose" option must be the same for @babel/plugin-transform-class-properties, @babel/plugin-transform-private-methods and @babel/plugin-transform-private-property-in-object (when they are enabled): you can silence this warning by explicitly adding
	["@babel/plugin-transform-private-methods", { "loose": false }]
to the "plugins" section of your Babel config.

If you already set the same 'loose' mode for these plugins in your config, it's possible that they are enabled multiple times with different options.
You can re-run Babel with the BABEL_SHOW_CONFIG_FOR environment variable to show the loaded configuration:
	npx cross-env BABEL_SHOW_CONFIG_FOR=/Users/Ajaya/Documents/TizenGitTVApp/node_modules/@mui/material/utils/index.js <your build command>
See https://babeljs.io/docs/configuration#print-effective-configs for more info.
Though the "loose" option was set to "true" in your @babel/preset-env config, it will not be used for @babel/plugin-transform-private-property-in-object since the "loose" mode option was set to "false" for @babel/plugin-transform-class-properties.
The "loose" option must be the same for @babel/plugin-transform-class-properties, @babel/plugin-transform-private-methods and @babel/plugin-transform-private-property-in-object (when they are enabled): you can silence this warning by explicitly adding
	["@babel/plugin-transform-private-property-in-object", { "loose": false }]
to the "plugins" section of your Babel config.

If you already set the same 'loose' mode for these plugins in your config, it's possible that they are enabled multiple times with different options.
You can re-run Babel with the BABEL_SHOW_CONFIG_FOR environment variable to show the loaded configuration:
	npx cross-env BABEL_SHOW_CONFIG_FOR=/Users/Ajaya/Documents/TizenGitTVApp/node_modules/@mui/system/colorManipulator/index.js <your build command>
See https://babeljs.io/docs/configuration#print-effective-configs for more info.
Though the "loose" option was set to "true" in your @babel/preset-env config, it will not be used for @babel/plugin-transform-private-methods since the "loose" mode option was set to "false" for @babel/plugin-transform-private-property-in-object.
The "loose" option must be the same for @babel/plugin-transform-class-properties, @babel/plugin-transform-private-methods and @babel/plugin-transform-private-property-in-object (when they are enabled): you can silence this warning by explicitly adding
	["@babel/plugin-transform-private-methods", { "loose": false }]
to the "plugins" section of your Babel config.

If you already set the same 'loose' mode for these plugins in your config, it's possible that they are enabled multiple times with different options.
You can re-run Babel with the BABEL_SHOW_CONFIG_FOR environment variable to show the loaded configuration:
	npx cross-env BABEL_SHOW_CONFIG_FOR=/Users/Ajaya/Documents/TizenGitTVApp/node_modules/@mui/system/colorManipulator/index.js <your build command>
See https://babeljs.io/docs/configuration#print-effective-configs for more info.
Though the "loose" option was set to "true" in your @babel/preset-env config, it will not be used for @babel/plugin-transform-private-property-in-object since the "loose" mode option was set to "false" for @babel/plugin-transform-class-properties.
The "loose" option must be the same for @babel/plugin-transform-class-properties, @babel/plugin-transform-private-methods and @babel/plugin-transform-private-property-in-object (when they are enabled): you can silence this warning by explicitly adding
	["@babel/plugin-transform-private-property-in-object", { "loose": false }]
to the "plugins" section of your Babel config.

If you already set the same 'loose' mode for these plugins in your config, it's possible that they are enabled multiple times with different options.
You can re-run Babel with the BABEL_SHOW_CONFIG_FOR environment variable to show the loaded configuration:
	npx cross-env BABEL_SHOW_CONFIG_FOR=/Users/Ajaya/Documents/TizenGitTVApp/node_modules/@mui/material/zero-styled/index.js <your build command>
See https://babeljs.io/docs/configuration#print-effective-configs for more info.
Though the "loose" option was set to "true" in your @babel/preset-env config, it will not be used for @babel/plugin-transform-private-methods since the "loose" mode option was set to "false" for @babel/plugin-transform-private-property-in-object.
The "loose" option must be the same for @babel/plugin-transform-class-properties, @babel/plugin-transform-private-methods and @babel/plugin-transform-private-property-in-object (when they are enabled): you can silence this warning by explicitly adding
	["@babel/plugin-transform-private-methods", { "loose": false }]
to the "plugins" section of your Babel config.

If you already set the same 'loose' mode for these plugins in your config, it's possible that they are enabled multiple times with different options.
You can re-run Babel with the BABEL_SHOW_CONFIG_FOR environment variable to show the loaded configuration:
	npx cross-env BABEL_SHOW_CONFIG_FOR=/Users/Ajaya/Documents/TizenGitTVApp/node_modules/@mui/material/zero-styled/index.js <your build command>
See https://babeljs.io/docs/configuration#print-effective-configs for more info.
Though the "loose" option was set to "true" in your @babel/preset-env config, it will not be used for @babel/plugin-transform-private-property-in-object since the "loose" mode option was set to "false" for @babel/plugin-transform-class-properties.
The "loose" option must be the same for @babel/plugin-transform-class-properties, @babel/plugin-transform-private-methods and @babel/plugin-transform-private-property-in-object (when they are enabled): you can silence this warning by explicitly adding
	["@babel/plugin-transform-private-property-in-object", { "loose": false }]
to the "plugins" section of your Babel config.

If you already set the same 'loose' mode for these plugins in your config, it's possible that they are enabled multiple times with different options.
You can re-run Babel with the BABEL_SHOW_CONFIG_FOR environment variable to show the loaded configuration:
	npx cross-env BABEL_SHOW_CONFIG_FOR=/Users/Ajaya/Documents/TizenGitTVApp/node_modules/@mui/material/internal/switchBaseClasses.js <your build command>
See https://babeljs.io/docs/configuration#print-effective-configs for more info.
Though the "loose" option was set to "true" in your @babel/preset-env config, it will not be used for @babel/plugin-transform-private-methods since the "loose" mode option was set to "false" for @babel/plugin-transform-private-property-in-object.
The "loose" option must be the same for @babel/plugin-transform-class-properties, @babel/plugin-transform-private-methods and @babel/plugin-transform-private-property-in-object (when they are enabled): you can silence this warning by explicitly adding
	["@babel/plugin-transform-private-methods", { "loose": false }]
to the "plugins" section of your Babel config.

If you already set the same 'loose' mode for these plugins in your config, it's possible that they are enabled multiple times with different options.
You can re-run Babel with the BABEL_SHOW_CONFIG_FOR environment variable to show the loaded configuration:
	npx cross-env BABEL_SHOW_CONFIG_FOR=/Users/Ajaya/Documents/TizenGitTVApp/node_modules/@mui/material/internal/switchBaseClasses.js <your build command>
See https://babeljs.io/docs/configuration#print-effective-configs for more info.
Though the "loose" option was set to "true" in your @babel/preset-env config, it will not be used for @babel/plugin-transform-private-property-in-object since the "loose" mode option was set to "false" for @babel/plugin-transform-class-properties.
The "loose" option must be the same for @babel/plugin-transform-class-properties, @babel/plugin-transform-private-methods and @babel/plugin-transform-private-property-in-object (when they are enabled): you can silence this warning by explicitly adding
	["@babel/plugin-transform-private-property-in-object", { "loose": false }]
to the "plugins" section of your Babel config.

If you already set the same 'loose' mode for these plugins in your config, it's possible that they are enabled multiple times with different options.
You can re-run Babel with the BABEL_SHOW_CONFIG_FOR environment variable to show the loaded configuration:
	npx cross-env BABEL_SHOW_CONFIG_FOR=/Users/Ajaya/Documents/TizenGitTVApp/node_modules/@mui/material/FormControl/formControlState.js <your build command>
See https://babeljs.io/docs/configuration#print-effective-configs for more info.
Though the "loose" option was set to "true" in your @babel/preset-env config, it will not be used for @babel/plugin-transform-private-methods since the "loose" mode option was set to "false" for @babel/plugin-transform-private-property-in-object.
The "loose" option must be the same for @babel/plugin-transform-class-properties, @babel/plugin-transform-private-methods and @babel/plugin-transform-private-property-in-object (when they are enabled): you can silence this warning by explicitly adding
	["@babel/plugin-transform-private-methods", { "loose": false }]
to the "plugins" section of your Babel config.

If you already set the same 'loose' mode for these plugins in your config, it's possible that they are enabled multiple times with different options.
You can re-run Babel with the BABEL_SHOW_CONFIG_FOR environment variable to show the loaded configuration:
	npx cross-env BABEL_SHOW_CONFIG_FOR=/Users/Ajaya/Documents/TizenGitTVApp/node_modules/@mui/material/FormControl/formControlState.js <your build command>
See https://babeljs.io/docs/configuration#print-effective-configs for more info.
Though the "loose" option was set to "true" in your @babel/preset-env config, it will not be used for @babel/plugin-transform-private-property-in-object since the "loose" mode option was set to "false" for @babel/plugin-transform-class-properties.
The "loose" option must be the same for @babel/plugin-transform-class-properties, @babel/plugin-transform-private-methods and @babel/plugin-transform-private-property-in-object (when they are enabled): you can silence this warning by explicitly adding
	["@babel/plugin-transform-private-property-in-object", { "loose": false }]
to the "plugins" section of your Babel config.

If you already set the same 'loose' mode for these plugins in your config, it's possible that they are enabled multiple times with different options.
You can re-run Babel with the BABEL_SHOW_CONFIG_FOR environment variable to show the loaded configuration:
	npx cross-env BABEL_SHOW_CONFIG_FOR=/Users/Ajaya/Documents/TizenGitTVApp/node_modules/@mui/material/DefaultPropsProvider/DefaultPropsProvider.js <your build command>
See https://babeljs.io/docs/configuration#print-effective-configs for more info.
Though the "loose" option was set to "true" in your @babel/preset-env config, it will not be used for @babel/plugin-transform-private-methods since the "loose" mode option was set to "false" for @babel/plugin-transform-private-property-in-object.
The "loose" option must be the same for @babel/plugin-transform-class-properties, @babel/plugin-transform-private-methods and @babel/plugin-transform-private-property-in-object (when they are enabled): you can silence this warning by explicitly adding
	["@babel/plugin-transform-private-methods", { "loose": false }]
to the "plugins" section of your Babel config.

If you already set the same 'loose' mode for these plugins in your config, it's possible that they are enabled multiple times with different options.
You can re-run Babel with the BABEL_SHOW_CONFIG_FOR environment variable to show the loaded configuration:
	npx cross-env BABEL_SHOW_CONFIG_FOR=/Users/Ajaya/Documents/TizenGitTVApp/node_modules/@mui/material/DefaultPropsProvider/DefaultPropsProvider.js <your build command>
See https://babeljs.io/docs/configuration#print-effective-configs for more info.
Though the "loose" option was set to "true" in your @babel/preset-env config, it will not be used for @babel/plugin-transform-private-property-in-object since the "loose" mode option was set to "false" for @babel/plugin-transform-class-properties.
The "loose" option must be the same for @babel/plugin-transform-class-properties, @babel/plugin-transform-private-methods and @babel/plugin-transform-private-property-in-object (when they are enabled): you can silence this warning by explicitly adding
	["@babel/plugin-transform-private-property-in-object", { "loose": false }]
to the "plugins" section of your Babel config.

If you already set the same 'loose' mode for these plugins in your config, it's possible that they are enabled multiple times with different options.
You can re-run Babel with the BABEL_SHOW_CONFIG_FOR environment variable to show the loaded configuration:
	npx cross-env BABEL_SHOW_CONFIG_FOR=/Users/Ajaya/Documents/TizenGitTVApp/node_modules/@mui/material/FormControl/useFormControl.js <your build command>
See https://babeljs.io/docs/configuration#print-effective-configs for more info.
Though the "loose" option was set to "true" in your @babel/preset-env config, it will not be used for @babel/plugin-transform-private-methods since the "loose" mode option was set to "false" for @babel/plugin-transform-private-property-in-object.
The "loose" option must be the same for @babel/plugin-transform-class-properties, @babel/plugin-transform-private-methods and @babel/plugin-transform-private-property-in-object (when they are enabled): you can silence this warning by explicitly adding
	["@babel/plugin-transform-private-methods", { "loose": false }]
to the "plugins" section of your Babel config.

If you already set the same 'loose' mode for these plugins in your config, it's possible that they are enabled multiple times with different options.
You can re-run Babel with the BABEL_SHOW_CONFIG_FOR environment variable to show the loaded configuration:
	npx cross-env BABEL_SHOW_CONFIG_FOR=/Users/Ajaya/Documents/TizenGitTVApp/node_modules/@mui/material/FormControl/useFormControl.js <your build command>
See https://babeljs.io/docs/configuration#print-effective-configs for more info.
Though the "loose" option was set to "true" in your @babel/preset-env config, it will not be used for @babel/plugin-transform-private-property-in-object since the "loose" mode option was set to "false" for @babel/plugin-transform-class-properties.
The "loose" option must be the same for @babel/plugin-transform-class-properties, @babel/plugin-transform-private-methods and @babel/plugin-transform-private-property-in-object (when they are enabled): you can silence this warning by explicitly adding
	["@babel/plugin-transform-private-property-in-object", { "loose": false }]
to the "plugins" section of your Babel config.

If you already set the same 'loose' mode for these plugins in your config, it's possible that they are enabled multiple times with different options.
You can re-run Babel with the BABEL_SHOW_CONFIG_FOR environment variable to show the loaded configuration:
	npx cross-env BABEL_SHOW_CONFIG_FOR=/Users/Ajaya/Documents/TizenGitTVApp/node_modules/@mui/material/utils/createSvgIcon.js <your build command>
See https://babeljs.io/docs/configuration#print-effective-configs for more info.
Though the "loose" option was set to "true" in your @babel/preset-env config, it will not be used for @babel/plugin-transform-private-methods since the "loose" mode option was set to "false" for @babel/plugin-transform-private-property-in-object.
The "loose" option must be the same for @babel/plugin-transform-class-properties, @babel/plugin-transform-private-methods and @babel/plugin-transform-private-property-in-object (when they are enabled): you can silence this warning by explicitly adding
	["@babel/plugin-transform-private-methods", { "loose": false }]
to the "plugins" section of your Babel config.

If you already set the same 'loose' mode for these plugins in your config, it's possible that they are enabled multiple times with different options.
You can re-run Babel with the BABEL_SHOW_CONFIG_FOR environment variable to show the loaded configuration:
	npx cross-env BABEL_SHOW_CONFIG_FOR=/Users/Ajaya/Documents/TizenGitTVApp/node_modules/@mui/material/utils/createSvgIcon.js <your build command>
See https://babeljs.io/docs/configuration#print-effective-configs for more info.
Though the "loose" option was set to "true" in your @babel/preset-env config, it will not be used for @babel/plugin-transform-private-property-in-object since the "loose" mode option was set to "false" for @babel/plugin-transform-class-properties.
The "loose" option must be the same for @babel/plugin-transform-class-properties, @babel/plugin-transform-private-methods and @babel/plugin-transform-private-property-in-object (when they are enabled): you can silence this warning by explicitly adding
	["@babel/plugin-transform-private-property-in-object", { "loose": false }]
to the "plugins" section of your Babel config.

If you already set the same 'loose' mode for these plugins in your config, it's possible that they are enabled multiple times with different options.
You can re-run Babel with the BABEL_SHOW_CONFIG_FOR environment variable to show the loaded configuration:
	npx cross-env BABEL_SHOW_CONFIG_FOR=/Users/Ajaya/Documents/TizenGitTVApp/node_modules/@mui/material/OutlinedInput/NotchedOutline.js <your build command>
See https://babeljs.io/docs/configuration#print-effective-configs for more info.
Though the "loose" option was set to "true" in your @babel/preset-env config, it will not be used for @babel/plugin-transform-private-methods since the "loose" mode option was set to "false" for @babel/plugin-transform-private-property-in-object.
The "loose" option must be the same for @babel/plugin-transform-class-properties, @babel/plugin-transform-private-methods and @babel/plugin-transform-private-property-in-object (when they are enabled): you can silence this warning by explicitly adding
	["@babel/plugin-transform-private-methods", { "loose": false }]
to the "plugins" section of your Babel config.

If you already set the same 'loose' mode for these plugins in your config, it's possible that they are enabled multiple times with different options.
You can re-run Babel with the BABEL_SHOW_CONFIG_FOR environment variable to show the loaded configuration:
	npx cross-env BABEL_SHOW_CONFIG_FOR=/Users/Ajaya/Documents/TizenGitTVApp/node_modules/@mui/material/OutlinedInput/NotchedOutline.js <your build command>
See https://babeljs.io/docs/configuration#print-effective-configs for more info.
Though the "loose" option was set to "true" in your @babel/preset-env config, it will not be used for @babel/plugin-transform-private-property-in-object since the "loose" mode option was set to "false" for @babel/plugin-transform-class-properties.
The "loose" option must be the same for @babel/plugin-transform-class-properties, @babel/plugin-transform-private-methods and @babel/plugin-transform-private-property-in-object (when they are enabled): you can silence this warning by explicitly adding
	["@babel/plugin-transform-private-property-in-object", { "loose": false }]
to the "plugins" section of your Babel config.

If you already set the same 'loose' mode for these plugins in your config, it's possible that they are enabled multiple times with different options.
You can re-run Babel with the BABEL_SHOW_CONFIG_FOR environment variable to show the loaded configuration:
	npx cross-env BABEL_SHOW_CONFIG_FOR=/Users/Ajaya/Documents/TizenGitTVApp/node_modules/@mui/material/internal/svg-icons/ArrowDropDown.js <your build command>
See https://babeljs.io/docs/configuration#print-effective-configs for more info.
Though the "loose" option was set to "true" in your @babel/preset-env config, it will not be used for @babel/plugin-transform-private-methods since the "loose" mode option was set to "false" for @babel/plugin-transform-private-property-in-object.
The "loose" option must be the same for @babel/plugin-transform-class-properties, @babel/plugin-transform-private-methods and @babel/plugin-transform-private-property-in-object (when they are enabled): you can silence this warning by explicitly adding
	["@babel/plugin-transform-private-methods", { "loose": false }]
to the "plugins" section of your Babel config.

If you already set the same 'loose' mode for these plugins in your config, it's possible that they are enabled multiple times with different options.
You can re-run Babel with the BABEL_SHOW_CONFIG_FOR environment variable to show the loaded configuration:
	npx cross-env BABEL_SHOW_CONFIG_FOR=/Users/Ajaya/Documents/TizenGitTVApp/node_modules/@mui/material/internal/svg-icons/ArrowDropDown.js <your build command>
See https://babeljs.io/docs/configuration#print-effective-configs for more info.
Though the "loose" option was set to "true" in your @babel/preset-env config, it will not be used for @babel/plugin-transform-private-property-in-object since the "loose" mode option was set to "false" for @babel/plugin-transform-class-properties.
The "loose" option must be the same for @babel/plugin-transform-class-properties, @babel/plugin-transform-private-methods and @babel/plugin-transform-private-property-in-object (when they are enabled): you can silence this warning by explicitly adding
	["@babel/plugin-transform-private-property-in-object", { "loose": false }]
to the "plugins" section of your Babel config.

If you already set the same 'loose' mode for these plugins in your config, it's possible that they are enabled multiple times with different options.
You can re-run Babel with the BABEL_SHOW_CONFIG_FOR environment variable to show the loaded configuration:
	npx cross-env BABEL_SHOW_CONFIG_FOR=/Users/Ajaya/Documents/TizenGitTVApp/node_modules/@mui/utils/useControlled/useControlled.js <your build command>
See https://babeljs.io/docs/configuration#print-effective-configs for more info.
Though the "loose" option was set to "true" in your @babel/preset-env config, it will not be used for @babel/plugin-transform-private-methods since the "loose" mode option was set to "false" for @babel/plugin-transform-private-property-in-object.
The "loose" option must be the same for @babel/plugin-transform-class-properties, @babel/plugin-transform-private-methods and @babel/plugin-transform-private-property-in-object (when they are enabled): you can silence this warning by explicitly adding
	["@babel/plugin-transform-private-methods", { "loose": false }]
to the "plugins" section of your Babel config.

If you already set the same 'loose' mode for these plugins in your config, it's possible that they are enabled multiple times with different options.
You can re-run Babel with the BABEL_SHOW_CONFIG_FOR environment variable to show the loaded configuration:
	npx cross-env BABEL_SHOW_CONFIG_FOR=/Users/Ajaya/Documents/TizenGitTVApp/node_modules/@mui/utils/useControlled/useControlled.js <your build command>
See https://babeljs.io/docs/configuration#print-effective-configs for more info.
Though the "loose" option was set to "true" in your @babel/preset-env config, it will not be used for @babel/plugin-transform-private-property-in-object since the "loose" mode option was set to "false" for @babel/plugin-transform-class-properties.
The "loose" option must be the same for @babel/plugin-transform-class-properties, @babel/plugin-transform-private-methods and @babel/plugin-transform-private-property-in-object (when they are enabled): you can silence this warning by explicitly adding
	["@babel/plugin-transform-private-property-in-object", { "loose": false }]
to the "plugins" section of your Babel config.

If you already set the same 'loose' mode for these plugins in your config, it's possible that they are enabled multiple times with different options.
You can re-run Babel with the BABEL_SHOW_CONFIG_FOR environment variable to show the loaded configuration:
	npx cross-env BABEL_SHOW_CONFIG_FOR=/Users/Ajaya/Documents/TizenGitTVApp/node_modules/@mui/utils/mergeSlotProps/index.js <your build command>
See https://babeljs.io/docs/configuration#print-effective-configs for more info.
Though the "loose" option was set to "true" in your @babel/preset-env config, it will not be used for @babel/plugin-transform-private-methods since the "loose" mode option was set to "false" for @babel/plugin-transform-private-property-in-object.
The "loose" option must be the same for @babel/plugin-transform-class-properties, @babel/plugin-transform-private-methods and @babel/plugin-transform-private-property-in-object (when they are enabled): you can silence this warning by explicitly adding
	["@babel/plugin-transform-private-methods", { "loose": false }]
to the "plugins" section of your Babel config.

If you already set the same 'loose' mode for these plugins in your config, it's possible that they are enabled multiple times with different options.
You can re-run Babel with the BABEL_SHOW_CONFIG_FOR environment variable to show the loaded configuration:
	npx cross-env BABEL_SHOW_CONFIG_FOR=/Users/Ajaya/Documents/TizenGitTVApp/node_modules/@mui/utils/mergeSlotProps/index.js <your build command>
See https://babeljs.io/docs/configuration#print-effective-configs for more info.
Though the "loose" option was set to "true" in your @babel/preset-env config, it will not be used for @babel/plugin-transform-private-property-in-object since the "loose" mode option was set to "false" for @babel/plugin-transform-class-properties.
The "loose" option must be the same for @babel/plugin-transform-class-properties, @babel/plugin-transform-private-methods and @babel/plugin-transform-private-property-in-object (when they are enabled): you can silence this warning by explicitly adding
	["@babel/plugin-transform-private-property-in-object", { "loose": false }]
to the "plugins" section of your Babel config.

If you already set the same 'loose' mode for these plugins in your config, it's possible that they are enabled multiple times with different options.
You can re-run Babel with the BABEL_SHOW_CONFIG_FOR environment variable to show the loaded configuration:
	npx cross-env BABEL_SHOW_CONFIG_FOR=/Users/Ajaya/Documents/TizenGitTVApp/node_modules/@mui/utils/resolveComponentProps/index.js <your build command>
See https://babeljs.io/docs/configuration#print-effective-configs for more info.
Though the "loose" option was set to "true" in your @babel/preset-env config, it will not be used for @babel/plugin-transform-private-methods since the "loose" mode option was set to "false" for @babel/plugin-transform-private-property-in-object.
The "loose" option must be the same for @babel/plugin-transform-class-properties, @babel/plugin-transform-private-methods and @babel/plugin-transform-private-property-in-object (when they are enabled): you can silence this warning by explicitly adding
	["@babel/plugin-transform-private-methods", { "loose": false }]
to the "plugins" section of your Babel config.

If you already set the same 'loose' mode for these plugins in your config, it's possible that they are enabled multiple times with different options.
You can re-run Babel with the BABEL_SHOW_CONFIG_FOR environment variable to show the loaded configuration:
	npx cross-env BABEL_SHOW_CONFIG_FOR=/Users/Ajaya/Documents/TizenGitTVApp/node_modules/@mui/utils/resolveComponentProps/index.js <your build command>
See https://babeljs.io/docs/configuration#print-effective-configs for more info.
Though the "loose" option was set to "true" in your @babel/preset-env config, it will not be used for @babel/plugin-transform-private-property-in-object since the "loose" mode option was set to "false" for @babel/plugin-transform-class-properties.
The "loose" option must be the same for @babel/plugin-transform-class-properties, @babel/plugin-transform-private-methods and @babel/plugin-transform-private-property-in-object (when they are enabled): you can silence this warning by explicitly adding
	["@babel/plugin-transform-private-property-in-object", { "loose": false }]
to the "plugins" section of your Babel config.

If you already set the same 'loose' mode for these plugins in your config, it's possible that they are enabled multiple times with different options.
You can re-run Babel with the BABEL_SHOW_CONFIG_FOR environment variable to show the loaded configuration:
	npx cross-env BABEL_SHOW_CONFIG_FOR=/Users/Ajaya/Documents/TizenGitTVApp/node_modules/@mui/utils/usePreviousProps/usePreviousProps.js <your build command>
See https://babeljs.io/docs/configuration#print-effective-configs for more info.
Though the "loose" option was set to "true" in your @babel/preset-env config, it will not be used for @babel/plugin-transform-private-methods since the "loose" mode option was set to "false" for @babel/plugin-transform-private-property-in-object.
The "loose" option must be the same for @babel/plugin-transform-class-properties, @babel/plugin-transform-private-methods and @babel/plugin-transform-private-property-in-object (when they are enabled): you can silence this warning by explicitly adding
	["@babel/plugin-transform-private-methods", { "loose": false }]
to the "plugins" section of your Babel config.

If you already set the same 'loose' mode for these plugins in your config, it's possible that they are enabled multiple times with different options.
You can re-run Babel with the BABEL_SHOW_CONFIG_FOR environment variable to show the loaded configuration:
	npx cross-env BABEL_SHOW_CONFIG_FOR=/Users/Ajaya/Documents/TizenGitTVApp/node_modules/@mui/utils/usePreviousProps/usePreviousProps.js <your build command>
See https://babeljs.io/docs/configuration#print-effective-configs for more info.
Though the "loose" option was set to "true" in your @babel/preset-env config, it will not be used for @babel/plugin-transform-private-property-in-object since the "loose" mode option was set to "false" for @babel/plugin-transform-class-properties.
The "loose" option must be the same for @babel/plugin-transform-class-properties, @babel/plugin-transform-private-methods and @babel/plugin-transform-private-property-in-object (when they are enabled): you can silence this warning by explicitly adding
	["@babel/plugin-transform-private-property-in-object", { "loose": false }]
to the "plugins" section of your Babel config.

If you already set the same 'loose' mode for these plugins in your config, it's possible that they are enabled multiple times with different options.
You can re-run Babel with the BABEL_SHOW_CONFIG_FOR environment variable to show the loaded configuration:
	npx cross-env BABEL_SHOW_CONFIG_FOR=/Users/Ajaya/Documents/TizenGitTVApp/node_modules/@mui/utils/appendOwnerState/index.js <your build command>
See https://babeljs.io/docs/configuration#print-effective-configs for more info.
Though the "loose" option was set to "true" in your @babel/preset-env config, it will not be used for @babel/plugin-transform-private-methods since the "loose" mode option was set to "false" for @babel/plugin-transform-private-property-in-object.
The "loose" option must be the same for @babel/plugin-transform-class-properties, @babel/plugin-transform-private-methods and @babel/plugin-transform-private-property-in-object (when they are enabled): you can silence this warning by explicitly adding
	["@babel/plugin-transform-private-methods", { "loose": false }]
to the "plugins" section of your Babel config.

If you already set the same 'loose' mode for these plugins in your config, it's possible that they are enabled multiple times with different options.
You can re-run Babel with the BABEL_SHOW_CONFIG_FOR environment variable to show the loaded configuration:
	npx cross-env BABEL_SHOW_CONFIG_FOR=/Users/Ajaya/Documents/TizenGitTVApp/node_modules/@mui/utils/appendOwnerState/index.js <your build command>
See https://babeljs.io/docs/configuration#print-effective-configs for more info.
Though the "loose" option was set to "true" in your @babel/preset-env config, it will not be used for @babel/plugin-transform-private-property-in-object since the "loose" mode option was set to "false" for @babel/plugin-transform-class-properties.
The "loose" option must be the same for @babel/plugin-transform-class-properties, @babel/plugin-transform-private-methods and @babel/plugin-transform-private-property-in-object (when they are enabled): you can silence this warning by explicitly adding
	["@babel/plugin-transform-private-property-in-object", { "loose": false }]
to the "plugins" section of your Babel config.

If you already set the same 'loose' mode for these plugins in your config, it's possible that they are enabled multiple times with different options.
You can re-run Babel with the BABEL_SHOW_CONFIG_FOR environment variable to show the loaded configuration:
	npx cross-env BABEL_SHOW_CONFIG_FOR=/Users/Ajaya/Documents/TizenGitTVApp/node_modules/@mui/material/Grow/index.js <your build command>
See https://babeljs.io/docs/configuration#print-effective-configs for more info.
Though the "loose" option was set to "true" in your @babel/preset-env config, it will not be used for @babel/plugin-transform-private-methods since the "loose" mode option was set to "false" for @babel/plugin-transform-private-property-in-object.
The "loose" option must be the same for @babel/plugin-transform-class-properties, @babel/plugin-transform-private-methods and @babel/plugin-transform-private-property-in-object (when they are enabled): you can silence this warning by explicitly adding
	["@babel/plugin-transform-private-methods", { "loose": false }]
to the "plugins" section of your Babel config.

If you already set the same 'loose' mode for these plugins in your config, it's possible that they are enabled multiple times with different options.
You can re-run Babel with the BABEL_SHOW_CONFIG_FOR environment variable to show the loaded configuration:
	npx cross-env BABEL_SHOW_CONFIG_FOR=/Users/Ajaya/Documents/TizenGitTVApp/node_modules/@mui/material/Grow/index.js <your build command>
See https://babeljs.io/docs/configuration#print-effective-configs for more info.
Though the "loose" option was set to "true" in your @babel/preset-env config, it will not be used for @babel/plugin-transform-private-property-in-object since the "loose" mode option was set to "false" for @babel/plugin-transform-class-properties.
The "loose" option must be the same for @babel/plugin-transform-class-properties, @babel/plugin-transform-private-methods and @babel/plugin-transform-private-property-in-object (when they are enabled): you can silence this warning by explicitly adding
	["@babel/plugin-transform-private-property-in-object", { "loose": false }]
to the "plugins" section of your Babel config.

If you already set the same 'loose' mode for these plugins in your config, it's possible that they are enabled multiple times with different options.
You can re-run Babel with the BABEL_SHOW_CONFIG_FOR environment variable to show the loaded configuration:
	npx cross-env BABEL_SHOW_CONFIG_FOR=/Users/Ajaya/Documents/TizenGitTVApp/node_modules/@mui/utils/elementAcceptingRef/elementAcceptingRef.js <your build command>
See https://babeljs.io/docs/configuration#print-effective-configs for more info.
Though the "loose" option was set to "true" in your @babel/preset-env config, it will not be used for @babel/plugin-transform-private-methods since the "loose" mode option was set to "false" for @babel/plugin-transform-private-property-in-object.
The "loose" option must be the same for @babel/plugin-transform-class-properties, @babel/plugin-transform-private-methods and @babel/plugin-transform-private-property-in-object (when they are enabled): you can silence this warning by explicitly adding
	["@babel/plugin-transform-private-methods", { "loose": false }]
to the "plugins" section of your Babel config.

If you already set the same 'loose' mode for these plugins in your config, it's possible that they are enabled multiple times with different options.
You can re-run Babel with the BABEL_SHOW_CONFIG_FOR environment variable to show the loaded configuration:
	npx cross-env BABEL_SHOW_CONFIG_FOR=/Users/Ajaya/Documents/TizenGitTVApp/node_modules/@mui/utils/elementAcceptingRef/elementAcceptingRef.js <your build command>
See https://babeljs.io/docs/configuration#print-effective-configs for more info.
Though the "loose" option was set to "true" in your @babel/preset-env config, it will not be used for @babel/plugin-transform-private-property-in-object since the "loose" mode option was set to "false" for @babel/plugin-transform-class-properties.
The "loose" option must be the same for @babel/plugin-transform-class-properties, @babel/plugin-transform-private-methods and @babel/plugin-transform-private-property-in-object (when they are enabled): you can silence this warning by explicitly adding
	["@babel/plugin-transform-private-property-in-object", { "loose": false }]
to the "plugins" section of your Babel config.

If you already set the same 'loose' mode for these plugins in your config, it's possible that they are enabled multiple times with different options.
You can re-run Babel with the BABEL_SHOW_CONFIG_FOR environment variable to show the loaded configuration:
	npx cross-env BABEL_SHOW_CONFIG_FOR=/Users/Ajaya/Documents/TizenGitTVApp/node_modules/@mui/utils/useEventCallback/useEventCallback.js <your build command>
See https://babeljs.io/docs/configuration#print-effective-configs for more info.
Though the "loose" option was set to "true" in your @babel/preset-env config, it will not be used for @babel/plugin-transform-private-methods since the "loose" mode option was set to "false" for @babel/plugin-transform-private-property-in-object.
The "loose" option must be the same for @babel/plugin-transform-class-properties, @babel/plugin-transform-private-methods and @babel/plugin-transform-private-property-in-object (when they are enabled): you can silence this warning by explicitly adding
	["@babel/plugin-transform-private-methods", { "loose": false }]
to the "plugins" section of your Babel config.

If you already set the same 'loose' mode for these plugins in your config, it's possible that they are enabled multiple times with different options.
You can re-run Babel with the BABEL_SHOW_CONFIG_FOR environment variable to show the loaded configuration:
	npx cross-env BABEL_SHOW_CONFIG_FOR=/Users/Ajaya/Documents/TizenGitTVApp/node_modules/@mui/utils/useEventCallback/useEventCallback.js <your build command>
See https://babeljs.io/docs/configuration#print-effective-configs for more info.
Though the "loose" option was set to "true" in your @babel/preset-env config, it will not be used for @babel/plugin-transform-private-property-in-object since the "loose" mode option was set to "false" for @babel/plugin-transform-class-properties.
The "loose" option must be the same for @babel/plugin-transform-class-properties, @babel/plugin-transform-private-methods and @babel/plugin-transform-private-property-in-object (when they are enabled): you can silence this warning by explicitly adding
	["@babel/plugin-transform-private-property-in-object", { "loose": false }]
to the "plugins" section of your Babel config.

If you already set the same 'loose' mode for these plugins in your config, it's possible that they are enabled multiple times with different options.
You can re-run Babel with the BABEL_SHOW_CONFIG_FOR environment variable to show the loaded configuration:
	npx cross-env BABEL_SHOW_CONFIG_FOR=/Users/Ajaya/Documents/TizenGitTVApp/node_modules/@mui/system/Stack/Stack.js <your build command>
See https://babeljs.io/docs/configuration#print-effective-configs for more info.
Though the "loose" option was set to "true" in your @babel/preset-env config, it will not be used for @babel/plugin-transform-private-methods since the "loose" mode option was set to "false" for @babel/plugin-transform-private-property-in-object.
The "loose" option must be the same for @babel/plugin-transform-class-properties, @babel/plugin-transform-private-methods and @babel/plugin-transform-private-property-in-object (when they are enabled): you can silence this warning by explicitly adding
	["@babel/plugin-transform-private-methods", { "loose": false }]
to the "plugins" section of your Babel config.

If you already set the same 'loose' mode for these plugins in your config, it's possible that they are enabled multiple times with different options.
You can re-run Babel with the BABEL_SHOW_CONFIG_FOR environment variable to show the loaded configuration:
	npx cross-env BABEL_SHOW_CONFIG_FOR=/Users/Ajaya/Documents/TizenGitTVApp/node_modules/@mui/system/Stack/Stack.js <your build command>
See https://babeljs.io/docs/configuration#print-effective-configs for more info.
Though the "loose" option was set to "true" in your @babel/preset-env config, it will not be used for @babel/plugin-transform-private-property-in-object since the "loose" mode option was set to "false" for @babel/plugin-transform-class-properties.
The "loose" option must be the same for @babel/plugin-transform-class-properties, @babel/plugin-transform-private-methods and @babel/plugin-transform-private-property-in-object (when they are enabled): you can silence this warning by explicitly adding
	["@babel/plugin-transform-private-property-in-object", { "loose": false }]
to the "plugins" section of your Babel config.

If you already set the same 'loose' mode for these plugins in your config, it's possible that they are enabled multiple times with different options.
You can re-run Babel with the BABEL_SHOW_CONFIG_FOR environment variable to show the loaded configuration:
	npx cross-env BABEL_SHOW_CONFIG_FOR=/Users/Ajaya/Documents/TizenGitTVApp/node_modules/@mui/utils/useId/useId.js <your build command>
See https://babeljs.io/docs/configuration#print-effective-configs for more info.
Though the "loose" option was set to "true" in your @babel/preset-env config, it will not be used for @babel/plugin-transform-private-methods since the "loose" mode option was set to "false" for @babel/plugin-transform-private-property-in-object.
The "loose" option must be the same for @babel/plugin-transform-class-properties, @babel/plugin-transform-private-methods and @babel/plugin-transform-private-property-in-object (when they are enabled): you can silence this warning by explicitly adding
	["@babel/plugin-transform-private-methods", { "loose": false }]
to the "plugins" section of your Babel config.

If you already set the same 'loose' mode for these plugins in your config, it's possible that they are enabled multiple times with different options.
You can re-run Babel with the BABEL_SHOW_CONFIG_FOR environment variable to show the loaded configuration:
	npx cross-env BABEL_SHOW_CONFIG_FOR=/Users/Ajaya/Documents/TizenGitTVApp/node_modules/@mui/utils/useId/useId.js <your build command>
See https://babeljs.io/docs/configuration#print-effective-configs for more info.
Though the "loose" option was set to "true" in your @babel/preset-env config, it will not be used for @babel/plugin-transform-private-property-in-object since the "loose" mode option was set to "false" for @babel/plugin-transform-class-properties.
The "loose" option must be the same for @babel/plugin-transform-class-properties, @babel/plugin-transform-private-methods and @babel/plugin-transform-private-property-in-object (when they are enabled): you can silence this warning by explicitly adding
	["@babel/plugin-transform-private-property-in-object", { "loose": false }]
to the "plugins" section of your Babel config.

If you already set the same 'loose' mode for these plugins in your config, it's possible that they are enabled multiple times with different options.
You can re-run Babel with the BABEL_SHOW_CONFIG_FOR environment variable to show the loaded configuration:
	npx cross-env BABEL_SHOW_CONFIG_FOR=/Users/Ajaya/Documents/TizenGitTVApp/node_modules/@mui/system/Grid/Grid.js <your build command>
See https://babeljs.io/docs/configuration#print-effective-configs for more info.
Though the "loose" option was set to "true" in your @babel/preset-env config, it will not be used for @babel/plugin-transform-private-methods since the "loose" mode option was set to "false" for @babel/plugin-transform-private-property-in-object.
The "loose" option must be the same for @babel/plugin-transform-class-properties, @babel/plugin-transform-private-methods and @babel/plugin-transform-private-property-in-object (when they are enabled): you can silence this warning by explicitly adding
	["@babel/plugin-transform-private-methods", { "loose": false }]
to the "plugins" section of your Babel config.

If you already set the same 'loose' mode for these plugins in your config, it's possible that they are enabled multiple times with different options.
You can re-run Babel with the BABEL_SHOW_CONFIG_FOR environment variable to show the loaded configuration:
	npx cross-env BABEL_SHOW_CONFIG_FOR=/Users/Ajaya/Documents/TizenGitTVApp/node_modules/@mui/system/Grid/Grid.js <your build command>
See https://babeljs.io/docs/configuration#print-effective-configs for more info.
Though the "loose" option was set to "true" in your @babel/preset-env config, it will not be used for @babel/plugin-transform-private-property-in-object since the "loose" mode option was set to "false" for @babel/plugin-transform-class-properties.
The "loose" option must be the same for @babel/plugin-transform-class-properties, @babel/plugin-transform-private-methods and @babel/plugin-transform-private-property-in-object (when they are enabled): you can silence this warning by explicitly adding
	["@babel/plugin-transform-private-property-in-object", { "loose": false }]
to the "plugins" section of your Babel config.

If you already set the same 'loose' mode for these plugins in your config, it's possible that they are enabled multiple times with different options.
You can re-run Babel with the BABEL_SHOW_CONFIG_FOR environment variable to show the loaded configuration:
	npx cross-env BABEL_SHOW_CONFIG_FOR=/Users/Ajaya/Documents/TizenGitTVApp/node_modules/@mui/system/Container/createContainer.js <your build command>
See https://babeljs.io/docs/configuration#print-effective-configs for more info.
Though the "loose" option was set to "true" in your @babel/preset-env config, it will not be used for @babel/plugin-transform-private-methods since the "loose" mode option was set to "false" for @babel/plugin-transform-private-property-in-object.
The "loose" option must be the same for @babel/plugin-transform-class-properties, @babel/plugin-transform-private-methods and @babel/plugin-transform-private-property-in-object (when they are enabled): you can silence this warning by explicitly adding
	["@babel/plugin-transform-private-methods", { "loose": false }]
to the "plugins" section of your Babel config.

If you already set the same 'loose' mode for these plugins in your config, it's possible that they are enabled multiple times with different options.
You can re-run Babel with the BABEL_SHOW_CONFIG_FOR environment variable to show the loaded configuration:
	npx cross-env BABEL_SHOW_CONFIG_FOR=/Users/Ajaya/Documents/TizenGitTVApp/node_modules/@mui/system/Container/createContainer.js <your build command>
See https://babeljs.io/docs/configuration#print-effective-configs for more info.
Though the "loose" option was set to "true" in your @babel/preset-env config, it will not be used for @babel/plugin-transform-private-property-in-object since the "loose" mode option was set to "false" for @babel/plugin-transform-class-properties.
The "loose" option must be the same for @babel/plugin-transform-class-properties, @babel/plugin-transform-private-methods and @babel/plugin-transform-private-property-in-object (when they are enabled): you can silence this warning by explicitly adding
	["@babel/plugin-transform-private-property-in-object", { "loose": false }]
to the "plugins" section of your Babel config.

If you already set the same 'loose' mode for these plugins in your config, it's possible that they are enabled multiple times with different options.
You can re-run Babel with the BABEL_SHOW_CONFIG_FOR environment variable to show the loaded configuration:
	npx cross-env BABEL_SHOW_CONFIG_FOR=/Users/Ajaya/Documents/TizenGitTVApp/node_modules/@mui/utils/setRef/setRef.js <your build command>
See https://babeljs.io/docs/configuration#print-effective-configs for more info.
Though the "loose" option was set to "true" in your @babel/preset-env config, it will not be used for @babel/plugin-transform-private-methods since the "loose" mode option was set to "false" for @babel/plugin-transform-private-property-in-object.
The "loose" option must be the same for @babel/plugin-transform-class-properties, @babel/plugin-transform-private-methods and @babel/plugin-transform-private-property-in-object (when they are enabled): you can silence this warning by explicitly adding
	["@babel/plugin-transform-private-methods", { "loose": false }]
to the "plugins" section of your Babel config.

If you already set the same 'loose' mode for these plugins in your config, it's possible that they are enabled multiple times with different options.
You can re-run Babel with the BABEL_SHOW_CONFIG_FOR environment variable to show the loaded configuration:
	npx cross-env BABEL_SHOW_CONFIG_FOR=/Users/Ajaya/Documents/TizenGitTVApp/node_modules/@mui/utils/setRef/setRef.js <your build command>
See https://babeljs.io/docs/configuration#print-effective-configs for more info.
Though the "loose" option was set to "true" in your @babel/preset-env config, it will not be used for @babel/plugin-transform-private-property-in-object since the "loose" mode option was set to "false" for @babel/plugin-transform-class-properties.
The "loose" option must be the same for @babel/plugin-transform-class-properties, @babel/plugin-transform-private-methods and @babel/plugin-transform-private-property-in-object (when they are enabled): you can silence this warning by explicitly adding
	["@babel/plugin-transform-private-property-in-object", { "loose": false }]
to the "plugins" section of your Babel config.

If you already set the same 'loose' mode for these plugins in your config, it's possible that they are enabled multiple times with different options.
You can re-run Babel with the BABEL_SHOW_CONFIG_FOR environment variable to show the loaded configuration:
	npx cross-env BABEL_SHOW_CONFIG_FOR=/Users/Ajaya/Documents/TizenGitTVApp/node_modules/@mui/utils/exactProp/exactProp.js <your build command>
See https://babeljs.io/docs/configuration#print-effective-configs for more info.
Though the "loose" option was set to "true" in your @babel/preset-env config, it will not be used for @babel/plugin-transform-private-methods since the "loose" mode option was set to "false" for @babel/plugin-transform-private-property-in-object.
The "loose" option must be the same for @babel/plugin-transform-class-properties, @babel/plugin-transform-private-methods and @babel/plugin-transform-private-property-in-object (when they are enabled): you can silence this warning by explicitly adding
	["@babel/plugin-transform-private-methods", { "loose": false }]
to the "plugins" section of your Babel config.

If you already set the same 'loose' mode for these plugins in your config, it's possible that they are enabled multiple times with different options.
You can re-run Babel with the BABEL_SHOW_CONFIG_FOR environment variable to show the loaded configuration:
	npx cross-env BABEL_SHOW_CONFIG_FOR=/Users/Ajaya/Documents/TizenGitTVApp/node_modules/@mui/utils/exactProp/exactProp.js <your build command>
See https://babeljs.io/docs/configuration#print-effective-configs for more info.
Though the "loose" option was set to "true" in your @babel/preset-env config, it will not be used for @babel/plugin-transform-private-property-in-object since the "loose" mode option was set to "false" for @babel/plugin-transform-class-properties.
The "loose" option must be the same for @babel/plugin-transform-class-properties, @babel/plugin-transform-private-methods and @babel/plugin-transform-private-property-in-object (when they are enabled): you can silence this warning by explicitly adding
	["@babel/plugin-transform-private-property-in-object", { "loose": false }]
to the "plugins" section of your Babel config.

If you already set the same 'loose' mode for these plugins in your config, it's possible that they are enabled multiple times with different options.
You can re-run Babel with the BABEL_SHOW_CONFIG_FOR environment variable to show the loaded configuration:
	npx cross-env BABEL_SHOW_CONFIG_FOR=/Users/Ajaya/Documents/TizenGitTVApp/node_modules/@mui/material/ClickAwayListener/index.js <your build command>
See https://babeljs.io/docs/configuration#print-effective-configs for more info.
Though the "loose" option was set to "true" in your @babel/preset-env config, it will not be used for @babel/plugin-transform-private-methods since the "loose" mode option was set to "false" for @babel/plugin-transform-private-property-in-object.
The "loose" option must be the same for @babel/plugin-transform-class-properties, @babel/plugin-transform-private-methods and @babel/plugin-transform-private-property-in-object (when they are enabled): you can silence this warning by explicitly adding
	["@babel/plugin-transform-private-methods", { "loose": false }]
to the "plugins" section of your Babel config.

If you already set the same 'loose' mode for these plugins in your config, it's possible that they are enabled multiple times with different options.
You can re-run Babel with the BABEL_SHOW_CONFIG_FOR environment variable to show the loaded configuration:
	npx cross-env BABEL_SHOW_CONFIG_FOR=/Users/Ajaya/Documents/TizenGitTVApp/node_modules/@mui/material/ClickAwayListener/index.js <your build command>
See https://babeljs.io/docs/configuration#print-effective-configs for more info.
Though the "loose" option was set to "true" in your @babel/preset-env config, it will not be used for @babel/plugin-transform-private-property-in-object since the "loose" mode option was set to "false" for @babel/plugin-transform-class-properties.
The "loose" option must be the same for @babel/plugin-transform-class-properties, @babel/plugin-transform-private-methods and @babel/plugin-transform-private-property-in-object (when they are enabled): you can silence this warning by explicitly adding
	["@babel/plugin-transform-private-property-in-object", { "loose": false }]
to the "plugins" section of your Babel config.

If you already set the same 'loose' mode for these plugins in your config, it's possible that they are enabled multiple times with different options.
You can re-run Babel with the BABEL_SHOW_CONFIG_FOR environment variable to show the loaded configuration:
	npx cross-env BABEL_SHOW_CONFIG_FOR=/Users/Ajaya/Documents/TizenGitTVApp/node_modules/@mui/utils/useForkRef/useForkRef.js <your build command>
See https://babeljs.io/docs/configuration#print-effective-configs for more info.
Though the "loose" option was set to "true" in your @babel/preset-env config, it will not be used for @babel/plugin-transform-private-methods since the "loose" mode option was set to "false" for @babel/plugin-transform-private-property-in-object.
The "loose" option must be the same for @babel/plugin-transform-class-properties, @babel/plugin-transform-private-methods and @babel/plugin-transform-private-property-in-object (when they are enabled): you can silence this warning by explicitly adding
	["@babel/plugin-transform-private-methods", { "loose": false }]
to the "plugins" section of your Babel config.

If you already set the same 'loose' mode for these plugins in your config, it's possible that they are enabled multiple times with different options.
You can re-run Babel with the BABEL_SHOW_CONFIG_FOR environment variable to show the loaded configuration:
	npx cross-env BABEL_SHOW_CONFIG_FOR=/Users/Ajaya/Documents/TizenGitTVApp/node_modules/@mui/utils/useForkRef/useForkRef.js <your build command>
See https://babeljs.io/docs/configuration#print-effective-configs for more info.
Though the "loose" option was set to "true" in your @babel/preset-env config, it will not be used for @babel/plugin-transform-private-property-in-object since the "loose" mode option was set to "false" for @babel/plugin-transform-class-properties.
The "loose" option must be the same for @babel/plugin-transform-class-properties, @babel/plugin-transform-private-methods and @babel/plugin-transform-private-property-in-object (when they are enabled): you can silence this warning by explicitly adding
	["@babel/plugin-transform-private-property-in-object", { "loose": false }]
to the "plugins" section of your Babel config.

If you already set the same 'loose' mode for these plugins in your config, it's possible that they are enabled multiple times with different options.
You can re-run Babel with the BABEL_SHOW_CONFIG_FOR environment variable to show the loaded configuration:
	npx cross-env BABEL_SHOW_CONFIG_FOR=/Users/Ajaya/Documents/TizenGitTVApp/node_modules/@mui/utils/ownerDocument/ownerDocument.js <your build command>
See https://babeljs.io/docs/configuration#print-effective-configs for more info.
Though the "loose" option was set to "true" in your @babel/preset-env config, it will not be used for @babel/plugin-transform-private-methods since the "loose" mode option was set to "false" for @babel/plugin-transform-private-property-in-object.
The "loose" option must be the same for @babel/plugin-transform-class-properties, @babel/plugin-transform-private-methods and @babel/plugin-transform-private-property-in-object (when they are enabled): you can silence this warning by explicitly adding
	["@babel/plugin-transform-private-methods", { "loose": false }]
to the "plugins" section of your Babel config.

If you already set the same 'loose' mode for these plugins in your config, it's possible that they are enabled multiple times with different options.
You can re-run Babel with the BABEL_SHOW_CONFIG_FOR environment variable to show the loaded configuration:
	npx cross-env BABEL_SHOW_CONFIG_FOR=/Users/Ajaya/Documents/TizenGitTVApp/node_modules/@mui/utils/ownerDocument/ownerDocument.js <your build command>
See https://babeljs.io/docs/configuration#print-effective-configs for more info.
Though the "loose" option was set to "true" in your @babel/preset-env config, it will not be used for @babel/plugin-transform-private-property-in-object since the "loose" mode option was set to "false" for @babel/plugin-transform-class-properties.
The "loose" option must be the same for @babel/plugin-transform-class-properties, @babel/plugin-transform-private-methods and @babel/plugin-transform-private-property-in-object (when they are enabled): you can silence this warning by explicitly adding
	["@babel/plugin-transform-private-property-in-object", { "loose": false }]
to the "plugins" section of your Babel config.

If you already set the same 'loose' mode for these plugins in your config, it's possible that they are enabled multiple times with different options.
You can re-run Babel with the BABEL_SHOW_CONFIG_FOR environment variable to show the loaded configuration:
	npx cross-env BABEL_SHOW_CONFIG_FOR=/Users/Ajaya/Documents/TizenGitTVApp/node_modules/@mui/system/memoTheme.js <your build command>
See https://babeljs.io/docs/configuration#print-effective-configs for more info.
Though the "loose" option was set to "true" in your @babel/preset-env config, it will not be used for @babel/plugin-transform-private-methods since the "loose" mode option was set to "false" for @babel/plugin-transform-private-property-in-object.
The "loose" option must be the same for @babel/plugin-transform-class-properties, @babel/plugin-transform-private-methods and @babel/plugin-transform-private-property-in-object (when they are enabled): you can silence this warning by explicitly adding
	["@babel/plugin-transform-private-methods", { "loose": false }]
to the "plugins" section of your Babel config.

If you already set the same 'loose' mode for these plugins in your config, it's possible that they are enabled multiple times with different options.
You can re-run Babel with the BABEL_SHOW_CONFIG_FOR environment variable to show the loaded configuration:
	npx cross-env BABEL_SHOW_CONFIG_FOR=/Users/Ajaya/Documents/TizenGitTVApp/node_modules/@mui/system/memoTheme.js <your build command>
See https://babeljs.io/docs/configuration#print-effective-configs for more info.
Though the "loose" option was set to "true" in your @babel/preset-env config, it will not be used for @babel/plugin-transform-private-property-in-object since the "loose" mode option was set to "false" for @babel/plugin-transform-class-properties.
The "loose" option must be the same for @babel/plugin-transform-class-properties, @babel/plugin-transform-private-methods and @babel/plugin-transform-private-property-in-object (when they are enabled): you can silence this warning by explicitly adding
	["@babel/plugin-transform-private-property-in-object", { "loose": false }]
to the "plugins" section of your Babel config.

If you already set the same 'loose' mode for these plugins in your config, it's possible that they are enabled multiple times with different options.
You can re-run Babel with the BABEL_SHOW_CONFIG_FOR environment variable to show the loaded configuration:
	npx cross-env BABEL_SHOW_CONFIG_FOR=/Users/Ajaya/Documents/TizenGitTVApp/node_modules/@mui/system/createTheme/shape.js <your build command>
See https://babeljs.io/docs/configuration#print-effective-configs for more info.
Though the "loose" option was set to "true" in your @babel/preset-env config, it will not be used for @babel/plugin-transform-private-methods since the "loose" mode option was set to "false" for @babel/plugin-transform-private-property-in-object.
The "loose" option must be the same for @babel/plugin-transform-class-properties, @babel/plugin-transform-private-methods and @babel/plugin-transform-private-property-in-object (when they are enabled): you can silence this warning by explicitly adding
	["@babel/plugin-transform-private-methods", { "loose": false }]
to the "plugins" section of your Babel config.

If you already set the same 'loose' mode for these plugins in your config, it's possible that they are enabled multiple times with different options.
You can re-run Babel with the BABEL_SHOW_CONFIG_FOR environment variable to show the loaded configuration:
	npx cross-env BABEL_SHOW_CONFIG_FOR=/Users/Ajaya/Documents/TizenGitTVApp/node_modules/@mui/system/createTheme/shape.js <your build command>
See https://babeljs.io/docs/configuration#print-effective-configs for more info.
Though the "loose" option was set to "true" in your @babel/preset-env config, it will not be used for @babel/plugin-transform-private-property-in-object since the "loose" mode option was set to "false" for @babel/plugin-transform-class-properties.
The "loose" option must be the same for @babel/plugin-transform-class-properties, @babel/plugin-transform-private-methods and @babel/plugin-transform-private-property-in-object (when they are enabled): you can silence this warning by explicitly adding
	["@babel/plugin-transform-private-property-in-object", { "loose": false }]
to the "plugins" section of your Babel config.

If you already set the same 'loose' mode for these plugins in your config, it's possible that they are enabled multiple times with different options.
You can re-run Babel with the BABEL_SHOW_CONFIG_FOR environment variable to show the loaded configuration:
	npx cross-env BABEL_SHOW_CONFIG_FOR=/Users/Ajaya/Documents/TizenGitTVApp/node_modules/@mui/system/createTheme/createSpacing.js <your build command>
See https://babeljs.io/docs/configuration#print-effective-configs for more info.
Though the "loose" option was set to "true" in your @babel/preset-env config, it will not be used for @babel/plugin-transform-private-methods since the "loose" mode option was set to "false" for @babel/plugin-transform-private-property-in-object.
The "loose" option must be the same for @babel/plugin-transform-class-properties, @babel/plugin-transform-private-methods and @babel/plugin-transform-private-property-in-object (when they are enabled): you can silence this warning by explicitly adding
	["@babel/plugin-transform-private-methods", { "loose": false }]
to the "plugins" section of your Babel config.

If you already set the same 'loose' mode for these plugins in your config, it's possible that they are enabled multiple times with different options.
You can re-run Babel with the BABEL_SHOW_CONFIG_FOR environment variable to show the loaded configuration:
	npx cross-env BABEL_SHOW_CONFIG_FOR=/Users/Ajaya/Documents/TizenGitTVApp/node_modules/@mui/system/createTheme/createSpacing.js <your build command>
See https://babeljs.io/docs/configuration#print-effective-configs for more info.
Though the "loose" option was set to "true" in your @babel/preset-env config, it will not be used for @babel/plugin-transform-private-property-in-object since the "loose" mode option was set to "false" for @babel/plugin-transform-class-properties.
The "loose" option must be the same for @babel/plugin-transform-class-properties, @babel/plugin-transform-private-methods and @babel/plugin-transform-private-property-in-object (when they are enabled): you can silence this warning by explicitly adding
	["@babel/plugin-transform-private-property-in-object", { "loose": false }]
to the "plugins" section of your Babel config.

If you already set the same 'loose' mode for these plugins in your config, it's possible that they are enabled multiple times with different options.
You can re-run Babel with the BABEL_SHOW_CONFIG_FOR environment variable to show the loaded configuration:
	npx cross-env BABEL_SHOW_CONFIG_FOR=/Users/Ajaya/Documents/TizenGitTVApp/node_modules/@mui/utils/getReactElementRef/getReactElementRef.js <your build command>
See https://babeljs.io/docs/configuration#print-effective-configs for more info.
Though the "loose" option was set to "true" in your @babel/preset-env config, it will not be used for @babel/plugin-transform-private-methods since the "loose" mode option was set to "false" for @babel/plugin-transform-private-property-in-object.
The "loose" option must be the same for @babel/plugin-transform-class-properties, @babel/plugin-transform-private-methods and @babel/plugin-transform-private-property-in-object (when they are enabled): you can silence this warning by explicitly adding
	["@babel/plugin-transform-private-methods", { "loose": false }]
to the "plugins" section of your Babel config.

If you already set the same 'loose' mode for these plugins in your config, it's possible that they are enabled multiple times with different options.
You can re-run Babel with the BABEL_SHOW_CONFIG_FOR environment variable to show the loaded configuration:
	npx cross-env BABEL_SHOW_CONFIG_FOR=/Users/Ajaya/Documents/TizenGitTVApp/node_modules/@mui/utils/getReactElementRef/getReactElementRef.js <your build command>
See https://babeljs.io/docs/configuration#print-effective-configs for more info.
Though the "loose" option was set to "true" in your @babel/preset-env config, it will not be used for @babel/plugin-transform-private-property-in-object since the "loose" mode option was set to "false" for @babel/plugin-transform-class-properties.
The "loose" option must be the same for @babel/plugin-transform-class-properties, @babel/plugin-transform-private-methods and @babel/plugin-transform-private-property-in-object (when they are enabled): you can silence this warning by explicitly adding
	["@babel/plugin-transform-private-property-in-object", { "loose": false }]
to the "plugins" section of your Babel config.

If you already set the same 'loose' mode for these plugins in your config, it's possible that they are enabled multiple times with different options.
You can re-run Babel with the BABEL_SHOW_CONFIG_FOR environment variable to show the loaded configuration:
	npx cross-env BABEL_SHOW_CONFIG_FOR=/Users/Ajaya/Documents/TizenGitTVApp/node_modules/@mui/material/Fab/index.js <your build command>
See https://babeljs.io/docs/configuration#print-effective-configs for more info.
Though the "loose" option was set to "true" in your @babel/preset-env config, it will not be used for @babel/plugin-transform-private-methods since the "loose" mode option was set to "false" for @babel/plugin-transform-private-property-in-object.
The "loose" option must be the same for @babel/plugin-transform-class-properties, @babel/plugin-transform-private-methods and @babel/plugin-transform-private-property-in-object (when they are enabled): you can silence this warning by explicitly adding
	["@babel/plugin-transform-private-methods", { "loose": false }]
to the "plugins" section of your Babel config.

If you already set the same 'loose' mode for these plugins in your config, it's possible that they are enabled multiple times with different options.
You can re-run Babel with the BABEL_SHOW_CONFIG_FOR environment variable to show the loaded configuration:
	npx cross-env BABEL_SHOW_CONFIG_FOR=/Users/Ajaya/Documents/TizenGitTVApp/node_modules/@mui/material/Fab/index.js <your build command>
See https://babeljs.io/docs/configuration#print-effective-configs for more info.
Though the "loose" option was set to "true" in your @babel/preset-env config, it will not be used for @babel/plugin-transform-private-property-in-object since the "loose" mode option was set to "false" for @babel/plugin-transform-class-properties.
The "loose" option must be the same for @babel/plugin-transform-class-properties, @babel/plugin-transform-private-methods and @babel/plugin-transform-private-property-in-object (when they are enabled): you can silence this warning by explicitly adding
	["@babel/plugin-transform-private-property-in-object", { "loose": false }]
to the "plugins" section of your Babel config.

If you already set the same 'loose' mode for these plugins in your config, it's possible that they are enabled multiple times with different options.
You can re-run Babel with the BABEL_SHOW_CONFIG_FOR environment variable to show the loaded configuration:
	npx cross-env BABEL_SHOW_CONFIG_FOR=/Users/Ajaya/Documents/TizenGitTVApp/node_modules/@mui/material/styles/index.js <your build command>
See https://babeljs.io/docs/configuration#print-effective-configs for more info.
Though the "loose" option was set to "true" in your @babel/preset-env config, it will not be used for @babel/plugin-transform-private-methods since the "loose" mode option was set to "false" for @babel/plugin-transform-private-property-in-object.
The "loose" option must be the same for @babel/plugin-transform-class-properties, @babel/plugin-transform-private-methods and @babel/plugin-transform-private-property-in-object (when they are enabled): you can silence this warning by explicitly adding
	["@babel/plugin-transform-private-methods", { "loose": false }]
to the "plugins" section of your Babel config.

If you already set the same 'loose' mode for these plugins in your config, it's possible that they are enabled multiple times with different options.
You can re-run Babel with the BABEL_SHOW_CONFIG_FOR environment variable to show the loaded configuration:
	npx cross-env BABEL_SHOW_CONFIG_FOR=/Users/Ajaya/Documents/TizenGitTVApp/node_modules/@mui/material/styles/index.js <your build command>
See https://babeljs.io/docs/configuration#print-effective-configs for more info.
Though the "loose" option was set to "true" in your @babel/preset-env config, it will not be used for @babel/plugin-transform-private-property-in-object since the "loose" mode option was set to "false" for @babel/plugin-transform-class-properties.
The "loose" option must be the same for @babel/plugin-transform-class-properties, @babel/plugin-transform-private-methods and @babel/plugin-transform-private-property-in-object (when they are enabled): you can silence this warning by explicitly adding
	["@babel/plugin-transform-private-property-in-object", { "loose": false }]
to the "plugins" section of your Babel config.

If you already set the same 'loose' mode for these plugins in your config, it's possible that they are enabled multiple times with different options.
You can re-run Babel with the BABEL_SHOW_CONFIG_FOR environment variable to show the loaded configuration:
	npx cross-env BABEL_SHOW_CONFIG_FOR=/Users/Ajaya/Documents/TizenGitTVApp/node_modules/@mui/system/cssVars/createGetCssVar.js <your build command>
See https://babeljs.io/docs/configuration#print-effective-configs for more info.
Though the "loose" option was set to "true" in your @babel/preset-env config, it will not be used for @babel/plugin-transform-private-methods since the "loose" mode option was set to "false" for @babel/plugin-transform-private-property-in-object.
The "loose" option must be the same for @babel/plugin-transform-class-properties, @babel/plugin-transform-private-methods and @babel/plugin-transform-private-property-in-object (when they are enabled): you can silence this warning by explicitly adding
	["@babel/plugin-transform-private-methods", { "loose": false }]
to the "plugins" section of your Babel config.

If you already set the same 'loose' mode for these plugins in your config, it's possible that they are enabled multiple times with different options.
You can re-run Babel with the BABEL_SHOW_CONFIG_FOR environment variable to show the loaded configuration:
	npx cross-env BABEL_SHOW_CONFIG_FOR=/Users/Ajaya/Documents/TizenGitTVApp/node_modules/@mui/system/cssVars/createGetCssVar.js <your build command>
See https://babeljs.io/docs/configuration#print-effective-configs for more info.
Though the "loose" option was set to "true" in your @babel/preset-env config, it will not be used for @babel/plugin-transform-private-property-in-object since the "loose" mode option was set to "false" for @babel/plugin-transform-class-properties.
The "loose" option must be the same for @babel/plugin-transform-class-properties, @babel/plugin-transform-private-methods and @babel/plugin-transform-private-property-in-object (when they are enabled): you can silence this warning by explicitly adding
	["@babel/plugin-transform-private-property-in-object", { "loose": false }]
to the "plugins" section of your Babel config.

If you already set the same 'loose' mode for these plugins in your config, it's possible that they are enabled multiple times with different options.
You can re-run Babel with the BABEL_SHOW_CONFIG_FOR environment variable to show the loaded configuration:
	npx cross-env BABEL_SHOW_CONFIG_FOR=/Users/Ajaya/Documents/TizenGitTVApp/node_modules/@mui/system/cssVars/createCssVarsTheme.js <your build command>
See https://babeljs.io/docs/configuration#print-effective-configs for more info.
Though the "loose" option was set to "true" in your @babel/preset-env config, it will not be used for @babel/plugin-transform-private-methods since the "loose" mode option was set to "false" for @babel/plugin-transform-private-property-in-object.
The "loose" option must be the same for @babel/plugin-transform-class-properties, @babel/plugin-transform-private-methods and @babel/plugin-transform-private-property-in-object (when they are enabled): you can silence this warning by explicitly adding
	["@babel/plugin-transform-private-methods", { "loose": false }]
to the "plugins" section of your Babel config.

If you already set the same 'loose' mode for these plugins in your config, it's possible that they are enabled multiple times with different options.
You can re-run Babel with the BABEL_SHOW_CONFIG_FOR environment variable to show the loaded configuration:
	npx cross-env BABEL_SHOW_CONFIG_FOR=/Users/Ajaya/Documents/TizenGitTVApp/node_modules/@mui/system/cssVars/createCssVarsTheme.js <your build command>
See https://babeljs.io/docs/configuration#print-effective-configs for more info.
Though the "loose" option was set to "true" in your @babel/preset-env config, it will not be used for @babel/plugin-transform-private-property-in-object since the "loose" mode option was set to "false" for @babel/plugin-transform-class-properties.
The "loose" option must be the same for @babel/plugin-transform-class-properties, @babel/plugin-transform-private-methods and @babel/plugin-transform-private-property-in-object (when they are enabled): you can silence this warning by explicitly adding
	["@babel/plugin-transform-private-property-in-object", { "loose": false }]
to the "plugins" section of your Babel config.

If you already set the same 'loose' mode for these plugins in your config, it's possible that they are enabled multiple times with different options.
You can re-run Babel with the BABEL_SHOW_CONFIG_FOR environment variable to show the loaded configuration:
	npx cross-env BABEL_SHOW_CONFIG_FOR=/Users/Ajaya/Documents/TizenGitTVApp/node_modules/@mui/system/cssVars/prepareCssVars.js <your build command>
See https://babeljs.io/docs/configuration#print-effective-configs for more info.
Though the "loose" option was set to "true" in your @babel/preset-env config, it will not be used for @babel/plugin-transform-private-methods since the "loose" mode option was set to "false" for @babel/plugin-transform-private-property-in-object.
The "loose" option must be the same for @babel/plugin-transform-class-properties, @babel/plugin-transform-private-methods and @babel/plugin-transform-private-property-in-object (when they are enabled): you can silence this warning by explicitly adding
	["@babel/plugin-transform-private-methods", { "loose": false }]
to the "plugins" section of your Babel config.

If you already set the same 'loose' mode for these plugins in your config, it's possible that they are enabled multiple times with different options.
You can re-run Babel with the BABEL_SHOW_CONFIG_FOR environment variable to show the loaded configuration:
	npx cross-env BABEL_SHOW_CONFIG_FOR=/Users/Ajaya/Documents/TizenGitTVApp/node_modules/@mui/system/cssVars/prepareCssVars.js <your build command>
See https://babeljs.io/docs/configuration#print-effective-configs for more info.
Though the "loose" option was set to "true" in your @babel/preset-env config, it will not be used for @babel/plugin-transform-private-property-in-object since the "loose" mode option was set to "false" for @babel/plugin-transform-class-properties.
The "loose" option must be the same for @babel/plugin-transform-class-properties, @babel/plugin-transform-private-methods and @babel/plugin-transform-private-property-in-object (when they are enabled): you can silence this warning by explicitly adding
	["@babel/plugin-transform-private-property-in-object", { "loose": false }]
to the "plugins" section of your Babel config.

If you already set the same 'loose' mode for these plugins in your config, it's possible that they are enabled multiple times with different options.
You can re-run Babel with the BABEL_SHOW_CONFIG_FOR environment variable to show the loaded configuration:
	npx cross-env BABEL_SHOW_CONFIG_FOR=/Users/Ajaya/Documents/TizenGitTVApp/node_modules/@mui/system/cssVars/createCssVarsProvider.js <your build command>
See https://babeljs.io/docs/configuration#print-effective-configs for more info.
Though the "loose" option was set to "true" in your @babel/preset-env config, it will not be used for @babel/plugin-transform-private-methods since the "loose" mode option was set to "false" for @babel/plugin-transform-private-property-in-object.
The "loose" option must be the same for @babel/plugin-transform-class-properties, @babel/plugin-transform-private-methods and @babel/plugin-transform-private-property-in-object (when they are enabled): you can silence this warning by explicitly adding
	["@babel/plugin-transform-private-methods", { "loose": false }]
to the "plugins" section of your Babel config.

If you already set the same 'loose' mode for these plugins in your config, it's possible that they are enabled multiple times with different options.
You can re-run Babel with the BABEL_SHOW_CONFIG_FOR environment variable to show the loaded configuration:
	npx cross-env BABEL_SHOW_CONFIG_FOR=/Users/Ajaya/Documents/TizenGitTVApp/node_modules/@mui/system/cssVars/createCssVarsProvider.js <your build command>
See https://babeljs.io/docs/configuration#print-effective-configs for more info.
Though the "loose" option was set to "true" in your @babel/preset-env config, it will not be used for @babel/plugin-transform-private-property-in-object since the "loose" mode option was set to "false" for @babel/plugin-transform-class-properties.
The "loose" option must be the same for @babel/plugin-transform-class-properties, @babel/plugin-transform-private-methods and @babel/plugin-transform-private-property-in-object (when they are enabled): you can silence this warning by explicitly adding
	["@babel/plugin-transform-private-property-in-object", { "loose": false }]
to the "plugins" section of your Babel config.

If you already set the same 'loose' mode for these plugins in your config, it's possible that they are enabled multiple times with different options.
You can re-run Babel with the BABEL_SHOW_CONFIG_FOR environment variable to show the loaded configuration:
	npx cross-env BABEL_SHOW_CONFIG_FOR=/Users/Ajaya/Documents/TizenGitTVApp/node_modules/@mui/system/cssVars/cssVarsParser.js <your build command>
See https://babeljs.io/docs/configuration#print-effective-configs for more info.
Though the "loose" option was set to "true" in your @babel/preset-env config, it will not be used for @babel/plugin-transform-private-methods since the "loose" mode option was set to "false" for @babel/plugin-transform-private-property-in-object.
The "loose" option must be the same for @babel/plugin-transform-class-properties, @babel/plugin-transform-private-methods and @babel/plugin-transform-private-property-in-object (when they are enabled): you can silence this warning by explicitly adding
	["@babel/plugin-transform-private-methods", { "loose": false }]
to the "plugins" section of your Babel config.

If you already set the same 'loose' mode for these plugins in your config, it's possible that they are enabled multiple times with different options.
You can re-run Babel with the BABEL_SHOW_CONFIG_FOR environment variable to show the loaded configuration:
	npx cross-env BABEL_SHOW_CONFIG_FOR=/Users/Ajaya/Documents/TizenGitTVApp/node_modules/@mui/system/cssVars/cssVarsParser.js <your build command>
See https://babeljs.io/docs/configuration#print-effective-configs for more info.
Though the "loose" option was set to "true" in your @babel/preset-env config, it will not be used for @babel/plugin-transform-private-property-in-object since the "loose" mode option was set to "false" for @babel/plugin-transform-class-properties.
The "loose" option must be the same for @babel/plugin-transform-class-properties, @babel/plugin-transform-private-methods and @babel/plugin-transform-private-property-in-object (when they are enabled): you can silence this warning by explicitly adding
	["@babel/plugin-transform-private-property-in-object", { "loose": false }]
to the "plugins" section of your Babel config.

If you already set the same 'loose' mode for these plugins in your config, it's possible that they are enabled multiple times with different options.
You can re-run Babel with the BABEL_SHOW_CONFIG_FOR environment variable to show the loaded configuration:
	npx cross-env BABEL_SHOW_CONFIG_FOR=/Users/Ajaya/Documents/TizenGitTVApp/node_modules/@mui/system/createBreakpoints/createBreakpoints.js <your build command>
See https://babeljs.io/docs/configuration#print-effective-configs for more info.
Though the "loose" option was set to "true" in your @babel/preset-env config, it will not be used for @babel/plugin-transform-private-methods since the "loose" mode option was set to "false" for @babel/plugin-transform-private-property-in-object.
The "loose" option must be the same for @babel/plugin-transform-class-properties, @babel/plugin-transform-private-methods and @babel/plugin-transform-private-property-in-object (when they are enabled): you can silence this warning by explicitly adding
	["@babel/plugin-transform-private-methods", { "loose": false }]
to the "plugins" section of your Babel config.

If you already set the same 'loose' mode for these plugins in your config, it's possible that they are enabled multiple times with different options.
You can re-run Babel with the BABEL_SHOW_CONFIG_FOR environment variable to show the loaded configuration:
	npx cross-env BABEL_SHOW_CONFIG_FOR=/Users/Ajaya/Documents/TizenGitTVApp/node_modules/@mui/system/createBreakpoints/createBreakpoints.js <your build command>
See https://babeljs.io/docs/configuration#print-effective-configs for more info.
Though the "loose" option was set to "true" in your @babel/preset-env config, it will not be used for @babel/plugin-transform-private-property-in-object since the "loose" mode option was set to "false" for @babel/plugin-transform-class-properties.
The "loose" option must be the same for @babel/plugin-transform-class-properties, @babel/plugin-transform-private-methods and @babel/plugin-transform-private-property-in-object (when they are enabled): you can silence this warning by explicitly adding
	["@babel/plugin-transform-private-property-in-object", { "loose": false }]
to the "plugins" section of your Babel config.

If you already set the same 'loose' mode for these plugins in your config, it's possible that they are enabled multiple times with different options.
You can re-run Babel with the BABEL_SHOW_CONFIG_FOR environment variable to show the loaded configuration:
	npx cross-env BABEL_SHOW_CONFIG_FOR=/Users/Ajaya/Documents/TizenGitTVApp/node_modules/@mui/material/InputBase/inputBaseClasses.js <your build command>
See https://babeljs.io/docs/configuration#print-effective-configs for more info.
Though the "loose" option was set to "true" in your @babel/preset-env config, it will not be used for @babel/plugin-transform-private-methods since the "loose" mode option was set to "false" for @babel/plugin-transform-private-property-in-object.
The "loose" option must be the same for @babel/plugin-transform-class-properties, @babel/plugin-transform-private-methods and @babel/plugin-transform-private-property-in-object (when they are enabled): you can silence this warning by explicitly adding
	["@babel/plugin-transform-private-methods", { "loose": false }]
to the "plugins" section of your Babel config.

If you already set the same 'loose' mode for these plugins in your config, it's possible that they are enabled multiple times with different options.
You can re-run Babel with the BABEL_SHOW_CONFIG_FOR environment variable to show the loaded configuration:
	npx cross-env BABEL_SHOW_CONFIG_FOR=/Users/Ajaya/Documents/TizenGitTVApp/node_modules/@mui/material/InputBase/inputBaseClasses.js <your build command>
See https://babeljs.io/docs/configuration#print-effective-configs for more info.
Though the "loose" option was set to "true" in your @babel/preset-env config, it will not be used for @babel/plugin-transform-private-property-in-object since the "loose" mode option was set to "false" for @babel/plugin-transform-class-properties.
The "loose" option must be the same for @babel/plugin-transform-class-properties, @babel/plugin-transform-private-methods and @babel/plugin-transform-private-property-in-object (when they are enabled): you can silence this warning by explicitly adding
	["@babel/plugin-transform-private-property-in-object", { "loose": false }]
to the "plugins" section of your Babel config.

If you already set the same 'loose' mode for these plugins in your config, it's possible that they are enabled multiple times with different options.
You can re-run Babel with the BABEL_SHOW_CONFIG_FOR environment variable to show the loaded configuration:
	npx cross-env BABEL_SHOW_CONFIG_FOR=/Users/Ajaya/Documents/TizenGitTVApp/node_modules/@mui/material/FormControl/FormControlContext.js <your build command>
See https://babeljs.io/docs/configuration#print-effective-configs for more info.
Though the "loose" option was set to "true" in your @babel/preset-env config, it will not be used for @babel/plugin-transform-private-methods since the "loose" mode option was set to "false" for @babel/plugin-transform-private-property-in-object.
The "loose" option must be the same for @babel/plugin-transform-class-properties, @babel/plugin-transform-private-methods and @babel/plugin-transform-private-property-in-object (when they are enabled): you can silence this warning by explicitly adding
	["@babel/plugin-transform-private-methods", { "loose": false }]
to the "plugins" section of your Babel config.

If you already set the same 'loose' mode for these plugins in your config, it's possible that they are enabled multiple times with different options.
You can re-run Babel with the BABEL_SHOW_CONFIG_FOR environment variable to show the loaded configuration:
	npx cross-env BABEL_SHOW_CONFIG_FOR=/Users/Ajaya/Documents/TizenGitTVApp/node_modules/@mui/material/FormControl/FormControlContext.js <your build command>
See https://babeljs.io/docs/configuration#print-effective-configs for more info.
Though the "loose" option was set to "true" in your @babel/preset-env config, it will not be used for @babel/plugin-transform-private-property-in-object since the "loose" mode option was set to "false" for @babel/plugin-transform-class-properties.
The "loose" option must be the same for @babel/plugin-transform-class-properties, @babel/plugin-transform-private-methods and @babel/plugin-transform-private-property-in-object (when they are enabled): you can silence this warning by explicitly adding
	["@babel/plugin-transform-private-property-in-object", { "loose": false }]
to the "plugins" section of your Babel config.

If you already set the same 'loose' mode for these plugins in your config, it's possible that they are enabled multiple times with different options.
You can re-run Babel with the BABEL_SHOW_CONFIG_FOR environment variable to show the loaded configuration:
	npx cross-env BABEL_SHOW_CONFIG_FOR=/Users/Ajaya/Documents/TizenGitTVApp/node_modules/@mui/material/InputBase/utils.js <your build command>
See https://babeljs.io/docs/configuration#print-effective-configs for more info.
Though the "loose" option was set to "true" in your @babel/preset-env config, it will not be used for @babel/plugin-transform-private-methods since the "loose" mode option was set to "false" for @babel/plugin-transform-private-property-in-object.
The "loose" option must be the same for @babel/plugin-transform-class-properties, @babel/plugin-transform-private-methods and @babel/plugin-transform-private-property-in-object (when they are enabled): you can silence this warning by explicitly adding
	["@babel/plugin-transform-private-methods", { "loose": false }]
to the "plugins" section of your Babel config.

If you already set the same 'loose' mode for these plugins in your config, it's possible that they are enabled multiple times with different options.
You can re-run Babel with the BABEL_SHOW_CONFIG_FOR environment variable to show the loaded configuration:
	npx cross-env BABEL_SHOW_CONFIG_FOR=/Users/Ajaya/Documents/TizenGitTVApp/node_modules/@mui/material/InputBase/utils.js <your build command>
See https://babeljs.io/docs/configuration#print-effective-configs for more info.
Though the "loose" option was set to "true" in your @babel/preset-env config, it will not be used for @babel/plugin-transform-private-property-in-object since the "loose" mode option was set to "false" for @babel/plugin-transform-class-properties.
The "loose" option must be the same for @babel/plugin-transform-class-properties, @babel/plugin-transform-private-methods and @babel/plugin-transform-private-property-in-object (when they are enabled): you can silence this warning by explicitly adding
	["@babel/plugin-transform-private-property-in-object", { "loose": false }]
to the "plugins" section of your Babel config.

If you already set the same 'loose' mode for these plugins in your config, it's possible that they are enabled multiple times with different options.
You can re-run Babel with the BABEL_SHOW_CONFIG_FOR environment variable to show the loaded configuration:
	npx cross-env BABEL_SHOW_CONFIG_FOR=/Users/Ajaya/Documents/TizenGitTVApp/node_modules/@mui/utils/HTMLElementType/index.js <your build command>
See https://babeljs.io/docs/configuration#print-effective-configs for more info.
Though the "loose" option was set to "true" in your @babel/preset-env config, it will not be used for @babel/plugin-transform-private-methods since the "loose" mode option was set to "false" for @babel/plugin-transform-private-property-in-object.
The "loose" option must be the same for @babel/plugin-transform-class-properties, @babel/plugin-transform-private-methods and @babel/plugin-transform-private-property-in-object (when they are enabled): you can silence this warning by explicitly adding
	["@babel/plugin-transform-private-methods", { "loose": false }]
to the "plugins" section of your Babel config.

If you already set the same 'loose' mode for these plugins in your config, it's possible that they are enabled multiple times with different options.
You can re-run Babel with the BABEL_SHOW_CONFIG_FOR environment variable to show the loaded configuration:
	npx cross-env BABEL_SHOW_CONFIG_FOR=/Users/Ajaya/Documents/TizenGitTVApp/node_modules/@mui/utils/HTMLElementType/index.js <your build command>
See https://babeljs.io/docs/configuration#print-effective-configs for more info.
Though the "loose" option was set to "true" in your @babel/preset-env config, it will not be used for @babel/plugin-transform-private-property-in-object since the "loose" mode option was set to "false" for @babel/plugin-transform-class-properties.
The "loose" option must be the same for @babel/plugin-transform-class-properties, @babel/plugin-transform-private-methods and @babel/plugin-transform-private-property-in-object (when they are enabled): you can silence this warning by explicitly adding
	["@babel/plugin-transform-private-property-in-object", { "loose": false }]
to the "plugins" section of your Babel config.

If you already set the same 'loose' mode for these plugins in your config, it's possible that they are enabled multiple times with different options.
You can re-run Babel with the BABEL_SHOW_CONFIG_FOR environment variable to show the loaded configuration:
	npx cross-env BABEL_SHOW_CONFIG_FOR=/Users/Ajaya/Documents/TizenGitTVApp/node_modules/@mui/material/utils/isHostComponent.js <your build command>
See https://babeljs.io/docs/configuration#print-effective-configs for more info.
Though the "loose" option was set to "true" in your @babel/preset-env config, it will not be used for @babel/plugin-transform-private-methods since the "loose" mode option was set to "false" for @babel/plugin-transform-private-property-in-object.
The "loose" option must be the same for @babel/plugin-transform-class-properties, @babel/plugin-transform-private-methods and @babel/plugin-transform-private-property-in-object (when they are enabled): you can silence this warning by explicitly adding
	["@babel/plugin-transform-private-methods", { "loose": false }]
to the "plugins" section of your Babel config.

If you already set the same 'loose' mode for these plugins in your config, it's possible that they are enabled multiple times with different options.
You can re-run Babel with the BABEL_SHOW_CONFIG_FOR environment variable to show the loaded configuration:
	npx cross-env BABEL_SHOW_CONFIG_FOR=/Users/Ajaya/Documents/TizenGitTVApp/node_modules/@mui/material/utils/isHostComponent.js <your build command>
See https://babeljs.io/docs/configuration#print-effective-configs for more info.
Though the "loose" option was set to "true" in your @babel/preset-env config, it will not be used for @babel/plugin-transform-private-property-in-object since the "loose" mode option was set to "false" for @babel/plugin-transform-class-properties.
The "loose" option must be the same for @babel/plugin-transform-class-properties, @babel/plugin-transform-private-methods and @babel/plugin-transform-private-property-in-object (when they are enabled): you can silence this warning by explicitly adding
	["@babel/plugin-transform-private-property-in-object", { "loose": false }]
to the "plugins" section of your Babel config.

If you already set the same 'loose' mode for these plugins in your config, it's possible that they are enabled multiple times with different options.
You can re-run Babel with the BABEL_SHOW_CONFIG_FOR environment variable to show the loaded configuration:
	npx cross-env BABEL_SHOW_CONFIG_FOR=/Users/Ajaya/Documents/TizenGitTVApp/node_modules/@mui/utils/useEnhancedEffect/index.js <your build command>
See https://babeljs.io/docs/configuration#print-effective-configs for more info.
Though the "loose" option was set to "true" in your @babel/preset-env config, it will not be used for @babel/plugin-transform-private-methods since the "loose" mode option was set to "false" for @babel/plugin-transform-private-property-in-object.
The "loose" option must be the same for @babel/plugin-transform-class-properties, @babel/plugin-transform-private-methods and @babel/plugin-transform-private-property-in-object (when they are enabled): you can silence this warning by explicitly adding
	["@babel/plugin-transform-private-methods", { "loose": false }]
to the "plugins" section of your Babel config.

If you already set the same 'loose' mode for these plugins in your config, it's possible that they are enabled multiple times with different options.
You can re-run Babel with the BABEL_SHOW_CONFIG_FOR environment variable to show the loaded configuration:
	npx cross-env BABEL_SHOW_CONFIG_FOR=/Users/Ajaya/Documents/TizenGitTVApp/node_modules/@mui/utils/useEnhancedEffect/index.js <your build command>
See https://babeljs.io/docs/configuration#print-effective-configs for more info.
Though the "loose" option was set to "true" in your @babel/preset-env config, it will not be used for @babel/plugin-transform-private-property-in-object since the "loose" mode option was set to "false" for @babel/plugin-transform-class-properties.
The "loose" option must be the same for @babel/plugin-transform-class-properties, @babel/plugin-transform-private-methods and @babel/plugin-transform-private-property-in-object (when they are enabled): you can silence this warning by explicitly adding
	["@babel/plugin-transform-private-property-in-object", { "loose": false }]
to the "plugins" section of your Babel config.

If you already set the same 'loose' mode for these plugins in your config, it's possible that they are enabled multiple times with different options.
You can re-run Babel with the BABEL_SHOW_CONFIG_FOR environment variable to show the loaded configuration:
	npx cross-env BABEL_SHOW_CONFIG_FOR=/Users/Ajaya/Documents/TizenGitTVApp/node_modules/@mui/material/Backdrop/index.js <your build command>
See https://babeljs.io/docs/configuration#print-effective-configs for more info.
Though the "loose" option was set to "true" in your @babel/preset-env config, it will not be used for @babel/plugin-transform-private-methods since the "loose" mode option was set to "false" for @babel/plugin-transform-private-property-in-object.
The "loose" option must be the same for @babel/plugin-transform-class-properties, @babel/plugin-transform-private-methods and @babel/plugin-transform-private-property-in-object (when they are enabled): you can silence this warning by explicitly adding
	["@babel/plugin-transform-private-methods", { "loose": false }]
to the "plugins" section of your Babel config.

If you already set the same 'loose' mode for these plugins in your config, it's possible that they are enabled multiple times with different options.
You can re-run Babel with the BABEL_SHOW_CONFIG_FOR environment variable to show the loaded configuration:
	npx cross-env BABEL_SHOW_CONFIG_FOR=/Users/Ajaya/Documents/TizenGitTVApp/node_modules/@mui/material/Backdrop/index.js <your build command>
See https://babeljs.io/docs/configuration#print-effective-configs for more info.
Though the "loose" option was set to "true" in your @babel/preset-env config, it will not be used for @babel/plugin-transform-private-property-in-object since the "loose" mode option was set to "false" for @babel/plugin-transform-class-properties.
The "loose" option must be the same for @babel/plugin-transform-class-properties, @babel/plugin-transform-private-methods and @babel/plugin-transform-private-property-in-object (when they are enabled): you can silence this warning by explicitly adding
	["@babel/plugin-transform-private-property-in-object", { "loose": false }]
to the "plugins" section of your Babel config.

If you already set the same 'loose' mode for these plugins in your config, it's possible that they are enabled multiple times with different options.
You can re-run Babel with the BABEL_SHOW_CONFIG_FOR environment variable to show the loaded configuration:
	npx cross-env BABEL_SHOW_CONFIG_FOR=/Users/Ajaya/Documents/TizenGitTVApp/node_modules/@mui/utils/getScrollbarSize/index.js <your build command>
See https://babeljs.io/docs/configuration#print-effective-configs for more info.
Though the "loose" option was set to "true" in your @babel/preset-env config, it will not be used for @babel/plugin-transform-private-methods since the "loose" mode option was set to "false" for @babel/plugin-transform-private-property-in-object.
The "loose" option must be the same for @babel/plugin-transform-class-properties, @babel/plugin-transform-private-methods and @babel/plugin-transform-private-property-in-object (when they are enabled): you can silence this warning by explicitly adding
	["@babel/plugin-transform-private-methods", { "loose": false }]
to the "plugins" section of your Babel config.

If you already set the same 'loose' mode for these plugins in your config, it's possible that they are enabled multiple times with different options.
You can re-run Babel with the BABEL_SHOW_CONFIG_FOR environment variable to show the loaded configuration:
	npx cross-env BABEL_SHOW_CONFIG_FOR=/Users/Ajaya/Documents/TizenGitTVApp/node_modules/@mui/utils/getScrollbarSize/index.js <your build command>
See https://babeljs.io/docs/configuration#print-effective-configs for more info.
Though the "loose" option was set to "true" in your @babel/preset-env config, it will not be used for @babel/plugin-transform-private-property-in-object since the "loose" mode option was set to "false" for @babel/plugin-transform-class-properties.
The "loose" option must be the same for @babel/plugin-transform-class-properties, @babel/plugin-transform-private-methods and @babel/plugin-transform-private-property-in-object (when they are enabled): you can silence this warning by explicitly adding
	["@babel/plugin-transform-private-property-in-object", { "loose": false }]
to the "plugins" section of your Babel config.

If you already set the same 'loose' mode for these plugins in your config, it's possible that they are enabled multiple times with different options.
You can re-run Babel with the BABEL_SHOW_CONFIG_FOR environment variable to show the loaded configuration:
	npx cross-env BABEL_SHOW_CONFIG_FOR=/Users/Ajaya/Documents/TizenGitTVApp/node_modules/@mui/material/Drawer/drawerClasses.js <your build command>
See https://babeljs.io/docs/configuration#print-effective-configs for more info.
Though the "loose" option was set to "true" in your @babel/preset-env config, it will not be used for @babel/plugin-transform-private-methods since the "loose" mode option was set to "false" for @babel/plugin-transform-private-property-in-object.
The "loose" option must be the same for @babel/plugin-transform-class-properties, @babel/plugin-transform-private-methods and @babel/plugin-transform-private-property-in-object (when they are enabled): you can silence this warning by explicitly adding
	["@babel/plugin-transform-private-methods", { "loose": false }]
to the "plugins" section of your Babel config.

If you already set the same 'loose' mode for these plugins in your config, it's possible that they are enabled multiple times with different options.
You can re-run Babel with the BABEL_SHOW_CONFIG_FOR environment variable to show the loaded configuration:
	npx cross-env BABEL_SHOW_CONFIG_FOR=/Users/Ajaya/Documents/TizenGitTVApp/node_modules/@mui/material/Drawer/drawerClasses.js <your build command>
See https://babeljs.io/docs/configuration#print-effective-configs for more info.
Though the "loose" option was set to "true" in your @babel/preset-env config, it will not be used for @babel/plugin-transform-private-property-in-object since the "loose" mode option was set to "false" for @babel/plugin-transform-class-properties.
The "loose" option must be the same for @babel/plugin-transform-class-properties, @babel/plugin-transform-private-methods and @babel/plugin-transform-private-property-in-object (when they are enabled): you can silence this warning by explicitly adding
	["@babel/plugin-transform-private-property-in-object", { "loose": false }]
to the "plugins" section of your Babel config.

If you already set the same 'loose' mode for these plugins in your config, it's possible that they are enabled multiple times with different options.
You can re-run Babel with the BABEL_SHOW_CONFIG_FOR environment variable to show the loaded configuration:
	npx cross-env BABEL_SHOW_CONFIG_FOR=/Users/Ajaya/Documents/TizenGitTVApp/node_modules/@mui/material/utils/mergeSlotProps.js <your build command>
See https://babeljs.io/docs/configuration#print-effective-configs for more info.
Though the "loose" option was set to "true" in your @babel/preset-env config, it will not be used for @babel/plugin-transform-private-methods since the "loose" mode option was set to "false" for @babel/plugin-transform-private-property-in-object.
The "loose" option must be the same for @babel/plugin-transform-class-properties, @babel/plugin-transform-private-methods and @babel/plugin-transform-private-property-in-object (when they are enabled): you can silence this warning by explicitly adding
	["@babel/plugin-transform-private-methods", { "loose": false }]
to the "plugins" section of your Babel config.

If you already set the same 'loose' mode for these plugins in your config, it's possible that they are enabled multiple times with different options.
You can re-run Babel with the BABEL_SHOW_CONFIG_FOR environment variable to show the loaded configuration:
	npx cross-env BABEL_SHOW_CONFIG_FOR=/Users/Ajaya/Documents/TizenGitTVApp/node_modules/@mui/material/utils/mergeSlotProps.js <your build command>
See https://babeljs.io/docs/configuration#print-effective-configs for more info.
Though the "loose" option was set to "true" in your @babel/preset-env config, it will not be used for @babel/plugin-transform-private-property-in-object since the "loose" mode option was set to "false" for @babel/plugin-transform-class-properties.
The "loose" option must be the same for @babel/plugin-transform-class-properties, @babel/plugin-transform-private-methods and @babel/plugin-transform-private-property-in-object (when they are enabled): you can silence this warning by explicitly adding
	["@babel/plugin-transform-private-property-in-object", { "loose": false }]
to the "plugins" section of your Babel config.

If you already set the same 'loose' mode for these plugins in your config, it's possible that they are enabled multiple times with different options.
You can re-run Babel with the BABEL_SHOW_CONFIG_FOR environment variable to show the loaded configuration:
	npx cross-env BABEL_SHOW_CONFIG_FOR=/Users/Ajaya/Documents/TizenGitTVApp/node_modules/@mui/material/ListItemText/index.js <your build command>
See https://babeljs.io/docs/configuration#print-effective-configs for more info.
Though the "loose" option was set to "true" in your @babel/preset-env config, it will not be used for @babel/plugin-transform-private-methods since the "loose" mode option was set to "false" for @babel/plugin-transform-private-property-in-object.
The "loose" option must be the same for @babel/plugin-transform-class-properties, @babel/plugin-transform-private-methods and @babel/plugin-transform-private-property-in-object (when they are enabled): you can silence this warning by explicitly adding
	["@babel/plugin-transform-private-methods", { "loose": false }]
to the "plugins" section of your Babel config.

If you already set the same 'loose' mode for these plugins in your config, it's possible that they are enabled multiple times with different options.
You can re-run Babel with the BABEL_SHOW_CONFIG_FOR environment variable to show the loaded configuration:
	npx cross-env BABEL_SHOW_CONFIG_FOR=/Users/Ajaya/Documents/TizenGitTVApp/node_modules/@mui/material/ListItemText/index.js <your build command>
See https://babeljs.io/docs/configuration#print-effective-configs for more info.
Though the "loose" option was set to "true" in your @babel/preset-env config, it will not be used for @babel/plugin-transform-private-property-in-object since the "loose" mode option was set to "false" for @babel/plugin-transform-class-properties.
The "loose" option must be the same for @babel/plugin-transform-class-properties, @babel/plugin-transform-private-methods and @babel/plugin-transform-private-property-in-object (when they are enabled): you can silence this warning by explicitly adding
	["@babel/plugin-transform-private-property-in-object", { "loose": false }]
to the "plugins" section of your Babel config.

If you already set the same 'loose' mode for these plugins in your config, it's possible that they are enabled multiple times with different options.
You can re-run Babel with the BABEL_SHOW_CONFIG_FOR environment variable to show the loaded configuration:
	npx cross-env BABEL_SHOW_CONFIG_FOR=/Users/Ajaya/Documents/TizenGitTVApp/node_modules/@mui/material/ListItemIcon/index.js <your build command>
See https://babeljs.io/docs/configuration#print-effective-configs for more info.
Though the "loose" option was set to "true" in your @babel/preset-env config, it will not be used for @babel/plugin-transform-private-methods since the "loose" mode option was set to "false" for @babel/plugin-transform-private-property-in-object.
The "loose" option must be the same for @babel/plugin-transform-class-properties, @babel/plugin-transform-private-methods and @babel/plugin-transform-private-property-in-object (when they are enabled): you can silence this warning by explicitly adding
	["@babel/plugin-transform-private-methods", { "loose": false }]
to the "plugins" section of your Babel config.

If you already set the same 'loose' mode for these plugins in your config, it's possible that they are enabled multiple times with different options.
You can re-run Babel with the BABEL_SHOW_CONFIG_FOR environment variable to show the loaded configuration:
	npx cross-env BABEL_SHOW_CONFIG_FOR=/Users/Ajaya/Documents/TizenGitTVApp/node_modules/@mui/material/ListItemIcon/index.js <your build command>
See https://babeljs.io/docs/configuration#print-effective-configs for more info.
Though the "loose" option was set to "true" in your @babel/preset-env config, it will not be used for @babel/plugin-transform-private-property-in-object since the "loose" mode option was set to "false" for @babel/plugin-transform-class-properties.
The "loose" option must be the same for @babel/plugin-transform-class-properties, @babel/plugin-transform-private-methods and @babel/plugin-transform-private-property-in-object (when they are enabled): you can silence this warning by explicitly adding
	["@babel/plugin-transform-private-property-in-object", { "loose": false }]
to the "plugins" section of your Babel config.

If you already set the same 'loose' mode for these plugins in your config, it's possible that they are enabled multiple times with different options.
You can re-run Babel with the BABEL_SHOW_CONFIG_FOR environment variable to show the loaded configuration:
	npx cross-env BABEL_SHOW_CONFIG_FOR=/Users/Ajaya/Documents/TizenGitTVApp/node_modules/@mui/material/Divider/index.js <your build command>
See https://babeljs.io/docs/configuration#print-effective-configs for more info.
Though the "loose" option was set to "true" in your @babel/preset-env config, it will not be used for @babel/plugin-transform-private-methods since the "loose" mode option was set to "false" for @babel/plugin-transform-private-property-in-object.
The "loose" option must be the same for @babel/plugin-transform-class-properties, @babel/plugin-transform-private-methods and @babel/plugin-transform-private-property-in-object (when they are enabled): you can silence this warning by explicitly adding
	["@babel/plugin-transform-private-methods", { "loose": false }]
to the "plugins" section of your Babel config.

If you already set the same 'loose' mode for these plugins in your config, it's possible that they are enabled multiple times with different options.
You can re-run Babel with the BABEL_SHOW_CONFIG_FOR environment variable to show the loaded configuration:
	npx cross-env BABEL_SHOW_CONFIG_FOR=/Users/Ajaya/Documents/TizenGitTVApp/node_modules/@mui/material/Divider/index.js <your build command>
See https://babeljs.io/docs/configuration#print-effective-configs for more info.
Though the "loose" option was set to "true" in your @babel/preset-env config, it will not be used for @babel/plugin-transform-private-property-in-object since the "loose" mode option was set to "false" for @babel/plugin-transform-class-properties.
The "loose" option must be the same for @babel/plugin-transform-class-properties, @babel/plugin-transform-private-methods and @babel/plugin-transform-private-property-in-object (when they are enabled): you can silence this warning by explicitly adding
	["@babel/plugin-transform-private-property-in-object", { "loose": false }]
to the "plugins" section of your Babel config.

If you already set the same 'loose' mode for these plugins in your config, it's possible that they are enabled multiple times with different options.
You can re-run Babel with the BABEL_SHOW_CONFIG_FOR environment variable to show the loaded configuration:
	npx cross-env BABEL_SHOW_CONFIG_FOR=/Users/Ajaya/Documents/TizenGitTVApp/node_modules/@mui/utils/useSlotProps/index.js <your build command>
See https://babeljs.io/docs/configuration#print-effective-configs for more info.
Though the "loose" option was set to "true" in your @babel/preset-env config, it will not be used for @babel/plugin-transform-private-methods since the "loose" mode option was set to "false" for @babel/plugin-transform-private-property-in-object.
The "loose" option must be the same for @babel/plugin-transform-class-properties, @babel/plugin-transform-private-methods and @babel/plugin-transform-private-property-in-object (when they are enabled): you can silence this warning by explicitly adding
	["@babel/plugin-transform-private-methods", { "loose": false }]
to the "plugins" section of your Babel config.

If you already set the same 'loose' mode for these plugins in your config, it's possible that they are enabled multiple times with different options.
You can re-run Babel with the BABEL_SHOW_CONFIG_FOR environment variable to show the loaded configuration:
	npx cross-env BABEL_SHOW_CONFIG_FOR=/Users/Ajaya/Documents/TizenGitTVApp/node_modules/@mui/utils/useSlotProps/index.js <your build command>
See https://babeljs.io/docs/configuration#print-effective-configs for more info.
Though the "loose" option was set to "true" in your @babel/preset-env config, it will not be used for @babel/plugin-transform-private-property-in-object since the "loose" mode option was set to "false" for @babel/plugin-transform-class-properties.
The "loose" option must be the same for @babel/plugin-transform-class-properties, @babel/plugin-transform-private-methods and @babel/plugin-transform-private-property-in-object (when they are enabled): you can silence this warning by explicitly adding
	["@babel/plugin-transform-private-property-in-object", { "loose": false }]
to the "plugins" section of your Babel config.

If you already set the same 'loose' mode for these plugins in your config, it's possible that they are enabled multiple times with different options.
You can re-run Babel with the BABEL_SHOW_CONFIG_FOR environment variable to show the loaded configuration:
	npx cross-env BABEL_SHOW_CONFIG_FOR=/Users/Ajaya/Documents/TizenGitTVApp/node_modules/@mui/material/LinearProgress/index.js <your build command>
See https://babeljs.io/docs/configuration#print-effective-configs for more info.
Though the "loose" option was set to "true" in your @babel/preset-env config, it will not be used for @babel/plugin-transform-private-methods since the "loose" mode option was set to "false" for @babel/plugin-transform-private-property-in-object.
The "loose" option must be the same for @babel/plugin-transform-class-properties, @babel/plugin-transform-private-methods and @babel/plugin-transform-private-property-in-object (when they are enabled): you can silence this warning by explicitly adding
	["@babel/plugin-transform-private-methods", { "loose": false }]
to the "plugins" section of your Babel config.

If you already set the same 'loose' mode for these plugins in your config, it's possible that they are enabled multiple times with different options.
You can re-run Babel with the BABEL_SHOW_CONFIG_FOR environment variable to show the loaded configuration:
	npx cross-env BABEL_SHOW_CONFIG_FOR=/Users/Ajaya/Documents/TizenGitTVApp/node_modules/@mui/material/LinearProgress/index.js <your build command>
See https://babeljs.io/docs/configuration#print-effective-configs for more info.
Though the "loose" option was set to "true" in your @babel/preset-env config, it will not be used for @babel/plugin-transform-private-property-in-object since the "loose" mode option was set to "false" for @babel/plugin-transform-class-properties.
The "loose" option must be the same for @babel/plugin-transform-class-properties, @babel/plugin-transform-private-methods and @babel/plugin-transform-private-property-in-object (when they are enabled): you can silence this warning by explicitly adding
	["@babel/plugin-transform-private-property-in-object", { "loose": false }]
to the "plugins" section of your Babel config.

If you already set the same 'loose' mode for these plugins in your config, it's possible that they are enabled multiple times with different options.
You can re-run Babel with the BABEL_SHOW_CONFIG_FOR environment variable to show the loaded configuration:
	npx cross-env BABEL_SHOW_CONFIG_FOR=/Users/Ajaya/Documents/TizenGitTVApp/node_modules/@mui/utils/integerPropType/index.js <your build command>
See https://babeljs.io/docs/configuration#print-effective-configs for more info.
Though the "loose" option was set to "true" in your @babel/preset-env config, it will not be used for @babel/plugin-transform-private-methods since the "loose" mode option was set to "false" for @babel/plugin-transform-private-property-in-object.
The "loose" option must be the same for @babel/plugin-transform-class-properties, @babel/plugin-transform-private-methods and @babel/plugin-transform-private-property-in-object (when they are enabled): you can silence this warning by explicitly adding
	["@babel/plugin-transform-private-methods", { "loose": false }]
to the "plugins" section of your Babel config.

If you already set the same 'loose' mode for these plugins in your config, it's possible that they are enabled multiple times with different options.
You can re-run Babel with the BABEL_SHOW_CONFIG_FOR environment variable to show the loaded configuration:
	npx cross-env BABEL_SHOW_CONFIG_FOR=/Users/Ajaya/Documents/TizenGitTVApp/node_modules/@mui/utils/integerPropType/index.js <your build command>
See https://babeljs.io/docs/configuration#print-effective-configs for more info.
Though the "loose" option was set to "true" in your @babel/preset-env config, it will not be used for @babel/plugin-transform-private-property-in-object since the "loose" mode option was set to "false" for @babel/plugin-transform-class-properties.
The "loose" option must be the same for @babel/plugin-transform-class-properties, @babel/plugin-transform-private-methods and @babel/plugin-transform-private-property-in-object (when they are enabled): you can silence this warning by explicitly adding
	["@babel/plugin-transform-private-property-in-object", { "loose": false }]
to the "plugins" section of your Babel config.

If you already set the same 'loose' mode for these plugins in your config, it's possible that they are enabled multiple times with different options.
You can re-run Babel with the BABEL_SHOW_CONFIG_FOR environment variable to show the loaded configuration:
	npx cross-env BABEL_SHOW_CONFIG_FOR=/Users/Ajaya/Documents/TizenGitTVApp/node_modules/@mui/material/ButtonBase/index.js <your build command>
See https://babeljs.io/docs/configuration#print-effective-configs for more info.
Though the "loose" option was set to "true" in your @babel/preset-env config, it will not be used for @babel/plugin-transform-private-methods since the "loose" mode option was set to "false" for @babel/plugin-transform-private-property-in-object.
The "loose" option must be the same for @babel/plugin-transform-class-properties, @babel/plugin-transform-private-methods and @babel/plugin-transform-private-property-in-object (when they are enabled): you can silence this warning by explicitly adding
	["@babel/plugin-transform-private-methods", { "loose": false }]
to the "plugins" section of your Babel config.

If you already set the same 'loose' mode for these plugins in your config, it's possible that they are enabled multiple times with different options.
You can re-run Babel with the BABEL_SHOW_CONFIG_FOR environment variable to show the loaded configuration:
	npx cross-env BABEL_SHOW_CONFIG_FOR=/Users/Ajaya/Documents/TizenGitTVApp/node_modules/@mui/material/ButtonBase/index.js <your build command>
See https://babeljs.io/docs/configuration#print-effective-configs for more info.
Though the "loose" option was set to "true" in your @babel/preset-env config, it will not be used for @babel/plugin-transform-private-property-in-object since the "loose" mode option was set to "false" for @babel/plugin-transform-class-properties.
The "loose" option must be the same for @babel/plugin-transform-class-properties, @babel/plugin-transform-private-methods and @babel/plugin-transform-private-property-in-object (when they are enabled): you can silence this warning by explicitly adding
	["@babel/plugin-transform-private-property-in-object", { "loose": false }]
to the "plugins" section of your Babel config.

If you already set the same 'loose' mode for these plugins in your config, it's possible that they are enabled multiple times with different options.
You can re-run Babel with the BABEL_SHOW_CONFIG_FOR environment variable to show the loaded configuration:
	npx cross-env BABEL_SHOW_CONFIG_FOR=/Users/Ajaya/Documents/TizenGitTVApp/node_modules/@mui/system/RtlProvider/index.js <your build command>
See https://babeljs.io/docs/configuration#print-effective-configs for more info.
Though the "loose" option was set to "true" in your @babel/preset-env config, it will not be used for @babel/plugin-transform-private-methods since the "loose" mode option was set to "false" for @babel/plugin-transform-private-property-in-object.
The "loose" option must be the same for @babel/plugin-transform-class-properties, @babel/plugin-transform-private-methods and @babel/plugin-transform-private-property-in-object (when they are enabled): you can silence this warning by explicitly adding
	["@babel/plugin-transform-private-methods", { "loose": false }]
to the "plugins" section of your Babel config.

If you already set the same 'loose' mode for these plugins in your config, it's possible that they are enabled multiple times with different options.
You can re-run Babel with the BABEL_SHOW_CONFIG_FOR environment variable to show the loaded configuration:
	npx cross-env BABEL_SHOW_CONFIG_FOR=/Users/Ajaya/Documents/TizenGitTVApp/node_modules/@mui/system/RtlProvider/index.js <your build command>
See https://babeljs.io/docs/configuration#print-effective-configs for more info.
Though the "loose" option was set to "true" in your @babel/preset-env config, it will not be used for @babel/plugin-transform-private-property-in-object since the "loose" mode option was set to "false" for @babel/plugin-transform-class-properties.
The "loose" option must be the same for @babel/plugin-transform-class-properties, @babel/plugin-transform-private-methods and @babel/plugin-transform-private-property-in-object (when they are enabled): you can silence this warning by explicitly adding
	["@babel/plugin-transform-private-property-in-object", { "loose": false }]
to the "plugins" section of your Babel config.

If you already set the same 'loose' mode for these plugins in your config, it's possible that they are enabled multiple times with different options.
You can re-run Babel with the BABEL_SHOW_CONFIG_FOR environment variable to show the loaded configuration:
	npx cross-env BABEL_SHOW_CONFIG_FOR=/Users/Ajaya/Documents/TizenGitTVApp/node_modules/@mui/material/styles/styled.js <your build command>
See https://babeljs.io/docs/configuration#print-effective-configs for more info.
Though the "loose" option was set to "true" in your @babel/preset-env config, it will not be used for @babel/plugin-transform-private-methods since the "loose" mode option was set to "false" for @babel/plugin-transform-private-property-in-object.
The "loose" option must be the same for @babel/plugin-transform-class-properties, @babel/plugin-transform-private-methods and @babel/plugin-transform-private-property-in-object (when they are enabled): you can silence this warning by explicitly adding
	["@babel/plugin-transform-private-methods", { "loose": false }]
to the "plugins" section of your Babel config.

If you already set the same 'loose' mode for these plugins in your config, it's possible that they are enabled multiple times with different options.
You can re-run Babel with the BABEL_SHOW_CONFIG_FOR environment variable to show the loaded configuration:
	npx cross-env BABEL_SHOW_CONFIG_FOR=/Users/Ajaya/Documents/TizenGitTVApp/node_modules/@mui/material/styles/styled.js <your build command>
See https://babeljs.io/docs/configuration#print-effective-configs for more info.
Though the "loose" option was set to "true" in your @babel/preset-env config, it will not be used for @babel/plugin-transform-private-property-in-object since the "loose" mode option was set to "false" for @babel/plugin-transform-class-properties.
The "loose" option must be the same for @babel/plugin-transform-class-properties, @babel/plugin-transform-private-methods and @babel/plugin-transform-private-property-in-object (when they are enabled): you can silence this warning by explicitly adding
	["@babel/plugin-transform-private-property-in-object", { "loose": false }]
to the "plugins" section of your Babel config.

If you already set the same 'loose' mode for these plugins in your config, it's possible that they are enabled multiple times with different options.
You can re-run Babel with the BABEL_SHOW_CONFIG_FOR environment variable to show the loaded configuration:
	npx cross-env BABEL_SHOW_CONFIG_FOR=/Users/Ajaya/Documents/TizenGitTVApp/node_modules/@mui/utils/capitalize/index.js <your build command>
See https://babeljs.io/docs/configuration#print-effective-configs for more info.
Though the "loose" option was set to "true" in your @babel/preset-env config, it will not be used for @babel/plugin-transform-private-methods since the "loose" mode option was set to "false" for @babel/plugin-transform-private-property-in-object.
The "loose" option must be the same for @babel/plugin-transform-class-properties, @babel/plugin-transform-private-methods and @babel/plugin-transform-private-property-in-object (when they are enabled): you can silence this warning by explicitly adding
	["@babel/plugin-transform-private-methods", { "loose": false }]
to the "plugins" section of your Babel config.

If you already set the same 'loose' mode for these plugins in your config, it's possible that they are enabled multiple times with different options.
You can re-run Babel with the BABEL_SHOW_CONFIG_FOR environment variable to show the loaded configuration:
	npx cross-env BABEL_SHOW_CONFIG_FOR=/Users/Ajaya/Documents/TizenGitTVApp/node_modules/@mui/utils/capitalize/index.js <your build command>
See https://babeljs.io/docs/configuration#print-effective-configs for more info.
Though the "loose" option was set to "true" in your @babel/preset-env config, it will not be used for @babel/plugin-transform-private-property-in-object since the "loose" mode option was set to "false" for @babel/plugin-transform-class-properties.
The "loose" option must be the same for @babel/plugin-transform-class-properties, @babel/plugin-transform-private-methods and @babel/plugin-transform-private-property-in-object (when they are enabled): you can silence this warning by explicitly adding
	["@babel/plugin-transform-private-property-in-object", { "loose": false }]
to the "plugins" section of your Babel config.

If you already set the same 'loose' mode for these plugins in your config, it's possible that they are enabled multiple times with different options.
You can re-run Babel with the BABEL_SHOW_CONFIG_FOR environment variable to show the loaded configuration:
	npx cross-env BABEL_SHOW_CONFIG_FOR=/Users/Ajaya/Documents/TizenGitTVApp/node_modules/@mui/material/InputBase/index.js <your build command>
See https://babeljs.io/docs/configuration#print-effective-configs for more info.
Though the "loose" option was set to "true" in your @babel/preset-env config, it will not be used for @babel/plugin-transform-private-methods since the "loose" mode option was set to "false" for @babel/plugin-transform-private-property-in-object.
The "loose" option must be the same for @babel/plugin-transform-class-properties, @babel/plugin-transform-private-methods and @babel/plugin-transform-private-property-in-object (when they are enabled): you can silence this warning by explicitly adding
	["@babel/plugin-transform-private-methods", { "loose": false }]
to the "plugins" section of your Babel config.

If you already set the same 'loose' mode for these plugins in your config, it's possible that they are enabled multiple times with different options.
You can re-run Babel with the BABEL_SHOW_CONFIG_FOR environment variable to show the loaded configuration:
	npx cross-env BABEL_SHOW_CONFIG_FOR=/Users/Ajaya/Documents/TizenGitTVApp/node_modules/@mui/material/InputBase/index.js <your build command>
See https://babeljs.io/docs/configuration#print-effective-configs for more info.
Though the "loose" option was set to "true" in your @babel/preset-env config, it will not be used for @babel/plugin-transform-private-property-in-object since the "loose" mode option was set to "false" for @babel/plugin-transform-class-properties.
The "loose" option must be the same for @babel/plugin-transform-class-properties, @babel/plugin-transform-private-methods and @babel/plugin-transform-private-property-in-object (when they are enabled): you can silence this warning by explicitly adding
	["@babel/plugin-transform-private-property-in-object", { "loose": false }]
to the "plugins" section of your Babel config.

If you already set the same 'loose' mode for these plugins in your config, it's possible that they are enabled multiple times with different options.
You can re-run Babel with the BABEL_SHOW_CONFIG_FOR environment variable to show the loaded configuration:
	npx cross-env BABEL_SHOW_CONFIG_FOR=/Users/Ajaya/Documents/TizenGitTVApp/node_modules/@mui/material/Input/index.js <your build command>
See https://babeljs.io/docs/configuration#print-effective-configs for more info.
Though the "loose" option was set to "true" in your @babel/preset-env config, it will not be used for @babel/plugin-transform-private-methods since the "loose" mode option was set to "false" for @babel/plugin-transform-private-property-in-object.
The "loose" option must be the same for @babel/plugin-transform-class-properties, @babel/plugin-transform-private-methods and @babel/plugin-transform-private-property-in-object (when they are enabled): you can silence this warning by explicitly adding
	["@babel/plugin-transform-private-methods", { "loose": false }]
to the "plugins" section of your Babel config.

If you already set the same 'loose' mode for these plugins in your config, it's possible that they are enabled multiple times with different options.
You can re-run Babel with the BABEL_SHOW_CONFIG_FOR environment variable to show the loaded configuration:
	npx cross-env BABEL_SHOW_CONFIG_FOR=/Users/Ajaya/Documents/TizenGitTVApp/node_modules/@mui/material/Input/index.js <your build command>
See https://babeljs.io/docs/configuration#print-effective-configs for more info.
Though the "loose" option was set to "true" in your @babel/preset-env config, it will not be used for @babel/plugin-transform-private-property-in-object since the "loose" mode option was set to "false" for @babel/plugin-transform-class-properties.
The "loose" option must be the same for @babel/plugin-transform-class-properties, @babel/plugin-transform-private-methods and @babel/plugin-transform-private-property-in-object (when they are enabled): you can silence this warning by explicitly adding
	["@babel/plugin-transform-private-property-in-object", { "loose": false }]
to the "plugins" section of your Babel config.

If you already set the same 'loose' mode for these plugins in your config, it's possible that they are enabled multiple times with different options.
You can re-run Babel with the BABEL_SHOW_CONFIG_FOR environment variable to show the loaded configuration:
	npx cross-env BABEL_SHOW_CONFIG_FOR=/Users/Ajaya/Documents/TizenGitTVApp/node_modules/@mui/utils/unsupportedProp/index.js <your build command>
See https://babeljs.io/docs/configuration#print-effective-configs for more info.
Though the "loose" option was set to "true" in your @babel/preset-env config, it will not be used for @babel/plugin-transform-private-methods since the "loose" mode option was set to "false" for @babel/plugin-transform-private-property-in-object.
The "loose" option must be the same for @babel/plugin-transform-class-properties, @babel/plugin-transform-private-methods and @babel/plugin-transform-private-property-in-object (when they are enabled): you can silence this warning by explicitly adding
	["@babel/plugin-transform-private-methods", { "loose": false }]
to the "plugins" section of your Babel config.

If you already set the same 'loose' mode for these plugins in your config, it's possible that they are enabled multiple times with different options.
You can re-run Babel with the BABEL_SHOW_CONFIG_FOR environment variable to show the loaded configuration:
	npx cross-env BABEL_SHOW_CONFIG_FOR=/Users/Ajaya/Documents/TizenGitTVApp/node_modules/@mui/utils/unsupportedProp/index.js <your build command>
See https://babeljs.io/docs/configuration#print-effective-configs for more info.
Though the "loose" option was set to "true" in your @babel/preset-env config, it will not be used for @babel/plugin-transform-private-property-in-object since the "loose" mode option was set to "false" for @babel/plugin-transform-class-properties.
The "loose" option must be the same for @babel/plugin-transform-class-properties, @babel/plugin-transform-private-methods and @babel/plugin-transform-private-property-in-object (when they are enabled): you can silence this warning by explicitly adding
	["@babel/plugin-transform-private-property-in-object", { "loose": false }]
to the "plugins" section of your Babel config.

If you already set the same 'loose' mode for these plugins in your config, it's possible that they are enabled multiple times with different options.
You can re-run Babel with the BABEL_SHOW_CONFIG_FOR environment variable to show the loaded configuration:
	npx cross-env BABEL_SHOW_CONFIG_FOR=/Users/Ajaya/Documents/TizenGitTVApp/node_modules/@mui/material/styles/useTheme.js <your build command>
See https://babeljs.io/docs/configuration#print-effective-configs for more info.
Though the "loose" option was set to "true" in your @babel/preset-env config, it will not be used for @babel/plugin-transform-private-methods since the "loose" mode option was set to "false" for @babel/plugin-transform-private-property-in-object.
The "loose" option must be the same for @babel/plugin-transform-class-properties, @babel/plugin-transform-private-methods and @babel/plugin-transform-private-property-in-object (when they are enabled): you can silence this warning by explicitly adding
	["@babel/plugin-transform-private-methods", { "loose": false }]
to the "plugins" section of your Babel config.

If you already set the same 'loose' mode for these plugins in your config, it's possible that they are enabled multiple times with different options.
You can re-run Babel with the BABEL_SHOW_CONFIG_FOR environment variable to show the loaded configuration:
	npx cross-env BABEL_SHOW_CONFIG_FOR=/Users/Ajaya/Documents/TizenGitTVApp/node_modules/@mui/material/styles/useTheme.js <your build command>
See https://babeljs.io/docs/configuration#print-effective-configs for more info.
Though the "loose" option was set to "true" in your @babel/preset-env config, it will not be used for @babel/plugin-transform-private-property-in-object since the "loose" mode option was set to "false" for @babel/plugin-transform-class-properties.
The "loose" option must be the same for @babel/plugin-transform-class-properties, @babel/plugin-transform-private-methods and @babel/plugin-transform-private-property-in-object (when they are enabled): you can silence this warning by explicitly adding
	["@babel/plugin-transform-private-property-in-object", { "loose": false }]
to the "plugins" section of your Babel config.

If you already set the same 'loose' mode for these plugins in your config, it's possible that they are enabled multiple times with different options.
You can re-run Babel with the BABEL_SHOW_CONFIG_FOR environment variable to show the loaded configuration:
	npx cross-env BABEL_SHOW_CONFIG_FOR=/Users/Ajaya/Documents/TizenGitTVApp/node_modules/@mui/system/colorManipulator/colorManipulator.js <your build command>
See https://babeljs.io/docs/configuration#print-effective-configs for more info.
Though the "loose" option was set to "true" in your @babel/preset-env config, it will not be used for @babel/plugin-transform-private-methods since the "loose" mode option was set to "false" for @babel/plugin-transform-private-property-in-object.
The "loose" option must be the same for @babel/plugin-transform-class-properties, @babel/plugin-transform-private-methods and @babel/plugin-transform-private-property-in-object (when they are enabled): you can silence this warning by explicitly adding
	["@babel/plugin-transform-private-methods", { "loose": false }]
to the "plugins" section of your Babel config.

If you already set the same 'loose' mode for these plugins in your config, it's possible that they are enabled multiple times with different options.
You can re-run Babel with the BABEL_SHOW_CONFIG_FOR environment variable to show the loaded configuration:
	npx cross-env BABEL_SHOW_CONFIG_FOR=/Users/Ajaya/Documents/TizenGitTVApp/node_modules/@mui/system/colorManipulator/colorManipulator.js <your build command>
See https://babeljs.io/docs/configuration#print-effective-configs for more info.
Though the "loose" option was set to "true" in your @babel/preset-env config, it will not be used for @babel/plugin-transform-private-property-in-object since the "loose" mode option was set to "false" for @babel/plugin-transform-class-properties.
The "loose" option must be the same for @babel/plugin-transform-class-properties, @babel/plugin-transform-private-methods and @babel/plugin-transform-private-property-in-object (when they are enabled): you can silence this warning by explicitly adding
	["@babel/plugin-transform-private-property-in-object", { "loose": false }]
to the "plugins" section of your Babel config.

If you already set the same 'loose' mode for these plugins in your config, it's possible that they are enabled multiple times with different options.
You can re-run Babel with the BABEL_SHOW_CONFIG_FOR environment variable to show the loaded configuration:
	npx cross-env BABEL_SHOW_CONFIG_FOR=/Users/Ajaya/Documents/TizenGitTVApp/node_modules/@mui/material/utils/useEventCallback.js <your build command>
See https://babeljs.io/docs/configuration#print-effective-configs for more info.
Though the "loose" option was set to "true" in your @babel/preset-env config, it will not be used for @babel/plugin-transform-private-methods since the "loose" mode option was set to "false" for @babel/plugin-transform-private-property-in-object.
The "loose" option must be the same for @babel/plugin-transform-class-properties, @babel/plugin-transform-private-methods and @babel/plugin-transform-private-property-in-object (when they are enabled): you can silence this warning by explicitly adding
	["@babel/plugin-transform-private-methods", { "loose": false }]
to the "plugins" section of your Babel config.

If you already set the same 'loose' mode for these plugins in your config, it's possible that they are enabled multiple times with different options.
You can re-run Babel with the BABEL_SHOW_CONFIG_FOR environment variable to show the loaded configuration:
	npx cross-env BABEL_SHOW_CONFIG_FOR=/Users/Ajaya/Documents/TizenGitTVApp/node_modules/@mui/material/utils/useEventCallback.js <your build command>
See https://babeljs.io/docs/configuration#print-effective-configs for more info.
Though the "loose" option was set to "true" in your @babel/preset-env config, it will not be used for @babel/plugin-transform-private-property-in-object since the "loose" mode option was set to "false" for @babel/plugin-transform-class-properties.
The "loose" option must be the same for @babel/plugin-transform-class-properties, @babel/plugin-transform-private-methods and @babel/plugin-transform-private-property-in-object (when they are enabled): you can silence this warning by explicitly adding
	["@babel/plugin-transform-private-property-in-object", { "loose": false }]
to the "plugins" section of your Babel config.

If you already set the same 'loose' mode for these plugins in your config, it's possible that they are enabled multiple times with different options.
You can re-run Babel with the BABEL_SHOW_CONFIG_FOR environment variable to show the loaded configuration:
	npx cross-env BABEL_SHOW_CONFIG_FOR=/Users/Ajaya/Documents/TizenGitTVApp/node_modules/@mui/material/utils/setRef.js <your build command>
See https://babeljs.io/docs/configuration#print-effective-configs for more info.
Though the "loose" option was set to "true" in your @babel/preset-env config, it will not be used for @babel/plugin-transform-private-methods since the "loose" mode option was set to "false" for @babel/plugin-transform-private-property-in-object.
The "loose" option must be the same for @babel/plugin-transform-class-properties, @babel/plugin-transform-private-methods and @babel/plugin-transform-private-property-in-object (when they are enabled): you can silence this warning by explicitly adding
	["@babel/plugin-transform-private-methods", { "loose": false }]
to the "plugins" section of your Babel config.

If you already set the same 'loose' mode for these plugins in your config, it's possible that they are enabled multiple times with different options.
You can re-run Babel with the BABEL_SHOW_CONFIG_FOR environment variable to show the loaded configuration:
	npx cross-env BABEL_SHOW_CONFIG_FOR=/Users/Ajaya/Documents/TizenGitTVApp/node_modules/@mui/material/utils/setRef.js <your build command>
See https://babeljs.io/docs/configuration#print-effective-configs for more info.
Though the "loose" option was set to "true" in your @babel/preset-env config, it will not be used for @babel/plugin-transform-private-property-in-object since the "loose" mode option was set to "false" for @babel/plugin-transform-class-properties.
The "loose" option must be the same for @babel/plugin-transform-class-properties, @babel/plugin-transform-private-methods and @babel/plugin-transform-private-property-in-object (when they are enabled): you can silence this warning by explicitly adding
	["@babel/plugin-transform-private-property-in-object", { "loose": false }]
to the "plugins" section of your Babel config.

If you already set the same 'loose' mode for these plugins in your config, it's possible that they are enabled multiple times with different options.
You can re-run Babel with the BABEL_SHOW_CONFIG_FOR environment variable to show the loaded configuration:
	npx cross-env BABEL_SHOW_CONFIG_FOR=/Users/Ajaya/Documents/TizenGitTVApp/node_modules/@mui/material/utils/requirePropFactory.js <your build command>
See https://babeljs.io/docs/configuration#print-effective-configs for more info.
Though the "loose" option was set to "true" in your @babel/preset-env config, it will not be used for @babel/plugin-transform-private-methods since the "loose" mode option was set to "false" for @babel/plugin-transform-private-property-in-object.
The "loose" option must be the same for @babel/plugin-transform-class-properties, @babel/plugin-transform-private-methods and @babel/plugin-transform-private-property-in-object (when they are enabled): you can silence this warning by explicitly adding
	["@babel/plugin-transform-private-methods", { "loose": false }]
to the "plugins" section of your Babel config.

If you already set the same 'loose' mode for these plugins in your config, it's possible that they are enabled multiple times with different options.
You can re-run Babel with the BABEL_SHOW_CONFIG_FOR environment variable to show the loaded configuration:
	npx cross-env BABEL_SHOW_CONFIG_FOR=/Users/Ajaya/Documents/TizenGitTVApp/node_modules/@mui/material/utils/requirePropFactory.js <your build command>
See https://babeljs.io/docs/configuration#print-effective-configs for more info.
Though the "loose" option was set to "true" in your @babel/preset-env config, it will not be used for @babel/plugin-transform-private-property-in-object since the "loose" mode option was set to "false" for @babel/plugin-transform-class-properties.
The "loose" option must be the same for @babel/plugin-transform-class-properties, @babel/plugin-transform-private-methods and @babel/plugin-transform-private-property-in-object (when they are enabled): you can silence this warning by explicitly adding
	["@babel/plugin-transform-private-property-in-object", { "loose": false }]
to the "plugins" section of your Babel config.

If you already set the same 'loose' mode for these plugins in your config, it's possible that they are enabled multiple times with different options.
You can re-run Babel with the BABEL_SHOW_CONFIG_FOR environment variable to show the loaded configuration:
	npx cross-env BABEL_SHOW_CONFIG_FOR=/Users/Ajaya/Documents/TizenGitTVApp/node_modules/@mui/material/utils/ownerWindow.js <your build command>
See https://babeljs.io/docs/configuration#print-effective-configs for more info.
Though the "loose" option was set to "true" in your @babel/preset-env config, it will not be used for @babel/plugin-transform-private-methods since the "loose" mode option was set to "false" for @babel/plugin-transform-private-property-in-object.
The "loose" option must be the same for @babel/plugin-transform-class-properties, @babel/plugin-transform-private-methods and @babel/plugin-transform-private-property-in-object (when they are enabled): you can silence this warning by explicitly adding
	["@babel/plugin-transform-private-methods", { "loose": false }]
to the "plugins" section of your Babel config.

If you already set the same 'loose' mode for these plugins in your config, it's possible that they are enabled multiple times with different options.
You can re-run Babel with the BABEL_SHOW_CONFIG_FOR environment variable to show the loaded configuration:
	npx cross-env BABEL_SHOW_CONFIG_FOR=/Users/Ajaya/Documents/TizenGitTVApp/node_modules/@mui/material/utils/ownerWindow.js <your build command>
See https://babeljs.io/docs/configuration#print-effective-configs for more info.
Though the "loose" option was set to "true" in your @babel/preset-env config, it will not be used for @babel/plugin-transform-private-property-in-object since the "loose" mode option was set to "false" for @babel/plugin-transform-class-properties.
The "loose" option must be the same for @babel/plugin-transform-class-properties, @babel/plugin-transform-private-methods and @babel/plugin-transform-private-property-in-object (when they are enabled): you can silence this warning by explicitly adding
	["@babel/plugin-transform-private-property-in-object", { "loose": false }]
to the "plugins" section of your Babel config.

If you already set the same 'loose' mode for these plugins in your config, it's possible that they are enabled multiple times with different options.
You can re-run Babel with the BABEL_SHOW_CONFIG_FOR environment variable to show the loaded configuration:
	npx cross-env BABEL_SHOW_CONFIG_FOR=/Users/Ajaya/Documents/TizenGitTVApp/node_modules/@mui/material/utils/ownerDocument.js <your build command>
See https://babeljs.io/docs/configuration#print-effective-configs for more info.
Though the "loose" option was set to "true" in your @babel/preset-env config, it will not be used for @babel/plugin-transform-private-methods since the "loose" mode option was set to "false" for @babel/plugin-transform-private-property-in-object.
The "loose" option must be the same for @babel/plugin-transform-class-properties, @babel/plugin-transform-private-methods and @babel/plugin-transform-private-property-in-object (when they are enabled): you can silence this warning by explicitly adding
	["@babel/plugin-transform-private-methods", { "loose": false }]
to the "plugins" section of your Babel config.

If you already set the same 'loose' mode for these plugins in your config, it's possible that they are enabled multiple times with different options.
You can re-run Babel with the BABEL_SHOW_CONFIG_FOR environment variable to show the loaded configuration:
	npx cross-env BABEL_SHOW_CONFIG_FOR=/Users/Ajaya/Documents/TizenGitTVApp/node_modules/@mui/material/utils/ownerDocument.js <your build command>
See https://babeljs.io/docs/configuration#print-effective-configs for more info.
Though the "loose" option was set to "true" in your @babel/preset-env config, it will not be used for @babel/plugin-transform-private-property-in-object since the "loose" mode option was set to "false" for @babel/plugin-transform-class-properties.
The "loose" option must be the same for @babel/plugin-transform-class-properties, @babel/plugin-transform-private-methods and @babel/plugin-transform-private-property-in-object (when they are enabled): you can silence this warning by explicitly adding
	["@babel/plugin-transform-private-property-in-object", { "loose": false }]
to the "plugins" section of your Babel config.

If you already set the same 'loose' mode for these plugins in your config, it's possible that they are enabled multiple times with different options.
You can re-run Babel with the BABEL_SHOW_CONFIG_FOR environment variable to show the loaded configuration:
	npx cross-env BABEL_SHOW_CONFIG_FOR=/Users/Ajaya/Documents/TizenGitTVApp/node_modules/@mui/material/utils/deprecatedPropType.js <your build command>
See https://babeljs.io/docs/configuration#print-effective-configs for more info.
Though the "loose" option was set to "true" in your @babel/preset-env config, it will not be used for @babel/plugin-transform-private-methods since the "loose" mode option was set to "false" for @babel/plugin-transform-private-property-in-object.
The "loose" option must be the same for @babel/plugin-transform-class-properties, @babel/plugin-transform-private-methods and @babel/plugin-transform-private-property-in-object (when they are enabled): you can silence this warning by explicitly adding
	["@babel/plugin-transform-private-methods", { "loose": false }]
to the "plugins" section of your Babel config.

If you already set the same 'loose' mode for these plugins in your config, it's possible that they are enabled multiple times with different options.
You can re-run Babel with the BABEL_SHOW_CONFIG_FOR environment variable to show the loaded configuration:
	npx cross-env BABEL_SHOW_CONFIG_FOR=/Users/Ajaya/Documents/TizenGitTVApp/node_modules/@mui/material/utils/deprecatedPropType.js <your build command>
See https://babeljs.io/docs/configuration#print-effective-configs for more info.
Though the "loose" option was set to "true" in your @babel/preset-env config, it will not be used for @babel/plugin-transform-private-property-in-object since the "loose" mode option was set to "false" for @babel/plugin-transform-class-properties.
The "loose" option must be the same for @babel/plugin-transform-class-properties, @babel/plugin-transform-private-methods and @babel/plugin-transform-private-property-in-object (when they are enabled): you can silence this warning by explicitly adding
	["@babel/plugin-transform-private-property-in-object", { "loose": false }]
to the "plugins" section of your Babel config.

If you already set the same 'loose' mode for these plugins in your config, it's possible that they are enabled multiple times with different options.
You can re-run Babel with the BABEL_SHOW_CONFIG_FOR environment variable to show the loaded configuration:
	npx cross-env BABEL_SHOW_CONFIG_FOR=/Users/Ajaya/Documents/TizenGitTVApp/node_modules/@mui/utils/ClassNameGenerator/index.js <your build command>
See https://babeljs.io/docs/configuration#print-effective-configs for more info.
Though the "loose" option was set to "true" in your @babel/preset-env config, it will not be used for @babel/plugin-transform-private-methods since the "loose" mode option was set to "false" for @babel/plugin-transform-private-property-in-object.
The "loose" option must be the same for @babel/plugin-transform-class-properties, @babel/plugin-transform-private-methods and @babel/plugin-transform-private-property-in-object (when they are enabled): you can silence this warning by explicitly adding
	["@babel/plugin-transform-private-methods", { "loose": false }]
to the "plugins" section of your Babel config.

If you already set the same 'loose' mode for these plugins in your config, it's possible that they are enabled multiple times with different options.
You can re-run Babel with the BABEL_SHOW_CONFIG_FOR environment variable to show the loaded configuration:
	npx cross-env BABEL_SHOW_CONFIG_FOR=/Users/Ajaya/Documents/TizenGitTVApp/node_modules/@mui/utils/ClassNameGenerator/index.js <your build command>
See https://babeljs.io/docs/configuration#print-effective-configs for more info.
Though the "loose" option was set to "true" in your @babel/preset-env config, it will not be used for @babel/plugin-transform-private-property-in-object since the "loose" mode option was set to "false" for @babel/plugin-transform-class-properties.
The "loose" option must be the same for @babel/plugin-transform-class-properties, @babel/plugin-transform-private-methods and @babel/plugin-transform-private-property-in-object (when they are enabled): you can silence this warning by explicitly adding
	["@babel/plugin-transform-private-property-in-object", { "loose": false }]
to the "plugins" section of your Babel config.

If you already set the same 'loose' mode for these plugins in your config, it's possible that they are enabled multiple times with different options.
You can re-run Babel with the BABEL_SHOW_CONFIG_FOR environment variable to show the loaded configuration:
	npx cross-env BABEL_SHOW_CONFIG_FOR=/Users/Ajaya/Documents/TizenGitTVApp/node_modules/@mui/material/utils/debounce.js <your build command>
See https://babeljs.io/docs/configuration#print-effective-configs for more info.
Though the "loose" option was set to "true" in your @babel/preset-env config, it will not be used for @babel/plugin-transform-private-methods since the "loose" mode option was set to "false" for @babel/plugin-transform-private-property-in-object.
The "loose" option must be the same for @babel/plugin-transform-class-properties, @babel/plugin-transform-private-methods and @babel/plugin-transform-private-property-in-object (when they are enabled): you can silence this warning by explicitly adding
	["@babel/plugin-transform-private-methods", { "loose": false }]
to the "plugins" section of your Babel config.

If you already set the same 'loose' mode for these plugins in your config, it's possible that they are enabled multiple times with different options.
You can re-run Babel with the BABEL_SHOW_CONFIG_FOR environment variable to show the loaded configuration:
	npx cross-env BABEL_SHOW_CONFIG_FOR=/Users/Ajaya/Documents/TizenGitTVApp/node_modules/@mui/material/utils/debounce.js <your build command>
See https://babeljs.io/docs/configuration#print-effective-configs for more info.
Though the "loose" option was set to "true" in your @babel/preset-env config, it will not be used for @babel/plugin-transform-private-property-in-object since the "loose" mode option was set to "false" for @babel/plugin-transform-class-properties.
The "loose" option must be the same for @babel/plugin-transform-class-properties, @babel/plugin-transform-private-methods and @babel/plugin-transform-private-property-in-object (when they are enabled): you can silence this warning by explicitly adding
	["@babel/plugin-transform-private-property-in-object", { "loose": false }]
to the "plugins" section of your Babel config.

If you already set the same 'loose' mode for these plugins in your config, it's possible that they are enabled multiple times with different options.
You can re-run Babel with the BABEL_SHOW_CONFIG_FOR environment variable to show the loaded configuration:
	npx cross-env BABEL_SHOW_CONFIG_FOR=/Users/Ajaya/Documents/TizenGitTVApp/node_modules/@mui/utils/resolveComponentProps/resolveComponentProps.js <your build command>
See https://babeljs.io/docs/configuration#print-effective-configs for more info.
Though the "loose" option was set to "true" in your @babel/preset-env config, it will not be used for @babel/plugin-transform-private-methods since the "loose" mode option was set to "false" for @babel/plugin-transform-private-property-in-object.
The "loose" option must be the same for @babel/plugin-transform-class-properties, @babel/plugin-transform-private-methods and @babel/plugin-transform-private-property-in-object (when they are enabled): you can silence this warning by explicitly adding
	["@babel/plugin-transform-private-methods", { "loose": false }]
to the "plugins" section of your Babel config.

If you already set the same 'loose' mode for these plugins in your config, it's possible that they are enabled multiple times with different options.
You can re-run Babel with the BABEL_SHOW_CONFIG_FOR environment variable to show the loaded configuration:
	npx cross-env BABEL_SHOW_CONFIG_FOR=/Users/Ajaya/Documents/TizenGitTVApp/node_modules/@mui/utils/resolveComponentProps/resolveComponentProps.js <your build command>
See https://babeljs.io/docs/configuration#print-effective-configs for more info.
Though the "loose" option was set to "true" in your @babel/preset-env config, it will not be used for @babel/plugin-transform-private-property-in-object since the "loose" mode option was set to "false" for @babel/plugin-transform-class-properties.
The "loose" option must be the same for @babel/plugin-transform-class-properties, @babel/plugin-transform-private-methods and @babel/plugin-transform-private-property-in-object (when they are enabled): you can silence this warning by explicitly adding
	["@babel/plugin-transform-private-property-in-object", { "loose": false }]
to the "plugins" section of your Babel config.

If you already set the same 'loose' mode for these plugins in your config, it's possible that they are enabled multiple times with different options.
You can re-run Babel with the BABEL_SHOW_CONFIG_FOR environment variable to show the loaded configuration:
	npx cross-env BABEL_SHOW_CONFIG_FOR=/Users/Ajaya/Documents/TizenGitTVApp/node_modules/@mui/utils/appendOwnerState/appendOwnerState.js <your build command>
See https://babeljs.io/docs/configuration#print-effective-configs for more info.
Though the "loose" option was set to "true" in your @babel/preset-env config, it will not be used for @babel/plugin-transform-private-methods since the "loose" mode option was set to "false" for @babel/plugin-transform-private-property-in-object.
The "loose" option must be the same for @babel/plugin-transform-class-properties, @babel/plugin-transform-private-methods and @babel/plugin-transform-private-property-in-object (when they are enabled): you can silence this warning by explicitly adding
	["@babel/plugin-transform-private-methods", { "loose": false }]
to the "plugins" section of your Babel config.

If you already set the same 'loose' mode for these plugins in your config, it's possible that they are enabled multiple times with different options.
You can re-run Babel with the BABEL_SHOW_CONFIG_FOR environment variable to show the loaded configuration:
	npx cross-env BABEL_SHOW_CONFIG_FOR=/Users/Ajaya/Documents/TizenGitTVApp/node_modules/@mui/utils/appendOwnerState/appendOwnerState.js <your build command>
See https://babeljs.io/docs/configuration#print-effective-configs for more info.
Though the "loose" option was set to "true" in your @babel/preset-env config, it will not be used for @babel/plugin-transform-private-property-in-object since the "loose" mode option was set to "false" for @babel/plugin-transform-class-properties.
The "loose" option must be the same for @babel/plugin-transform-class-properties, @babel/plugin-transform-private-methods and @babel/plugin-transform-private-property-in-object (when they are enabled): you can silence this warning by explicitly adding
	["@babel/plugin-transform-private-property-in-object", { "loose": false }]
to the "plugins" section of your Babel config.

If you already set the same 'loose' mode for these plugins in your config, it's possible that they are enabled multiple times with different options.
You can re-run Babel with the BABEL_SHOW_CONFIG_FOR environment variable to show the loaded configuration:
	npx cross-env BABEL_SHOW_CONFIG_FOR=/Users/Ajaya/Documents/TizenGitTVApp/node_modules/@mui/utils/isMuiElement/index.js <your build command>
See https://babeljs.io/docs/configuration#print-effective-configs for more info.
Though the "loose" option was set to "true" in your @babel/preset-env config, it will not be used for @babel/plugin-transform-private-methods since the "loose" mode option was set to "false" for @babel/plugin-transform-private-property-in-object.
The "loose" option must be the same for @babel/plugin-transform-class-properties, @babel/plugin-transform-private-methods and @babel/plugin-transform-private-property-in-object (when they are enabled): you can silence this warning by explicitly adding
	["@babel/plugin-transform-private-methods", { "loose": false }]
to the "plugins" section of your Babel config.

If you already set the same 'loose' mode for these plugins in your config, it's possible that they are enabled multiple times with different options.
You can re-run Babel with the BABEL_SHOW_CONFIG_FOR environment variable to show the loaded configuration:
	npx cross-env BABEL_SHOW_CONFIG_FOR=/Users/Ajaya/Documents/TizenGitTVApp/node_modules/@mui/utils/isMuiElement/index.js <your build command>
See https://babeljs.io/docs/configuration#print-effective-configs for more info.
Though the "loose" option was set to "true" in your @babel/preset-env config, it will not be used for @babel/plugin-transform-private-property-in-object since the "loose" mode option was set to "false" for @babel/plugin-transform-class-properties.
The "loose" option must be the same for @babel/plugin-transform-class-properties, @babel/plugin-transform-private-methods and @babel/plugin-transform-private-property-in-object (when they are enabled): you can silence this warning by explicitly adding
	["@babel/plugin-transform-private-property-in-object", { "loose": false }]
to the "plugins" section of your Babel config.

If you already set the same 'loose' mode for these plugins in your config, it's possible that they are enabled multiple times with different options.
You can re-run Babel with the BABEL_SHOW_CONFIG_FOR environment variable to show the loaded configuration:
	npx cross-env BABEL_SHOW_CONFIG_FOR=/Users/Ajaya/Documents/TizenGitTVApp/node_modules/@mui/utils/mergeSlotProps/mergeSlotProps.js <your build command>
See https://babeljs.io/docs/configuration#print-effective-configs for more info.
Though the "loose" option was set to "true" in your @babel/preset-env config, it will not be used for @babel/plugin-transform-private-methods since the "loose" mode option was set to "false" for @babel/plugin-transform-private-property-in-object.
The "loose" option must be the same for @babel/plugin-transform-class-properties, @babel/plugin-transform-private-methods and @babel/plugin-transform-private-property-in-object (when they are enabled): you can silence this warning by explicitly adding
	["@babel/plugin-transform-private-methods", { "loose": false }]
to the "plugins" section of your Babel config.

If you already set the same 'loose' mode for these plugins in your config, it's possible that they are enabled multiple times with different options.
You can re-run Babel with the BABEL_SHOW_CONFIG_FOR environment variable to show the loaded configuration:
	npx cross-env BABEL_SHOW_CONFIG_FOR=/Users/Ajaya/Documents/TizenGitTVApp/node_modules/@mui/utils/mergeSlotProps/mergeSlotProps.js <your build command>
See https://babeljs.io/docs/configuration#print-effective-configs for more info.
Though the "loose" option was set to "true" in your @babel/preset-env config, it will not be used for @babel/plugin-transform-private-property-in-object since the "loose" mode option was set to "false" for @babel/plugin-transform-class-properties.
The "loose" option must be the same for @babel/plugin-transform-class-properties, @babel/plugin-transform-private-methods and @babel/plugin-transform-private-property-in-object (when they are enabled): you can silence this warning by explicitly adding
	["@babel/plugin-transform-private-property-in-object", { "loose": false }]
to the "plugins" section of your Babel config.

If you already set the same 'loose' mode for these plugins in your config, it's possible that they are enabled multiple times with different options.
You can re-run Babel with the BABEL_SHOW_CONFIG_FOR environment variable to show the loaded configuration:
	npx cross-env BABEL_SHOW_CONFIG_FOR=/Users/Ajaya/Documents/TizenGitTVApp/node_modules/@mui/material/Grow/Grow.js <your build command>
See https://babeljs.io/docs/configuration#print-effective-configs for more info.
Though the "loose" option was set to "true" in your @babel/preset-env config, it will not be used for @babel/plugin-transform-private-methods since the "loose" mode option was set to "false" for @babel/plugin-transform-private-property-in-object.
The "loose" option must be the same for @babel/plugin-transform-class-properties, @babel/plugin-transform-private-methods and @babel/plugin-transform-private-property-in-object (when they are enabled): you can silence this warning by explicitly adding
	["@babel/plugin-transform-private-methods", { "loose": false }]
to the "plugins" section of your Babel config.

If you already set the same 'loose' mode for these plugins in your config, it's possible that they are enabled multiple times with different options.
You can re-run Babel with the BABEL_SHOW_CONFIG_FOR environment variable to show the loaded configuration:
	npx cross-env BABEL_SHOW_CONFIG_FOR=/Users/Ajaya/Documents/TizenGitTVApp/node_modules/@mui/material/Grow/Grow.js <your build command>
See https://babeljs.io/docs/configuration#print-effective-configs for more info.
Though the "loose" option was set to "true" in your @babel/preset-env config, it will not be used for @babel/plugin-transform-private-property-in-object since the "loose" mode option was set to "false" for @babel/plugin-transform-class-properties.
The "loose" option must be the same for @babel/plugin-transform-class-properties, @babel/plugin-transform-private-methods and @babel/plugin-transform-private-property-in-object (when they are enabled): you can silence this warning by explicitly adding
	["@babel/plugin-transform-private-property-in-object", { "loose": false }]
to the "plugins" section of your Babel config.

If you already set the same 'loose' mode for these plugins in your config, it's possible that they are enabled multiple times with different options.
You can re-run Babel with the BABEL_SHOW_CONFIG_FOR environment variable to show the loaded configuration:
	npx cross-env BABEL_SHOW_CONFIG_FOR=/Users/Ajaya/Documents/TizenGitTVApp/node_modules/@mui/material/utils/createChainedFunction.js <your build command>
See https://babeljs.io/docs/configuration#print-effective-configs for more info.
Though the "loose" option was set to "true" in your @babel/preset-env config, it will not be used for @babel/plugin-transform-private-methods since the "loose" mode option was set to "false" for @babel/plugin-transform-private-property-in-object.
The "loose" option must be the same for @babel/plugin-transform-class-properties, @babel/plugin-transform-private-methods and @babel/plugin-transform-private-property-in-object (when they are enabled): you can silence this warning by explicitly adding
	["@babel/plugin-transform-private-methods", { "loose": false }]
to the "plugins" section of your Babel config.

If you already set the same 'loose' mode for these plugins in your config, it's possible that they are enabled multiple times with different options.
You can re-run Babel with the BABEL_SHOW_CONFIG_FOR environment variable to show the loaded configuration:
	npx cross-env BABEL_SHOW_CONFIG_FOR=/Users/Ajaya/Documents/TizenGitTVApp/node_modules/@mui/material/utils/createChainedFunction.js <your build command>
See https://babeljs.io/docs/configuration#print-effective-configs for more info.
Though the "loose" option was set to "true" in your @babel/preset-env config, it will not be used for @babel/plugin-transform-private-property-in-object since the "loose" mode option was set to "false" for @babel/plugin-transform-class-properties.
The "loose" option must be the same for @babel/plugin-transform-class-properties, @babel/plugin-transform-private-methods and @babel/plugin-transform-private-property-in-object (when they are enabled): you can silence this warning by explicitly adding
	["@babel/plugin-transform-private-property-in-object", { "loose": false }]
to the "plugins" section of your Babel config.

If you already set the same 'loose' mode for these plugins in your config, it's possible that they are enabled multiple times with different options.
You can re-run Babel with the BABEL_SHOW_CONFIG_FOR environment variable to show the loaded configuration:
	npx cross-env BABEL_SHOW_CONFIG_FOR=/Users/Ajaya/Documents/TizenGitTVApp/node_modules/@mui/system/Stack/createStack.js <your build command>
See https://babeljs.io/docs/configuration#print-effective-configs for more info.
Though the "loose" option was set to "true" in your @babel/preset-env config, it will not be used for @babel/plugin-transform-private-methods since the "loose" mode option was set to "false" for @babel/plugin-transform-private-property-in-object.
The "loose" option must be the same for @babel/plugin-transform-class-properties, @babel/plugin-transform-private-methods and @babel/plugin-transform-private-property-in-object (when they are enabled): you can silence this warning by explicitly adding
	["@babel/plugin-transform-private-methods", { "loose": false }]
to the "plugins" section of your Babel config.

If you already set the same 'loose' mode for these plugins in your config, it's possible that they are enabled multiple times with different options.
You can re-run Babel with the BABEL_SHOW_CONFIG_FOR environment variable to show the loaded configuration:
	npx cross-env BABEL_SHOW_CONFIG_FOR=/Users/Ajaya/Documents/TizenGitTVApp/node_modules/@mui/system/Stack/createStack.js <your build command>
See https://babeljs.io/docs/configuration#print-effective-configs for more info.
Though the "loose" option was set to "true" in your @babel/preset-env config, it will not be used for @babel/plugin-transform-private-property-in-object since the "loose" mode option was set to "false" for @babel/plugin-transform-class-properties.
The "loose" option must be the same for @babel/plugin-transform-class-properties, @babel/plugin-transform-private-methods and @babel/plugin-transform-private-property-in-object (when they are enabled): you can silence this warning by explicitly adding
	["@babel/plugin-transform-private-property-in-object", { "loose": false }]
to the "plugins" section of your Babel config.

If you already set the same 'loose' mode for these plugins in your config, it's possible that they are enabled multiple times with different options.
You can re-run Babel with the BABEL_SHOW_CONFIG_FOR environment variable to show the loaded configuration:
	npx cross-env BABEL_SHOW_CONFIG_FOR=/Users/Ajaya/Documents/TizenGitTVApp/node_modules/@mui/system/preprocessStyles.js <your build command>
See https://babeljs.io/docs/configuration#print-effective-configs for more info.
Though the "loose" option was set to "true" in your @babel/preset-env config, it will not be used for @babel/plugin-transform-private-methods since the "loose" mode option was set to "false" for @babel/plugin-transform-private-property-in-object.
The "loose" option must be the same for @babel/plugin-transform-class-properties, @babel/plugin-transform-private-methods and @babel/plugin-transform-private-property-in-object (when they are enabled): you can silence this warning by explicitly adding
	["@babel/plugin-transform-private-methods", { "loose": false }]
to the "plugins" section of your Babel config.

If you already set the same 'loose' mode for these plugins in your config, it's possible that they are enabled multiple times with different options.
You can re-run Babel with the BABEL_SHOW_CONFIG_FOR environment variable to show the loaded configuration:
	npx cross-env BABEL_SHOW_CONFIG_FOR=/Users/Ajaya/Documents/TizenGitTVApp/node_modules/@mui/system/preprocessStyles.js <your build command>
See https://babeljs.io/docs/configuration#print-effective-configs for more info.
Though the "loose" option was set to "true" in your @babel/preset-env config, it will not be used for @babel/plugin-transform-private-property-in-object since the "loose" mode option was set to "false" for @babel/plugin-transform-class-properties.
The "loose" option must be the same for @babel/plugin-transform-class-properties, @babel/plugin-transform-private-methods and @babel/plugin-transform-private-property-in-object (when they are enabled): you can silence this warning by explicitly adding
	["@babel/plugin-transform-private-property-in-object", { "loose": false }]
to the "plugins" section of your Babel config.

If you already set the same 'loose' mode for these plugins in your config, it's possible that they are enabled multiple times with different options.
You can re-run Babel with the BABEL_SHOW_CONFIG_FOR environment variable to show the loaded configuration:
	npx cross-env BABEL_SHOW_CONFIG_FOR=/Users/Ajaya/Documents/TizenGitTVApp/node_modules/@mui/material/ClickAwayListener/ClickAwayListener.js <your build command>
See https://babeljs.io/docs/configuration#print-effective-configs for more info.
Though the "loose" option was set to "true" in your @babel/preset-env config, it will not be used for @babel/plugin-transform-private-methods since the "loose" mode option was set to "false" for @babel/plugin-transform-private-property-in-object.
The "loose" option must be the same for @babel/plugin-transform-class-properties, @babel/plugin-transform-private-methods and @babel/plugin-transform-private-property-in-object (when they are enabled): you can silence this warning by explicitly adding
	["@babel/plugin-transform-private-methods", { "loose": false }]
to the "plugins" section of your Babel config.

If you already set the same 'loose' mode for these plugins in your config, it's possible that they are enabled multiple times with different options.
You can re-run Babel with the BABEL_SHOW_CONFIG_FOR environment variable to show the loaded configuration:
	npx cross-env BABEL_SHOW_CONFIG_FOR=/Users/Ajaya/Documents/TizenGitTVApp/node_modules/@mui/material/ClickAwayListener/ClickAwayListener.js <your build command>
See https://babeljs.io/docs/configuration#print-effective-configs for more info.
Though the "loose" option was set to "true" in your @babel/preset-env config, it will not be used for @babel/plugin-transform-private-property-in-object since the "loose" mode option was set to "false" for @babel/plugin-transform-class-properties.
The "loose" option must be the same for @babel/plugin-transform-class-properties, @babel/plugin-transform-private-methods and @babel/plugin-transform-private-property-in-object (when they are enabled): you can silence this warning by explicitly adding
	["@babel/plugin-transform-private-property-in-object", { "loose": false }]
to the "plugins" section of your Babel config.

If you already set the same 'loose' mode for these plugins in your config, it's possible that they are enabled multiple times with different options.
You can re-run Babel with the BABEL_SHOW_CONFIG_FOR environment variable to show the loaded configuration:
	npx cross-env BABEL_SHOW_CONFIG_FOR=/Users/Ajaya/Documents/TizenGitTVApp/node_modules/@mui/utils/refType/index.js <your build command>
See https://babeljs.io/docs/configuration#print-effective-configs for more info.
Though the "loose" option was set to "true" in your @babel/preset-env config, it will not be used for @babel/plugin-transform-private-methods since the "loose" mode option was set to "false" for @babel/plugin-transform-private-property-in-object.
The "loose" option must be the same for @babel/plugin-transform-class-properties, @babel/plugin-transform-private-methods and @babel/plugin-transform-private-property-in-object (when they are enabled): you can silence this warning by explicitly adding
	["@babel/plugin-transform-private-methods", { "loose": false }]
to the "plugins" section of your Babel config.

If you already set the same 'loose' mode for these plugins in your config, it's possible that they are enabled multiple times with different options.
You can re-run Babel with the BABEL_SHOW_CONFIG_FOR environment variable to show the loaded configuration:
	npx cross-env BABEL_SHOW_CONFIG_FOR=/Users/Ajaya/Documents/TizenGitTVApp/node_modules/@mui/utils/refType/index.js <your build command>
See https://babeljs.io/docs/configuration#print-effective-configs for more info.
Though the "loose" option was set to "true" in your @babel/preset-env config, it will not be used for @babel/plugin-transform-private-property-in-object since the "loose" mode option was set to "false" for @babel/plugin-transform-class-properties.
The "loose" option must be the same for @babel/plugin-transform-class-properties, @babel/plugin-transform-private-methods and @babel/plugin-transform-private-property-in-object (when they are enabled): you can silence this warning by explicitly adding
	["@babel/plugin-transform-private-property-in-object", { "loose": false }]
to the "plugins" section of your Babel config.

If you already set the same 'loose' mode for these plugins in your config, it's possible that they are enabled multiple times with different options.
You can re-run Babel with the BABEL_SHOW_CONFIG_FOR environment variable to show the loaded configuration:
	npx cross-env BABEL_SHOW_CONFIG_FOR=/Users/Ajaya/Documents/TizenGitTVApp/node_modules/@mui/utils/extractEventHandlers/index.js <your build command>
See https://babeljs.io/docs/configuration#print-effective-configs for more info.
Though the "loose" option was set to "true" in your @babel/preset-env config, it will not be used for @babel/plugin-transform-private-methods since the "loose" mode option was set to "false" for @babel/plugin-transform-private-property-in-object.
The "loose" option must be the same for @babel/plugin-transform-class-properties, @babel/plugin-transform-private-methods and @babel/plugin-transform-private-property-in-object (when they are enabled): you can silence this warning by explicitly adding
	["@babel/plugin-transform-private-methods", { "loose": false }]
to the "plugins" section of your Babel config.

If you already set the same 'loose' mode for these plugins in your config, it's possible that they are enabled multiple times with different options.
You can re-run Babel with the BABEL_SHOW_CONFIG_FOR environment variable to show the loaded configuration:
	npx cross-env BABEL_SHOW_CONFIG_FOR=/Users/Ajaya/Documents/TizenGitTVApp/node_modules/@mui/utils/extractEventHandlers/index.js <your build command>
See https://babeljs.io/docs/configuration#print-effective-configs for more info.
Though the "loose" option was set to "true" in your @babel/preset-env config, it will not be used for @babel/plugin-transform-private-property-in-object since the "loose" mode option was set to "false" for @babel/plugin-transform-class-properties.
The "loose" option must be the same for @babel/plugin-transform-class-properties, @babel/plugin-transform-private-methods and @babel/plugin-transform-private-property-in-object (when they are enabled): you can silence this warning by explicitly adding
	["@babel/plugin-transform-private-property-in-object", { "loose": false }]
to the "plugins" section of your Babel config.

If you already set the same 'loose' mode for these plugins in your config, it's possible that they are enabled multiple times with different options.
You can re-run Babel with the BABEL_SHOW_CONFIG_FOR environment variable to show the loaded configuration:
	npx cross-env BABEL_SHOW_CONFIG_FOR=/Users/Ajaya/Documents/TizenGitTVApp/node_modules/@mui/material/Fab/fabClasses.js <your build command>
See https://babeljs.io/docs/configuration#print-effective-configs for more info.
Though the "loose" option was set to "true" in your @babel/preset-env config, it will not be used for @babel/plugin-transform-private-methods since the "loose" mode option was set to "false" for @babel/plugin-transform-private-property-in-object.
The "loose" option must be the same for @babel/plugin-transform-class-properties, @babel/plugin-transform-private-methods and @babel/plugin-transform-private-property-in-object (when they are enabled): you can silence this warning by explicitly adding
	["@babel/plugin-transform-private-methods", { "loose": false }]
to the "plugins" section of your Babel config.

If you already set the same 'loose' mode for these plugins in your config, it's possible that they are enabled multiple times with different options.
You can re-run Babel with the BABEL_SHOW_CONFIG_FOR environment variable to show the loaded configuration:
	npx cross-env BABEL_SHOW_CONFIG_FOR=/Users/Ajaya/Documents/TizenGitTVApp/node_modules/@mui/material/Fab/fabClasses.js <your build command>
See https://babeljs.io/docs/configuration#print-effective-configs for more info.
Though the "loose" option was set to "true" in your @babel/preset-env config, it will not be used for @babel/plugin-transform-private-property-in-object since the "loose" mode option was set to "false" for @babel/plugin-transform-class-properties.
The "loose" option must be the same for @babel/plugin-transform-class-properties, @babel/plugin-transform-private-methods and @babel/plugin-transform-private-property-in-object (when they are enabled): you can silence this warning by explicitly adding
	["@babel/plugin-transform-private-property-in-object", { "loose": false }]
to the "plugins" section of your Babel config.

If you already set the same 'loose' mode for these plugins in your config, it's possible that they are enabled multiple times with different options.
You can re-run Babel with the BABEL_SHOW_CONFIG_FOR environment variable to show the loaded configuration:
	npx cross-env BABEL_SHOW_CONFIG_FOR=/Users/Ajaya/Documents/TizenGitTVApp/node_modules/@mui/system/Grid/createGrid.js <your build command>
See https://babeljs.io/docs/configuration#print-effective-configs for more info.
Though the "loose" option was set to "true" in your @babel/preset-env config, it will not be used for @babel/plugin-transform-private-methods since the "loose" mode option was set to "false" for @babel/plugin-transform-private-property-in-object.
The "loose" option must be the same for @babel/plugin-transform-class-properties, @babel/plugin-transform-private-methods and @babel/plugin-transform-private-property-in-object (when they are enabled): you can silence this warning by explicitly adding
	["@babel/plugin-transform-private-methods", { "loose": false }]
to the "plugins" section of your Babel config.

If you already set the same 'loose' mode for these plugins in your config, it's possible that they are enabled multiple times with different options.
You can re-run Babel with the BABEL_SHOW_CONFIG_FOR environment variable to show the loaded configuration:
	npx cross-env BABEL_SHOW_CONFIG_FOR=/Users/Ajaya/Documents/TizenGitTVApp/node_modules/@mui/system/Grid/createGrid.js <your build command>
See https://babeljs.io/docs/configuration#print-effective-configs for more info.
Though the "loose" option was set to "true" in your @babel/preset-env config, it will not be used for @babel/plugin-transform-private-property-in-object since the "loose" mode option was set to "false" for @babel/plugin-transform-class-properties.
The "loose" option must be the same for @babel/plugin-transform-class-properties, @babel/plugin-transform-private-methods and @babel/plugin-transform-private-property-in-object (when they are enabled): you can silence this warning by explicitly adding
	["@babel/plugin-transform-private-property-in-object", { "loose": false }]
to the "plugins" section of your Babel config.

If you already set the same 'loose' mode for these plugins in your config, it's possible that they are enabled multiple times with different options.
You can re-run Babel with the BABEL_SHOW_CONFIG_FOR environment variable to show the loaded configuration:
	npx cross-env BABEL_SHOW_CONFIG_FOR=/Users/Ajaya/Documents/TizenGitTVApp/node_modules/@mui/material/styles/excludeVariablesFromRoot.js <your build command>
See https://babeljs.io/docs/configuration#print-effective-configs for more info.
Though the "loose" option was set to "true" in your @babel/preset-env config, it will not be used for @babel/plugin-transform-private-methods since the "loose" mode option was set to "false" for @babel/plugin-transform-private-property-in-object.
The "loose" option must be the same for @babel/plugin-transform-class-properties, @babel/plugin-transform-private-methods and @babel/plugin-transform-private-property-in-object (when they are enabled): you can silence this warning by explicitly adding
	["@babel/plugin-transform-private-methods", { "loose": false }]
to the "plugins" section of your Babel config.

If you already set the same 'loose' mode for these plugins in your config, it's possible that they are enabled multiple times with different options.
You can re-run Babel with the BABEL_SHOW_CONFIG_FOR environment variable to show the loaded configuration:
	npx cross-env BABEL_SHOW_CONFIG_FOR=/Users/Ajaya/Documents/TizenGitTVApp/node_modules/@mui/material/styles/excludeVariablesFromRoot.js <your build command>
See https://babeljs.io/docs/configuration#print-effective-configs for more info.
Though the "loose" option was set to "true" in your @babel/preset-env config, it will not be used for @babel/plugin-transform-private-property-in-object since the "loose" mode option was set to "false" for @babel/plugin-transform-class-properties.
The "loose" option must be the same for @babel/plugin-transform-class-properties, @babel/plugin-transform-private-methods and @babel/plugin-transform-private-property-in-object (when they are enabled): you can silence this warning by explicitly adding
	["@babel/plugin-transform-private-property-in-object", { "loose": false }]
to the "plugins" section of your Babel config.

If you already set the same 'loose' mode for these plugins in your config, it's possible that they are enabled multiple times with different options.
You can re-run Babel with the BABEL_SHOW_CONFIG_FOR environment variable to show the loaded configuration:
	npx cross-env BABEL_SHOW_CONFIG_FOR=/Users/Ajaya/Documents/TizenGitTVApp/node_modules/@mui/material/Fab/Fab.js <your build command>
See https://babeljs.io/docs/configuration#print-effective-configs for more info.
Though the "loose" option was set to "true" in your @babel/preset-env config, it will not be used for @babel/plugin-transform-private-methods since the "loose" mode option was set to "false" for @babel/plugin-transform-private-property-in-object.
The "loose" option must be the same for @babel/plugin-transform-class-properties, @babel/plugin-transform-private-methods and @babel/plugin-transform-private-property-in-object (when they are enabled): you can silence this warning by explicitly adding
	["@babel/plugin-transform-private-methods", { "loose": false }]
to the "plugins" section of your Babel config.

If you already set the same 'loose' mode for these plugins in your config, it's possible that they are enabled multiple times with different options.
You can re-run Babel with the BABEL_SHOW_CONFIG_FOR environment variable to show the loaded configuration:
	npx cross-env BABEL_SHOW_CONFIG_FOR=/Users/Ajaya/Documents/TizenGitTVApp/node_modules/@mui/material/Fab/Fab.js <your build command>
See https://babeljs.io/docs/configuration#print-effective-configs for more info.
Though the "loose" option was set to "true" in your @babel/preset-env config, it will not be used for @babel/plugin-transform-private-property-in-object since the "loose" mode option was set to "false" for @babel/plugin-transform-class-properties.
The "loose" option must be the same for @babel/plugin-transform-class-properties, @babel/plugin-transform-private-methods and @babel/plugin-transform-private-property-in-object (when they are enabled): you can silence this warning by explicitly adding
	["@babel/plugin-transform-private-property-in-object", { "loose": false }]
to the "plugins" section of your Babel config.

If you already set the same 'loose' mode for these plugins in your config, it's possible that they are enabled multiple times with different options.
You can re-run Babel with the BABEL_SHOW_CONFIG_FOR environment variable to show the loaded configuration:
	npx cross-env BABEL_SHOW_CONFIG_FOR=/Users/Ajaya/Documents/TizenGitTVApp/node_modules/@mui/utils/useTimeout/index.js <your build command>
See https://babeljs.io/docs/configuration#print-effective-configs for more info.
Though the "loose" option was set to "true" in your @babel/preset-env config, it will not be used for @babel/plugin-transform-private-methods since the "loose" mode option was set to "false" for @babel/plugin-transform-private-property-in-object.
The "loose" option must be the same for @babel/plugin-transform-class-properties, @babel/plugin-transform-private-methods and @babel/plugin-transform-private-property-in-object (when they are enabled): you can silence this warning by explicitly adding
	["@babel/plugin-transform-private-methods", { "loose": false }]
to the "plugins" section of your Babel config.

If you already set the same 'loose' mode for these plugins in your config, it's possible that they are enabled multiple times with different options.
You can re-run Babel with the BABEL_SHOW_CONFIG_FOR environment variable to show the loaded configuration:
	npx cross-env BABEL_SHOW_CONFIG_FOR=/Users/Ajaya/Documents/TizenGitTVApp/node_modules/@mui/utils/useTimeout/index.js <your build command>
See https://babeljs.io/docs/configuration#print-effective-configs for more info.
Though the "loose" option was set to "true" in your @babel/preset-env config, it will not be used for @babel/plugin-transform-private-property-in-object since the "loose" mode option was set to "false" for @babel/plugin-transform-class-properties.
The "loose" option must be the same for @babel/plugin-transform-class-properties, @babel/plugin-transform-private-methods and @babel/plugin-transform-private-property-in-object (when they are enabled): you can silence this warning by explicitly adding
	["@babel/plugin-transform-private-property-in-object", { "loose": false }]
to the "plugins" section of your Babel config.

If you already set the same 'loose' mode for these plugins in your config, it's possible that they are enabled multiple times with different options.
You can re-run Babel with the BABEL_SHOW_CONFIG_FOR environment variable to show the loaded configuration:
	npx cross-env BABEL_SHOW_CONFIG_FOR=/Users/Ajaya/Documents/TizenGitTVApp/node_modules/@mui/utils/HTMLElementType/HTMLElementType.js <your build command>
See https://babeljs.io/docs/configuration#print-effective-configs for more info.
Though the "loose" option was set to "true" in your @babel/preset-env config, it will not be used for @babel/plugin-transform-private-methods since the "loose" mode option was set to "false" for @babel/plugin-transform-private-property-in-object.
The "loose" option must be the same for @babel/plugin-transform-class-properties, @babel/plugin-transform-private-methods and @babel/plugin-transform-private-property-in-object (when they are enabled): you can silence this warning by explicitly adding
	["@babel/plugin-transform-private-methods", { "loose": false }]
to the "plugins" section of your Babel config.

If you already set the same 'loose' mode for these plugins in your config, it's possible that they are enabled multiple times with different options.
You can re-run Babel with the BABEL_SHOW_CONFIG_FOR environment variable to show the loaded configuration:
	npx cross-env BABEL_SHOW_CONFIG_FOR=/Users/Ajaya/Documents/TizenGitTVApp/node_modules/@mui/utils/HTMLElementType/HTMLElementType.js <your build command>
See https://babeljs.io/docs/configuration#print-effective-configs for more info.
Though the "loose" option was set to "true" in your @babel/preset-env config, it will not be used for @babel/plugin-transform-private-property-in-object since the "loose" mode option was set to "false" for @babel/plugin-transform-class-properties.
The "loose" option must be the same for @babel/plugin-transform-class-properties, @babel/plugin-transform-private-methods and @babel/plugin-transform-private-property-in-object (when they are enabled): you can silence this warning by explicitly adding
	["@babel/plugin-transform-private-property-in-object", { "loose": false }]
to the "plugins" section of your Babel config.

If you already set the same 'loose' mode for these plugins in your config, it's possible that they are enabled multiple times with different options.
You can re-run Babel with the BABEL_SHOW_CONFIG_FOR environment variable to show the loaded configuration:
	npx cross-env BABEL_SHOW_CONFIG_FOR=/Users/Ajaya/Documents/TizenGitTVApp/node_modules/@mui/system/Stack/index.js <your build command>
See https://babeljs.io/docs/configuration#print-effective-configs for more info.
Though the "loose" option was set to "true" in your @babel/preset-env config, it will not be used for @babel/plugin-transform-private-methods since the "loose" mode option was set to "false" for @babel/plugin-transform-private-property-in-object.
The "loose" option must be the same for @babel/plugin-transform-class-properties, @babel/plugin-transform-private-methods and @babel/plugin-transform-private-property-in-object (when they are enabled): you can silence this warning by explicitly adding
	["@babel/plugin-transform-private-methods", { "loose": false }]
to the "plugins" section of your Babel config.

If you already set the same 'loose' mode for these plugins in your config, it's possible that they are enabled multiple times with different options.
You can re-run Babel with the BABEL_SHOW_CONFIG_FOR environment variable to show the loaded configuration:
	npx cross-env BABEL_SHOW_CONFIG_FOR=/Users/Ajaya/Documents/TizenGitTVApp/node_modules/@mui/system/Stack/index.js <your build command>
See https://babeljs.io/docs/configuration#print-effective-configs for more info.
Though the "loose" option was set to "true" in your @babel/preset-env config, it will not be used for @babel/plugin-transform-private-property-in-object since the "loose" mode option was set to "false" for @babel/plugin-transform-class-properties.
The "loose" option must be the same for @babel/plugin-transform-class-properties, @babel/plugin-transform-private-methods and @babel/plugin-transform-private-property-in-object (when they are enabled): you can silence this warning by explicitly adding
	["@babel/plugin-transform-private-property-in-object", { "loose": false }]
to the "plugins" section of your Babel config.

If you already set the same 'loose' mode for these plugins in your config, it's possible that they are enabled multiple times with different options.
You can re-run Babel with the BABEL_SHOW_CONFIG_FOR environment variable to show the loaded configuration:
	npx cross-env BABEL_SHOW_CONFIG_FOR=/Users/Ajaya/Documents/TizenGitTVApp/node_modules/@mui/system/cssVars/useCurrentColorScheme.js <your build command>
See https://babeljs.io/docs/configuration#print-effective-configs for more info.
Though the "loose" option was set to "true" in your @babel/preset-env config, it will not be used for @babel/plugin-transform-private-methods since the "loose" mode option was set to "false" for @babel/plugin-transform-private-property-in-object.
The "loose" option must be the same for @babel/plugin-transform-class-properties, @babel/plugin-transform-private-methods and @babel/plugin-transform-private-property-in-object (when they are enabled): you can silence this warning by explicitly adding
	["@babel/plugin-transform-private-methods", { "loose": false }]
to the "plugins" section of your Babel config.

If you already set the same 'loose' mode for these plugins in your config, it's possible that they are enabled multiple times with different options.
You can re-run Babel with the BABEL_SHOW_CONFIG_FOR environment variable to show the loaded configuration:
	npx cross-env BABEL_SHOW_CONFIG_FOR=/Users/Ajaya/Documents/TizenGitTVApp/node_modules/@mui/system/cssVars/useCurrentColorScheme.js <your build command>
See https://babeljs.io/docs/configuration#print-effective-configs for more info.
Though the "loose" option was set to "true" in your @babel/preset-env config, it will not be used for @babel/plugin-transform-private-property-in-object since the "loose" mode option was set to "false" for @babel/plugin-transform-class-properties.
The "loose" option must be the same for @babel/plugin-transform-class-properties, @babel/plugin-transform-private-methods and @babel/plugin-transform-private-property-in-object (when they are enabled): you can silence this warning by explicitly adding
	["@babel/plugin-transform-private-property-in-object", { "loose": false }]
to the "plugins" section of your Babel config.

If you already set the same 'loose' mode for these plugins in your config, it's possible that they are enabled multiple times with different options.
You can re-run Babel with the BABEL_SHOW_CONFIG_FOR environment variable to show the loaded configuration:
	npx cross-env BABEL_SHOW_CONFIG_FOR=/Users/Ajaya/Documents/TizenGitTVApp/node_modules/@mui/system/InitColorSchemeScript/InitColorSchemeScript.js <your build command>
See https://babeljs.io/docs/configuration#print-effective-configs for more info.
Though the "loose" option was set to "true" in your @babel/preset-env config, it will not be used for @babel/plugin-transform-private-methods since the "loose" mode option was set to "false" for @babel/plugin-transform-private-property-in-object.
The "loose" option must be the same for @babel/plugin-transform-class-properties, @babel/plugin-transform-private-methods and @babel/plugin-transform-private-property-in-object (when they are enabled): you can silence this warning by explicitly adding
	["@babel/plugin-transform-private-methods", { "loose": false }]
to the "plugins" section of your Babel config.

If you already set the same 'loose' mode for these plugins in your config, it's possible that they are enabled multiple times with different options.
You can re-run Babel with the BABEL_SHOW_CONFIG_FOR environment variable to show the loaded configuration:
	npx cross-env BABEL_SHOW_CONFIG_FOR=/Users/Ajaya/Documents/TizenGitTVApp/node_modules/@mui/system/InitColorSchemeScript/InitColorSchemeScript.js <your build command>
See https://babeljs.io/docs/configuration#print-effective-configs for more info.
Though the "loose" option was set to "true" in your @babel/preset-env config, it will not be used for @babel/plugin-transform-private-property-in-object since the "loose" mode option was set to "false" for @babel/plugin-transform-class-properties.
The "loose" option must be the same for @babel/plugin-transform-class-properties, @babel/plugin-transform-private-methods and @babel/plugin-transform-private-property-in-object (when they are enabled): you can silence this warning by explicitly adding
	["@babel/plugin-transform-private-property-in-object", { "loose": false }]
to the "plugins" section of your Babel config.

If you already set the same 'loose' mode for these plugins in your config, it's possible that they are enabled multiple times with different options.
You can re-run Babel with the BABEL_SHOW_CONFIG_FOR environment variable to show the loaded configuration:
	npx cross-env BABEL_SHOW_CONFIG_FOR=/Users/Ajaya/Documents/TizenGitTVApp/node_modules/@mui/system/cssVars/getColorSchemeSelector.js <your build command>
See https://babeljs.io/docs/configuration#print-effective-configs for more info.
Though the "loose" option was set to "true" in your @babel/preset-env config, it will not be used for @babel/plugin-transform-private-methods since the "loose" mode option was set to "false" for @babel/plugin-transform-private-property-in-object.
The "loose" option must be the same for @babel/plugin-transform-class-properties, @babel/plugin-transform-private-methods and @babel/plugin-transform-private-property-in-object (when they are enabled): you can silence this warning by explicitly adding
	["@babel/plugin-transform-private-methods", { "loose": false }]
to the "plugins" section of your Babel config.

If you already set the same 'loose' mode for these plugins in your config, it's possible that they are enabled multiple times with different options.
You can re-run Babel with the BABEL_SHOW_CONFIG_FOR environment variable to show the loaded configuration:
	npx cross-env BABEL_SHOW_CONFIG_FOR=/Users/Ajaya/Documents/TizenGitTVApp/node_modules/@mui/system/cssVars/getColorSchemeSelector.js <your build command>
See https://babeljs.io/docs/configuration#print-effective-configs for more info.
Though the "loose" option was set to "true" in your @babel/preset-env config, it will not be used for @babel/plugin-transform-private-property-in-object since the "loose" mode option was set to "false" for @babel/plugin-transform-class-properties.
The "loose" option must be the same for @babel/plugin-transform-class-properties, @babel/plugin-transform-private-methods and @babel/plugin-transform-private-property-in-object (when they are enabled): you can silence this warning by explicitly adding
	["@babel/plugin-transform-private-property-in-object", { "loose": false }]
to the "plugins" section of your Babel config.

If you already set the same 'loose' mode for these plugins in your config, it's possible that they are enabled multiple times with different options.
You can re-run Babel with the BABEL_SHOW_CONFIG_FOR environment variable to show the loaded configuration:
	npx cross-env BABEL_SHOW_CONFIG_FOR=/Users/Ajaya/Documents/TizenGitTVApp/node_modules/@mui/material/styles/createMixins.js <your build command>
See https://babeljs.io/docs/configuration#print-effective-configs for more info.
Though the "loose" option was set to "true" in your @babel/preset-env config, it will not be used for @babel/plugin-transform-private-methods since the "loose" mode option was set to "false" for @babel/plugin-transform-private-property-in-object.
The "loose" option must be the same for @babel/plugin-transform-class-properties, @babel/plugin-transform-private-methods and @babel/plugin-transform-private-property-in-object (when they are enabled): you can silence this warning by explicitly adding
	["@babel/plugin-transform-private-methods", { "loose": false }]
to the "plugins" section of your Babel config.

If you already set the same 'loose' mode for these plugins in your config, it's possible that they are enabled multiple times with different options.
You can re-run Babel with the BABEL_SHOW_CONFIG_FOR environment variable to show the loaded configuration:
	npx cross-env BABEL_SHOW_CONFIG_FOR=/Users/Ajaya/Documents/TizenGitTVApp/node_modules/@mui/material/styles/createMixins.js <your build command>
See https://babeljs.io/docs/configuration#print-effective-configs for more info.
Though the "loose" option was set to "true" in your @babel/preset-env config, it will not be used for @babel/plugin-transform-private-property-in-object since the "loose" mode option was set to "false" for @babel/plugin-transform-class-properties.
The "loose" option must be the same for @babel/plugin-transform-class-properties, @babel/plugin-transform-private-methods and @babel/plugin-transform-private-property-in-object (when they are enabled): you can silence this warning by explicitly adding
	["@babel/plugin-transform-private-property-in-object", { "loose": false }]
to the "plugins" section of your Babel config.

If you already set the same 'loose' mode for these plugins in your config, it's possible that they are enabled multiple times with different options.
You can re-run Babel with the BABEL_SHOW_CONFIG_FOR environment variable to show the loaded configuration:
	npx cross-env BABEL_SHOW_CONFIG_FOR=/Users/Ajaya/Documents/TizenGitTVApp/node_modules/@mui/material/styles/createTypography.js <your build command>
See https://babeljs.io/docs/configuration#print-effective-configs for more info.
Though the "loose" option was set to "true" in your @babel/preset-env config, it will not be used for @babel/plugin-transform-private-methods since the "loose" mode option was set to "false" for @babel/plugin-transform-private-property-in-object.
The "loose" option must be the same for @babel/plugin-transform-class-properties, @babel/plugin-transform-private-methods and @babel/plugin-transform-private-property-in-object (when they are enabled): you can silence this warning by explicitly adding
	["@babel/plugin-transform-private-methods", { "loose": false }]
to the "plugins" section of your Babel config.

If you already set the same 'loose' mode for these plugins in your config, it's possible that they are enabled multiple times with different options.
You can re-run Babel with the BABEL_SHOW_CONFIG_FOR environment variable to show the loaded configuration:
	npx cross-env BABEL_SHOW_CONFIG_FOR=/Users/Ajaya/Documents/TizenGitTVApp/node_modules/@mui/material/styles/createTypography.js <your build command>
See https://babeljs.io/docs/configuration#print-effective-configs for more info.
Though the "loose" option was set to "true" in your @babel/preset-env config, it will not be used for @babel/plugin-transform-private-property-in-object since the "loose" mode option was set to "false" for @babel/plugin-transform-class-properties.
The "loose" option must be the same for @babel/plugin-transform-class-properties, @babel/plugin-transform-private-methods and @babel/plugin-transform-private-property-in-object (when they are enabled): you can silence this warning by explicitly adding
	["@babel/plugin-transform-private-property-in-object", { "loose": false }]
to the "plugins" section of your Babel config.

If you already set the same 'loose' mode for these plugins in your config, it's possible that they are enabled multiple times with different options.
You can re-run Babel with the BABEL_SHOW_CONFIG_FOR environment variable to show the loaded configuration:
	npx cross-env BABEL_SHOW_CONFIG_FOR=/Users/Ajaya/Documents/TizenGitTVApp/node_modules/@mui/material/styles/shouldSkipGeneratingVar.js <your build command>
See https://babeljs.io/docs/configuration#print-effective-configs for more info.
Though the "loose" option was set to "true" in your @babel/preset-env config, it will not be used for @babel/plugin-transform-private-methods since the "loose" mode option was set to "false" for @babel/plugin-transform-private-property-in-object.
The "loose" option must be the same for @babel/plugin-transform-class-properties, @babel/plugin-transform-private-methods and @babel/plugin-transform-private-property-in-object (when they are enabled): you can silence this warning by explicitly adding
	["@babel/plugin-transform-private-methods", { "loose": false }]
to the "plugins" section of your Babel config.

If you already set the same 'loose' mode for these plugins in your config, it's possible that they are enabled multiple times with different options.
You can re-run Babel with the BABEL_SHOW_CONFIG_FOR environment variable to show the loaded configuration:
	npx cross-env BABEL_SHOW_CONFIG_FOR=/Users/Ajaya/Documents/TizenGitTVApp/node_modules/@mui/material/styles/shouldSkipGeneratingVar.js <your build command>
See https://babeljs.io/docs/configuration#print-effective-configs for more info.
Though the "loose" option was set to "true" in your @babel/preset-env config, it will not be used for @babel/plugin-transform-private-property-in-object since the "loose" mode option was set to "false" for @babel/plugin-transform-class-properties.
The "loose" option must be the same for @babel/plugin-transform-class-properties, @babel/plugin-transform-private-methods and @babel/plugin-transform-private-property-in-object (when they are enabled): you can silence this warning by explicitly adding
	["@babel/plugin-transform-private-property-in-object", { "loose": false }]
to the "plugins" section of your Babel config.

If you already set the same 'loose' mode for these plugins in your config, it's possible that they are enabled multiple times with different options.
You can re-run Babel with the BABEL_SHOW_CONFIG_FOR environment variable to show the loaded configuration:
	npx cross-env BABEL_SHOW_CONFIG_FOR=/Users/Ajaya/Documents/TizenGitTVApp/node_modules/@mui/material/styles/experimental_extendTheme.js <your build command>
See https://babeljs.io/docs/configuration#print-effective-configs for more info.
Though the "loose" option was set to "true" in your @babel/preset-env config, it will not be used for @babel/plugin-transform-private-methods since the "loose" mode option was set to "false" for @babel/plugin-transform-private-property-in-object.
The "loose" option must be the same for @babel/plugin-transform-class-properties, @babel/plugin-transform-private-methods and @babel/plugin-transform-private-property-in-object (when they are enabled): you can silence this warning by explicitly adding
	["@babel/plugin-transform-private-methods", { "loose": false }]
to the "plugins" section of your Babel config.

If you already set the same 'loose' mode for these plugins in your config, it's possible that they are enabled multiple times with different options.
You can re-run Babel with the BABEL_SHOW_CONFIG_FOR environment variable to show the loaded configuration:
	npx cross-env BABEL_SHOW_CONFIG_FOR=/Users/Ajaya/Documents/TizenGitTVApp/node_modules/@mui/material/styles/experimental_extendTheme.js <your build command>
See https://babeljs.io/docs/configuration#print-effective-configs for more info.
Though the "loose" option was set to "true" in your @babel/preset-env config, it will not be used for @babel/plugin-transform-private-property-in-object since the "loose" mode option was set to "false" for @babel/plugin-transform-class-properties.
The "loose" option must be the same for @babel/plugin-transform-class-properties, @babel/plugin-transform-private-methods and @babel/plugin-transform-private-property-in-object (when they are enabled): you can silence this warning by explicitly adding
	["@babel/plugin-transform-private-property-in-object", { "loose": false }]
to the "plugins" section of your Babel config.

If you already set the same 'loose' mode for these plugins in your config, it's possible that they are enabled multiple times with different options.
You can re-run Babel with the BABEL_SHOW_CONFIG_FOR environment variable to show the loaded configuration:
	npx cross-env BABEL_SHOW_CONFIG_FOR=/Users/Ajaya/Documents/TizenGitTVApp/node_modules/@mui/material/styles/createThemeWithVars.js <your build command>
See https://babeljs.io/docs/configuration#print-effective-configs for more info.
Though the "loose" option was set to "true" in your @babel/preset-env config, it will not be used for @babel/plugin-transform-private-methods since the "loose" mode option was set to "false" for @babel/plugin-transform-private-property-in-object.
The "loose" option must be the same for @babel/plugin-transform-class-properties, @babel/plugin-transform-private-methods and @babel/plugin-transform-private-property-in-object (when they are enabled): you can silence this warning by explicitly adding
	["@babel/plugin-transform-private-methods", { "loose": false }]
to the "plugins" section of your Babel config.

If you already set the same 'loose' mode for these plugins in your config, it's possible that they are enabled multiple times with different options.
You can re-run Babel with the BABEL_SHOW_CONFIG_FOR environment variable to show the loaded configuration:
	npx cross-env BABEL_SHOW_CONFIG_FOR=/Users/Ajaya/Documents/TizenGitTVApp/node_modules/@mui/material/styles/createThemeWithVars.js <your build command>
See https://babeljs.io/docs/configuration#print-effective-configs for more info.
Though the "loose" option was set to "true" in your @babel/preset-env config, it will not be used for @babel/plugin-transform-private-property-in-object since the "loose" mode option was set to "false" for @babel/plugin-transform-class-properties.
The "loose" option must be the same for @babel/plugin-transform-class-properties, @babel/plugin-transform-private-methods and @babel/plugin-transform-private-property-in-object (when they are enabled): you can silence this warning by explicitly adding
	["@babel/plugin-transform-private-property-in-object", { "loose": false }]
to the "plugins" section of your Babel config.

If you already set the same 'loose' mode for these plugins in your config, it's possible that they are enabled multiple times with different options.
You can re-run Babel with the BABEL_SHOW_CONFIG_FOR environment variable to show the loaded configuration:
	npx cross-env BABEL_SHOW_CONFIG_FOR=/Users/Ajaya/Documents/TizenGitTVApp/node_modules/@mui/material/styles/ThemeProviderWithVars.js <your build command>
See https://babeljs.io/docs/configuration#print-effective-configs for more info.
Though the "loose" option was set to "true" in your @babel/preset-env config, it will not be used for @babel/plugin-transform-private-methods since the "loose" mode option was set to "false" for @babel/plugin-transform-private-property-in-object.
The "loose" option must be the same for @babel/plugin-transform-class-properties, @babel/plugin-transform-private-methods and @babel/plugin-transform-private-property-in-object (when they are enabled): you can silence this warning by explicitly adding
	["@babel/plugin-transform-private-methods", { "loose": false }]
to the "plugins" section of your Babel config.

If you already set the same 'loose' mode for these plugins in your config, it's possible that they are enabled multiple times with different options.
You can re-run Babel with the BABEL_SHOW_CONFIG_FOR environment variable to show the loaded configuration:
	npx cross-env BABEL_SHOW_CONFIG_FOR=/Users/Ajaya/Documents/TizenGitTVApp/node_modules/@mui/material/styles/ThemeProviderWithVars.js <your build command>
See https://babeljs.io/docs/configuration#print-effective-configs for more info.
Though the "loose" option was set to "true" in your @babel/preset-env config, it will not be used for @babel/plugin-transform-private-property-in-object since the "loose" mode option was set to "false" for @babel/plugin-transform-class-properties.
The "loose" option must be the same for @babel/plugin-transform-class-properties, @babel/plugin-transform-private-methods and @babel/plugin-transform-private-property-in-object (when they are enabled): you can silence this warning by explicitly adding
	["@babel/plugin-transform-private-property-in-object", { "loose": false }]
to the "plugins" section of your Babel config.

If you already set the same 'loose' mode for these plugins in your config, it's possible that they are enabled multiple times with different options.
You can re-run Babel with the BABEL_SHOW_CONFIG_FOR environment variable to show the loaded configuration:
	npx cross-env BABEL_SHOW_CONFIG_FOR=/Users/Ajaya/Documents/TizenGitTVApp/node_modules/@mui/material/styles/withTheme.js <your build command>
See https://babeljs.io/docs/configuration#print-effective-configs for more info.
Though the "loose" option was set to "true" in your @babel/preset-env config, it will not be used for @babel/plugin-transform-private-methods since the "loose" mode option was set to "false" for @babel/plugin-transform-private-property-in-object.
The "loose" option must be the same for @babel/plugin-transform-class-properties, @babel/plugin-transform-private-methods and @babel/plugin-transform-private-property-in-object (when they are enabled): you can silence this warning by explicitly adding
	["@babel/plugin-transform-private-methods", { "loose": false }]
to the "plugins" section of your Babel config.

If you already set the same 'loose' mode for these plugins in your config, it's possible that they are enabled multiple times with different options.
You can re-run Babel with the BABEL_SHOW_CONFIG_FOR environment variable to show the loaded configuration:
	npx cross-env BABEL_SHOW_CONFIG_FOR=/Users/Ajaya/Documents/TizenGitTVApp/node_modules/@mui/material/styles/withTheme.js <your build command>
See https://babeljs.io/docs/configuration#print-effective-configs for more info.
Though the "loose" option was set to "true" in your @babel/preset-env config, it will not be used for @babel/plugin-transform-private-property-in-object since the "loose" mode option was set to "false" for @babel/plugin-transform-class-properties.
The "loose" option must be the same for @babel/plugin-transform-class-properties, @babel/plugin-transform-private-methods and @babel/plugin-transform-private-property-in-object (when they are enabled): you can silence this warning by explicitly adding
	["@babel/plugin-transform-private-property-in-object", { "loose": false }]
to the "plugins" section of your Babel config.

If you already set the same 'loose' mode for these plugins in your config, it's possible that they are enabled multiple times with different options.
You can re-run Babel with the BABEL_SHOW_CONFIG_FOR environment variable to show the loaded configuration:
	npx cross-env BABEL_SHOW_CONFIG_FOR=/Users/Ajaya/Documents/TizenGitTVApp/node_modules/@mui/utils/createChainedFunction/index.js <your build command>
See https://babeljs.io/docs/configuration#print-effective-configs for more info.
Though the "loose" option was set to "true" in your @babel/preset-env config, it will not be used for @babel/plugin-transform-private-methods since the "loose" mode option was set to "false" for @babel/plugin-transform-private-property-in-object.
The "loose" option must be the same for @babel/plugin-transform-class-properties, @babel/plugin-transform-private-methods and @babel/plugin-transform-private-property-in-object (when they are enabled): you can silence this warning by explicitly adding
	["@babel/plugin-transform-private-methods", { "loose": false }]
to the "plugins" section of your Babel config.

If you already set the same 'loose' mode for these plugins in your config, it's possible that they are enabled multiple times with different options.
You can re-run Babel with the BABEL_SHOW_CONFIG_FOR environment variable to show the loaded configuration:
	npx cross-env BABEL_SHOW_CONFIG_FOR=/Users/Ajaya/Documents/TizenGitTVApp/node_modules/@mui/utils/createChainedFunction/index.js <your build command>
See https://babeljs.io/docs/configuration#print-effective-configs for more info.
Though the "loose" option was set to "true" in your @babel/preset-env config, it will not be used for @babel/plugin-transform-private-property-in-object since the "loose" mode option was set to "false" for @babel/plugin-transform-class-properties.
The "loose" option must be the same for @babel/plugin-transform-class-properties, @babel/plugin-transform-private-methods and @babel/plugin-transform-private-property-in-object (when they are enabled): you can silence this warning by explicitly adding
	["@babel/plugin-transform-private-property-in-object", { "loose": false }]
to the "plugins" section of your Babel config.

If you already set the same 'loose' mode for these plugins in your config, it's possible that they are enabled multiple times with different options.
You can re-run Babel with the BABEL_SHOW_CONFIG_FOR environment variable to show the loaded configuration:
	npx cross-env BABEL_SHOW_CONFIG_FOR=/Users/Ajaya/Documents/TizenGitTVApp/node_modules/@mui/material/Backdrop/backdropClasses.js <your build command>
See https://babeljs.io/docs/configuration#print-effective-configs for more info.
Though the "loose" option was set to "true" in your @babel/preset-env config, it will not be used for @babel/plugin-transform-private-methods since the "loose" mode option was set to "false" for @babel/plugin-transform-private-property-in-object.
The "loose" option must be the same for @babel/plugin-transform-class-properties, @babel/plugin-transform-private-methods and @babel/plugin-transform-private-property-in-object (when they are enabled): you can silence this warning by explicitly adding
	["@babel/plugin-transform-private-methods", { "loose": false }]
to the "plugins" section of your Babel config.

If you already set the same 'loose' mode for these plugins in your config, it's possible that they are enabled multiple times with different options.
You can re-run Babel with the BABEL_SHOW_CONFIG_FOR environment variable to show the loaded configuration:
	npx cross-env BABEL_SHOW_CONFIG_FOR=/Users/Ajaya/Documents/TizenGitTVApp/node_modules/@mui/material/Backdrop/backdropClasses.js <your build command>
See https://babeljs.io/docs/configuration#print-effective-configs for more info.
Though the "loose" option was set to "true" in your @babel/preset-env config, it will not be used for @babel/plugin-transform-private-property-in-object since the "loose" mode option was set to "false" for @babel/plugin-transform-class-properties.
The "loose" option must be the same for @babel/plugin-transform-class-properties, @babel/plugin-transform-private-methods and @babel/plugin-transform-private-property-in-object (when they are enabled): you can silence this warning by explicitly adding
	["@babel/plugin-transform-private-property-in-object", { "loose": false }]
to the "plugins" section of your Babel config.

If you already set the same 'loose' mode for these plugins in your config, it's possible that they are enabled multiple times with different options.
You can re-run Babel with the BABEL_SHOW_CONFIG_FOR environment variable to show the loaded configuration:
	npx cross-env BABEL_SHOW_CONFIG_FOR=/Users/Ajaya/Documents/TizenGitTVApp/node_modules/@mui/utils/getScrollbarSize/getScrollbarSize.js <your build command>
See https://babeljs.io/docs/configuration#print-effective-configs for more info.
Though the "loose" option was set to "true" in your @babel/preset-env config, it will not be used for @babel/plugin-transform-private-methods since the "loose" mode option was set to "false" for @babel/plugin-transform-private-property-in-object.
The "loose" option must be the same for @babel/plugin-transform-class-properties, @babel/plugin-transform-private-methods and @babel/plugin-transform-private-property-in-object (when they are enabled): you can silence this warning by explicitly adding
	["@babel/plugin-transform-private-methods", { "loose": false }]
to the "plugins" section of your Babel config.

If you already set the same 'loose' mode for these plugins in your config, it's possible that they are enabled multiple times with different options.
You can re-run Babel with the BABEL_SHOW_CONFIG_FOR environment variable to show the loaded configuration:
	npx cross-env BABEL_SHOW_CONFIG_FOR=/Users/Ajaya/Documents/TizenGitTVApp/node_modules/@mui/utils/getScrollbarSize/getScrollbarSize.js <your build command>
See https://babeljs.io/docs/configuration#print-effective-configs for more info.
Though the "loose" option was set to "true" in your @babel/preset-env config, it will not be used for @babel/plugin-transform-private-property-in-object since the "loose" mode option was set to "false" for @babel/plugin-transform-class-properties.
The "loose" option must be the same for @babel/plugin-transform-class-properties, @babel/plugin-transform-private-methods and @babel/plugin-transform-private-property-in-object (when they are enabled): you can silence this warning by explicitly adding
	["@babel/plugin-transform-private-property-in-object", { "loose": false }]
to the "plugins" section of your Babel config.

If you already set the same 'loose' mode for these plugins in your config, it's possible that they are enabled multiple times with different options.
You can re-run Babel with the BABEL_SHOW_CONFIG_FOR environment variable to show the loaded configuration:
	npx cross-env BABEL_SHOW_CONFIG_FOR=/Users/Ajaya/Documents/TizenGitTVApp/node_modules/@mui/system/Grid/index.js <your build command>
See https://babeljs.io/docs/configuration#print-effective-configs for more info.
Though the "loose" option was set to "true" in your @babel/preset-env config, it will not be used for @babel/plugin-transform-private-methods since the "loose" mode option was set to "false" for @babel/plugin-transform-private-property-in-object.
The "loose" option must be the same for @babel/plugin-transform-class-properties, @babel/plugin-transform-private-methods and @babel/plugin-transform-private-property-in-object (when they are enabled): you can silence this warning by explicitly adding
	["@babel/plugin-transform-private-methods", { "loose": false }]
to the "plugins" section of your Babel config.

If you already set the same 'loose' mode for these plugins in your config, it's possible that they are enabled multiple times with different options.
You can re-run Babel with the BABEL_SHOW_CONFIG_FOR environment variable to show the loaded configuration:
	npx cross-env BABEL_SHOW_CONFIG_FOR=/Users/Ajaya/Documents/TizenGitTVApp/node_modules/@mui/system/Grid/index.js <your build command>
See https://babeljs.io/docs/configuration#print-effective-configs for more info.
Though the "loose" option was set to "true" in your @babel/preset-env config, it will not be used for @babel/plugin-transform-private-property-in-object since the "loose" mode option was set to "false" for @babel/plugin-transform-class-properties.
The "loose" option must be the same for @babel/plugin-transform-class-properties, @babel/plugin-transform-private-methods and @babel/plugin-transform-private-property-in-object (when they are enabled): you can silence this warning by explicitly adding
	["@babel/plugin-transform-private-property-in-object", { "loose": false }]
to the "plugins" section of your Babel config.

If you already set the same 'loose' mode for these plugins in your config, it's possible that they are enabled multiple times with different options.
You can re-run Babel with the BABEL_SHOW_CONFIG_FOR environment variable to show the loaded configuration:
	npx cross-env BABEL_SHOW_CONFIG_FOR=/Users/Ajaya/Documents/TizenGitTVApp/node_modules/@mui/system/Container/index.js <your build command>
See https://babeljs.io/docs/configuration#print-effective-configs for more info.
Though the "loose" option was set to "true" in your @babel/preset-env config, it will not be used for @babel/plugin-transform-private-methods since the "loose" mode option was set to "false" for @babel/plugin-transform-private-property-in-object.
The "loose" option must be the same for @babel/plugin-transform-class-properties, @babel/plugin-transform-private-methods and @babel/plugin-transform-private-property-in-object (when they are enabled): you can silence this warning by explicitly adding
	["@babel/plugin-transform-private-methods", { "loose": false }]
to the "plugins" section of your Babel config.

If you already set the same 'loose' mode for these plugins in your config, it's possible that they are enabled multiple times with different options.
You can re-run Babel with the BABEL_SHOW_CONFIG_FOR environment variable to show the loaded configuration:
	npx cross-env BABEL_SHOW_CONFIG_FOR=/Users/Ajaya/Documents/TizenGitTVApp/node_modules/@mui/system/Container/index.js <your build command>
See https://babeljs.io/docs/configuration#print-effective-configs for more info.
Though the "loose" option was set to "true" in your @babel/preset-env config, it will not be used for @babel/plugin-transform-private-property-in-object since the "loose" mode option was set to "false" for @babel/plugin-transform-class-properties.
The "loose" option must be the same for @babel/plugin-transform-class-properties, @babel/plugin-transform-private-methods and @babel/plugin-transform-private-property-in-object (when they are enabled): you can silence this warning by explicitly adding
	["@babel/plugin-transform-private-property-in-object", { "loose": false }]
to the "plugins" section of your Babel config.

If you already set the same 'loose' mode for these plugins in your config, it's possible that they are enabled multiple times with different options.
You can re-run Babel with the BABEL_SHOW_CONFIG_FOR environment variable to show the loaded configuration:
	npx cross-env BABEL_SHOW_CONFIG_FOR=/Users/Ajaya/Documents/TizenGitTVApp/node_modules/@mui/material/Backdrop/Backdrop.js <your build command>
See https://babeljs.io/docs/configuration#print-effective-configs for more info.
Though the "loose" option was set to "true" in your @babel/preset-env config, it will not be used for @babel/plugin-transform-private-methods since the "loose" mode option was set to "false" for @babel/plugin-transform-private-property-in-object.
The "loose" option must be the same for @babel/plugin-transform-class-properties, @babel/plugin-transform-private-methods and @babel/plugin-transform-private-property-in-object (when they are enabled): you can silence this warning by explicitly adding
	["@babel/plugin-transform-private-methods", { "loose": false }]
to the "plugins" section of your Babel config.

If you already set the same 'loose' mode for these plugins in your config, it's possible that they are enabled multiple times with different options.
You can re-run Babel with the BABEL_SHOW_CONFIG_FOR environment variable to show the loaded configuration:
	npx cross-env BABEL_SHOW_CONFIG_FOR=/Users/Ajaya/Documents/TizenGitTVApp/node_modules/@mui/material/Backdrop/Backdrop.js <your build command>
See https://babeljs.io/docs/configuration#print-effective-configs for more info.
Though the "loose" option was set to "true" in your @babel/preset-env config, it will not be used for @babel/plugin-transform-private-property-in-object since the "loose" mode option was set to "false" for @babel/plugin-transform-class-properties.
The "loose" option must be the same for @babel/plugin-transform-class-properties, @babel/plugin-transform-private-methods and @babel/plugin-transform-private-property-in-object (when they are enabled): you can silence this warning by explicitly adding
	["@babel/plugin-transform-private-property-in-object", { "loose": false }]
to the "plugins" section of your Babel config.

If you already set the same 'loose' mode for these plugins in your config, it's possible that they are enabled multiple times with different options.
You can re-run Babel with the BABEL_SHOW_CONFIG_FOR environment variable to show the loaded configuration:
	npx cross-env BABEL_SHOW_CONFIG_FOR=/Users/Ajaya/Documents/TizenGitTVApp/node_modules/@mui/system/version/index.js <your build command>
See https://babeljs.io/docs/configuration#print-effective-configs for more info.
Though the "loose" option was set to "true" in your @babel/preset-env config, it will not be used for @babel/plugin-transform-private-methods since the "loose" mode option was set to "false" for @babel/plugin-transform-private-property-in-object.
The "loose" option must be the same for @babel/plugin-transform-class-properties, @babel/plugin-transform-private-methods and @babel/plugin-transform-private-property-in-object (when they are enabled): you can silence this warning by explicitly adding
	["@babel/plugin-transform-private-methods", { "loose": false }]
to the "plugins" section of your Babel config.

If you already set the same 'loose' mode for these plugins in your config, it's possible that they are enabled multiple times with different options.
You can re-run Babel with the BABEL_SHOW_CONFIG_FOR environment variable to show the loaded configuration:
	npx cross-env BABEL_SHOW_CONFIG_FOR=/Users/Ajaya/Documents/TizenGitTVApp/node_modules/@mui/system/version/index.js <your build command>
See https://babeljs.io/docs/configuration#print-effective-configs for more info.
Though the "loose" option was set to "true" in your @babel/preset-env config, it will not be used for @babel/plugin-transform-private-property-in-object since the "loose" mode option was set to "false" for @babel/plugin-transform-class-properties.
The "loose" option must be the same for @babel/plugin-transform-class-properties, @babel/plugin-transform-private-methods and @babel/plugin-transform-private-property-in-object (when they are enabled): you can silence this warning by explicitly adding
	["@babel/plugin-transform-private-property-in-object", { "loose": false }]
to the "plugins" section of your Babel config.

If you already set the same 'loose' mode for these plugins in your config, it's possible that they are enabled multiple times with different options.
You can re-run Babel with the BABEL_SHOW_CONFIG_FOR environment variable to show the loaded configuration:
	npx cross-env BABEL_SHOW_CONFIG_FOR=/Users/Ajaya/Documents/TizenGitTVApp/node_modules/@mui/system/responsivePropType/index.js <your build command>
See https://babeljs.io/docs/configuration#print-effective-configs for more info.
Though the "loose" option was set to "true" in your @babel/preset-env config, it will not be used for @babel/plugin-transform-private-methods since the "loose" mode option was set to "false" for @babel/plugin-transform-private-property-in-object.
The "loose" option must be the same for @babel/plugin-transform-class-properties, @babel/plugin-transform-private-methods and @babel/plugin-transform-private-property-in-object (when they are enabled): you can silence this warning by explicitly adding
	["@babel/plugin-transform-private-methods", { "loose": false }]
to the "plugins" section of your Babel config.

If you already set the same 'loose' mode for these plugins in your config, it's possible that they are enabled multiple times with different options.
You can re-run Babel with the BABEL_SHOW_CONFIG_FOR environment variable to show the loaded configuration:
	npx cross-env BABEL_SHOW_CONFIG_FOR=/Users/Ajaya/Documents/TizenGitTVApp/node_modules/@mui/system/responsivePropType/index.js <your build command>
See https://babeljs.io/docs/configuration#print-effective-configs for more info.
Though the "loose" option was set to "true" in your @babel/preset-env config, it will not be used for @babel/plugin-transform-private-property-in-object since the "loose" mode option was set to "false" for @babel/plugin-transform-class-properties.
The "loose" option must be the same for @babel/plugin-transform-class-properties, @babel/plugin-transform-private-methods and @babel/plugin-transform-private-property-in-object (when they are enabled): you can silence this warning by explicitly adding
	["@babel/plugin-transform-private-property-in-object", { "loose": false }]
to the "plugins" section of your Babel config.

If you already set the same 'loose' mode for these plugins in your config, it's possible that they are enabled multiple times with different options.
You can re-run Babel with the BABEL_SHOW_CONFIG_FOR environment variable to show the loaded configuration:
	npx cross-env BABEL_SHOW_CONFIG_FOR=/Users/Ajaya/Documents/TizenGitTVApp/node_modules/@mui/system/ThemeProvider/index.js <your build command>
See https://babeljs.io/docs/configuration#print-effective-configs for more info.
Though the "loose" option was set to "true" in your @babel/preset-env config, it will not be used for @babel/plugin-transform-private-methods since the "loose" mode option was set to "false" for @babel/plugin-transform-private-property-in-object.
The "loose" option must be the same for @babel/plugin-transform-class-properties, @babel/plugin-transform-private-methods and @babel/plugin-transform-private-property-in-object (when they are enabled): you can silence this warning by explicitly adding
	["@babel/plugin-transform-private-methods", { "loose": false }]
to the "plugins" section of your Babel config.

If you already set the same 'loose' mode for these plugins in your config, it's possible that they are enabled multiple times with different options.
You can re-run Babel with the BABEL_SHOW_CONFIG_FOR environment variable to show the loaded configuration:
	npx cross-env BABEL_SHOW_CONFIG_FOR=/Users/Ajaya/Documents/TizenGitTVApp/node_modules/@mui/system/ThemeProvider/index.js <your build command>
See https://babeljs.io/docs/configuration#print-effective-configs for more info.
Though the "loose" option was set to "true" in your @babel/preset-env config, it will not be used for @babel/plugin-transform-private-property-in-object since the "loose" mode option was set to "false" for @babel/plugin-transform-class-properties.
The "loose" option must be the same for @babel/plugin-transform-class-properties, @babel/plugin-transform-private-methods and @babel/plugin-transform-private-property-in-object (when they are enabled): you can silence this warning by explicitly adding
	["@babel/plugin-transform-private-property-in-object", { "loose": false }]
to the "plugins" section of your Babel config.

If you already set the same 'loose' mode for these plugins in your config, it's possible that they are enabled multiple times with different options.
You can re-run Babel with the BABEL_SHOW_CONFIG_FOR environment variable to show the loaded configuration:
	npx cross-env BABEL_SHOW_CONFIG_FOR=/Users/Ajaya/Documents/TizenGitTVApp/node_modules/@mui/system/createTheme/index.js <your build command>
See https://babeljs.io/docs/configuration#print-effective-configs for more info.
Though the "loose" option was set to "true" in your @babel/preset-env config, it will not be used for @babel/plugin-transform-private-methods since the "loose" mode option was set to "false" for @babel/plugin-transform-private-property-in-object.
The "loose" option must be the same for @babel/plugin-transform-class-properties, @babel/plugin-transform-private-methods and @babel/plugin-transform-private-property-in-object (when they are enabled): you can silence this warning by explicitly adding
	["@babel/plugin-transform-private-methods", { "loose": false }]
to the "plugins" section of your Babel config.

If you already set the same 'loose' mode for these plugins in your config, it's possible that they are enabled multiple times with different options.
You can re-run Babel with the BABEL_SHOW_CONFIG_FOR environment variable to show the loaded configuration:
	npx cross-env BABEL_SHOW_CONFIG_FOR=/Users/Ajaya/Documents/TizenGitTVApp/node_modules/@mui/system/createTheme/index.js <your build command>
See https://babeljs.io/docs/configuration#print-effective-configs for more info.
Though the "loose" option was set to "true" in your @babel/preset-env config, it will not be used for @babel/plugin-transform-private-property-in-object since the "loose" mode option was set to "false" for @babel/plugin-transform-class-properties.
The "loose" option must be the same for @babel/plugin-transform-class-properties, @babel/plugin-transform-private-methods and @babel/plugin-transform-private-property-in-object (when they are enabled): you can silence this warning by explicitly adding
	["@babel/plugin-transform-private-property-in-object", { "loose": false }]
to the "plugins" section of your Babel config.

If you already set the same 'loose' mode for these plugins in your config, it's possible that they are enabled multiple times with different options.
You can re-run Babel with the BABEL_SHOW_CONFIG_FOR environment variable to show the loaded configuration:
	npx cross-env BABEL_SHOW_CONFIG_FOR=/Users/Ajaya/Documents/TizenGitTVApp/node_modules/@mui/system/useTheme/index.js <your build command>
See https://babeljs.io/docs/configuration#print-effective-configs for more info.
Though the "loose" option was set to "true" in your @babel/preset-env config, it will not be used for @babel/plugin-transform-private-methods since the "loose" mode option was set to "false" for @babel/plugin-transform-private-property-in-object.
The "loose" option must be the same for @babel/plugin-transform-class-properties, @babel/plugin-transform-private-methods and @babel/plugin-transform-private-property-in-object (when they are enabled): you can silence this warning by explicitly adding
	["@babel/plugin-transform-private-methods", { "loose": false }]
to the "plugins" section of your Babel config.

If you already set the same 'loose' mode for these plugins in your config, it's possible that they are enabled multiple times with different options.
You can re-run Babel with the BABEL_SHOW_CONFIG_FOR environment variable to show the loaded configuration:
	npx cross-env BABEL_SHOW_CONFIG_FOR=/Users/Ajaya/Documents/TizenGitTVApp/node_modules/@mui/system/useTheme/index.js <your build command>
See https://babeljs.io/docs/configuration#print-effective-configs for more info.
Though the "loose" option was set to "true" in your @babel/preset-env config, it will not be used for @babel/plugin-transform-private-property-in-object since the "loose" mode option was set to "false" for @babel/plugin-transform-class-properties.
The "loose" option must be the same for @babel/plugin-transform-class-properties, @babel/plugin-transform-private-methods and @babel/plugin-transform-private-property-in-object (when they are enabled): you can silence this warning by explicitly adding
	["@babel/plugin-transform-private-property-in-object", { "loose": false }]
to the "plugins" section of your Babel config.

If you already set the same 'loose' mode for these plugins in your config, it's possible that they are enabled multiple times with different options.
You can re-run Babel with the BABEL_SHOW_CONFIG_FOR environment variable to show the loaded configuration:
	npx cross-env BABEL_SHOW_CONFIG_FOR=/Users/Ajaya/Documents/TizenGitTVApp/node_modules/@mui/material/ListItemIcon/ListItemIcon.js <your build command>
See https://babeljs.io/docs/configuration#print-effective-configs for more info.
Though the "loose" option was set to "true" in your @babel/preset-env config, it will not be used for @babel/plugin-transform-private-methods since the "loose" mode option was set to "false" for @babel/plugin-transform-private-property-in-object.
The "loose" option must be the same for @babel/plugin-transform-class-properties, @babel/plugin-transform-private-methods and @babel/plugin-transform-private-property-in-object (when they are enabled): you can silence this warning by explicitly adding
	["@babel/plugin-transform-private-methods", { "loose": false }]
to the "plugins" section of your Babel config.

If you already set the same 'loose' mode for these plugins in your config, it's possible that they are enabled multiple times with different options.
You can re-run Babel with the BABEL_SHOW_CONFIG_FOR environment variable to show the loaded configuration:
	npx cross-env BABEL_SHOW_CONFIG_FOR=/Users/Ajaya/Documents/TizenGitTVApp/node_modules/@mui/material/ListItemIcon/ListItemIcon.js <your build command>
See https://babeljs.io/docs/configuration#print-effective-configs for more info.
Though the "loose" option was set to "true" in your @babel/preset-env config, it will not be used for @babel/plugin-transform-private-property-in-object since the "loose" mode option was set to "false" for @babel/plugin-transform-class-properties.
The "loose" option must be the same for @babel/plugin-transform-class-properties, @babel/plugin-transform-private-methods and @babel/plugin-transform-private-property-in-object (when they are enabled): you can silence this warning by explicitly adding
	["@babel/plugin-transform-private-property-in-object", { "loose": false }]
to the "plugins" section of your Babel config.

If you already set the same 'loose' mode for these plugins in your config, it's possible that they are enabled multiple times with different options.
You can re-run Babel with the BABEL_SHOW_CONFIG_FOR environment variable to show the loaded configuration:
	npx cross-env BABEL_SHOW_CONFIG_FOR=/Users/Ajaya/Documents/TizenGitTVApp/node_modules/@mui/material/ListItemIcon/listItemIconClasses.js <your build command>
See https://babeljs.io/docs/configuration#print-effective-configs for more info.
Though the "loose" option was set to "true" in your @babel/preset-env config, it will not be used for @babel/plugin-transform-private-methods since the "loose" mode option was set to "false" for @babel/plugin-transform-private-property-in-object.
The "loose" option must be the same for @babel/plugin-transform-class-properties, @babel/plugin-transform-private-methods and @babel/plugin-transform-private-property-in-object (when they are enabled): you can silence this warning by explicitly adding
	["@babel/plugin-transform-private-methods", { "loose": false }]
to the "plugins" section of your Babel config.

If you already set the same 'loose' mode for these plugins in your config, it's possible that they are enabled multiple times with different options.
You can re-run Babel with the BABEL_SHOW_CONFIG_FOR environment variable to show the loaded configuration:
	npx cross-env BABEL_SHOW_CONFIG_FOR=/Users/Ajaya/Documents/TizenGitTVApp/node_modules/@mui/material/ListItemIcon/listItemIconClasses.js <your build command>
See https://babeljs.io/docs/configuration#print-effective-configs for more info.
Though the "loose" option was set to "true" in your @babel/preset-env config, it will not be used for @babel/plugin-transform-private-property-in-object since the "loose" mode option was set to "false" for @babel/plugin-transform-class-properties.
The "loose" option must be the same for @babel/plugin-transform-class-properties, @babel/plugin-transform-private-methods and @babel/plugin-transform-private-property-in-object (when they are enabled): you can silence this warning by explicitly adding
	["@babel/plugin-transform-private-property-in-object", { "loose": false }]
to the "plugins" section of your Babel config.

If you already set the same 'loose' mode for these plugins in your config, it's possible that they are enabled multiple times with different options.
You can re-run Babel with the BABEL_SHOW_CONFIG_FOR environment variable to show the loaded configuration:
	npx cross-env BABEL_SHOW_CONFIG_FOR=/Users/Ajaya/Documents/TizenGitTVApp/node_modules/@mui/system/useThemeWithoutDefault/index.js <your build command>
See https://babeljs.io/docs/configuration#print-effective-configs for more info.
Though the "loose" option was set to "true" in your @babel/preset-env config, it will not be used for @babel/plugin-transform-private-methods since the "loose" mode option was set to "false" for @babel/plugin-transform-private-property-in-object.
The "loose" option must be the same for @babel/plugin-transform-class-properties, @babel/plugin-transform-private-methods and @babel/plugin-transform-private-property-in-object (when they are enabled): you can silence this warning by explicitly adding
	["@babel/plugin-transform-private-methods", { "loose": false }]
to the "plugins" section of your Babel config.

If you already set the same 'loose' mode for these plugins in your config, it's possible that they are enabled multiple times with different options.
You can re-run Babel with the BABEL_SHOW_CONFIG_FOR environment variable to show the loaded configuration:
	npx cross-env BABEL_SHOW_CONFIG_FOR=/Users/Ajaya/Documents/TizenGitTVApp/node_modules/@mui/system/useThemeWithoutDefault/index.js <your build command>
See https://babeljs.io/docs/configuration#print-effective-configs for more info.
Though the "loose" option was set to "true" in your @babel/preset-env config, it will not be used for @babel/plugin-transform-private-property-in-object since the "loose" mode option was set to "false" for @babel/plugin-transform-class-properties.
The "loose" option must be the same for @babel/plugin-transform-class-properties, @babel/plugin-transform-private-methods and @babel/plugin-transform-private-property-in-object (when they are enabled): you can silence this warning by explicitly adding
	["@babel/plugin-transform-private-property-in-object", { "loose": false }]
to the "plugins" section of your Babel config.

If you already set the same 'loose' mode for these plugins in your config, it's possible that they are enabled multiple times with different options.
You can re-run Babel with the BABEL_SHOW_CONFIG_FOR environment variable to show the loaded configuration:
	npx cross-env BABEL_SHOW_CONFIG_FOR=/Users/Ajaya/Documents/TizenGitTVApp/node_modules/@mui/system/useThemeProps/index.js <your build command>
See https://babeljs.io/docs/configuration#print-effective-configs for more info.
Though the "loose" option was set to "true" in your @babel/preset-env config, it will not be used for @babel/plugin-transform-private-methods since the "loose" mode option was set to "false" for @babel/plugin-transform-private-property-in-object.
The "loose" option must be the same for @babel/plugin-transform-class-properties, @babel/plugin-transform-private-methods and @babel/plugin-transform-private-property-in-object (when they are enabled): you can silence this warning by explicitly adding
	["@babel/plugin-transform-private-methods", { "loose": false }]
to the "plugins" section of your Babel config.

If you already set the same 'loose' mode for these plugins in your config, it's possible that they are enabled multiple times with different options.
You can re-run Babel with the BABEL_SHOW_CONFIG_FOR environment variable to show the loaded configuration:
	npx cross-env BABEL_SHOW_CONFIG_FOR=/Users/Ajaya/Documents/TizenGitTVApp/node_modules/@mui/system/useThemeProps/index.js <your build command>
See https://babeljs.io/docs/configuration#print-effective-configs for more info.
Though the "loose" option was set to "true" in your @babel/preset-env config, it will not be used for @babel/plugin-transform-private-property-in-object since the "loose" mode option was set to "false" for @babel/plugin-transform-class-properties.
The "loose" option must be the same for @babel/plugin-transform-class-properties, @babel/plugin-transform-private-methods and @babel/plugin-transform-private-property-in-object (when they are enabled): you can silence this warning by explicitly adding
	["@babel/plugin-transform-private-property-in-object", { "loose": false }]
to the "plugins" section of your Babel config.

If you already set the same 'loose' mode for these plugins in your config, it's possible that they are enabled multiple times with different options.
You can re-run Babel with the BABEL_SHOW_CONFIG_FOR environment variable to show the loaded configuration:
	npx cross-env BABEL_SHOW_CONFIG_FOR=/Users/Ajaya/Documents/TizenGitTVApp/node_modules/@mui/system/styled/index.js <your build command>
See https://babeljs.io/docs/configuration#print-effective-configs for more info.
Though the "loose" option was set to "true" in your @babel/preset-env config, it will not be used for @babel/plugin-transform-private-methods since the "loose" mode option was set to "false" for @babel/plugin-transform-private-property-in-object.
The "loose" option must be the same for @babel/plugin-transform-class-properties, @babel/plugin-transform-private-methods and @babel/plugin-transform-private-property-in-object (when they are enabled): you can silence this warning by explicitly adding
	["@babel/plugin-transform-private-methods", { "loose": false }]
to the "plugins" section of your Babel config.

If you already set the same 'loose' mode for these plugins in your config, it's possible that they are enabled multiple times with different options.
You can re-run Babel with the BABEL_SHOW_CONFIG_FOR environment variable to show the loaded configuration:
	npx cross-env BABEL_SHOW_CONFIG_FOR=/Users/Ajaya/Documents/TizenGitTVApp/node_modules/@mui/system/styled/index.js <your build command>
See https://babeljs.io/docs/configuration#print-effective-configs for more info.
Though the "loose" option was set to "true" in your @babel/preset-env config, it will not be used for @babel/plugin-transform-private-property-in-object since the "loose" mode option was set to "false" for @babel/plugin-transform-class-properties.
The "loose" option must be the same for @babel/plugin-transform-class-properties, @babel/plugin-transform-private-methods and @babel/plugin-transform-private-property-in-object (when they are enabled): you can silence this warning by explicitly adding
	["@babel/plugin-transform-private-property-in-object", { "loose": false }]
to the "plugins" section of your Babel config.

If you already set the same 'loose' mode for these plugins in your config, it's possible that they are enabled multiple times with different options.
You can re-run Babel with the BABEL_SHOW_CONFIG_FOR environment variable to show the loaded configuration:
	npx cross-env BABEL_SHOW_CONFIG_FOR=/Users/Ajaya/Documents/TizenGitTVApp/node_modules/@mui/system/Box/index.js <your build command>
See https://babeljs.io/docs/configuration#print-effective-configs for more info.
Though the "loose" option was set to "true" in your @babel/preset-env config, it will not be used for @babel/plugin-transform-private-methods since the "loose" mode option was set to "false" for @babel/plugin-transform-private-property-in-object.
The "loose" option must be the same for @babel/plugin-transform-class-properties, @babel/plugin-transform-private-methods and @babel/plugin-transform-private-property-in-object (when they are enabled): you can silence this warning by explicitly adding
	["@babel/plugin-transform-private-methods", { "loose": false }]
to the "plugins" section of your Babel config.

If you already set the same 'loose' mode for these plugins in your config, it's possible that they are enabled multiple times with different options.
You can re-run Babel with the BABEL_SHOW_CONFIG_FOR environment variable to show the loaded configuration:
	npx cross-env BABEL_SHOW_CONFIG_FOR=/Users/Ajaya/Documents/TizenGitTVApp/node_modules/@mui/system/Box/index.js <your build command>
See https://babeljs.io/docs/configuration#print-effective-configs for more info.
Though the "loose" option was set to "true" in your @babel/preset-env config, it will not be used for @babel/plugin-transform-private-property-in-object since the "loose" mode option was set to "false" for @babel/plugin-transform-class-properties.
The "loose" option must be the same for @babel/plugin-transform-class-properties, @babel/plugin-transform-private-methods and @babel/plugin-transform-private-property-in-object (when they are enabled): you can silence this warning by explicitly adding
	["@babel/plugin-transform-private-property-in-object", { "loose": false }]
to the "plugins" section of your Babel config.

If you already set the same 'loose' mode for these plugins in your config, it's possible that they are enabled multiple times with different options.
You can re-run Babel with the BABEL_SHOW_CONFIG_FOR environment variable to show the loaded configuration:
	npx cross-env BABEL_SHOW_CONFIG_FOR=/Users/Ajaya/Documents/TizenGitTVApp/node_modules/@mui/system/createStyled/index.js <your build command>
See https://babeljs.io/docs/configuration#print-effective-configs for more info.
Though the "loose" option was set to "true" in your @babel/preset-env config, it will not be used for @babel/plugin-transform-private-methods since the "loose" mode option was set to "false" for @babel/plugin-transform-private-property-in-object.
The "loose" option must be the same for @babel/plugin-transform-class-properties, @babel/plugin-transform-private-methods and @babel/plugin-transform-private-property-in-object (when they are enabled): you can silence this warning by explicitly adding
	["@babel/plugin-transform-private-methods", { "loose": false }]
to the "plugins" section of your Babel config.

If you already set the same 'loose' mode for these plugins in your config, it's possible that they are enabled multiple times with different options.
You can re-run Babel with the BABEL_SHOW_CONFIG_FOR environment variable to show the loaded configuration:
	npx cross-env BABEL_SHOW_CONFIG_FOR=/Users/Ajaya/Documents/TizenGitTVApp/node_modules/@mui/system/createStyled/index.js <your build command>
See https://babeljs.io/docs/configuration#print-effective-configs for more info.
Though the "loose" option was set to "true" in your @babel/preset-env config, it will not be used for @babel/plugin-transform-private-property-in-object since the "loose" mode option was set to "false" for @babel/plugin-transform-class-properties.
The "loose" option must be the same for @babel/plugin-transform-class-properties, @babel/plugin-transform-private-methods and @babel/plugin-transform-private-property-in-object (when they are enabled): you can silence this warning by explicitly adding
	["@babel/plugin-transform-private-property-in-object", { "loose": false }]
to the "plugins" section of your Babel config.

If you already set the same 'loose' mode for these plugins in your config, it's possible that they are enabled multiple times with different options.
You can re-run Babel with the BABEL_SHOW_CONFIG_FOR environment variable to show the loaded configuration:
	npx cross-env BABEL_SHOW_CONFIG_FOR=/Users/Ajaya/Documents/TizenGitTVApp/node_modules/@mui/system/createBox/index.js <your build command>
See https://babeljs.io/docs/configuration#print-effective-configs for more info.
Though the "loose" option was set to "true" in your @babel/preset-env config, it will not be used for @babel/plugin-transform-private-methods since the "loose" mode option was set to "false" for @babel/plugin-transform-private-property-in-object.
The "loose" option must be the same for @babel/plugin-transform-class-properties, @babel/plugin-transform-private-methods and @babel/plugin-transform-private-property-in-object (when they are enabled): you can silence this warning by explicitly adding
	["@babel/plugin-transform-private-methods", { "loose": false }]
to the "plugins" section of your Babel config.

If you already set the same 'loose' mode for these plugins in your config, it's possible that they are enabled multiple times with different options.
You can re-run Babel with the BABEL_SHOW_CONFIG_FOR environment variable to show the loaded configuration:
	npx cross-env BABEL_SHOW_CONFIG_FOR=/Users/Ajaya/Documents/TizenGitTVApp/node_modules/@mui/system/createBox/index.js <your build command>
See https://babeljs.io/docs/configuration#print-effective-configs for more info.
Though the "loose" option was set to "true" in your @babel/preset-env config, it will not be used for @babel/plugin-transform-private-property-in-object since the "loose" mode option was set to "false" for @babel/plugin-transform-class-properties.
The "loose" option must be the same for @babel/plugin-transform-class-properties, @babel/plugin-transform-private-methods and @babel/plugin-transform-private-property-in-object (when they are enabled): you can silence this warning by explicitly adding
	["@babel/plugin-transform-private-property-in-object", { "loose": false }]
to the "plugins" section of your Babel config.

If you already set the same 'loose' mode for these plugins in your config, it's possible that they are enabled multiple times with different options.
You can re-run Babel with the BABEL_SHOW_CONFIG_FOR environment variable to show the loaded configuration:
	npx cross-env BABEL_SHOW_CONFIG_FOR=/Users/Ajaya/Documents/TizenGitTVApp/node_modules/@mui/utils/integerPropType/integerPropType.js <your build command>
See https://babeljs.io/docs/configuration#print-effective-configs for more info.
Though the "loose" option was set to "true" in your @babel/preset-env config, it will not be used for @babel/plugin-transform-private-methods since the "loose" mode option was set to "false" for @babel/plugin-transform-private-property-in-object.
The "loose" option must be the same for @babel/plugin-transform-class-properties, @babel/plugin-transform-private-methods and @babel/plugin-transform-private-property-in-object (when they are enabled): you can silence this warning by explicitly adding
	["@babel/plugin-transform-private-methods", { "loose": false }]
to the "plugins" section of your Babel config.

If you already set the same 'loose' mode for these plugins in your config, it's possible that they are enabled multiple times with different options.
You can re-run Babel with the BABEL_SHOW_CONFIG_FOR environment variable to show the loaded configuration:
	npx cross-env BABEL_SHOW_CONFIG_FOR=/Users/Ajaya/Documents/TizenGitTVApp/node_modules/@mui/utils/integerPropType/integerPropType.js <your build command>
See https://babeljs.io/docs/configuration#print-effective-configs for more info.
Though the "loose" option was set to "true" in your @babel/preset-env config, it will not be used for @babel/plugin-transform-private-property-in-object since the "loose" mode option was set to "false" for @babel/plugin-transform-class-properties.
The "loose" option must be the same for @babel/plugin-transform-class-properties, @babel/plugin-transform-private-methods and @babel/plugin-transform-private-property-in-object (when they are enabled): you can silence this warning by explicitly adding
	["@babel/plugin-transform-private-property-in-object", { "loose": false }]
to the "plugins" section of your Babel config.

If you already set the same 'loose' mode for these plugins in your config, it's possible that they are enabled multiple times with different options.
You can re-run Babel with the BABEL_SHOW_CONFIG_FOR environment variable to show the loaded configuration:
	npx cross-env BABEL_SHOW_CONFIG_FOR=/Users/Ajaya/Documents/TizenGitTVApp/node_modules/@mui/system/styleFunctionSx/index.js <your build command>
See https://babeljs.io/docs/configuration#print-effective-configs for more info.
Though the "loose" option was set to "true" in your @babel/preset-env config, it will not be used for @babel/plugin-transform-private-methods since the "loose" mode option was set to "false" for @babel/plugin-transform-private-property-in-object.
The "loose" option must be the same for @babel/plugin-transform-class-properties, @babel/plugin-transform-private-methods and @babel/plugin-transform-private-property-in-object (when they are enabled): you can silence this warning by explicitly adding
	["@babel/plugin-transform-private-methods", { "loose": false }]
to the "plugins" section of your Babel config.

If you already set the same 'loose' mode for these plugins in your config, it's possible that they are enabled multiple times with different options.
You can re-run Babel with the BABEL_SHOW_CONFIG_FOR environment variable to show the loaded configuration:
	npx cross-env BABEL_SHOW_CONFIG_FOR=/Users/Ajaya/Documents/TizenGitTVApp/node_modules/@mui/system/styleFunctionSx/index.js <your build command>
See https://babeljs.io/docs/configuration#print-effective-configs for more info.
Though the "loose" option was set to "true" in your @babel/preset-env config, it will not be used for @babel/plugin-transform-private-property-in-object since the "loose" mode option was set to "false" for @babel/plugin-transform-class-properties.
The "loose" option must be the same for @babel/plugin-transform-class-properties, @babel/plugin-transform-private-methods and @babel/plugin-transform-private-property-in-object (when they are enabled): you can silence this warning by explicitly adding
	["@babel/plugin-transform-private-property-in-object", { "loose": false }]
to the "plugins" section of your Babel config.

If you already set the same 'loose' mode for these plugins in your config, it's possible that they are enabled multiple times with different options.
You can re-run Babel with the BABEL_SHOW_CONFIG_FOR environment variable to show the loaded configuration:
	npx cross-env BABEL_SHOW_CONFIG_FOR=/Users/Ajaya/Documents/TizenGitTVApp/node_modules/@mui/utils/capitalize/capitalize.js <your build command>
See https://babeljs.io/docs/configuration#print-effective-configs for more info.
Though the "loose" option was set to "true" in your @babel/preset-env config, it will not be used for @babel/plugin-transform-private-methods since the "loose" mode option was set to "false" for @babel/plugin-transform-private-property-in-object.
The "loose" option must be the same for @babel/plugin-transform-class-properties, @babel/plugin-transform-private-methods and @babel/plugin-transform-private-property-in-object (when they are enabled): you can silence this warning by explicitly adding
	["@babel/plugin-transform-private-methods", { "loose": false }]
to the "plugins" section of your Babel config.

If you already set the same 'loose' mode for these plugins in your config, it's possible that they are enabled multiple times with different options.
You can re-run Babel with the BABEL_SHOW_CONFIG_FOR environment variable to show the loaded configuration:
	npx cross-env BABEL_SHOW_CONFIG_FOR=/Users/Ajaya/Documents/TizenGitTVApp/node_modules/@mui/utils/capitalize/capitalize.js <your build command>
See https://babeljs.io/docs/configuration#print-effective-configs for more info.
Though the "loose" option was set to "true" in your @babel/preset-env config, it will not be used for @babel/plugin-transform-private-property-in-object since the "loose" mode option was set to "false" for @babel/plugin-transform-class-properties.
The "loose" option must be the same for @babel/plugin-transform-class-properties, @babel/plugin-transform-private-methods and @babel/plugin-transform-private-property-in-object (when they are enabled): you can silence this warning by explicitly adding
	["@babel/plugin-transform-private-property-in-object", { "loose": false }]
to the "plugins" section of your Babel config.

If you already set the same 'loose' mode for these plugins in your config, it's possible that they are enabled multiple times with different options.
You can re-run Babel with the BABEL_SHOW_CONFIG_FOR environment variable to show the loaded configuration:
	npx cross-env BABEL_SHOW_CONFIG_FOR=/Users/Ajaya/Documents/TizenGitTVApp/node_modules/@mui/system/getThemeValue/index.js <your build command>
See https://babeljs.io/docs/configuration#print-effective-configs for more info.
Though the "loose" option was set to "true" in your @babel/preset-env config, it will not be used for @babel/plugin-transform-private-methods since the "loose" mode option was set to "false" for @babel/plugin-transform-private-property-in-object.
The "loose" option must be the same for @babel/plugin-transform-class-properties, @babel/plugin-transform-private-methods and @babel/plugin-transform-private-property-in-object (when they are enabled): you can silence this warning by explicitly adding
	["@babel/plugin-transform-private-methods", { "loose": false }]
to the "plugins" section of your Babel config.

If you already set the same 'loose' mode for these plugins in your config, it's possible that they are enabled multiple times with different options.
You can re-run Babel with the BABEL_SHOW_CONFIG_FOR environment variable to show the loaded configuration:
	npx cross-env BABEL_SHOW_CONFIG_FOR=/Users/Ajaya/Documents/TizenGitTVApp/node_modules/@mui/system/getThemeValue/index.js <your build command>
See https://babeljs.io/docs/configuration#print-effective-configs for more info.
Though the "loose" option was set to "true" in your @babel/preset-env config, it will not be used for @babel/plugin-transform-private-property-in-object since the "loose" mode option was set to "false" for @babel/plugin-transform-class-properties.
The "loose" option must be the same for @babel/plugin-transform-class-properties, @babel/plugin-transform-private-methods and @babel/plugin-transform-private-property-in-object (when they are enabled): you can silence this warning by explicitly adding
	["@babel/plugin-transform-private-property-in-object", { "loose": false }]
to the "plugins" section of your Babel config.

If you already set the same 'loose' mode for these plugins in your config, it's possible that they are enabled multiple times with different options.
You can re-run Babel with the BABEL_SHOW_CONFIG_FOR environment variable to show the loaded configuration:
	npx cross-env BABEL_SHOW_CONFIG_FOR=/Users/Ajaya/Documents/TizenGitTVApp/node_modules/@mui/material/Input/inputClasses.js <your build command>
See https://babeljs.io/docs/configuration#print-effective-configs for more info.
Though the "loose" option was set to "true" in your @babel/preset-env config, it will not be used for @babel/plugin-transform-private-methods since the "loose" mode option was set to "false" for @babel/plugin-transform-private-property-in-object.
The "loose" option must be the same for @babel/plugin-transform-class-properties, @babel/plugin-transform-private-methods and @babel/plugin-transform-private-property-in-object (when they are enabled): you can silence this warning by explicitly adding
	["@babel/plugin-transform-private-methods", { "loose": false }]
to the "plugins" section of your Babel config.

If you already set the same 'loose' mode for these plugins in your config, it's possible that they are enabled multiple times with different options.
You can re-run Babel with the BABEL_SHOW_CONFIG_FOR environment variable to show the loaded configuration:
	npx cross-env BABEL_SHOW_CONFIG_FOR=/Users/Ajaya/Documents/TizenGitTVApp/node_modules/@mui/material/Input/inputClasses.js <your build command>
See https://babeljs.io/docs/configuration#print-effective-configs for more info.
Though the "loose" option was set to "true" in your @babel/preset-env config, it will not be used for @babel/plugin-transform-private-property-in-object since the "loose" mode option was set to "false" for @babel/plugin-transform-class-properties.
The "loose" option must be the same for @babel/plugin-transform-class-properties, @babel/plugin-transform-private-methods and @babel/plugin-transform-private-property-in-object (when they are enabled): you can silence this warning by explicitly adding
	["@babel/plugin-transform-private-property-in-object", { "loose": false }]
to the "plugins" section of your Babel config.

If you already set the same 'loose' mode for these plugins in your config, it's possible that they are enabled multiple times with different options.
You can re-run Babel with the BABEL_SHOW_CONFIG_FOR environment variable to show the loaded configuration:
	npx cross-env BABEL_SHOW_CONFIG_FOR=/Users/Ajaya/Documents/TizenGitTVApp/node_modules/@mui/material/Input/Input.js <your build command>
See https://babeljs.io/docs/configuration#print-effective-configs for more info.
Though the "loose" option was set to "true" in your @babel/preset-env config, it will not be used for @babel/plugin-transform-private-methods since the "loose" mode option was set to "false" for @babel/plugin-transform-private-property-in-object.
The "loose" option must be the same for @babel/plugin-transform-class-properties, @babel/plugin-transform-private-methods and @babel/plugin-transform-private-property-in-object (when they are enabled): you can silence this warning by explicitly adding
	["@babel/plugin-transform-private-methods", { "loose": false }]
to the "plugins" section of your Babel config.

If you already set the same 'loose' mode for these plugins in your config, it's possible that they are enabled multiple times with different options.
You can re-run Babel with the BABEL_SHOW_CONFIG_FOR environment variable to show the loaded configuration:
	npx cross-env BABEL_SHOW_CONFIG_FOR=/Users/Ajaya/Documents/TizenGitTVApp/node_modules/@mui/material/Input/Input.js <your build command>
See https://babeljs.io/docs/configuration#print-effective-configs for more info.
Though the "loose" option was set to "true" in your @babel/preset-env config, it will not be used for @babel/plugin-transform-private-property-in-object since the "loose" mode option was set to "false" for @babel/plugin-transform-class-properties.
The "loose" option must be the same for @babel/plugin-transform-class-properties, @babel/plugin-transform-private-methods and @babel/plugin-transform-private-property-in-object (when they are enabled): you can silence this warning by explicitly adding
	["@babel/plugin-transform-private-property-in-object", { "loose": false }]
to the "plugins" section of your Babel config.

If you already set the same 'loose' mode for these plugins in your config, it's possible that they are enabled multiple times with different options.
You can re-run Babel with the BABEL_SHOW_CONFIG_FOR environment variable to show the loaded configuration:
	npx cross-env BABEL_SHOW_CONFIG_FOR=/Users/Ajaya/Documents/TizenGitTVApp/node_modules/@mui/utils/unsupportedProp/unsupportedProp.js <your build command>
See https://babeljs.io/docs/configuration#print-effective-configs for more info.
Though the "loose" option was set to "true" in your @babel/preset-env config, it will not be used for @babel/plugin-transform-private-methods since the "loose" mode option was set to "false" for @babel/plugin-transform-private-property-in-object.
The "loose" option must be the same for @babel/plugin-transform-class-properties, @babel/plugin-transform-private-methods and @babel/plugin-transform-private-property-in-object (when they are enabled): you can silence this warning by explicitly adding
	["@babel/plugin-transform-private-methods", { "loose": false }]
to the "plugins" section of your Babel config.

If you already set the same 'loose' mode for these plugins in your config, it's possible that they are enabled multiple times with different options.
You can re-run Babel with the BABEL_SHOW_CONFIG_FOR environment variable to show the loaded configuration:
	npx cross-env BABEL_SHOW_CONFIG_FOR=/Users/Ajaya/Documents/TizenGitTVApp/node_modules/@mui/utils/unsupportedProp/unsupportedProp.js <your build command>
See https://babeljs.io/docs/configuration#print-effective-configs for more info.
Though the "loose" option was set to "true" in your @babel/preset-env config, it will not be used for @babel/plugin-transform-private-property-in-object since the "loose" mode option was set to "false" for @babel/plugin-transform-class-properties.
The "loose" option must be the same for @babel/plugin-transform-class-properties, @babel/plugin-transform-private-methods and @babel/plugin-transform-private-property-in-object (when they are enabled): you can silence this warning by explicitly adding
	["@babel/plugin-transform-private-property-in-object", { "loose": false }]
to the "plugins" section of your Babel config.

If you already set the same 'loose' mode for these plugins in your config, it's possible that they are enabled multiple times with different options.
You can re-run Babel with the BABEL_SHOW_CONFIG_FOR environment variable to show the loaded configuration:
	npx cross-env BABEL_SHOW_CONFIG_FOR=/Users/Ajaya/Documents/TizenGitTVApp/node_modules/@mui/material/ButtonBase/touchRippleClasses.js <your build command>
See https://babeljs.io/docs/configuration#print-effective-configs for more info.
Though the "loose" option was set to "true" in your @babel/preset-env config, it will not be used for @babel/plugin-transform-private-methods since the "loose" mode option was set to "false" for @babel/plugin-transform-private-property-in-object.
The "loose" option must be the same for @babel/plugin-transform-class-properties, @babel/plugin-transform-private-methods and @babel/plugin-transform-private-property-in-object (when they are enabled): you can silence this warning by explicitly adding
	["@babel/plugin-transform-private-methods", { "loose": false }]
to the "plugins" section of your Babel config.

If you already set the same 'loose' mode for these plugins in your config, it's possible that they are enabled multiple times with different options.
You can re-run Babel with the BABEL_SHOW_CONFIG_FOR environment variable to show the loaded configuration:
	npx cross-env BABEL_SHOW_CONFIG_FOR=/Users/Ajaya/Documents/TizenGitTVApp/node_modules/@mui/material/ButtonBase/touchRippleClasses.js <your build command>
See https://babeljs.io/docs/configuration#print-effective-configs for more info.
Though the "loose" option was set to "true" in your @babel/preset-env config, it will not be used for @babel/plugin-transform-private-property-in-object since the "loose" mode option was set to "false" for @babel/plugin-transform-class-properties.
The "loose" option must be the same for @babel/plugin-transform-class-properties, @babel/plugin-transform-private-methods and @babel/plugin-transform-private-property-in-object (when they are enabled): you can silence this warning by explicitly adding
	["@babel/plugin-transform-private-property-in-object", { "loose": false }]
to the "plugins" section of your Babel config.

If you already set the same 'loose' mode for these plugins in your config, it's possible that they are enabled multiple times with different options.
You can re-run Babel with the BABEL_SHOW_CONFIG_FOR environment variable to show the loaded configuration:
	npx cross-env BABEL_SHOW_CONFIG_FOR=/Users/Ajaya/Documents/TizenGitTVApp/node_modules/@mui/material/ButtonBase/buttonBaseClasses.js <your build command>
See https://babeljs.io/docs/configuration#print-effective-configs for more info.
Though the "loose" option was set to "true" in your @babel/preset-env config, it will not be used for @babel/plugin-transform-private-methods since the "loose" mode option was set to "false" for @babel/plugin-transform-private-property-in-object.
The "loose" option must be the same for @babel/plugin-transform-class-properties, @babel/plugin-transform-private-methods and @babel/plugin-transform-private-property-in-object (when they are enabled): you can silence this warning by explicitly adding
	["@babel/plugin-transform-private-methods", { "loose": false }]
to the "plugins" section of your Babel config.

If you already set the same 'loose' mode for these plugins in your config, it's possible that they are enabled multiple times with different options.
You can re-run Babel with the BABEL_SHOW_CONFIG_FOR environment variable to show the loaded configuration:
	npx cross-env BABEL_SHOW_CONFIG_FOR=/Users/Ajaya/Documents/TizenGitTVApp/node_modules/@mui/material/ButtonBase/buttonBaseClasses.js <your build command>
See https://babeljs.io/docs/configuration#print-effective-configs for more info.
Though the "loose" option was set to "true" in your @babel/preset-env config, it will not be used for @babel/plugin-transform-private-property-in-object since the "loose" mode option was set to "false" for @babel/plugin-transform-class-properties.
The "loose" option must be the same for @babel/plugin-transform-class-properties, @babel/plugin-transform-private-methods and @babel/plugin-transform-private-property-in-object (when they are enabled): you can silence this warning by explicitly adding
	["@babel/plugin-transform-private-property-in-object", { "loose": false }]
to the "plugins" section of your Babel config.

If you already set the same 'loose' mode for these plugins in your config, it's possible that they are enabled multiple times with different options.
You can re-run Babel with the BABEL_SHOW_CONFIG_FOR environment variable to show the loaded configuration:
	npx cross-env BABEL_SHOW_CONFIG_FOR=/Users/Ajaya/Documents/TizenGitTVApp/node_modules/@mui/material/ButtonBase/ButtonBase.js <your build command>
See https://babeljs.io/docs/configuration#print-effective-configs for more info.
Though the "loose" option was set to "true" in your @babel/preset-env config, it will not be used for @babel/plugin-transform-private-methods since the "loose" mode option was set to "false" for @babel/plugin-transform-private-property-in-object.
The "loose" option must be the same for @babel/plugin-transform-class-properties, @babel/plugin-transform-private-methods and @babel/plugin-transform-private-property-in-object (when they are enabled): you can silence this warning by explicitly adding
	["@babel/plugin-transform-private-methods", { "loose": false }]
to the "plugins" section of your Babel config.

If you already set the same 'loose' mode for these plugins in your config, it's possible that they are enabled multiple times with different options.
You can re-run Babel with the BABEL_SHOW_CONFIG_FOR environment variable to show the loaded configuration:
	npx cross-env BABEL_SHOW_CONFIG_FOR=/Users/Ajaya/Documents/TizenGitTVApp/node_modules/@mui/material/ButtonBase/ButtonBase.js <your build command>
See https://babeljs.io/docs/configuration#print-effective-configs for more info.
Though the "loose" option was set to "true" in your @babel/preset-env config, it will not be used for @babel/plugin-transform-private-property-in-object since the "loose" mode option was set to "false" for @babel/plugin-transform-class-properties.
The "loose" option must be the same for @babel/plugin-transform-class-properties, @babel/plugin-transform-private-methods and @babel/plugin-transform-private-property-in-object (when they are enabled): you can silence this warning by explicitly adding
	["@babel/plugin-transform-private-property-in-object", { "loose": false }]
to the "plugins" section of your Babel config.

If you already set the same 'loose' mode for these plugins in your config, it's possible that they are enabled multiple times with different options.
You can re-run Babel with the BABEL_SHOW_CONFIG_FOR environment variable to show the loaded configuration:
	npx cross-env BABEL_SHOW_CONFIG_FOR=/Users/Ajaya/Documents/TizenGitTVApp/node_modules/@mui/material/LinearProgress/linearProgressClasses.js <your build command>
See https://babeljs.io/docs/configuration#print-effective-configs for more info.
Though the "loose" option was set to "true" in your @babel/preset-env config, it will not be used for @babel/plugin-transform-private-methods since the "loose" mode option was set to "false" for @babel/plugin-transform-private-property-in-object.
The "loose" option must be the same for @babel/plugin-transform-class-properties, @babel/plugin-transform-private-methods and @babel/plugin-transform-private-property-in-object (when they are enabled): you can silence this warning by explicitly adding
	["@babel/plugin-transform-private-methods", { "loose": false }]
to the "plugins" section of your Babel config.

If you already set the same 'loose' mode for these plugins in your config, it's possible that they are enabled multiple times with different options.
You can re-run Babel with the BABEL_SHOW_CONFIG_FOR environment variable to show the loaded configuration:
	npx cross-env BABEL_SHOW_CONFIG_FOR=/Users/Ajaya/Documents/TizenGitTVApp/node_modules/@mui/material/LinearProgress/linearProgressClasses.js <your build command>
See https://babeljs.io/docs/configuration#print-effective-configs for more info.
Though the "loose" option was set to "true" in your @babel/preset-env config, it will not be used for @babel/plugin-transform-private-property-in-object since the "loose" mode option was set to "false" for @babel/plugin-transform-class-properties.
The "loose" option must be the same for @babel/plugin-transform-class-properties, @babel/plugin-transform-private-methods and @babel/plugin-transform-private-property-in-object (when they are enabled): you can silence this warning by explicitly adding
	["@babel/plugin-transform-private-property-in-object", { "loose": false }]
to the "plugins" section of your Babel config.

If you already set the same 'loose' mode for these plugins in your config, it's possible that they are enabled multiple times with different options.
You can re-run Babel with the BABEL_SHOW_CONFIG_FOR environment variable to show the loaded configuration:
	npx cross-env BABEL_SHOW_CONFIG_FOR=/Users/Ajaya/Documents/TizenGitTVApp/node_modules/@mui/utils/useSlotProps/useSlotProps.js <your build command>
See https://babeljs.io/docs/configuration#print-effective-configs for more info.
Though the "loose" option was set to "true" in your @babel/preset-env config, it will not be used for @babel/plugin-transform-private-methods since the "loose" mode option was set to "false" for @babel/plugin-transform-private-property-in-object.
The "loose" option must be the same for @babel/plugin-transform-class-properties, @babel/plugin-transform-private-methods and @babel/plugin-transform-private-property-in-object (when they are enabled): you can silence this warning by explicitly adding
	["@babel/plugin-transform-private-methods", { "loose": false }]
to the "plugins" section of your Babel config.

If you already set the same 'loose' mode for these plugins in your config, it's possible that they are enabled multiple times with different options.
You can re-run Babel with the BABEL_SHOW_CONFIG_FOR environment variable to show the loaded configuration:
	npx cross-env BABEL_SHOW_CONFIG_FOR=/Users/Ajaya/Documents/TizenGitTVApp/node_modules/@mui/utils/useSlotProps/useSlotProps.js <your build command>
See https://babeljs.io/docs/configuration#print-effective-configs for more info.
Though the "loose" option was set to "true" in your @babel/preset-env config, it will not be used for @babel/plugin-transform-private-property-in-object since the "loose" mode option was set to "false" for @babel/plugin-transform-class-properties.
The "loose" option must be the same for @babel/plugin-transform-class-properties, @babel/plugin-transform-private-methods and @babel/plugin-transform-private-property-in-object (when they are enabled): you can silence this warning by explicitly adding
	["@babel/plugin-transform-private-property-in-object", { "loose": false }]
to the "plugins" section of your Babel config.

If you already set the same 'loose' mode for these plugins in your config, it's possible that they are enabled multiple times with different options.
You can re-run Babel with the BABEL_SHOW_CONFIG_FOR environment variable to show the loaded configuration:
	npx cross-env BABEL_SHOW_CONFIG_FOR=/Users/Ajaya/Documents/TizenGitTVApp/node_modules/@mui/material/Divider/dividerClasses.js <your build command>
See https://babeljs.io/docs/configuration#print-effective-configs for more info.
Though the "loose" option was set to "true" in your @babel/preset-env config, it will not be used for @babel/plugin-transform-private-methods since the "loose" mode option was set to "false" for @babel/plugin-transform-private-property-in-object.
The "loose" option must be the same for @babel/plugin-transform-class-properties, @babel/plugin-transform-private-methods and @babel/plugin-transform-private-property-in-object (when they are enabled): you can silence this warning by explicitly adding
	["@babel/plugin-transform-private-methods", { "loose": false }]
to the "plugins" section of your Babel config.

If you already set the same 'loose' mode for these plugins in your config, it's possible that they are enabled multiple times with different options.
You can re-run Babel with the BABEL_SHOW_CONFIG_FOR environment variable to show the loaded configuration:
	npx cross-env BABEL_SHOW_CONFIG_FOR=/Users/Ajaya/Documents/TizenGitTVApp/node_modules/@mui/material/Divider/dividerClasses.js <your build command>
See https://babeljs.io/docs/configuration#print-effective-configs for more info.
Though the "loose" option was set to "true" in your @babel/preset-env config, it will not be used for @babel/plugin-transform-private-property-in-object since the "loose" mode option was set to "false" for @babel/plugin-transform-class-properties.
The "loose" option must be the same for @babel/plugin-transform-class-properties, @babel/plugin-transform-private-methods and @babel/plugin-transform-private-property-in-object (when they are enabled): you can silence this warning by explicitly adding
	["@babel/plugin-transform-private-property-in-object", { "loose": false }]
to the "plugins" section of your Babel config.

If you already set the same 'loose' mode for these plugins in your config, it's possible that they are enabled multiple times with different options.
You can re-run Babel with the BABEL_SHOW_CONFIG_FOR environment variable to show the loaded configuration:
	npx cross-env BABEL_SHOW_CONFIG_FOR=/Users/Ajaya/Documents/TizenGitTVApp/node_modules/@mui/material/LinearProgress/LinearProgress.js <your build command>
See https://babeljs.io/docs/configuration#print-effective-configs for more info.
Though the "loose" option was set to "true" in your @babel/preset-env config, it will not be used for @babel/plugin-transform-private-methods since the "loose" mode option was set to "false" for @babel/plugin-transform-private-property-in-object.
The "loose" option must be the same for @babel/plugin-transform-class-properties, @babel/plugin-transform-private-methods and @babel/plugin-transform-private-property-in-object (when they are enabled): you can silence this warning by explicitly adding
	["@babel/plugin-transform-private-methods", { "loose": false }]
to the "plugins" section of your Babel config.

If you already set the same 'loose' mode for these plugins in your config, it's possible that they are enabled multiple times with different options.
You can re-run Babel with the BABEL_SHOW_CONFIG_FOR environment variable to show the loaded configuration:
	npx cross-env BABEL_SHOW_CONFIG_FOR=/Users/Ajaya/Documents/TizenGitTVApp/node_modules/@mui/material/LinearProgress/LinearProgress.js <your build command>
See https://babeljs.io/docs/configuration#print-effective-configs for more info.
Though the "loose" option was set to "true" in your @babel/preset-env config, it will not be used for @babel/plugin-transform-private-property-in-object since the "loose" mode option was set to "false" for @babel/plugin-transform-class-properties.
The "loose" option must be the same for @babel/plugin-transform-class-properties, @babel/plugin-transform-private-methods and @babel/plugin-transform-private-property-in-object (when they are enabled): you can silence this warning by explicitly adding
	["@babel/plugin-transform-private-property-in-object", { "loose": false }]
to the "plugins" section of your Babel config.

If you already set the same 'loose' mode for these plugins in your config, it's possible that they are enabled multiple times with different options.
You can re-run Babel with the BABEL_SHOW_CONFIG_FOR environment variable to show the loaded configuration:
	npx cross-env BABEL_SHOW_CONFIG_FOR=/Users/Ajaya/Documents/TizenGitTVApp/node_modules/@mui/material/Divider/Divider.js <your build command>
See https://babeljs.io/docs/configuration#print-effective-configs for more info.
Though the "loose" option was set to "true" in your @babel/preset-env config, it will not be used for @babel/plugin-transform-private-methods since the "loose" mode option was set to "false" for @babel/plugin-transform-private-property-in-object.
The "loose" option must be the same for @babel/plugin-transform-class-properties, @babel/plugin-transform-private-methods and @babel/plugin-transform-private-property-in-object (when they are enabled): you can silence this warning by explicitly adding
	["@babel/plugin-transform-private-methods", { "loose": false }]
to the "plugins" section of your Babel config.

If you already set the same 'loose' mode for these plugins in your config, it's possible that they are enabled multiple times with different options.
You can re-run Babel with the BABEL_SHOW_CONFIG_FOR environment variable to show the loaded configuration:
	npx cross-env BABEL_SHOW_CONFIG_FOR=/Users/Ajaya/Documents/TizenGitTVApp/node_modules/@mui/material/Divider/Divider.js <your build command>
See https://babeljs.io/docs/configuration#print-effective-configs for more info.
Though the "loose" option was set to "true" in your @babel/preset-env config, it will not be used for @babel/plugin-transform-private-property-in-object since the "loose" mode option was set to "false" for @babel/plugin-transform-class-properties.
The "loose" option must be the same for @babel/plugin-transform-class-properties, @babel/plugin-transform-private-methods and @babel/plugin-transform-private-property-in-object (when they are enabled): you can silence this warning by explicitly adding
	["@babel/plugin-transform-private-property-in-object", { "loose": false }]
to the "plugins" section of your Babel config.

If you already set the same 'loose' mode for these plugins in your config, it's possible that they are enabled multiple times with different options.
You can re-run Babel with the BABEL_SHOW_CONFIG_FOR environment variable to show the loaded configuration:
	npx cross-env BABEL_SHOW_CONFIG_FOR=/Users/Ajaya/Documents/TizenGitTVApp/node_modules/@mui/material/ListItemText/listItemTextClasses.js <your build command>
See https://babeljs.io/docs/configuration#print-effective-configs for more info.
Though the "loose" option was set to "true" in your @babel/preset-env config, it will not be used for @babel/plugin-transform-private-methods since the "loose" mode option was set to "false" for @babel/plugin-transform-private-property-in-object.
The "loose" option must be the same for @babel/plugin-transform-class-properties, @babel/plugin-transform-private-methods and @babel/plugin-transform-private-property-in-object (when they are enabled): you can silence this warning by explicitly adding
	["@babel/plugin-transform-private-methods", { "loose": false }]
to the "plugins" section of your Babel config.

If you already set the same 'loose' mode for these plugins in your config, it's possible that they are enabled multiple times with different options.
You can re-run Babel with the BABEL_SHOW_CONFIG_FOR environment variable to show the loaded configuration:
	npx cross-env BABEL_SHOW_CONFIG_FOR=/Users/Ajaya/Documents/TizenGitTVApp/node_modules/@mui/material/ListItemText/listItemTextClasses.js <your build command>
See https://babeljs.io/docs/configuration#print-effective-configs for more info.
Though the "loose" option was set to "true" in your @babel/preset-env config, it will not be used for @babel/plugin-transform-private-property-in-object since the "loose" mode option was set to "false" for @babel/plugin-transform-class-properties.
The "loose" option must be the same for @babel/plugin-transform-class-properties, @babel/plugin-transform-private-methods and @babel/plugin-transform-private-property-in-object (when they are enabled): you can silence this warning by explicitly adding
	["@babel/plugin-transform-private-property-in-object", { "loose": false }]
to the "plugins" section of your Babel config.

If you already set the same 'loose' mode for these plugins in your config, it's possible that they are enabled multiple times with different options.
You can re-run Babel with the BABEL_SHOW_CONFIG_FOR environment variable to show the loaded configuration:
	npx cross-env BABEL_SHOW_CONFIG_FOR=/Users/Ajaya/Documents/TizenGitTVApp/node_modules/@mui/utils/elementTypeAcceptingRef/index.js <your build command>
See https://babeljs.io/docs/configuration#print-effective-configs for more info.
Though the "loose" option was set to "true" in your @babel/preset-env config, it will not be used for @babel/plugin-transform-private-methods since the "loose" mode option was set to "false" for @babel/plugin-transform-private-property-in-object.
The "loose" option must be the same for @babel/plugin-transform-class-properties, @babel/plugin-transform-private-methods and @babel/plugin-transform-private-property-in-object (when they are enabled): you can silence this warning by explicitly adding
	["@babel/plugin-transform-private-methods", { "loose": false }]
to the "plugins" section of your Babel config.

If you already set the same 'loose' mode for these plugins in your config, it's possible that they are enabled multiple times with different options.
You can re-run Babel with the BABEL_SHOW_CONFIG_FOR environment variable to show the loaded configuration:
	npx cross-env BABEL_SHOW_CONFIG_FOR=/Users/Ajaya/Documents/TizenGitTVApp/node_modules/@mui/utils/elementTypeAcceptingRef/index.js <your build command>
See https://babeljs.io/docs/configuration#print-effective-configs for more info.
Though the "loose" option was set to "true" in your @babel/preset-env config, it will not be used for @babel/plugin-transform-private-property-in-object since the "loose" mode option was set to "false" for @babel/plugin-transform-class-properties.
The "loose" option must be the same for @babel/plugin-transform-class-properties, @babel/plugin-transform-private-methods and @babel/plugin-transform-private-property-in-object (when they are enabled): you can silence this warning by explicitly adding
	["@babel/plugin-transform-private-property-in-object", { "loose": false }]
to the "plugins" section of your Babel config.

If you already set the same 'loose' mode for these plugins in your config, it's possible that they are enabled multiple times with different options.
You can re-run Babel with the BABEL_SHOW_CONFIG_FOR environment variable to show the loaded configuration:
	npx cross-env BABEL_SHOW_CONFIG_FOR=/Users/Ajaya/Documents/TizenGitTVApp/node_modules/@mui/material/ListItemText/ListItemText.js <your build command>
See https://babeljs.io/docs/configuration#print-effective-configs for more info.
Though the "loose" option was set to "true" in your @babel/preset-env config, it will not be used for @babel/plugin-transform-private-methods since the "loose" mode option was set to "false" for @babel/plugin-transform-private-property-in-object.
The "loose" option must be the same for @babel/plugin-transform-class-properties, @babel/plugin-transform-private-methods and @babel/plugin-transform-private-property-in-object (when they are enabled): you can silence this warning by explicitly adding
	["@babel/plugin-transform-private-methods", { "loose": false }]
to the "plugins" section of your Babel config.

If you already set the same 'loose' mode for these plugins in your config, it's possible that they are enabled multiple times with different options.
You can re-run Babel with the BABEL_SHOW_CONFIG_FOR environment variable to show the loaded configuration:
	npx cross-env BABEL_SHOW_CONFIG_FOR=/Users/Ajaya/Documents/TizenGitTVApp/node_modules/@mui/material/ListItemText/ListItemText.js <your build command>
See https://babeljs.io/docs/configuration#print-effective-configs for more info.
Though the "loose" option was set to "true" in your @babel/preset-env config, it will not be used for @babel/plugin-transform-private-property-in-object since the "loose" mode option was set to "false" for @babel/plugin-transform-class-properties.
The "loose" option must be the same for @babel/plugin-transform-class-properties, @babel/plugin-transform-private-methods and @babel/plugin-transform-private-property-in-object (when they are enabled): you can silence this warning by explicitly adding
	["@babel/plugin-transform-private-property-in-object", { "loose": false }]
to the "plugins" section of your Babel config.

If you already set the same 'loose' mode for these plugins in your config, it's possible that they are enabled multiple times with different options.
You can re-run Babel with the BABEL_SHOW_CONFIG_FOR environment variable to show the loaded configuration:
	npx cross-env BABEL_SHOW_CONFIG_FOR=/Users/Ajaya/Documents/TizenGitTVApp/node_modules/@mui/system/sizing/index.js <your build command>
See https://babeljs.io/docs/configuration#print-effective-configs for more info.
Though the "loose" option was set to "true" in your @babel/preset-env config, it will not be used for @babel/plugin-transform-private-methods since the "loose" mode option was set to "false" for @babel/plugin-transform-private-property-in-object.
The "loose" option must be the same for @babel/plugin-transform-class-properties, @babel/plugin-transform-private-methods and @babel/plugin-transform-private-property-in-object (when they are enabled): you can silence this warning by explicitly adding
	["@babel/plugin-transform-private-methods", { "loose": false }]
to the "plugins" section of your Babel config.

If you already set the same 'loose' mode for these plugins in your config, it's possible that they are enabled multiple times with different options.
You can re-run Babel with the BABEL_SHOW_CONFIG_FOR environment variable to show the loaded configuration:
	npx cross-env BABEL_SHOW_CONFIG_FOR=/Users/Ajaya/Documents/TizenGitTVApp/node_modules/@mui/system/sizing/index.js <your build command>
See https://babeljs.io/docs/configuration#print-effective-configs for more info.
Though the "loose" option was set to "true" in your @babel/preset-env config, it will not be used for @babel/plugin-transform-private-property-in-object since the "loose" mode option was set to "false" for @babel/plugin-transform-class-properties.
The "loose" option must be the same for @babel/plugin-transform-class-properties, @babel/plugin-transform-private-methods and @babel/plugin-transform-private-property-in-object (when they are enabled): you can silence this warning by explicitly adding
	["@babel/plugin-transform-private-property-in-object", { "loose": false }]
to the "plugins" section of your Babel config.

If you already set the same 'loose' mode for these plugins in your config, it's possible that they are enabled multiple times with different options.
You can re-run Babel with the BABEL_SHOW_CONFIG_FOR environment variable to show the loaded configuration:
	npx cross-env BABEL_SHOW_CONFIG_FOR=/Users/Ajaya/Documents/TizenGitTVApp/node_modules/@mui/utils/useEnhancedEffect/useEnhancedEffect.js <your build command>
See https://babeljs.io/docs/configuration#print-effective-configs for more info.
Though the "loose" option was set to "true" in your @babel/preset-env config, it will not be used for @babel/plugin-transform-private-methods since the "loose" mode option was set to "false" for @babel/plugin-transform-private-property-in-object.
The "loose" option must be the same for @babel/plugin-transform-class-properties, @babel/plugin-transform-private-methods and @babel/plugin-transform-private-property-in-object (when they are enabled): you can silence this warning by explicitly adding
	["@babel/plugin-transform-private-methods", { "loose": false }]
to the "plugins" section of your Babel config.

If you already set the same 'loose' mode for these plugins in your config, it's possible that they are enabled multiple times with different options.
You can re-run Babel with the BABEL_SHOW_CONFIG_FOR environment variable to show the loaded configuration:
	npx cross-env BABEL_SHOW_CONFIG_FOR=/Users/Ajaya/Documents/TizenGitTVApp/node_modules/@mui/utils/useEnhancedEffect/useEnhancedEffect.js <your build command>
See https://babeljs.io/docs/configuration#print-effective-configs for more info.
Though the "loose" option was set to "true" in your @babel/preset-env config, it will not be used for @babel/plugin-transform-private-property-in-object since the "loose" mode option was set to "false" for @babel/plugin-transform-class-properties.
The "loose" option must be the same for @babel/plugin-transform-class-properties, @babel/plugin-transform-private-methods and @babel/plugin-transform-private-property-in-object (when they are enabled): you can silence this warning by explicitly adding
	["@babel/plugin-transform-private-property-in-object", { "loose": false }]
to the "plugins" section of your Babel config.

If you already set the same 'loose' mode for these plugins in your config, it's possible that they are enabled multiple times with different options.
You can re-run Babel with the BABEL_SHOW_CONFIG_FOR environment variable to show the loaded configuration:
	npx cross-env BABEL_SHOW_CONFIG_FOR=/Users/Ajaya/Documents/TizenGitTVApp/node_modules/@mui/system/style/index.js <your build command>
See https://babeljs.io/docs/configuration#print-effective-configs for more info.
Though the "loose" option was set to "true" in your @babel/preset-env config, it will not be used for @babel/plugin-transform-private-methods since the "loose" mode option was set to "false" for @babel/plugin-transform-private-property-in-object.
The "loose" option must be the same for @babel/plugin-transform-class-properties, @babel/plugin-transform-private-methods and @babel/plugin-transform-private-property-in-object (when they are enabled): you can silence this warning by explicitly adding
	["@babel/plugin-transform-private-methods", { "loose": false }]
to the "plugins" section of your Babel config.

If you already set the same 'loose' mode for these plugins in your config, it's possible that they are enabled multiple times with different options.
You can re-run Babel with the BABEL_SHOW_CONFIG_FOR environment variable to show the loaded configuration:
	npx cross-env BABEL_SHOW_CONFIG_FOR=/Users/Ajaya/Documents/TizenGitTVApp/node_modules/@mui/system/style/index.js <your build command>
See https://babeljs.io/docs/configuration#print-effective-configs for more info.
Though the "loose" option was set to "true" in your @babel/preset-env config, it will not be used for @babel/plugin-transform-private-property-in-object since the "loose" mode option was set to "false" for @babel/plugin-transform-class-properties.
The "loose" option must be the same for @babel/plugin-transform-class-properties, @babel/plugin-transform-private-methods and @babel/plugin-transform-private-property-in-object (when they are enabled): you can silence this warning by explicitly adding
	["@babel/plugin-transform-private-property-in-object", { "loose": false }]
to the "plugins" section of your Babel config.

If you already set the same 'loose' mode for these plugins in your config, it's possible that they are enabled multiple times with different options.
You can re-run Babel with the BABEL_SHOW_CONFIG_FOR environment variable to show the loaded configuration:
	npx cross-env BABEL_SHOW_CONFIG_FOR=/Users/Ajaya/Documents/TizenGitTVApp/node_modules/@mui/system/spacing/index.js <your build command>
See https://babeljs.io/docs/configuration#print-effective-configs for more info.
Though the "loose" option was set to "true" in your @babel/preset-env config, it will not be used for @babel/plugin-transform-private-methods since the "loose" mode option was set to "false" for @babel/plugin-transform-private-property-in-object.
The "loose" option must be the same for @babel/plugin-transform-class-properties, @babel/plugin-transform-private-methods and @babel/plugin-transform-private-property-in-object (when they are enabled): you can silence this warning by explicitly adding
	["@babel/plugin-transform-private-methods", { "loose": false }]
to the "plugins" section of your Babel config.

If you already set the same 'loose' mode for these plugins in your config, it's possible that they are enabled multiple times with different options.
You can re-run Babel with the BABEL_SHOW_CONFIG_FOR environment variable to show the loaded configuration:
	npx cross-env BABEL_SHOW_CONFIG_FOR=/Users/Ajaya/Documents/TizenGitTVApp/node_modules/@mui/system/spacing/index.js <your build command>
See https://babeljs.io/docs/configuration#print-effective-configs for more info.
Though the "loose" option was set to "true" in your @babel/preset-env config, it will not be used for @babel/plugin-transform-private-property-in-object since the "loose" mode option was set to "false" for @babel/plugin-transform-class-properties.
The "loose" option must be the same for @babel/plugin-transform-class-properties, @babel/plugin-transform-private-methods and @babel/plugin-transform-private-property-in-object (when they are enabled): you can silence this warning by explicitly adding
	["@babel/plugin-transform-private-property-in-object", { "loose": false }]
to the "plugins" section of your Babel config.

If you already set the same 'loose' mode for these plugins in your config, it's possible that they are enabled multiple times with different options.
You can re-run Babel with the BABEL_SHOW_CONFIG_FOR environment variable to show the loaded configuration:
	npx cross-env BABEL_SHOW_CONFIG_FOR=/Users/Ajaya/Documents/TizenGitTVApp/node_modules/@mui/utils/formatMuiErrorMessage/index.js <your build command>
See https://babeljs.io/docs/configuration#print-effective-configs for more info.
Though the "loose" option was set to "true" in your @babel/preset-env config, it will not be used for @babel/plugin-transform-private-methods since the "loose" mode option was set to "false" for @babel/plugin-transform-private-property-in-object.
The "loose" option must be the same for @babel/plugin-transform-class-properties, @babel/plugin-transform-private-methods and @babel/plugin-transform-private-property-in-object (when they are enabled): you can silence this warning by explicitly adding
	["@babel/plugin-transform-private-methods", { "loose": false }]
to the "plugins" section of your Babel config.

If you already set the same 'loose' mode for these plugins in your config, it's possible that they are enabled multiple times with different options.
You can re-run Babel with the BABEL_SHOW_CONFIG_FOR environment variable to show the loaded configuration:
	npx cross-env BABEL_SHOW_CONFIG_FOR=/Users/Ajaya/Documents/TizenGitTVApp/node_modules/@mui/utils/formatMuiErrorMessage/index.js <your build command>
See https://babeljs.io/docs/configuration#print-effective-configs for more info.
Though the "loose" option was set to "true" in your @babel/preset-env config, it will not be used for @babel/plugin-transform-private-property-in-object since the "loose" mode option was set to "false" for @babel/plugin-transform-class-properties.
The "loose" option must be the same for @babel/plugin-transform-class-properties, @babel/plugin-transform-private-methods and @babel/plugin-transform-private-property-in-object (when they are enabled): you can silence this warning by explicitly adding
	["@babel/plugin-transform-private-property-in-object", { "loose": false }]
to the "plugins" section of your Babel config.

If you already set the same 'loose' mode for these plugins in your config, it's possible that they are enabled multiple times with different options.
You can re-run Babel with the BABEL_SHOW_CONFIG_FOR environment variable to show the loaded configuration:
	npx cross-env BABEL_SHOW_CONFIG_FOR=/Users/Ajaya/Documents/TizenGitTVApp/node_modules/@mui/material/styles/makeStyles.js <your build command>
See https://babeljs.io/docs/configuration#print-effective-configs for more info.
Though the "loose" option was set to "true" in your @babel/preset-env config, it will not be used for @babel/plugin-transform-private-methods since the "loose" mode option was set to "false" for @babel/plugin-transform-private-property-in-object.
The "loose" option must be the same for @babel/plugin-transform-class-properties, @babel/plugin-transform-private-methods and @babel/plugin-transform-private-property-in-object (when they are enabled): you can silence this warning by explicitly adding
	["@babel/plugin-transform-private-methods", { "loose": false }]
to the "plugins" section of your Babel config.

If you already set the same 'loose' mode for these plugins in your config, it's possible that they are enabled multiple times with different options.
You can re-run Babel with the BABEL_SHOW_CONFIG_FOR environment variable to show the loaded configuration:
	npx cross-env BABEL_SHOW_CONFIG_FOR=/Users/Ajaya/Documents/TizenGitTVApp/node_modules/@mui/material/styles/makeStyles.js <your build command>
See https://babeljs.io/docs/configuration#print-effective-configs for more info.
Though the "loose" option was set to "true" in your @babel/preset-env config, it will not be used for @babel/plugin-transform-private-property-in-object since the "loose" mode option was set to "false" for @babel/plugin-transform-class-properties.
The "loose" option must be the same for @babel/plugin-transform-class-properties, @babel/plugin-transform-private-methods and @babel/plugin-transform-private-property-in-object (when they are enabled): you can silence this warning by explicitly adding
	["@babel/plugin-transform-private-property-in-object", { "loose": false }]
to the "plugins" section of your Babel config.

If you already set the same 'loose' mode for these plugins in your config, it's possible that they are enabled multiple times with different options.
You can re-run Babel with the BABEL_SHOW_CONFIG_FOR environment variable to show the loaded configuration:
	npx cross-env BABEL_SHOW_CONFIG_FOR=/Users/Ajaya/Documents/TizenGitTVApp/node_modules/@mui/material/styles/withStyles.js <your build command>
See https://babeljs.io/docs/configuration#print-effective-configs for more info.
Though the "loose" option was set to "true" in your @babel/preset-env config, it will not be used for @babel/plugin-transform-private-methods since the "loose" mode option was set to "false" for @babel/plugin-transform-private-property-in-object.
The "loose" option must be the same for @babel/plugin-transform-class-properties, @babel/plugin-transform-private-methods and @babel/plugin-transform-private-property-in-object (when they are enabled): you can silence this warning by explicitly adding
	["@babel/plugin-transform-private-methods", { "loose": false }]
to the "plugins" section of your Babel config.

If you already set the same 'loose' mode for these plugins in your config, it's possible that they are enabled multiple times with different options.
You can re-run Babel with the BABEL_SHOW_CONFIG_FOR environment variable to show the loaded configuration:
	npx cross-env BABEL_SHOW_CONFIG_FOR=/Users/Ajaya/Documents/TizenGitTVApp/node_modules/@mui/material/styles/withStyles.js <your build command>
See https://babeljs.io/docs/configuration#print-effective-configs for more info.
Though the "loose" option was set to "true" in your @babel/preset-env config, it will not be used for @babel/plugin-transform-private-property-in-object since the "loose" mode option was set to "false" for @babel/plugin-transform-class-properties.
The "loose" option must be the same for @babel/plugin-transform-class-properties, @babel/plugin-transform-private-methods and @babel/plugin-transform-private-property-in-object (when they are enabled): you can silence this warning by explicitly adding
	["@babel/plugin-transform-private-property-in-object", { "loose": false }]
to the "plugins" section of your Babel config.

If you already set the same 'loose' mode for these plugins in your config, it's possible that they are enabled multiple times with different options.
You can re-run Babel with the BABEL_SHOW_CONFIG_FOR environment variable to show the loaded configuration:
	npx cross-env BABEL_SHOW_CONFIG_FOR=/Users/Ajaya/Documents/TizenGitTVApp/node_modules/@mui/system/typography/index.js <your build command>
See https://babeljs.io/docs/configuration#print-effective-configs for more info.
Though the "loose" option was set to "true" in your @babel/preset-env config, it will not be used for @babel/plugin-transform-private-methods since the "loose" mode option was set to "false" for @babel/plugin-transform-private-property-in-object.
The "loose" option must be the same for @babel/plugin-transform-class-properties, @babel/plugin-transform-private-methods and @babel/plugin-transform-private-property-in-object (when they are enabled): you can silence this warning by explicitly adding
	["@babel/plugin-transform-private-methods", { "loose": false }]
to the "plugins" section of your Babel config.

If you already set the same 'loose' mode for these plugins in your config, it's possible that they are enabled multiple times with different options.
You can re-run Babel with the BABEL_SHOW_CONFIG_FOR environment variable to show the loaded configuration:
	npx cross-env BABEL_SHOW_CONFIG_FOR=/Users/Ajaya/Documents/TizenGitTVApp/node_modules/@mui/system/typography/index.js <your build command>
See https://babeljs.io/docs/configuration#print-effective-configs for more info.
Though the "loose" option was set to "true" in your @babel/preset-env config, it will not be used for @babel/plugin-transform-private-property-in-object since the "loose" mode option was set to "false" for @babel/plugin-transform-class-properties.
The "loose" option must be the same for @babel/plugin-transform-class-properties, @babel/plugin-transform-private-methods and @babel/plugin-transform-private-property-in-object (when they are enabled): you can silence this warning by explicitly adding
	["@babel/plugin-transform-private-property-in-object", { "loose": false }]
to the "plugins" section of your Babel config.

If you already set the same 'loose' mode for these plugins in your config, it's possible that they are enabled multiple times with different options.
You can re-run Babel with the BABEL_SHOW_CONFIG_FOR environment variable to show the loaded configuration:
	npx cross-env BABEL_SHOW_CONFIG_FOR=/Users/Ajaya/Documents/TizenGitTVApp/node_modules/@mui/system/shadows/index.js <your build command>
See https://babeljs.io/docs/configuration#print-effective-configs for more info.
Though the "loose" option was set to "true" in your @babel/preset-env config, it will not be used for @babel/plugin-transform-private-methods since the "loose" mode option was set to "false" for @babel/plugin-transform-private-property-in-object.
The "loose" option must be the same for @babel/plugin-transform-class-properties, @babel/plugin-transform-private-methods and @babel/plugin-transform-private-property-in-object (when they are enabled): you can silence this warning by explicitly adding
	["@babel/plugin-transform-private-methods", { "loose": false }]
to the "plugins" section of your Babel config.

If you already set the same 'loose' mode for these plugins in your config, it's possible that they are enabled multiple times with different options.
You can re-run Babel with the BABEL_SHOW_CONFIG_FOR environment variable to show the loaded configuration:
	npx cross-env BABEL_SHOW_CONFIG_FOR=/Users/Ajaya/Documents/TizenGitTVApp/node_modules/@mui/system/shadows/index.js <your build command>
See https://babeljs.io/docs/configuration#print-effective-configs for more info.
Though the "loose" option was set to "true" in your @babel/preset-env config, it will not be used for @babel/plugin-transform-private-property-in-object since the "loose" mode option was set to "false" for @babel/plugin-transform-class-properties.
The "loose" option must be the same for @babel/plugin-transform-class-properties, @babel/plugin-transform-private-methods and @babel/plugin-transform-private-property-in-object (when they are enabled): you can silence this warning by explicitly adding
	["@babel/plugin-transform-private-property-in-object", { "loose": false }]
to the "plugins" section of your Babel config.

If you already set the same 'loose' mode for these plugins in your config, it's possible that they are enabled multiple times with different options.
You can re-run Babel with the BABEL_SHOW_CONFIG_FOR environment variable to show the loaded configuration:
	npx cross-env BABEL_SHOW_CONFIG_FOR=/Users/Ajaya/Documents/TizenGitTVApp/node_modules/@mui/system/positions/index.js <your build command>
See https://babeljs.io/docs/configuration#print-effective-configs for more info.
Though the "loose" option was set to "true" in your @babel/preset-env config, it will not be used for @babel/plugin-transform-private-methods since the "loose" mode option was set to "false" for @babel/plugin-transform-private-property-in-object.
The "loose" option must be the same for @babel/plugin-transform-class-properties, @babel/plugin-transform-private-methods and @babel/plugin-transform-private-property-in-object (when they are enabled): you can silence this warning by explicitly adding
	["@babel/plugin-transform-private-methods", { "loose": false }]
to the "plugins" section of your Babel config.

If you already set the same 'loose' mode for these plugins in your config, it's possible that they are enabled multiple times with different options.
You can re-run Babel with the BABEL_SHOW_CONFIG_FOR environment variable to show the loaded configuration:
	npx cross-env BABEL_SHOW_CONFIG_FOR=/Users/Ajaya/Documents/TizenGitTVApp/node_modules/@mui/system/positions/index.js <your build command>
See https://babeljs.io/docs/configuration#print-effective-configs for more info.
Though the "loose" option was set to "true" in your @babel/preset-env config, it will not be used for @babel/plugin-transform-private-property-in-object since the "loose" mode option was set to "false" for @babel/plugin-transform-class-properties.
The "loose" option must be the same for @babel/plugin-transform-class-properties, @babel/plugin-transform-private-methods and @babel/plugin-transform-private-property-in-object (when they are enabled): you can silence this warning by explicitly adding
	["@babel/plugin-transform-private-property-in-object", { "loose": false }]
to the "plugins" section of your Babel config.

If you already set the same 'loose' mode for these plugins in your config, it's possible that they are enabled multiple times with different options.
You can re-run Babel with the BABEL_SHOW_CONFIG_FOR environment variable to show the loaded configuration:
	npx cross-env BABEL_SHOW_CONFIG_FOR=/Users/Ajaya/Documents/TizenGitTVApp/node_modules/@mui/material/styles/ThemeProvider.js <your build command>
See https://babeljs.io/docs/configuration#print-effective-configs for more info.
Though the "loose" option was set to "true" in your @babel/preset-env config, it will not be used for @babel/plugin-transform-private-methods since the "loose" mode option was set to "false" for @babel/plugin-transform-private-property-in-object.
The "loose" option must be the same for @babel/plugin-transform-class-properties, @babel/plugin-transform-private-methods and @babel/plugin-transform-private-property-in-object (when they are enabled): you can silence this warning by explicitly adding
	["@babel/plugin-transform-private-methods", { "loose": false }]
to the "plugins" section of your Babel config.

If you already set the same 'loose' mode for these plugins in your config, it's possible that they are enabled multiple times with different options.
You can re-run Babel with the BABEL_SHOW_CONFIG_FOR environment variable to show the loaded configuration:
	npx cross-env BABEL_SHOW_CONFIG_FOR=/Users/Ajaya/Documents/TizenGitTVApp/node_modules/@mui/material/styles/ThemeProvider.js <your build command>
See https://babeljs.io/docs/configuration#print-effective-configs for more info.
Though the "loose" option was set to "true" in your @babel/preset-env config, it will not be used for @babel/plugin-transform-private-property-in-object since the "loose" mode option was set to "false" for @babel/plugin-transform-class-properties.
The "loose" option must be the same for @babel/plugin-transform-class-properties, @babel/plugin-transform-private-methods and @babel/plugin-transform-private-property-in-object (when they are enabled): you can silence this warning by explicitly adding
	["@babel/plugin-transform-private-property-in-object", { "loose": false }]
to the "plugins" section of your Babel config.

If you already set the same 'loose' mode for these plugins in your config, it's possible that they are enabled multiple times with different options.
You can re-run Babel with the BABEL_SHOW_CONFIG_FOR environment variable to show the loaded configuration:
	npx cross-env BABEL_SHOW_CONFIG_FOR=/Users/Ajaya/Documents/TizenGitTVApp/node_modules/@mui/material/styles/useThemeProps.js <your build command>
See https://babeljs.io/docs/configuration#print-effective-configs for more info.
Though the "loose" option was set to "true" in your @babel/preset-env config, it will not be used for @babel/plugin-transform-private-methods since the "loose" mode option was set to "false" for @babel/plugin-transform-private-property-in-object.
The "loose" option must be the same for @babel/plugin-transform-class-properties, @babel/plugin-transform-private-methods and @babel/plugin-transform-private-property-in-object (when they are enabled): you can silence this warning by explicitly adding
	["@babel/plugin-transform-private-methods", { "loose": false }]
to the "plugins" section of your Babel config.

If you already set the same 'loose' mode for these plugins in your config, it's possible that they are enabled multiple times with different options.
You can re-run Babel with the BABEL_SHOW_CONFIG_FOR environment variable to show the loaded configuration:
	npx cross-env BABEL_SHOW_CONFIG_FOR=/Users/Ajaya/Documents/TizenGitTVApp/node_modules/@mui/material/styles/useThemeProps.js <your build command>
See https://babeljs.io/docs/configuration#print-effective-configs for more info.
Though the "loose" option was set to "true" in your @babel/preset-env config, it will not be used for @babel/plugin-transform-private-property-in-object since the "loose" mode option was set to "false" for @babel/plugin-transform-class-properties.
The "loose" option must be the same for @babel/plugin-transform-class-properties, @babel/plugin-transform-private-methods and @babel/plugin-transform-private-property-in-object (when they are enabled): you can silence this warning by explicitly adding
	["@babel/plugin-transform-private-property-in-object", { "loose": false }]
to the "plugins" section of your Babel config.

If you already set the same 'loose' mode for these plugins in your config, it's possible that they are enabled multiple times with different options.
You can re-run Babel with the BABEL_SHOW_CONFIG_FOR environment variable to show the loaded configuration:
	npx cross-env BABEL_SHOW_CONFIG_FOR=/Users/Ajaya/Documents/TizenGitTVApp/node_modules/@mui/material/styles/createColorScheme.js <your build command>
See https://babeljs.io/docs/configuration#print-effective-configs for more info.
Though the "loose" option was set to "true" in your @babel/preset-env config, it will not be used for @babel/plugin-transform-private-methods since the "loose" mode option was set to "false" for @babel/plugin-transform-private-property-in-object.
The "loose" option must be the same for @babel/plugin-transform-class-properties, @babel/plugin-transform-private-methods and @babel/plugin-transform-private-property-in-object (when they are enabled): you can silence this warning by explicitly adding
	["@babel/plugin-transform-private-methods", { "loose": false }]
to the "plugins" section of your Babel config.

If you already set the same 'loose' mode for these plugins in your config, it's possible that they are enabled multiple times with different options.
You can re-run Babel with the BABEL_SHOW_CONFIG_FOR environment variable to show the loaded configuration:
	npx cross-env BABEL_SHOW_CONFIG_FOR=/Users/Ajaya/Documents/TizenGitTVApp/node_modules/@mui/material/styles/createColorScheme.js <your build command>
See https://babeljs.io/docs/configuration#print-effective-configs for more info.
Though the "loose" option was set to "true" in your @babel/preset-env config, it will not be used for @babel/plugin-transform-private-property-in-object since the "loose" mode option was set to "false" for @babel/plugin-transform-class-properties.
The "loose" option must be the same for @babel/plugin-transform-class-properties, @babel/plugin-transform-private-methods and @babel/plugin-transform-private-property-in-object (when they are enabled): you can silence this warning by explicitly adding
	["@babel/plugin-transform-private-property-in-object", { "loose": false }]
to the "plugins" section of your Babel config.

If you already set the same 'loose' mode for these plugins in your config, it's possible that they are enabled multiple times with different options.
You can re-run Babel with the BABEL_SHOW_CONFIG_FOR environment variable to show the loaded configuration:
	npx cross-env BABEL_SHOW_CONFIG_FOR=/Users/Ajaya/Documents/TizenGitTVApp/node_modules/@mui/utils/ClassNameGenerator/ClassNameGenerator.js <your build command>
See https://babeljs.io/docs/configuration#print-effective-configs for more info.
Though the "loose" option was set to "true" in your @babel/preset-env config, it will not be used for @babel/plugin-transform-private-methods since the "loose" mode option was set to "false" for @babel/plugin-transform-private-property-in-object.
The "loose" option must be the same for @babel/plugin-transform-class-properties, @babel/plugin-transform-private-methods and @babel/plugin-transform-private-property-in-object (when they are enabled): you can silence this warning by explicitly adding
	["@babel/plugin-transform-private-methods", { "loose": false }]
to the "plugins" section of your Babel config.

If you already set the same 'loose' mode for these plugins in your config, it's possible that they are enabled multiple times with different options.
You can re-run Babel with the BABEL_SHOW_CONFIG_FOR environment variable to show the loaded configuration:
	npx cross-env BABEL_SHOW_CONFIG_FOR=/Users/Ajaya/Documents/TizenGitTVApp/node_modules/@mui/utils/ClassNameGenerator/ClassNameGenerator.js <your build command>
See https://babeljs.io/docs/configuration#print-effective-configs for more info.
Though the "loose" option was set to "true" in your @babel/preset-env config, it will not be used for @babel/plugin-transform-private-property-in-object since the "loose" mode option was set to "false" for @babel/plugin-transform-class-properties.
The "loose" option must be the same for @babel/plugin-transform-class-properties, @babel/plugin-transform-private-methods and @babel/plugin-transform-private-property-in-object (when they are enabled): you can silence this warning by explicitly adding
	["@babel/plugin-transform-private-property-in-object", { "loose": false }]
to the "plugins" section of your Babel config.

If you already set the same 'loose' mode for these plugins in your config, it's possible that they are enabled multiple times with different options.
You can re-run Babel with the BABEL_SHOW_CONFIG_FOR environment variable to show the loaded configuration:
	npx cross-env BABEL_SHOW_CONFIG_FOR=/Users/Ajaya/Documents/TizenGitTVApp/node_modules/@mui/material/styles/createTransitions.js <your build command>
See https://babeljs.io/docs/configuration#print-effective-configs for more info.
Though the "loose" option was set to "true" in your @babel/preset-env config, it will not be used for @babel/plugin-transform-private-methods since the "loose" mode option was set to "false" for @babel/plugin-transform-private-property-in-object.
The "loose" option must be the same for @babel/plugin-transform-class-properties, @babel/plugin-transform-private-methods and @babel/plugin-transform-private-property-in-object (when they are enabled): you can silence this warning by explicitly adding
	["@babel/plugin-transform-private-methods", { "loose": false }]
to the "plugins" section of your Babel config.

If you already set the same 'loose' mode for these plugins in your config, it's possible that they are enabled multiple times with different options.
You can re-run Babel with the BABEL_SHOW_CONFIG_FOR environment variable to show the loaded configuration:
	npx cross-env BABEL_SHOW_CONFIG_FOR=/Users/Ajaya/Documents/TizenGitTVApp/node_modules/@mui/material/styles/createTransitions.js <your build command>
See https://babeljs.io/docs/configuration#print-effective-configs for more info.
Though the "loose" option was set to "true" in your @babel/preset-env config, it will not be used for @babel/plugin-transform-private-property-in-object since the "loose" mode option was set to "false" for @babel/plugin-transform-class-properties.
The "loose" option must be the same for @babel/plugin-transform-class-properties, @babel/plugin-transform-private-methods and @babel/plugin-transform-private-property-in-object (when they are enabled): you can silence this warning by explicitly adding
	["@babel/plugin-transform-private-property-in-object", { "loose": false }]
to the "plugins" section of your Babel config.

If you already set the same 'loose' mode for these plugins in your config, it's possible that they are enabled multiple times with different options.
You can re-run Babel with the BABEL_SHOW_CONFIG_FOR environment variable to show the loaded configuration:
	npx cross-env BABEL_SHOW_CONFIG_FOR=/Users/Ajaya/Documents/TizenGitTVApp/node_modules/@mui/utils/isMuiElement/isMuiElement.js <your build command>
See https://babeljs.io/docs/configuration#print-effective-configs for more info.
Though the "loose" option was set to "true" in your @babel/preset-env config, it will not be used for @babel/plugin-transform-private-methods since the "loose" mode option was set to "false" for @babel/plugin-transform-private-property-in-object.
The "loose" option must be the same for @babel/plugin-transform-class-properties, @babel/plugin-transform-private-methods and @babel/plugin-transform-private-property-in-object (when they are enabled): you can silence this warning by explicitly adding
	["@babel/plugin-transform-private-methods", { "loose": false }]
to the "plugins" section of your Babel config.

If you already set the same 'loose' mode for these plugins in your config, it's possible that they are enabled multiple times with different options.
You can re-run Babel with the BABEL_SHOW_CONFIG_FOR environment variable to show the loaded configuration:
	npx cross-env BABEL_SHOW_CONFIG_FOR=/Users/Ajaya/Documents/TizenGitTVApp/node_modules/@mui/utils/isMuiElement/isMuiElement.js <your build command>
See https://babeljs.io/docs/configuration#print-effective-configs for more info.
Though the "loose" option was set to "true" in your @babel/preset-env config, it will not be used for @babel/plugin-transform-private-property-in-object since the "loose" mode option was set to "false" for @babel/plugin-transform-class-properties.
The "loose" option must be the same for @babel/plugin-transform-class-properties, @babel/plugin-transform-private-methods and @babel/plugin-transform-private-property-in-object (when they are enabled): you can silence this warning by explicitly adding
	["@babel/plugin-transform-private-property-in-object", { "loose": false }]
to the "plugins" section of your Babel config.

If you already set the same 'loose' mode for these plugins in your config, it's possible that they are enabled multiple times with different options.
You can re-run Babel with the BABEL_SHOW_CONFIG_FOR environment variable to show the loaded configuration:
	npx cross-env BABEL_SHOW_CONFIG_FOR=/Users/Ajaya/Documents/TizenGitTVApp/node_modules/@mui/material/styles/responsiveFontSizes.js <your build command>
See https://babeljs.io/docs/configuration#print-effective-configs for more info.
Though the "loose" option was set to "true" in your @babel/preset-env config, it will not be used for @babel/plugin-transform-private-methods since the "loose" mode option was set to "false" for @babel/plugin-transform-private-property-in-object.
The "loose" option must be the same for @babel/plugin-transform-class-properties, @babel/plugin-transform-private-methods and @babel/plugin-transform-private-property-in-object (when they are enabled): you can silence this warning by explicitly adding
	["@babel/plugin-transform-private-methods", { "loose": false }]
to the "plugins" section of your Babel config.

If you already set the same 'loose' mode for these plugins in your config, it's possible that they are enabled multiple times with different options.
You can re-run Babel with the BABEL_SHOW_CONFIG_FOR environment variable to show the loaded configuration:
	npx cross-env BABEL_SHOW_CONFIG_FOR=/Users/Ajaya/Documents/TizenGitTVApp/node_modules/@mui/material/styles/responsiveFontSizes.js <your build command>
See https://babeljs.io/docs/configuration#print-effective-configs for more info.
Though the "loose" option was set to "true" in your @babel/preset-env config, it will not be used for @babel/plugin-transform-private-property-in-object since the "loose" mode option was set to "false" for @babel/plugin-transform-class-properties.
The "loose" option must be the same for @babel/plugin-transform-class-properties, @babel/plugin-transform-private-methods and @babel/plugin-transform-private-property-in-object (when they are enabled): you can silence this warning by explicitly adding
	["@babel/plugin-transform-private-property-in-object", { "loose": false }]
to the "plugins" section of your Babel config.

If you already set the same 'loose' mode for these plugins in your config, it's possible that they are enabled multiple times with different options.
You can re-run Babel with the BABEL_SHOW_CONFIG_FOR environment variable to show the loaded configuration:
	npx cross-env BABEL_SHOW_CONFIG_FOR=/Users/Ajaya/Documents/TizenGitTVApp/node_modules/@mui/system/DefaultPropsProvider/index.js <your build command>
See https://babeljs.io/docs/configuration#print-effective-configs for more info.
Though the "loose" option was set to "true" in your @babel/preset-env config, it will not be used for @babel/plugin-transform-private-methods since the "loose" mode option was set to "false" for @babel/plugin-transform-private-property-in-object.
The "loose" option must be the same for @babel/plugin-transform-class-properties, @babel/plugin-transform-private-methods and @babel/plugin-transform-private-property-in-object (when they are enabled): you can silence this warning by explicitly adding
	["@babel/plugin-transform-private-methods", { "loose": false }]
to the "plugins" section of your Babel config.

If you already set the same 'loose' mode for these plugins in your config, it's possible that they are enabled multiple times with different options.
You can re-run Babel with the BABEL_SHOW_CONFIG_FOR environment variable to show the loaded configuration:
	npx cross-env BABEL_SHOW_CONFIG_FOR=/Users/Ajaya/Documents/TizenGitTVApp/node_modules/@mui/system/DefaultPropsProvider/index.js <your build command>
See https://babeljs.io/docs/configuration#print-effective-configs for more info.
Though the "loose" option was set to "true" in your @babel/preset-env config, it will not be used for @babel/plugin-transform-private-property-in-object since the "loose" mode option was set to "false" for @babel/plugin-transform-class-properties.
The "loose" option must be the same for @babel/plugin-transform-class-properties, @babel/plugin-transform-private-methods and @babel/plugin-transform-private-property-in-object (when they are enabled): you can silence this warning by explicitly adding
	["@babel/plugin-transform-private-property-in-object", { "loose": false }]
to the "plugins" section of your Babel config.

If you already set the same 'loose' mode for these plugins in your config, it's possible that they are enabled multiple times with different options.
You can re-run Babel with the BABEL_SHOW_CONFIG_FOR environment variable to show the loaded configuration:
	npx cross-env BABEL_SHOW_CONFIG_FOR=/Users/Ajaya/Documents/TizenGitTVApp/node_modules/@mui/utils/extractEventHandlers/extractEventHandlers.js <your build command>
See https://babeljs.io/docs/configuration#print-effective-configs for more info.
Though the "loose" option was set to "true" in your @babel/preset-env config, it will not be used for @babel/plugin-transform-private-methods since the "loose" mode option was set to "false" for @babel/plugin-transform-private-property-in-object.
The "loose" option must be the same for @babel/plugin-transform-class-properties, @babel/plugin-transform-private-methods and @babel/plugin-transform-private-property-in-object (when they are enabled): you can silence this warning by explicitly adding
	["@babel/plugin-transform-private-methods", { "loose": false }]
to the "plugins" section of your Babel config.

If you already set the same 'loose' mode for these plugins in your config, it's possible that they are enabled multiple times with different options.
You can re-run Babel with the BABEL_SHOW_CONFIG_FOR environment variable to show the loaded configuration:
	npx cross-env BABEL_SHOW_CONFIG_FOR=/Users/Ajaya/Documents/TizenGitTVApp/node_modules/@mui/utils/extractEventHandlers/extractEventHandlers.js <your build command>
See https://babeljs.io/docs/configuration#print-effective-configs for more info.
Though the "loose" option was set to "true" in your @babel/preset-env config, it will not be used for @babel/plugin-transform-private-property-in-object since the "loose" mode option was set to "false" for @babel/plugin-transform-class-properties.
The "loose" option must be the same for @babel/plugin-transform-class-properties, @babel/plugin-transform-private-methods and @babel/plugin-transform-private-property-in-object (when they are enabled): you can silence this warning by explicitly adding
	["@babel/plugin-transform-private-property-in-object", { "loose": false }]
to the "plugins" section of your Babel config.

If you already set the same 'loose' mode for these plugins in your config, it's possible that they are enabled multiple times with different options.
You can re-run Babel with the BABEL_SHOW_CONFIG_FOR environment variable to show the loaded configuration:
	npx cross-env BABEL_SHOW_CONFIG_FOR=/Users/Ajaya/Documents/TizenGitTVApp/node_modules/@mui/system/Grid/deleteLegacyGridProps.js <your build command>
See https://babeljs.io/docs/configuration#print-effective-configs for more info.
Though the "loose" option was set to "true" in your @babel/preset-env config, it will not be used for @babel/plugin-transform-private-methods since the "loose" mode option was set to "false" for @babel/plugin-transform-private-property-in-object.
The "loose" option must be the same for @babel/plugin-transform-class-properties, @babel/plugin-transform-private-methods and @babel/plugin-transform-private-property-in-object (when they are enabled): you can silence this warning by explicitly adding
	["@babel/plugin-transform-private-methods", { "loose": false }]
to the "plugins" section of your Babel config.

If you already set the same 'loose' mode for these plugins in your config, it's possible that they are enabled multiple times with different options.
You can re-run Babel with the BABEL_SHOW_CONFIG_FOR environment variable to show the loaded configuration:
	npx cross-env BABEL_SHOW_CONFIG_FOR=/Users/Ajaya/Documents/TizenGitTVApp/node_modules/@mui/system/Grid/deleteLegacyGridProps.js <your build command>
See https://babeljs.io/docs/configuration#print-effective-configs for more info.
Though the "loose" option was set to "true" in your @babel/preset-env config, it will not be used for @babel/plugin-transform-private-property-in-object since the "loose" mode option was set to "false" for @babel/plugin-transform-class-properties.
The "loose" option must be the same for @babel/plugin-transform-class-properties, @babel/plugin-transform-private-methods and @babel/plugin-transform-private-property-in-object (when they are enabled): you can silence this warning by explicitly adding
	["@babel/plugin-transform-private-property-in-object", { "loose": false }]
to the "plugins" section of your Babel config.

If you already set the same 'loose' mode for these plugins in your config, it's possible that they are enabled multiple times with different options.
You can re-run Babel with the BABEL_SHOW_CONFIG_FOR environment variable to show the loaded configuration:
	npx cross-env BABEL_SHOW_CONFIG_FOR=/Users/Ajaya/Documents/TizenGitTVApp/node_modules/@mui/system/Grid/gridGenerator.js <your build command>
See https://babeljs.io/docs/configuration#print-effective-configs for more info.
Though the "loose" option was set to "true" in your @babel/preset-env config, it will not be used for @babel/plugin-transform-private-methods since the "loose" mode option was set to "false" for @babel/plugin-transform-private-property-in-object.
The "loose" option must be the same for @babel/plugin-transform-class-properties, @babel/plugin-transform-private-methods and @babel/plugin-transform-private-property-in-object (when they are enabled): you can silence this warning by explicitly adding
	["@babel/plugin-transform-private-methods", { "loose": false }]
to the "plugins" section of your Babel config.

If you already set the same 'loose' mode for these plugins in your config, it's possible that they are enabled multiple times with different options.
You can re-run Babel with the BABEL_SHOW_CONFIG_FOR environment variable to show the loaded configuration:
	npx cross-env BABEL_SHOW_CONFIG_FOR=/Users/Ajaya/Documents/TizenGitTVApp/node_modules/@mui/system/Grid/gridGenerator.js <your build command>
See https://babeljs.io/docs/configuration#print-effective-configs for more info.
Though the "loose" option was set to "true" in your @babel/preset-env config, it will not be used for @babel/plugin-transform-private-property-in-object since the "loose" mode option was set to "false" for @babel/plugin-transform-class-properties.
The "loose" option must be the same for @babel/plugin-transform-class-properties, @babel/plugin-transform-private-methods and @babel/plugin-transform-private-property-in-object (when they are enabled): you can silence this warning by explicitly adding
	["@babel/plugin-transform-private-property-in-object", { "loose": false }]
to the "plugins" section of your Babel config.

If you already set the same 'loose' mode for these plugins in your config, it's possible that they are enabled multiple times with different options.
You can re-run Babel with the BABEL_SHOW_CONFIG_FOR environment variable to show the loaded configuration:
	npx cross-env BABEL_SHOW_CONFIG_FOR=/Users/Ajaya/Documents/TizenGitTVApp/node_modules/@mui/utils/refType/refType.js <your build command>
See https://babeljs.io/docs/configuration#print-effective-configs for more info.
Though the "loose" option was set to "true" in your @babel/preset-env config, it will not be used for @babel/plugin-transform-private-methods since the "loose" mode option was set to "false" for @babel/plugin-transform-private-property-in-object.
The "loose" option must be the same for @babel/plugin-transform-class-properties, @babel/plugin-transform-private-methods and @babel/plugin-transform-private-property-in-object (when they are enabled): you can silence this warning by explicitly adding
	["@babel/plugin-transform-private-methods", { "loose": false }]
to the "plugins" section of your Babel config.

If you already set the same 'loose' mode for these plugins in your config, it's possible that they are enabled multiple times with different options.
You can re-run Babel with the BABEL_SHOW_CONFIG_FOR environment variable to show the loaded configuration:
	npx cross-env BABEL_SHOW_CONFIG_FOR=/Users/Ajaya/Documents/TizenGitTVApp/node_modules/@mui/utils/refType/refType.js <your build command>
See https://babeljs.io/docs/configuration#print-effective-configs for more info.
Though the "loose" option was set to "true" in your @babel/preset-env config, it will not be used for @babel/plugin-transform-private-property-in-object since the "loose" mode option was set to "false" for @babel/plugin-transform-class-properties.
The "loose" option must be the same for @babel/plugin-transform-class-properties, @babel/plugin-transform-private-methods and @babel/plugin-transform-private-property-in-object (when they are enabled): you can silence this warning by explicitly adding
	["@babel/plugin-transform-private-property-in-object", { "loose": false }]
to the "plugins" section of your Babel config.

If you already set the same 'loose' mode for these plugins in your config, it's possible that they are enabled multiple times with different options.
You can re-run Babel with the BABEL_SHOW_CONFIG_FOR environment variable to show the loaded configuration:
	npx cross-env BABEL_SHOW_CONFIG_FOR=/Users/Ajaya/Documents/TizenGitTVApp/node_modules/@mui/material/styles/createMuiStrictModeTheme.js <your build command>
See https://babeljs.io/docs/configuration#print-effective-configs for more info.
Though the "loose" option was set to "true" in your @babel/preset-env config, it will not be used for @babel/plugin-transform-private-methods since the "loose" mode option was set to "false" for @babel/plugin-transform-private-property-in-object.
The "loose" option must be the same for @babel/plugin-transform-class-properties, @babel/plugin-transform-private-methods and @babel/plugin-transform-private-property-in-object (when they are enabled): you can silence this warning by explicitly adding
	["@babel/plugin-transform-private-methods", { "loose": false }]
to the "plugins" section of your Babel config.

If you already set the same 'loose' mode for these plugins in your config, it's possible that they are enabled multiple times with different options.
You can re-run Babel with the BABEL_SHOW_CONFIG_FOR environment variable to show the loaded configuration:
	npx cross-env BABEL_SHOW_CONFIG_FOR=/Users/Ajaya/Documents/TizenGitTVApp/node_modules/@mui/material/styles/createMuiStrictModeTheme.js <your build command>
See https://babeljs.io/docs/configuration#print-effective-configs for more info.
Though the "loose" option was set to "true" in your @babel/preset-env config, it will not be used for @babel/plugin-transform-private-property-in-object since the "loose" mode option was set to "false" for @babel/plugin-transform-class-properties.
The "loose" option must be the same for @babel/plugin-transform-class-properties, @babel/plugin-transform-private-methods and @babel/plugin-transform-private-property-in-object (when they are enabled): you can silence this warning by explicitly adding
	["@babel/plugin-transform-private-property-in-object", { "loose": false }]
to the "plugins" section of your Babel config.

If you already set the same 'loose' mode for these plugins in your config, it's possible that they are enabled multiple times with different options.
You can re-run Babel with the BABEL_SHOW_CONFIG_FOR environment variable to show the loaded configuration:
	npx cross-env BABEL_SHOW_CONFIG_FOR=/Users/Ajaya/Documents/TizenGitTVApp/node_modules/@mui/material/styles/cssUtils.js <your build command>
See https://babeljs.io/docs/configuration#print-effective-configs for more info.
Though the "loose" option was set to "true" in your @babel/preset-env config, it will not be used for @babel/plugin-transform-private-methods since the "loose" mode option was set to "false" for @babel/plugin-transform-private-property-in-object.
The "loose" option must be the same for @babel/plugin-transform-class-properties, @babel/plugin-transform-private-methods and @babel/plugin-transform-private-property-in-object (when they are enabled): you can silence this warning by explicitly adding
	["@babel/plugin-transform-private-methods", { "loose": false }]
to the "plugins" section of your Babel config.

If you already set the same 'loose' mode for these plugins in your config, it's possible that they are enabled multiple times with different options.
You can re-run Babel with the BABEL_SHOW_CONFIG_FOR environment variable to show the loaded configuration:
	npx cross-env BABEL_SHOW_CONFIG_FOR=/Users/Ajaya/Documents/TizenGitTVApp/node_modules/@mui/material/styles/cssUtils.js <your build command>
See https://babeljs.io/docs/configuration#print-effective-configs for more info.
Though the "loose" option was set to "true" in your @babel/preset-env config, it will not be used for @babel/plugin-transform-private-property-in-object since the "loose" mode option was set to "false" for @babel/plugin-transform-class-properties.
The "loose" option must be the same for @babel/plugin-transform-class-properties, @babel/plugin-transform-private-methods and @babel/plugin-transform-private-property-in-object (when they are enabled): you can silence this warning by explicitly adding
	["@babel/plugin-transform-private-property-in-object", { "loose": false }]
to the "plugins" section of your Babel config.

If you already set the same 'loose' mode for these plugins in your config, it's possible that they are enabled multiple times with different options.
You can re-run Babel with the BABEL_SHOW_CONFIG_FOR environment variable to show the loaded configuration:
	npx cross-env BABEL_SHOW_CONFIG_FOR=/Users/Ajaya/Documents/TizenGitTVApp/node_modules/@mui/material/styles/createTheme.js <your build command>
See https://babeljs.io/docs/configuration#print-effective-configs for more info.
Though the "loose" option was set to "true" in your @babel/preset-env config, it will not be used for @babel/plugin-transform-private-methods since the "loose" mode option was set to "false" for @babel/plugin-transform-private-property-in-object.
The "loose" option must be the same for @babel/plugin-transform-class-properties, @babel/plugin-transform-private-methods and @babel/plugin-transform-private-property-in-object (when they are enabled): you can silence this warning by explicitly adding
	["@babel/plugin-transform-private-methods", { "loose": false }]
to the "plugins" section of your Babel config.

If you already set the same 'loose' mode for these plugins in your config, it's possible that they are enabled multiple times with different options.
You can re-run Babel with the BABEL_SHOW_CONFIG_FOR environment variable to show the loaded configuration:
	npx cross-env BABEL_SHOW_CONFIG_FOR=/Users/Ajaya/Documents/TizenGitTVApp/node_modules/@mui/material/styles/createTheme.js <your build command>
See https://babeljs.io/docs/configuration#print-effective-configs for more info.
Though the "loose" option was set to "true" in your @babel/preset-env config, it will not be used for @babel/plugin-transform-private-property-in-object since the "loose" mode option was set to "false" for @babel/plugin-transform-class-properties.
The "loose" option must be the same for @babel/plugin-transform-class-properties, @babel/plugin-transform-private-methods and @babel/plugin-transform-private-property-in-object (when they are enabled): you can silence this warning by explicitly adding
	["@babel/plugin-transform-private-property-in-object", { "loose": false }]
to the "plugins" section of your Babel config.

If you already set the same 'loose' mode for these plugins in your config, it's possible that they are enabled multiple times with different options.
You can re-run Babel with the BABEL_SHOW_CONFIG_FOR environment variable to show the loaded configuration:
	npx cross-env BABEL_SHOW_CONFIG_FOR=/Users/Ajaya/Documents/TizenGitTVApp/node_modules/@mui/material/styles/createStyles.js <your build command>
See https://babeljs.io/docs/configuration#print-effective-configs for more info.
Though the "loose" option was set to "true" in your @babel/preset-env config, it will not be used for @babel/plugin-transform-private-methods since the "loose" mode option was set to "false" for @babel/plugin-transform-private-property-in-object.
The "loose" option must be the same for @babel/plugin-transform-class-properties, @babel/plugin-transform-private-methods and @babel/plugin-transform-private-property-in-object (when they are enabled): you can silence this warning by explicitly adding
	["@babel/plugin-transform-private-methods", { "loose": false }]
to the "plugins" section of your Babel config.

If you already set the same 'loose' mode for these plugins in your config, it's possible that they are enabled multiple times with different options.
You can re-run Babel with the BABEL_SHOW_CONFIG_FOR environment variable to show the loaded configuration:
	npx cross-env BABEL_SHOW_CONFIG_FOR=/Users/Ajaya/Documents/TizenGitTVApp/node_modules/@mui/material/styles/createStyles.js <your build command>
See https://babeljs.io/docs/configuration#print-effective-configs for more info.
Though the "loose" option was set to "true" in your @babel/preset-env config, it will not be used for @babel/plugin-transform-private-property-in-object since the "loose" mode option was set to "false" for @babel/plugin-transform-class-properties.
The "loose" option must be the same for @babel/plugin-transform-class-properties, @babel/plugin-transform-private-methods and @babel/plugin-transform-private-property-in-object (when they are enabled): you can silence this warning by explicitly adding
	["@babel/plugin-transform-private-property-in-object", { "loose": false }]
to the "plugins" section of your Babel config.

If you already set the same 'loose' mode for these plugins in your config, it's possible that they are enabled multiple times with different options.
You can re-run Babel with the BABEL_SHOW_CONFIG_FOR environment variable to show the loaded configuration:
	npx cross-env BABEL_SHOW_CONFIG_FOR=/Users/Ajaya/Documents/TizenGitTVApp/node_modules/@mui/material/styles/adaptV4Theme.js <your build command>
See https://babeljs.io/docs/configuration#print-effective-configs for more info.
Though the "loose" option was set to "true" in your @babel/preset-env config, it will not be used for @babel/plugin-transform-private-methods since the "loose" mode option was set to "false" for @babel/plugin-transform-private-property-in-object.
The "loose" option must be the same for @babel/plugin-transform-class-properties, @babel/plugin-transform-private-methods and @babel/plugin-transform-private-property-in-object (when they are enabled): you can silence this warning by explicitly adding
	["@babel/plugin-transform-private-methods", { "loose": false }]
to the "plugins" section of your Babel config.

If you already set the same 'loose' mode for these plugins in your config, it's possible that they are enabled multiple times with different options.
You can re-run Babel with the BABEL_SHOW_CONFIG_FOR environment variable to show the loaded configuration:
	npx cross-env BABEL_SHOW_CONFIG_FOR=/Users/Ajaya/Documents/TizenGitTVApp/node_modules/@mui/material/styles/adaptV4Theme.js <your build command>
See https://babeljs.io/docs/configuration#print-effective-configs for more info.
Though the "loose" option was set to "true" in your @babel/preset-env config, it will not be used for @babel/plugin-transform-private-property-in-object since the "loose" mode option was set to "false" for @babel/plugin-transform-class-properties.
The "loose" option must be the same for @babel/plugin-transform-class-properties, @babel/plugin-transform-private-methods and @babel/plugin-transform-private-property-in-object (when they are enabled): you can silence this warning by explicitly adding
	["@babel/plugin-transform-private-property-in-object", { "loose": false }]
to the "plugins" section of your Babel config.

If you already set the same 'loose' mode for these plugins in your config, it's possible that they are enabled multiple times with different options.
You can re-run Babel with the BABEL_SHOW_CONFIG_FOR environment variable to show the loaded configuration:
	npx cross-env BABEL_SHOW_CONFIG_FOR=/Users/Ajaya/Documents/TizenGitTVApp/node_modules/@mui/utils/useTimeout/useTimeout.js <your build command>
See https://babeljs.io/docs/configuration#print-effective-configs for more info.
Though the "loose" option was set to "true" in your @babel/preset-env config, it will not be used for @babel/plugin-transform-private-methods since the "loose" mode option was set to "false" for @babel/plugin-transform-private-property-in-object.
The "loose" option must be the same for @babel/plugin-transform-class-properties, @babel/plugin-transform-private-methods and @babel/plugin-transform-private-property-in-object (when they are enabled): you can silence this warning by explicitly adding
	["@babel/plugin-transform-private-methods", { "loose": false }]
to the "plugins" section of your Babel config.

If you already set the same 'loose' mode for these plugins in your config, it's possible that they are enabled multiple times with different options.
You can re-run Babel with the BABEL_SHOW_CONFIG_FOR environment variable to show the loaded configuration:
	npx cross-env BABEL_SHOW_CONFIG_FOR=/Users/Ajaya/Documents/TizenGitTVApp/node_modules/@mui/utils/useTimeout/useTimeout.js <your build command>
See https://babeljs.io/docs/configuration#print-effective-configs for more info.
Though the "loose" option was set to "true" in your @babel/preset-env config, it will not be used for @babel/plugin-transform-private-property-in-object since the "loose" mode option was set to "false" for @babel/plugin-transform-class-properties.
The "loose" option must be the same for @babel/plugin-transform-class-properties, @babel/plugin-transform-private-methods and @babel/plugin-transform-private-property-in-object (when they are enabled): you can silence this warning by explicitly adding
	["@babel/plugin-transform-private-property-in-object", { "loose": false }]
to the "plugins" section of your Babel config.

If you already set the same 'loose' mode for these plugins in your config, it's possible that they are enabled multiple times with different options.
You can re-run Babel with the BABEL_SHOW_CONFIG_FOR environment variable to show the loaded configuration:
	npx cross-env BABEL_SHOW_CONFIG_FOR=/Users/Ajaya/Documents/TizenGitTVApp/node_modules/@mui/system/Stack/StackProps.js <your build command>
See https://babeljs.io/docs/configuration#print-effective-configs for more info.
Though the "loose" option was set to "true" in your @babel/preset-env config, it will not be used for @babel/plugin-transform-private-methods since the "loose" mode option was set to "false" for @babel/plugin-transform-private-property-in-object.
The "loose" option must be the same for @babel/plugin-transform-class-properties, @babel/plugin-transform-private-methods and @babel/plugin-transform-private-property-in-object (when they are enabled): you can silence this warning by explicitly adding
	["@babel/plugin-transform-private-methods", { "loose": false }]
to the "plugins" section of your Babel config.

If you already set the same 'loose' mode for these plugins in your config, it's possible that they are enabled multiple times with different options.
You can re-run Babel with the BABEL_SHOW_CONFIG_FOR environment variable to show the loaded configuration:
	npx cross-env BABEL_SHOW_CONFIG_FOR=/Users/Ajaya/Documents/TizenGitTVApp/node_modules/@mui/system/Stack/StackProps.js <your build command>
See https://babeljs.io/docs/configuration#print-effective-configs for more info.
Though the "loose" option was set to "true" in your @babel/preset-env config, it will not be used for @babel/plugin-transform-private-property-in-object since the "loose" mode option was set to "false" for @babel/plugin-transform-class-properties.
The "loose" option must be the same for @babel/plugin-transform-class-properties, @babel/plugin-transform-private-methods and @babel/plugin-transform-private-property-in-object (when they are enabled): you can silence this warning by explicitly adding
	["@babel/plugin-transform-private-property-in-object", { "loose": false }]
to the "plugins" section of your Babel config.

If you already set the same 'loose' mode for these plugins in your config, it's possible that they are enabled multiple times with different options.
You can re-run Babel with the BABEL_SHOW_CONFIG_FOR environment variable to show the loaded configuration:
	npx cross-env BABEL_SHOW_CONFIG_FOR=/Users/Ajaya/Documents/TizenGitTVApp/node_modules/@mui/system/Stack/stackClasses.js <your build command>
See https://babeljs.io/docs/configuration#print-effective-configs for more info.
Though the "loose" option was set to "true" in your @babel/preset-env config, it will not be used for @babel/plugin-transform-private-methods since the "loose" mode option was set to "false" for @babel/plugin-transform-private-property-in-object.
The "loose" option must be the same for @babel/plugin-transform-class-properties, @babel/plugin-transform-private-methods and @babel/plugin-transform-private-property-in-object (when they are enabled): you can silence this warning by explicitly adding
	["@babel/plugin-transform-private-methods", { "loose": false }]
to the "plugins" section of your Babel config.

If you already set the same 'loose' mode for these plugins in your config, it's possible that they are enabled multiple times with different options.
You can re-run Babel with the BABEL_SHOW_CONFIG_FOR environment variable to show the loaded configuration:
	npx cross-env BABEL_SHOW_CONFIG_FOR=/Users/Ajaya/Documents/TizenGitTVApp/node_modules/@mui/system/Stack/stackClasses.js <your build command>
See https://babeljs.io/docs/configuration#print-effective-configs for more info.
Though the "loose" option was set to "true" in your @babel/preset-env config, it will not be used for @babel/plugin-transform-private-property-in-object since the "loose" mode option was set to "false" for @babel/plugin-transform-class-properties.
The "loose" option must be the same for @babel/plugin-transform-class-properties, @babel/plugin-transform-private-methods and @babel/plugin-transform-private-property-in-object (when they are enabled): you can silence this warning by explicitly adding
	["@babel/plugin-transform-private-property-in-object", { "loose": false }]
to the "plugins" section of your Babel config.

If you already set the same 'loose' mode for these plugins in your config, it's possible that they are enabled multiple times with different options.
You can re-run Babel with the BABEL_SHOW_CONFIG_FOR environment variable to show the loaded configuration:
	npx cross-env BABEL_SHOW_CONFIG_FOR=/Users/Ajaya/Documents/TizenGitTVApp/node_modules/@mui/system/cssVars/localStorageManager.js <your build command>
See https://babeljs.io/docs/configuration#print-effective-configs for more info.
Though the "loose" option was set to "true" in your @babel/preset-env config, it will not be used for @babel/plugin-transform-private-methods since the "loose" mode option was set to "false" for @babel/plugin-transform-private-property-in-object.
The "loose" option must be the same for @babel/plugin-transform-class-properties, @babel/plugin-transform-private-methods and @babel/plugin-transform-private-property-in-object (when they are enabled): you can silence this warning by explicitly adding
	["@babel/plugin-transform-private-methods", { "loose": false }]
to the "plugins" section of your Babel config.

If you already set the same 'loose' mode for these plugins in your config, it's possible that they are enabled multiple times with different options.
You can re-run Babel with the BABEL_SHOW_CONFIG_FOR environment variable to show the loaded configuration:
	npx cross-env BABEL_SHOW_CONFIG_FOR=/Users/Ajaya/Documents/TizenGitTVApp/node_modules/@mui/system/cssVars/localStorageManager.js <your build command>
See https://babeljs.io/docs/configuration#print-effective-configs for more info.
Though the "loose" option was set to "true" in your @babel/preset-env config, it will not be used for @babel/plugin-transform-private-property-in-object since the "loose" mode option was set to "false" for @babel/plugin-transform-class-properties.
The "loose" option must be the same for @babel/plugin-transform-class-properties, @babel/plugin-transform-private-methods and @babel/plugin-transform-private-property-in-object (when they are enabled): you can silence this warning by explicitly adding
	["@babel/plugin-transform-private-property-in-object", { "loose": false }]
to the "plugins" section of your Babel config.

If you already set the same 'loose' mode for these plugins in your config, it's possible that they are enabled multiple times with different options.
You can re-run Babel with the BABEL_SHOW_CONFIG_FOR environment variable to show the loaded configuration:
	npx cross-env BABEL_SHOW_CONFIG_FOR=/Users/Ajaya/Documents/TizenGitTVApp/node_modules/@mui/material/styles/createGetSelector.js <your build command>
See https://babeljs.io/docs/configuration#print-effective-configs for more info.
Though the "loose" option was set to "true" in your @babel/preset-env config, it will not be used for @babel/plugin-transform-private-methods since the "loose" mode option was set to "false" for @babel/plugin-transform-private-property-in-object.
The "loose" option must be the same for @babel/plugin-transform-class-properties, @babel/plugin-transform-private-methods and @babel/plugin-transform-private-property-in-object (when they are enabled): you can silence this warning by explicitly adding
	["@babel/plugin-transform-private-methods", { "loose": false }]
to the "plugins" section of your Babel config.

If you already set the same 'loose' mode for these plugins in your config, it's possible that they are enabled multiple times with different options.
You can re-run Babel with the BABEL_SHOW_CONFIG_FOR environment variable to show the loaded configuration:
	npx cross-env BABEL_SHOW_CONFIG_FOR=/Users/Ajaya/Documents/TizenGitTVApp/node_modules/@mui/material/styles/createGetSelector.js <your build command>
See https://babeljs.io/docs/configuration#print-effective-configs for more info.
Though the "loose" option was set to "true" in your @babel/preset-env config, it will not be used for @babel/plugin-transform-private-property-in-object since the "loose" mode option was set to "false" for @babel/plugin-transform-class-properties.
The "loose" option must be the same for @babel/plugin-transform-class-properties, @babel/plugin-transform-private-methods and @babel/plugin-transform-private-property-in-object (when they are enabled): you can silence this warning by explicitly adding
	["@babel/plugin-transform-private-property-in-object", { "loose": false }]
to the "plugins" section of your Babel config.

If you already set the same 'loose' mode for these plugins in your config, it's possible that they are enabled multiple times with different options.
You can re-run Babel with the BABEL_SHOW_CONFIG_FOR environment variable to show the loaded configuration:
	npx cross-env BABEL_SHOW_CONFIG_FOR=/Users/Ajaya/Documents/TizenGitTVApp/node_modules/@mui/material/styles/stringifyTheme.js <your build command>
See https://babeljs.io/docs/configuration#print-effective-configs for more info.
Though the "loose" option was set to "true" in your @babel/preset-env config, it will not be used for @babel/plugin-transform-private-methods since the "loose" mode option was set to "false" for @babel/plugin-transform-private-property-in-object.
The "loose" option must be the same for @babel/plugin-transform-class-properties, @babel/plugin-transform-private-methods and @babel/plugin-transform-private-property-in-object (when they are enabled): you can silence this warning by explicitly adding
	["@babel/plugin-transform-private-methods", { "loose": false }]
to the "plugins" section of your Babel config.

If you already set the same 'loose' mode for these plugins in your config, it's possible that they are enabled multiple times with different options.
You can re-run Babel with the BABEL_SHOW_CONFIG_FOR environment variable to show the loaded configuration:
	npx cross-env BABEL_SHOW_CONFIG_FOR=/Users/Ajaya/Documents/TizenGitTVApp/node_modules/@mui/material/styles/stringifyTheme.js <your build command>
See https://babeljs.io/docs/configuration#print-effective-configs for more info.
Though the "loose" option was set to "true" in your @babel/preset-env config, it will not be used for @babel/plugin-transform-private-property-in-object since the "loose" mode option was set to "false" for @babel/plugin-transform-class-properties.
The "loose" option must be the same for @babel/plugin-transform-class-properties, @babel/plugin-transform-private-methods and @babel/plugin-transform-private-property-in-object (when they are enabled): you can silence this warning by explicitly adding
	["@babel/plugin-transform-private-property-in-object", { "loose": false }]
to the "plugins" section of your Babel config.

If you already set the same 'loose' mode for these plugins in your config, it's possible that they are enabled multiple times with different options.
You can re-run Babel with the BABEL_SHOW_CONFIG_FOR environment variable to show the loaded configuration:
	npx cross-env BABEL_SHOW_CONFIG_FOR=/Users/Ajaya/Documents/TizenGitTVApp/node_modules/@mui/material/styles/createThemeNoVars.js <your build command>
See https://babeljs.io/docs/configuration#print-effective-configs for more info.
Though the "loose" option was set to "true" in your @babel/preset-env config, it will not be used for @babel/plugin-transform-private-methods since the "loose" mode option was set to "false" for @babel/plugin-transform-private-property-in-object.
The "loose" option must be the same for @babel/plugin-transform-class-properties, @babel/plugin-transform-private-methods and @babel/plugin-transform-private-property-in-object (when they are enabled): you can silence this warning by explicitly adding
	["@babel/plugin-transform-private-methods", { "loose": false }]
to the "plugins" section of your Babel config.

If you already set the same 'loose' mode for these plugins in your config, it's possible that they are enabled multiple times with different options.
You can re-run Babel with the BABEL_SHOW_CONFIG_FOR environment variable to show the loaded configuration:
	npx cross-env BABEL_SHOW_CONFIG_FOR=/Users/Ajaya/Documents/TizenGitTVApp/node_modules/@mui/material/styles/createThemeNoVars.js <your build command>
See https://babeljs.io/docs/configuration#print-effective-configs for more info.
Though the "loose" option was set to "true" in your @babel/preset-env config, it will not be used for @babel/plugin-transform-private-property-in-object since the "loose" mode option was set to "false" for @babel/plugin-transform-class-properties.
The "loose" option must be the same for @babel/plugin-transform-class-properties, @babel/plugin-transform-private-methods and @babel/plugin-transform-private-property-in-object (when they are enabled): you can silence this warning by explicitly adding
	["@babel/plugin-transform-private-property-in-object", { "loose": false }]
to the "plugins" section of your Babel config.

If you already set the same 'loose' mode for these plugins in your config, it's possible that they are enabled multiple times with different options.
You can re-run Babel with the BABEL_SHOW_CONFIG_FOR environment variable to show the loaded configuration:
	npx cross-env BABEL_SHOW_CONFIG_FOR=/Users/Ajaya/Documents/TizenGitTVApp/node_modules/@mui/utils/createChainedFunction/createChainedFunction.js <your build command>
See https://babeljs.io/docs/configuration#print-effective-configs for more info.
Though the "loose" option was set to "true" in your @babel/preset-env config, it will not be used for @babel/plugin-transform-private-methods since the "loose" mode option was set to "false" for @babel/plugin-transform-private-property-in-object.
The "loose" option must be the same for @babel/plugin-transform-class-properties, @babel/plugin-transform-private-methods and @babel/plugin-transform-private-property-in-object (when they are enabled): you can silence this warning by explicitly adding
	["@babel/plugin-transform-private-methods", { "loose": false }]
to the "plugins" section of your Babel config.

If you already set the same 'loose' mode for these plugins in your config, it's possible that they are enabled multiple times with different options.
You can re-run Babel with the BABEL_SHOW_CONFIG_FOR environment variable to show the loaded configuration:
	npx cross-env BABEL_SHOW_CONFIG_FOR=/Users/Ajaya/Documents/TizenGitTVApp/node_modules/@mui/utils/createChainedFunction/createChainedFunction.js <your build command>
See https://babeljs.io/docs/configuration#print-effective-configs for more info.
Though the "loose" option was set to "true" in your @babel/preset-env config, it will not be used for @babel/plugin-transform-private-property-in-object since the "loose" mode option was set to "false" for @babel/plugin-transform-class-properties.
The "loose" option must be the same for @babel/plugin-transform-class-properties, @babel/plugin-transform-private-methods and @babel/plugin-transform-private-property-in-object (when they are enabled): you can silence this warning by explicitly adding
	["@babel/plugin-transform-private-property-in-object", { "loose": false }]
to the "plugins" section of your Babel config.

If you already set the same 'loose' mode for these plugins in your config, it's possible that they are enabled multiple times with different options.
You can re-run Babel with the BABEL_SHOW_CONFIG_FOR environment variable to show the loaded configuration:
	npx cross-env BABEL_SHOW_CONFIG_FOR=/Users/Ajaya/Documents/TizenGitTVApp/node_modules/@mui/utils/chainPropTypes/index.js <your build command>
See https://babeljs.io/docs/configuration#print-effective-configs for more info.
Though the "loose" option was set to "true" in your @babel/preset-env config, it will not be used for @babel/plugin-transform-private-methods since the "loose" mode option was set to "false" for @babel/plugin-transform-private-property-in-object.
The "loose" option must be the same for @babel/plugin-transform-class-properties, @babel/plugin-transform-private-methods and @babel/plugin-transform-private-property-in-object (when they are enabled): you can silence this warning by explicitly adding
	["@babel/plugin-transform-private-methods", { "loose": false }]
to the "plugins" section of your Babel config.

If you already set the same 'loose' mode for these plugins in your config, it's possible that they are enabled multiple times with different options.
You can re-run Babel with the BABEL_SHOW_CONFIG_FOR environment variable to show the loaded configuration:
	npx cross-env BABEL_SHOW_CONFIG_FOR=/Users/Ajaya/Documents/TizenGitTVApp/node_modules/@mui/utils/chainPropTypes/index.js <your build command>
See https://babeljs.io/docs/configuration#print-effective-configs for more info.
Though the "loose" option was set to "true" in your @babel/preset-env config, it will not be used for @babel/plugin-transform-private-property-in-object since the "loose" mode option was set to "false" for @babel/plugin-transform-class-properties.
The "loose" option must be the same for @babel/plugin-transform-class-properties, @babel/plugin-transform-private-methods and @babel/plugin-transform-private-property-in-object (when they are enabled): you can silence this warning by explicitly adding
	["@babel/plugin-transform-private-property-in-object", { "loose": false }]
to the "plugins" section of your Babel config.

If you already set the same 'loose' mode for these plugins in your config, it's possible that they are enabled multiple times with different options.
You can re-run Babel with the BABEL_SHOW_CONFIG_FOR environment variable to show the loaded configuration:
	npx cross-env BABEL_SHOW_CONFIG_FOR=/Users/Ajaya/Documents/TizenGitTVApp/node_modules/@mui/system/Container/containerClasses.js <your build command>
See https://babeljs.io/docs/configuration#print-effective-configs for more info.
Though the "loose" option was set to "true" in your @babel/preset-env config, it will not be used for @babel/plugin-transform-private-methods since the "loose" mode option was set to "false" for @babel/plugin-transform-private-property-in-object.
The "loose" option must be the same for @babel/plugin-transform-class-properties, @babel/plugin-transform-private-methods and @babel/plugin-transform-private-property-in-object (when they are enabled): you can silence this warning by explicitly adding
	["@babel/plugin-transform-private-methods", { "loose": false }]
to the "plugins" section of your Babel config.

If you already set the same 'loose' mode for these plugins in your config, it's possible that they are enabled multiple times with different options.
You can re-run Babel with the BABEL_SHOW_CONFIG_FOR environment variable to show the loaded configuration:
	npx cross-env BABEL_SHOW_CONFIG_FOR=/Users/Ajaya/Documents/TizenGitTVApp/node_modules/@mui/system/Container/containerClasses.js <your build command>
See https://babeljs.io/docs/configuration#print-effective-configs for more info.
Though the "loose" option was set to "true" in your @babel/preset-env config, it will not be used for @babel/plugin-transform-private-property-in-object since the "loose" mode option was set to "false" for @babel/plugin-transform-class-properties.
The "loose" option must be the same for @babel/plugin-transform-class-properties, @babel/plugin-transform-private-methods and @babel/plugin-transform-private-property-in-object (when they are enabled): you can silence this warning by explicitly adding
	["@babel/plugin-transform-private-property-in-object", { "loose": false }]
to the "plugins" section of your Babel config.

If you already set the same 'loose' mode for these plugins in your config, it's possible that they are enabled multiple times with different options.
You can re-run Babel with the BABEL_SHOW_CONFIG_FOR environment variable to show the loaded configuration:
	npx cross-env BABEL_SHOW_CONFIG_FOR=/Users/Ajaya/Documents/TizenGitTVApp/node_modules/@mui/system/Container/Container.js <your build command>
See https://babeljs.io/docs/configuration#print-effective-configs for more info.
Though the "loose" option was set to "true" in your @babel/preset-env config, it will not be used for @babel/plugin-transform-private-methods since the "loose" mode option was set to "false" for @babel/plugin-transform-private-property-in-object.
The "loose" option must be the same for @babel/plugin-transform-class-properties, @babel/plugin-transform-private-methods and @babel/plugin-transform-private-property-in-object (when they are enabled): you can silence this warning by explicitly adding
	["@babel/plugin-transform-private-methods", { "loose": false }]
to the "plugins" section of your Babel config.

If you already set the same 'loose' mode for these plugins in your config, it's possible that they are enabled multiple times with different options.
You can re-run Babel with the BABEL_SHOW_CONFIG_FOR environment variable to show the loaded configuration:
	npx cross-env BABEL_SHOW_CONFIG_FOR=/Users/Ajaya/Documents/TizenGitTVApp/node_modules/@mui/system/Container/Container.js <your build command>
See https://babeljs.io/docs/configuration#print-effective-configs for more info.
Though the "loose" option was set to "true" in your @babel/preset-env config, it will not be used for @babel/plugin-transform-private-property-in-object since the "loose" mode option was set to "false" for @babel/plugin-transform-class-properties.
The "loose" option must be the same for @babel/plugin-transform-class-properties, @babel/plugin-transform-private-methods and @babel/plugin-transform-private-property-in-object (when they are enabled): you can silence this warning by explicitly adding
	["@babel/plugin-transform-private-property-in-object", { "loose": false }]
to the "plugins" section of your Babel config.

If you already set the same 'loose' mode for these plugins in your config, it's possible that they are enabled multiple times with different options.
You can re-run Babel with the BABEL_SHOW_CONFIG_FOR environment variable to show the loaded configuration:
	npx cross-env BABEL_SHOW_CONFIG_FOR=/Users/Ajaya/Documents/TizenGitTVApp/node_modules/@mui/system/createTheme/applyStyles.js <your build command>
See https://babeljs.io/docs/configuration#print-effective-configs for more info.
Though the "loose" option was set to "true" in your @babel/preset-env config, it will not be used for @babel/plugin-transform-private-methods since the "loose" mode option was set to "false" for @babel/plugin-transform-private-property-in-object.
The "loose" option must be the same for @babel/plugin-transform-class-properties, @babel/plugin-transform-private-methods and @babel/plugin-transform-private-property-in-object (when they are enabled): you can silence this warning by explicitly adding
	["@babel/plugin-transform-private-methods", { "loose": false }]
to the "plugins" section of your Babel config.

If you already set the same 'loose' mode for these plugins in your config, it's possible that they are enabled multiple times with different options.
You can re-run Babel with the BABEL_SHOW_CONFIG_FOR environment variable to show the loaded configuration:
	npx cross-env BABEL_SHOW_CONFIG_FOR=/Users/Ajaya/Documents/TizenGitTVApp/node_modules/@mui/system/createTheme/applyStyles.js <your build command>
See https://babeljs.io/docs/configuration#print-effective-configs for more info.
Though the "loose" option was set to "true" in your @babel/preset-env config, it will not be used for @babel/plugin-transform-private-property-in-object since the "loose" mode option was set to "false" for @babel/plugin-transform-class-properties.
The "loose" option must be the same for @babel/plugin-transform-class-properties, @babel/plugin-transform-private-methods and @babel/plugin-transform-private-property-in-object (when they are enabled): you can silence this warning by explicitly adding
	["@babel/plugin-transform-private-property-in-object", { "loose": false }]
to the "plugins" section of your Babel config.

If you already set the same 'loose' mode for these plugins in your config, it's possible that they are enabled multiple times with different options.
You can re-run Babel with the BABEL_SHOW_CONFIG_FOR environment variable to show the loaded configuration:
	npx cross-env BABEL_SHOW_CONFIG_FOR=/Users/Ajaya/Documents/TizenGitTVApp/node_modules/@mui/system/useTheme/useTheme.js <your build command>
See https://babeljs.io/docs/configuration#print-effective-configs for more info.
Though the "loose" option was set to "true" in your @babel/preset-env config, it will not be used for @babel/plugin-transform-private-methods since the "loose" mode option was set to "false" for @babel/plugin-transform-private-property-in-object.
The "loose" option must be the same for @babel/plugin-transform-class-properties, @babel/plugin-transform-private-methods and @babel/plugin-transform-private-property-in-object (when they are enabled): you can silence this warning by explicitly adding
	["@babel/plugin-transform-private-methods", { "loose": false }]
to the "plugins" section of your Babel config.

If you already set the same 'loose' mode for these plugins in your config, it's possible that they are enabled multiple times with different options.
You can re-run Babel with the BABEL_SHOW_CONFIG_FOR environment variable to show the loaded configuration:
	npx cross-env BABEL_SHOW_CONFIG_FOR=/Users/Ajaya/Documents/TizenGitTVApp/node_modules/@mui/system/useTheme/useTheme.js <your build command>
See https://babeljs.io/docs/configuration#print-effective-configs for more info.
Though the "loose" option was set to "true" in your @babel/preset-env config, it will not be used for @babel/plugin-transform-private-property-in-object since the "loose" mode option was set to "false" for @babel/plugin-transform-class-properties.
The "loose" option must be the same for @babel/plugin-transform-class-properties, @babel/plugin-transform-private-methods and @babel/plugin-transform-private-property-in-object (when they are enabled): you can silence this warning by explicitly adding
	["@babel/plugin-transform-private-property-in-object", { "loose": false }]
to the "plugins" section of your Babel config.

If you already set the same 'loose' mode for these plugins in your config, it's possible that they are enabled multiple times with different options.
You can re-run Babel with the BABEL_SHOW_CONFIG_FOR environment variable to show the loaded configuration:
	npx cross-env BABEL_SHOW_CONFIG_FOR=/Users/Ajaya/Documents/TizenGitTVApp/node_modules/@mui/system/styled/styled.js <your build command>
See https://babeljs.io/docs/configuration#print-effective-configs for more info.
Though the "loose" option was set to "true" in your @babel/preset-env config, it will not be used for @babel/plugin-transform-private-methods since the "loose" mode option was set to "false" for @babel/plugin-transform-private-property-in-object.
The "loose" option must be the same for @babel/plugin-transform-class-properties, @babel/plugin-transform-private-methods and @babel/plugin-transform-private-property-in-object (when they are enabled): you can silence this warning by explicitly adding
	["@babel/plugin-transform-private-methods", { "loose": false }]
to the "plugins" section of your Babel config.

If you already set the same 'loose' mode for these plugins in your config, it's possible that they are enabled multiple times with different options.
You can re-run Babel with the BABEL_SHOW_CONFIG_FOR environment variable to show the loaded configuration:
	npx cross-env BABEL_SHOW_CONFIG_FOR=/Users/Ajaya/Documents/TizenGitTVApp/node_modules/@mui/system/styled/styled.js <your build command>
See https://babeljs.io/docs/configuration#print-effective-configs for more info.
Though the "loose" option was set to "true" in your @babel/preset-env config, it will not be used for @babel/plugin-transform-private-property-in-object since the "loose" mode option was set to "false" for @babel/plugin-transform-class-properties.
The "loose" option must be the same for @babel/plugin-transform-class-properties, @babel/plugin-transform-private-methods and @babel/plugin-transform-private-property-in-object (when they are enabled): you can silence this warning by explicitly adding
	["@babel/plugin-transform-private-property-in-object", { "loose": false }]
to the "plugins" section of your Babel config.

If you already set the same 'loose' mode for these plugins in your config, it's possible that they are enabled multiple times with different options.
You can re-run Babel with the BABEL_SHOW_CONFIG_FOR environment variable to show the loaded configuration:
	npx cross-env BABEL_SHOW_CONFIG_FOR=/Users/Ajaya/Documents/TizenGitTVApp/node_modules/@mui/system/useThemeProps/getThemeProps.js <your build command>
See https://babeljs.io/docs/configuration#print-effective-configs for more info.
Though the "loose" option was set to "true" in your @babel/preset-env config, it will not be used for @babel/plugin-transform-private-methods since the "loose" mode option was set to "false" for @babel/plugin-transform-private-property-in-object.
The "loose" option must be the same for @babel/plugin-transform-class-properties, @babel/plugin-transform-private-methods and @babel/plugin-transform-private-property-in-object (when they are enabled): you can silence this warning by explicitly adding
	["@babel/plugin-transform-private-methods", { "loose": false }]
to the "plugins" section of your Babel config.

If you already set the same 'loose' mode for these plugins in your config, it's possible that they are enabled multiple times with different options.
You can re-run Babel with the BABEL_SHOW_CONFIG_FOR environment variable to show the loaded configuration:
	npx cross-env BABEL_SHOW_CONFIG_FOR=/Users/Ajaya/Documents/TizenGitTVApp/node_modules/@mui/system/useThemeProps/getThemeProps.js <your build command>
See https://babeljs.io/docs/configuration#print-effective-configs for more info.
Though the "loose" option was set to "true" in your @babel/preset-env config, it will not be used for @babel/plugin-transform-private-property-in-object since the "loose" mode option was set to "false" for @babel/plugin-transform-class-properties.
The "loose" option must be the same for @babel/plugin-transform-class-properties, @babel/plugin-transform-private-methods and @babel/plugin-transform-private-property-in-object (when they are enabled): you can silence this warning by explicitly adding
	["@babel/plugin-transform-private-property-in-object", { "loose": false }]
to the "plugins" section of your Babel config.

If you already set the same 'loose' mode for these plugins in your config, it's possible that they are enabled multiple times with different options.
You can re-run Babel with the BABEL_SHOW_CONFIG_FOR environment variable to show the loaded configuration:
	npx cross-env BABEL_SHOW_CONFIG_FOR=/Users/Ajaya/Documents/TizenGitTVApp/node_modules/@mui/system/createBox/createBox.js <your build command>
See https://babeljs.io/docs/configuration#print-effective-configs for more info.
Though the "loose" option was set to "true" in your @babel/preset-env config, it will not be used for @babel/plugin-transform-private-methods since the "loose" mode option was set to "false" for @babel/plugin-transform-private-property-in-object.
The "loose" option must be the same for @babel/plugin-transform-class-properties, @babel/plugin-transform-private-methods and @babel/plugin-transform-private-property-in-object (when they are enabled): you can silence this warning by explicitly adding
	["@babel/plugin-transform-private-methods", { "loose": false }]
to the "plugins" section of your Babel config.

If you already set the same 'loose' mode for these plugins in your config, it's possible that they are enabled multiple times with different options.
You can re-run Babel with the BABEL_SHOW_CONFIG_FOR environment variable to show the loaded configuration:
	npx cross-env BABEL_SHOW_CONFIG_FOR=/Users/Ajaya/Documents/TizenGitTVApp/node_modules/@mui/system/createBox/createBox.js <your build command>
See https://babeljs.io/docs/configuration#print-effective-configs for more info.
Though the "loose" option was set to "true" in your @babel/preset-env config, it will not be used for @babel/plugin-transform-private-property-in-object since the "loose" mode option was set to "false" for @babel/plugin-transform-class-properties.
The "loose" option must be the same for @babel/plugin-transform-class-properties, @babel/plugin-transform-private-methods and @babel/plugin-transform-private-property-in-object (when they are enabled): you can silence this warning by explicitly adding
	["@babel/plugin-transform-private-property-in-object", { "loose": false }]
to the "plugins" section of your Babel config.

If you already set the same 'loose' mode for these plugins in your config, it's possible that they are enabled multiple times with different options.
You can re-run Babel with the BABEL_SHOW_CONFIG_FOR environment variable to show the loaded configuration:
	npx cross-env BABEL_SHOW_CONFIG_FOR=/Users/Ajaya/Documents/TizenGitTVApp/node_modules/@mui/system/palette/index.js <your build command>
See https://babeljs.io/docs/configuration#print-effective-configs for more info.
Though the "loose" option was set to "true" in your @babel/preset-env config, it will not be used for @babel/plugin-transform-private-methods since the "loose" mode option was set to "false" for @babel/plugin-transform-private-property-in-object.
The "loose" option must be the same for @babel/plugin-transform-class-properties, @babel/plugin-transform-private-methods and @babel/plugin-transform-private-property-in-object (when they are enabled): you can silence this warning by explicitly adding
	["@babel/plugin-transform-private-methods", { "loose": false }]
to the "plugins" section of your Babel config.

If you already set the same 'loose' mode for these plugins in your config, it's possible that they are enabled multiple times with different options.
You can re-run Babel with the BABEL_SHOW_CONFIG_FOR environment variable to show the loaded configuration:
	npx cross-env BABEL_SHOW_CONFIG_FOR=/Users/Ajaya/Documents/TizenGitTVApp/node_modules/@mui/system/palette/index.js <your build command>
See https://babeljs.io/docs/configuration#print-effective-configs for more info.
Though the "loose" option was set to "true" in your @babel/preset-env config, it will not be used for @babel/plugin-transform-private-property-in-object since the "loose" mode option was set to "false" for @babel/plugin-transform-class-properties.
The "loose" option must be the same for @babel/plugin-transform-class-properties, @babel/plugin-transform-private-methods and @babel/plugin-transform-private-property-in-object (when they are enabled): you can silence this warning by explicitly adding
	["@babel/plugin-transform-private-property-in-object", { "loose": false }]
to the "plugins" section of your Babel config.

If you already set the same 'loose' mode for these plugins in your config, it's possible that they are enabled multiple times with different options.
You can re-run Babel with the BABEL_SHOW_CONFIG_FOR environment variable to show the loaded configuration:
	npx cross-env BABEL_SHOW_CONFIG_FOR=/Users/Ajaya/Documents/TizenGitTVApp/node_modules/@mui/system/styleFunctionSx/defaultSxConfig.js <your build command>
See https://babeljs.io/docs/configuration#print-effective-configs for more info.
Though the "loose" option was set to "true" in your @babel/preset-env config, it will not be used for @babel/plugin-transform-private-methods since the "loose" mode option was set to "false" for @babel/plugin-transform-private-property-in-object.
The "loose" option must be the same for @babel/plugin-transform-class-properties, @babel/plugin-transform-private-methods and @babel/plugin-transform-private-property-in-object (when they are enabled): you can silence this warning by explicitly adding
	["@babel/plugin-transform-private-methods", { "loose": false }]
to the "plugins" section of your Babel config.

If you already set the same 'loose' mode for these plugins in your config, it's possible that they are enabled multiple times with different options.
You can re-run Babel with the BABEL_SHOW_CONFIG_FOR environment variable to show the loaded configuration:
	npx cross-env BABEL_SHOW_CONFIG_FOR=/Users/Ajaya/Documents/TizenGitTVApp/node_modules/@mui/system/styleFunctionSx/defaultSxConfig.js <your build command>
See https://babeljs.io/docs/configuration#print-effective-configs for more info.
Though the "loose" option was set to "true" in your @babel/preset-env config, it will not be used for @babel/plugin-transform-private-property-in-object since the "loose" mode option was set to "false" for @babel/plugin-transform-class-properties.
The "loose" option must be the same for @babel/plugin-transform-class-properties, @babel/plugin-transform-private-methods and @babel/plugin-transform-private-property-in-object (when they are enabled): you can silence this warning by explicitly adding
	["@babel/plugin-transform-private-property-in-object", { "loose": false }]
to the "plugins" section of your Babel config.

If you already set the same 'loose' mode for these plugins in your config, it's possible that they are enabled multiple times with different options.
You can re-run Babel with the BABEL_SHOW_CONFIG_FOR environment variable to show the loaded configuration:
	npx cross-env BABEL_SHOW_CONFIG_FOR=/Users/Ajaya/Documents/TizenGitTVApp/node_modules/@mui/system/styleFunctionSx/extendSxProp.js <your build command>
See https://babeljs.io/docs/configuration#print-effective-configs for more info.
Though the "loose" option was set to "true" in your @babel/preset-env config, it will not be used for @babel/plugin-transform-private-methods since the "loose" mode option was set to "false" for @babel/plugin-transform-private-property-in-object.
The "loose" option must be the same for @babel/plugin-transform-class-properties, @babel/plugin-transform-private-methods and @babel/plugin-transform-private-property-in-object (when they are enabled): you can silence this warning by explicitly adding
	["@babel/plugin-transform-private-methods", { "loose": false }]
to the "plugins" section of your Babel config.

If you already set the same 'loose' mode for these plugins in your config, it's possible that they are enabled multiple times with different options.
You can re-run Babel with the BABEL_SHOW_CONFIG_FOR environment variable to show the loaded configuration:
	npx cross-env BABEL_SHOW_CONFIG_FOR=/Users/Ajaya/Documents/TizenGitTVApp/node_modules/@mui/system/styleFunctionSx/extendSxProp.js <your build command>
See https://babeljs.io/docs/configuration#print-effective-configs for more info.
Though the "loose" option was set to "true" in your @babel/preset-env config, it will not be used for @babel/plugin-transform-private-property-in-object since the "loose" mode option was set to "false" for @babel/plugin-transform-class-properties.
The "loose" option must be the same for @babel/plugin-transform-class-properties, @babel/plugin-transform-private-methods and @babel/plugin-transform-private-property-in-object (when they are enabled): you can silence this warning by explicitly adding
	["@babel/plugin-transform-private-property-in-object", { "loose": false }]
to the "plugins" section of your Babel config.

If you already set the same 'loose' mode for these plugins in your config, it's possible that they are enabled multiple times with different options.
You can re-run Babel with the BABEL_SHOW_CONFIG_FOR environment variable to show the loaded configuration:
	npx cross-env BABEL_SHOW_CONFIG_FOR=/Users/Ajaya/Documents/TizenGitTVApp/node_modules/@mui/system/getThemeValue/getThemeValue.js <your build command>
See https://babeljs.io/docs/configuration#print-effective-configs for more info.
Though the "loose" option was set to "true" in your @babel/preset-env config, it will not be used for @babel/plugin-transform-private-methods since the "loose" mode option was set to "false" for @babel/plugin-transform-private-property-in-object.
The "loose" option must be the same for @babel/plugin-transform-class-properties, @babel/plugin-transform-private-methods and @babel/plugin-transform-private-property-in-object (when they are enabled): you can silence this warning by explicitly adding
	["@babel/plugin-transform-private-methods", { "loose": false }]
to the "plugins" section of your Babel config.

If you already set the same 'loose' mode for these plugins in your config, it's possible that they are enabled multiple times with different options.
You can re-run Babel with the BABEL_SHOW_CONFIG_FOR environment variable to show the loaded configuration:
	npx cross-env BABEL_SHOW_CONFIG_FOR=/Users/Ajaya/Documents/TizenGitTVApp/node_modules/@mui/system/getThemeValue/getThemeValue.js <your build command>
See https://babeljs.io/docs/configuration#print-effective-configs for more info.
Though the "loose" option was set to "true" in your @babel/preset-env config, it will not be used for @babel/plugin-transform-private-property-in-object since the "loose" mode option was set to "false" for @babel/plugin-transform-class-properties.
The "loose" option must be the same for @babel/plugin-transform-class-properties, @babel/plugin-transform-private-methods and @babel/plugin-transform-private-property-in-object (when they are enabled): you can silence this warning by explicitly adding
	["@babel/plugin-transform-private-property-in-object", { "loose": false }]
to the "plugins" section of your Babel config.

If you already set the same 'loose' mode for these plugins in your config, it's possible that they are enabled multiple times with different options.
You can re-run Babel with the BABEL_SHOW_CONFIG_FOR environment variable to show the loaded configuration:
	npx cross-env BABEL_SHOW_CONFIG_FOR=/Users/Ajaya/Documents/TizenGitTVApp/node_modules/@mui/system/createStyled/createStyled.js <your build command>
See https://babeljs.io/docs/configuration#print-effective-configs for more info.
Though the "loose" option was set to "true" in your @babel/preset-env config, it will not be used for @babel/plugin-transform-private-methods since the "loose" mode option was set to "false" for @babel/plugin-transform-private-property-in-object.
The "loose" option must be the same for @babel/plugin-transform-class-properties, @babel/plugin-transform-private-methods and @babel/plugin-transform-private-property-in-object (when they are enabled): you can silence this warning by explicitly adding
	["@babel/plugin-transform-private-methods", { "loose": false }]
to the "plugins" section of your Babel config.

If you already set the same 'loose' mode for these plugins in your config, it's possible that they are enabled multiple times with different options.
You can re-run Babel with the BABEL_SHOW_CONFIG_FOR environment variable to show the loaded configuration:
	npx cross-env BABEL_SHOW_CONFIG_FOR=/Users/Ajaya/Documents/TizenGitTVApp/node_modules/@mui/system/createStyled/createStyled.js <your build command>
See https://babeljs.io/docs/configuration#print-effective-configs for more info.
Though the "loose" option was set to "true" in your @babel/preset-env config, it will not be used for @babel/plugin-transform-private-property-in-object since the "loose" mode option was set to "false" for @babel/plugin-transform-class-properties.
The "loose" option must be the same for @babel/plugin-transform-class-properties, @babel/plugin-transform-private-methods and @babel/plugin-transform-private-property-in-object (when they are enabled): you can silence this warning by explicitly adding
	["@babel/plugin-transform-private-property-in-object", { "loose": false }]
to the "plugins" section of your Babel config.

If you already set the same 'loose' mode for these plugins in your config, it's possible that they are enabled multiple times with different options.
You can re-run Babel with the BABEL_SHOW_CONFIG_FOR environment variable to show the loaded configuration:
	npx cross-env BABEL_SHOW_CONFIG_FOR=/Users/Ajaya/Documents/TizenGitTVApp/node_modules/@mui/system/styleFunctionSx/styleFunctionSx.js <your build command>
See https://babeljs.io/docs/configuration#print-effective-configs for more info.
Though the "loose" option was set to "true" in your @babel/preset-env config, it will not be used for @babel/plugin-transform-private-methods since the "loose" mode option was set to "false" for @babel/plugin-transform-private-property-in-object.
The "loose" option must be the same for @babel/plugin-transform-class-properties, @babel/plugin-transform-private-methods and @babel/plugin-transform-private-property-in-object (when they are enabled): you can silence this warning by explicitly adding
	["@babel/plugin-transform-private-methods", { "loose": false }]
to the "plugins" section of your Babel config.

If you already set the same 'loose' mode for these plugins in your config, it's possible that they are enabled multiple times with different options.
You can re-run Babel with the BABEL_SHOW_CONFIG_FOR environment variable to show the loaded configuration:
	npx cross-env BABEL_SHOW_CONFIG_FOR=/Users/Ajaya/Documents/TizenGitTVApp/node_modules/@mui/system/styleFunctionSx/styleFunctionSx.js <your build command>
See https://babeljs.io/docs/configuration#print-effective-configs for more info.
Though the "loose" option was set to "true" in your @babel/preset-env config, it will not be used for @babel/plugin-transform-private-property-in-object since the "loose" mode option was set to "false" for @babel/plugin-transform-class-properties.
The "loose" option must be the same for @babel/plugin-transform-class-properties, @babel/plugin-transform-private-methods and @babel/plugin-transform-private-property-in-object (when they are enabled): you can silence this warning by explicitly adding
	["@babel/plugin-transform-private-property-in-object", { "loose": false }]
to the "plugins" section of your Babel config.

If you already set the same 'loose' mode for these plugins in your config, it's possible that they are enabled multiple times with different options.
You can re-run Babel with the BABEL_SHOW_CONFIG_FOR environment variable to show the loaded configuration:
	npx cross-env BABEL_SHOW_CONFIG_FOR=/Users/Ajaya/Documents/TizenGitTVApp/node_modules/@mui/system/Box/boxClasses.js <your build command>
See https://babeljs.io/docs/configuration#print-effective-configs for more info.
Though the "loose" option was set to "true" in your @babel/preset-env config, it will not be used for @babel/plugin-transform-private-methods since the "loose" mode option was set to "false" for @babel/plugin-transform-private-property-in-object.
The "loose" option must be the same for @babel/plugin-transform-class-properties, @babel/plugin-transform-private-methods and @babel/plugin-transform-private-property-in-object (when they are enabled): you can silence this warning by explicitly adding
	["@babel/plugin-transform-private-methods", { "loose": false }]
to the "plugins" section of your Babel config.

If you already set the same 'loose' mode for these plugins in your config, it's possible that they are enabled multiple times with different options.
You can re-run Babel with the BABEL_SHOW_CONFIG_FOR environment variable to show the loaded configuration:
	npx cross-env BABEL_SHOW_CONFIG_FOR=/Users/Ajaya/Documents/TizenGitTVApp/node_modules/@mui/system/Box/boxClasses.js <your build command>
See https://babeljs.io/docs/configuration#print-effective-configs for more info.
Though the "loose" option was set to "true" in your @babel/preset-env config, it will not be used for @babel/plugin-transform-private-property-in-object since the "loose" mode option was set to "false" for @babel/plugin-transform-class-properties.
The "loose" option must be the same for @babel/plugin-transform-class-properties, @babel/plugin-transform-private-methods and @babel/plugin-transform-private-property-in-object (when they are enabled): you can silence this warning by explicitly adding
	["@babel/plugin-transform-private-property-in-object", { "loose": false }]
to the "plugins" section of your Babel config.

If you already set the same 'loose' mode for these plugins in your config, it's possible that they are enabled multiple times with different options.
You can re-run Babel with the BABEL_SHOW_CONFIG_FOR environment variable to show the loaded configuration:
	npx cross-env BABEL_SHOW_CONFIG_FOR=/Users/Ajaya/Documents/TizenGitTVApp/node_modules/@mui/system/Box/Box.js <your build command>
See https://babeljs.io/docs/configuration#print-effective-configs for more info.
Though the "loose" option was set to "true" in your @babel/preset-env config, it will not be used for @babel/plugin-transform-private-methods since the "loose" mode option was set to "false" for @babel/plugin-transform-private-property-in-object.
The "loose" option must be the same for @babel/plugin-transform-class-properties, @babel/plugin-transform-private-methods and @babel/plugin-transform-private-property-in-object (when they are enabled): you can silence this warning by explicitly adding
	["@babel/plugin-transform-private-methods", { "loose": false }]
to the "plugins" section of your Babel config.

If you already set the same 'loose' mode for these plugins in your config, it's possible that they are enabled multiple times with different options.
You can re-run Babel with the BABEL_SHOW_CONFIG_FOR environment variable to show the loaded configuration:
	npx cross-env BABEL_SHOW_CONFIG_FOR=/Users/Ajaya/Documents/TizenGitTVApp/node_modules/@mui/system/Box/Box.js <your build command>
See https://babeljs.io/docs/configuration#print-effective-configs for more info.
Though the "loose" option was set to "true" in your @babel/preset-env config, it will not be used for @babel/plugin-transform-private-property-in-object since the "loose" mode option was set to "false" for @babel/plugin-transform-class-properties.
The "loose" option must be the same for @babel/plugin-transform-class-properties, @babel/plugin-transform-private-methods and @babel/plugin-transform-private-property-in-object (when they are enabled): you can silence this warning by explicitly adding
	["@babel/plugin-transform-private-property-in-object", { "loose": false }]
to the "plugins" section of your Babel config.

If you already set the same 'loose' mode for these plugins in your config, it's possible that they are enabled multiple times with different options.
You can re-run Babel with the BABEL_SHOW_CONFIG_FOR environment variable to show the loaded configuration:
	npx cross-env BABEL_SHOW_CONFIG_FOR=/Users/Ajaya/Documents/TizenGitTVApp/node_modules/@mui/system/useThemeWithoutDefault/useThemeWithoutDefault.js <your build command>
See https://babeljs.io/docs/configuration#print-effective-configs for more info.
Though the "loose" option was set to "true" in your @babel/preset-env config, it will not be used for @babel/plugin-transform-private-methods since the "loose" mode option was set to "false" for @babel/plugin-transform-private-property-in-object.
The "loose" option must be the same for @babel/plugin-transform-class-properties, @babel/plugin-transform-private-methods and @babel/plugin-transform-private-property-in-object (when they are enabled): you can silence this warning by explicitly adding
	["@babel/plugin-transform-private-methods", { "loose": false }]
to the "plugins" section of your Babel config.

If you already set the same 'loose' mode for these plugins in your config, it's possible that they are enabled multiple times with different options.
You can re-run Babel with the BABEL_SHOW_CONFIG_FOR environment variable to show the loaded configuration:
	npx cross-env BABEL_SHOW_CONFIG_FOR=/Users/Ajaya/Documents/TizenGitTVApp/node_modules/@mui/system/useThemeWithoutDefault/useThemeWithoutDefault.js <your build command>
See https://babeljs.io/docs/configuration#print-effective-configs for more info.
Though the "loose" option was set to "true" in your @babel/preset-env config, it will not be used for @babel/plugin-transform-private-property-in-object since the "loose" mode option was set to "false" for @babel/plugin-transform-class-properties.
The "loose" option must be the same for @babel/plugin-transform-class-properties, @babel/plugin-transform-private-methods and @babel/plugin-transform-private-property-in-object (when they are enabled): you can silence this warning by explicitly adding
	["@babel/plugin-transform-private-property-in-object", { "loose": false }]
to the "plugins" section of your Babel config.

If you already set the same 'loose' mode for these plugins in your config, it's possible that they are enabled multiple times with different options.
You can re-run Babel with the BABEL_SHOW_CONFIG_FOR environment variable to show the loaded configuration:
	npx cross-env BABEL_SHOW_CONFIG_FOR=/Users/Ajaya/Documents/TizenGitTVApp/node_modules/@mui/system/useThemeProps/useThemeProps.js <your build command>
See https://babeljs.io/docs/configuration#print-effective-configs for more info.
Though the "loose" option was set to "true" in your @babel/preset-env config, it will not be used for @babel/plugin-transform-private-methods since the "loose" mode option was set to "false" for @babel/plugin-transform-private-property-in-object.
The "loose" option must be the same for @babel/plugin-transform-class-properties, @babel/plugin-transform-private-methods and @babel/plugin-transform-private-property-in-object (when they are enabled): you can silence this warning by explicitly adding
	["@babel/plugin-transform-private-methods", { "loose": false }]
to the "plugins" section of your Babel config.

If you already set the same 'loose' mode for these plugins in your config, it's possible that they are enabled multiple times with different options.
You can re-run Babel with the BABEL_SHOW_CONFIG_FOR environment variable to show the loaded configuration:
	npx cross-env BABEL_SHOW_CONFIG_FOR=/Users/Ajaya/Documents/TizenGitTVApp/node_modules/@mui/system/useThemeProps/useThemeProps.js <your build command>
See https://babeljs.io/docs/configuration#print-effective-configs for more info.
Though the "loose" option was set to "true" in your @babel/preset-env config, it will not be used for @babel/plugin-transform-private-property-in-object since the "loose" mode option was set to "false" for @babel/plugin-transform-class-properties.
The "loose" option must be the same for @babel/plugin-transform-class-properties, @babel/plugin-transform-private-methods and @babel/plugin-transform-private-property-in-object (when they are enabled): you can silence this warning by explicitly adding
	["@babel/plugin-transform-private-property-in-object", { "loose": false }]
to the "plugins" section of your Babel config.

If you already set the same 'loose' mode for these plugins in your config, it's possible that they are enabled multiple times with different options.
You can re-run Babel with the BABEL_SHOW_CONFIG_FOR environment variable to show the loaded configuration:
	npx cross-env BABEL_SHOW_CONFIG_FOR=/Users/Ajaya/Documents/TizenGitTVApp/node_modules/@mui/material/ButtonBase/TouchRipple.js <your build command>
See https://babeljs.io/docs/configuration#print-effective-configs for more info.
Though the "loose" option was set to "true" in your @babel/preset-env config, it will not be used for @babel/plugin-transform-private-methods since the "loose" mode option was set to "false" for @babel/plugin-transform-private-property-in-object.
The "loose" option must be the same for @babel/plugin-transform-class-properties, @babel/plugin-transform-private-methods and @babel/plugin-transform-private-property-in-object (when they are enabled): you can silence this warning by explicitly adding
	["@babel/plugin-transform-private-methods", { "loose": false }]
to the "plugins" section of your Babel config.

If you already set the same 'loose' mode for these plugins in your config, it's possible that they are enabled multiple times with different options.
You can re-run Babel with the BABEL_SHOW_CONFIG_FOR environment variable to show the loaded configuration:
	npx cross-env BABEL_SHOW_CONFIG_FOR=/Users/Ajaya/Documents/TizenGitTVApp/node_modules/@mui/material/ButtonBase/TouchRipple.js <your build command>
See https://babeljs.io/docs/configuration#print-effective-configs for more info.
Though the "loose" option was set to "true" in your @babel/preset-env config, it will not be used for @babel/plugin-transform-private-property-in-object since the "loose" mode option was set to "false" for @babel/plugin-transform-class-properties.
The "loose" option must be the same for @babel/plugin-transform-class-properties, @babel/plugin-transform-private-methods and @babel/plugin-transform-private-property-in-object (when they are enabled): you can silence this warning by explicitly adding
	["@babel/plugin-transform-private-property-in-object", { "loose": false }]
to the "plugins" section of your Babel config.

If you already set the same 'loose' mode for these plugins in your config, it's possible that they are enabled multiple times with different options.
You can re-run Babel with the BABEL_SHOW_CONFIG_FOR environment variable to show the loaded configuration:
	npx cross-env BABEL_SHOW_CONFIG_FOR=/Users/Ajaya/Documents/TizenGitTVApp/node_modules/@mui/system/createTheme/createTheme.js <your build command>
See https://babeljs.io/docs/configuration#print-effective-configs for more info.
Though the "loose" option was set to "true" in your @babel/preset-env config, it will not be used for @babel/plugin-transform-private-methods since the "loose" mode option was set to "false" for @babel/plugin-transform-private-property-in-object.
The "loose" option must be the same for @babel/plugin-transform-class-properties, @babel/plugin-transform-private-methods and @babel/plugin-transform-private-property-in-object (when they are enabled): you can silence this warning by explicitly adding
	["@babel/plugin-transform-private-methods", { "loose": false }]
to the "plugins" section of your Babel config.

If you already set the same 'loose' mode for these plugins in your config, it's possible that they are enabled multiple times with different options.
You can re-run Babel with the BABEL_SHOW_CONFIG_FOR environment variable to show the loaded configuration:
	npx cross-env BABEL_SHOW_CONFIG_FOR=/Users/Ajaya/Documents/TizenGitTVApp/node_modules/@mui/system/createTheme/createTheme.js <your build command>
See https://babeljs.io/docs/configuration#print-effective-configs for more info.
Though the "loose" option was set to "true" in your @babel/preset-env config, it will not be used for @babel/plugin-transform-private-property-in-object since the "loose" mode option was set to "false" for @babel/plugin-transform-class-properties.
The "loose" option must be the same for @babel/plugin-transform-class-properties, @babel/plugin-transform-private-methods and @babel/plugin-transform-private-property-in-object (when they are enabled): you can silence this warning by explicitly adding
	["@babel/plugin-transform-private-property-in-object", { "loose": false }]
to the "plugins" section of your Babel config.

If you already set the same 'loose' mode for these plugins in your config, it's possible that they are enabled multiple times with different options.
You can re-run Babel with the BABEL_SHOW_CONFIG_FOR environment variable to show the loaded configuration:
	npx cross-env BABEL_SHOW_CONFIG_FOR=/Users/Ajaya/Documents/TizenGitTVApp/node_modules/@mui/system/responsivePropType/responsivePropType.js <your build command>
See https://babeljs.io/docs/configuration#print-effective-configs for more info.
Though the "loose" option was set to "true" in your @babel/preset-env config, it will not be used for @babel/plugin-transform-private-methods since the "loose" mode option was set to "false" for @babel/plugin-transform-private-property-in-object.
The "loose" option must be the same for @babel/plugin-transform-class-properties, @babel/plugin-transform-private-methods and @babel/plugin-transform-private-property-in-object (when they are enabled): you can silence this warning by explicitly adding
	["@babel/plugin-transform-private-methods", { "loose": false }]
to the "plugins" section of your Babel config.

If you already set the same 'loose' mode for these plugins in your config, it's possible that they are enabled multiple times with different options.
You can re-run Babel with the BABEL_SHOW_CONFIG_FOR environment variable to show the loaded configuration:
	npx cross-env BABEL_SHOW_CONFIG_FOR=/Users/Ajaya/Documents/TizenGitTVApp/node_modules/@mui/system/responsivePropType/responsivePropType.js <your build command>
See https://babeljs.io/docs/configuration#print-effective-configs for more info.
Though the "loose" option was set to "true" in your @babel/preset-env config, it will not be used for @babel/plugin-transform-private-property-in-object since the "loose" mode option was set to "false" for @babel/plugin-transform-class-properties.
The "loose" option must be the same for @babel/plugin-transform-class-properties, @babel/plugin-transform-private-methods and @babel/plugin-transform-private-property-in-object (when they are enabled): you can silence this warning by explicitly adding
	["@babel/plugin-transform-private-property-in-object", { "loose": false }]
to the "plugins" section of your Babel config.

If you already set the same 'loose' mode for these plugins in your config, it's possible that they are enabled multiple times with different options.
You can re-run Babel with the BABEL_SHOW_CONFIG_FOR environment variable to show the loaded configuration:
	npx cross-env BABEL_SHOW_CONFIG_FOR=/Users/Ajaya/Documents/TizenGitTVApp/node_modules/@mui/system/Grid/traverseBreakpoints.js <your build command>
See https://babeljs.io/docs/configuration#print-effective-configs for more info.
Though the "loose" option was set to "true" in your @babel/preset-env config, it will not be used for @babel/plugin-transform-private-methods since the "loose" mode option was set to "false" for @babel/plugin-transform-private-property-in-object.
The "loose" option must be the same for @babel/plugin-transform-class-properties, @babel/plugin-transform-private-methods and @babel/plugin-transform-private-property-in-object (when they are enabled): you can silence this warning by explicitly adding
	["@babel/plugin-transform-private-methods", { "loose": false }]
to the "plugins" section of your Babel config.

If you already set the same 'loose' mode for these plugins in your config, it's possible that they are enabled multiple times with different options.
You can re-run Babel with the BABEL_SHOW_CONFIG_FOR environment variable to show the loaded configuration:
	npx cross-env BABEL_SHOW_CONFIG_FOR=/Users/Ajaya/Documents/TizenGitTVApp/node_modules/@mui/system/Grid/traverseBreakpoints.js <your build command>
See https://babeljs.io/docs/configuration#print-effective-configs for more info.
Though the "loose" option was set to "true" in your @babel/preset-env config, it will not be used for @babel/plugin-transform-private-property-in-object since the "loose" mode option was set to "false" for @babel/plugin-transform-class-properties.
The "loose" option must be the same for @babel/plugin-transform-class-properties, @babel/plugin-transform-private-methods and @babel/plugin-transform-private-property-in-object (when they are enabled): you can silence this warning by explicitly adding
	["@babel/plugin-transform-private-property-in-object", { "loose": false }]
to the "plugins" section of your Babel config.

If you already set the same 'loose' mode for these plugins in your config, it's possible that they are enabled multiple times with different options.
You can re-run Babel with the BABEL_SHOW_CONFIG_FOR environment variable to show the loaded configuration:
	npx cross-env BABEL_SHOW_CONFIG_FOR=/Users/Ajaya/Documents/TizenGitTVApp/node_modules/@mui/system/ThemeProvider/ThemeProvider.js <your build command>
See https://babeljs.io/docs/configuration#print-effective-configs for more info.
Though the "loose" option was set to "true" in your @babel/preset-env config, it will not be used for @babel/plugin-transform-private-methods since the "loose" mode option was set to "false" for @babel/plugin-transform-private-property-in-object.
The "loose" option must be the same for @babel/plugin-transform-class-properties, @babel/plugin-transform-private-methods and @babel/plugin-transform-private-property-in-object (when they are enabled): you can silence this warning by explicitly adding
	["@babel/plugin-transform-private-methods", { "loose": false }]
to the "plugins" section of your Babel config.

If you already set the same 'loose' mode for these plugins in your config, it's possible that they are enabled multiple times with different options.
You can re-run Babel with the BABEL_SHOW_CONFIG_FOR environment variable to show the loaded configuration:
	npx cross-env BABEL_SHOW_CONFIG_FOR=/Users/Ajaya/Documents/TizenGitTVApp/node_modules/@mui/system/ThemeProvider/ThemeProvider.js <your build command>
See https://babeljs.io/docs/configuration#print-effective-configs for more info.
Though the "loose" option was set to "true" in your @babel/preset-env config, it will not be used for @babel/plugin-transform-private-property-in-object since the "loose" mode option was set to "false" for @babel/plugin-transform-class-properties.
The "loose" option must be the same for @babel/plugin-transform-class-properties, @babel/plugin-transform-private-methods and @babel/plugin-transform-private-property-in-object (when they are enabled): you can silence this warning by explicitly adding
	["@babel/plugin-transform-private-property-in-object", { "loose": false }]
to the "plugins" section of your Babel config.

If you already set the same 'loose' mode for these plugins in your config, it's possible that they are enabled multiple times with different options.
You can re-run Babel with the BABEL_SHOW_CONFIG_FOR environment variable to show the loaded configuration:
	npx cross-env BABEL_SHOW_CONFIG_FOR=/Users/Ajaya/Documents/TizenGitTVApp/node_modules/@mui/system/Grid/gridClasses.js <your build command>
See https://babeljs.io/docs/configuration#print-effective-configs for more info.
Though the "loose" option was set to "true" in your @babel/preset-env config, it will not be used for @babel/plugin-transform-private-methods since the "loose" mode option was set to "false" for @babel/plugin-transform-private-property-in-object.
The "loose" option must be the same for @babel/plugin-transform-class-properties, @babel/plugin-transform-private-methods and @babel/plugin-transform-private-property-in-object (when they are enabled): you can silence this warning by explicitly adding
	["@babel/plugin-transform-private-methods", { "loose": false }]
to the "plugins" section of your Babel config.

If you already set the same 'loose' mode for these plugins in your config, it's possible that they are enabled multiple times with different options.
You can re-run Babel with the BABEL_SHOW_CONFIG_FOR environment variable to show the loaded configuration:
	npx cross-env BABEL_SHOW_CONFIG_FOR=/Users/Ajaya/Documents/TizenGitTVApp/node_modules/@mui/system/Grid/gridClasses.js <your build command>
See https://babeljs.io/docs/configuration#print-effective-configs for more info.
Though the "loose" option was set to "true" in your @babel/preset-env config, it will not be used for @babel/plugin-transform-private-property-in-object since the "loose" mode option was set to "false" for @babel/plugin-transform-class-properties.
The "loose" option must be the same for @babel/plugin-transform-class-properties, @babel/plugin-transform-private-methods and @babel/plugin-transform-private-property-in-object (when they are enabled): you can silence this warning by explicitly adding
	["@babel/plugin-transform-private-property-in-object", { "loose": false }]
to the "plugins" section of your Babel config.

If you already set the same 'loose' mode for these plugins in your config, it's possible that they are enabled multiple times with different options.
You can re-run Babel with the BABEL_SHOW_CONFIG_FOR environment variable to show the loaded configuration:
	npx cross-env BABEL_SHOW_CONFIG_FOR=/Users/Ajaya/Documents/TizenGitTVApp/node_modules/@mui/system/Grid/GridProps.js <your build command>
See https://babeljs.io/docs/configuration#print-effective-configs for more info.
Though the "loose" option was set to "true" in your @babel/preset-env config, it will not be used for @babel/plugin-transform-private-methods since the "loose" mode option was set to "false" for @babel/plugin-transform-private-property-in-object.
The "loose" option must be the same for @babel/plugin-transform-class-properties, @babel/plugin-transform-private-methods and @babel/plugin-transform-private-property-in-object (when they are enabled): you can silence this warning by explicitly adding
	["@babel/plugin-transform-private-methods", { "loose": false }]
to the "plugins" section of your Babel config.

If you already set the same 'loose' mode for these plugins in your config, it's possible that they are enabled multiple times with different options.
You can re-run Babel with the BABEL_SHOW_CONFIG_FOR environment variable to show the loaded configuration:
	npx cross-env BABEL_SHOW_CONFIG_FOR=/Users/Ajaya/Documents/TizenGitTVApp/node_modules/@mui/system/Grid/GridProps.js <your build command>
See https://babeljs.io/docs/configuration#print-effective-configs for more info.
Though the "loose" option was set to "true" in your @babel/preset-env config, it will not be used for @babel/plugin-transform-private-property-in-object since the "loose" mode option was set to "false" for @babel/plugin-transform-class-properties.
The "loose" option must be the same for @babel/plugin-transform-class-properties, @babel/plugin-transform-private-methods and @babel/plugin-transform-private-property-in-object (when they are enabled): you can silence this warning by explicitly adding
	["@babel/plugin-transform-private-property-in-object", { "loose": false }]
to the "plugins" section of your Babel config.

If you already set the same 'loose' mode for these plugins in your config, it's possible that they are enabled multiple times with different options.
You can re-run Babel with the BABEL_SHOW_CONFIG_FOR environment variable to show the loaded configuration:
	npx cross-env BABEL_SHOW_CONFIG_FOR=/Users/Ajaya/Documents/TizenGitTVApp/node_modules/@mui/system/useMediaQuery/useMediaQuery.js <your build command>
See https://babeljs.io/docs/configuration#print-effective-configs for more info.
Though the "loose" option was set to "true" in your @babel/preset-env config, it will not be used for @babel/plugin-transform-private-methods since the "loose" mode option was set to "false" for @babel/plugin-transform-private-property-in-object.
The "loose" option must be the same for @babel/plugin-transform-class-properties, @babel/plugin-transform-private-methods and @babel/plugin-transform-private-property-in-object (when they are enabled): you can silence this warning by explicitly adding
	["@babel/plugin-transform-private-methods", { "loose": false }]
to the "plugins" section of your Babel config.

If you already set the same 'loose' mode for these plugins in your config, it's possible that they are enabled multiple times with different options.
You can re-run Babel with the BABEL_SHOW_CONFIG_FOR environment variable to show the loaded configuration:
	npx cross-env BABEL_SHOW_CONFIG_FOR=/Users/Ajaya/Documents/TizenGitTVApp/node_modules/@mui/system/useMediaQuery/useMediaQuery.js <your build command>
See https://babeljs.io/docs/configuration#print-effective-configs for more info.
Though the "loose" option was set to "true" in your @babel/preset-env config, it will not be used for @babel/plugin-transform-private-property-in-object since the "loose" mode option was set to "false" for @babel/plugin-transform-class-properties.
The "loose" option must be the same for @babel/plugin-transform-class-properties, @babel/plugin-transform-private-methods and @babel/plugin-transform-private-property-in-object (when they are enabled): you can silence this warning by explicitly adding
	["@babel/plugin-transform-private-property-in-object", { "loose": false }]
to the "plugins" section of your Babel config.

If you already set the same 'loose' mode for these plugins in your config, it's possible that they are enabled multiple times with different options.
You can re-run Babel with the BABEL_SHOW_CONFIG_FOR environment variable to show the loaded configuration:
	npx cross-env BABEL_SHOW_CONFIG_FOR=/Users/Ajaya/Documents/TizenGitTVApp/node_modules/@mui/material/NativeSelect/NativeSelectInput.js <your build command>
See https://babeljs.io/docs/configuration#print-effective-configs for more info.
Though the "loose" option was set to "true" in your @babel/preset-env config, it will not be used for @babel/plugin-transform-private-methods since the "loose" mode option was set to "false" for @babel/plugin-transform-private-property-in-object.
The "loose" option must be the same for @babel/plugin-transform-class-properties, @babel/plugin-transform-private-methods and @babel/plugin-transform-private-property-in-object (when they are enabled): you can silence this warning by explicitly adding
	["@babel/plugin-transform-private-methods", { "loose": false }]
to the "plugins" section of your Babel config.

If you already set the same 'loose' mode for these plugins in your config, it's possible that they are enabled multiple times with different options.
You can re-run Babel with the BABEL_SHOW_CONFIG_FOR environment variable to show the loaded configuration:
	npx cross-env BABEL_SHOW_CONFIG_FOR=/Users/Ajaya/Documents/TizenGitTVApp/node_modules/@mui/material/NativeSelect/NativeSelectInput.js <your build command>
See https://babeljs.io/docs/configuration#print-effective-configs for more info.
Though the "loose" option was set to "true" in your @babel/preset-env config, it will not be used for @babel/plugin-transform-private-property-in-object since the "loose" mode option was set to "false" for @babel/plugin-transform-class-properties.
The "loose" option must be the same for @babel/plugin-transform-class-properties, @babel/plugin-transform-private-methods and @babel/plugin-transform-private-property-in-object (when they are enabled): you can silence this warning by explicitly adding
	["@babel/plugin-transform-private-property-in-object", { "loose": false }]
to the "plugins" section of your Babel config.

If you already set the same 'loose' mode for these plugins in your config, it's possible that they are enabled multiple times with different options.
You can re-run Babel with the BABEL_SHOW_CONFIG_FOR environment variable to show the loaded configuration:
	npx cross-env BABEL_SHOW_CONFIG_FOR=/Users/Ajaya/Documents/TizenGitTVApp/node_modules/@mui/utils/elementTypeAcceptingRef/elementTypeAcceptingRef.js <your build command>
See https://babeljs.io/docs/configuration#print-effective-configs for more info.
Though the "loose" option was set to "true" in your @babel/preset-env config, it will not be used for @babel/plugin-transform-private-methods since the "loose" mode option was set to "false" for @babel/plugin-transform-private-property-in-object.
The "loose" option must be the same for @babel/plugin-transform-class-properties, @babel/plugin-transform-private-methods and @babel/plugin-transform-private-property-in-object (when they are enabled): you can silence this warning by explicitly adding
	["@babel/plugin-transform-private-methods", { "loose": false }]
to the "plugins" section of your Babel config.

If you already set the same 'loose' mode for these plugins in your config, it's possible that they are enabled multiple times with different options.
You can re-run Babel with the BABEL_SHOW_CONFIG_FOR environment variable to show the loaded configuration:
	npx cross-env BABEL_SHOW_CONFIG_FOR=/Users/Ajaya/Documents/TizenGitTVApp/node_modules/@mui/utils/elementTypeAcceptingRef/elementTypeAcceptingRef.js <your build command>
See https://babeljs.io/docs/configuration#print-effective-configs for more info.
Though the "loose" option was set to "true" in your @babel/preset-env config, it will not be used for @babel/plugin-transform-private-property-in-object since the "loose" mode option was set to "false" for @babel/plugin-transform-class-properties.
The "loose" option must be the same for @babel/plugin-transform-class-properties, @babel/plugin-transform-private-methods and @babel/plugin-transform-private-property-in-object (when they are enabled): you can silence this warning by explicitly adding
	["@babel/plugin-transform-private-property-in-object", { "loose": false }]
to the "plugins" section of your Babel config.

If you already set the same 'loose' mode for these plugins in your config, it's possible that they are enabled multiple times with different options.
You can re-run Babel with the BABEL_SHOW_CONFIG_FOR environment variable to show the loaded configuration:
	npx cross-env BABEL_SHOW_CONFIG_FOR=/Users/Ajaya/Documents/TizenGitTVApp/node_modules/@mui/system/sizing/sizing.js <your build command>
See https://babeljs.io/docs/configuration#print-effective-configs for more info.
Though the "loose" option was set to "true" in your @babel/preset-env config, it will not be used for @babel/plugin-transform-private-methods since the "loose" mode option was set to "false" for @babel/plugin-transform-private-property-in-object.
The "loose" option must be the same for @babel/plugin-transform-class-properties, @babel/plugin-transform-private-methods and @babel/plugin-transform-private-property-in-object (when they are enabled): you can silence this warning by explicitly adding
	["@babel/plugin-transform-private-methods", { "loose": false }]
to the "plugins" section of your Babel config.

If you already set the same 'loose' mode for these plugins in your config, it's possible that they are enabled multiple times with different options.
You can re-run Babel with the BABEL_SHOW_CONFIG_FOR environment variable to show the loaded configuration:
	npx cross-env BABEL_SHOW_CONFIG_FOR=/Users/Ajaya/Documents/TizenGitTVApp/node_modules/@mui/system/sizing/sizing.js <your build command>
See https://babeljs.io/docs/configuration#print-effective-configs for more info.
Though the "loose" option was set to "true" in your @babel/preset-env config, it will not be used for @babel/plugin-transform-private-property-in-object since the "loose" mode option was set to "false" for @babel/plugin-transform-class-properties.
The "loose" option must be the same for @babel/plugin-transform-class-properties, @babel/plugin-transform-private-methods and @babel/plugin-transform-private-property-in-object (when they are enabled): you can silence this warning by explicitly adding
	["@babel/plugin-transform-private-property-in-object", { "loose": false }]
to the "plugins" section of your Babel config.

If you already set the same 'loose' mode for these plugins in your config, it's possible that they are enabled multiple times with different options.
You can re-run Babel with the BABEL_SHOW_CONFIG_FOR environment variable to show the loaded configuration:
	npx cross-env BABEL_SHOW_CONFIG_FOR=/Users/Ajaya/Documents/TizenGitTVApp/node_modules/@mui/utils/formatMuiErrorMessage/formatMuiErrorMessage.js <your build command>
See https://babeljs.io/docs/configuration#print-effective-configs for more info.
Though the "loose" option was set to "true" in your @babel/preset-env config, it will not be used for @babel/plugin-transform-private-methods since the "loose" mode option was set to "false" for @babel/plugin-transform-private-property-in-object.
The "loose" option must be the same for @babel/plugin-transform-class-properties, @babel/plugin-transform-private-methods and @babel/plugin-transform-private-property-in-object (when they are enabled): you can silence this warning by explicitly adding
	["@babel/plugin-transform-private-methods", { "loose": false }]
to the "plugins" section of your Babel config.

If you already set the same 'loose' mode for these plugins in your config, it's possible that they are enabled multiple times with different options.
You can re-run Babel with the BABEL_SHOW_CONFIG_FOR environment variable to show the loaded configuration:
	npx cross-env BABEL_SHOW_CONFIG_FOR=/Users/Ajaya/Documents/TizenGitTVApp/node_modules/@mui/utils/formatMuiErrorMessage/formatMuiErrorMessage.js <your build command>
See https://babeljs.io/docs/configuration#print-effective-configs for more info.
Though the "loose" option was set to "true" in your @babel/preset-env config, it will not be used for @babel/plugin-transform-private-property-in-object since the "loose" mode option was set to "false" for @babel/plugin-transform-class-properties.
The "loose" option must be the same for @babel/plugin-transform-class-properties, @babel/plugin-transform-private-methods and @babel/plugin-transform-private-property-in-object (when they are enabled): you can silence this warning by explicitly adding
	["@babel/plugin-transform-private-property-in-object", { "loose": false }]
to the "plugins" section of your Babel config.

If you already set the same 'loose' mode for these plugins in your config, it's possible that they are enabled multiple times with different options.
You can re-run Babel with the BABEL_SHOW_CONFIG_FOR environment variable to show the loaded configuration:
	npx cross-env BABEL_SHOW_CONFIG_FOR=/Users/Ajaya/Documents/TizenGitTVApp/node_modules/@mui/system/style/style.js <your build command>
See https://babeljs.io/docs/configuration#print-effective-configs for more info.
Though the "loose" option was set to "true" in your @babel/preset-env config, it will not be used for @babel/plugin-transform-private-methods since the "loose" mode option was set to "false" for @babel/plugin-transform-private-property-in-object.
The "loose" option must be the same for @babel/plugin-transform-class-properties, @babel/plugin-transform-private-methods and @babel/plugin-transform-private-property-in-object (when they are enabled): you can silence this warning by explicitly adding
	["@babel/plugin-transform-private-methods", { "loose": false }]
to the "plugins" section of your Babel config.

If you already set the same 'loose' mode for these plugins in your config, it's possible that they are enabled multiple times with different options.
You can re-run Babel with the BABEL_SHOW_CONFIG_FOR environment variable to show the loaded configuration:
	npx cross-env BABEL_SHOW_CONFIG_FOR=/Users/Ajaya/Documents/TizenGitTVApp/node_modules/@mui/system/style/style.js <your build command>
See https://babeljs.io/docs/configuration#print-effective-configs for more info.
Though the "loose" option was set to "true" in your @babel/preset-env config, it will not be used for @babel/plugin-transform-private-property-in-object since the "loose" mode option was set to "false" for @babel/plugin-transform-class-properties.
The "loose" option must be the same for @babel/plugin-transform-class-properties, @babel/plugin-transform-private-methods and @babel/plugin-transform-private-property-in-object (when they are enabled): you can silence this warning by explicitly adding
	["@babel/plugin-transform-private-property-in-object", { "loose": false }]
to the "plugins" section of your Babel config.

If you already set the same 'loose' mode for these plugins in your config, it's possible that they are enabled multiple times with different options.
You can re-run Babel with the BABEL_SHOW_CONFIG_FOR environment variable to show the loaded configuration:
	npx cross-env BABEL_SHOW_CONFIG_FOR=/Users/Ajaya/Documents/TizenGitTVApp/node_modules/@mui/system/spacing/spacing.js <your build command>
See https://babeljs.io/docs/configuration#print-effective-configs for more info.
Though the "loose" option was set to "true" in your @babel/preset-env config, it will not be used for @babel/plugin-transform-private-methods since the "loose" mode option was set to "false" for @babel/plugin-transform-private-property-in-object.
The "loose" option must be the same for @babel/plugin-transform-class-properties, @babel/plugin-transform-private-methods and @babel/plugin-transform-private-property-in-object (when they are enabled): you can silence this warning by explicitly adding
	["@babel/plugin-transform-private-methods", { "loose": false }]
to the "plugins" section of your Babel config.

If you already set the same 'loose' mode for these plugins in your config, it's possible that they are enabled multiple times with different options.
You can re-run Babel with the BABEL_SHOW_CONFIG_FOR environment variable to show the loaded configuration:
	npx cross-env BABEL_SHOW_CONFIG_FOR=/Users/Ajaya/Documents/TizenGitTVApp/node_modules/@mui/system/spacing/spacing.js <your build command>
See https://babeljs.io/docs/configuration#print-effective-configs for more info.
Though the "loose" option was set to "true" in your @babel/preset-env config, it will not be used for @babel/plugin-transform-private-property-in-object since the "loose" mode option was set to "false" for @babel/plugin-transform-class-properties.
The "loose" option must be the same for @babel/plugin-transform-class-properties, @babel/plugin-transform-private-methods and @babel/plugin-transform-private-property-in-object (when they are enabled): you can silence this warning by explicitly adding
	["@babel/plugin-transform-private-property-in-object", { "loose": false }]
to the "plugins" section of your Babel config.

If you already set the same 'loose' mode for these plugins in your config, it's possible that they are enabled multiple times with different options.
You can re-run Babel with the BABEL_SHOW_CONFIG_FOR environment variable to show the loaded configuration:
	npx cross-env BABEL_SHOW_CONFIG_FOR=/Users/Ajaya/Documents/TizenGitTVApp/node_modules/@mui/system/shadows/shadows.js <your build command>
See https://babeljs.io/docs/configuration#print-effective-configs for more info.
Though the "loose" option was set to "true" in your @babel/preset-env config, it will not be used for @babel/plugin-transform-private-methods since the "loose" mode option was set to "false" for @babel/plugin-transform-private-property-in-object.
The "loose" option must be the same for @babel/plugin-transform-class-properties, @babel/plugin-transform-private-methods and @babel/plugin-transform-private-property-in-object (when they are enabled): you can silence this warning by explicitly adding
	["@babel/plugin-transform-private-methods", { "loose": false }]
to the "plugins" section of your Babel config.

If you already set the same 'loose' mode for these plugins in your config, it's possible that they are enabled multiple times with different options.
You can re-run Babel with the BABEL_SHOW_CONFIG_FOR environment variable to show the loaded configuration:
	npx cross-env BABEL_SHOW_CONFIG_FOR=/Users/Ajaya/Documents/TizenGitTVApp/node_modules/@mui/system/shadows/shadows.js <your build command>
See https://babeljs.io/docs/configuration#print-effective-configs for more info.
Though the "loose" option was set to "true" in your @babel/preset-env config, it will not be used for @babel/plugin-transform-private-property-in-object since the "loose" mode option was set to "false" for @babel/plugin-transform-class-properties.
The "loose" option must be the same for @babel/plugin-transform-class-properties, @babel/plugin-transform-private-methods and @babel/plugin-transform-private-property-in-object (when they are enabled): you can silence this warning by explicitly adding
	["@babel/plugin-transform-private-property-in-object", { "loose": false }]
to the "plugins" section of your Babel config.

If you already set the same 'loose' mode for these plugins in your config, it's possible that they are enabled multiple times with different options.
You can re-run Babel with the BABEL_SHOW_CONFIG_FOR environment variable to show the loaded configuration:
	npx cross-env BABEL_SHOW_CONFIG_FOR=/Users/Ajaya/Documents/TizenGitTVApp/node_modules/@mui/utils/deepmerge/index.js <your build command>
See https://babeljs.io/docs/configuration#print-effective-configs for more info.
Though the "loose" option was set to "true" in your @babel/preset-env config, it will not be used for @babel/plugin-transform-private-methods since the "loose" mode option was set to "false" for @babel/plugin-transform-private-property-in-object.
The "loose" option must be the same for @babel/plugin-transform-class-properties, @babel/plugin-transform-private-methods and @babel/plugin-transform-private-property-in-object (when they are enabled): you can silence this warning by explicitly adding
	["@babel/plugin-transform-private-methods", { "loose": false }]
to the "plugins" section of your Babel config.

If you already set the same 'loose' mode for these plugins in your config, it's possible that they are enabled multiple times with different options.
You can re-run Babel with the BABEL_SHOW_CONFIG_FOR environment variable to show the loaded configuration:
	npx cross-env BABEL_SHOW_CONFIG_FOR=/Users/Ajaya/Documents/TizenGitTVApp/node_modules/@mui/utils/deepmerge/index.js <your build command>
See https://babeljs.io/docs/configuration#print-effective-configs for more info.
Though the "loose" option was set to "true" in your @babel/preset-env config, it will not be used for @babel/plugin-transform-private-property-in-object since the "loose" mode option was set to "false" for @babel/plugin-transform-class-properties.
The "loose" option must be the same for @babel/plugin-transform-class-properties, @babel/plugin-transform-private-methods and @babel/plugin-transform-private-property-in-object (when they are enabled): you can silence this warning by explicitly adding
	["@babel/plugin-transform-private-property-in-object", { "loose": false }]
to the "plugins" section of your Babel config.

If you already set the same 'loose' mode for these plugins in your config, it's possible that they are enabled multiple times with different options.
You can re-run Babel with the BABEL_SHOW_CONFIG_FOR environment variable to show the loaded configuration:
	npx cross-env BABEL_SHOW_CONFIG_FOR=/Users/Ajaya/Documents/TizenGitTVApp/node_modules/@mui/material/styles/ThemeProviderNoVars.js <your build command>
See https://babeljs.io/docs/configuration#print-effective-configs for more info.
Though the "loose" option was set to "true" in your @babel/preset-env config, it will not be used for @babel/plugin-transform-private-methods since the "loose" mode option was set to "false" for @babel/plugin-transform-private-property-in-object.
The "loose" option must be the same for @babel/plugin-transform-class-properties, @babel/plugin-transform-private-methods and @babel/plugin-transform-private-property-in-object (when they are enabled): you can silence this warning by explicitly adding
	["@babel/plugin-transform-private-methods", { "loose": false }]
to the "plugins" section of your Babel config.

If you already set the same 'loose' mode for these plugins in your config, it's possible that they are enabled multiple times with different options.
You can re-run Babel with the BABEL_SHOW_CONFIG_FOR environment variable to show the loaded configuration:
	npx cross-env BABEL_SHOW_CONFIG_FOR=/Users/Ajaya/Documents/TizenGitTVApp/node_modules/@mui/material/styles/ThemeProviderNoVars.js <your build command>
See https://babeljs.io/docs/configuration#print-effective-configs for more info.
Though the "loose" option was set to "true" in your @babel/preset-env config, it will not be used for @babel/plugin-transform-private-property-in-object since the "loose" mode option was set to "false" for @babel/plugin-transform-class-properties.
The "loose" option must be the same for @babel/plugin-transform-class-properties, @babel/plugin-transform-private-methods and @babel/plugin-transform-private-property-in-object (when they are enabled): you can silence this warning by explicitly adding
	["@babel/plugin-transform-private-property-in-object", { "loose": false }]
to the "plugins" section of your Babel config.

If you already set the same 'loose' mode for these plugins in your config, it's possible that they are enabled multiple times with different options.
You can re-run Babel with the BABEL_SHOW_CONFIG_FOR environment variable to show the loaded configuration:
	npx cross-env BABEL_SHOW_CONFIG_FOR=/Users/Ajaya/Documents/TizenGitTVApp/node_modules/@mui/system/positions/positions.js <your build command>
See https://babeljs.io/docs/configuration#print-effective-configs for more info.
Though the "loose" option was set to "true" in your @babel/preset-env config, it will not be used for @babel/plugin-transform-private-methods since the "loose" mode option was set to "false" for @babel/plugin-transform-private-property-in-object.
The "loose" option must be the same for @babel/plugin-transform-class-properties, @babel/plugin-transform-private-methods and @babel/plugin-transform-private-property-in-object (when they are enabled): you can silence this warning by explicitly adding
	["@babel/plugin-transform-private-methods", { "loose": false }]
to the "plugins" section of your Babel config.

If you already set the same 'loose' mode for these plugins in your config, it's possible that they are enabled multiple times with different options.
You can re-run Babel with the BABEL_SHOW_CONFIG_FOR environment variable to show the loaded configuration:
	npx cross-env BABEL_SHOW_CONFIG_FOR=/Users/Ajaya/Documents/TizenGitTVApp/node_modules/@mui/system/positions/positions.js <your build command>
See https://babeljs.io/docs/configuration#print-effective-configs for more info.
Though the "loose" option was set to "true" in your @babel/preset-env config, it will not be used for @babel/plugin-transform-private-property-in-object since the "loose" mode option was set to "false" for @babel/plugin-transform-class-properties.
The "loose" option must be the same for @babel/plugin-transform-class-properties, @babel/plugin-transform-private-methods and @babel/plugin-transform-private-property-in-object (when they are enabled): you can silence this warning by explicitly adding
	["@babel/plugin-transform-private-property-in-object", { "loose": false }]
to the "plugins" section of your Babel config.

If you already set the same 'loose' mode for these plugins in your config, it's possible that they are enabled multiple times with different options.
You can re-run Babel with the BABEL_SHOW_CONFIG_FOR environment variable to show the loaded configuration:
	npx cross-env BABEL_SHOW_CONFIG_FOR=/Users/Ajaya/Documents/TizenGitTVApp/node_modules/@mui/system/typography/typography.js <your build command>
See https://babeljs.io/docs/configuration#print-effective-configs for more info.
Though the "loose" option was set to "true" in your @babel/preset-env config, it will not be used for @babel/plugin-transform-private-methods since the "loose" mode option was set to "false" for @babel/plugin-transform-private-property-in-object.
The "loose" option must be the same for @babel/plugin-transform-class-properties, @babel/plugin-transform-private-methods and @babel/plugin-transform-private-property-in-object (when they are enabled): you can silence this warning by explicitly adding
	["@babel/plugin-transform-private-methods", { "loose": false }]
to the "plugins" section of your Babel config.

If you already set the same 'loose' mode for these plugins in your config, it's possible that they are enabled multiple times with different options.
You can re-run Babel with the BABEL_SHOW_CONFIG_FOR environment variable to show the loaded configuration:
	npx cross-env BABEL_SHOW_CONFIG_FOR=/Users/Ajaya/Documents/TizenGitTVApp/node_modules/@mui/system/typography/typography.js <your build command>
See https://babeljs.io/docs/configuration#print-effective-configs for more info.
Though the "loose" option was set to "true" in your @babel/preset-env config, it will not be used for @babel/plugin-transform-private-property-in-object since the "loose" mode option was set to "false" for @babel/plugin-transform-class-properties.
The "loose" option must be the same for @babel/plugin-transform-class-properties, @babel/plugin-transform-private-methods and @babel/plugin-transform-private-property-in-object (when they are enabled): you can silence this warning by explicitly adding
	["@babel/plugin-transform-private-property-in-object", { "loose": false }]
to the "plugins" section of your Babel config.

If you already set the same 'loose' mode for these plugins in your config, it's possible that they are enabled multiple times with different options.
You can re-run Babel with the BABEL_SHOW_CONFIG_FOR environment variable to show the loaded configuration:
	npx cross-env BABEL_SHOW_CONFIG_FOR=/Users/Ajaya/Documents/TizenGitTVApp/node_modules/@mui/material/internal/svg-icons/LastPage.js <your build command>
See https://babeljs.io/docs/configuration#print-effective-configs for more info.
Though the "loose" option was set to "true" in your @babel/preset-env config, it will not be used for @babel/plugin-transform-private-methods since the "loose" mode option was set to "false" for @babel/plugin-transform-private-property-in-object.
The "loose" option must be the same for @babel/plugin-transform-class-properties, @babel/plugin-transform-private-methods and @babel/plugin-transform-private-property-in-object (when they are enabled): you can silence this warning by explicitly adding
	["@babel/plugin-transform-private-methods", { "loose": false }]
to the "plugins" section of your Babel config.

If you already set the same 'loose' mode for these plugins in your config, it's possible that they are enabled multiple times with different options.
You can re-run Babel with the BABEL_SHOW_CONFIG_FOR environment variable to show the loaded configuration:
	npx cross-env BABEL_SHOW_CONFIG_FOR=/Users/Ajaya/Documents/TizenGitTVApp/node_modules/@mui/material/internal/svg-icons/LastPage.js <your build command>
See https://babeljs.io/docs/configuration#print-effective-configs for more info.
Though the "loose" option was set to "true" in your @babel/preset-env config, it will not be used for @babel/plugin-transform-private-property-in-object since the "loose" mode option was set to "false" for @babel/plugin-transform-class-properties.
The "loose" option must be the same for @babel/plugin-transform-class-properties, @babel/plugin-transform-private-methods and @babel/plugin-transform-private-property-in-object (when they are enabled): you can silence this warning by explicitly adding
	["@babel/plugin-transform-private-property-in-object", { "loose": false }]
to the "plugins" section of your Babel config.

If you already set the same 'loose' mode for these plugins in your config, it's possible that they are enabled multiple times with different options.
You can re-run Babel with the BABEL_SHOW_CONFIG_FOR environment variable to show the loaded configuration:
	npx cross-env BABEL_SHOW_CONFIG_FOR=/Users/Ajaya/Documents/TizenGitTVApp/node_modules/@mui/material/internal/svg-icons/FirstPage.js <your build command>
See https://babeljs.io/docs/configuration#print-effective-configs for more info.
Though the "loose" option was set to "true" in your @babel/preset-env config, it will not be used for @babel/plugin-transform-private-methods since the "loose" mode option was set to "false" for @babel/plugin-transform-private-property-in-object.
The "loose" option must be the same for @babel/plugin-transform-class-properties, @babel/plugin-transform-private-methods and @babel/plugin-transform-private-property-in-object (when they are enabled): you can silence this warning by explicitly adding
	["@babel/plugin-transform-private-methods", { "loose": false }]
to the "plugins" section of your Babel config.

If you already set the same 'loose' mode for these plugins in your config, it's possible that they are enabled multiple times with different options.
You can re-run Babel with the BABEL_SHOW_CONFIG_FOR environment variable to show the loaded configuration:
	npx cross-env BABEL_SHOW_CONFIG_FOR=/Users/Ajaya/Documents/TizenGitTVApp/node_modules/@mui/material/internal/svg-icons/FirstPage.js <your build command>
See https://babeljs.io/docs/configuration#print-effective-configs for more info.
Though the "loose" option was set to "true" in your @babel/preset-env config, it will not be used for @babel/plugin-transform-private-property-in-object since the "loose" mode option was set to "false" for @babel/plugin-transform-class-properties.
The "loose" option must be the same for @babel/plugin-transform-class-properties, @babel/plugin-transform-private-methods and @babel/plugin-transform-private-property-in-object (when they are enabled): you can silence this warning by explicitly adding
	["@babel/plugin-transform-private-property-in-object", { "loose": false }]
to the "plugins" section of your Babel config.

If you already set the same 'loose' mode for these plugins in your config, it's possible that they are enabled multiple times with different options.
You can re-run Babel with the BABEL_SHOW_CONFIG_FOR environment variable to show the loaded configuration:
	npx cross-env BABEL_SHOW_CONFIG_FOR=/Users/Ajaya/Documents/TizenGitTVApp/node_modules/@mui/material/internal/svg-icons/NavigateBefore.js <your build command>
See https://babeljs.io/docs/configuration#print-effective-configs for more info.
Though the "loose" option was set to "true" in your @babel/preset-env config, it will not be used for @babel/plugin-transform-private-methods since the "loose" mode option was set to "false" for @babel/plugin-transform-private-property-in-object.
The "loose" option must be the same for @babel/plugin-transform-class-properties, @babel/plugin-transform-private-methods and @babel/plugin-transform-private-property-in-object (when they are enabled): you can silence this warning by explicitly adding
	["@babel/plugin-transform-private-methods", { "loose": false }]
to the "plugins" section of your Babel config.

If you already set the same 'loose' mode for these plugins in your config, it's possible that they are enabled multiple times with different options.
You can re-run Babel with the BABEL_SHOW_CONFIG_FOR environment variable to show the loaded configuration:
	npx cross-env BABEL_SHOW_CONFIG_FOR=/Users/Ajaya/Documents/TizenGitTVApp/node_modules/@mui/material/internal/svg-icons/NavigateBefore.js <your build command>
See https://babeljs.io/docs/configuration#print-effective-configs for more info.
Though the "loose" option was set to "true" in your @babel/preset-env config, it will not be used for @babel/plugin-transform-private-property-in-object since the "loose" mode option was set to "false" for @babel/plugin-transform-class-properties.
The "loose" option must be the same for @babel/plugin-transform-class-properties, @babel/plugin-transform-private-methods and @babel/plugin-transform-private-property-in-object (when they are enabled): you can silence this warning by explicitly adding
	["@babel/plugin-transform-private-property-in-object", { "loose": false }]
to the "plugins" section of your Babel config.

If you already set the same 'loose' mode for these plugins in your config, it's possible that they are enabled multiple times with different options.
You can re-run Babel with the BABEL_SHOW_CONFIG_FOR environment variable to show the loaded configuration:
	npx cross-env BABEL_SHOW_CONFIG_FOR=/Users/Ajaya/Documents/TizenGitTVApp/node_modules/@mui/material/styles/createPalette.js <your build command>
See https://babeljs.io/docs/configuration#print-effective-configs for more info.
Though the "loose" option was set to "true" in your @babel/preset-env config, it will not be used for @babel/plugin-transform-private-methods since the "loose" mode option was set to "false" for @babel/plugin-transform-private-property-in-object.
The "loose" option must be the same for @babel/plugin-transform-class-properties, @babel/plugin-transform-private-methods and @babel/plugin-transform-private-property-in-object (when they are enabled): you can silence this warning by explicitly adding
	["@babel/plugin-transform-private-methods", { "loose": false }]
to the "plugins" section of your Babel config.

If you already set the same 'loose' mode for these plugins in your config, it's possible that they are enabled multiple times with different options.
You can re-run Babel with the BABEL_SHOW_CONFIG_FOR environment variable to show the loaded configuration:
	npx cross-env BABEL_SHOW_CONFIG_FOR=/Users/Ajaya/Documents/TizenGitTVApp/node_modules/@mui/material/styles/createPalette.js <your build command>
See https://babeljs.io/docs/configuration#print-effective-configs for more info.
Though the "loose" option was set to "true" in your @babel/preset-env config, it will not be used for @babel/plugin-transform-private-property-in-object since the "loose" mode option was set to "false" for @babel/plugin-transform-class-properties.
The "loose" option must be the same for @babel/plugin-transform-class-properties, @babel/plugin-transform-private-methods and @babel/plugin-transform-private-property-in-object (when they are enabled): you can silence this warning by explicitly adding
	["@babel/plugin-transform-private-property-in-object", { "loose": false }]
to the "plugins" section of your Babel config.

If you already set the same 'loose' mode for these plugins in your config, it's possible that they are enabled multiple times with different options.
You can re-run Babel with the BABEL_SHOW_CONFIG_FOR environment variable to show the loaded configuration:
	npx cross-env BABEL_SHOW_CONFIG_FOR=/Users/Ajaya/Documents/TizenGitTVApp/node_modules/@mui/material/internal/svg-icons/Star.js <your build command>
See https://babeljs.io/docs/configuration#print-effective-configs for more info.
Though the "loose" option was set to "true" in your @babel/preset-env config, it will not be used for @babel/plugin-transform-private-methods since the "loose" mode option was set to "false" for @babel/plugin-transform-private-property-in-object.
The "loose" option must be the same for @babel/plugin-transform-class-properties, @babel/plugin-transform-private-methods and @babel/plugin-transform-private-property-in-object (when they are enabled): you can silence this warning by explicitly adding
	["@babel/plugin-transform-private-methods", { "loose": false }]
to the "plugins" section of your Babel config.

If you already set the same 'loose' mode for these plugins in your config, it's possible that they are enabled multiple times with different options.
You can re-run Babel with the BABEL_SHOW_CONFIG_FOR environment variable to show the loaded configuration:
	npx cross-env BABEL_SHOW_CONFIG_FOR=/Users/Ajaya/Documents/TizenGitTVApp/node_modules/@mui/material/internal/svg-icons/Star.js <your build command>
See https://babeljs.io/docs/configuration#print-effective-configs for more info.
Though the "loose" option was set to "true" in your @babel/preset-env config, it will not be used for @babel/plugin-transform-private-property-in-object since the "loose" mode option was set to "false" for @babel/plugin-transform-class-properties.
The "loose" option must be the same for @babel/plugin-transform-class-properties, @babel/plugin-transform-private-methods and @babel/plugin-transform-private-property-in-object (when they are enabled): you can silence this warning by explicitly adding
	["@babel/plugin-transform-private-property-in-object", { "loose": false }]
to the "plugins" section of your Babel config.

If you already set the same 'loose' mode for these plugins in your config, it's possible that they are enabled multiple times with different options.
You can re-run Babel with the BABEL_SHOW_CONFIG_FOR environment variable to show the loaded configuration:
	npx cross-env BABEL_SHOW_CONFIG_FOR=/Users/Ajaya/Documents/TizenGitTVApp/node_modules/@mui/material/internal/svg-icons/StarBorder.js <your build command>
See https://babeljs.io/docs/configuration#print-effective-configs for more info.
Though the "loose" option was set to "true" in your @babel/preset-env config, it will not be used for @babel/plugin-transform-private-methods since the "loose" mode option was set to "false" for @babel/plugin-transform-private-property-in-object.
The "loose" option must be the same for @babel/plugin-transform-class-properties, @babel/plugin-transform-private-methods and @babel/plugin-transform-private-property-in-object (when they are enabled): you can silence this warning by explicitly adding
	["@babel/plugin-transform-private-methods", { "loose": false }]
to the "plugins" section of your Babel config.

If you already set the same 'loose' mode for these plugins in your config, it's possible that they are enabled multiple times with different options.
You can re-run Babel with the BABEL_SHOW_CONFIG_FOR environment variable to show the loaded configuration:
	npx cross-env BABEL_SHOW_CONFIG_FOR=/Users/Ajaya/Documents/TizenGitTVApp/node_modules/@mui/material/internal/svg-icons/StarBorder.js <your build command>
See https://babeljs.io/docs/configuration#print-effective-configs for more info.
Though the "loose" option was set to "true" in your @babel/preset-env config, it will not be used for @babel/plugin-transform-private-property-in-object since the "loose" mode option was set to "false" for @babel/plugin-transform-class-properties.
The "loose" option must be the same for @babel/plugin-transform-class-properties, @babel/plugin-transform-private-methods and @babel/plugin-transform-private-property-in-object (when they are enabled): you can silence this warning by explicitly adding
	["@babel/plugin-transform-private-property-in-object", { "loose": false }]
to the "plugins" section of your Babel config.

If you already set the same 'loose' mode for these plugins in your config, it's possible that they are enabled multiple times with different options.
You can re-run Babel with the BABEL_SHOW_CONFIG_FOR environment variable to show the loaded configuration:
	npx cross-env BABEL_SHOW_CONFIG_FOR=/Users/Ajaya/Documents/TizenGitTVApp/node_modules/@mui/material/Radio/RadioButtonIcon.js <your build command>
See https://babeljs.io/docs/configuration#print-effective-configs for more info.
Though the "loose" option was set to "true" in your @babel/preset-env config, it will not be used for @babel/plugin-transform-private-methods since the "loose" mode option was set to "false" for @babel/plugin-transform-private-property-in-object.
The "loose" option must be the same for @babel/plugin-transform-class-properties, @babel/plugin-transform-private-methods and @babel/plugin-transform-private-property-in-object (when they are enabled): you can silence this warning by explicitly adding
	["@babel/plugin-transform-private-methods", { "loose": false }]
to the "plugins" section of your Babel config.

If you already set the same 'loose' mode for these plugins in your config, it's possible that they are enabled multiple times with different options.
You can re-run Babel with the BABEL_SHOW_CONFIG_FOR environment variable to show the loaded configuration:
	npx cross-env BABEL_SHOW_CONFIG_FOR=/Users/Ajaya/Documents/TizenGitTVApp/node_modules/@mui/material/Radio/RadioButtonIcon.js <your build command>
See https://babeljs.io/docs/configuration#print-effective-configs for more info.
Though the "loose" option was set to "true" in your @babel/preset-env config, it will not be used for @babel/plugin-transform-private-property-in-object since the "loose" mode option was set to "false" for @babel/plugin-transform-class-properties.
The "loose" option must be the same for @babel/plugin-transform-class-properties, @babel/plugin-transform-private-methods and @babel/plugin-transform-private-property-in-object (when they are enabled): you can silence this warning by explicitly adding
	["@babel/plugin-transform-private-property-in-object", { "loose": false }]
to the "plugins" section of your Babel config.

If you already set the same 'loose' mode for these plugins in your config, it's possible that they are enabled multiple times with different options.
You can re-run Babel with the BABEL_SHOW_CONFIG_FOR environment variable to show the loaded configuration:
	npx cross-env BABEL_SHOW_CONFIG_FOR=/Users/Ajaya/Documents/TizenGitTVApp/node_modules/@mui/material/internal/svg-icons/CheckCircle.js <your build command>
See https://babeljs.io/docs/configuration#print-effective-configs for more info.
Though the "loose" option was set to "true" in your @babel/preset-env config, it will not be used for @babel/plugin-transform-private-methods since the "loose" mode option was set to "false" for @babel/plugin-transform-private-property-in-object.
The "loose" option must be the same for @babel/plugin-transform-class-properties, @babel/plugin-transform-private-methods and @babel/plugin-transform-private-property-in-object (when they are enabled): you can silence this warning by explicitly adding
	["@babel/plugin-transform-private-methods", { "loose": false }]
to the "plugins" section of your Babel config.

If you already set the same 'loose' mode for these plugins in your config, it's possible that they are enabled multiple times with different options.
You can re-run Babel with the BABEL_SHOW_CONFIG_FOR environment variable to show the loaded configuration:
	npx cross-env BABEL_SHOW_CONFIG_FOR=/Users/Ajaya/Documents/TizenGitTVApp/node_modules/@mui/material/internal/svg-icons/CheckCircle.js <your build command>
See https://babeljs.io/docs/configuration#print-effective-configs for more info.
Though the "loose" option was set to "true" in your @babel/preset-env config, it will not be used for @babel/plugin-transform-private-property-in-object since the "loose" mode option was set to "false" for @babel/plugin-transform-class-properties.
The "loose" option must be the same for @babel/plugin-transform-class-properties, @babel/plugin-transform-private-methods and @babel/plugin-transform-private-property-in-object (when they are enabled): you can silence this warning by explicitly adding
	["@babel/plugin-transform-private-property-in-object", { "loose": false }]
to the "plugins" section of your Babel config.

If you already set the same 'loose' mode for these plugins in your config, it's possible that they are enabled multiple times with different options.
You can re-run Babel with the BABEL_SHOW_CONFIG_FOR environment variable to show the loaded configuration:
	npx cross-env BABEL_SHOW_CONFIG_FOR=/Users/Ajaya/Documents/TizenGitTVApp/node_modules/@mui/utils/clamp/index.js <your build command>
See https://babeljs.io/docs/configuration#print-effective-configs for more info.
Though the "loose" option was set to "true" in your @babel/preset-env config, it will not be used for @babel/plugin-transform-private-methods since the "loose" mode option was set to "false" for @babel/plugin-transform-private-property-in-object.
The "loose" option must be the same for @babel/plugin-transform-class-properties, @babel/plugin-transform-private-methods and @babel/plugin-transform-private-property-in-object (when they are enabled): you can silence this warning by explicitly adding
	["@babel/plugin-transform-private-methods", { "loose": false }]
to the "plugins" section of your Babel config.

If you already set the same 'loose' mode for these plugins in your config, it's possible that they are enabled multiple times with different options.
You can re-run Babel with the BABEL_SHOW_CONFIG_FOR environment variable to show the loaded configuration:
	npx cross-env BABEL_SHOW_CONFIG_FOR=/Users/Ajaya/Documents/TizenGitTVApp/node_modules/@mui/utils/clamp/index.js <your build command>
See https://babeljs.io/docs/configuration#print-effective-configs for more info.
Though the "loose" option was set to "true" in your @babel/preset-env config, it will not be used for @babel/plugin-transform-private-property-in-object since the "loose" mode option was set to "false" for @babel/plugin-transform-class-properties.
The "loose" option must be the same for @babel/plugin-transform-class-properties, @babel/plugin-transform-private-methods and @babel/plugin-transform-private-property-in-object (when they are enabled): you can silence this warning by explicitly adding
	["@babel/plugin-transform-private-property-in-object", { "loose": false }]
to the "plugins" section of your Babel config.

If you already set the same 'loose' mode for these plugins in your config, it's possible that they are enabled multiple times with different options.
You can re-run Babel with the BABEL_SHOW_CONFIG_FOR environment variable to show the loaded configuration:
	npx cross-env BABEL_SHOW_CONFIG_FOR=/Users/Ajaya/Documents/TizenGitTVApp/node_modules/@mui/utils/requirePropFactory/index.js <your build command>
See https://babeljs.io/docs/configuration#print-effective-configs for more info.
Though the "loose" option was set to "true" in your @babel/preset-env config, it will not be used for @babel/plugin-transform-private-methods since the "loose" mode option was set to "false" for @babel/plugin-transform-private-property-in-object.
The "loose" option must be the same for @babel/plugin-transform-class-properties, @babel/plugin-transform-private-methods and @babel/plugin-transform-private-property-in-object (when they are enabled): you can silence this warning by explicitly adding
	["@babel/plugin-transform-private-methods", { "loose": false }]
to the "plugins" section of your Babel config.

If you already set the same 'loose' mode for these plugins in your config, it's possible that they are enabled multiple times with different options.
You can re-run Babel with the BABEL_SHOW_CONFIG_FOR environment variable to show the loaded configuration:
	npx cross-env BABEL_SHOW_CONFIG_FOR=/Users/Ajaya/Documents/TizenGitTVApp/node_modules/@mui/utils/requirePropFactory/index.js <your build command>
See https://babeljs.io/docs/configuration#print-effective-configs for more info.
Though the "loose" option was set to "true" in your @babel/preset-env config, it will not be used for @babel/plugin-transform-private-property-in-object since the "loose" mode option was set to "false" for @babel/plugin-transform-class-properties.
The "loose" option must be the same for @babel/plugin-transform-class-properties, @babel/plugin-transform-private-methods and @babel/plugin-transform-private-property-in-object (when they are enabled): you can silence this warning by explicitly adding
	["@babel/plugin-transform-private-property-in-object", { "loose": false }]
to the "plugins" section of your Babel config.

If you already set the same 'loose' mode for these plugins in your config, it's possible that they are enabled multiple times with different options.
You can re-run Babel with the BABEL_SHOW_CONFIG_FOR environment variable to show the loaded configuration:
	npx cross-env BABEL_SHOW_CONFIG_FOR=/Users/Ajaya/Documents/TizenGitTVApp/node_modules/@mui/material/Popper/popperClasses.js <your build command>
See https://babeljs.io/docs/configuration#print-effective-configs for more info.
Though the "loose" option was set to "true" in your @babel/preset-env config, it will not be used for @babel/plugin-transform-private-methods since the "loose" mode option was set to "false" for @babel/plugin-transform-private-property-in-object.
The "loose" option must be the same for @babel/plugin-transform-class-properties, @babel/plugin-transform-private-methods and @babel/plugin-transform-private-property-in-object (when they are enabled): you can silence this warning by explicitly adding
	["@babel/plugin-transform-private-methods", { "loose": false }]
to the "plugins" section of your Babel config.

If you already set the same 'loose' mode for these plugins in your config, it's possible that they are enabled multiple times with different options.
You can re-run Babel with the BABEL_SHOW_CONFIG_FOR environment variable to show the loaded configuration:
	npx cross-env BABEL_SHOW_CONFIG_FOR=/Users/Ajaya/Documents/TizenGitTVApp/node_modules/@mui/material/Popper/popperClasses.js <your build command>
See https://babeljs.io/docs/configuration#print-effective-configs for more info.
Though the "loose" option was set to "true" in your @babel/preset-env config, it will not be used for @babel/plugin-transform-private-property-in-object since the "loose" mode option was set to "false" for @babel/plugin-transform-class-properties.
The "loose" option must be the same for @babel/plugin-transform-class-properties, @babel/plugin-transform-private-methods and @babel/plugin-transform-private-property-in-object (when they are enabled): you can silence this warning by explicitly adding
	["@babel/plugin-transform-private-property-in-object", { "loose": false }]
to the "plugins" section of your Babel config.

If you already set the same 'loose' mode for these plugins in your config, it's possible that they are enabled multiple times with different options.
You can re-run Babel with the BABEL_SHOW_CONFIG_FOR environment variable to show the loaded configuration:
	npx cross-env BABEL_SHOW_CONFIG_FOR=/Users/Ajaya/Documents/TizenGitTVApp/node_modules/@mui/system/DefaultPropsProvider/DefaultPropsProvider.js <your build command>
See https://babeljs.io/docs/configuration#print-effective-configs for more info.
Though the "loose" option was set to "true" in your @babel/preset-env config, it will not be used for @babel/plugin-transform-private-methods since the "loose" mode option was set to "false" for @babel/plugin-transform-private-property-in-object.
The "loose" option must be the same for @babel/plugin-transform-class-properties, @babel/plugin-transform-private-methods and @babel/plugin-transform-private-property-in-object (when they are enabled): you can silence this warning by explicitly adding
	["@babel/plugin-transform-private-methods", { "loose": false }]
to the "plugins" section of your Babel config.

If you already set the same 'loose' mode for these plugins in your config, it's possible that they are enabled multiple times with different options.
You can re-run Babel with the BABEL_SHOW_CONFIG_FOR environment variable to show the loaded configuration:
	npx cross-env BABEL_SHOW_CONFIG_FOR=/Users/Ajaya/Documents/TizenGitTVApp/node_modules/@mui/system/DefaultPropsProvider/DefaultPropsProvider.js <your build command>
See https://babeljs.io/docs/configuration#print-effective-configs for more info.
Though the "loose" option was set to "true" in your @babel/preset-env config, it will not be used for @babel/plugin-transform-private-property-in-object since the "loose" mode option was set to "false" for @babel/plugin-transform-class-properties.
The "loose" option must be the same for @babel/plugin-transform-class-properties, @babel/plugin-transform-private-methods and @babel/plugin-transform-private-property-in-object (when they are enabled): you can silence this warning by explicitly adding
	["@babel/plugin-transform-private-property-in-object", { "loose": false }]
to the "plugins" section of your Babel config.

If you already set the same 'loose' mode for these plugins in your config, it's possible that they are enabled multiple times with different options.
You can re-run Babel with the BABEL_SHOW_CONFIG_FOR environment variable to show the loaded configuration:
	npx cross-env BABEL_SHOW_CONFIG_FOR=/Users/Ajaya/Documents/TizenGitTVApp/node_modules/@mui/material/Popper/Popper.js <your build command>
See https://babeljs.io/docs/configuration#print-effective-configs for more info.
Though the "loose" option was set to "true" in your @babel/preset-env config, it will not be used for @babel/plugin-transform-private-methods since the "loose" mode option was set to "false" for @babel/plugin-transform-private-property-in-object.
The "loose" option must be the same for @babel/plugin-transform-class-properties, @babel/plugin-transform-private-methods and @babel/plugin-transform-private-property-in-object (when they are enabled): you can silence this warning by explicitly adding
	["@babel/plugin-transform-private-methods", { "loose": false }]
to the "plugins" section of your Babel config.

If you already set the same 'loose' mode for these plugins in your config, it's possible that they are enabled multiple times with different options.
You can re-run Babel with the BABEL_SHOW_CONFIG_FOR environment variable to show the loaded configuration:
	npx cross-env BABEL_SHOW_CONFIG_FOR=/Users/Ajaya/Documents/TizenGitTVApp/node_modules/@mui/material/Popper/Popper.js <your build command>
See https://babeljs.io/docs/configuration#print-effective-configs for more info.
Though the "loose" option was set to "true" in your @babel/preset-env config, it will not be used for @babel/plugin-transform-private-property-in-object since the "loose" mode option was set to "false" for @babel/plugin-transform-class-properties.
The "loose" option must be the same for @babel/plugin-transform-class-properties, @babel/plugin-transform-private-methods and @babel/plugin-transform-private-property-in-object (when they are enabled): you can silence this warning by explicitly adding
	["@babel/plugin-transform-private-property-in-object", { "loose": false }]
to the "plugins" section of your Babel config.

If you already set the same 'loose' mode for these plugins in your config, it's possible that they are enabled multiple times with different options.
You can re-run Babel with the BABEL_SHOW_CONFIG_FOR environment variable to show the loaded configuration:
	npx cross-env BABEL_SHOW_CONFIG_FOR=/Users/Ajaya/Documents/TizenGitTVApp/node_modules/@mui/utils/ownerWindow/index.js <your build command>
See https://babeljs.io/docs/configuration#print-effective-configs for more info.
Though the "loose" option was set to "true" in your @babel/preset-env config, it will not be used for @babel/plugin-transform-private-methods since the "loose" mode option was set to "false" for @babel/plugin-transform-private-property-in-object.
The "loose" option must be the same for @babel/plugin-transform-class-properties, @babel/plugin-transform-private-methods and @babel/plugin-transform-private-property-in-object (when they are enabled): you can silence this warning by explicitly adding
	["@babel/plugin-transform-private-methods", { "loose": false }]
to the "plugins" section of your Babel config.

If you already set the same 'loose' mode for these plugins in your config, it's possible that they are enabled multiple times with different options.
You can re-run Babel with the BABEL_SHOW_CONFIG_FOR environment variable to show the loaded configuration:
	npx cross-env BABEL_SHOW_CONFIG_FOR=/Users/Ajaya/Documents/TizenGitTVApp/node_modules/@mui/utils/ownerWindow/index.js <your build command>
See https://babeljs.io/docs/configuration#print-effective-configs for more info.
Though the "loose" option was set to "true" in your @babel/preset-env config, it will not be used for @babel/plugin-transform-private-property-in-object since the "loose" mode option was set to "false" for @babel/plugin-transform-class-properties.
The "loose" option must be the same for @babel/plugin-transform-class-properties, @babel/plugin-transform-private-methods and @babel/plugin-transform-private-property-in-object (when they are enabled): you can silence this warning by explicitly adding
	["@babel/plugin-transform-private-property-in-object", { "loose": false }]
to the "plugins" section of your Babel config.

If you already set the same 'loose' mode for these plugins in your config, it's possible that they are enabled multiple times with different options.
You can re-run Babel with the BABEL_SHOW_CONFIG_FOR environment variable to show the loaded configuration:
	npx cross-env BABEL_SHOW_CONFIG_FOR=/Users/Ajaya/Documents/TizenGitTVApp/node_modules/@mui/material/Select/selectClasses.js <your build command>
See https://babeljs.io/docs/configuration#print-effective-configs for more info.
Though the "loose" option was set to "true" in your @babel/preset-env config, it will not be used for @babel/plugin-transform-private-methods since the "loose" mode option was set to "false" for @babel/plugin-transform-private-property-in-object.
The "loose" option must be the same for @babel/plugin-transform-class-properties, @babel/plugin-transform-private-methods and @babel/plugin-transform-private-property-in-object (when they are enabled): you can silence this warning by explicitly adding
	["@babel/plugin-transform-private-methods", { "loose": false }]
to the "plugins" section of your Babel config.

If you already set the same 'loose' mode for these plugins in your config, it's possible that they are enabled multiple times with different options.
You can re-run Babel with the BABEL_SHOW_CONFIG_FOR environment variable to show the loaded configuration:
	npx cross-env BABEL_SHOW_CONFIG_FOR=/Users/Ajaya/Documents/TizenGitTVApp/node_modules/@mui/material/Select/selectClasses.js <your build command>
See https://babeljs.io/docs/configuration#print-effective-configs for more info.
Though the "loose" option was set to "true" in your @babel/preset-env config, it will not be used for @babel/plugin-transform-private-property-in-object since the "loose" mode option was set to "false" for @babel/plugin-transform-class-properties.
The "loose" option must be the same for @babel/plugin-transform-class-properties, @babel/plugin-transform-private-methods and @babel/plugin-transform-private-property-in-object (when they are enabled): you can silence this warning by explicitly adding
	["@babel/plugin-transform-private-property-in-object", { "loose": false }]
to the "plugins" section of your Babel config.

If you already set the same 'loose' mode for these plugins in your config, it's possible that they are enabled multiple times with different options.
You can re-run Babel with the BABEL_SHOW_CONFIG_FOR environment variable to show the loaded configuration:
	npx cross-env BABEL_SHOW_CONFIG_FOR=/Users/Ajaya/Documents/TizenGitTVApp/node_modules/@mui/material/Select/Select.js <your build command>
See https://babeljs.io/docs/configuration#print-effective-configs for more info.
Though the "loose" option was set to "true" in your @babel/preset-env config, it will not be used for @babel/plugin-transform-private-methods since the "loose" mode option was set to "false" for @babel/plugin-transform-private-property-in-object.
The "loose" option must be the same for @babel/plugin-transform-class-properties, @babel/plugin-transform-private-methods and @babel/plugin-transform-private-property-in-object (when they are enabled): you can silence this warning by explicitly adding
	["@babel/plugin-transform-private-methods", { "loose": false }]
to the "plugins" section of your Babel config.

If you already set the same 'loose' mode for these plugins in your config, it's possible that they are enabled multiple times with different options.
You can re-run Babel with the BABEL_SHOW_CONFIG_FOR environment variable to show the loaded configuration:
	npx cross-env BABEL_SHOW_CONFIG_FOR=/Users/Ajaya/Documents/TizenGitTVApp/node_modules/@mui/material/Select/Select.js <your build command>
See https://babeljs.io/docs/configuration#print-effective-configs for more info.
Though the "loose" option was set to "true" in your @babel/preset-env config, it will not be used for @babel/plugin-transform-private-property-in-object since the "loose" mode option was set to "false" for @babel/plugin-transform-class-properties.
The "loose" option must be the same for @babel/plugin-transform-class-properties, @babel/plugin-transform-private-methods and @babel/plugin-transform-private-property-in-object (when they are enabled): you can silence this warning by explicitly adding
	["@babel/plugin-transform-private-property-in-object", { "loose": false }]
to the "plugins" section of your Babel config.

If you already set the same 'loose' mode for these plugins in your config, it's possible that they are enabled multiple times with different options.
You can re-run Babel with the BABEL_SHOW_CONFIG_FOR environment variable to show the loaded configuration:
	npx cross-env BABEL_SHOW_CONFIG_FOR=/Users/Ajaya/Documents/TizenGitTVApp/node_modules/@mui/utils/deprecatedPropType/index.js <your build command>
See https://babeljs.io/docs/configuration#print-effective-configs for more info.
Though the "loose" option was set to "true" in your @babel/preset-env config, it will not be used for @babel/plugin-transform-private-methods since the "loose" mode option was set to "false" for @babel/plugin-transform-private-property-in-object.
The "loose" option must be the same for @babel/plugin-transform-class-properties, @babel/plugin-transform-private-methods and @babel/plugin-transform-private-property-in-object (when they are enabled): you can silence this warning by explicitly adding
	["@babel/plugin-transform-private-methods", { "loose": false }]
to the "plugins" section of your Babel config.

If you already set the same 'loose' mode for these plugins in your config, it's possible that they are enabled multiple times with different options.
You can re-run Babel with the BABEL_SHOW_CONFIG_FOR environment variable to show the loaded configuration:
	npx cross-env BABEL_SHOW_CONFIG_FOR=/Users/Ajaya/Documents/TizenGitTVApp/node_modules/@mui/utils/deprecatedPropType/index.js <your build command>
See https://babeljs.io/docs/configuration#print-effective-configs for more info.
Though the "loose" option was set to "true" in your @babel/preset-env config, it will not be used for @babel/plugin-transform-private-property-in-object since the "loose" mode option was set to "false" for @babel/plugin-transform-class-properties.
The "loose" option must be the same for @babel/plugin-transform-class-properties, @babel/plugin-transform-private-methods and @babel/plugin-transform-private-property-in-object (when they are enabled): you can silence this warning by explicitly adding
	["@babel/plugin-transform-private-property-in-object", { "loose": false }]
to the "plugins" section of your Babel config.

If you already set the same 'loose' mode for these plugins in your config, it's possible that they are enabled multiple times with different options.
You can re-run Babel with the BABEL_SHOW_CONFIG_FOR environment variable to show the loaded configuration:
	npx cross-env BABEL_SHOW_CONFIG_FOR=/Users/Ajaya/Documents/TizenGitTVApp/node_modules/@mui/material/Slider/sliderClasses.js <your build command>
See https://babeljs.io/docs/configuration#print-effective-configs for more info.
Though the "loose" option was set to "true" in your @babel/preset-env config, it will not be used for @babel/plugin-transform-private-methods since the "loose" mode option was set to "false" for @babel/plugin-transform-private-property-in-object.
The "loose" option must be the same for @babel/plugin-transform-class-properties, @babel/plugin-transform-private-methods and @babel/plugin-transform-private-property-in-object (when they are enabled): you can silence this warning by explicitly adding
	["@babel/plugin-transform-private-methods", { "loose": false }]
to the "plugins" section of your Babel config.

If you already set the same 'loose' mode for these plugins in your config, it's possible that they are enabled multiple times with different options.
You can re-run Babel with the BABEL_SHOW_CONFIG_FOR environment variable to show the loaded configuration:
	npx cross-env BABEL_SHOW_CONFIG_FOR=/Users/Ajaya/Documents/TizenGitTVApp/node_modules/@mui/material/Slider/sliderClasses.js <your build command>
See https://babeljs.io/docs/configuration#print-effective-configs for more info.
Though the "loose" option was set to "true" in your @babel/preset-env config, it will not be used for @babel/plugin-transform-private-property-in-object since the "loose" mode option was set to "false" for @babel/plugin-transform-class-properties.
The "loose" option must be the same for @babel/plugin-transform-class-properties, @babel/plugin-transform-private-methods and @babel/plugin-transform-private-property-in-object (when they are enabled): you can silence this warning by explicitly adding
	["@babel/plugin-transform-private-property-in-object", { "loose": false }]
to the "plugins" section of your Babel config.

If you already set the same 'loose' mode for these plugins in your config, it's possible that they are enabled multiple times with different options.
You can re-run Babel with the BABEL_SHOW_CONFIG_FOR environment variable to show the loaded configuration:
	npx cross-env BABEL_SHOW_CONFIG_FOR=/Users/Ajaya/Documents/TizenGitTVApp/node_modules/@mui/material/Slider/Slider.js <your build command>
See https://babeljs.io/docs/configuration#print-effective-configs for more info.
Though the "loose" option was set to "true" in your @babel/preset-env config, it will not be used for @babel/plugin-transform-private-methods since the "loose" mode option was set to "false" for @babel/plugin-transform-private-property-in-object.
The "loose" option must be the same for @babel/plugin-transform-class-properties, @babel/plugin-transform-private-methods and @babel/plugin-transform-private-property-in-object (when they are enabled): you can silence this warning by explicitly adding
	["@babel/plugin-transform-private-methods", { "loose": false }]
to the "plugins" section of your Babel config.

If you already set the same 'loose' mode for these plugins in your config, it's possible that they are enabled multiple times with different options.
You can re-run Babel with the BABEL_SHOW_CONFIG_FOR environment variable to show the loaded configuration:
	npx cross-env BABEL_SHOW_CONFIG_FOR=/Users/Ajaya/Documents/TizenGitTVApp/node_modules/@mui/material/Slider/Slider.js <your build command>
See https://babeljs.io/docs/configuration#print-effective-configs for more info.
Though the "loose" option was set to "true" in your @babel/preset-env config, it will not be used for @babel/plugin-transform-private-property-in-object since the "loose" mode option was set to "false" for @babel/plugin-transform-class-properties.
The "loose" option must be the same for @babel/plugin-transform-class-properties, @babel/plugin-transform-private-methods and @babel/plugin-transform-private-property-in-object (when they are enabled): you can silence this warning by explicitly adding
	["@babel/plugin-transform-private-property-in-object", { "loose": false }]
to the "plugins" section of your Babel config.

If you already set the same 'loose' mode for these plugins in your config, it's possible that they are enabled multiple times with different options.
You can re-run Babel with the BABEL_SHOW_CONFIG_FOR environment variable to show the loaded configuration:
	npx cross-env BABEL_SHOW_CONFIG_FOR=/Users/Ajaya/Documents/TizenGitTVApp/node_modules/@mui/material/Slide/Slide.js <your build command>
See https://babeljs.io/docs/configuration#print-effective-configs for more info.
Though the "loose" option was set to "true" in your @babel/preset-env config, it will not be used for @babel/plugin-transform-private-methods since the "loose" mode option was set to "false" for @babel/plugin-transform-private-property-in-object.
The "loose" option must be the same for @babel/plugin-transform-class-properties, @babel/plugin-transform-private-methods and @babel/plugin-transform-private-property-in-object (when they are enabled): you can silence this warning by explicitly adding
	["@babel/plugin-transform-private-methods", { "loose": false }]
to the "plugins" section of your Babel config.

If you already set the same 'loose' mode for these plugins in your config, it's possible that they are enabled multiple times with different options.
You can re-run Babel with the BABEL_SHOW_CONFIG_FOR environment variable to show the loaded configuration:
	npx cross-env BABEL_SHOW_CONFIG_FOR=/Users/Ajaya/Documents/TizenGitTVApp/node_modules/@mui/material/Slide/Slide.js <your build command>
See https://babeljs.io/docs/configuration#print-effective-configs for more info.
Though the "loose" option was set to "true" in your @babel/preset-env config, it will not be used for @babel/plugin-transform-private-property-in-object since the "loose" mode option was set to "false" for @babel/plugin-transform-class-properties.
The "loose" option must be the same for @babel/plugin-transform-class-properties, @babel/plugin-transform-private-methods and @babel/plugin-transform-private-property-in-object (when they are enabled): you can silence this warning by explicitly adding
	["@babel/plugin-transform-private-property-in-object", { "loose": false }]
to the "plugins" section of your Babel config.

If you already set the same 'loose' mode for these plugins in your config, it's possible that they are enabled multiple times with different options.
You can re-run Babel with the BABEL_SHOW_CONFIG_FOR environment variable to show the loaded configuration:
	npx cross-env BABEL_SHOW_CONFIG_FOR=/Users/Ajaya/Documents/TizenGitTVApp/node_modules/@mui/material/SpeedDialIcon/speedDialIconClasses.js <your build command>
See https://babeljs.io/docs/configuration#print-effective-configs for more info.
Though the "loose" option was set to "true" in your @babel/preset-env config, it will not be used for @babel/plugin-transform-private-methods since the "loose" mode option was set to "false" for @babel/plugin-transform-private-property-in-object.
The "loose" option must be the same for @babel/plugin-transform-class-properties, @babel/plugin-transform-private-methods and @babel/plugin-transform-private-property-in-object (when they are enabled): you can silence this warning by explicitly adding
	["@babel/plugin-transform-private-methods", { "loose": false }]
to the "plugins" section of your Babel config.

If you already set the same 'loose' mode for these plugins in your config, it's possible that they are enabled multiple times with different options.
You can re-run Babel with the BABEL_SHOW_CONFIG_FOR environment variable to show the loaded configuration:
	npx cross-env BABEL_SHOW_CONFIG_FOR=/Users/Ajaya/Documents/TizenGitTVApp/node_modules/@mui/material/SpeedDialIcon/speedDialIconClasses.js <your build command>
See https://babeljs.io/docs/configuration#print-effective-configs for more info.
Though the "loose" option was set to "true" in your @babel/preset-env config, it will not be used for @babel/plugin-transform-private-property-in-object since the "loose" mode option was set to "false" for @babel/plugin-transform-class-properties.
The "loose" option must be the same for @babel/plugin-transform-class-properties, @babel/plugin-transform-private-methods and @babel/plugin-transform-private-property-in-object (when they are enabled): you can silence this warning by explicitly adding
	["@babel/plugin-transform-private-property-in-object", { "loose": false }]
to the "plugins" section of your Babel config.

If you already set the same 'loose' mode for these plugins in your config, it's possible that they are enabled multiple times with different options.
You can re-run Babel with the BABEL_SHOW_CONFIG_FOR environment variable to show the loaded configuration:
	npx cross-env BABEL_SHOW_CONFIG_FOR=/Users/Ajaya/Documents/TizenGitTVApp/node_modules/@mui/material/SpeedDialIcon/SpeedDialIcon.js <your build command>
See https://babeljs.io/docs/configuration#print-effective-configs for more info.
Though the "loose" option was set to "true" in your @babel/preset-env config, it will not be used for @babel/plugin-transform-private-methods since the "loose" mode option was set to "false" for @babel/plugin-transform-private-property-in-object.
The "loose" option must be the same for @babel/plugin-transform-class-properties, @babel/plugin-transform-private-methods and @babel/plugin-transform-private-property-in-object (when they are enabled): you can silence this warning by explicitly adding
	["@babel/plugin-transform-private-methods", { "loose": false }]
to the "plugins" section of your Babel config.

If you already set the same 'loose' mode for these plugins in your config, it's possible that they are enabled multiple times with different options.
You can re-run Babel with the BABEL_SHOW_CONFIG_FOR environment variable to show the loaded configuration:
	npx cross-env BABEL_SHOW_CONFIG_FOR=/Users/Ajaya/Documents/TizenGitTVApp/node_modules/@mui/material/SpeedDialIcon/SpeedDialIcon.js <your build command>
See https://babeljs.io/docs/configuration#print-effective-configs for more info.
Though the "loose" option was set to "true" in your @babel/preset-env config, it will not be used for @babel/plugin-transform-private-property-in-object since the "loose" mode option was set to "false" for @babel/plugin-transform-class-properties.
The "loose" option must be the same for @babel/plugin-transform-class-properties, @babel/plugin-transform-private-methods and @babel/plugin-transform-private-property-in-object (when they are enabled): you can silence this warning by explicitly adding
	["@babel/plugin-transform-private-property-in-object", { "loose": false }]
to the "plugins" section of your Babel config.

If you already set the same 'loose' mode for these plugins in your config, it's possible that they are enabled multiple times with different options.
You can re-run Babel with the BABEL_SHOW_CONFIG_FOR environment variable to show the loaded configuration:
	npx cross-env BABEL_SHOW_CONFIG_FOR=/Users/Ajaya/Documents/TizenGitTVApp/node_modules/@mui/material/Stack/stackClasses.js <your build command>
See https://babeljs.io/docs/configuration#print-effective-configs for more info.
Though the "loose" option was set to "true" in your @babel/preset-env config, it will not be used for @babel/plugin-transform-private-methods since the "loose" mode option was set to "false" for @babel/plugin-transform-private-property-in-object.
The "loose" option must be the same for @babel/plugin-transform-class-properties, @babel/plugin-transform-private-methods and @babel/plugin-transform-private-property-in-object (when they are enabled): you can silence this warning by explicitly adding
	["@babel/plugin-transform-private-methods", { "loose": false }]
to the "plugins" section of your Babel config.

If you already set the same 'loose' mode for these plugins in your config, it's possible that they are enabled multiple times with different options.
You can re-run Babel with the BABEL_SHOW_CONFIG_FOR environment variable to show the loaded configuration:
	npx cross-env BABEL_SHOW_CONFIG_FOR=/Users/Ajaya/Documents/TizenGitTVApp/node_modules/@mui/material/Stack/stackClasses.js <your build command>
See https://babeljs.io/docs/configuration#print-effective-configs for more info.
Though the "loose" option was set to "true" in your @babel/preset-env config, it will not be used for @babel/plugin-transform-private-property-in-object since the "loose" mode option was set to "false" for @babel/plugin-transform-class-properties.
The "loose" option must be the same for @babel/plugin-transform-class-properties, @babel/plugin-transform-private-methods and @babel/plugin-transform-private-property-in-object (when they are enabled): you can silence this warning by explicitly adding
	["@babel/plugin-transform-private-property-in-object", { "loose": false }]
to the "plugins" section of your Babel config.

If you already set the same 'loose' mode for these plugins in your config, it's possible that they are enabled multiple times with different options.
You can re-run Babel with the BABEL_SHOW_CONFIG_FOR environment variable to show the loaded configuration:
	npx cross-env BABEL_SHOW_CONFIG_FOR=/Users/Ajaya/Documents/TizenGitTVApp/node_modules/@mui/material/StepButton/stepButtonClasses.js <your build command>
See https://babeljs.io/docs/configuration#print-effective-configs for more info.
Though the "loose" option was set to "true" in your @babel/preset-env config, it will not be used for @babel/plugin-transform-private-methods since the "loose" mode option was set to "false" for @babel/plugin-transform-private-property-in-object.
The "loose" option must be the same for @babel/plugin-transform-class-properties, @babel/plugin-transform-private-methods and @babel/plugin-transform-private-property-in-object (when they are enabled): you can silence this warning by explicitly adding
	["@babel/plugin-transform-private-methods", { "loose": false }]
to the "plugins" section of your Babel config.

If you already set the same 'loose' mode for these plugins in your config, it's possible that they are enabled multiple times with different options.
You can re-run Babel with the BABEL_SHOW_CONFIG_FOR environment variable to show the loaded configuration:
	npx cross-env BABEL_SHOW_CONFIG_FOR=/Users/Ajaya/Documents/TizenGitTVApp/node_modules/@mui/material/StepButton/stepButtonClasses.js <your build command>
See https://babeljs.io/docs/configuration#print-effective-configs for more info.
Though the "loose" option was set to "true" in your @babel/preset-env config, it will not be used for @babel/plugin-transform-private-property-in-object since the "loose" mode option was set to "false" for @babel/plugin-transform-class-properties.
The "loose" option must be the same for @babel/plugin-transform-class-properties, @babel/plugin-transform-private-methods and @babel/plugin-transform-private-property-in-object (when they are enabled): you can silence this warning by explicitly adding
	["@babel/plugin-transform-private-property-in-object", { "loose": false }]
to the "plugins" section of your Babel config.

If you already set the same 'loose' mode for these plugins in your config, it's possible that they are enabled multiple times with different options.
You can re-run Babel with the BABEL_SHOW_CONFIG_FOR environment variable to show the loaded configuration:
	npx cross-env BABEL_SHOW_CONFIG_FOR=/Users/Ajaya/Documents/TizenGitTVApp/node_modules/@mui/material/Stack/Stack.js <your build command>
See https://babeljs.io/docs/configuration#print-effective-configs for more info.
Though the "loose" option was set to "true" in your @babel/preset-env config, it will not be used for @babel/plugin-transform-private-methods since the "loose" mode option was set to "false" for @babel/plugin-transform-private-property-in-object.
The "loose" option must be the same for @babel/plugin-transform-class-properties, @babel/plugin-transform-private-methods and @babel/plugin-transform-private-property-in-object (when they are enabled): you can silence this warning by explicitly adding
	["@babel/plugin-transform-private-methods", { "loose": false }]
to the "plugins" section of your Babel config.

If you already set the same 'loose' mode for these plugins in your config, it's possible that they are enabled multiple times with different options.
You can re-run Babel with the BABEL_SHOW_CONFIG_FOR environment variable to show the loaded configuration:
	npx cross-env BABEL_SHOW_CONFIG_FOR=/Users/Ajaya/Documents/TizenGitTVApp/node_modules/@mui/material/Stack/Stack.js <your build command>
See https://babeljs.io/docs/configuration#print-effective-configs for more info.
Though the "loose" option was set to "true" in your @babel/preset-env config, it will not be used for @babel/plugin-transform-private-property-in-object since the "loose" mode option was set to "false" for @babel/plugin-transform-class-properties.
The "loose" option must be the same for @babel/plugin-transform-class-properties, @babel/plugin-transform-private-methods and @babel/plugin-transform-private-property-in-object (when they are enabled): you can silence this warning by explicitly adding
	["@babel/plugin-transform-private-property-in-object", { "loose": false }]
to the "plugins" section of your Babel config.

If you already set the same 'loose' mode for these plugins in your config, it's possible that they are enabled multiple times with different options.
You can re-run Babel with the BABEL_SHOW_CONFIG_FOR environment variable to show the loaded configuration:
	npx cross-env BABEL_SHOW_CONFIG_FOR=/Users/Ajaya/Documents/TizenGitTVApp/node_modules/@mui/styled-engine/index.js <your build command>
See https://babeljs.io/docs/configuration#print-effective-configs for more info.
Though the "loose" option was set to "true" in your @babel/preset-env config, it will not be used for @babel/plugin-transform-private-methods since the "loose" mode option was set to "false" for @babel/plugin-transform-private-property-in-object.
The "loose" option must be the same for @babel/plugin-transform-class-properties, @babel/plugin-transform-private-methods and @babel/plugin-transform-private-property-in-object (when they are enabled): you can silence this warning by explicitly adding
	["@babel/plugin-transform-private-methods", { "loose": false }]
to the "plugins" section of your Babel config.

If you already set the same 'loose' mode for these plugins in your config, it's possible that they are enabled multiple times with different options.
You can re-run Babel with the BABEL_SHOW_CONFIG_FOR environment variable to show the loaded configuration:
	npx cross-env BABEL_SHOW_CONFIG_FOR=/Users/Ajaya/Documents/TizenGitTVApp/node_modules/@mui/styled-engine/index.js <your build command>
See https://babeljs.io/docs/configuration#print-effective-configs for more info.
Though the "loose" option was set to "true" in your @babel/preset-env config, it will not be used for @babel/plugin-transform-private-property-in-object since the "loose" mode option was set to "false" for @babel/plugin-transform-class-properties.
The "loose" option must be the same for @babel/plugin-transform-class-properties, @babel/plugin-transform-private-methods and @babel/plugin-transform-private-property-in-object (when they are enabled): you can silence this warning by explicitly adding
	["@babel/plugin-transform-private-property-in-object", { "loose": false }]
to the "plugins" section of your Babel config.

If you already set the same 'loose' mode for these plugins in your config, it's possible that they are enabled multiple times with different options.
You can re-run Babel with the BABEL_SHOW_CONFIG_FOR environment variable to show the loaded configuration:
	npx cross-env BABEL_SHOW_CONFIG_FOR=/Users/Ajaya/Documents/TizenGitTVApp/node_modules/@mui/private-theming/index.js <your build command>
See https://babeljs.io/docs/configuration#print-effective-configs for more info.
Though the "loose" option was set to "true" in your @babel/preset-env config, it will not be used for @babel/plugin-transform-private-methods since the "loose" mode option was set to "false" for @babel/plugin-transform-private-property-in-object.
The "loose" option must be the same for @babel/plugin-transform-class-properties, @babel/plugin-transform-private-methods and @babel/plugin-transform-private-property-in-object (when they are enabled): you can silence this warning by explicitly adding
	["@babel/plugin-transform-private-methods", { "loose": false }]
to the "plugins" section of your Babel config.

If you already set the same 'loose' mode for these plugins in your config, it's possible that they are enabled multiple times with different options.
You can re-run Babel with the BABEL_SHOW_CONFIG_FOR environment variable to show the loaded configuration:
	npx cross-env BABEL_SHOW_CONFIG_FOR=/Users/Ajaya/Documents/TizenGitTVApp/node_modules/@mui/private-theming/index.js <your build command>
See https://babeljs.io/docs/configuration#print-effective-configs for more info.
Though the "loose" option was set to "true" in your @babel/preset-env config, it will not be used for @babel/plugin-transform-private-property-in-object since the "loose" mode option was set to "false" for @babel/plugin-transform-class-properties.
The "loose" option must be the same for @babel/plugin-transform-class-properties, @babel/plugin-transform-private-methods and @babel/plugin-transform-private-property-in-object (when they are enabled): you can silence this warning by explicitly adding
	["@babel/plugin-transform-private-property-in-object", { "loose": false }]
to the "plugins" section of your Babel config.

If you already set the same 'loose' mode for these plugins in your config, it's possible that they are enabled multiple times with different options.
You can re-run Babel with the BABEL_SHOW_CONFIG_FOR environment variable to show the loaded configuration:
	npx cross-env BABEL_SHOW_CONFIG_FOR=/Users/Ajaya/Documents/TizenGitTVApp/node_modules/@mui/utils/useLazyRef/useLazyRef.js <your build command>
See https://babeljs.io/docs/configuration#print-effective-configs for more info.
Though the "loose" option was set to "true" in your @babel/preset-env config, it will not be used for @babel/plugin-transform-private-methods since the "loose" mode option was set to "false" for @babel/plugin-transform-private-property-in-object.
The "loose" option must be the same for @babel/plugin-transform-class-properties, @babel/plugin-transform-private-methods and @babel/plugin-transform-private-property-in-object (when they are enabled): you can silence this warning by explicitly adding
	["@babel/plugin-transform-private-methods", { "loose": false }]
to the "plugins" section of your Babel config.

If you already set the same 'loose' mode for these plugins in your config, it's possible that they are enabled multiple times with different options.
You can re-run Babel with the BABEL_SHOW_CONFIG_FOR environment variable to show the loaded configuration:
	npx cross-env BABEL_SHOW_CONFIG_FOR=/Users/Ajaya/Documents/TizenGitTVApp/node_modules/@mui/utils/useLazyRef/useLazyRef.js <your build command>
See https://babeljs.io/docs/configuration#print-effective-configs for more info.
Though the "loose" option was set to "true" in your @babel/preset-env config, it will not be used for @babel/plugin-transform-private-property-in-object since the "loose" mode option was set to "false" for @babel/plugin-transform-class-properties.
The "loose" option must be the same for @babel/plugin-transform-class-properties, @babel/plugin-transform-private-methods and @babel/plugin-transform-private-property-in-object (when they are enabled): you can silence this warning by explicitly adding
	["@babel/plugin-transform-private-property-in-object", { "loose": false }]
to the "plugins" section of your Babel config.

If you already set the same 'loose' mode for these plugins in your config, it's possible that they are enabled multiple times with different options.
You can re-run Babel with the BABEL_SHOW_CONFIG_FOR environment variable to show the loaded configuration:
	npx cross-env BABEL_SHOW_CONFIG_FOR=/Users/Ajaya/Documents/TizenGitTVApp/node_modules/@mui/utils/useOnMount/useOnMount.js <your build command>
See https://babeljs.io/docs/configuration#print-effective-configs for more info.
Though the "loose" option was set to "true" in your @babel/preset-env config, it will not be used for @babel/plugin-transform-private-methods since the "loose" mode option was set to "false" for @babel/plugin-transform-private-property-in-object.
The "loose" option must be the same for @babel/plugin-transform-class-properties, @babel/plugin-transform-private-methods and @babel/plugin-transform-private-property-in-object (when they are enabled): you can silence this warning by explicitly adding
	["@babel/plugin-transform-private-methods", { "loose": false }]
to the "plugins" section of your Babel config.

If you already set the same 'loose' mode for these plugins in your config, it's possible that they are enabled multiple times with different options.
You can re-run Babel with the BABEL_SHOW_CONFIG_FOR environment variable to show the loaded configuration:
	npx cross-env BABEL_SHOW_CONFIG_FOR=/Users/Ajaya/Documents/TizenGitTVApp/node_modules/@mui/utils/useOnMount/useOnMount.js <your build command>
See https://babeljs.io/docs/configuration#print-effective-configs for more info.
Though the "loose" option was set to "true" in your @babel/preset-env config, it will not be used for @babel/plugin-transform-private-property-in-object since the "loose" mode option was set to "false" for @babel/plugin-transform-class-properties.
The "loose" option must be the same for @babel/plugin-transform-class-properties, @babel/plugin-transform-private-methods and @babel/plugin-transform-private-property-in-object (when they are enabled): you can silence this warning by explicitly adding
	["@babel/plugin-transform-private-property-in-object", { "loose": false }]
to the "plugins" section of your Babel config.

If you already set the same 'loose' mode for these plugins in your config, it's possible that they are enabled multiple times with different options.
You can re-run Babel with the BABEL_SHOW_CONFIG_FOR environment variable to show the loaded configuration:
	npx cross-env BABEL_SHOW_CONFIG_FOR=/Users/Ajaya/Documents/TizenGitTVApp/node_modules/@mui/utils/debounce/index.js <your build command>
See https://babeljs.io/docs/configuration#print-effective-configs for more info.
Though the "loose" option was set to "true" in your @babel/preset-env config, it will not be used for @babel/plugin-transform-private-methods since the "loose" mode option was set to "false" for @babel/plugin-transform-private-property-in-object.
The "loose" option must be the same for @babel/plugin-transform-class-properties, @babel/plugin-transform-private-methods and @babel/plugin-transform-private-property-in-object (when they are enabled): you can silence this warning by explicitly adding
	["@babel/plugin-transform-private-methods", { "loose": false }]
to the "plugins" section of your Babel config.

If you already set the same 'loose' mode for these plugins in your config, it's possible that they are enabled multiple times with different options.
You can re-run Babel with the BABEL_SHOW_CONFIG_FOR environment variable to show the loaded configuration:
	npx cross-env BABEL_SHOW_CONFIG_FOR=/Users/Ajaya/Documents/TizenGitTVApp/node_modules/@mui/utils/debounce/index.js <your build command>
See https://babeljs.io/docs/configuration#print-effective-configs for more info.
Though the "loose" option was set to "true" in your @babel/preset-env config, it will not be used for @babel/plugin-transform-private-property-in-object since the "loose" mode option was set to "false" for @babel/plugin-transform-class-properties.
The "loose" option must be the same for @babel/plugin-transform-class-properties, @babel/plugin-transform-private-methods and @babel/plugin-transform-private-property-in-object (when they are enabled): you can silence this warning by explicitly adding
	["@babel/plugin-transform-private-property-in-object", { "loose": false }]
to the "plugins" section of your Babel config.

If you already set the same 'loose' mode for these plugins in your config, it's possible that they are enabled multiple times with different options.
You can re-run Babel with the BABEL_SHOW_CONFIG_FOR environment variable to show the loaded configuration:
	npx cross-env BABEL_SHOW_CONFIG_FOR=/Users/Ajaya/Documents/TizenGitTVApp/node_modules/@mui/material/StepButton/StepButton.js <your build command>
See https://babeljs.io/docs/configuration#print-effective-configs for more info.
Though the "loose" option was set to "true" in your @babel/preset-env config, it will not be used for @babel/plugin-transform-private-methods since the "loose" mode option was set to "false" for @babel/plugin-transform-private-property-in-object.
The "loose" option must be the same for @babel/plugin-transform-class-properties, @babel/plugin-transform-private-methods and @babel/plugin-transform-private-property-in-object (when they are enabled): you can silence this warning by explicitly adding
	["@babel/plugin-transform-private-methods", { "loose": false }]
to the "plugins" section of your Babel config.

If you already set the same 'loose' mode for these plugins in your config, it's possible that they are enabled multiple times with different options.
You can re-run Babel with the BABEL_SHOW_CONFIG_FOR environment variable to show the loaded configuration:
	npx cross-env BABEL_SHOW_CONFIG_FOR=/Users/Ajaya/Documents/TizenGitTVApp/node_modules/@mui/material/StepButton/StepButton.js <your build command>
See https://babeljs.io/docs/configuration#print-effective-configs for more info.
Though the "loose" option was set to "true" in your @babel/preset-env config, it will not be used for @babel/plugin-transform-private-property-in-object since the "loose" mode option was set to "false" for @babel/plugin-transform-class-properties.
The "loose" option must be the same for @babel/plugin-transform-class-properties, @babel/plugin-transform-private-methods and @babel/plugin-transform-private-property-in-object (when they are enabled): you can silence this warning by explicitly adding
	["@babel/plugin-transform-private-property-in-object", { "loose": false }]
to the "plugins" section of your Babel config.

If you already set the same 'loose' mode for these plugins in your config, it's possible that they are enabled multiple times with different options.
You can re-run Babel with the BABEL_SHOW_CONFIG_FOR environment variable to show the loaded configuration:
	npx cross-env BABEL_SHOW_CONFIG_FOR=/Users/Ajaya/Documents/TizenGitTVApp/node_modules/@mui/utils/isHostComponent/index.js <your build command>
See https://babeljs.io/docs/configuration#print-effective-configs for more info.
Though the "loose" option was set to "true" in your @babel/preset-env config, it will not be used for @babel/plugin-transform-private-methods since the "loose" mode option was set to "false" for @babel/plugin-transform-private-property-in-object.
The "loose" option must be the same for @babel/plugin-transform-class-properties, @babel/plugin-transform-private-methods and @babel/plugin-transform-private-property-in-object (when they are enabled): you can silence this warning by explicitly adding
	["@babel/plugin-transform-private-methods", { "loose": false }]
to the "plugins" section of your Babel config.

If you already set the same 'loose' mode for these plugins in your config, it's possible that they are enabled multiple times with different options.
You can re-run Babel with the BABEL_SHOW_CONFIG_FOR environment variable to show the loaded configuration:
	npx cross-env BABEL_SHOW_CONFIG_FOR=/Users/Ajaya/Documents/TizenGitTVApp/node_modules/@mui/utils/isHostComponent/index.js <your build command>
See https://babeljs.io/docs/configuration#print-effective-configs for more info.
Though the "loose" option was set to "true" in your @babel/preset-env config, it will not be used for @babel/plugin-transform-private-property-in-object since the "loose" mode option was set to "false" for @babel/plugin-transform-class-properties.
The "loose" option must be the same for @babel/plugin-transform-class-properties, @babel/plugin-transform-private-methods and @babel/plugin-transform-private-property-in-object (when they are enabled): you can silence this warning by explicitly adding
	["@babel/plugin-transform-private-property-in-object", { "loose": false }]
to the "plugins" section of your Babel config.

If you already set the same 'loose' mode for these plugins in your config, it's possible that they are enabled multiple times with different options.
You can re-run Babel with the BABEL_SHOW_CONFIG_FOR environment variable to show the loaded configuration:
	npx cross-env BABEL_SHOW_CONFIG_FOR=/Users/Ajaya/Documents/TizenGitTVApp/node_modules/@mui/system/createBreakpoints/index.js <your build command>
See https://babeljs.io/docs/configuration#print-effective-configs for more info.
Though the "loose" option was set to "true" in your @babel/preset-env config, it will not be used for @babel/plugin-transform-private-methods since the "loose" mode option was set to "false" for @babel/plugin-transform-private-property-in-object.
The "loose" option must be the same for @babel/plugin-transform-class-properties, @babel/plugin-transform-private-methods and @babel/plugin-transform-private-property-in-object (when they are enabled): you can silence this warning by explicitly adding
	["@babel/plugin-transform-private-methods", { "loose": false }]
to the "plugins" section of your Babel config.

If you already set the same 'loose' mode for these plugins in your config, it's possible that they are enabled multiple times with different options.
You can re-run Babel with the BABEL_SHOW_CONFIG_FOR environment variable to show the loaded configuration:
	npx cross-env BABEL_SHOW_CONFIG_FOR=/Users/Ajaya/Documents/TizenGitTVApp/node_modules/@mui/system/createBreakpoints/index.js <your build command>
See https://babeljs.io/docs/configuration#print-effective-configs for more info.
Though the "loose" option was set to "true" in your @babel/preset-env config, it will not be used for @babel/plugin-transform-private-property-in-object since the "loose" mode option was set to "false" for @babel/plugin-transform-class-properties.
The "loose" option must be the same for @babel/plugin-transform-class-properties, @babel/plugin-transform-private-methods and @babel/plugin-transform-private-property-in-object (when they are enabled): you can silence this warning by explicitly adding
	["@babel/plugin-transform-private-property-in-object", { "loose": false }]
to the "plugins" section of your Babel config.

If you already set the same 'loose' mode for these plugins in your config, it's possible that they are enabled multiple times with different options.
You can re-run Babel with the BABEL_SHOW_CONFIG_FOR environment variable to show the loaded configuration:
	npx cross-env BABEL_SHOW_CONFIG_FOR=/Users/Ajaya/Documents/TizenGitTVApp/node_modules/@mui/material/StepConnector/stepConnectorClasses.js <your build command>
See https://babeljs.io/docs/configuration#print-effective-configs for more info.
Though the "loose" option was set to "true" in your @babel/preset-env config, it will not be used for @babel/plugin-transform-private-methods since the "loose" mode option was set to "false" for @babel/plugin-transform-private-property-in-object.
The "loose" option must be the same for @babel/plugin-transform-class-properties, @babel/plugin-transform-private-methods and @babel/plugin-transform-private-property-in-object (when they are enabled): you can silence this warning by explicitly adding
	["@babel/plugin-transform-private-methods", { "loose": false }]
to the "plugins" section of your Babel config.

If you already set the same 'loose' mode for these plugins in your config, it's possible that they are enabled multiple times with different options.
You can re-run Babel with the BABEL_SHOW_CONFIG_FOR environment variable to show the loaded configuration:
	npx cross-env BABEL_SHOW_CONFIG_FOR=/Users/Ajaya/Documents/TizenGitTVApp/node_modules/@mui/material/StepConnector/stepConnectorClasses.js <your build command>
See https://babeljs.io/docs/configuration#print-effective-configs for more info.
Though the "loose" option was set to "true" in your @babel/preset-env config, it will not be used for @babel/plugin-transform-private-property-in-object since the "loose" mode option was set to "false" for @babel/plugin-transform-class-properties.
The "loose" option must be the same for @babel/plugin-transform-class-properties, @babel/plugin-transform-private-methods and @babel/plugin-transform-private-property-in-object (when they are enabled): you can silence this warning by explicitly adding
	["@babel/plugin-transform-private-property-in-object", { "loose": false }]
to the "plugins" section of your Babel config.

If you already set the same 'loose' mode for these plugins in your config, it's possible that they are enabled multiple times with different options.
You can re-run Babel with the BABEL_SHOW_CONFIG_FOR environment variable to show the loaded configuration:
	npx cross-env BABEL_SHOW_CONFIG_FOR=/Users/Ajaya/Documents/TizenGitTVApp/node_modules/@mui/material/StepConnector/StepConnector.js <your build command>
See https://babeljs.io/docs/configuration#print-effective-configs for more info.
Though the "loose" option was set to "true" in your @babel/preset-env config, it will not be used for @babel/plugin-transform-private-methods since the "loose" mode option was set to "false" for @babel/plugin-transform-private-property-in-object.
The "loose" option must be the same for @babel/plugin-transform-class-properties, @babel/plugin-transform-private-methods and @babel/plugin-transform-private-property-in-object (when they are enabled): you can silence this warning by explicitly adding
	["@babel/plugin-transform-private-methods", { "loose": false }]
to the "plugins" section of your Babel config.

If you already set the same 'loose' mode for these plugins in your config, it's possible that they are enabled multiple times with different options.
You can re-run Babel with the BABEL_SHOW_CONFIG_FOR environment variable to show the loaded configuration:
	npx cross-env BABEL_SHOW_CONFIG_FOR=/Users/Ajaya/Documents/TizenGitTVApp/node_modules/@mui/material/StepConnector/StepConnector.js <your build command>
See https://babeljs.io/docs/configuration#print-effective-configs for more info.
Though the "loose" option was set to "true" in your @babel/preset-env config, it will not be used for @babel/plugin-transform-private-property-in-object since the "loose" mode option was set to "false" for @babel/plugin-transform-class-properties.
The "loose" option must be the same for @babel/plugin-transform-class-properties, @babel/plugin-transform-private-methods and @babel/plugin-transform-private-property-in-object (when they are enabled): you can silence this warning by explicitly adding
	["@babel/plugin-transform-private-property-in-object", { "loose": false }]
to the "plugins" section of your Babel config.

If you already set the same 'loose' mode for these plugins in your config, it's possible that they are enabled multiple times with different options.
You can re-run Babel with the BABEL_SHOW_CONFIG_FOR environment variable to show the loaded configuration:
	npx cross-env BABEL_SHOW_CONFIG_FOR=/Users/Ajaya/Documents/TizenGitTVApp/node_modules/@mui/material/StepContent/stepContentClasses.js <your build command>
See https://babeljs.io/docs/configuration#print-effective-configs for more info.
Though the "loose" option was set to "true" in your @babel/preset-env config, it will not be used for @babel/plugin-transform-private-methods since the "loose" mode option was set to "false" for @babel/plugin-transform-private-property-in-object.
The "loose" option must be the same for @babel/plugin-transform-class-properties, @babel/plugin-transform-private-methods and @babel/plugin-transform-private-property-in-object (when they are enabled): you can silence this warning by explicitly adding
	["@babel/plugin-transform-private-methods", { "loose": false }]
to the "plugins" section of your Babel config.

If you already set the same 'loose' mode for these plugins in your config, it's possible that they are enabled multiple times with different options.
You can re-run Babel with the BABEL_SHOW_CONFIG_FOR environment variable to show the loaded configuration:
	npx cross-env BABEL_SHOW_CONFIG_FOR=/Users/Ajaya/Documents/TizenGitTVApp/node_modules/@mui/material/StepContent/stepContentClasses.js <your build command>
See https://babeljs.io/docs/configuration#print-effective-configs for more info.
Though the "loose" option was set to "true" in your @babel/preset-env config, it will not be used for @babel/plugin-transform-private-property-in-object since the "loose" mode option was set to "false" for @babel/plugin-transform-class-properties.
The "loose" option must be the same for @babel/plugin-transform-class-properties, @babel/plugin-transform-private-methods and @babel/plugin-transform-private-property-in-object (when they are enabled): you can silence this warning by explicitly adding
	["@babel/plugin-transform-private-property-in-object", { "loose": false }]
to the "plugins" section of your Babel config.

If you already set the same 'loose' mode for these plugins in your config, it's possible that they are enabled multiple times with different options.
You can re-run Babel with the BABEL_SHOW_CONFIG_FOR environment variable to show the loaded configuration:
	npx cross-env BABEL_SHOW_CONFIG_FOR=/Users/Ajaya/Documents/TizenGitTVApp/node_modules/@mui/material/styles/zIndex.js <your build command>
See https://babeljs.io/docs/configuration#print-effective-configs for more info.
Though the "loose" option was set to "true" in your @babel/preset-env config, it will not be used for @babel/plugin-transform-private-methods since the "loose" mode option was set to "false" for @babel/plugin-transform-private-property-in-object.
The "loose" option must be the same for @babel/plugin-transform-class-properties, @babel/plugin-transform-private-methods and @babel/plugin-transform-private-property-in-object (when they are enabled): you can silence this warning by explicitly adding
	["@babel/plugin-transform-private-methods", { "loose": false }]
to the "plugins" section of your Babel config.

If you already set the same 'loose' mode for these plugins in your config, it's possible that they are enabled multiple times with different options.
You can re-run Babel with the BABEL_SHOW_CONFIG_FOR environment variable to show the loaded configuration:
	npx cross-env BABEL_SHOW_CONFIG_FOR=/Users/Ajaya/Documents/TizenGitTVApp/node_modules/@mui/material/styles/zIndex.js <your build command>
See https://babeljs.io/docs/configuration#print-effective-configs for more info.
Though the "loose" option was set to "true" in your @babel/preset-env config, it will not be used for @babel/plugin-transform-private-property-in-object since the "loose" mode option was set to "false" for @babel/plugin-transform-class-properties.
The "loose" option must be the same for @babel/plugin-transform-class-properties, @babel/plugin-transform-private-methods and @babel/plugin-transform-private-property-in-object (when they are enabled): you can silence this warning by explicitly adding
	["@babel/plugin-transform-private-property-in-object", { "loose": false }]
to the "plugins" section of your Babel config.

If you already set the same 'loose' mode for these plugins in your config, it's possible that they are enabled multiple times with different options.
You can re-run Babel with the BABEL_SHOW_CONFIG_FOR environment variable to show the loaded configuration:
	npx cross-env BABEL_SHOW_CONFIG_FOR=/Users/Ajaya/Documents/TizenGitTVApp/node_modules/@mui/utils/omitEventHandlers/index.js <your build command>
See https://babeljs.io/docs/configuration#print-effective-configs for more info.
Though the "loose" option was set to "true" in your @babel/preset-env config, it will not be used for @babel/plugin-transform-private-methods since the "loose" mode option was set to "false" for @babel/plugin-transform-private-property-in-object.
The "loose" option must be the same for @babel/plugin-transform-class-properties, @babel/plugin-transform-private-methods and @babel/plugin-transform-private-property-in-object (when they are enabled): you can silence this warning by explicitly adding
	["@babel/plugin-transform-private-methods", { "loose": false }]
to the "plugins" section of your Babel config.

If you already set the same 'loose' mode for these plugins in your config, it's possible that they are enabled multiple times with different options.
You can re-run Babel with the BABEL_SHOW_CONFIG_FOR environment variable to show the loaded configuration:
	npx cross-env BABEL_SHOW_CONFIG_FOR=/Users/Ajaya/Documents/TizenGitTVApp/node_modules/@mui/utils/omitEventHandlers/index.js <your build command>
See https://babeljs.io/docs/configuration#print-effective-configs for more info.
Though the "loose" option was set to "true" in your @babel/preset-env config, it will not be used for @babel/plugin-transform-private-property-in-object since the "loose" mode option was set to "false" for @babel/plugin-transform-class-properties.
The "loose" option must be the same for @babel/plugin-transform-class-properties, @babel/plugin-transform-private-methods and @babel/plugin-transform-private-property-in-object (when they are enabled): you can silence this warning by explicitly adding
	["@babel/plugin-transform-private-property-in-object", { "loose": false }]
to the "plugins" section of your Babel config.

If you already set the same 'loose' mode for these plugins in your config, it's possible that they are enabled multiple times with different options.
You can re-run Babel with the BABEL_SHOW_CONFIG_FOR environment variable to show the loaded configuration:
	npx cross-env BABEL_SHOW_CONFIG_FOR=/Users/Ajaya/Documents/TizenGitTVApp/node_modules/@mui/material/styles/shadows.js <your build command>
See https://babeljs.io/docs/configuration#print-effective-configs for more info.
Though the "loose" option was set to "true" in your @babel/preset-env config, it will not be used for @babel/plugin-transform-private-methods since the "loose" mode option was set to "false" for @babel/plugin-transform-private-property-in-object.
The "loose" option must be the same for @babel/plugin-transform-class-properties, @babel/plugin-transform-private-methods and @babel/plugin-transform-private-property-in-object (when they are enabled): you can silence this warning by explicitly adding
	["@babel/plugin-transform-private-methods", { "loose": false }]
to the "plugins" section of your Babel config.

If you already set the same 'loose' mode for these plugins in your config, it's possible that they are enabled multiple times with different options.
You can re-run Babel with the BABEL_SHOW_CONFIG_FOR environment variable to show the loaded configuration:
	npx cross-env BABEL_SHOW_CONFIG_FOR=/Users/Ajaya/Documents/TizenGitTVApp/node_modules/@mui/material/styles/shadows.js <your build command>
See https://babeljs.io/docs/configuration#print-effective-configs for more info.
Though the "loose" option was set to "true" in your @babel/preset-env config, it will not be used for @babel/plugin-transform-private-property-in-object since the "loose" mode option was set to "false" for @babel/plugin-transform-class-properties.
The "loose" option must be the same for @babel/plugin-transform-class-properties, @babel/plugin-transform-private-methods and @babel/plugin-transform-private-property-in-object (when they are enabled): you can silence this warning by explicitly adding
	["@babel/plugin-transform-private-property-in-object", { "loose": false }]
to the "plugins" section of your Babel config.

If you already set the same 'loose' mode for these plugins in your config, it's possible that they are enabled multiple times with different options.
You can re-run Babel with the BABEL_SHOW_CONFIG_FOR environment variable to show the loaded configuration:
	npx cross-env BABEL_SHOW_CONFIG_FOR=/Users/Ajaya/Documents/TizenGitTVApp/node_modules/@mui/utils/chainPropTypes/chainPropTypes.js <your build command>
See https://babeljs.io/docs/configuration#print-effective-configs for more info.
Though the "loose" option was set to "true" in your @babel/preset-env config, it will not be used for @babel/plugin-transform-private-methods since the "loose" mode option was set to "false" for @babel/plugin-transform-private-property-in-object.
The "loose" option must be the same for @babel/plugin-transform-class-properties, @babel/plugin-transform-private-methods and @babel/plugin-transform-private-property-in-object (when they are enabled): you can silence this warning by explicitly adding
	["@babel/plugin-transform-private-methods", { "loose": false }]
to the "plugins" section of your Babel config.

If you already set the same 'loose' mode for these plugins in your config, it's possible that they are enabled multiple times with different options.
You can re-run Babel with the BABEL_SHOW_CONFIG_FOR environment variable to show the loaded configuration:
	npx cross-env BABEL_SHOW_CONFIG_FOR=/Users/Ajaya/Documents/TizenGitTVApp/node_modules/@mui/utils/chainPropTypes/chainPropTypes.js <your build command>
See https://babeljs.io/docs/configuration#print-effective-configs for more info.
Though the "loose" option was set to "true" in your @babel/preset-env config, it will not be used for @babel/plugin-transform-private-property-in-object since the "loose" mode option was set to "false" for @babel/plugin-transform-class-properties.
The "loose" option must be the same for @babel/plugin-transform-class-properties, @babel/plugin-transform-private-methods and @babel/plugin-transform-private-property-in-object (when they are enabled): you can silence this warning by explicitly adding
	["@babel/plugin-transform-private-property-in-object", { "loose": false }]
to the "plugins" section of your Babel config.

If you already set the same 'loose' mode for these plugins in your config, it's possible that they are enabled multiple times with different options.
You can re-run Babel with the BABEL_SHOW_CONFIG_FOR environment variable to show the loaded configuration:
	npx cross-env BABEL_SHOW_CONFIG_FOR=/Users/Ajaya/Documents/TizenGitTVApp/node_modules/@mui/system/breakpoints/index.js <your build command>
See https://babeljs.io/docs/configuration#print-effective-configs for more info.
Though the "loose" option was set to "true" in your @babel/preset-env config, it will not be used for @babel/plugin-transform-private-methods since the "loose" mode option was set to "false" for @babel/plugin-transform-private-property-in-object.
The "loose" option must be the same for @babel/plugin-transform-class-properties, @babel/plugin-transform-private-methods and @babel/plugin-transform-private-property-in-object (when they are enabled): you can silence this warning by explicitly adding
	["@babel/plugin-transform-private-methods", { "loose": false }]
to the "plugins" section of your Babel config.

If you already set the same 'loose' mode for these plugins in your config, it's possible that they are enabled multiple times with different options.
You can re-run Babel with the BABEL_SHOW_CONFIG_FOR environment variable to show the loaded configuration:
	npx cross-env BABEL_SHOW_CONFIG_FOR=/Users/Ajaya/Documents/TizenGitTVApp/node_modules/@mui/system/breakpoints/index.js <your build command>
See https://babeljs.io/docs/configuration#print-effective-configs for more info.
Though the "loose" option was set to "true" in your @babel/preset-env config, it will not be used for @babel/plugin-transform-private-property-in-object since the "loose" mode option was set to "false" for @babel/plugin-transform-class-properties.
The "loose" option must be the same for @babel/plugin-transform-class-properties, @babel/plugin-transform-private-methods and @babel/plugin-transform-private-property-in-object (when they are enabled): you can silence this warning by explicitly adding
	["@babel/plugin-transform-private-property-in-object", { "loose": false }]
to the "plugins" section of your Babel config.

If you already set the same 'loose' mode for these plugins in your config, it's possible that they are enabled multiple times with different options.
You can re-run Babel with the BABEL_SHOW_CONFIG_FOR environment variable to show the loaded configuration:
	npx cross-env BABEL_SHOW_CONFIG_FOR=/Users/Ajaya/Documents/TizenGitTVApp/node_modules/@mui/material/Step/StepContext.js <your build command>
See https://babeljs.io/docs/configuration#print-effective-configs for more info.
Though the "loose" option was set to "true" in your @babel/preset-env config, it will not be used for @babel/plugin-transform-private-methods since the "loose" mode option was set to "false" for @babel/plugin-transform-private-property-in-object.
The "loose" option must be the same for @babel/plugin-transform-class-properties, @babel/plugin-transform-private-methods and @babel/plugin-transform-private-property-in-object (when they are enabled): you can silence this warning by explicitly adding
	["@babel/plugin-transform-private-methods", { "loose": false }]
to the "plugins" section of your Babel config.

If you already set the same 'loose' mode for these plugins in your config, it's possible that they are enabled multiple times with different options.
You can re-run Babel with the BABEL_SHOW_CONFIG_FOR environment variable to show the loaded configuration:
	npx cross-env BABEL_SHOW_CONFIG_FOR=/Users/Ajaya/Documents/TizenGitTVApp/node_modules/@mui/material/Step/StepContext.js <your build command>
See https://babeljs.io/docs/configuration#print-effective-configs for more info.
Though the "loose" option was set to "true" in your @babel/preset-env config, it will not be used for @babel/plugin-transform-private-property-in-object since the "loose" mode option was set to "false" for @babel/plugin-transform-class-properties.
The "loose" option must be the same for @babel/plugin-transform-class-properties, @babel/plugin-transform-private-methods and @babel/plugin-transform-private-property-in-object (when they are enabled): you can silence this warning by explicitly adding
	["@babel/plugin-transform-private-property-in-object", { "loose": false }]
to the "plugins" section of your Babel config.

If you already set the same 'loose' mode for these plugins in your config, it's possible that they are enabled multiple times with different options.
You can re-run Babel with the BABEL_SHOW_CONFIG_FOR environment variable to show the loaded configuration:
	npx cross-env BABEL_SHOW_CONFIG_FOR=/Users/Ajaya/Documents/TizenGitTVApp/node_modules/@mui/material/StepContent/StepContent.js <your build command>
See https://babeljs.io/docs/configuration#print-effective-configs for more info.
Though the "loose" option was set to "true" in your @babel/preset-env config, it will not be used for @babel/plugin-transform-private-methods since the "loose" mode option was set to "false" for @babel/plugin-transform-private-property-in-object.
The "loose" option must be the same for @babel/plugin-transform-class-properties, @babel/plugin-transform-private-methods and @babel/plugin-transform-private-property-in-object (when they are enabled): you can silence this warning by explicitly adding
	["@babel/plugin-transform-private-methods", { "loose": false }]
to the "plugins" section of your Babel config.

If you already set the same 'loose' mode for these plugins in your config, it's possible that they are enabled multiple times with different options.
You can re-run Babel with the BABEL_SHOW_CONFIG_FOR environment variable to show the loaded configuration:
	npx cross-env BABEL_SHOW_CONFIG_FOR=/Users/Ajaya/Documents/TizenGitTVApp/node_modules/@mui/material/StepContent/StepContent.js <your build command>
See https://babeljs.io/docs/configuration#print-effective-configs for more info.
Though the "loose" option was set to "true" in your @babel/preset-env config, it will not be used for @babel/plugin-transform-private-property-in-object since the "loose" mode option was set to "false" for @babel/plugin-transform-class-properties.
The "loose" option must be the same for @babel/plugin-transform-class-properties, @babel/plugin-transform-private-methods and @babel/plugin-transform-private-property-in-object (when they are enabled): you can silence this warning by explicitly adding
	["@babel/plugin-transform-private-property-in-object", { "loose": false }]
to the "plugins" section of your Babel config.

If you already set the same 'loose' mode for these plugins in your config, it's possible that they are enabled multiple times with different options.
You can re-run Babel with the BABEL_SHOW_CONFIG_FOR environment variable to show the loaded configuration:
	npx cross-env BABEL_SHOW_CONFIG_FOR=/Users/Ajaya/Documents/TizenGitTVApp/node_modules/@mui/material/Step/stepClasses.js <your build command>
See https://babeljs.io/docs/configuration#print-effective-configs for more info.
Though the "loose" option was set to "true" in your @babel/preset-env config, it will not be used for @babel/plugin-transform-private-methods since the "loose" mode option was set to "false" for @babel/plugin-transform-private-property-in-object.
The "loose" option must be the same for @babel/plugin-transform-class-properties, @babel/plugin-transform-private-methods and @babel/plugin-transform-private-property-in-object (when they are enabled): you can silence this warning by explicitly adding
	["@babel/plugin-transform-private-methods", { "loose": false }]
to the "plugins" section of your Babel config.

If you already set the same 'loose' mode for these plugins in your config, it's possible that they are enabled multiple times with different options.
You can re-run Babel with the BABEL_SHOW_CONFIG_FOR environment variable to show the loaded configuration:
	npx cross-env BABEL_SHOW_CONFIG_FOR=/Users/Ajaya/Documents/TizenGitTVApp/node_modules/@mui/material/Step/stepClasses.js <your build command>
See https://babeljs.io/docs/configuration#print-effective-configs for more info.
Though the "loose" option was set to "true" in your @babel/preset-env config, it will not be used for @babel/plugin-transform-private-property-in-object since the "loose" mode option was set to "false" for @babel/plugin-transform-class-properties.
The "loose" option must be the same for @babel/plugin-transform-class-properties, @babel/plugin-transform-private-methods and @babel/plugin-transform-private-property-in-object (when they are enabled): you can silence this warning by explicitly adding
	["@babel/plugin-transform-private-property-in-object", { "loose": false }]
to the "plugins" section of your Babel config.

If you already set the same 'loose' mode for these plugins in your config, it's possible that they are enabled multiple times with different options.
You can re-run Babel with the BABEL_SHOW_CONFIG_FOR environment variable to show the loaded configuration:
	npx cross-env BABEL_SHOW_CONFIG_FOR=/Users/Ajaya/Documents/TizenGitTVApp/node_modules/@mui/material/Step/Step.js <your build command>
See https://babeljs.io/docs/configuration#print-effective-configs for more info.
Though the "loose" option was set to "true" in your @babel/preset-env config, it will not be used for @babel/plugin-transform-private-methods since the "loose" mode option was set to "false" for @babel/plugin-transform-private-property-in-object.
The "loose" option must be the same for @babel/plugin-transform-class-properties, @babel/plugin-transform-private-methods and @babel/plugin-transform-private-property-in-object (when they are enabled): you can silence this warning by explicitly adding
	["@babel/plugin-transform-private-methods", { "loose": false }]
to the "plugins" section of your Babel config.

If you already set the same 'loose' mode for these plugins in your config, it's possible that they are enabled multiple times with different options.
You can re-run Babel with the BABEL_SHOW_CONFIG_FOR environment variable to show the loaded configuration:
	npx cross-env BABEL_SHOW_CONFIG_FOR=/Users/Ajaya/Documents/TizenGitTVApp/node_modules/@mui/material/Step/Step.js <your build command>
See https://babeljs.io/docs/configuration#print-effective-configs for more info.
Though the "loose" option was set to "true" in your @babel/preset-env config, it will not be used for @babel/plugin-transform-private-property-in-object since the "loose" mode option was set to "false" for @babel/plugin-transform-class-properties.
The "loose" option must be the same for @babel/plugin-transform-class-properties, @babel/plugin-transform-private-methods and @babel/plugin-transform-private-property-in-object (when they are enabled): you can silence this warning by explicitly adding
	["@babel/plugin-transform-private-property-in-object", { "loose": false }]
to the "plugins" section of your Babel config.

If you already set the same 'loose' mode for these plugins in your config, it's possible that they are enabled multiple times with different options.
You can re-run Babel with the BABEL_SHOW_CONFIG_FOR environment variable to show the loaded configuration:
	npx cross-env BABEL_SHOW_CONFIG_FOR=/Users/Ajaya/Documents/TizenGitTVApp/node_modules/@mui/material/StepLabel/stepLabelClasses.js <your build command>
See https://babeljs.io/docs/configuration#print-effective-configs for more info.
Though the "loose" option was set to "true" in your @babel/preset-env config, it will not be used for @babel/plugin-transform-private-methods since the "loose" mode option was set to "false" for @babel/plugin-transform-private-property-in-object.
The "loose" option must be the same for @babel/plugin-transform-class-properties, @babel/plugin-transform-private-methods and @babel/plugin-transform-private-property-in-object (when they are enabled): you can silence this warning by explicitly adding
	["@babel/plugin-transform-private-methods", { "loose": false }]
to the "plugins" section of your Babel config.

If you already set the same 'loose' mode for these plugins in your config, it's possible that they are enabled multiple times with different options.
You can re-run Babel with the BABEL_SHOW_CONFIG_FOR environment variable to show the loaded configuration:
	npx cross-env BABEL_SHOW_CONFIG_FOR=/Users/Ajaya/Documents/TizenGitTVApp/node_modules/@mui/material/StepLabel/stepLabelClasses.js <your build command>
See https://babeljs.io/docs/configuration#print-effective-configs for more info.
Though the "loose" option was set to "true" in your @babel/preset-env config, it will not be used for @babel/plugin-transform-private-property-in-object since the "loose" mode option was set to "false" for @babel/plugin-transform-class-properties.
The "loose" option must be the same for @babel/plugin-transform-class-properties, @babel/plugin-transform-private-methods and @babel/plugin-transform-private-property-in-object (when they are enabled): you can silence this warning by explicitly adding
	["@babel/plugin-transform-private-property-in-object", { "loose": false }]
to the "plugins" section of your Babel config.

If you already set the same 'loose' mode for these plugins in your config, it's possible that they are enabled multiple times with different options.
You can re-run Babel with the BABEL_SHOW_CONFIG_FOR environment variable to show the loaded configuration:
	npx cross-env BABEL_SHOW_CONFIG_FOR=/Users/Ajaya/Documents/TizenGitTVApp/node_modules/@mui/material/StepLabel/StepLabel.js <your build command>
See https://babeljs.io/docs/configuration#print-effective-configs for more info.
Though the "loose" option was set to "true" in your @babel/preset-env config, it will not be used for @babel/plugin-transform-private-methods since the "loose" mode option was set to "false" for @babel/plugin-transform-private-property-in-object.
The "loose" option must be the same for @babel/plugin-transform-class-properties, @babel/plugin-transform-private-methods and @babel/plugin-transform-private-property-in-object (when they are enabled): you can silence this warning by explicitly adding
	["@babel/plugin-transform-private-methods", { "loose": false }]
to the "plugins" section of your Babel config.

If you already set the same 'loose' mode for these plugins in your config, it's possible that they are enabled multiple times with different options.
You can re-run Babel with the BABEL_SHOW_CONFIG_FOR environment variable to show the loaded configuration:
	npx cross-env BABEL_SHOW_CONFIG_FOR=/Users/Ajaya/Documents/TizenGitTVApp/node_modules/@mui/material/StepLabel/StepLabel.js <your build command>
See https://babeljs.io/docs/configuration#print-effective-configs for more info.
Though the "loose" option was set to "true" in your @babel/preset-env config, it will not be used for @babel/plugin-transform-private-property-in-object since the "loose" mode option was set to "false" for @babel/plugin-transform-class-properties.
The "loose" option must be the same for @babel/plugin-transform-class-properties, @babel/plugin-transform-private-methods and @babel/plugin-transform-private-property-in-object (when they are enabled): you can silence this warning by explicitly adding
	["@babel/plugin-transform-private-property-in-object", { "loose": false }]
to the "plugins" section of your Babel config.

If you already set the same 'loose' mode for these plugins in your config, it's possible that they are enabled multiple times with different options.
You can re-run Babel with the BABEL_SHOW_CONFIG_FOR environment variable to show the loaded configuration:
	npx cross-env BABEL_SHOW_CONFIG_FOR=/Users/Ajaya/Documents/TizenGitTVApp/node_modules/@mui/system/cssVars/index.js <your build command>
See https://babeljs.io/docs/configuration#print-effective-configs for more info.
Though the "loose" option was set to "true" in your @babel/preset-env config, it will not be used for @babel/plugin-transform-private-methods since the "loose" mode option was set to "false" for @babel/plugin-transform-private-property-in-object.
The "loose" option must be the same for @babel/plugin-transform-class-properties, @babel/plugin-transform-private-methods and @babel/plugin-transform-private-property-in-object (when they are enabled): you can silence this warning by explicitly adding
	["@babel/plugin-transform-private-methods", { "loose": false }]
to the "plugins" section of your Babel config.

If you already set the same 'loose' mode for these plugins in your config, it's possible that they are enabled multiple times with different options.
You can re-run Babel with the BABEL_SHOW_CONFIG_FOR environment variable to show the loaded configuration:
	npx cross-env BABEL_SHOW_CONFIG_FOR=/Users/Ajaya/Documents/TizenGitTVApp/node_modules/@mui/system/cssVars/index.js <your build command>
See https://babeljs.io/docs/configuration#print-effective-configs for more info.
Though the "loose" option was set to "true" in your @babel/preset-env config, it will not be used for @babel/plugin-transform-private-property-in-object since the "loose" mode option was set to "false" for @babel/plugin-transform-class-properties.
The "loose" option must be the same for @babel/plugin-transform-class-properties, @babel/plugin-transform-private-methods and @babel/plugin-transform-private-property-in-object (when they are enabled): you can silence this warning by explicitly adding
	["@babel/plugin-transform-private-property-in-object", { "loose": false }]
to the "plugins" section of your Babel config.

If you already set the same 'loose' mode for these plugins in your config, it's possible that they are enabled multiple times with different options.
You can re-run Babel with the BABEL_SHOW_CONFIG_FOR environment variable to show the loaded configuration:
	npx cross-env BABEL_SHOW_CONFIG_FOR=/Users/Ajaya/Documents/TizenGitTVApp/node_modules/@mui/system/palette/palette.js <your build command>
See https://babeljs.io/docs/configuration#print-effective-configs for more info.
Though the "loose" option was set to "true" in your @babel/preset-env config, it will not be used for @babel/plugin-transform-private-methods since the "loose" mode option was set to "false" for @babel/plugin-transform-private-property-in-object.
The "loose" option must be the same for @babel/plugin-transform-class-properties, @babel/plugin-transform-private-methods and @babel/plugin-transform-private-property-in-object (when they are enabled): you can silence this warning by explicitly adding
	["@babel/plugin-transform-private-methods", { "loose": false }]
to the "plugins" section of your Babel config.

If you already set the same 'loose' mode for these plugins in your config, it's possible that they are enabled multiple times with different options.
You can re-run Babel with the BABEL_SHOW_CONFIG_FOR environment variable to show the loaded configuration:
	npx cross-env BABEL_SHOW_CONFIG_FOR=/Users/Ajaya/Documents/TizenGitTVApp/node_modules/@mui/system/palette/palette.js <your build command>
See https://babeljs.io/docs/configuration#print-effective-configs for more info.
Though the "loose" option was set to "true" in your @babel/preset-env config, it will not be used for @babel/plugin-transform-private-property-in-object since the "loose" mode option was set to "false" for @babel/plugin-transform-class-properties.
The "loose" option must be the same for @babel/plugin-transform-class-properties, @babel/plugin-transform-private-methods and @babel/plugin-transform-private-property-in-object (when they are enabled): you can silence this warning by explicitly adding
	["@babel/plugin-transform-private-property-in-object", { "loose": false }]
to the "plugins" section of your Babel config.

If you already set the same 'loose' mode for these plugins in your config, it's possible that they are enabled multiple times with different options.
You can re-run Babel with the BABEL_SHOW_CONFIG_FOR environment variable to show the loaded configuration:
	npx cross-env BABEL_SHOW_CONFIG_FOR=/Users/Ajaya/Documents/TizenGitTVApp/node_modules/@mui/material/ButtonBase/Ripple.js <your build command>
See https://babeljs.io/docs/configuration#print-effective-configs for more info.
Though the "loose" option was set to "true" in your @babel/preset-env config, it will not be used for @babel/plugin-transform-private-methods since the "loose" mode option was set to "false" for @babel/plugin-transform-private-property-in-object.
The "loose" option must be the same for @babel/plugin-transform-class-properties, @babel/plugin-transform-private-methods and @babel/plugin-transform-private-property-in-object (when they are enabled): you can silence this warning by explicitly adding
	["@babel/plugin-transform-private-methods", { "loose": false }]
to the "plugins" section of your Babel config.

If you already set the same 'loose' mode for these plugins in your config, it's possible that they are enabled multiple times with different options.
You can re-run Babel with the BABEL_SHOW_CONFIG_FOR environment variable to show the loaded configuration:
	npx cross-env BABEL_SHOW_CONFIG_FOR=/Users/Ajaya/Documents/TizenGitTVApp/node_modules/@mui/material/ButtonBase/Ripple.js <your build command>
See https://babeljs.io/docs/configuration#print-effective-configs for more info.
Though the "loose" option was set to "true" in your @babel/preset-env config, it will not be used for @babel/plugin-transform-private-property-in-object since the "loose" mode option was set to "false" for @babel/plugin-transform-class-properties.
The "loose" option must be the same for @babel/plugin-transform-class-properties, @babel/plugin-transform-private-methods and @babel/plugin-transform-private-property-in-object (when they are enabled): you can silence this warning by explicitly adding
	["@babel/plugin-transform-private-property-in-object", { "loose": false }]
to the "plugins" section of your Babel config.

If you already set the same 'loose' mode for these plugins in your config, it's possible that they are enabled multiple times with different options.
You can re-run Babel with the BABEL_SHOW_CONFIG_FOR environment variable to show the loaded configuration:
	npx cross-env BABEL_SHOW_CONFIG_FOR=/Users/Ajaya/Documents/TizenGitTVApp/node_modules/@mui/system/ThemeProvider/useLayerOrder.js <your build command>
See https://babeljs.io/docs/configuration#print-effective-configs for more info.
Though the "loose" option was set to "true" in your @babel/preset-env config, it will not be used for @babel/plugin-transform-private-methods since the "loose" mode option was set to "false" for @babel/plugin-transform-private-property-in-object.
The "loose" option must be the same for @babel/plugin-transform-class-properties, @babel/plugin-transform-private-methods and @babel/plugin-transform-private-property-in-object (when they are enabled): you can silence this warning by explicitly adding
	["@babel/plugin-transform-private-methods", { "loose": false }]
to the "plugins" section of your Babel config.

If you already set the same 'loose' mode for these plugins in your config, it's possible that they are enabled multiple times with different options.
You can re-run Babel with the BABEL_SHOW_CONFIG_FOR environment variable to show the loaded configuration:
	npx cross-env BABEL_SHOW_CONFIG_FOR=/Users/Ajaya/Documents/TizenGitTVApp/node_modules/@mui/system/ThemeProvider/useLayerOrder.js <your build command>
See https://babeljs.io/docs/configuration#print-effective-configs for more info.
Though the "loose" option was set to "true" in your @babel/preset-env config, it will not be used for @babel/plugin-transform-private-property-in-object since the "loose" mode option was set to "false" for @babel/plugin-transform-class-properties.
The "loose" option must be the same for @babel/plugin-transform-class-properties, @babel/plugin-transform-private-methods and @babel/plugin-transform-private-property-in-object (when they are enabled): you can silence this warning by explicitly adding
	["@babel/plugin-transform-private-property-in-object", { "loose": false }]
to the "plugins" section of your Babel config.

If you already set the same 'loose' mode for these plugins in your config, it's possible that they are enabled multiple times with different options.
You can re-run Babel with the BABEL_SHOW_CONFIG_FOR environment variable to show the loaded configuration:
	npx cross-env BABEL_SHOW_CONFIG_FOR=/Users/Ajaya/Documents/TizenGitTVApp/node_modules/@mui/material/Stepper/stepperClasses.js <your build command>
See https://babeljs.io/docs/configuration#print-effective-configs for more info.
Though the "loose" option was set to "true" in your @babel/preset-env config, it will not be used for @babel/plugin-transform-private-methods since the "loose" mode option was set to "false" for @babel/plugin-transform-private-property-in-object.
The "loose" option must be the same for @babel/plugin-transform-class-properties, @babel/plugin-transform-private-methods and @babel/plugin-transform-private-property-in-object (when they are enabled): you can silence this warning by explicitly adding
	["@babel/plugin-transform-private-methods", { "loose": false }]
to the "plugins" section of your Babel config.

If you already set the same 'loose' mode for these plugins in your config, it's possible that they are enabled multiple times with different options.
You can re-run Babel with the BABEL_SHOW_CONFIG_FOR environment variable to show the loaded configuration:
	npx cross-env BABEL_SHOW_CONFIG_FOR=/Users/Ajaya/Documents/TizenGitTVApp/node_modules/@mui/material/Stepper/stepperClasses.js <your build command>
See https://babeljs.io/docs/configuration#print-effective-configs for more info.
Though the "loose" option was set to "true" in your @babel/preset-env config, it will not be used for @babel/plugin-transform-private-property-in-object since the "loose" mode option was set to "false" for @babel/plugin-transform-class-properties.
The "loose" option must be the same for @babel/plugin-transform-class-properties, @babel/plugin-transform-private-methods and @babel/plugin-transform-private-property-in-object (when they are enabled): you can silence this warning by explicitly adding
	["@babel/plugin-transform-private-property-in-object", { "loose": false }]
to the "plugins" section of your Babel config.

If you already set the same 'loose' mode for these plugins in your config, it's possible that they are enabled multiple times with different options.
You can re-run Babel with the BABEL_SHOW_CONFIG_FOR environment variable to show the loaded configuration:
	npx cross-env BABEL_SHOW_CONFIG_FOR=/Users/Ajaya/Documents/TizenGitTVApp/node_modules/@mui/material/Stepper/Stepper.js <your build command>
See https://babeljs.io/docs/configuration#print-effective-configs for more info.
Though the "loose" option was set to "true" in your @babel/preset-env config, it will not be used for @babel/plugin-transform-private-methods since the "loose" mode option was set to "false" for @babel/plugin-transform-private-property-in-object.
The "loose" option must be the same for @babel/plugin-transform-class-properties, @babel/plugin-transform-private-methods and @babel/plugin-transform-private-property-in-object (when they are enabled): you can silence this warning by explicitly adding
	["@babel/plugin-transform-private-methods", { "loose": false }]
to the "plugins" section of your Babel config.

If you already set the same 'loose' mode for these plugins in your config, it's possible that they are enabled multiple times with different options.
You can re-run Babel with the BABEL_SHOW_CONFIG_FOR environment variable to show the loaded configuration:
	npx cross-env BABEL_SHOW_CONFIG_FOR=/Users/Ajaya/Documents/TizenGitTVApp/node_modules/@mui/material/Stepper/Stepper.js <your build command>
See https://babeljs.io/docs/configuration#print-effective-configs for more info.
Though the "loose" option was set to "true" in your @babel/preset-env config, it will not be used for @babel/plugin-transform-private-property-in-object since the "loose" mode option was set to "false" for @babel/plugin-transform-class-properties.
The "loose" option must be the same for @babel/plugin-transform-class-properties, @babel/plugin-transform-private-methods and @babel/plugin-transform-private-property-in-object (when they are enabled): you can silence this warning by explicitly adding
	["@babel/plugin-transform-private-property-in-object", { "loose": false }]
to the "plugins" section of your Babel config.

If you already set the same 'loose' mode for these plugins in your config, it's possible that they are enabled multiple times with different options.
You can re-run Babel with the BABEL_SHOW_CONFIG_FOR environment variable to show the loaded configuration:
	npx cross-env BABEL_SHOW_CONFIG_FOR=/Users/Ajaya/Documents/TizenGitTVApp/node_modules/@mui/system/cssGrid/index.js <your build command>
See https://babeljs.io/docs/configuration#print-effective-configs for more info.
Though the "loose" option was set to "true" in your @babel/preset-env config, it will not be used for @babel/plugin-transform-private-methods since the "loose" mode option was set to "false" for @babel/plugin-transform-private-property-in-object.
The "loose" option must be the same for @babel/plugin-transform-class-properties, @babel/plugin-transform-private-methods and @babel/plugin-transform-private-property-in-object (when they are enabled): you can silence this warning by explicitly adding
	["@babel/plugin-transform-private-methods", { "loose": false }]
to the "plugins" section of your Babel config.

If you already set the same 'loose' mode for these plugins in your config, it's possible that they are enabled multiple times with different options.
You can re-run Babel with the BABEL_SHOW_CONFIG_FOR environment variable to show the loaded configuration:
	npx cross-env BABEL_SHOW_CONFIG_FOR=/Users/Ajaya/Documents/TizenGitTVApp/node_modules/@mui/system/cssGrid/index.js <your build command>
See https://babeljs.io/docs/configuration#print-effective-configs for more info.
Though the "loose" option was set to "true" in your @babel/preset-env config, it will not be used for @babel/plugin-transform-private-property-in-object since the "loose" mode option was set to "false" for @babel/plugin-transform-class-properties.
The "loose" option must be the same for @babel/plugin-transform-class-properties, @babel/plugin-transform-private-methods and @babel/plugin-transform-private-property-in-object (when they are enabled): you can silence this warning by explicitly adding
	["@babel/plugin-transform-private-property-in-object", { "loose": false }]
to the "plugins" section of your Babel config.

If you already set the same 'loose' mode for these plugins in your config, it's possible that they are enabled multiple times with different options.
You can re-run Babel with the BABEL_SHOW_CONFIG_FOR environment variable to show the loaded configuration:
	npx cross-env BABEL_SHOW_CONFIG_FOR=/Users/Ajaya/Documents/TizenGitTVApp/node_modules/@mui/system/display/index.js <your build command>
See https://babeljs.io/docs/configuration#print-effective-configs for more info.
Though the "loose" option was set to "true" in your @babel/preset-env config, it will not be used for @babel/plugin-transform-private-methods since the "loose" mode option was set to "false" for @babel/plugin-transform-private-property-in-object.
The "loose" option must be the same for @babel/plugin-transform-class-properties, @babel/plugin-transform-private-methods and @babel/plugin-transform-private-property-in-object (when they are enabled): you can silence this warning by explicitly adding
	["@babel/plugin-transform-private-methods", { "loose": false }]
to the "plugins" section of your Babel config.

If you already set the same 'loose' mode for these plugins in your config, it's possible that they are enabled multiple times with different options.
You can re-run Babel with the BABEL_SHOW_CONFIG_FOR environment variable to show the loaded configuration:
	npx cross-env BABEL_SHOW_CONFIG_FOR=/Users/Ajaya/Documents/TizenGitTVApp/node_modules/@mui/system/display/index.js <your build command>
See https://babeljs.io/docs/configuration#print-effective-configs for more info.
Though the "loose" option was set to "true" in your @babel/preset-env config, it will not be used for @babel/plugin-transform-private-property-in-object since the "loose" mode option was set to "false" for @babel/plugin-transform-class-properties.
The "loose" option must be the same for @babel/plugin-transform-class-properties, @babel/plugin-transform-private-methods and @babel/plugin-transform-private-property-in-object (when they are enabled): you can silence this warning by explicitly adding
	["@babel/plugin-transform-private-property-in-object", { "loose": false }]
to the "plugins" section of your Babel config.

If you already set the same 'loose' mode for these plugins in your config, it's possible that they are enabled multiple times with different options.
You can re-run Babel with the BABEL_SHOW_CONFIG_FOR environment variable to show the loaded configuration:
	npx cross-env BABEL_SHOW_CONFIG_FOR=/Users/Ajaya/Documents/TizenGitTVApp/node_modules/@mui/system/compose/index.js <your build command>
See https://babeljs.io/docs/configuration#print-effective-configs for more info.
Though the "loose" option was set to "true" in your @babel/preset-env config, it will not be used for @babel/plugin-transform-private-methods since the "loose" mode option was set to "false" for @babel/plugin-transform-private-property-in-object.
The "loose" option must be the same for @babel/plugin-transform-class-properties, @babel/plugin-transform-private-methods and @babel/plugin-transform-private-property-in-object (when they are enabled): you can silence this warning by explicitly adding
	["@babel/plugin-transform-private-methods", { "loose": false }]
to the "plugins" section of your Babel config.

If you already set the same 'loose' mode for these plugins in your config, it's possible that they are enabled multiple times with different options.
You can re-run Babel with the BABEL_SHOW_CONFIG_FOR environment variable to show the loaded configuration:
	npx cross-env BABEL_SHOW_CONFIG_FOR=/Users/Ajaya/Documents/TizenGitTVApp/node_modules/@mui/system/compose/index.js <your build command>
See https://babeljs.io/docs/configuration#print-effective-configs for more info.
Though the "loose" option was set to "true" in your @babel/preset-env config, it will not be used for @babel/plugin-transform-private-property-in-object since the "loose" mode option was set to "false" for @babel/plugin-transform-class-properties.
The "loose" option must be the same for @babel/plugin-transform-class-properties, @babel/plugin-transform-private-methods and @babel/plugin-transform-private-property-in-object (when they are enabled): you can silence this warning by explicitly adding
	["@babel/plugin-transform-private-property-in-object", { "loose": false }]
to the "plugins" section of your Babel config.

If you already set the same 'loose' mode for these plugins in your config, it's possible that they are enabled multiple times with different options.
You can re-run Babel with the BABEL_SHOW_CONFIG_FOR environment variable to show the loaded configuration:
	npx cross-env BABEL_SHOW_CONFIG_FOR=/Users/Ajaya/Documents/TizenGitTVApp/node_modules/@mui/material/SvgIcon/svgIconClasses.js <your build command>
See https://babeljs.io/docs/configuration#print-effective-configs for more info.
Though the "loose" option was set to "true" in your @babel/preset-env config, it will not be used for @babel/plugin-transform-private-methods since the "loose" mode option was set to "false" for @babel/plugin-transform-private-property-in-object.
The "loose" option must be the same for @babel/plugin-transform-class-properties, @babel/plugin-transform-private-methods and @babel/plugin-transform-private-property-in-object (when they are enabled): you can silence this warning by explicitly adding
	["@babel/plugin-transform-private-methods", { "loose": false }]
to the "plugins" section of your Babel config.

If you already set the same 'loose' mode for these plugins in your config, it's possible that they are enabled multiple times with different options.
You can re-run Babel with the BABEL_SHOW_CONFIG_FOR environment variable to show the loaded configuration:
	npx cross-env BABEL_SHOW_CONFIG_FOR=/Users/Ajaya/Documents/TizenGitTVApp/node_modules/@mui/material/SvgIcon/svgIconClasses.js <your build command>
See https://babeljs.io/docs/configuration#print-effective-configs for more info.
Though the "loose" option was set to "true" in your @babel/preset-env config, it will not be used for @babel/plugin-transform-private-property-in-object since the "loose" mode option was set to "false" for @babel/plugin-transform-class-properties.
The "loose" option must be the same for @babel/plugin-transform-class-properties, @babel/plugin-transform-private-methods and @babel/plugin-transform-private-property-in-object (when they are enabled): you can silence this warning by explicitly adding
	["@babel/plugin-transform-private-property-in-object", { "loose": false }]
to the "plugins" section of your Babel config.

If you already set the same 'loose' mode for these plugins in your config, it's possible that they are enabled multiple times with different options.
You can re-run Babel with the BABEL_SHOW_CONFIG_FOR environment variable to show the loaded configuration:
	npx cross-env BABEL_SHOW_CONFIG_FOR=/Users/Ajaya/Documents/TizenGitTVApp/node_modules/@mui/material/SvgIcon/SvgIcon.js <your build command>
See https://babeljs.io/docs/configuration#print-effective-configs for more info.
Though the "loose" option was set to "true" in your @babel/preset-env config, it will not be used for @babel/plugin-transform-private-methods since the "loose" mode option was set to "false" for @babel/plugin-transform-private-property-in-object.
The "loose" option must be the same for @babel/plugin-transform-class-properties, @babel/plugin-transform-private-methods and @babel/plugin-transform-private-property-in-object (when they are enabled): you can silence this warning by explicitly adding
	["@babel/plugin-transform-private-methods", { "loose": false }]
to the "plugins" section of your Babel config.

If you already set the same 'loose' mode for these plugins in your config, it's possible that they are enabled multiple times with different options.
You can re-run Babel with the BABEL_SHOW_CONFIG_FOR environment variable to show the loaded configuration:
	npx cross-env BABEL_SHOW_CONFIG_FOR=/Users/Ajaya/Documents/TizenGitTVApp/node_modules/@mui/material/SvgIcon/SvgIcon.js <your build command>
See https://babeljs.io/docs/configuration#print-effective-configs for more info.
Though the "loose" option was set to "true" in your @babel/preset-env config, it will not be used for @babel/plugin-transform-private-property-in-object since the "loose" mode option was set to "false" for @babel/plugin-transform-class-properties.
The "loose" option must be the same for @babel/plugin-transform-class-properties, @babel/plugin-transform-private-methods and @babel/plugin-transform-private-property-in-object (when they are enabled): you can silence this warning by explicitly adding
	["@babel/plugin-transform-private-property-in-object", { "loose": false }]
to the "plugins" section of your Babel config.

If you already set the same 'loose' mode for these plugins in your config, it's possible that they are enabled multiple times with different options.
You can re-run Babel with the BABEL_SHOW_CONFIG_FOR environment variable to show the loaded configuration:
	npx cross-env BABEL_SHOW_CONFIG_FOR=/Users/Ajaya/Documents/TizenGitTVApp/node_modules/@mui/system/flexbox/index.js <your build command>
See https://babeljs.io/docs/configuration#print-effective-configs for more info.
Though the "loose" option was set to "true" in your @babel/preset-env config, it will not be used for @babel/plugin-transform-private-methods since the "loose" mode option was set to "false" for @babel/plugin-transform-private-property-in-object.
The "loose" option must be the same for @babel/plugin-transform-class-properties, @babel/plugin-transform-private-methods and @babel/plugin-transform-private-property-in-object (when they are enabled): you can silence this warning by explicitly adding
	["@babel/plugin-transform-private-methods", { "loose": false }]
to the "plugins" section of your Babel config.

If you already set the same 'loose' mode for these plugins in your config, it's possible that they are enabled multiple times with different options.
You can re-run Babel with the BABEL_SHOW_CONFIG_FOR environment variable to show the loaded configuration:
	npx cross-env BABEL_SHOW_CONFIG_FOR=/Users/Ajaya/Documents/TizenGitTVApp/node_modules/@mui/system/flexbox/index.js <your build command>
See https://babeljs.io/docs/configuration#print-effective-configs for more info.
Though the "loose" option was set to "true" in your @babel/preset-env config, it will not be used for @babel/plugin-transform-private-property-in-object since the "loose" mode option was set to "false" for @babel/plugin-transform-class-properties.
The "loose" option must be the same for @babel/plugin-transform-class-properties, @babel/plugin-transform-private-methods and @babel/plugin-transform-private-property-in-object (when they are enabled): you can silence this warning by explicitly adding
	["@babel/plugin-transform-private-property-in-object", { "loose": false }]
to the "plugins" section of your Babel config.

If you already set the same 'loose' mode for these plugins in your config, it's possible that they are enabled multiple times with different options.
You can re-run Babel with the BABEL_SHOW_CONFIG_FOR environment variable to show the loaded configuration:
	npx cross-env BABEL_SHOW_CONFIG_FOR=/Users/Ajaya/Documents/TizenGitTVApp/node_modules/@mui/system/cssContainerQueries/index.js <your build command>
See https://babeljs.io/docs/configuration#print-effective-configs for more info.
Though the "loose" option was set to "true" in your @babel/preset-env config, it will not be used for @babel/plugin-transform-private-methods since the "loose" mode option was set to "false" for @babel/plugin-transform-private-property-in-object.
The "loose" option must be the same for @babel/plugin-transform-class-properties, @babel/plugin-transform-private-methods and @babel/plugin-transform-private-property-in-object (when they are enabled): you can silence this warning by explicitly adding
	["@babel/plugin-transform-private-methods", { "loose": false }]
to the "plugins" section of your Babel config.

If you already set the same 'loose' mode for these plugins in your config, it's possible that they are enabled multiple times with different options.
You can re-run Babel with the BABEL_SHOW_CONFIG_FOR environment variable to show the loaded configuration:
	npx cross-env BABEL_SHOW_CONFIG_FOR=/Users/Ajaya/Documents/TizenGitTVApp/node_modules/@mui/system/cssContainerQueries/index.js <your build command>
See https://babeljs.io/docs/configuration#print-effective-configs for more info.
Though the "loose" option was set to "true" in your @babel/preset-env config, it will not be used for @babel/plugin-transform-private-property-in-object since the "loose" mode option was set to "false" for @babel/plugin-transform-class-properties.
The "loose" option must be the same for @babel/plugin-transform-class-properties, @babel/plugin-transform-private-methods and @babel/plugin-transform-private-property-in-object (when they are enabled): you can silence this warning by explicitly adding
	["@babel/plugin-transform-private-property-in-object", { "loose": false }]
to the "plugins" section of your Babel config.

If you already set the same 'loose' mode for these plugins in your config, it's possible that they are enabled multiple times with different options.
You can re-run Babel with the BABEL_SHOW_CONFIG_FOR environment variable to show the loaded configuration:
	npx cross-env BABEL_SHOW_CONFIG_FOR=/Users/Ajaya/Documents/TizenGitTVApp/node_modules/@mui/material/TableHead/tableHeadClasses.js <your build command>
See https://babeljs.io/docs/configuration#print-effective-configs for more info.
Though the "loose" option was set to "true" in your @babel/preset-env config, it will not be used for @babel/plugin-transform-private-methods since the "loose" mode option was set to "false" for @babel/plugin-transform-private-property-in-object.
The "loose" option must be the same for @babel/plugin-transform-class-properties, @babel/plugin-transform-private-methods and @babel/plugin-transform-private-property-in-object (when they are enabled): you can silence this warning by explicitly adding
	["@babel/plugin-transform-private-methods", { "loose": false }]
to the "plugins" section of your Babel config.

If you already set the same 'loose' mode for these plugins in your config, it's possible that they are enabled multiple times with different options.
You can re-run Babel with the BABEL_SHOW_CONFIG_FOR environment variable to show the loaded configuration:
	npx cross-env BABEL_SHOW_CONFIG_FOR=/Users/Ajaya/Documents/TizenGitTVApp/node_modules/@mui/material/TableHead/tableHeadClasses.js <your build command>
See https://babeljs.io/docs/configuration#print-effective-configs for more info.
Though the "loose" option was set to "true" in your @babel/preset-env config, it will not be used for @babel/plugin-transform-private-property-in-object since the "loose" mode option was set to "false" for @babel/plugin-transform-class-properties.
The "loose" option must be the same for @babel/plugin-transform-class-properties, @babel/plugin-transform-private-methods and @babel/plugin-transform-private-property-in-object (when they are enabled): you can silence this warning by explicitly adding
	["@babel/plugin-transform-private-property-in-object", { "loose": false }]
to the "plugins" section of your Babel config.

If you already set the same 'loose' mode for these plugins in your config, it's possible that they are enabled multiple times with different options.
You can re-run Babel with the BABEL_SHOW_CONFIG_FOR environment variable to show the loaded configuration:
	npx cross-env BABEL_SHOW_CONFIG_FOR=/Users/Ajaya/Documents/TizenGitTVApp/node_modules/@mui/material/TableHead/TableHead.js <your build command>
See https://babeljs.io/docs/configuration#print-effective-configs for more info.
Though the "loose" option was set to "true" in your @babel/preset-env config, it will not be used for @babel/plugin-transform-private-methods since the "loose" mode option was set to "false" for @babel/plugin-transform-private-property-in-object.
The "loose" option must be the same for @babel/plugin-transform-class-properties, @babel/plugin-transform-private-methods and @babel/plugin-transform-private-property-in-object (when they are enabled): you can silence this warning by explicitly adding
	["@babel/plugin-transform-private-methods", { "loose": false }]
to the "plugins" section of your Babel config.

If you already set the same 'loose' mode for these plugins in your config, it's possible that they are enabled multiple times with different options.
You can re-run Babel with the BABEL_SHOW_CONFIG_FOR environment variable to show the loaded configuration:
	npx cross-env BABEL_SHOW_CONFIG_FOR=/Users/Ajaya/Documents/TizenGitTVApp/node_modules/@mui/material/TableHead/TableHead.js <your build command>
See https://babeljs.io/docs/configuration#print-effective-configs for more info.
Though the "loose" option was set to "true" in your @babel/preset-env config, it will not be used for @babel/plugin-transform-private-property-in-object since the "loose" mode option was set to "false" for @babel/plugin-transform-class-properties.
The "loose" option must be the same for @babel/plugin-transform-class-properties, @babel/plugin-transform-private-methods and @babel/plugin-transform-private-property-in-object (when they are enabled): you can silence this warning by explicitly adding
	["@babel/plugin-transform-private-property-in-object", { "loose": false }]
to the "plugins" section of your Babel config.

If you already set the same 'loose' mode for these plugins in your config, it's possible that they are enabled multiple times with different options.
You can re-run Babel with the BABEL_SHOW_CONFIG_FOR environment variable to show the loaded configuration:
	npx cross-env BABEL_SHOW_CONFIG_FOR=/Users/Ajaya/Documents/TizenGitTVApp/node_modules/@mui/system/borders/index.js <your build command>
See https://babeljs.io/docs/configuration#print-effective-configs for more info.
Though the "loose" option was set to "true" in your @babel/preset-env config, it will not be used for @babel/plugin-transform-private-methods since the "loose" mode option was set to "false" for @babel/plugin-transform-private-property-in-object.
The "loose" option must be the same for @babel/plugin-transform-class-properties, @babel/plugin-transform-private-methods and @babel/plugin-transform-private-property-in-object (when they are enabled): you can silence this warning by explicitly adding
	["@babel/plugin-transform-private-methods", { "loose": false }]
to the "plugins" section of your Babel config.

If you already set the same 'loose' mode for these plugins in your config, it's possible that they are enabled multiple times with different options.
You can re-run Babel with the BABEL_SHOW_CONFIG_FOR environment variable to show the loaded configuration:
	npx cross-env BABEL_SHOW_CONFIG_FOR=/Users/Ajaya/Documents/TizenGitTVApp/node_modules/@mui/system/borders/index.js <your build command>
See https://babeljs.io/docs/configuration#print-effective-configs for more info.
Though the "loose" option was set to "true" in your @babel/preset-env config, it will not be used for @babel/plugin-transform-private-property-in-object since the "loose" mode option was set to "false" for @babel/plugin-transform-class-properties.
The "loose" option must be the same for @babel/plugin-transform-class-properties, @babel/plugin-transform-private-methods and @babel/plugin-transform-private-property-in-object (when they are enabled): you can silence this warning by explicitly adding
	["@babel/plugin-transform-private-property-in-object", { "loose": false }]
to the "plugins" section of your Babel config.

If you already set the same 'loose' mode for these plugins in your config, it's possible that they are enabled multiple times with different options.
You can re-run Babel with the BABEL_SHOW_CONFIG_FOR environment variable to show the loaded configuration:
	npx cross-env BABEL_SHOW_CONFIG_FOR=/Users/Ajaya/Documents/TizenGitTVApp/node_modules/@mui/system/GlobalStyles/index.js <your build command>
See https://babeljs.io/docs/configuration#print-effective-configs for more info.
Though the "loose" option was set to "true" in your @babel/preset-env config, it will not be used for @babel/plugin-transform-private-methods since the "loose" mode option was set to "false" for @babel/plugin-transform-private-property-in-object.
The "loose" option must be the same for @babel/plugin-transform-class-properties, @babel/plugin-transform-private-methods and @babel/plugin-transform-private-property-in-object (when they are enabled): you can silence this warning by explicitly adding
	["@babel/plugin-transform-private-methods", { "loose": false }]
to the "plugins" section of your Babel config.

If you already set the same 'loose' mode for these plugins in your config, it's possible that they are enabled multiple times with different options.
You can re-run Babel with the BABEL_SHOW_CONFIG_FOR environment variable to show the loaded configuration:
	npx cross-env BABEL_SHOW_CONFIG_FOR=/Users/Ajaya/Documents/TizenGitTVApp/node_modules/@mui/system/GlobalStyles/index.js <your build command>
See https://babeljs.io/docs/configuration#print-effective-configs for more info.
Though the "loose" option was set to "true" in your @babel/preset-env config, it will not be used for @babel/plugin-transform-private-property-in-object since the "loose" mode option was set to "false" for @babel/plugin-transform-class-properties.
The "loose" option must be the same for @babel/plugin-transform-class-properties, @babel/plugin-transform-private-methods and @babel/plugin-transform-private-property-in-object (when they are enabled): you can silence this warning by explicitly adding
	["@babel/plugin-transform-private-property-in-object", { "loose": false }]
to the "plugins" section of your Babel config.

If you already set the same 'loose' mode for these plugins in your config, it's possible that they are enabled multiple times with different options.
You can re-run Babel with the BABEL_SHOW_CONFIG_FOR environment variable to show the loaded configuration:
	npx cross-env BABEL_SHOW_CONFIG_FOR=/Users/Ajaya/Documents/TizenGitTVApp/node_modules/@mui/utils/deepmerge/deepmerge.js <your build command>
See https://babeljs.io/docs/configuration#print-effective-configs for more info.
Though the "loose" option was set to "true" in your @babel/preset-env config, it will not be used for @babel/plugin-transform-private-methods since the "loose" mode option was set to "false" for @babel/plugin-transform-private-property-in-object.
The "loose" option must be the same for @babel/plugin-transform-class-properties, @babel/plugin-transform-private-methods and @babel/plugin-transform-private-property-in-object (when they are enabled): you can silence this warning by explicitly adding
	["@babel/plugin-transform-private-methods", { "loose": false }]
to the "plugins" section of your Babel config.

If you already set the same 'loose' mode for these plugins in your config, it's possible that they are enabled multiple times with different options.
You can re-run Babel with the BABEL_SHOW_CONFIG_FOR environment variable to show the loaded configuration:
	npx cross-env BABEL_SHOW_CONFIG_FOR=/Users/Ajaya/Documents/TizenGitTVApp/node_modules/@mui/utils/deepmerge/deepmerge.js <your build command>
See https://babeljs.io/docs/configuration#print-effective-configs for more info.
Though the "loose" option was set to "true" in your @babel/preset-env config, it will not be used for @babel/plugin-transform-private-property-in-object since the "loose" mode option was set to "false" for @babel/plugin-transform-class-properties.
The "loose" option must be the same for @babel/plugin-transform-class-properties, @babel/plugin-transform-private-methods and @babel/plugin-transform-private-property-in-object (when they are enabled): you can silence this warning by explicitly adding
	["@babel/plugin-transform-private-property-in-object", { "loose": false }]
to the "plugins" section of your Babel config.

If you already set the same 'loose' mode for these plugins in your config, it's possible that they are enabled multiple times with different options.
You can re-run Babel with the BABEL_SHOW_CONFIG_FOR environment variable to show the loaded configuration:
	npx cross-env BABEL_SHOW_CONFIG_FOR=/Users/Ajaya/Documents/TizenGitTVApp/node_modules/@mui/material/TableFooter/TableFooter.js <your build command>
See https://babeljs.io/docs/configuration#print-effective-configs for more info.
Though the "loose" option was set to "true" in your @babel/preset-env config, it will not be used for @babel/plugin-transform-private-methods since the "loose" mode option was set to "false" for @babel/plugin-transform-private-property-in-object.
The "loose" option must be the same for @babel/plugin-transform-class-properties, @babel/plugin-transform-private-methods and @babel/plugin-transform-private-property-in-object (when they are enabled): you can silence this warning by explicitly adding
	["@babel/plugin-transform-private-methods", { "loose": false }]
to the "plugins" section of your Babel config.

If you already set the same 'loose' mode for these plugins in your config, it's possible that they are enabled multiple times with different options.
You can re-run Babel with the BABEL_SHOW_CONFIG_FOR environment variable to show the loaded configuration:
	npx cross-env BABEL_SHOW_CONFIG_FOR=/Users/Ajaya/Documents/TizenGitTVApp/node_modules/@mui/material/TableFooter/TableFooter.js <your build command>
See https://babeljs.io/docs/configuration#print-effective-configs for more info.
Though the "loose" option was set to "true" in your @babel/preset-env config, it will not be used for @babel/plugin-transform-private-property-in-object since the "loose" mode option was set to "false" for @babel/plugin-transform-class-properties.
The "loose" option must be the same for @babel/plugin-transform-class-properties, @babel/plugin-transform-private-methods and @babel/plugin-transform-private-property-in-object (when they are enabled): you can silence this warning by explicitly adding
	["@babel/plugin-transform-private-property-in-object", { "loose": false }]
to the "plugins" section of your Babel config.

If you already set the same 'loose' mode for these plugins in your config, it's possible that they are enabled multiple times with different options.
You can re-run Babel with the BABEL_SHOW_CONFIG_FOR environment variable to show the loaded configuration:
	npx cross-env BABEL_SHOW_CONFIG_FOR=/Users/Ajaya/Documents/TizenGitTVApp/node_modules/@mui/material/TableFooter/tableFooterClasses.js <your build command>
See https://babeljs.io/docs/configuration#print-effective-configs for more info.
Though the "loose" option was set to "true" in your @babel/preset-env config, it will not be used for @babel/plugin-transform-private-methods since the "loose" mode option was set to "false" for @babel/plugin-transform-private-property-in-object.
The "loose" option must be the same for @babel/plugin-transform-class-properties, @babel/plugin-transform-private-methods and @babel/plugin-transform-private-property-in-object (when they are enabled): you can silence this warning by explicitly adding
	["@babel/plugin-transform-private-methods", { "loose": false }]
to the "plugins" section of your Babel config.

If you already set the same 'loose' mode for these plugins in your config, it's possible that they are enabled multiple times with different options.
You can re-run Babel with the BABEL_SHOW_CONFIG_FOR environment variable to show the loaded configuration:
	npx cross-env BABEL_SHOW_CONFIG_FOR=/Users/Ajaya/Documents/TizenGitTVApp/node_modules/@mui/material/TableFooter/tableFooterClasses.js <your build command>
See https://babeljs.io/docs/configuration#print-effective-configs for more info.
Though the "loose" option was set to "true" in your @babel/preset-env config, it will not be used for @babel/plugin-transform-private-property-in-object since the "loose" mode option was set to "false" for @babel/plugin-transform-class-properties.
The "loose" option must be the same for @babel/plugin-transform-class-properties, @babel/plugin-transform-private-methods and @babel/plugin-transform-private-property-in-object (when they are enabled): you can silence this warning by explicitly adding
	["@babel/plugin-transform-private-property-in-object", { "loose": false }]
to the "plugins" section of your Babel config.

If you already set the same 'loose' mode for these plugins in your config, it's possible that they are enabled multiple times with different options.
You can re-run Babel with the BABEL_SHOW_CONFIG_FOR environment variable to show the loaded configuration:
	npx cross-env BABEL_SHOW_CONFIG_FOR=/Users/Ajaya/Documents/TizenGitTVApp/node_modules/@mui/material/TablePaginationActions/tablePaginationActionsClasses.js <your build command>
See https://babeljs.io/docs/configuration#print-effective-configs for more info.
Though the "loose" option was set to "true" in your @babel/preset-env config, it will not be used for @babel/plugin-transform-private-methods since the "loose" mode option was set to "false" for @babel/plugin-transform-private-property-in-object.
The "loose" option must be the same for @babel/plugin-transform-class-properties, @babel/plugin-transform-private-methods and @babel/plugin-transform-private-property-in-object (when they are enabled): you can silence this warning by explicitly adding
	["@babel/plugin-transform-private-methods", { "loose": false }]
to the "plugins" section of your Babel config.

If you already set the same 'loose' mode for these plugins in your config, it's possible that they are enabled multiple times with different options.
You can re-run Babel with the BABEL_SHOW_CONFIG_FOR environment variable to show the loaded configuration:
	npx cross-env BABEL_SHOW_CONFIG_FOR=/Users/Ajaya/Documents/TizenGitTVApp/node_modules/@mui/material/TablePaginationActions/tablePaginationActionsClasses.js <your build command>
See https://babeljs.io/docs/configuration#print-effective-configs for more info.
Though the "loose" option was set to "true" in your @babel/preset-env config, it will not be used for @babel/plugin-transform-private-property-in-object since the "loose" mode option was set to "false" for @babel/plugin-transform-class-properties.
The "loose" option must be the same for @babel/plugin-transform-class-properties, @babel/plugin-transform-private-methods and @babel/plugin-transform-private-property-in-object (when they are enabled): you can silence this warning by explicitly adding
	["@babel/plugin-transform-private-property-in-object", { "loose": false }]
to the "plugins" section of your Babel config.

If you already set the same 'loose' mode for these plugins in your config, it's possible that they are enabled multiple times with different options.
You can re-run Babel with the BABEL_SHOW_CONFIG_FOR environment variable to show the loaded configuration:
	npx cross-env BABEL_SHOW_CONFIG_FOR=/Users/Ajaya/Documents/TizenGitTVApp/node_modules/@mui/material/List/index.js <your build command>
See https://babeljs.io/docs/configuration#print-effective-configs for more info.
Though the "loose" option was set to "true" in your @babel/preset-env config, it will not be used for @babel/plugin-transform-private-methods since the "loose" mode option was set to "false" for @babel/plugin-transform-private-property-in-object.
The "loose" option must be the same for @babel/plugin-transform-class-properties, @babel/plugin-transform-private-methods and @babel/plugin-transform-private-property-in-object (when they are enabled): you can silence this warning by explicitly adding
	["@babel/plugin-transform-private-methods", { "loose": false }]
to the "plugins" section of your Babel config.

If you already set the same 'loose' mode for these plugins in your config, it's possible that they are enabled multiple times with different options.
You can re-run Babel with the BABEL_SHOW_CONFIG_FOR environment variable to show the loaded configuration:
	npx cross-env BABEL_SHOW_CONFIG_FOR=/Users/Ajaya/Documents/TizenGitTVApp/node_modules/@mui/material/List/index.js <your build command>
See https://babeljs.io/docs/configuration#print-effective-configs for more info.
Though the "loose" option was set to "true" in your @babel/preset-env config, it will not be used for @babel/plugin-transform-private-property-in-object since the "loose" mode option was set to "false" for @babel/plugin-transform-class-properties.
The "loose" option must be the same for @babel/plugin-transform-class-properties, @babel/plugin-transform-private-methods and @babel/plugin-transform-private-property-in-object (when they are enabled): you can silence this warning by explicitly adding
	["@babel/plugin-transform-private-property-in-object", { "loose": false }]
to the "plugins" section of your Babel config.

If you already set the same 'loose' mode for these plugins in your config, it's possible that they are enabled multiple times with different options.
You can re-run Babel with the BABEL_SHOW_CONFIG_FOR environment variable to show the loaded configuration:
	npx cross-env BABEL_SHOW_CONFIG_FOR=/Users/Ajaya/Documents/TizenGitTVApp/node_modules/@mui/material/Fade/index.js <your build command>
See https://babeljs.io/docs/configuration#print-effective-configs for more info.
Though the "loose" option was set to "true" in your @babel/preset-env config, it will not be used for @babel/plugin-transform-private-methods since the "loose" mode option was set to "false" for @babel/plugin-transform-private-property-in-object.
The "loose" option must be the same for @babel/plugin-transform-class-properties, @babel/plugin-transform-private-methods and @babel/plugin-transform-private-property-in-object (when they are enabled): you can silence this warning by explicitly adding
	["@babel/plugin-transform-private-methods", { "loose": false }]
to the "plugins" section of your Babel config.

If you already set the same 'loose' mode for these plugins in your config, it's possible that they are enabled multiple times with different options.
You can re-run Babel with the BABEL_SHOW_CONFIG_FOR environment variable to show the loaded configuration:
	npx cross-env BABEL_SHOW_CONFIG_FOR=/Users/Ajaya/Documents/TizenGitTVApp/node_modules/@mui/material/Fade/index.js <your build command>
See https://babeljs.io/docs/configuration#print-effective-configs for more info.
Though the "loose" option was set to "true" in your @babel/preset-env config, it will not be used for @babel/plugin-transform-private-property-in-object since the "loose" mode option was set to "false" for @babel/plugin-transform-class-properties.
The "loose" option must be the same for @babel/plugin-transform-class-properties, @babel/plugin-transform-private-methods and @babel/plugin-transform-private-property-in-object (when they are enabled): you can silence this warning by explicitly adding
	["@babel/plugin-transform-private-property-in-object", { "loose": false }]
to the "plugins" section of your Babel config.

If you already set the same 'loose' mode for these plugins in your config, it's possible that they are enabled multiple times with different options.
You can re-run Babel with the BABEL_SHOW_CONFIG_FOR environment variable to show the loaded configuration:
	npx cross-env BABEL_SHOW_CONFIG_FOR=/Users/Ajaya/Documents/TizenGitTVApp/node_modules/@mui/material/colors/blue.js <your build command>
See https://babeljs.io/docs/configuration#print-effective-configs for more info.
Though the "loose" option was set to "true" in your @babel/preset-env config, it will not be used for @babel/plugin-transform-private-methods since the "loose" mode option was set to "false" for @babel/plugin-transform-private-property-in-object.
The "loose" option must be the same for @babel/plugin-transform-class-properties, @babel/plugin-transform-private-methods and @babel/plugin-transform-private-property-in-object (when they are enabled): you can silence this warning by explicitly adding
	["@babel/plugin-transform-private-methods", { "loose": false }]
to the "plugins" section of your Babel config.

If you already set the same 'loose' mode for these plugins in your config, it's possible that they are enabled multiple times with different options.
You can re-run Babel with the BABEL_SHOW_CONFIG_FOR environment variable to show the loaded configuration:
	npx cross-env BABEL_SHOW_CONFIG_FOR=/Users/Ajaya/Documents/TizenGitTVApp/node_modules/@mui/material/colors/blue.js <your build command>
See https://babeljs.io/docs/configuration#print-effective-configs for more info.
Though the "loose" option was set to "true" in your @babel/preset-env config, it will not be used for @babel/plugin-transform-private-property-in-object since the "loose" mode option was set to "false" for @babel/plugin-transform-class-properties.
The "loose" option must be the same for @babel/plugin-transform-class-properties, @babel/plugin-transform-private-methods and @babel/plugin-transform-private-property-in-object (when they are enabled): you can silence this warning by explicitly adding
	["@babel/plugin-transform-private-property-in-object", { "loose": false }]
to the "plugins" section of your Babel config.

If you already set the same 'loose' mode for these plugins in your config, it's possible that they are enabled multiple times with different options.
You can re-run Babel with the BABEL_SHOW_CONFIG_FOR environment variable to show the loaded configuration:
	npx cross-env BABEL_SHOW_CONFIG_FOR=/Users/Ajaya/Documents/TizenGitTVApp/node_modules/@mui/material/colors/lightBlue.js <your build command>
See https://babeljs.io/docs/configuration#print-effective-configs for more info.
Though the "loose" option was set to "true" in your @babel/preset-env config, it will not be used for @babel/plugin-transform-private-methods since the "loose" mode option was set to "false" for @babel/plugin-transform-private-property-in-object.
The "loose" option must be the same for @babel/plugin-transform-class-properties, @babel/plugin-transform-private-methods and @babel/plugin-transform-private-property-in-object (when they are enabled): you can silence this warning by explicitly adding
	["@babel/plugin-transform-private-methods", { "loose": false }]
to the "plugins" section of your Babel config.

If you already set the same 'loose' mode for these plugins in your config, it's possible that they are enabled multiple times with different options.
You can re-run Babel with the BABEL_SHOW_CONFIG_FOR environment variable to show the loaded configuration:
	npx cross-env BABEL_SHOW_CONFIG_FOR=/Users/Ajaya/Documents/TizenGitTVApp/node_modules/@mui/material/colors/lightBlue.js <your build command>
See https://babeljs.io/docs/configuration#print-effective-configs for more info.
Though the "loose" option was set to "true" in your @babel/preset-env config, it will not be used for @babel/plugin-transform-private-property-in-object since the "loose" mode option was set to "false" for @babel/plugin-transform-class-properties.
The "loose" option must be the same for @babel/plugin-transform-class-properties, @babel/plugin-transform-private-methods and @babel/plugin-transform-private-property-in-object (when they are enabled): you can silence this warning by explicitly adding
	["@babel/plugin-transform-private-property-in-object", { "loose": false }]
to the "plugins" section of your Babel config.

If you already set the same 'loose' mode for these plugins in your config, it's possible that they are enabled multiple times with different options.
You can re-run Babel with the BABEL_SHOW_CONFIG_FOR environment variable to show the loaded configuration:
	npx cross-env BABEL_SHOW_CONFIG_FOR=/Users/Ajaya/Documents/TizenGitTVApp/node_modules/@mui/material/colors/green.js <your build command>
See https://babeljs.io/docs/configuration#print-effective-configs for more info.
Though the "loose" option was set to "true" in your @babel/preset-env config, it will not be used for @babel/plugin-transform-private-methods since the "loose" mode option was set to "false" for @babel/plugin-transform-private-property-in-object.
The "loose" option must be the same for @babel/plugin-transform-class-properties, @babel/plugin-transform-private-methods and @babel/plugin-transform-private-property-in-object (when they are enabled): you can silence this warning by explicitly adding
	["@babel/plugin-transform-private-methods", { "loose": false }]
to the "plugins" section of your Babel config.

If you already set the same 'loose' mode for these plugins in your config, it's possible that they are enabled multiple times with different options.
You can re-run Babel with the BABEL_SHOW_CONFIG_FOR environment variable to show the loaded configuration:
	npx cross-env BABEL_SHOW_CONFIG_FOR=/Users/Ajaya/Documents/TizenGitTVApp/node_modules/@mui/material/colors/green.js <your build command>
See https://babeljs.io/docs/configuration#print-effective-configs for more info.
Though the "loose" option was set to "true" in your @babel/preset-env config, it will not be used for @babel/plugin-transform-private-property-in-object since the "loose" mode option was set to "false" for @babel/plugin-transform-class-properties.
The "loose" option must be the same for @babel/plugin-transform-class-properties, @babel/plugin-transform-private-methods and @babel/plugin-transform-private-property-in-object (when they are enabled): you can silence this warning by explicitly adding
	["@babel/plugin-transform-private-property-in-object", { "loose": false }]
to the "plugins" section of your Babel config.

If you already set the same 'loose' mode for these plugins in your config, it's possible that they are enabled multiple times with different options.
You can re-run Babel with the BABEL_SHOW_CONFIG_FOR environment variable to show the loaded configuration:
	npx cross-env BABEL_SHOW_CONFIG_FOR=/Users/Ajaya/Documents/TizenGitTVApp/node_modules/@mui/material/internal/svg-icons/RadioButtonChecked.js <your build command>
See https://babeljs.io/docs/configuration#print-effective-configs for more info.
Though the "loose" option was set to "true" in your @babel/preset-env config, it will not be used for @babel/plugin-transform-private-methods since the "loose" mode option was set to "false" for @babel/plugin-transform-private-property-in-object.
The "loose" option must be the same for @babel/plugin-transform-class-properties, @babel/plugin-transform-private-methods and @babel/plugin-transform-private-property-in-object (when they are enabled): you can silence this warning by explicitly adding
	["@babel/plugin-transform-private-methods", { "loose": false }]
to the "plugins" section of your Babel config.

If you already set the same 'loose' mode for these plugins in your config, it's possible that they are enabled multiple times with different options.
You can re-run Babel with the BABEL_SHOW_CONFIG_FOR environment variable to show the loaded configuration:
	npx cross-env BABEL_SHOW_CONFIG_FOR=/Users/Ajaya/Documents/TizenGitTVApp/node_modules/@mui/material/internal/svg-icons/RadioButtonChecked.js <your build command>
See https://babeljs.io/docs/configuration#print-effective-configs for more info.
Though the "loose" option was set to "true" in your @babel/preset-env config, it will not be used for @babel/plugin-transform-private-property-in-object since the "loose" mode option was set to "false" for @babel/plugin-transform-class-properties.
The "loose" option must be the same for @babel/plugin-transform-class-properties, @babel/plugin-transform-private-methods and @babel/plugin-transform-private-property-in-object (when they are enabled): you can silence this warning by explicitly adding
	["@babel/plugin-transform-private-property-in-object", { "loose": false }]
to the "plugins" section of your Babel config.

If you already set the same 'loose' mode for these plugins in your config, it's possible that they are enabled multiple times with different options.
You can re-run Babel with the BABEL_SHOW_CONFIG_FOR environment variable to show the loaded configuration:
	npx cross-env BABEL_SHOW_CONFIG_FOR=/Users/Ajaya/Documents/TizenGitTVApp/node_modules/@mui/material/colors/orange.js <your build command>
See https://babeljs.io/docs/configuration#print-effective-configs for more info.
Though the "loose" option was set to "true" in your @babel/preset-env config, it will not be used for @babel/plugin-transform-private-methods since the "loose" mode option was set to "false" for @babel/plugin-transform-private-property-in-object.
The "loose" option must be the same for @babel/plugin-transform-class-properties, @babel/plugin-transform-private-methods and @babel/plugin-transform-private-property-in-object (when they are enabled): you can silence this warning by explicitly adding
	["@babel/plugin-transform-private-methods", { "loose": false }]
to the "plugins" section of your Babel config.

If you already set the same 'loose' mode for these plugins in your config, it's possible that they are enabled multiple times with different options.
You can re-run Babel with the BABEL_SHOW_CONFIG_FOR environment variable to show the loaded configuration:
	npx cross-env BABEL_SHOW_CONFIG_FOR=/Users/Ajaya/Documents/TizenGitTVApp/node_modules/@mui/material/colors/orange.js <your build command>
See https://babeljs.io/docs/configuration#print-effective-configs for more info.
Though the "loose" option was set to "true" in your @babel/preset-env config, it will not be used for @babel/plugin-transform-private-property-in-object since the "loose" mode option was set to "false" for @babel/plugin-transform-class-properties.
The "loose" option must be the same for @babel/plugin-transform-class-properties, @babel/plugin-transform-private-methods and @babel/plugin-transform-private-property-in-object (when they are enabled): you can silence this warning by explicitly adding
	["@babel/plugin-transform-private-property-in-object", { "loose": false }]
to the "plugins" section of your Babel config.

If you already set the same 'loose' mode for these plugins in your config, it's possible that they are enabled multiple times with different options.
You can re-run Babel with the BABEL_SHOW_CONFIG_FOR environment variable to show the loaded configuration:
	npx cross-env BABEL_SHOW_CONFIG_FOR=/Users/Ajaya/Documents/TizenGitTVApp/node_modules/@mui/material/colors/grey.js <your build command>
See https://babeljs.io/docs/configuration#print-effective-configs for more info.
Though the "loose" option was set to "true" in your @babel/preset-env config, it will not be used for @babel/plugin-transform-private-methods since the "loose" mode option was set to "false" for @babel/plugin-transform-private-property-in-object.
The "loose" option must be the same for @babel/plugin-transform-class-properties, @babel/plugin-transform-private-methods and @babel/plugin-transform-private-property-in-object (when they are enabled): you can silence this warning by explicitly adding
	["@babel/plugin-transform-private-methods", { "loose": false }]
to the "plugins" section of your Babel config.

If you already set the same 'loose' mode for these plugins in your config, it's possible that they are enabled multiple times with different options.
You can re-run Babel with the BABEL_SHOW_CONFIG_FOR environment variable to show the loaded configuration:
	npx cross-env BABEL_SHOW_CONFIG_FOR=/Users/Ajaya/Documents/TizenGitTVApp/node_modules/@mui/material/colors/grey.js <your build command>
See https://babeljs.io/docs/configuration#print-effective-configs for more info.
Though the "loose" option was set to "true" in your @babel/preset-env config, it will not be used for @babel/plugin-transform-private-property-in-object since the "loose" mode option was set to "false" for @babel/plugin-transform-class-properties.
The "loose" option must be the same for @babel/plugin-transform-class-properties, @babel/plugin-transform-private-methods and @babel/plugin-transform-private-property-in-object (when they are enabled): you can silence this warning by explicitly adding
	["@babel/plugin-transform-private-property-in-object", { "loose": false }]
to the "plugins" section of your Babel config.

If you already set the same 'loose' mode for these plugins in your config, it's possible that they are enabled multiple times with different options.
You can re-run Babel with the BABEL_SHOW_CONFIG_FOR environment variable to show the loaded configuration:
	npx cross-env BABEL_SHOW_CONFIG_FOR=/Users/Ajaya/Documents/TizenGitTVApp/node_modules/@mui/material/colors/purple.js <your build command>
See https://babeljs.io/docs/configuration#print-effective-configs for more info.
Though the "loose" option was set to "true" in your @babel/preset-env config, it will not be used for @babel/plugin-transform-private-methods since the "loose" mode option was set to "false" for @babel/plugin-transform-private-property-in-object.
The "loose" option must be the same for @babel/plugin-transform-class-properties, @babel/plugin-transform-private-methods and @babel/plugin-transform-private-property-in-object (when they are enabled): you can silence this warning by explicitly adding
	["@babel/plugin-transform-private-methods", { "loose": false }]
to the "plugins" section of your Babel config.

If you already set the same 'loose' mode for these plugins in your config, it's possible that they are enabled multiple times with different options.
You can re-run Babel with the BABEL_SHOW_CONFIG_FOR environment variable to show the loaded configuration:
	npx cross-env BABEL_SHOW_CONFIG_FOR=/Users/Ajaya/Documents/TizenGitTVApp/node_modules/@mui/material/colors/purple.js <your build command>
See https://babeljs.io/docs/configuration#print-effective-configs for more info.
Though the "loose" option was set to "true" in your @babel/preset-env config, it will not be used for @babel/plugin-transform-private-property-in-object since the "loose" mode option was set to "false" for @babel/plugin-transform-class-properties.
The "loose" option must be the same for @babel/plugin-transform-class-properties, @babel/plugin-transform-private-methods and @babel/plugin-transform-private-property-in-object (when they are enabled): you can silence this warning by explicitly adding
	["@babel/plugin-transform-private-property-in-object", { "loose": false }]
to the "plugins" section of your Babel config.

If you already set the same 'loose' mode for these plugins in your config, it's possible that they are enabled multiple times with different options.
You can re-run Babel with the BABEL_SHOW_CONFIG_FOR environment variable to show the loaded configuration:
	npx cross-env BABEL_SHOW_CONFIG_FOR=/Users/Ajaya/Documents/TizenGitTVApp/node_modules/@mui/material/internal/svg-icons/RadioButtonUnchecked.js <your build command>
See https://babeljs.io/docs/configuration#print-effective-configs for more info.
Though the "loose" option was set to "true" in your @babel/preset-env config, it will not be used for @babel/plugin-transform-private-methods since the "loose" mode option was set to "false" for @babel/plugin-transform-private-property-in-object.
The "loose" option must be the same for @babel/plugin-transform-class-properties, @babel/plugin-transform-private-methods and @babel/plugin-transform-private-property-in-object (when they are enabled): you can silence this warning by explicitly adding
	["@babel/plugin-transform-private-methods", { "loose": false }]
to the "plugins" section of your Babel config.

If you already set the same 'loose' mode for these plugins in your config, it's possible that they are enabled multiple times with different options.
You can re-run Babel with the BABEL_SHOW_CONFIG_FOR environment variable to show the loaded configuration:
	npx cross-env BABEL_SHOW_CONFIG_FOR=/Users/Ajaya/Documents/TizenGitTVApp/node_modules/@mui/material/internal/svg-icons/RadioButtonUnchecked.js <your build command>
See https://babeljs.io/docs/configuration#print-effective-configs for more info.
Though the "loose" option was set to "true" in your @babel/preset-env config, it will not be used for @babel/plugin-transform-private-property-in-object since the "loose" mode option was set to "false" for @babel/plugin-transform-class-properties.
The "loose" option must be the same for @babel/plugin-transform-class-properties, @babel/plugin-transform-private-methods and @babel/plugin-transform-private-property-in-object (when they are enabled): you can silence this warning by explicitly adding
	["@babel/plugin-transform-private-property-in-object", { "loose": false }]
to the "plugins" section of your Babel config.

If you already set the same 'loose' mode for these plugins in your config, it's possible that they are enabled multiple times with different options.
You can re-run Babel with the BABEL_SHOW_CONFIG_FOR environment variable to show the loaded configuration:
	npx cross-env BABEL_SHOW_CONFIG_FOR=/Users/Ajaya/Documents/TizenGitTVApp/node_modules/@mui/material/colors/red.js <your build command>
See https://babeljs.io/docs/configuration#print-effective-configs for more info.
Though the "loose" option was set to "true" in your @babel/preset-env config, it will not be used for @babel/plugin-transform-private-methods since the "loose" mode option was set to "false" for @babel/plugin-transform-private-property-in-object.
The "loose" option must be the same for @babel/plugin-transform-class-properties, @babel/plugin-transform-private-methods and @babel/plugin-transform-private-property-in-object (when they are enabled): you can silence this warning by explicitly adding
	["@babel/plugin-transform-private-methods", { "loose": false }]
to the "plugins" section of your Babel config.

If you already set the same 'loose' mode for these plugins in your config, it's possible that they are enabled multiple times with different options.
You can re-run Babel with the BABEL_SHOW_CONFIG_FOR environment variable to show the loaded configuration:
	npx cross-env BABEL_SHOW_CONFIG_FOR=/Users/Ajaya/Documents/TizenGitTVApp/node_modules/@mui/material/colors/red.js <your build command>
See https://babeljs.io/docs/configuration#print-effective-configs for more info.
Though the "loose" option was set to "true" in your @babel/preset-env config, it will not be used for @babel/plugin-transform-private-property-in-object since the "loose" mode option was set to "false" for @babel/plugin-transform-class-properties.
The "loose" option must be the same for @babel/plugin-transform-class-properties, @babel/plugin-transform-private-methods and @babel/plugin-transform-private-property-in-object (when they are enabled): you can silence this warning by explicitly adding
	["@babel/plugin-transform-private-property-in-object", { "loose": false }]
to the "plugins" section of your Babel config.

If you already set the same 'loose' mode for these plugins in your config, it's possible that they are enabled multiple times with different options.
You can re-run Babel with the BABEL_SHOW_CONFIG_FOR environment variable to show the loaded configuration:
	npx cross-env BABEL_SHOW_CONFIG_FOR=/Users/Ajaya/Documents/TizenGitTVApp/node_modules/@mui/material/colors/common.js <your build command>
See https://babeljs.io/docs/configuration#print-effective-configs for more info.
Though the "loose" option was set to "true" in your @babel/preset-env config, it will not be used for @babel/plugin-transform-private-methods since the "loose" mode option was set to "false" for @babel/plugin-transform-private-property-in-object.
The "loose" option must be the same for @babel/plugin-transform-class-properties, @babel/plugin-transform-private-methods and @babel/plugin-transform-private-property-in-object (when they are enabled): you can silence this warning by explicitly adding
	["@babel/plugin-transform-private-methods", { "loose": false }]
to the "plugins" section of your Babel config.

If you already set the same 'loose' mode for these plugins in your config, it's possible that they are enabled multiple times with different options.
You can re-run Babel with the BABEL_SHOW_CONFIG_FOR environment variable to show the loaded configuration:
	npx cross-env BABEL_SHOW_CONFIG_FOR=/Users/Ajaya/Documents/TizenGitTVApp/node_modules/@mui/material/colors/common.js <your build command>
See https://babeljs.io/docs/configuration#print-effective-configs for more info.
Though the "loose" option was set to "true" in your @babel/preset-env config, it will not be used for @babel/plugin-transform-private-property-in-object since the "loose" mode option was set to "false" for @babel/plugin-transform-class-properties.
The "loose" option must be the same for @babel/plugin-transform-class-properties, @babel/plugin-transform-private-methods and @babel/plugin-transform-private-property-in-object (when they are enabled): you can silence this warning by explicitly adding
	["@babel/plugin-transform-private-property-in-object", { "loose": false }]
to the "plugins" section of your Babel config.

If you already set the same 'loose' mode for these plugins in your config, it's possible that they are enabled multiple times with different options.
You can re-run Babel with the BABEL_SHOW_CONFIG_FOR environment variable to show the loaded configuration:
	npx cross-env BABEL_SHOW_CONFIG_FOR=/Users/Ajaya/Documents/TizenGitTVApp/node_modules/@tanstack/query-core/build/legacy/hydration.cjs <your build command>
See https://babeljs.io/docs/configuration#print-effective-configs for more info.
Though the "loose" option was set to "true" in your @babel/preset-env config, it will not be used for @babel/plugin-transform-private-methods since the "loose" mode option was set to "false" for @babel/plugin-transform-private-property-in-object.
The "loose" option must be the same for @babel/plugin-transform-class-properties, @babel/plugin-transform-private-methods and @babel/plugin-transform-private-property-in-object (when they are enabled): you can silence this warning by explicitly adding
	["@babel/plugin-transform-private-methods", { "loose": false }]
to the "plugins" section of your Babel config.

If you already set the same 'loose' mode for these plugins in your config, it's possible that they are enabled multiple times with different options.
You can re-run Babel with the BABEL_SHOW_CONFIG_FOR environment variable to show the loaded configuration:
	npx cross-env BABEL_SHOW_CONFIG_FOR=/Users/Ajaya/Documents/TizenGitTVApp/node_modules/@tanstack/query-core/build/legacy/hydration.cjs <your build command>
See https://babeljs.io/docs/configuration#print-effective-configs for more info.
Though the "loose" option was set to "true" in your @babel/preset-env config, it will not be used for @babel/plugin-transform-private-property-in-object since the "loose" mode option was set to "false" for @babel/plugin-transform-class-properties.
The "loose" option must be the same for @babel/plugin-transform-class-properties, @babel/plugin-transform-private-methods and @babel/plugin-transform-private-property-in-object (when they are enabled): you can silence this warning by explicitly adding
	["@babel/plugin-transform-private-property-in-object", { "loose": false }]
to the "plugins" section of your Babel config.

If you already set the same 'loose' mode for these plugins in your config, it's possible that they are enabled multiple times with different options.
You can re-run Babel with the BABEL_SHOW_CONFIG_FOR environment variable to show the loaded configuration:
	npx cross-env BABEL_SHOW_CONFIG_FOR=/Users/Ajaya/Documents/TizenGitTVApp/node_modules/@mui/material/useLazyRipple/index.js <your build command>
See https://babeljs.io/docs/configuration#print-effective-configs for more info.
Though the "loose" option was set to "true" in your @babel/preset-env config, it will not be used for @babel/plugin-transform-private-methods since the "loose" mode option was set to "false" for @babel/plugin-transform-private-property-in-object.
The "loose" option must be the same for @babel/plugin-transform-class-properties, @babel/plugin-transform-private-methods and @babel/plugin-transform-private-property-in-object (when they are enabled): you can silence this warning by explicitly adding
	["@babel/plugin-transform-private-methods", { "loose": false }]
to the "plugins" section of your Babel config.

If you already set the same 'loose' mode for these plugins in your config, it's possible that they are enabled multiple times with different options.
You can re-run Babel with the BABEL_SHOW_CONFIG_FOR environment variable to show the loaded configuration:
	npx cross-env BABEL_SHOW_CONFIG_FOR=/Users/Ajaya/Documents/TizenGitTVApp/node_modules/@mui/material/useLazyRipple/index.js <your build command>
See https://babeljs.io/docs/configuration#print-effective-configs for more info.
Though the "loose" option was set to "true" in your @babel/preset-env config, it will not be used for @babel/plugin-transform-private-property-in-object since the "loose" mode option was set to "false" for @babel/plugin-transform-class-properties.
The "loose" option must be the same for @babel/plugin-transform-class-properties, @babel/plugin-transform-private-methods and @babel/plugin-transform-private-property-in-object (when they are enabled): you can silence this warning by explicitly adding
	["@babel/plugin-transform-private-property-in-object", { "loose": false }]
to the "plugins" section of your Babel config.

If you already set the same 'loose' mode for these plugins in your config, it's possible that they are enabled multiple times with different options.
You can re-run Babel with the BABEL_SHOW_CONFIG_FOR environment variable to show the loaded configuration:
	npx cross-env BABEL_SHOW_CONFIG_FOR=/Users/Ajaya/Documents/TizenGitTVApp/node_modules/@mui/utils/isFocusVisible/index.js <your build command>
See https://babeljs.io/docs/configuration#print-effective-configs for more info.
Though the "loose" option was set to "true" in your @babel/preset-env config, it will not be used for @babel/plugin-transform-private-methods since the "loose" mode option was set to "false" for @babel/plugin-transform-private-property-in-object.
The "loose" option must be the same for @babel/plugin-transform-class-properties, @babel/plugin-transform-private-methods and @babel/plugin-transform-private-property-in-object (when they are enabled): you can silence this warning by explicitly adding
	["@babel/plugin-transform-private-methods", { "loose": false }]
to the "plugins" section of your Babel config.

If you already set the same 'loose' mode for these plugins in your config, it's possible that they are enabled multiple times with different options.
You can re-run Babel with the BABEL_SHOW_CONFIG_FOR environment variable to show the loaded configuration:
	npx cross-env BABEL_SHOW_CONFIG_FOR=/Users/Ajaya/Documents/TizenGitTVApp/node_modules/@mui/utils/isFocusVisible/index.js <your build command>
See https://babeljs.io/docs/configuration#print-effective-configs for more info.
Though the "loose" option was set to "true" in your @babel/preset-env config, it will not be used for @babel/plugin-transform-private-property-in-object since the "loose" mode option was set to "false" for @babel/plugin-transform-class-properties.
The "loose" option must be the same for @babel/plugin-transform-class-properties, @babel/plugin-transform-private-methods and @babel/plugin-transform-private-property-in-object (when they are enabled): you can silence this warning by explicitly adding
	["@babel/plugin-transform-private-property-in-object", { "loose": false }]
to the "plugins" section of your Babel config.

If you already set the same 'loose' mode for these plugins in your config, it's possible that they are enabled multiple times with different options.
You can re-run Babel with the BABEL_SHOW_CONFIG_FOR environment variable to show the loaded configuration:
	npx cross-env BABEL_SHOW_CONFIG_FOR=/Users/Ajaya/Documents/TizenGitTVApp/node_modules/@mui/utils/requirePropFactory/requirePropFactory.js <your build command>
See https://babeljs.io/docs/configuration#print-effective-configs for more info.
Though the "loose" option was set to "true" in your @babel/preset-env config, it will not be used for @babel/plugin-transform-private-methods since the "loose" mode option was set to "false" for @babel/plugin-transform-private-property-in-object.
The "loose" option must be the same for @babel/plugin-transform-class-properties, @babel/plugin-transform-private-methods and @babel/plugin-transform-private-property-in-object (when they are enabled): you can silence this warning by explicitly adding
	["@babel/plugin-transform-private-methods", { "loose": false }]
to the "plugins" section of your Babel config.

If you already set the same 'loose' mode for these plugins in your config, it's possible that they are enabled multiple times with different options.
You can re-run Babel with the BABEL_SHOW_CONFIG_FOR environment variable to show the loaded configuration:
	npx cross-env BABEL_SHOW_CONFIG_FOR=/Users/Ajaya/Documents/TizenGitTVApp/node_modules/@mui/utils/requirePropFactory/requirePropFactory.js <your build command>
See https://babeljs.io/docs/configuration#print-effective-configs for more info.
Though the "loose" option was set to "true" in your @babel/preset-env config, it will not be used for @babel/plugin-transform-private-property-in-object since the "loose" mode option was set to "false" for @babel/plugin-transform-class-properties.
The "loose" option must be the same for @babel/plugin-transform-class-properties, @babel/plugin-transform-private-methods and @babel/plugin-transform-private-property-in-object (when they are enabled): you can silence this warning by explicitly adding
	["@babel/plugin-transform-private-property-in-object", { "loose": false }]
to the "plugins" section of your Babel config.

If you already set the same 'loose' mode for these plugins in your config, it's possible that they are enabled multiple times with different options.
You can re-run Babel with the BABEL_SHOW_CONFIG_FOR environment variable to show the loaded configuration:
	npx cross-env BABEL_SHOW_CONFIG_FOR=/Users/Ajaya/Documents/TizenGitTVApp/node_modules/@mui/material/Popper/BasePopper.js <your build command>
See https://babeljs.io/docs/configuration#print-effective-configs for more info.
Though the "loose" option was set to "true" in your @babel/preset-env config, it will not be used for @babel/plugin-transform-private-methods since the "loose" mode option was set to "false" for @babel/plugin-transform-private-property-in-object.
The "loose" option must be the same for @babel/plugin-transform-class-properties, @babel/plugin-transform-private-methods and @babel/plugin-transform-private-property-in-object (when they are enabled): you can silence this warning by explicitly adding
	["@babel/plugin-transform-private-methods", { "loose": false }]
to the "plugins" section of your Babel config.

If you already set the same 'loose' mode for these plugins in your config, it's possible that they are enabled multiple times with different options.
You can re-run Babel with the BABEL_SHOW_CONFIG_FOR environment variable to show the loaded configuration:
	npx cross-env BABEL_SHOW_CONFIG_FOR=/Users/Ajaya/Documents/TizenGitTVApp/node_modules/@mui/material/Popper/BasePopper.js <your build command>
See https://babeljs.io/docs/configuration#print-effective-configs for more info.
Though the "loose" option was set to "true" in your @babel/preset-env config, it will not be used for @babel/plugin-transform-private-property-in-object since the "loose" mode option was set to "false" for @babel/plugin-transform-class-properties.
The "loose" option must be the same for @babel/plugin-transform-class-properties, @babel/plugin-transform-private-methods and @babel/plugin-transform-private-property-in-object (when they are enabled): you can silence this warning by explicitly adding
	["@babel/plugin-transform-private-property-in-object", { "loose": false }]
to the "plugins" section of your Babel config.

If you already set the same 'loose' mode for these plugins in your config, it's possible that they are enabled multiple times with different options.
You can re-run Babel with the BABEL_SHOW_CONFIG_FOR environment variable to show the loaded configuration:
	npx cross-env BABEL_SHOW_CONFIG_FOR=/Users/Ajaya/Documents/TizenGitTVApp/node_modules/@mui/utils/ownerWindow/ownerWindow.js <your build command>
See https://babeljs.io/docs/configuration#print-effective-configs for more info.
Though the "loose" option was set to "true" in your @babel/preset-env config, it will not be used for @babel/plugin-transform-private-methods since the "loose" mode option was set to "false" for @babel/plugin-transform-private-property-in-object.
The "loose" option must be the same for @babel/plugin-transform-class-properties, @babel/plugin-transform-private-methods and @babel/plugin-transform-private-property-in-object (when they are enabled): you can silence this warning by explicitly adding
	["@babel/plugin-transform-private-methods", { "loose": false }]
to the "plugins" section of your Babel config.

If you already set the same 'loose' mode for these plugins in your config, it's possible that they are enabled multiple times with different options.
You can re-run Babel with the BABEL_SHOW_CONFIG_FOR environment variable to show the loaded configuration:
	npx cross-env BABEL_SHOW_CONFIG_FOR=/Users/Ajaya/Documents/TizenGitTVApp/node_modules/@mui/utils/ownerWindow/ownerWindow.js <your build command>
See https://babeljs.io/docs/configuration#print-effective-configs for more info.
Though the "loose" option was set to "true" in your @babel/preset-env config, it will not be used for @babel/plugin-transform-private-property-in-object since the "loose" mode option was set to "false" for @babel/plugin-transform-class-properties.
The "loose" option must be the same for @babel/plugin-transform-class-properties, @babel/plugin-transform-private-methods and @babel/plugin-transform-private-property-in-object (when they are enabled): you can silence this warning by explicitly adding
	["@babel/plugin-transform-private-property-in-object", { "loose": false }]
to the "plugins" section of your Babel config.

If you already set the same 'loose' mode for these plugins in your config, it's possible that they are enabled multiple times with different options.
You can re-run Babel with the BABEL_SHOW_CONFIG_FOR environment variable to show the loaded configuration:
	npx cross-env BABEL_SHOW_CONFIG_FOR=/Users/Ajaya/Documents/TizenGitTVApp/node_modules/@mui/utils/clamp/clamp.js <your build command>
See https://babeljs.io/docs/configuration#print-effective-configs for more info.
Though the "loose" option was set to "true" in your @babel/preset-env config, it will not be used for @babel/plugin-transform-private-methods since the "loose" mode option was set to "false" for @babel/plugin-transform-private-property-in-object.
The "loose" option must be the same for @babel/plugin-transform-class-properties, @babel/plugin-transform-private-methods and @babel/plugin-transform-private-property-in-object (when they are enabled): you can silence this warning by explicitly adding
	["@babel/plugin-transform-private-methods", { "loose": false }]
to the "plugins" section of your Babel config.

If you already set the same 'loose' mode for these plugins in your config, it's possible that they are enabled multiple times with different options.
You can re-run Babel with the BABEL_SHOW_CONFIG_FOR environment variable to show the loaded configuration:
	npx cross-env BABEL_SHOW_CONFIG_FOR=/Users/Ajaya/Documents/TizenGitTVApp/node_modules/@mui/utils/clamp/clamp.js <your build command>
See https://babeljs.io/docs/configuration#print-effective-configs for more info.
Though the "loose" option was set to "true" in your @babel/preset-env config, it will not be used for @babel/plugin-transform-private-property-in-object since the "loose" mode option was set to "false" for @babel/plugin-transform-class-properties.
The "loose" option must be the same for @babel/plugin-transform-class-properties, @babel/plugin-transform-private-methods and @babel/plugin-transform-private-property-in-object (when they are enabled): you can silence this warning by explicitly adding
	["@babel/plugin-transform-private-property-in-object", { "loose": false }]
to the "plugins" section of your Babel config.

If you already set the same 'loose' mode for these plugins in your config, it's possible that they are enabled multiple times with different options.
You can re-run Babel with the BABEL_SHOW_CONFIG_FOR environment variable to show the loaded configuration:
	npx cross-env BABEL_SHOW_CONFIG_FOR=/Users/Ajaya/Documents/TizenGitTVApp/node_modules/@mui/material/TablePaginationActions/TablePaginationActions.js <your build command>
See https://babeljs.io/docs/configuration#print-effective-configs for more info.
Though the "loose" option was set to "true" in your @babel/preset-env config, it will not be used for @babel/plugin-transform-private-methods since the "loose" mode option was set to "false" for @babel/plugin-transform-private-property-in-object.
The "loose" option must be the same for @babel/plugin-transform-class-properties, @babel/plugin-transform-private-methods and @babel/plugin-transform-private-property-in-object (when they are enabled): you can silence this warning by explicitly adding
	["@babel/plugin-transform-private-methods", { "loose": false }]
to the "plugins" section of your Babel config.

If you already set the same 'loose' mode for these plugins in your config, it's possible that they are enabled multiple times with different options.
You can re-run Babel with the BABEL_SHOW_CONFIG_FOR environment variable to show the loaded configuration:
	npx cross-env BABEL_SHOW_CONFIG_FOR=/Users/Ajaya/Documents/TizenGitTVApp/node_modules/@mui/material/TablePaginationActions/TablePaginationActions.js <your build command>
See https://babeljs.io/docs/configuration#print-effective-configs for more info.
Though the "loose" option was set to "true" in your @babel/preset-env config, it will not be used for @babel/plugin-transform-private-property-in-object since the "loose" mode option was set to "false" for @babel/plugin-transform-class-properties.
The "loose" option must be the same for @babel/plugin-transform-class-properties, @babel/plugin-transform-private-methods and @babel/plugin-transform-private-property-in-object (when they are enabled): you can silence this warning by explicitly adding
	["@babel/plugin-transform-private-property-in-object", { "loose": false }]
to the "plugins" section of your Babel config.

If you already set the same 'loose' mode for these plugins in your config, it's possible that they are enabled multiple times with different options.
You can re-run Babel with the BABEL_SHOW_CONFIG_FOR environment variable to show the loaded configuration:
	npx cross-env BABEL_SHOW_CONFIG_FOR=/Users/Ajaya/Documents/TizenGitTVApp/node_modules/@mui/material/Select/SelectInput.js <your build command>
See https://babeljs.io/docs/configuration#print-effective-configs for more info.
Though the "loose" option was set to "true" in your @babel/preset-env config, it will not be used for @babel/plugin-transform-private-methods since the "loose" mode option was set to "false" for @babel/plugin-transform-private-property-in-object.
The "loose" option must be the same for @babel/plugin-transform-class-properties, @babel/plugin-transform-private-methods and @babel/plugin-transform-private-property-in-object (when they are enabled): you can silence this warning by explicitly adding
	["@babel/plugin-transform-private-methods", { "loose": false }]
to the "plugins" section of your Babel config.

If you already set the same 'loose' mode for these plugins in your config, it's possible that they are enabled multiple times with different options.
You can re-run Babel with the BABEL_SHOW_CONFIG_FOR environment variable to show the loaded configuration:
	npx cross-env BABEL_SHOW_CONFIG_FOR=/Users/Ajaya/Documents/TizenGitTVApp/node_modules/@mui/material/Select/SelectInput.js <your build command>
See https://babeljs.io/docs/configuration#print-effective-configs for more info.
Though the "loose" option was set to "true" in your @babel/preset-env config, it will not be used for @babel/plugin-transform-private-property-in-object since the "loose" mode option was set to "false" for @babel/plugin-transform-class-properties.
The "loose" option must be the same for @babel/plugin-transform-class-properties, @babel/plugin-transform-private-methods and @babel/plugin-transform-private-property-in-object (when they are enabled): you can silence this warning by explicitly adding
	["@babel/plugin-transform-private-property-in-object", { "loose": false }]
to the "plugins" section of your Babel config.

If you already set the same 'loose' mode for these plugins in your config, it's possible that they are enabled multiple times with different options.
You can re-run Babel with the BABEL_SHOW_CONFIG_FOR environment variable to show the loaded configuration:
	npx cross-env BABEL_SHOW_CONFIG_FOR=/Users/Ajaya/Documents/TizenGitTVApp/node_modules/@mui/material/TablePagination/tablePaginationClasses.js <your build command>
See https://babeljs.io/docs/configuration#print-effective-configs for more info.
Though the "loose" option was set to "true" in your @babel/preset-env config, it will not be used for @babel/plugin-transform-private-methods since the "loose" mode option was set to "false" for @babel/plugin-transform-private-property-in-object.
The "loose" option must be the same for @babel/plugin-transform-class-properties, @babel/plugin-transform-private-methods and @babel/plugin-transform-private-property-in-object (when they are enabled): you can silence this warning by explicitly adding
	["@babel/plugin-transform-private-methods", { "loose": false }]
to the "plugins" section of your Babel config.

If you already set the same 'loose' mode for these plugins in your config, it's possible that they are enabled multiple times with different options.
You can re-run Babel with the BABEL_SHOW_CONFIG_FOR environment variable to show the loaded configuration:
	npx cross-env BABEL_SHOW_CONFIG_FOR=/Users/Ajaya/Documents/TizenGitTVApp/node_modules/@mui/material/TablePagination/tablePaginationClasses.js <your build command>
See https://babeljs.io/docs/configuration#print-effective-configs for more info.
Though the "loose" option was set to "true" in your @babel/preset-env config, it will not be used for @babel/plugin-transform-private-property-in-object since the "loose" mode option was set to "false" for @babel/plugin-transform-class-properties.
The "loose" option must be the same for @babel/plugin-transform-class-properties, @babel/plugin-transform-private-methods and @babel/plugin-transform-private-property-in-object (when they are enabled): you can silence this warning by explicitly adding
	["@babel/plugin-transform-private-property-in-object", { "loose": false }]
to the "plugins" section of your Babel config.

If you already set the same 'loose' mode for these plugins in your config, it's possible that they are enabled multiple times with different options.
You can re-run Babel with the BABEL_SHOW_CONFIG_FOR environment variable to show the loaded configuration:
	npx cross-env BABEL_SHOW_CONFIG_FOR=/Users/Ajaya/Documents/TizenGitTVApp/node_modules/@mui/utils/deprecatedPropType/deprecatedPropType.js <your build command>
See https://babeljs.io/docs/configuration#print-effective-configs for more info.
Though the "loose" option was set to "true" in your @babel/preset-env config, it will not be used for @babel/plugin-transform-private-methods since the "loose" mode option was set to "false" for @babel/plugin-transform-private-property-in-object.
The "loose" option must be the same for @babel/plugin-transform-class-properties, @babel/plugin-transform-private-methods and @babel/plugin-transform-private-property-in-object (when they are enabled): you can silence this warning by explicitly adding
	["@babel/plugin-transform-private-methods", { "loose": false }]
to the "plugins" section of your Babel config.

If you already set the same 'loose' mode for these plugins in your config, it's possible that they are enabled multiple times with different options.
You can re-run Babel with the BABEL_SHOW_CONFIG_FOR environment variable to show the loaded configuration:
	npx cross-env BABEL_SHOW_CONFIG_FOR=/Users/Ajaya/Documents/TizenGitTVApp/node_modules/@mui/utils/deprecatedPropType/deprecatedPropType.js <your build command>
See https://babeljs.io/docs/configuration#print-effective-configs for more info.
Though the "loose" option was set to "true" in your @babel/preset-env config, it will not be used for @babel/plugin-transform-private-property-in-object since the "loose" mode option was set to "false" for @babel/plugin-transform-class-properties.
The "loose" option must be the same for @babel/plugin-transform-class-properties, @babel/plugin-transform-private-methods and @babel/plugin-transform-private-property-in-object (when they are enabled): you can silence this warning by explicitly adding
	["@babel/plugin-transform-private-property-in-object", { "loose": false }]
to the "plugins" section of your Babel config.

If you already set the same 'loose' mode for these plugins in your config, it's possible that they are enabled multiple times with different options.
You can re-run Babel with the BABEL_SHOW_CONFIG_FOR environment variable to show the loaded configuration:
	npx cross-env BABEL_SHOW_CONFIG_FOR=/Users/Ajaya/Documents/TizenGitTVApp/node_modules/@mui/material/TablePagination/TablePagination.js <your build command>
See https://babeljs.io/docs/configuration#print-effective-configs for more info.
Though the "loose" option was set to "true" in your @babel/preset-env config, it will not be used for @babel/plugin-transform-private-methods since the "loose" mode option was set to "false" for @babel/plugin-transform-private-property-in-object.
The "loose" option must be the same for @babel/plugin-transform-class-properties, @babel/plugin-transform-private-methods and @babel/plugin-transform-private-property-in-object (when they are enabled): you can silence this warning by explicitly adding
	["@babel/plugin-transform-private-methods", { "loose": false }]
to the "plugins" section of your Babel config.

If you already set the same 'loose' mode for these plugins in your config, it's possible that they are enabled multiple times with different options.
You can re-run Babel with the BABEL_SHOW_CONFIG_FOR environment variable to show the loaded configuration:
	npx cross-env BABEL_SHOW_CONFIG_FOR=/Users/Ajaya/Documents/TizenGitTVApp/node_modules/@mui/material/TablePagination/TablePagination.js <your build command>
See https://babeljs.io/docs/configuration#print-effective-configs for more info.
Though the "loose" option was set to "true" in your @babel/preset-env config, it will not be used for @babel/plugin-transform-private-property-in-object since the "loose" mode option was set to "false" for @babel/plugin-transform-class-properties.
The "loose" option must be the same for @babel/plugin-transform-class-properties, @babel/plugin-transform-private-methods and @babel/plugin-transform-private-property-in-object (when they are enabled): you can silence this warning by explicitly adding
	["@babel/plugin-transform-private-property-in-object", { "loose": false }]
to the "plugins" section of your Babel config.

If you already set the same 'loose' mode for these plugins in your config, it's possible that they are enabled multiple times with different options.
You can re-run Babel with the BABEL_SHOW_CONFIG_FOR environment variable to show the loaded configuration:
	npx cross-env BABEL_SHOW_CONFIG_FOR=/Users/Ajaya/Documents/TizenGitTVApp/node_modules/@mui/material/TabScrollButton/tabScrollButtonClasses.js <your build command>
See https://babeljs.io/docs/configuration#print-effective-configs for more info.
Though the "loose" option was set to "true" in your @babel/preset-env config, it will not be used for @babel/plugin-transform-private-methods since the "loose" mode option was set to "false" for @babel/plugin-transform-private-property-in-object.
The "loose" option must be the same for @babel/plugin-transform-class-properties, @babel/plugin-transform-private-methods and @babel/plugin-transform-private-property-in-object (when they are enabled): you can silence this warning by explicitly adding
	["@babel/plugin-transform-private-methods", { "loose": false }]
to the "plugins" section of your Babel config.

If you already set the same 'loose' mode for these plugins in your config, it's possible that they are enabled multiple times with different options.
You can re-run Babel with the BABEL_SHOW_CONFIG_FOR environment variable to show the loaded configuration:
	npx cross-env BABEL_SHOW_CONFIG_FOR=/Users/Ajaya/Documents/TizenGitTVApp/node_modules/@mui/material/TabScrollButton/tabScrollButtonClasses.js <your build command>
See https://babeljs.io/docs/configuration#print-effective-configs for more info.
Though the "loose" option was set to "true" in your @babel/preset-env config, it will not be used for @babel/plugin-transform-private-property-in-object since the "loose" mode option was set to "false" for @babel/plugin-transform-class-properties.
The "loose" option must be the same for @babel/plugin-transform-class-properties, @babel/plugin-transform-private-methods and @babel/plugin-transform-private-property-in-object (when they are enabled): you can silence this warning by explicitly adding
	["@babel/plugin-transform-private-property-in-object", { "loose": false }]
to the "plugins" section of your Babel config.

If you already set the same 'loose' mode for these plugins in your config, it's possible that they are enabled multiple times with different options.
You can re-run Babel with the BABEL_SHOW_CONFIG_FOR environment variable to show the loaded configuration:
	npx cross-env BABEL_SHOW_CONFIG_FOR=/Users/Ajaya/Documents/TizenGitTVApp/node_modules/@mui/material/TabScrollButton/TabScrollButton.js <your build command>
See https://babeljs.io/docs/configuration#print-effective-configs for more info.
Though the "loose" option was set to "true" in your @babel/preset-env config, it will not be used for @babel/plugin-transform-private-methods since the "loose" mode option was set to "false" for @babel/plugin-transform-private-property-in-object.
The "loose" option must be the same for @babel/plugin-transform-class-properties, @babel/plugin-transform-private-methods and @babel/plugin-transform-private-property-in-object (when they are enabled): you can silence this warning by explicitly adding
	["@babel/plugin-transform-private-methods", { "loose": false }]
to the "plugins" section of your Babel config.

If you already set the same 'loose' mode for these plugins in your config, it's possible that they are enabled multiple times with different options.
You can re-run Babel with the BABEL_SHOW_CONFIG_FOR environment variable to show the loaded configuration:
	npx cross-env BABEL_SHOW_CONFIG_FOR=/Users/Ajaya/Documents/TizenGitTVApp/node_modules/@mui/material/TabScrollButton/TabScrollButton.js <your build command>
See https://babeljs.io/docs/configuration#print-effective-configs for more info.
Though the "loose" option was set to "true" in your @babel/preset-env config, it will not be used for @babel/plugin-transform-private-property-in-object since the "loose" mode option was set to "false" for @babel/plugin-transform-class-properties.
The "loose" option must be the same for @babel/plugin-transform-class-properties, @babel/plugin-transform-private-methods and @babel/plugin-transform-private-property-in-object (when they are enabled): you can silence this warning by explicitly adding
	["@babel/plugin-transform-private-property-in-object", { "loose": false }]
to the "plugins" section of your Babel config.

If you already set the same 'loose' mode for these plugins in your config, it's possible that they are enabled multiple times with different options.
You can re-run Babel with the BABEL_SHOW_CONFIG_FOR environment variable to show the loaded configuration:
	npx cross-env BABEL_SHOW_CONFIG_FOR=/Users/Ajaya/Documents/TizenGitTVApp/node_modules/@mui/material/Slider/SliderValueLabel.js <your build command>
See https://babeljs.io/docs/configuration#print-effective-configs for more info.
Though the "loose" option was set to "true" in your @babel/preset-env config, it will not be used for @babel/plugin-transform-private-methods since the "loose" mode option was set to "false" for @babel/plugin-transform-private-property-in-object.
The "loose" option must be the same for @babel/plugin-transform-class-properties, @babel/plugin-transform-private-methods and @babel/plugin-transform-private-property-in-object (when they are enabled): you can silence this warning by explicitly adding
	["@babel/plugin-transform-private-methods", { "loose": false }]
to the "plugins" section of your Babel config.

If you already set the same 'loose' mode for these plugins in your config, it's possible that they are enabled multiple times with different options.
You can re-run Babel with the BABEL_SHOW_CONFIG_FOR environment variable to show the loaded configuration:
	npx cross-env BABEL_SHOW_CONFIG_FOR=/Users/Ajaya/Documents/TizenGitTVApp/node_modules/@mui/material/Slider/SliderValueLabel.js <your build command>
See https://babeljs.io/docs/configuration#print-effective-configs for more info.
Though the "loose" option was set to "true" in your @babel/preset-env config, it will not be used for @babel/plugin-transform-private-property-in-object since the "loose" mode option was set to "false" for @babel/plugin-transform-class-properties.
The "loose" option must be the same for @babel/plugin-transform-class-properties, @babel/plugin-transform-private-methods and @babel/plugin-transform-private-property-in-object (when they are enabled): you can silence this warning by explicitly adding
	["@babel/plugin-transform-private-property-in-object", { "loose": false }]
to the "plugins" section of your Babel config.

If you already set the same 'loose' mode for these plugins in your config, it's possible that they are enabled multiple times with different options.
You can re-run Babel with the BABEL_SHOW_CONFIG_FOR environment variable to show the loaded configuration:
	npx cross-env BABEL_SHOW_CONFIG_FOR=/Users/Ajaya/Documents/TizenGitTVApp/node_modules/@mui/material/Slider/useSlider.js <your build command>
See https://babeljs.io/docs/configuration#print-effective-configs for more info.
Though the "loose" option was set to "true" in your @babel/preset-env config, it will not be used for @babel/plugin-transform-private-methods since the "loose" mode option was set to "false" for @babel/plugin-transform-private-property-in-object.
The "loose" option must be the same for @babel/plugin-transform-class-properties, @babel/plugin-transform-private-methods and @babel/plugin-transform-private-property-in-object (when they are enabled): you can silence this warning by explicitly adding
	["@babel/plugin-transform-private-methods", { "loose": false }]
to the "plugins" section of your Babel config.

If you already set the same 'loose' mode for these plugins in your config, it's possible that they are enabled multiple times with different options.
You can re-run Babel with the BABEL_SHOW_CONFIG_FOR environment variable to show the loaded configuration:
	npx cross-env BABEL_SHOW_CONFIG_FOR=/Users/Ajaya/Documents/TizenGitTVApp/node_modules/@mui/material/Slider/useSlider.js <your build command>
See https://babeljs.io/docs/configuration#print-effective-configs for more info.
Though the "loose" option was set to "true" in your @babel/preset-env config, it will not be used for @babel/plugin-transform-private-property-in-object since the "loose" mode option was set to "false" for @babel/plugin-transform-class-properties.
The "loose" option must be the same for @babel/plugin-transform-class-properties, @babel/plugin-transform-private-methods and @babel/plugin-transform-private-property-in-object (when they are enabled): you can silence this warning by explicitly adding
	["@babel/plugin-transform-private-property-in-object", { "loose": false }]
to the "plugins" section of your Babel config.

If you already set the same 'loose' mode for these plugins in your config, it's possible that they are enabled multiple times with different options.
You can re-run Babel with the BABEL_SHOW_CONFIG_FOR environment variable to show the loaded configuration:
	npx cross-env BABEL_SHOW_CONFIG_FOR=/Users/Ajaya/Documents/TizenGitTVApp/node_modules/@mui/material/TableSortLabel/tableSortLabelClasses.js <your build command>
See https://babeljs.io/docs/configuration#print-effective-configs for more info.
Though the "loose" option was set to "true" in your @babel/preset-env config, it will not be used for @babel/plugin-transform-private-methods since the "loose" mode option was set to "false" for @babel/plugin-transform-private-property-in-object.
The "loose" option must be the same for @babel/plugin-transform-class-properties, @babel/plugin-transform-private-methods and @babel/plugin-transform-private-property-in-object (when they are enabled): you can silence this warning by explicitly adding
	["@babel/plugin-transform-private-methods", { "loose": false }]
to the "plugins" section of your Babel config.

If you already set the same 'loose' mode for these plugins in your config, it's possible that they are enabled multiple times with different options.
You can re-run Babel with the BABEL_SHOW_CONFIG_FOR environment variable to show the loaded configuration:
	npx cross-env BABEL_SHOW_CONFIG_FOR=/Users/Ajaya/Documents/TizenGitTVApp/node_modules/@mui/material/TableSortLabel/tableSortLabelClasses.js <your build command>
See https://babeljs.io/docs/configuration#print-effective-configs for more info.
Though the "loose" option was set to "true" in your @babel/preset-env config, it will not be used for @babel/plugin-transform-private-property-in-object since the "loose" mode option was set to "false" for @babel/plugin-transform-class-properties.
The "loose" option must be the same for @babel/plugin-transform-class-properties, @babel/plugin-transform-private-methods and @babel/plugin-transform-private-property-in-object (when they are enabled): you can silence this warning by explicitly adding
	["@babel/plugin-transform-private-property-in-object", { "loose": false }]
to the "plugins" section of your Babel config.

If you already set the same 'loose' mode for these plugins in your config, it's possible that they are enabled multiple times with different options.
You can re-run Babel with the BABEL_SHOW_CONFIG_FOR environment variable to show the loaded configuration:
	npx cross-env BABEL_SHOW_CONFIG_FOR=/Users/Ajaya/Documents/TizenGitTVApp/node_modules/@mui/material/utils/shouldSpreadAdditionalProps.js <your build command>
See https://babeljs.io/docs/configuration#print-effective-configs for more info.
Though the "loose" option was set to "true" in your @babel/preset-env config, it will not be used for @babel/plugin-transform-private-methods since the "loose" mode option was set to "false" for @babel/plugin-transform-private-property-in-object.
The "loose" option must be the same for @babel/plugin-transform-class-properties, @babel/plugin-transform-private-methods and @babel/plugin-transform-private-property-in-object (when they are enabled): you can silence this warning by explicitly adding
	["@babel/plugin-transform-private-methods", { "loose": false }]
to the "plugins" section of your Babel config.

If you already set the same 'loose' mode for these plugins in your config, it's possible that they are enabled multiple times with different options.
You can re-run Babel with the BABEL_SHOW_CONFIG_FOR environment variable to show the loaded configuration:
	npx cross-env BABEL_SHOW_CONFIG_FOR=/Users/Ajaya/Documents/TizenGitTVApp/node_modules/@mui/material/utils/shouldSpreadAdditionalProps.js <your build command>
See https://babeljs.io/docs/configuration#print-effective-configs for more info.
Though the "loose" option was set to "true" in your @babel/preset-env config, it will not be used for @babel/plugin-transform-private-property-in-object since the "loose" mode option was set to "false" for @babel/plugin-transform-class-properties.
The "loose" option must be the same for @babel/plugin-transform-class-properties, @babel/plugin-transform-private-methods and @babel/plugin-transform-private-property-in-object (when they are enabled): you can silence this warning by explicitly adding
	["@babel/plugin-transform-private-property-in-object", { "loose": false }]
to the "plugins" section of your Babel config.

If you already set the same 'loose' mode for these plugins in your config, it's possible that they are enabled multiple times with different options.
You can re-run Babel with the BABEL_SHOW_CONFIG_FOR environment variable to show the loaded configuration:
	npx cross-env BABEL_SHOW_CONFIG_FOR=/Users/Ajaya/Documents/TizenGitTVApp/node_modules/@mui/material/TableSortLabel/TableSortLabel.js <your build command>
See https://babeljs.io/docs/configuration#print-effective-configs for more info.
Though the "loose" option was set to "true" in your @babel/preset-env config, it will not be used for @babel/plugin-transform-private-methods since the "loose" mode option was set to "false" for @babel/plugin-transform-private-property-in-object.
The "loose" option must be the same for @babel/plugin-transform-class-properties, @babel/plugin-transform-private-methods and @babel/plugin-transform-private-property-in-object (when they are enabled): you can silence this warning by explicitly adding
	["@babel/plugin-transform-private-methods", { "loose": false }]
to the "plugins" section of your Babel config.

If you already set the same 'loose' mode for these plugins in your config, it's possible that they are enabled multiple times with different options.
You can re-run Babel with the BABEL_SHOW_CONFIG_FOR environment variable to show the loaded configuration:
	npx cross-env BABEL_SHOW_CONFIG_FOR=/Users/Ajaya/Documents/TizenGitTVApp/node_modules/@mui/material/TableSortLabel/TableSortLabel.js <your build command>
See https://babeljs.io/docs/configuration#print-effective-configs for more info.
Though the "loose" option was set to "true" in your @babel/preset-env config, it will not be used for @babel/plugin-transform-private-property-in-object since the "loose" mode option was set to "false" for @babel/plugin-transform-class-properties.
The "loose" option must be the same for @babel/plugin-transform-class-properties, @babel/plugin-transform-private-methods and @babel/plugin-transform-private-property-in-object (when they are enabled): you can silence this warning by explicitly adding
	["@babel/plugin-transform-private-property-in-object", { "loose": false }]
to the "plugins" section of your Babel config.

If you already set the same 'loose' mode for these plugins in your config, it's possible that they are enabled multiple times with different options.
You can re-run Babel with the BABEL_SHOW_CONFIG_FOR environment variable to show the loaded configuration:
	npx cross-env BABEL_SHOW_CONFIG_FOR=/Users/Ajaya/Documents/TizenGitTVApp/node_modules/@mui/material/TextareaAutosize/TextareaAutosize.js <your build command>
See https://babeljs.io/docs/configuration#print-effective-configs for more info.
Though the "loose" option was set to "true" in your @babel/preset-env config, it will not be used for @babel/plugin-transform-private-methods since the "loose" mode option was set to "false" for @babel/plugin-transform-private-property-in-object.
The "loose" option must be the same for @babel/plugin-transform-class-properties, @babel/plugin-transform-private-methods and @babel/plugin-transform-private-property-in-object (when they are enabled): you can silence this warning by explicitly adding
	["@babel/plugin-transform-private-methods", { "loose": false }]
to the "plugins" section of your Babel config.

If you already set the same 'loose' mode for these plugins in your config, it's possible that they are enabled multiple times with different options.
You can re-run Babel with the BABEL_SHOW_CONFIG_FOR environment variable to show the loaded configuration:
	npx cross-env BABEL_SHOW_CONFIG_FOR=/Users/Ajaya/Documents/TizenGitTVApp/node_modules/@mui/material/TextareaAutosize/TextareaAutosize.js <your build command>
See https://babeljs.io/docs/configuration#print-effective-configs for more info.
Though the "loose" option was set to "true" in your @babel/preset-env config, it will not be used for @babel/plugin-transform-private-property-in-object since the "loose" mode option was set to "false" for @babel/plugin-transform-class-properties.
The "loose" option must be the same for @babel/plugin-transform-class-properties, @babel/plugin-transform-private-methods and @babel/plugin-transform-private-property-in-object (when they are enabled): you can silence this warning by explicitly adding
	["@babel/plugin-transform-private-property-in-object", { "loose": false }]
to the "plugins" section of your Babel config.

If you already set the same 'loose' mode for these plugins in your config, it's possible that they are enabled multiple times with different options.
You can re-run Babel with the BABEL_SHOW_CONFIG_FOR environment variable to show the loaded configuration:
	npx cross-env BABEL_SHOW_CONFIG_FOR=/Users/Ajaya/Documents/TizenGitTVApp/node_modules/@mui/material/Tabs/Tabs.js <your build command>
See https://babeljs.io/docs/configuration#print-effective-configs for more info.
Though the "loose" option was set to "true" in your @babel/preset-env config, it will not be used for @babel/plugin-transform-private-methods since the "loose" mode option was set to "false" for @babel/plugin-transform-private-property-in-object.
The "loose" option must be the same for @babel/plugin-transform-class-properties, @babel/plugin-transform-private-methods and @babel/plugin-transform-private-property-in-object (when they are enabled): you can silence this warning by explicitly adding
	["@babel/plugin-transform-private-methods", { "loose": false }]
to the "plugins" section of your Babel config.

If you already set the same 'loose' mode for these plugins in your config, it's possible that they are enabled multiple times with different options.
You can re-run Babel with the BABEL_SHOW_CONFIG_FOR environment variable to show the loaded configuration:
	npx cross-env BABEL_SHOW_CONFIG_FOR=/Users/Ajaya/Documents/TizenGitTVApp/node_modules/@mui/material/Tabs/Tabs.js <your build command>
See https://babeljs.io/docs/configuration#print-effective-configs for more info.
Though the "loose" option was set to "true" in your @babel/preset-env config, it will not be used for @babel/plugin-transform-private-property-in-object since the "loose" mode option was set to "false" for @babel/plugin-transform-class-properties.
The "loose" option must be the same for @babel/plugin-transform-class-properties, @babel/plugin-transform-private-methods and @babel/plugin-transform-private-property-in-object (when they are enabled): you can silence this warning by explicitly adding
	["@babel/plugin-transform-private-property-in-object", { "loose": false }]
to the "plugins" section of your Babel config.

If you already set the same 'loose' mode for these plugins in your config, it's possible that they are enabled multiple times with different options.
You can re-run Babel with the BABEL_SHOW_CONFIG_FOR environment variable to show the loaded configuration:
	npx cross-env BABEL_SHOW_CONFIG_FOR=/Users/Ajaya/Documents/TizenGitTVApp/node_modules/@mui/material/TextField/textFieldClasses.js <your build command>
See https://babeljs.io/docs/configuration#print-effective-configs for more info.
Though the "loose" option was set to "true" in your @babel/preset-env config, it will not be used for @babel/plugin-transform-private-methods since the "loose" mode option was set to "false" for @babel/plugin-transform-private-property-in-object.
The "loose" option must be the same for @babel/plugin-transform-class-properties, @babel/plugin-transform-private-methods and @babel/plugin-transform-private-property-in-object (when they are enabled): you can silence this warning by explicitly adding
	["@babel/plugin-transform-private-methods", { "loose": false }]
to the "plugins" section of your Babel config.

If you already set the same 'loose' mode for these plugins in your config, it's possible that they are enabled multiple times with different options.
You can re-run Babel with the BABEL_SHOW_CONFIG_FOR environment variable to show the loaded configuration:
	npx cross-env BABEL_SHOW_CONFIG_FOR=/Users/Ajaya/Documents/TizenGitTVApp/node_modules/@mui/material/TextField/textFieldClasses.js <your build command>
See https://babeljs.io/docs/configuration#print-effective-configs for more info.
Though the "loose" option was set to "true" in your @babel/preset-env config, it will not be used for @babel/plugin-transform-private-property-in-object since the "loose" mode option was set to "false" for @babel/plugin-transform-class-properties.
The "loose" option must be the same for @babel/plugin-transform-class-properties, @babel/plugin-transform-private-methods and @babel/plugin-transform-private-property-in-object (when they are enabled): you can silence this warning by explicitly adding
	["@babel/plugin-transform-private-property-in-object", { "loose": false }]
to the "plugins" section of your Babel config.

If you already set the same 'loose' mode for these plugins in your config, it's possible that they are enabled multiple times with different options.
You can re-run Babel with the BABEL_SHOW_CONFIG_FOR environment variable to show the loaded configuration:
	npx cross-env BABEL_SHOW_CONFIG_FOR=/Users/Ajaya/Documents/TizenGitTVApp/node_modules/@mui/material/TextField/TextField.js <your build command>
See https://babeljs.io/docs/configuration#print-effective-configs for more info.
Though the "loose" option was set to "true" in your @babel/preset-env config, it will not be used for @babel/plugin-transform-private-methods since the "loose" mode option was set to "false" for @babel/plugin-transform-private-property-in-object.
The "loose" option must be the same for @babel/plugin-transform-class-properties, @babel/plugin-transform-private-methods and @babel/plugin-transform-private-property-in-object (when they are enabled): you can silence this warning by explicitly adding
	["@babel/plugin-transform-private-methods", { "loose": false }]
to the "plugins" section of your Babel config.

If you already set the same 'loose' mode for these plugins in your config, it's possible that they are enabled multiple times with different options.
You can re-run Babel with the BABEL_SHOW_CONFIG_FOR environment variable to show the loaded configuration:
	npx cross-env BABEL_SHOW_CONFIG_FOR=/Users/Ajaya/Documents/TizenGitTVApp/node_modules/@mui/material/TextField/TextField.js <your build command>
See https://babeljs.io/docs/configuration#print-effective-configs for more info.
Though the "loose" option was set to "true" in your @babel/preset-env config, it will not be used for @babel/plugin-transform-private-property-in-object since the "loose" mode option was set to "false" for @babel/plugin-transform-class-properties.
The "loose" option must be the same for @babel/plugin-transform-class-properties, @babel/plugin-transform-private-methods and @babel/plugin-transform-private-property-in-object (when they are enabled): you can silence this warning by explicitly adding
	["@babel/plugin-transform-private-property-in-object", { "loose": false }]
to the "plugins" section of your Babel config.

If you already set the same 'loose' mode for these plugins in your config, it's possible that they are enabled multiple times with different options.
You can re-run Babel with the BABEL_SHOW_CONFIG_FOR environment variable to show the loaded configuration:
	npx cross-env BABEL_SHOW_CONFIG_FOR=/Users/Ajaya/Documents/TizenGitTVApp/node_modules/@mui/material/internal/svg-icons/Add.js <your build command>
See https://babeljs.io/docs/configuration#print-effective-configs for more info.
Though the "loose" option was set to "true" in your @babel/preset-env config, it will not be used for @babel/plugin-transform-private-methods since the "loose" mode option was set to "false" for @babel/plugin-transform-private-property-in-object.
The "loose" option must be the same for @babel/plugin-transform-class-properties, @babel/plugin-transform-private-methods and @babel/plugin-transform-private-property-in-object (when they are enabled): you can silence this warning by explicitly adding
	["@babel/plugin-transform-private-methods", { "loose": false }]
to the "plugins" section of your Babel config.

If you already set the same 'loose' mode for these plugins in your config, it's possible that they are enabled multiple times with different options.
You can re-run Babel with the BABEL_SHOW_CONFIG_FOR environment variable to show the loaded configuration:
	npx cross-env BABEL_SHOW_CONFIG_FOR=/Users/Ajaya/Documents/TizenGitTVApp/node_modules/@mui/material/internal/svg-icons/Add.js <your build command>
See https://babeljs.io/docs/configuration#print-effective-configs for more info.
Though the "loose" option was set to "true" in your @babel/preset-env config, it will not be used for @babel/plugin-transform-private-property-in-object since the "loose" mode option was set to "false" for @babel/plugin-transform-class-properties.
The "loose" option must be the same for @babel/plugin-transform-class-properties, @babel/plugin-transform-private-methods and @babel/plugin-transform-private-property-in-object (when they are enabled): you can silence this warning by explicitly adding
	["@babel/plugin-transform-private-property-in-object", { "loose": false }]
to the "plugins" section of your Babel config.

If you already set the same 'loose' mode for these plugins in your config, it's possible that they are enabled multiple times with different options.
You can re-run Babel with the BABEL_SHOW_CONFIG_FOR environment variable to show the loaded configuration:
	npx cross-env BABEL_SHOW_CONFIG_FOR=/Users/Ajaya/Documents/TizenGitTVApp/node_modules/@mui/utils/debounce/debounce.js <your build command>
See https://babeljs.io/docs/configuration#print-effective-configs for more info.
Though the "loose" option was set to "true" in your @babel/preset-env config, it will not be used for @babel/plugin-transform-private-methods since the "loose" mode option was set to "false" for @babel/plugin-transform-private-property-in-object.
The "loose" option must be the same for @babel/plugin-transform-class-properties, @babel/plugin-transform-private-methods and @babel/plugin-transform-private-property-in-object (when they are enabled): you can silence this warning by explicitly adding
	["@babel/plugin-transform-private-methods", { "loose": false }]
to the "plugins" section of your Babel config.

If you already set the same 'loose' mode for these plugins in your config, it's possible that they are enabled multiple times with different options.
You can re-run Babel with the BABEL_SHOW_CONFIG_FOR environment variable to show the loaded configuration:
	npx cross-env BABEL_SHOW_CONFIG_FOR=/Users/Ajaya/Documents/TizenGitTVApp/node_modules/@mui/utils/debounce/debounce.js <your build command>
See https://babeljs.io/docs/configuration#print-effective-configs for more info.
Though the "loose" option was set to "true" in your @babel/preset-env config, it will not be used for @babel/plugin-transform-private-property-in-object since the "loose" mode option was set to "false" for @babel/plugin-transform-class-properties.
The "loose" option must be the same for @babel/plugin-transform-class-properties, @babel/plugin-transform-private-methods and @babel/plugin-transform-private-property-in-object (when they are enabled): you can silence this warning by explicitly adding
	["@babel/plugin-transform-private-property-in-object", { "loose": false }]
to the "plugins" section of your Babel config.

If you already set the same 'loose' mode for these plugins in your config, it's possible that they are enabled multiple times with different options.
You can re-run Babel with the BABEL_SHOW_CONFIG_FOR environment variable to show the loaded configuration:
	npx cross-env BABEL_SHOW_CONFIG_FOR=/Users/Ajaya/Documents/TizenGitTVApp/node_modules/@mui/utils/isHostComponent/isHostComponent.js <your build command>
See https://babeljs.io/docs/configuration#print-effective-configs for more info.
Though the "loose" option was set to "true" in your @babel/preset-env config, it will not be used for @babel/plugin-transform-private-methods since the "loose" mode option was set to "false" for @babel/plugin-transform-private-property-in-object.
The "loose" option must be the same for @babel/plugin-transform-class-properties, @babel/plugin-transform-private-methods and @babel/plugin-transform-private-property-in-object (when they are enabled): you can silence this warning by explicitly adding
	["@babel/plugin-transform-private-methods", { "loose": false }]
to the "plugins" section of your Babel config.

If you already set the same 'loose' mode for these plugins in your config, it's possible that they are enabled multiple times with different options.
You can re-run Babel with the BABEL_SHOW_CONFIG_FOR environment variable to show the loaded configuration:
	npx cross-env BABEL_SHOW_CONFIG_FOR=/Users/Ajaya/Documents/TizenGitTVApp/node_modules/@mui/utils/isHostComponent/isHostComponent.js <your build command>
See https://babeljs.io/docs/configuration#print-effective-configs for more info.
Though the "loose" option was set to "true" in your @babel/preset-env config, it will not be used for @babel/plugin-transform-private-property-in-object since the "loose" mode option was set to "false" for @babel/plugin-transform-class-properties.
The "loose" option must be the same for @babel/plugin-transform-class-properties, @babel/plugin-transform-private-methods and @babel/plugin-transform-private-property-in-object (when they are enabled): you can silence this warning by explicitly adding
	["@babel/plugin-transform-private-property-in-object", { "loose": false }]
to the "plugins" section of your Babel config.

If you already set the same 'loose' mode for these plugins in your config, it's possible that they are enabled multiple times with different options.
You can re-run Babel with the BABEL_SHOW_CONFIG_FOR environment variable to show the loaded configuration:
	npx cross-env BABEL_SHOW_CONFIG_FOR=/Users/Ajaya/Documents/TizenGitTVApp/node_modules/@mui/utils/visuallyHidden/index.js <your build command>
See https://babeljs.io/docs/configuration#print-effective-configs for more info.
Though the "loose" option was set to "true" in your @babel/preset-env config, it will not be used for @babel/plugin-transform-private-methods since the "loose" mode option was set to "false" for @babel/plugin-transform-private-property-in-object.
The "loose" option must be the same for @babel/plugin-transform-class-properties, @babel/plugin-transform-private-methods and @babel/plugin-transform-private-property-in-object (when they are enabled): you can silence this warning by explicitly adding
	["@babel/plugin-transform-private-methods", { "loose": false }]
to the "plugins" section of your Babel config.

If you already set the same 'loose' mode for these plugins in your config, it's possible that they are enabled multiple times with different options.
You can re-run Babel with the BABEL_SHOW_CONFIG_FOR environment variable to show the loaded configuration:
	npx cross-env BABEL_SHOW_CONFIG_FOR=/Users/Ajaya/Documents/TizenGitTVApp/node_modules/@mui/utils/visuallyHidden/index.js <your build command>
See https://babeljs.io/docs/configuration#print-effective-configs for more info.
Though the "loose" option was set to "true" in your @babel/preset-env config, it will not be used for @babel/plugin-transform-private-property-in-object since the "loose" mode option was set to "false" for @babel/plugin-transform-class-properties.
The "loose" option must be the same for @babel/plugin-transform-class-properties, @babel/plugin-transform-private-methods and @babel/plugin-transform-private-property-in-object (when they are enabled): you can silence this warning by explicitly adding
	["@babel/plugin-transform-private-property-in-object", { "loose": false }]
to the "plugins" section of your Babel config.

If you already set the same 'loose' mode for these plugins in your config, it's possible that they are enabled multiple times with different options.
You can re-run Babel with the BABEL_SHOW_CONFIG_FOR environment variable to show the loaded configuration:
	npx cross-env BABEL_SHOW_CONFIG_FOR=/Users/Ajaya/Documents/TizenGitTVApp/node_modules/@mui/material/FormGroup/index.js <your build command>
See https://babeljs.io/docs/configuration#print-effective-configs for more info.
Though the "loose" option was set to "true" in your @babel/preset-env config, it will not be used for @babel/plugin-transform-private-methods since the "loose" mode option was set to "false" for @babel/plugin-transform-private-property-in-object.
The "loose" option must be the same for @babel/plugin-transform-class-properties, @babel/plugin-transform-private-methods and @babel/plugin-transform-private-property-in-object (when they are enabled): you can silence this warning by explicitly adding
	["@babel/plugin-transform-private-methods", { "loose": false }]
to the "plugins" section of your Babel config.

If you already set the same 'loose' mode for these plugins in your config, it's possible that they are enabled multiple times with different options.
You can re-run Babel with the BABEL_SHOW_CONFIG_FOR environment variable to show the loaded configuration:
	npx cross-env BABEL_SHOW_CONFIG_FOR=/Users/Ajaya/Documents/TizenGitTVApp/node_modules/@mui/material/FormGroup/index.js <your build command>
See https://babeljs.io/docs/configuration#print-effective-configs for more info.
Though the "loose" option was set to "true" in your @babel/preset-env config, it will not be used for @babel/plugin-transform-private-property-in-object since the "loose" mode option was set to "false" for @babel/plugin-transform-class-properties.
The "loose" option must be the same for @babel/plugin-transform-class-properties, @babel/plugin-transform-private-methods and @babel/plugin-transform-private-property-in-object (when they are enabled): you can silence this warning by explicitly adding
	["@babel/plugin-transform-private-property-in-object", { "loose": false }]
to the "plugins" section of your Babel config.

If you already set the same 'loose' mode for these plugins in your config, it's possible that they are enabled multiple times with different options.
You can re-run Babel with the BABEL_SHOW_CONFIG_FOR environment variable to show the loaded configuration:
	npx cross-env BABEL_SHOW_CONFIG_FOR=/Users/Ajaya/Documents/TizenGitTVApp/node_modules/@mui/utils/omitEventHandlers/omitEventHandlers.js <your build command>
See https://babeljs.io/docs/configuration#print-effective-configs for more info.
Though the "loose" option was set to "true" in your @babel/preset-env config, it will not be used for @babel/plugin-transform-private-methods since the "loose" mode option was set to "false" for @babel/plugin-transform-private-property-in-object.
The "loose" option must be the same for @babel/plugin-transform-class-properties, @babel/plugin-transform-private-methods and @babel/plugin-transform-private-property-in-object (when they are enabled): you can silence this warning by explicitly adding
	["@babel/plugin-transform-private-methods", { "loose": false }]
to the "plugins" section of your Babel config.

If you already set the same 'loose' mode for these plugins in your config, it's possible that they are enabled multiple times with different options.
You can re-run Babel with the BABEL_SHOW_CONFIG_FOR environment variable to show the loaded configuration:
	npx cross-env BABEL_SHOW_CONFIG_FOR=/Users/Ajaya/Documents/TizenGitTVApp/node_modules/@mui/utils/omitEventHandlers/omitEventHandlers.js <your build command>
See https://babeljs.io/docs/configuration#print-effective-configs for more info.
Though the "loose" option was set to "true" in your @babel/preset-env config, it will not be used for @babel/plugin-transform-private-property-in-object since the "loose" mode option was set to "false" for @babel/plugin-transform-class-properties.
The "loose" option must be the same for @babel/plugin-transform-class-properties, @babel/plugin-transform-private-methods and @babel/plugin-transform-private-property-in-object (when they are enabled): you can silence this warning by explicitly adding
	["@babel/plugin-transform-private-property-in-object", { "loose": false }]
to the "plugins" section of your Babel config.

If you already set the same 'loose' mode for these plugins in your config, it's possible that they are enabled multiple times with different options.
You can re-run Babel with the BABEL_SHOW_CONFIG_FOR environment variable to show the loaded configuration:
	npx cross-env BABEL_SHOW_CONFIG_FOR=/Users/Ajaya/Documents/TizenGitTVApp/node_modules/@mui/system/breakpoints/breakpoints.js <your build command>
See https://babeljs.io/docs/configuration#print-effective-configs for more info.
Though the "loose" option was set to "true" in your @babel/preset-env config, it will not be used for @babel/plugin-transform-private-methods since the "loose" mode option was set to "false" for @babel/plugin-transform-private-property-in-object.
The "loose" option must be the same for @babel/plugin-transform-class-properties, @babel/plugin-transform-private-methods and @babel/plugin-transform-private-property-in-object (when they are enabled): you can silence this warning by explicitly adding
	["@babel/plugin-transform-private-methods", { "loose": false }]
to the "plugins" section of your Babel config.

If you already set the same 'loose' mode for these plugins in your config, it's possible that they are enabled multiple times with different options.
You can re-run Babel with the BABEL_SHOW_CONFIG_FOR environment variable to show the loaded configuration:
	npx cross-env BABEL_SHOW_CONFIG_FOR=/Users/Ajaya/Documents/TizenGitTVApp/node_modules/@mui/system/breakpoints/breakpoints.js <your build command>
See https://babeljs.io/docs/configuration#print-effective-configs for more info.
Though the "loose" option was set to "true" in your @babel/preset-env config, it will not be used for @babel/plugin-transform-private-property-in-object since the "loose" mode option was set to "false" for @babel/plugin-transform-class-properties.
The "loose" option must be the same for @babel/plugin-transform-class-properties, @babel/plugin-transform-private-methods and @babel/plugin-transform-private-property-in-object (when they are enabled): you can silence this warning by explicitly adding
	["@babel/plugin-transform-private-property-in-object", { "loose": false }]
to the "plugins" section of your Babel config.

If you already set the same 'loose' mode for these plugins in your config, it's possible that they are enabled multiple times with different options.
You can re-run Babel with the BABEL_SHOW_CONFIG_FOR environment variable to show the loaded configuration:
	npx cross-env BABEL_SHOW_CONFIG_FOR=/Users/Ajaya/Documents/TizenGitTVApp/node_modules/@mui/system/cssVars/prepareTypographyVars.js <your build command>
See https://babeljs.io/docs/configuration#print-effective-configs for more info.
Though the "loose" option was set to "true" in your @babel/preset-env config, it will not be used for @babel/plugin-transform-private-methods since the "loose" mode option was set to "false" for @babel/plugin-transform-private-property-in-object.
The "loose" option must be the same for @babel/plugin-transform-class-properties, @babel/plugin-transform-private-methods and @babel/plugin-transform-private-property-in-object (when they are enabled): you can silence this warning by explicitly adding
	["@babel/plugin-transform-private-methods", { "loose": false }]
to the "plugins" section of your Babel config.

If you already set the same 'loose' mode for these plugins in your config, it's possible that they are enabled multiple times with different options.
You can re-run Babel with the BABEL_SHOW_CONFIG_FOR environment variable to show the loaded configuration:
	npx cross-env BABEL_SHOW_CONFIG_FOR=/Users/Ajaya/Documents/TizenGitTVApp/node_modules/@mui/system/cssVars/prepareTypographyVars.js <your build command>
See https://babeljs.io/docs/configuration#print-effective-configs for more info.
Though the "loose" option was set to "true" in your @babel/preset-env config, it will not be used for @babel/plugin-transform-private-property-in-object since the "loose" mode option was set to "false" for @babel/plugin-transform-class-properties.
The "loose" option must be the same for @babel/plugin-transform-class-properties, @babel/plugin-transform-private-methods and @babel/plugin-transform-private-property-in-object (when they are enabled): you can silence this warning by explicitly adding
	["@babel/plugin-transform-private-property-in-object", { "loose": false }]
to the "plugins" section of your Babel config.

If you already set the same 'loose' mode for these plugins in your config, it's possible that they are enabled multiple times with different options.
You can re-run Babel with the BABEL_SHOW_CONFIG_FOR environment variable to show the loaded configuration:
	npx cross-env BABEL_SHOW_CONFIG_FOR=/Users/Ajaya/Documents/TizenGitTVApp/node_modules/@mui/system/cssContainerQueries/cssContainerQueries.js <your build command>
See https://babeljs.io/docs/configuration#print-effective-configs for more info.
Though the "loose" option was set to "true" in your @babel/preset-env config, it will not be used for @babel/plugin-transform-private-methods since the "loose" mode option was set to "false" for @babel/plugin-transform-private-property-in-object.
The "loose" option must be the same for @babel/plugin-transform-class-properties, @babel/plugin-transform-private-methods and @babel/plugin-transform-private-property-in-object (when they are enabled): you can silence this warning by explicitly adding
	["@babel/plugin-transform-private-methods", { "loose": false }]
to the "plugins" section of your Babel config.

If you already set the same 'loose' mode for these plugins in your config, it's possible that they are enabled multiple times with different options.
You can re-run Babel with the BABEL_SHOW_CONFIG_FOR environment variable to show the loaded configuration:
	npx cross-env BABEL_SHOW_CONFIG_FOR=/Users/Ajaya/Documents/TizenGitTVApp/node_modules/@mui/system/cssContainerQueries/cssContainerQueries.js <your build command>
See https://babeljs.io/docs/configuration#print-effective-configs for more info.
Though the "loose" option was set to "true" in your @babel/preset-env config, it will not be used for @babel/plugin-transform-private-property-in-object since the "loose" mode option was set to "false" for @babel/plugin-transform-class-properties.
The "loose" option must be the same for @babel/plugin-transform-class-properties, @babel/plugin-transform-private-methods and @babel/plugin-transform-private-property-in-object (when they are enabled): you can silence this warning by explicitly adding
	["@babel/plugin-transform-private-property-in-object", { "loose": false }]
to the "plugins" section of your Babel config.

If you already set the same 'loose' mode for these plugins in your config, it's possible that they are enabled multiple times with different options.
You can re-run Babel with the BABEL_SHOW_CONFIG_FOR environment variable to show the loaded configuration:
	npx cross-env BABEL_SHOW_CONFIG_FOR=/Users/Ajaya/Documents/TizenGitTVApp/node_modules/@mui/system/display/display.js <your build command>
See https://babeljs.io/docs/configuration#print-effective-configs for more info.
Though the "loose" option was set to "true" in your @babel/preset-env config, it will not be used for @babel/plugin-transform-private-methods since the "loose" mode option was set to "false" for @babel/plugin-transform-private-property-in-object.
The "loose" option must be the same for @babel/plugin-transform-class-properties, @babel/plugin-transform-private-methods and @babel/plugin-transform-private-property-in-object (when they are enabled): you can silence this warning by explicitly adding
	["@babel/plugin-transform-private-methods", { "loose": false }]
to the "plugins" section of your Babel config.

If you already set the same 'loose' mode for these plugins in your config, it's possible that they are enabled multiple times with different options.
You can re-run Babel with the BABEL_SHOW_CONFIG_FOR environment variable to show the loaded configuration:
	npx cross-env BABEL_SHOW_CONFIG_FOR=/Users/Ajaya/Documents/TizenGitTVApp/node_modules/@mui/system/display/display.js <your build command>
See https://babeljs.io/docs/configuration#print-effective-configs for more info.
Though the "loose" option was set to "true" in your @babel/preset-env config, it will not be used for @babel/plugin-transform-private-property-in-object since the "loose" mode option was set to "false" for @babel/plugin-transform-class-properties.
The "loose" option must be the same for @babel/plugin-transform-class-properties, @babel/plugin-transform-private-methods and @babel/plugin-transform-private-property-in-object (when they are enabled): you can silence this warning by explicitly adding
	["@babel/plugin-transform-private-property-in-object", { "loose": false }]
to the "plugins" section of your Babel config.

If you already set the same 'loose' mode for these plugins in your config, it's possible that they are enabled multiple times with different options.
You can re-run Babel with the BABEL_SHOW_CONFIG_FOR environment variable to show the loaded configuration:
	npx cross-env BABEL_SHOW_CONFIG_FOR=/Users/Ajaya/Documents/TizenGitTVApp/node_modules/@mui/system/flexbox/flexbox.js <your build command>
See https://babeljs.io/docs/configuration#print-effective-configs for more info.
Though the "loose" option was set to "true" in your @babel/preset-env config, it will not be used for @babel/plugin-transform-private-methods since the "loose" mode option was set to "false" for @babel/plugin-transform-private-property-in-object.
The "loose" option must be the same for @babel/plugin-transform-class-properties, @babel/plugin-transform-private-methods and @babel/plugin-transform-private-property-in-object (when they are enabled): you can silence this warning by explicitly adding
	["@babel/plugin-transform-private-methods", { "loose": false }]
to the "plugins" section of your Babel config.

If you already set the same 'loose' mode for these plugins in your config, it's possible that they are enabled multiple times with different options.
You can re-run Babel with the BABEL_SHOW_CONFIG_FOR environment variable to show the loaded configuration:
	npx cross-env BABEL_SHOW_CONFIG_FOR=/Users/Ajaya/Documents/TizenGitTVApp/node_modules/@mui/system/flexbox/flexbox.js <your build command>
See https://babeljs.io/docs/configuration#print-effective-configs for more info.
Though the "loose" option was set to "true" in your @babel/preset-env config, it will not be used for @babel/plugin-transform-private-property-in-object since the "loose" mode option was set to "false" for @babel/plugin-transform-class-properties.
The "loose" option must be the same for @babel/plugin-transform-class-properties, @babel/plugin-transform-private-methods and @babel/plugin-transform-private-property-in-object (when they are enabled): you can silence this warning by explicitly adding
	["@babel/plugin-transform-private-property-in-object", { "loose": false }]
to the "plugins" section of your Babel config.

If you already set the same 'loose' mode for these plugins in your config, it's possible that they are enabled multiple times with different options.
You can re-run Babel with the BABEL_SHOW_CONFIG_FOR environment variable to show the loaded configuration:
	npx cross-env BABEL_SHOW_CONFIG_FOR=/Users/Ajaya/Documents/TizenGitTVApp/node_modules/@mui/system/compose/compose.js <your build command>
See https://babeljs.io/docs/configuration#print-effective-configs for more info.
Though the "loose" option was set to "true" in your @babel/preset-env config, it will not be used for @babel/plugin-transform-private-methods since the "loose" mode option was set to "false" for @babel/plugin-transform-private-property-in-object.
The "loose" option must be the same for @babel/plugin-transform-class-properties, @babel/plugin-transform-private-methods and @babel/plugin-transform-private-property-in-object (when they are enabled): you can silence this warning by explicitly adding
	["@babel/plugin-transform-private-methods", { "loose": false }]
to the "plugins" section of your Babel config.

If you already set the same 'loose' mode for these plugins in your config, it's possible that they are enabled multiple times with different options.
You can re-run Babel with the BABEL_SHOW_CONFIG_FOR environment variable to show the loaded configuration:
	npx cross-env BABEL_SHOW_CONFIG_FOR=/Users/Ajaya/Documents/TizenGitTVApp/node_modules/@mui/system/compose/compose.js <your build command>
See https://babeljs.io/docs/configuration#print-effective-configs for more info.
Though the "loose" option was set to "true" in your @babel/preset-env config, it will not be used for @babel/plugin-transform-private-property-in-object since the "loose" mode option was set to "false" for @babel/plugin-transform-class-properties.
The "loose" option must be the same for @babel/plugin-transform-class-properties, @babel/plugin-transform-private-methods and @babel/plugin-transform-private-property-in-object (when they are enabled): you can silence this warning by explicitly adding
	["@babel/plugin-transform-private-property-in-object", { "loose": false }]
to the "plugins" section of your Babel config.

If you already set the same 'loose' mode for these plugins in your config, it's possible that they are enabled multiple times with different options.
You can re-run Babel with the BABEL_SHOW_CONFIG_FOR environment variable to show the loaded configuration:
	npx cross-env BABEL_SHOW_CONFIG_FOR=/Users/Ajaya/Documents/TizenGitTVApp/node_modules/@mui/utils/getValidReactChildren/index.js <your build command>
See https://babeljs.io/docs/configuration#print-effective-configs for more info.
Though the "loose" option was set to "true" in your @babel/preset-env config, it will not be used for @babel/plugin-transform-private-methods since the "loose" mode option was set to "false" for @babel/plugin-transform-private-property-in-object.
The "loose" option must be the same for @babel/plugin-transform-class-properties, @babel/plugin-transform-private-methods and @babel/plugin-transform-private-property-in-object (when they are enabled): you can silence this warning by explicitly adding
	["@babel/plugin-transform-private-methods", { "loose": false }]
to the "plugins" section of your Babel config.

If you already set the same 'loose' mode for these plugins in your config, it's possible that they are enabled multiple times with different options.
You can re-run Babel with the BABEL_SHOW_CONFIG_FOR environment variable to show the loaded configuration:
	npx cross-env BABEL_SHOW_CONFIG_FOR=/Users/Ajaya/Documents/TizenGitTVApp/node_modules/@mui/utils/getValidReactChildren/index.js <your build command>
See https://babeljs.io/docs/configuration#print-effective-configs for more info.
Though the "loose" option was set to "true" in your @babel/preset-env config, it will not be used for @babel/plugin-transform-private-property-in-object since the "loose" mode option was set to "false" for @babel/plugin-transform-class-properties.
The "loose" option must be the same for @babel/plugin-transform-class-properties, @babel/plugin-transform-private-methods and @babel/plugin-transform-private-property-in-object (when they are enabled): you can silence this warning by explicitly adding
	["@babel/plugin-transform-private-property-in-object", { "loose": false }]
to the "plugins" section of your Babel config.

If you already set the same 'loose' mode for these plugins in your config, it's possible that they are enabled multiple times with different options.
You can re-run Babel with the BABEL_SHOW_CONFIG_FOR environment variable to show the loaded configuration:
	npx cross-env BABEL_SHOW_CONFIG_FOR=/Users/Ajaya/Documents/TizenGitTVApp/node_modules/@mui/system/GlobalStyles/GlobalStyles.js <your build command>
See https://babeljs.io/docs/configuration#print-effective-configs for more info.
Though the "loose" option was set to "true" in your @babel/preset-env config, it will not be used for @babel/plugin-transform-private-methods since the "loose" mode option was set to "false" for @babel/plugin-transform-private-property-in-object.
The "loose" option must be the same for @babel/plugin-transform-class-properties, @babel/plugin-transform-private-methods and @babel/plugin-transform-private-property-in-object (when they are enabled): you can silence this warning by explicitly adding
	["@babel/plugin-transform-private-methods", { "loose": false }]
to the "plugins" section of your Babel config.

If you already set the same 'loose' mode for these plugins in your config, it's possible that they are enabled multiple times with different options.
You can re-run Babel with the BABEL_SHOW_CONFIG_FOR environment variable to show the loaded configuration:
	npx cross-env BABEL_SHOW_CONFIG_FOR=/Users/Ajaya/Documents/TizenGitTVApp/node_modules/@mui/system/GlobalStyles/GlobalStyles.js <your build command>
See https://babeljs.io/docs/configuration#print-effective-configs for more info.
Though the "loose" option was set to "true" in your @babel/preset-env config, it will not be used for @babel/plugin-transform-private-property-in-object since the "loose" mode option was set to "false" for @babel/plugin-transform-class-properties.
The "loose" option must be the same for @babel/plugin-transform-class-properties, @babel/plugin-transform-private-methods and @babel/plugin-transform-private-property-in-object (when they are enabled): you can silence this warning by explicitly adding
	["@babel/plugin-transform-private-property-in-object", { "loose": false }]
to the "plugins" section of your Babel config.

If you already set the same 'loose' mode for these plugins in your config, it's possible that they are enabled multiple times with different options.
You can re-run Babel with the BABEL_SHOW_CONFIG_FOR environment variable to show the loaded configuration:
	npx cross-env BABEL_SHOW_CONFIG_FOR=/Users/Ajaya/Documents/TizenGitTVApp/node_modules/@mui/system/borders/borders.js <your build command>
See https://babeljs.io/docs/configuration#print-effective-configs for more info.
Though the "loose" option was set to "true" in your @babel/preset-env config, it will not be used for @babel/plugin-transform-private-methods since the "loose" mode option was set to "false" for @babel/plugin-transform-private-property-in-object.
The "loose" option must be the same for @babel/plugin-transform-class-properties, @babel/plugin-transform-private-methods and @babel/plugin-transform-private-property-in-object (when they are enabled): you can silence this warning by explicitly adding
	["@babel/plugin-transform-private-methods", { "loose": false }]
to the "plugins" section of your Babel config.

If you already set the same 'loose' mode for these plugins in your config, it's possible that they are enabled multiple times with different options.
You can re-run Babel with the BABEL_SHOW_CONFIG_FOR environment variable to show the loaded configuration:
	npx cross-env BABEL_SHOW_CONFIG_FOR=/Users/Ajaya/Documents/TizenGitTVApp/node_modules/@mui/system/borders/borders.js <your build command>
See https://babeljs.io/docs/configuration#print-effective-configs for more info.
Though the "loose" option was set to "true" in your @babel/preset-env config, it will not be used for @babel/plugin-transform-private-property-in-object since the "loose" mode option was set to "false" for @babel/plugin-transform-class-properties.
The "loose" option must be the same for @babel/plugin-transform-class-properties, @babel/plugin-transform-private-methods and @babel/plugin-transform-private-property-in-object (when they are enabled): you can silence this warning by explicitly adding
	["@babel/plugin-transform-private-property-in-object", { "loose": false }]
to the "plugins" section of your Babel config.

If you already set the same 'loose' mode for these plugins in your config, it's possible that they are enabled multiple times with different options.
You can re-run Babel with the BABEL_SHOW_CONFIG_FOR environment variable to show the loaded configuration:
	npx cross-env BABEL_SHOW_CONFIG_FOR=/Users/Ajaya/Documents/TizenGitTVApp/node_modules/@mui/system/cssGrid/cssGrid.js <your build command>
See https://babeljs.io/docs/configuration#print-effective-configs for more info.
Though the "loose" option was set to "true" in your @babel/preset-env config, it will not be used for @babel/plugin-transform-private-methods since the "loose" mode option was set to "false" for @babel/plugin-transform-private-property-in-object.
The "loose" option must be the same for @babel/plugin-transform-class-properties, @babel/plugin-transform-private-methods and @babel/plugin-transform-private-property-in-object (when they are enabled): you can silence this warning by explicitly adding
	["@babel/plugin-transform-private-methods", { "loose": false }]
to the "plugins" section of your Babel config.

If you already set the same 'loose' mode for these plugins in your config, it's possible that they are enabled multiple times with different options.
You can re-run Babel with the BABEL_SHOW_CONFIG_FOR environment variable to show the loaded configuration:
	npx cross-env BABEL_SHOW_CONFIG_FOR=/Users/Ajaya/Documents/TizenGitTVApp/node_modules/@mui/system/cssGrid/cssGrid.js <your build command>
See https://babeljs.io/docs/configuration#print-effective-configs for more info.
Though the "loose" option was set to "true" in your @babel/preset-env config, it will not be used for @babel/plugin-transform-private-property-in-object since the "loose" mode option was set to "false" for @babel/plugin-transform-class-properties.
The "loose" option must be the same for @babel/plugin-transform-class-properties, @babel/plugin-transform-private-methods and @babel/plugin-transform-private-property-in-object (when they are enabled): you can silence this warning by explicitly adding
	["@babel/plugin-transform-private-property-in-object", { "loose": false }]
to the "plugins" section of your Babel config.

If you already set the same 'loose' mode for these plugins in your config, it's possible that they are enabled multiple times with different options.
You can re-run Babel with the BABEL_SHOW_CONFIG_FOR environment variable to show the loaded configuration:
	npx cross-env BABEL_SHOW_CONFIG_FOR=/Users/Ajaya/Documents/TizenGitTVApp/node_modules/@mui/material/List/listClasses.js <your build command>
See https://babeljs.io/docs/configuration#print-effective-configs for more info.
Though the "loose" option was set to "true" in your @babel/preset-env config, it will not be used for @babel/plugin-transform-private-methods since the "loose" mode option was set to "false" for @babel/plugin-transform-private-property-in-object.
The "loose" option must be the same for @babel/plugin-transform-class-properties, @babel/plugin-transform-private-methods and @babel/plugin-transform-private-property-in-object (when they are enabled): you can silence this warning by explicitly adding
	["@babel/plugin-transform-private-methods", { "loose": false }]
to the "plugins" section of your Babel config.

If you already set the same 'loose' mode for these plugins in your config, it's possible that they are enabled multiple times with different options.
You can re-run Babel with the BABEL_SHOW_CONFIG_FOR environment variable to show the loaded configuration:
	npx cross-env BABEL_SHOW_CONFIG_FOR=/Users/Ajaya/Documents/TizenGitTVApp/node_modules/@mui/material/List/listClasses.js <your build command>
See https://babeljs.io/docs/configuration#print-effective-configs for more info.
Though the "loose" option was set to "true" in your @babel/preset-env config, it will not be used for @babel/plugin-transform-private-property-in-object since the "loose" mode option was set to "false" for @babel/plugin-transform-class-properties.
The "loose" option must be the same for @babel/plugin-transform-class-properties, @babel/plugin-transform-private-methods and @babel/plugin-transform-private-property-in-object (when they are enabled): you can silence this warning by explicitly adding
	["@babel/plugin-transform-private-property-in-object", { "loose": false }]
to the "plugins" section of your Babel config.

If you already set the same 'loose' mode for these plugins in your config, it's possible that they are enabled multiple times with different options.
You can re-run Babel with the BABEL_SHOW_CONFIG_FOR environment variable to show the loaded configuration:
	npx cross-env BABEL_SHOW_CONFIG_FOR=/Users/Ajaya/Documents/TizenGitTVApp/node_modules/@mui/utils/resolveProps/index.js <your build command>
See https://babeljs.io/docs/configuration#print-effective-configs for more info.
Though the "loose" option was set to "true" in your @babel/preset-env config, it will not be used for @babel/plugin-transform-private-methods since the "loose" mode option was set to "false" for @babel/plugin-transform-private-property-in-object.
The "loose" option must be the same for @babel/plugin-transform-class-properties, @babel/plugin-transform-private-methods and @babel/plugin-transform-private-property-in-object (when they are enabled): you can silence this warning by explicitly adding
	["@babel/plugin-transform-private-methods", { "loose": false }]
to the "plugins" section of your Babel config.

If you already set the same 'loose' mode for these plugins in your config, it's possible that they are enabled multiple times with different options.
You can re-run Babel with the BABEL_SHOW_CONFIG_FOR environment variable to show the loaded configuration:
	npx cross-env BABEL_SHOW_CONFIG_FOR=/Users/Ajaya/Documents/TizenGitTVApp/node_modules/@mui/utils/resolveProps/index.js <your build command>
See https://babeljs.io/docs/configuration#print-effective-configs for more info.
Though the "loose" option was set to "true" in your @babel/preset-env config, it will not be used for @babel/plugin-transform-private-property-in-object since the "loose" mode option was set to "false" for @babel/plugin-transform-class-properties.
The "loose" option must be the same for @babel/plugin-transform-class-properties, @babel/plugin-transform-private-methods and @babel/plugin-transform-private-property-in-object (when they are enabled): you can silence this warning by explicitly adding
	["@babel/plugin-transform-private-property-in-object", { "loose": false }]
to the "plugins" section of your Babel config.

If you already set the same 'loose' mode for these plugins in your config, it's possible that they are enabled multiple times with different options.
You can re-run Babel with the BABEL_SHOW_CONFIG_FOR environment variable to show the loaded configuration:
	npx cross-env BABEL_SHOW_CONFIG_FOR=/Users/Ajaya/Documents/TizenGitTVApp/node_modules/@mui/material/Fade/Fade.js <your build command>
See https://babeljs.io/docs/configuration#print-effective-configs for more info.
Though the "loose" option was set to "true" in your @babel/preset-env config, it will not be used for @babel/plugin-transform-private-methods since the "loose" mode option was set to "false" for @babel/plugin-transform-private-property-in-object.
The "loose" option must be the same for @babel/plugin-transform-class-properties, @babel/plugin-transform-private-methods and @babel/plugin-transform-private-property-in-object (when they are enabled): you can silence this warning by explicitly adding
	["@babel/plugin-transform-private-methods", { "loose": false }]
to the "plugins" section of your Babel config.

If you already set the same 'loose' mode for these plugins in your config, it's possible that they are enabled multiple times with different options.
You can re-run Babel with the BABEL_SHOW_CONFIG_FOR environment variable to show the loaded configuration:
	npx cross-env BABEL_SHOW_CONFIG_FOR=/Users/Ajaya/Documents/TizenGitTVApp/node_modules/@mui/material/Fade/Fade.js <your build command>
See https://babeljs.io/docs/configuration#print-effective-configs for more info.
Though the "loose" option was set to "true" in your @babel/preset-env config, it will not be used for @babel/plugin-transform-private-property-in-object since the "loose" mode option was set to "false" for @babel/plugin-transform-class-properties.
The "loose" option must be the same for @babel/plugin-transform-class-properties, @babel/plugin-transform-private-methods and @babel/plugin-transform-private-property-in-object (when they are enabled): you can silence this warning by explicitly adding
	["@babel/plugin-transform-private-property-in-object", { "loose": false }]
to the "plugins" section of your Babel config.

If you already set the same 'loose' mode for these plugins in your config, it's possible that they are enabled multiple times with different options.
You can re-run Babel with the BABEL_SHOW_CONFIG_FOR environment variable to show the loaded configuration:
	npx cross-env BABEL_SHOW_CONFIG_FOR=/Users/Ajaya/Documents/TizenGitTVApp/node_modules/@mui/material/List/List.js <your build command>
See https://babeljs.io/docs/configuration#print-effective-configs for more info.
Though the "loose" option was set to "true" in your @babel/preset-env config, it will not be used for @babel/plugin-transform-private-methods since the "loose" mode option was set to "false" for @babel/plugin-transform-private-property-in-object.
The "loose" option must be the same for @babel/plugin-transform-class-properties, @babel/plugin-transform-private-methods and @babel/plugin-transform-private-property-in-object (when they are enabled): you can silence this warning by explicitly adding
	["@babel/plugin-transform-private-methods", { "loose": false }]
to the "plugins" section of your Babel config.

If you already set the same 'loose' mode for these plugins in your config, it's possible that they are enabled multiple times with different options.
You can re-run Babel with the BABEL_SHOW_CONFIG_FOR environment variable to show the loaded configuration:
	npx cross-env BABEL_SHOW_CONFIG_FOR=/Users/Ajaya/Documents/TizenGitTVApp/node_modules/@mui/material/List/List.js <your build command>
See https://babeljs.io/docs/configuration#print-effective-configs for more info.
Though the "loose" option was set to "true" in your @babel/preset-env config, it will not be used for @babel/plugin-transform-private-property-in-object since the "loose" mode option was set to "false" for @babel/plugin-transform-class-properties.
The "loose" option must be the same for @babel/plugin-transform-class-properties, @babel/plugin-transform-private-methods and @babel/plugin-transform-private-property-in-object (when they are enabled): you can silence this warning by explicitly adding
	["@babel/plugin-transform-private-property-in-object", { "loose": false }]
to the "plugins" section of your Babel config.

If you already set the same 'loose' mode for these plugins in your config, it's possible that they are enabled multiple times with different options.
You can re-run Babel with the BABEL_SHOW_CONFIG_FOR environment variable to show the loaded configuration:
	npx cross-env BABEL_SHOW_CONFIG_FOR=/Users/Ajaya/Documents/TizenGitTVApp/node_modules/@mui/utils/getDisplayName/index.js <your build command>
See https://babeljs.io/docs/configuration#print-effective-configs for more info.
Though the "loose" option was set to "true" in your @babel/preset-env config, it will not be used for @babel/plugin-transform-private-methods since the "loose" mode option was set to "false" for @babel/plugin-transform-private-property-in-object.
The "loose" option must be the same for @babel/plugin-transform-class-properties, @babel/plugin-transform-private-methods and @babel/plugin-transform-private-property-in-object (when they are enabled): you can silence this warning by explicitly adding
	["@babel/plugin-transform-private-methods", { "loose": false }]
to the "plugins" section of your Babel config.

If you already set the same 'loose' mode for these plugins in your config, it's possible that they are enabled multiple times with different options.
You can re-run Babel with the BABEL_SHOW_CONFIG_FOR environment variable to show the loaded configuration:
	npx cross-env BABEL_SHOW_CONFIG_FOR=/Users/Ajaya/Documents/TizenGitTVApp/node_modules/@mui/utils/getDisplayName/index.js <your build command>
See https://babeljs.io/docs/configuration#print-effective-configs for more info.
Though the "loose" option was set to "true" in your @babel/preset-env config, it will not be used for @babel/plugin-transform-private-property-in-object since the "loose" mode option was set to "false" for @babel/plugin-transform-class-properties.
The "loose" option must be the same for @babel/plugin-transform-class-properties, @babel/plugin-transform-private-methods and @babel/plugin-transform-private-property-in-object (when they are enabled): you can silence this warning by explicitly adding
	["@babel/plugin-transform-private-property-in-object", { "loose": false }]
to the "plugins" section of your Babel config.

If you already set the same 'loose' mode for these plugins in your config, it's possible that they are enabled multiple times with different options.
You can re-run Babel with the BABEL_SHOW_CONFIG_FOR environment variable to show the loaded configuration:
	npx cross-env BABEL_SHOW_CONFIG_FOR=/Users/Ajaya/Documents/TizenGitTVApp/node_modules/@mui/system/merge/index.js <your build command>
See https://babeljs.io/docs/configuration#print-effective-configs for more info.
Though the "loose" option was set to "true" in your @babel/preset-env config, it will not be used for @babel/plugin-transform-private-methods since the "loose" mode option was set to "false" for @babel/plugin-transform-private-property-in-object.
The "loose" option must be the same for @babel/plugin-transform-class-properties, @babel/plugin-transform-private-methods and @babel/plugin-transform-private-property-in-object (when they are enabled): you can silence this warning by explicitly adding
	["@babel/plugin-transform-private-methods", { "loose": false }]
to the "plugins" section of your Babel config.

If you already set the same 'loose' mode for these plugins in your config, it's possible that they are enabled multiple times with different options.
You can re-run Babel with the BABEL_SHOW_CONFIG_FOR environment variable to show the loaded configuration:
	npx cross-env BABEL_SHOW_CONFIG_FOR=/Users/Ajaya/Documents/TizenGitTVApp/node_modules/@mui/system/merge/index.js <your build command>
See https://babeljs.io/docs/configuration#print-effective-configs for more info.
Though the "loose" option was set to "true" in your @babel/preset-env config, it will not be used for @babel/plugin-transform-private-property-in-object since the "loose" mode option was set to "false" for @babel/plugin-transform-class-properties.
The "loose" option must be the same for @babel/plugin-transform-class-properties, @babel/plugin-transform-private-methods and @babel/plugin-transform-private-property-in-object (when they are enabled): you can silence this warning by explicitly adding
	["@babel/plugin-transform-private-property-in-object", { "loose": false }]
to the "plugins" section of your Babel config.

If you already set the same 'loose' mode for these plugins in your config, it's possible that they are enabled multiple times with different options.
You can re-run Babel with the BABEL_SHOW_CONFIG_FOR environment variable to show the loaded configuration:
	npx cross-env BABEL_SHOW_CONFIG_FOR=/Users/Ajaya/Documents/TizenGitTVApp/node_modules/@mui/system/memoize/index.js <your build command>
See https://babeljs.io/docs/configuration#print-effective-configs for more info.
Though the "loose" option was set to "true" in your @babel/preset-env config, it will not be used for @babel/plugin-transform-private-methods since the "loose" mode option was set to "false" for @babel/plugin-transform-private-property-in-object.
The "loose" option must be the same for @babel/plugin-transform-class-properties, @babel/plugin-transform-private-methods and @babel/plugin-transform-private-property-in-object (when they are enabled): you can silence this warning by explicitly adding
	["@babel/plugin-transform-private-methods", { "loose": false }]
to the "plugins" section of your Babel config.

If you already set the same 'loose' mode for these plugins in your config, it's possible that they are enabled multiple times with different options.
You can re-run Babel with the BABEL_SHOW_CONFIG_FOR environment variable to show the loaded configuration:
	npx cross-env BABEL_SHOW_CONFIG_FOR=/Users/Ajaya/Documents/TizenGitTVApp/node_modules/@mui/system/memoize/index.js <your build command>
See https://babeljs.io/docs/configuration#print-effective-configs for more info.
Though the "loose" option was set to "true" in your @babel/preset-env config, it will not be used for @babel/plugin-transform-private-property-in-object since the "loose" mode option was set to "false" for @babel/plugin-transform-class-properties.
The "loose" option must be the same for @babel/plugin-transform-class-properties, @babel/plugin-transform-private-methods and @babel/plugin-transform-private-property-in-object (when they are enabled): you can silence this warning by explicitly adding
	["@babel/plugin-transform-private-property-in-object", { "loose": false }]
to the "plugins" section of your Babel config.

If you already set the same 'loose' mode for these plugins in your config, it's possible that they are enabled multiple times with different options.
You can re-run Babel with the BABEL_SHOW_CONFIG_FOR environment variable to show the loaded configuration:
	npx cross-env BABEL_SHOW_CONFIG_FOR=/Users/Ajaya/Documents/TizenGitTVApp/node_modules/@mui/utils/isFocusVisible/isFocusVisible.js <your build command>
See https://babeljs.io/docs/configuration#print-effective-configs for more info.
Though the "loose" option was set to "true" in your @babel/preset-env config, it will not be used for @babel/plugin-transform-private-methods since the "loose" mode option was set to "false" for @babel/plugin-transform-private-property-in-object.
The "loose" option must be the same for @babel/plugin-transform-class-properties, @babel/plugin-transform-private-methods and @babel/plugin-transform-private-property-in-object (when they are enabled): you can silence this warning by explicitly adding
	["@babel/plugin-transform-private-methods", { "loose": false }]
to the "plugins" section of your Babel config.

If you already set the same 'loose' mode for these plugins in your config, it's possible that they are enabled multiple times with different options.
You can re-run Babel with the BABEL_SHOW_CONFIG_FOR environment variable to show the loaded configuration:
	npx cross-env BABEL_SHOW_CONFIG_FOR=/Users/Ajaya/Documents/TizenGitTVApp/node_modules/@mui/utils/isFocusVisible/isFocusVisible.js <your build command>
See https://babeljs.io/docs/configuration#print-effective-configs for more info.
Though the "loose" option was set to "true" in your @babel/preset-env config, it will not be used for @babel/plugin-transform-private-property-in-object since the "loose" mode option was set to "false" for @babel/plugin-transform-class-properties.
The "loose" option must be the same for @babel/plugin-transform-class-properties, @babel/plugin-transform-private-methods and @babel/plugin-transform-private-property-in-object (when they are enabled): you can silence this warning by explicitly adding
	["@babel/plugin-transform-private-property-in-object", { "loose": false }]
to the "plugins" section of your Babel config.

If you already set the same 'loose' mode for these plugins in your config, it's possible that they are enabled multiple times with different options.
You can re-run Babel with the BABEL_SHOW_CONFIG_FOR environment variable to show the loaded configuration:
	npx cross-env BABEL_SHOW_CONFIG_FOR=/Users/Ajaya/Documents/TizenGitTVApp/node_modules/@mui/material/useLazyRipple/useLazyRipple.js <your build command>
See https://babeljs.io/docs/configuration#print-effective-configs for more info.
Though the "loose" option was set to "true" in your @babel/preset-env config, it will not be used for @babel/plugin-transform-private-methods since the "loose" mode option was set to "false" for @babel/plugin-transform-private-property-in-object.
The "loose" option must be the same for @babel/plugin-transform-class-properties, @babel/plugin-transform-private-methods and @babel/plugin-transform-private-property-in-object (when they are enabled): you can silence this warning by explicitly adding
	["@babel/plugin-transform-private-methods", { "loose": false }]
to the "plugins" section of your Babel config.

If you already set the same 'loose' mode for these plugins in your config, it's possible that they are enabled multiple times with different options.
You can re-run Babel with the BABEL_SHOW_CONFIG_FOR environment variable to show the loaded configuration:
	npx cross-env BABEL_SHOW_CONFIG_FOR=/Users/Ajaya/Documents/TizenGitTVApp/node_modules/@mui/material/useLazyRipple/useLazyRipple.js <your build command>
See https://babeljs.io/docs/configuration#print-effective-configs for more info.
Though the "loose" option was set to "true" in your @babel/preset-env config, it will not be used for @babel/plugin-transform-private-property-in-object since the "loose" mode option was set to "false" for @babel/plugin-transform-class-properties.
The "loose" option must be the same for @babel/plugin-transform-class-properties, @babel/plugin-transform-private-methods and @babel/plugin-transform-private-property-in-object (when they are enabled): you can silence this warning by explicitly adding
	["@babel/plugin-transform-private-property-in-object", { "loose": false }]
to the "plugins" section of your Babel config.

If you already set the same 'loose' mode for these plugins in your config, it's possible that they are enabled multiple times with different options.
You can re-run Babel with the BABEL_SHOW_CONFIG_FOR environment variable to show the loaded configuration:
	npx cross-env BABEL_SHOW_CONFIG_FOR=/Users/Ajaya/Documents/TizenGitTVApp/node_modules/@mui/material/internal/svg-icons/KeyboardArrowRight.js <your build command>
See https://babeljs.io/docs/configuration#print-effective-configs for more info.
Though the "loose" option was set to "true" in your @babel/preset-env config, it will not be used for @babel/plugin-transform-private-methods since the "loose" mode option was set to "false" for @babel/plugin-transform-private-property-in-object.
The "loose" option must be the same for @babel/plugin-transform-class-properties, @babel/plugin-transform-private-methods and @babel/plugin-transform-private-property-in-object (when they are enabled): you can silence this warning by explicitly adding
	["@babel/plugin-transform-private-methods", { "loose": false }]
to the "plugins" section of your Babel config.

If you already set the same 'loose' mode for these plugins in your config, it's possible that they are enabled multiple times with different options.
You can re-run Babel with the BABEL_SHOW_CONFIG_FOR environment variable to show the loaded configuration:
	npx cross-env BABEL_SHOW_CONFIG_FOR=/Users/Ajaya/Documents/TizenGitTVApp/node_modules/@mui/material/internal/svg-icons/KeyboardArrowRight.js <your build command>
See https://babeljs.io/docs/configuration#print-effective-configs for more info.
Though the "loose" option was set to "true" in your @babel/preset-env config, it will not be used for @babel/plugin-transform-private-property-in-object since the "loose" mode option was set to "false" for @babel/plugin-transform-class-properties.
The "loose" option must be the same for @babel/plugin-transform-class-properties, @babel/plugin-transform-private-methods and @babel/plugin-transform-private-property-in-object (when they are enabled): you can silence this warning by explicitly adding
	["@babel/plugin-transform-private-property-in-object", { "loose": false }]
to the "plugins" section of your Babel config.

If you already set the same 'loose' mode for these plugins in your config, it's possible that they are enabled multiple times with different options.
You can re-run Babel with the BABEL_SHOW_CONFIG_FOR environment variable to show the loaded configuration:
	npx cross-env BABEL_SHOW_CONFIG_FOR=/Users/Ajaya/Documents/TizenGitTVApp/node_modules/@mui/material/internal/svg-icons/KeyboardArrowLeft.js <your build command>
See https://babeljs.io/docs/configuration#print-effective-configs for more info.
Though the "loose" option was set to "true" in your @babel/preset-env config, it will not be used for @babel/plugin-transform-private-methods since the "loose" mode option was set to "false" for @babel/plugin-transform-private-property-in-object.
The "loose" option must be the same for @babel/plugin-transform-class-properties, @babel/plugin-transform-private-methods and @babel/plugin-transform-private-property-in-object (when they are enabled): you can silence this warning by explicitly adding
	["@babel/plugin-transform-private-methods", { "loose": false }]
to the "plugins" section of your Babel config.

If you already set the same 'loose' mode for these plugins in your config, it's possible that they are enabled multiple times with different options.
You can re-run Babel with the BABEL_SHOW_CONFIG_FOR environment variable to show the loaded configuration:
	npx cross-env BABEL_SHOW_CONFIG_FOR=/Users/Ajaya/Documents/TizenGitTVApp/node_modules/@mui/material/internal/svg-icons/KeyboardArrowLeft.js <your build command>
See https://babeljs.io/docs/configuration#print-effective-configs for more info.
Though the "loose" option was set to "true" in your @babel/preset-env config, it will not be used for @babel/plugin-transform-private-property-in-object since the "loose" mode option was set to "false" for @babel/plugin-transform-class-properties.
The "loose" option must be the same for @babel/plugin-transform-class-properties, @babel/plugin-transform-private-methods and @babel/plugin-transform-private-property-in-object (when they are enabled): you can silence this warning by explicitly adding
	["@babel/plugin-transform-private-property-in-object", { "loose": false }]
to the "plugins" section of your Babel config.

If you already set the same 'loose' mode for these plugins in your config, it's possible that they are enabled multiple times with different options.
You can re-run Babel with the BABEL_SHOW_CONFIG_FOR environment variable to show the loaded configuration:
	npx cross-env BABEL_SHOW_CONFIG_FOR=/Users/Ajaya/Documents/TizenGitTVApp/node_modules/@mui/material/internal/svg-icons/ArrowDownward.js <your build command>
See https://babeljs.io/docs/configuration#print-effective-configs for more info.
Though the "loose" option was set to "true" in your @babel/preset-env config, it will not be used for @babel/plugin-transform-private-methods since the "loose" mode option was set to "false" for @babel/plugin-transform-private-property-in-object.
The "loose" option must be the same for @babel/plugin-transform-class-properties, @babel/plugin-transform-private-methods and @babel/plugin-transform-private-property-in-object (when they are enabled): you can silence this warning by explicitly adding
	["@babel/plugin-transform-private-methods", { "loose": false }]
to the "plugins" section of your Babel config.

If you already set the same 'loose' mode for these plugins in your config, it's possible that they are enabled multiple times with different options.
You can re-run Babel with the BABEL_SHOW_CONFIG_FOR environment variable to show the loaded configuration:
	npx cross-env BABEL_SHOW_CONFIG_FOR=/Users/Ajaya/Documents/TizenGitTVApp/node_modules/@mui/material/internal/svg-icons/ArrowDownward.js <your build command>
See https://babeljs.io/docs/configuration#print-effective-configs for more info.
Though the "loose" option was set to "true" in your @babel/preset-env config, it will not be used for @babel/plugin-transform-private-property-in-object since the "loose" mode option was set to "false" for @babel/plugin-transform-class-properties.
The "loose" option must be the same for @babel/plugin-transform-class-properties, @babel/plugin-transform-private-methods and @babel/plugin-transform-private-property-in-object (when they are enabled): you can silence this warning by explicitly adding
	["@babel/plugin-transform-private-property-in-object", { "loose": false }]
to the "plugins" section of your Babel config.

If you already set the same 'loose' mode for these plugins in your config, it's possible that they are enabled multiple times with different options.
You can re-run Babel with the BABEL_SHOW_CONFIG_FOR environment variable to show the loaded configuration:
	npx cross-env BABEL_SHOW_CONFIG_FOR=/Users/Ajaya/Documents/TizenGitTVApp/node_modules/@mui/material/utils/areArraysEqual.js <your build command>
See https://babeljs.io/docs/configuration#print-effective-configs for more info.
Though the "loose" option was set to "true" in your @babel/preset-env config, it will not be used for @babel/plugin-transform-private-methods since the "loose" mode option was set to "false" for @babel/plugin-transform-private-property-in-object.
The "loose" option must be the same for @babel/plugin-transform-class-properties, @babel/plugin-transform-private-methods and @babel/plugin-transform-private-property-in-object (when they are enabled): you can silence this warning by explicitly adding
	["@babel/plugin-transform-private-methods", { "loose": false }]
to the "plugins" section of your Babel config.

If you already set the same 'loose' mode for these plugins in your config, it's possible that they are enabled multiple times with different options.
You can re-run Babel with the BABEL_SHOW_CONFIG_FOR environment variable to show the loaded configuration:
	npx cross-env BABEL_SHOW_CONFIG_FOR=/Users/Ajaya/Documents/TizenGitTVApp/node_modules/@mui/material/utils/areArraysEqual.js <your build command>
See https://babeljs.io/docs/configuration#print-effective-configs for more info.
Though the "loose" option was set to "true" in your @babel/preset-env config, it will not be used for @babel/plugin-transform-private-property-in-object since the "loose" mode option was set to "false" for @babel/plugin-transform-class-properties.
The "loose" option must be the same for @babel/plugin-transform-class-properties, @babel/plugin-transform-private-methods and @babel/plugin-transform-private-property-in-object (when they are enabled): you can silence this warning by explicitly adding
	["@babel/plugin-transform-private-property-in-object", { "loose": false }]
to the "plugins" section of your Babel config.

If you already set the same 'loose' mode for these plugins in your config, it's possible that they are enabled multiple times with different options.
You can re-run Babel with the BABEL_SHOW_CONFIG_FOR environment variable to show the loaded configuration:
	npx cross-env BABEL_SHOW_CONFIG_FOR=/Users/Ajaya/Documents/TizenGitTVApp/node_modules/@mui/material/Tabs/ScrollbarSize.js <your build command>
See https://babeljs.io/docs/configuration#print-effective-configs for more info.
Though the "loose" option was set to "true" in your @babel/preset-env config, it will not be used for @babel/plugin-transform-private-methods since the "loose" mode option was set to "false" for @babel/plugin-transform-private-property-in-object.
The "loose" option must be the same for @babel/plugin-transform-class-properties, @babel/plugin-transform-private-methods and @babel/plugin-transform-private-property-in-object (when they are enabled): you can silence this warning by explicitly adding
	["@babel/plugin-transform-private-methods", { "loose": false }]
to the "plugins" section of your Babel config.

If you already set the same 'loose' mode for these plugins in your config, it's possible that they are enabled multiple times with different options.
You can re-run Babel with the BABEL_SHOW_CONFIG_FOR environment variable to show the loaded configuration:
	npx cross-env BABEL_SHOW_CONFIG_FOR=/Users/Ajaya/Documents/TizenGitTVApp/node_modules/@mui/material/Tabs/ScrollbarSize.js <your build command>
See https://babeljs.io/docs/configuration#print-effective-configs for more info.
Though the "loose" option was set to "true" in your @babel/preset-env config, it will not be used for @babel/plugin-transform-private-property-in-object since the "loose" mode option was set to "false" for @babel/plugin-transform-class-properties.
The "loose" option must be the same for @babel/plugin-transform-class-properties, @babel/plugin-transform-private-methods and @babel/plugin-transform-private-property-in-object (when they are enabled): you can silence this warning by explicitly adding
	["@babel/plugin-transform-private-property-in-object", { "loose": false }]
to the "plugins" section of your Babel config.

If you already set the same 'loose' mode for these plugins in your config, it's possible that they are enabled multiple times with different options.
You can re-run Babel with the BABEL_SHOW_CONFIG_FOR environment variable to show the loaded configuration:
	npx cross-env BABEL_SHOW_CONFIG_FOR=/Users/Ajaya/Documents/TizenGitTVApp/node_modules/@mui/material/internal/animate.js <your build command>
See https://babeljs.io/docs/configuration#print-effective-configs for more info.
Though the "loose" option was set to "true" in your @babel/preset-env config, it will not be used for @babel/plugin-transform-private-methods since the "loose" mode option was set to "false" for @babel/plugin-transform-private-property-in-object.
The "loose" option must be the same for @babel/plugin-transform-class-properties, @babel/plugin-transform-private-methods and @babel/plugin-transform-private-property-in-object (when they are enabled): you can silence this warning by explicitly adding
	["@babel/plugin-transform-private-methods", { "loose": false }]
to the "plugins" section of your Babel config.

If you already set the same 'loose' mode for these plugins in your config, it's possible that they are enabled multiple times with different options.
You can re-run Babel with the BABEL_SHOW_CONFIG_FOR environment variable to show the loaded configuration:
	npx cross-env BABEL_SHOW_CONFIG_FOR=/Users/Ajaya/Documents/TizenGitTVApp/node_modules/@mui/material/internal/animate.js <your build command>
See https://babeljs.io/docs/configuration#print-effective-configs for more info.
Though the "loose" option was set to "true" in your @babel/preset-env config, it will not be used for @babel/plugin-transform-private-property-in-object since the "loose" mode option was set to "false" for @babel/plugin-transform-class-properties.
The "loose" option must be the same for @babel/plugin-transform-class-properties, @babel/plugin-transform-private-methods and @babel/plugin-transform-private-property-in-object (when they are enabled): you can silence this warning by explicitly adding
	["@babel/plugin-transform-private-property-in-object", { "loose": false }]
to the "plugins" section of your Babel config.

If you already set the same 'loose' mode for these plugins in your config, it's possible that they are enabled multiple times with different options.
You can re-run Babel with the BABEL_SHOW_CONFIG_FOR environment variable to show the loaded configuration:
	npx cross-env BABEL_SHOW_CONFIG_FOR=/Users/Ajaya/Documents/TizenGitTVApp/node_modules/@mui/material/FormGroup/formGroupClasses.js <your build command>
See https://babeljs.io/docs/configuration#print-effective-configs for more info.
Though the "loose" option was set to "true" in your @babel/preset-env config, it will not be used for @babel/plugin-transform-private-methods since the "loose" mode option was set to "false" for @babel/plugin-transform-private-property-in-object.
The "loose" option must be the same for @babel/plugin-transform-class-properties, @babel/plugin-transform-private-methods and @babel/plugin-transform-private-property-in-object (when they are enabled): you can silence this warning by explicitly adding
	["@babel/plugin-transform-private-methods", { "loose": false }]
to the "plugins" section of your Babel config.

If you already set the same 'loose' mode for these plugins in your config, it's possible that they are enabled multiple times with different options.
You can re-run Babel with the BABEL_SHOW_CONFIG_FOR environment variable to show the loaded configuration:
	npx cross-env BABEL_SHOW_CONFIG_FOR=/Users/Ajaya/Documents/TizenGitTVApp/node_modules/@mui/material/FormGroup/formGroupClasses.js <your build command>
See https://babeljs.io/docs/configuration#print-effective-configs for more info.
Though the "loose" option was set to "true" in your @babel/preset-env config, it will not be used for @babel/plugin-transform-private-property-in-object since the "loose" mode option was set to "false" for @babel/plugin-transform-class-properties.
The "loose" option must be the same for @babel/plugin-transform-class-properties, @babel/plugin-transform-private-methods and @babel/plugin-transform-private-property-in-object (when they are enabled): you can silence this warning by explicitly adding
	["@babel/plugin-transform-private-property-in-object", { "loose": false }]
to the "plugins" section of your Babel config.

If you already set the same 'loose' mode for these plugins in your config, it's possible that they are enabled multiple times with different options.
You can re-run Babel with the BABEL_SHOW_CONFIG_FOR environment variable to show the loaded configuration:
	npx cross-env BABEL_SHOW_CONFIG_FOR=/Users/Ajaya/Documents/TizenGitTVApp/node_modules/@mui/material/FormGroup/FormGroup.js <your build command>
See https://babeljs.io/docs/configuration#print-effective-configs for more info.
Though the "loose" option was set to "true" in your @babel/preset-env config, it will not be used for @babel/plugin-transform-private-methods since the "loose" mode option was set to "false" for @babel/plugin-transform-private-property-in-object.
The "loose" option must be the same for @babel/plugin-transform-class-properties, @babel/plugin-transform-private-methods and @babel/plugin-transform-private-property-in-object (when they are enabled): you can silence this warning by explicitly adding
	["@babel/plugin-transform-private-methods", { "loose": false }]
to the "plugins" section of your Babel config.

If you already set the same 'loose' mode for these plugins in your config, it's possible that they are enabled multiple times with different options.
You can re-run Babel with the BABEL_SHOW_CONFIG_FOR environment variable to show the loaded configuration:
	npx cross-env BABEL_SHOW_CONFIG_FOR=/Users/Ajaya/Documents/TizenGitTVApp/node_modules/@mui/material/FormGroup/FormGroup.js <your build command>
See https://babeljs.io/docs/configuration#print-effective-configs for more info.
Though the "loose" option was set to "true" in your @babel/preset-env config, it will not be used for @babel/plugin-transform-private-property-in-object since the "loose" mode option was set to "false" for @babel/plugin-transform-class-properties.
The "loose" option must be the same for @babel/plugin-transform-class-properties, @babel/plugin-transform-private-methods and @babel/plugin-transform-private-property-in-object (when they are enabled): you can silence this warning by explicitly adding
	["@babel/plugin-transform-private-property-in-object", { "loose": false }]
to the "plugins" section of your Babel config.

If you already set the same 'loose' mode for these plugins in your config, it's possible that they are enabled multiple times with different options.
You can re-run Babel with the BABEL_SHOW_CONFIG_FOR environment variable to show the loaded configuration:
	npx cross-env BABEL_SHOW_CONFIG_FOR=/Users/Ajaya/Documents/TizenGitTVApp/node_modules/@mui/utils/visuallyHidden/visuallyHidden.js <your build command>
See https://babeljs.io/docs/configuration#print-effective-configs for more info.
Though the "loose" option was set to "true" in your @babel/preset-env config, it will not be used for @babel/plugin-transform-private-methods since the "loose" mode option was set to "false" for @babel/plugin-transform-private-property-in-object.
The "loose" option must be the same for @babel/plugin-transform-class-properties, @babel/plugin-transform-private-methods and @babel/plugin-transform-private-property-in-object (when they are enabled): you can silence this warning by explicitly adding
	["@babel/plugin-transform-private-methods", { "loose": false }]
to the "plugins" section of your Babel config.

If you already set the same 'loose' mode for these plugins in your config, it's possible that they are enabled multiple times with different options.
You can re-run Babel with the BABEL_SHOW_CONFIG_FOR environment variable to show the loaded configuration:
	npx cross-env BABEL_SHOW_CONFIG_FOR=/Users/Ajaya/Documents/TizenGitTVApp/node_modules/@mui/utils/visuallyHidden/visuallyHidden.js <your build command>
See https://babeljs.io/docs/configuration#print-effective-configs for more info.
Though the "loose" option was set to "true" in your @babel/preset-env config, it will not be used for @babel/plugin-transform-private-property-in-object since the "loose" mode option was set to "false" for @babel/plugin-transform-class-properties.
The "loose" option must be the same for @babel/plugin-transform-class-properties, @babel/plugin-transform-private-methods and @babel/plugin-transform-private-property-in-object (when they are enabled): you can silence this warning by explicitly adding
	["@babel/plugin-transform-private-property-in-object", { "loose": false }]
to the "plugins" section of your Babel config.

If you already set the same 'loose' mode for these plugins in your config, it's possible that they are enabled multiple times with different options.
You can re-run Babel with the BABEL_SHOW_CONFIG_FOR environment variable to show the loaded configuration:
	npx cross-env BABEL_SHOW_CONFIG_FOR=/Users/Ajaya/Documents/TizenGitTVApp/node_modules/@mui/material/FilledInput/index.js <your build command>
See https://babeljs.io/docs/configuration#print-effective-configs for more info.
Though the "loose" option was set to "true" in your @babel/preset-env config, it will not be used for @babel/plugin-transform-private-methods since the "loose" mode option was set to "false" for @babel/plugin-transform-private-property-in-object.
The "loose" option must be the same for @babel/plugin-transform-class-properties, @babel/plugin-transform-private-methods and @babel/plugin-transform-private-property-in-object (when they are enabled): you can silence this warning by explicitly adding
	["@babel/plugin-transform-private-methods", { "loose": false }]
to the "plugins" section of your Babel config.

If you already set the same 'loose' mode for these plugins in your config, it's possible that they are enabled multiple times with different options.
You can re-run Babel with the BABEL_SHOW_CONFIG_FOR environment variable to show the loaded configuration:
	npx cross-env BABEL_SHOW_CONFIG_FOR=/Users/Ajaya/Documents/TizenGitTVApp/node_modules/@mui/material/FilledInput/index.js <your build command>
See https://babeljs.io/docs/configuration#print-effective-configs for more info.
Though the "loose" option was set to "true" in your @babel/preset-env config, it will not be used for @babel/plugin-transform-private-property-in-object since the "loose" mode option was set to "false" for @babel/plugin-transform-class-properties.
The "loose" option must be the same for @babel/plugin-transform-class-properties, @babel/plugin-transform-private-methods and @babel/plugin-transform-private-property-in-object (when they are enabled): you can silence this warning by explicitly adding
	["@babel/plugin-transform-private-property-in-object", { "loose": false }]
to the "plugins" section of your Babel config.

If you already set the same 'loose' mode for these plugins in your config, it's possible that they are enabled multiple times with different options.
You can re-run Babel with the BABEL_SHOW_CONFIG_FOR environment variable to show the loaded configuration:
	npx cross-env BABEL_SHOW_CONFIG_FOR=/Users/Ajaya/Documents/TizenGitTVApp/node_modules/@mui/material/ListItemSecondaryAction/index.js <your build command>
See https://babeljs.io/docs/configuration#print-effective-configs for more info.
Though the "loose" option was set to "true" in your @babel/preset-env config, it will not be used for @babel/plugin-transform-private-methods since the "loose" mode option was set to "false" for @babel/plugin-transform-private-property-in-object.
The "loose" option must be the same for @babel/plugin-transform-class-properties, @babel/plugin-transform-private-methods and @babel/plugin-transform-private-property-in-object (when they are enabled): you can silence this warning by explicitly adding
	["@babel/plugin-transform-private-methods", { "loose": false }]
to the "plugins" section of your Babel config.

If you already set the same 'loose' mode for these plugins in your config, it's possible that they are enabled multiple times with different options.
You can re-run Babel with the BABEL_SHOW_CONFIG_FOR environment variable to show the loaded configuration:
	npx cross-env BABEL_SHOW_CONFIG_FOR=/Users/Ajaya/Documents/TizenGitTVApp/node_modules/@mui/material/ListItemSecondaryAction/index.js <your build command>
See https://babeljs.io/docs/configuration#print-effective-configs for more info.
Though the "loose" option was set to "true" in your @babel/preset-env config, it will not be used for @babel/plugin-transform-private-property-in-object since the "loose" mode option was set to "false" for @babel/plugin-transform-class-properties.
The "loose" option must be the same for @babel/plugin-transform-class-properties, @babel/plugin-transform-private-methods and @babel/plugin-transform-private-property-in-object (when they are enabled): you can silence this warning by explicitly adding
	["@babel/plugin-transform-private-property-in-object", { "loose": false }]
to the "plugins" section of your Babel config.

If you already set the same 'loose' mode for these plugins in your config, it's possible that they are enabled multiple times with different options.
You can re-run Babel with the BABEL_SHOW_CONFIG_FOR environment variable to show the loaded configuration:
	npx cross-env BABEL_SHOW_CONFIG_FOR=/Users/Ajaya/Documents/TizenGitTVApp/node_modules/@mui/material/ListSubheader/index.js <your build command>
See https://babeljs.io/docs/configuration#print-effective-configs for more info.
Though the "loose" option was set to "true" in your @babel/preset-env config, it will not be used for @babel/plugin-transform-private-methods since the "loose" mode option was set to "false" for @babel/plugin-transform-private-property-in-object.
The "loose" option must be the same for @babel/plugin-transform-class-properties, @babel/plugin-transform-private-methods and @babel/plugin-transform-private-property-in-object (when they are enabled): you can silence this warning by explicitly adding
	["@babel/plugin-transform-private-methods", { "loose": false }]
to the "plugins" section of your Babel config.

If you already set the same 'loose' mode for these plugins in your config, it's possible that they are enabled multiple times with different options.
You can re-run Babel with the BABEL_SHOW_CONFIG_FOR environment variable to show the loaded configuration:
	npx cross-env BABEL_SHOW_CONFIG_FOR=/Users/Ajaya/Documents/TizenGitTVApp/node_modules/@mui/material/ListSubheader/index.js <your build command>
See https://babeljs.io/docs/configuration#print-effective-configs for more info.
Though the "loose" option was set to "true" in your @babel/preset-env config, it will not be used for @babel/plugin-transform-private-property-in-object since the "loose" mode option was set to "false" for @babel/plugin-transform-class-properties.
The "loose" option must be the same for @babel/plugin-transform-class-properties, @babel/plugin-transform-private-methods and @babel/plugin-transform-private-property-in-object (when they are enabled): you can silence this warning by explicitly adding
	["@babel/plugin-transform-private-property-in-object", { "loose": false }]
to the "plugins" section of your Babel config.

If you already set the same 'loose' mode for these plugins in your config, it's possible that they are enabled multiple times with different options.
You can re-run Babel with the BABEL_SHOW_CONFIG_FOR environment variable to show the loaded configuration:
	npx cross-env BABEL_SHOW_CONFIG_FOR=/Users/Ajaya/Documents/TizenGitTVApp/node_modules/@mui/material/ListItemButton/index.js <your build command>
See https://babeljs.io/docs/configuration#print-effective-configs for more info.
Though the "loose" option was set to "true" in your @babel/preset-env config, it will not be used for @babel/plugin-transform-private-methods since the "loose" mode option was set to "false" for @babel/plugin-transform-private-property-in-object.
The "loose" option must be the same for @babel/plugin-transform-class-properties, @babel/plugin-transform-private-methods and @babel/plugin-transform-private-property-in-object (when they are enabled): you can silence this warning by explicitly adding
	["@babel/plugin-transform-private-methods", { "loose": false }]
to the "plugins" section of your Babel config.

If you already set the same 'loose' mode for these plugins in your config, it's possible that they are enabled multiple times with different options.
You can re-run Babel with the BABEL_SHOW_CONFIG_FOR environment variable to show the loaded configuration:
	npx cross-env BABEL_SHOW_CONFIG_FOR=/Users/Ajaya/Documents/TizenGitTVApp/node_modules/@mui/material/ListItemButton/index.js <your build command>
See https://babeljs.io/docs/configuration#print-effective-configs for more info.
Though the "loose" option was set to "true" in your @babel/preset-env config, it will not be used for @babel/plugin-transform-private-property-in-object since the "loose" mode option was set to "false" for @babel/plugin-transform-class-properties.
The "loose" option must be the same for @babel/plugin-transform-class-properties, @babel/plugin-transform-private-methods and @babel/plugin-transform-private-property-in-object (when they are enabled): you can silence this warning by explicitly adding
	["@babel/plugin-transform-private-property-in-object", { "loose": false }]
to the "plugins" section of your Babel config.

If you already set the same 'loose' mode for these plugins in your config, it's possible that they are enabled multiple times with different options.
You can re-run Babel with the BABEL_SHOW_CONFIG_FOR environment variable to show the loaded configuration:
	npx cross-env BABEL_SHOW_CONFIG_FOR=/Users/Ajaya/Documents/TizenGitTVApp/node_modules/@mui/utils/getValidReactChildren/getValidReactChildren.js <your build command>
See https://babeljs.io/docs/configuration#print-effective-configs for more info.
Though the "loose" option was set to "true" in your @babel/preset-env config, it will not be used for @babel/plugin-transform-private-methods since the "loose" mode option was set to "false" for @babel/plugin-transform-private-property-in-object.
The "loose" option must be the same for @babel/plugin-transform-class-properties, @babel/plugin-transform-private-methods and @babel/plugin-transform-private-property-in-object (when they are enabled): you can silence this warning by explicitly adding
	["@babel/plugin-transform-private-methods", { "loose": false }]
to the "plugins" section of your Babel config.

If you already set the same 'loose' mode for these plugins in your config, it's possible that they are enabled multiple times with different options.
You can re-run Babel with the BABEL_SHOW_CONFIG_FOR environment variable to show the loaded configuration:
	npx cross-env BABEL_SHOW_CONFIG_FOR=/Users/Ajaya/Documents/TizenGitTVApp/node_modules/@mui/utils/getValidReactChildren/getValidReactChildren.js <your build command>
See https://babeljs.io/docs/configuration#print-effective-configs for more info.
Though the "loose" option was set to "true" in your @babel/preset-env config, it will not be used for @babel/plugin-transform-private-property-in-object since the "loose" mode option was set to "false" for @babel/plugin-transform-class-properties.
The "loose" option must be the same for @babel/plugin-transform-class-properties, @babel/plugin-transform-private-methods and @babel/plugin-transform-private-property-in-object (when they are enabled): you can silence this warning by explicitly adding
	["@babel/plugin-transform-private-property-in-object", { "loose": false }]
to the "plugins" section of your Babel config.

If you already set the same 'loose' mode for these plugins in your config, it's possible that they are enabled multiple times with different options.
You can re-run Babel with the BABEL_SHOW_CONFIG_FOR environment variable to show the loaded configuration:
	npx cross-env BABEL_SHOW_CONFIG_FOR=/Users/Ajaya/Documents/TizenGitTVApp/node_modules/@mui/material/ListItemAvatar/index.js <your build command>
See https://babeljs.io/docs/configuration#print-effective-configs for more info.
Though the "loose" option was set to "true" in your @babel/preset-env config, it will not be used for @babel/plugin-transform-private-methods since the "loose" mode option was set to "false" for @babel/plugin-transform-private-property-in-object.
The "loose" option must be the same for @babel/plugin-transform-class-properties, @babel/plugin-transform-private-methods and @babel/plugin-transform-private-property-in-object (when they are enabled): you can silence this warning by explicitly adding
	["@babel/plugin-transform-private-methods", { "loose": false }]
to the "plugins" section of your Babel config.

If you already set the same 'loose' mode for these plugins in your config, it's possible that they are enabled multiple times with different options.
You can re-run Babel with the BABEL_SHOW_CONFIG_FOR environment variable to show the loaded configuration:
	npx cross-env BABEL_SHOW_CONFIG_FOR=/Users/Ajaya/Documents/TizenGitTVApp/node_modules/@mui/material/ListItemAvatar/index.js <your build command>
See https://babeljs.io/docs/configuration#print-effective-configs for more info.
Though the "loose" option was set to "true" in your @babel/preset-env config, it will not be used for @babel/plugin-transform-private-property-in-object since the "loose" mode option was set to "false" for @babel/plugin-transform-class-properties.
The "loose" option must be the same for @babel/plugin-transform-class-properties, @babel/plugin-transform-private-methods and @babel/plugin-transform-private-property-in-object (when they are enabled): you can silence this warning by explicitly adding
	["@babel/plugin-transform-private-property-in-object", { "loose": false }]
to the "plugins" section of your Babel config.

If you already set the same 'loose' mode for these plugins in your config, it's possible that they are enabled multiple times with different options.
You can re-run Babel with the BABEL_SHOW_CONFIG_FOR environment variable to show the loaded configuration:
	npx cross-env BABEL_SHOW_CONFIG_FOR=/Users/Ajaya/Documents/TizenGitTVApp/node_modules/@mui/material/ListItem/index.js <your build command>
See https://babeljs.io/docs/configuration#print-effective-configs for more info.
Though the "loose" option was set to "true" in your @babel/preset-env config, it will not be used for @babel/plugin-transform-private-methods since the "loose" mode option was set to "false" for @babel/plugin-transform-private-property-in-object.
The "loose" option must be the same for @babel/plugin-transform-class-properties, @babel/plugin-transform-private-methods and @babel/plugin-transform-private-property-in-object (when they are enabled): you can silence this warning by explicitly adding
	["@babel/plugin-transform-private-methods", { "loose": false }]
to the "plugins" section of your Babel config.

If you already set the same 'loose' mode for these plugins in your config, it's possible that they are enabled multiple times with different options.
You can re-run Babel with the BABEL_SHOW_CONFIG_FOR environment variable to show the loaded configuration:
	npx cross-env BABEL_SHOW_CONFIG_FOR=/Users/Ajaya/Documents/TizenGitTVApp/node_modules/@mui/material/ListItem/index.js <your build command>
See https://babeljs.io/docs/configuration#print-effective-configs for more info.
Though the "loose" option was set to "true" in your @babel/preset-env config, it will not be used for @babel/plugin-transform-private-property-in-object since the "loose" mode option was set to "false" for @babel/plugin-transform-class-properties.
The "loose" option must be the same for @babel/plugin-transform-class-properties, @babel/plugin-transform-private-methods and @babel/plugin-transform-private-property-in-object (when they are enabled): you can silence this warning by explicitly adding
	["@babel/plugin-transform-private-property-in-object", { "loose": false }]
to the "plugins" section of your Babel config.

If you already set the same 'loose' mode for these plugins in your config, it's possible that they are enabled multiple times with different options.
You can re-run Babel with the BABEL_SHOW_CONFIG_FOR environment variable to show the loaded configuration:
	npx cross-env BABEL_SHOW_CONFIG_FOR=/Users/Ajaya/Documents/TizenGitTVApp/node_modules/@mui/private-theming/ThemeProvider/index.js <your build command>
See https://babeljs.io/docs/configuration#print-effective-configs for more info.
Though the "loose" option was set to "true" in your @babel/preset-env config, it will not be used for @babel/plugin-transform-private-methods since the "loose" mode option was set to "false" for @babel/plugin-transform-private-property-in-object.
The "loose" option must be the same for @babel/plugin-transform-class-properties, @babel/plugin-transform-private-methods and @babel/plugin-transform-private-property-in-object (when they are enabled): you can silence this warning by explicitly adding
	["@babel/plugin-transform-private-methods", { "loose": false }]
to the "plugins" section of your Babel config.

If you already set the same 'loose' mode for these plugins in your config, it's possible that they are enabled multiple times with different options.
You can re-run Babel with the BABEL_SHOW_CONFIG_FOR environment variable to show the loaded configuration:
	npx cross-env BABEL_SHOW_CONFIG_FOR=/Users/Ajaya/Documents/TizenGitTVApp/node_modules/@mui/private-theming/ThemeProvider/index.js <your build command>
See https://babeljs.io/docs/configuration#print-effective-configs for more info.
Though the "loose" option was set to "true" in your @babel/preset-env config, it will not be used for @babel/plugin-transform-private-property-in-object since the "loose" mode option was set to "false" for @babel/plugin-transform-class-properties.
The "loose" option must be the same for @babel/plugin-transform-class-properties, @babel/plugin-transform-private-methods and @babel/plugin-transform-private-property-in-object (when they are enabled): you can silence this warning by explicitly adding
	["@babel/plugin-transform-private-property-in-object", { "loose": false }]
to the "plugins" section of your Babel config.

If you already set the same 'loose' mode for these plugins in your config, it's possible that they are enabled multiple times with different options.
You can re-run Babel with the BABEL_SHOW_CONFIG_FOR environment variable to show the loaded configuration:
	npx cross-env BABEL_SHOW_CONFIG_FOR=/Users/Ajaya/Documents/TizenGitTVApp/node_modules/@mui/private-theming/useTheme/index.js <your build command>
See https://babeljs.io/docs/configuration#print-effective-configs for more info.
Though the "loose" option was set to "true" in your @babel/preset-env config, it will not be used for @babel/plugin-transform-private-methods since the "loose" mode option was set to "false" for @babel/plugin-transform-private-property-in-object.
The "loose" option must be the same for @babel/plugin-transform-class-properties, @babel/plugin-transform-private-methods and @babel/plugin-transform-private-property-in-object (when they are enabled): you can silence this warning by explicitly adding
	["@babel/plugin-transform-private-methods", { "loose": false }]
to the "plugins" section of your Babel config.

If you already set the same 'loose' mode for these plugins in your config, it's possible that they are enabled multiple times with different options.
You can re-run Babel with the BABEL_SHOW_CONFIG_FOR environment variable to show the loaded configuration:
	npx cross-env BABEL_SHOW_CONFIG_FOR=/Users/Ajaya/Documents/TizenGitTVApp/node_modules/@mui/private-theming/useTheme/index.js <your build command>
See https://babeljs.io/docs/configuration#print-effective-configs for more info.
Though the "loose" option was set to "true" in your @babel/preset-env config, it will not be used for @babel/plugin-transform-private-property-in-object since the "loose" mode option was set to "false" for @babel/plugin-transform-class-properties.
The "loose" option must be the same for @babel/plugin-transform-class-properties, @babel/plugin-transform-private-methods and @babel/plugin-transform-private-property-in-object (when they are enabled): you can silence this warning by explicitly adding
	["@babel/plugin-transform-private-property-in-object", { "loose": false }]
to the "plugins" section of your Babel config.

If you already set the same 'loose' mode for these plugins in your config, it's possible that they are enabled multiple times with different options.
You can re-run Babel with the BABEL_SHOW_CONFIG_FOR environment variable to show the loaded configuration:
	npx cross-env BABEL_SHOW_CONFIG_FOR=/Users/Ajaya/Documents/TizenGitTVApp/node_modules/@mui/styled-engine/StyledEngineProvider/index.js <your build command>
See https://babeljs.io/docs/configuration#print-effective-configs for more info.
Though the "loose" option was set to "true" in your @babel/preset-env config, it will not be used for @babel/plugin-transform-private-methods since the "loose" mode option was set to "false" for @babel/plugin-transform-private-property-in-object.
The "loose" option must be the same for @babel/plugin-transform-class-properties, @babel/plugin-transform-private-methods and @babel/plugin-transform-private-property-in-object (when they are enabled): you can silence this warning by explicitly adding
	["@babel/plugin-transform-private-methods", { "loose": false }]
to the "plugins" section of your Babel config.

If you already set the same 'loose' mode for these plugins in your config, it's possible that they are enabled multiple times with different options.
You can re-run Babel with the BABEL_SHOW_CONFIG_FOR environment variable to show the loaded configuration:
	npx cross-env BABEL_SHOW_CONFIG_FOR=/Users/Ajaya/Documents/TizenGitTVApp/node_modules/@mui/styled-engine/StyledEngineProvider/index.js <your build command>
See https://babeljs.io/docs/configuration#print-effective-configs for more info.
Though the "loose" option was set to "true" in your @babel/preset-env config, it will not be used for @babel/plugin-transform-private-property-in-object since the "loose" mode option was set to "false" for @babel/plugin-transform-class-properties.
The "loose" option must be the same for @babel/plugin-transform-class-properties, @babel/plugin-transform-private-methods and @babel/plugin-transform-private-property-in-object (when they are enabled): you can silence this warning by explicitly adding
	["@babel/plugin-transform-private-property-in-object", { "loose": false }]
to the "plugins" section of your Babel config.

If you already set the same 'loose' mode for these plugins in your config, it's possible that they are enabled multiple times with different options.
You can re-run Babel with the BABEL_SHOW_CONFIG_FOR environment variable to show the loaded configuration:
	npx cross-env BABEL_SHOW_CONFIG_FOR=/Users/Ajaya/Documents/TizenGitTVApp/node_modules/@mui/styled-engine/GlobalStyles/index.js <your build command>
See https://babeljs.io/docs/configuration#print-effective-configs for more info.
Though the "loose" option was set to "true" in your @babel/preset-env config, it will not be used for @babel/plugin-transform-private-methods since the "loose" mode option was set to "false" for @babel/plugin-transform-private-property-in-object.
The "loose" option must be the same for @babel/plugin-transform-class-properties, @babel/plugin-transform-private-methods and @babel/plugin-transform-private-property-in-object (when they are enabled): you can silence this warning by explicitly adding
	["@babel/plugin-transform-private-methods", { "loose": false }]
to the "plugins" section of your Babel config.

If you already set the same 'loose' mode for these plugins in your config, it's possible that they are enabled multiple times with different options.
You can re-run Babel with the BABEL_SHOW_CONFIG_FOR environment variable to show the loaded configuration:
	npx cross-env BABEL_SHOW_CONFIG_FOR=/Users/Ajaya/Documents/TizenGitTVApp/node_modules/@mui/styled-engine/GlobalStyles/index.js <your build command>
See https://babeljs.io/docs/configuration#print-effective-configs for more info.
Though the "loose" option was set to "true" in your @babel/preset-env config, it will not be used for @babel/plugin-transform-private-property-in-object since the "loose" mode option was set to "false" for @babel/plugin-transform-class-properties.
The "loose" option must be the same for @babel/plugin-transform-class-properties, @babel/plugin-transform-private-methods and @babel/plugin-transform-private-property-in-object (when they are enabled): you can silence this warning by explicitly adding
	["@babel/plugin-transform-private-property-in-object", { "loose": false }]
to the "plugins" section of your Babel config.

If you already set the same 'loose' mode for these plugins in your config, it's possible that they are enabled multiple times with different options.
You can re-run Babel with the BABEL_SHOW_CONFIG_FOR environment variable to show the loaded configuration:
	npx cross-env BABEL_SHOW_CONFIG_FOR=/Users/Ajaya/Documents/TizenGitTVApp/node_modules/@mui/material/InputLabel/index.js <your build command>
See https://babeljs.io/docs/configuration#print-effective-configs for more info.
Though the "loose" option was set to "true" in your @babel/preset-env config, it will not be used for @babel/plugin-transform-private-methods since the "loose" mode option was set to "false" for @babel/plugin-transform-private-property-in-object.
The "loose" option must be the same for @babel/plugin-transform-class-properties, @babel/plugin-transform-private-methods and @babel/plugin-transform-private-property-in-object (when they are enabled): you can silence this warning by explicitly adding
	["@babel/plugin-transform-private-methods", { "loose": false }]
to the "plugins" section of your Babel config.

If you already set the same 'loose' mode for these plugins in your config, it's possible that they are enabled multiple times with different options.
You can re-run Babel with the BABEL_SHOW_CONFIG_FOR environment variable to show the loaded configuration:
	npx cross-env BABEL_SHOW_CONFIG_FOR=/Users/Ajaya/Documents/TizenGitTVApp/node_modules/@mui/material/InputLabel/index.js <your build command>
See https://babeljs.io/docs/configuration#print-effective-configs for more info.
Though the "loose" option was set to "true" in your @babel/preset-env config, it will not be used for @babel/plugin-transform-private-property-in-object since the "loose" mode option was set to "false" for @babel/plugin-transform-class-properties.
The "loose" option must be the same for @babel/plugin-transform-class-properties, @babel/plugin-transform-private-methods and @babel/plugin-transform-private-property-in-object (when they are enabled): you can silence this warning by explicitly adding
	["@babel/plugin-transform-private-property-in-object", { "loose": false }]
to the "plugins" section of your Babel config.

If you already set the same 'loose' mode for these plugins in your config, it's possible that they are enabled multiple times with different options.
You can re-run Babel with the BABEL_SHOW_CONFIG_FOR environment variable to show the loaded configuration:
	npx cross-env BABEL_SHOW_CONFIG_FOR=/Users/Ajaya/Documents/TizenGitTVApp/node_modules/@mui/material/Link/index.js <your build command>
See https://babeljs.io/docs/configuration#print-effective-configs for more info.
Though the "loose" option was set to "true" in your @babel/preset-env config, it will not be used for @babel/plugin-transform-private-methods since the "loose" mode option was set to "false" for @babel/plugin-transform-private-property-in-object.
The "loose" option must be the same for @babel/plugin-transform-class-properties, @babel/plugin-transform-private-methods and @babel/plugin-transform-private-property-in-object (when they are enabled): you can silence this warning by explicitly adding
	["@babel/plugin-transform-private-methods", { "loose": false }]
to the "plugins" section of your Babel config.

If you already set the same 'loose' mode for these plugins in your config, it's possible that they are enabled multiple times with different options.
You can re-run Babel with the BABEL_SHOW_CONFIG_FOR environment variable to show the loaded configuration:
	npx cross-env BABEL_SHOW_CONFIG_FOR=/Users/Ajaya/Documents/TizenGitTVApp/node_modules/@mui/material/Link/index.js <your build command>
See https://babeljs.io/docs/configuration#print-effective-configs for more info.
Though the "loose" option was set to "true" in your @babel/preset-env config, it will not be used for @babel/plugin-transform-private-property-in-object since the "loose" mode option was set to "false" for @babel/plugin-transform-class-properties.
The "loose" option must be the same for @babel/plugin-transform-class-properties, @babel/plugin-transform-private-methods and @babel/plugin-transform-private-property-in-object (when they are enabled): you can silence this warning by explicitly adding
	["@babel/plugin-transform-private-property-in-object", { "loose": false }]
to the "plugins" section of your Babel config.

If you already set the same 'loose' mode for these plugins in your config, it's possible that they are enabled multiple times with different options.
You can re-run Babel with the BABEL_SHOW_CONFIG_FOR environment variable to show the loaded configuration:
	npx cross-env BABEL_SHOW_CONFIG_FOR=/Users/Ajaya/Documents/TizenGitTVApp/node_modules/@mui/material/InputAdornment/index.js <your build command>
See https://babeljs.io/docs/configuration#print-effective-configs for more info.
Though the "loose" option was set to "true" in your @babel/preset-env config, it will not be used for @babel/plugin-transform-private-methods since the "loose" mode option was set to "false" for @babel/plugin-transform-private-property-in-object.
The "loose" option must be the same for @babel/plugin-transform-class-properties, @babel/plugin-transform-private-methods and @babel/plugin-transform-private-property-in-object (when they are enabled): you can silence this warning by explicitly adding
	["@babel/plugin-transform-private-methods", { "loose": false }]
to the "plugins" section of your Babel config.

If you already set the same 'loose' mode for these plugins in your config, it's possible that they are enabled multiple times with different options.
You can re-run Babel with the BABEL_SHOW_CONFIG_FOR environment variable to show the loaded configuration:
	npx cross-env BABEL_SHOW_CONFIG_FOR=/Users/Ajaya/Documents/TizenGitTVApp/node_modules/@mui/material/InputAdornment/index.js <your build command>
See https://babeljs.io/docs/configuration#print-effective-configs for more info.
Though the "loose" option was set to "true" in your @babel/preset-env config, it will not be used for @babel/plugin-transform-private-property-in-object since the "loose" mode option was set to "false" for @babel/plugin-transform-class-properties.
The "loose" option must be the same for @babel/plugin-transform-class-properties, @babel/plugin-transform-private-methods and @babel/plugin-transform-private-property-in-object (when they are enabled): you can silence this warning by explicitly adding
	["@babel/plugin-transform-private-property-in-object", { "loose": false }]
to the "plugins" section of your Babel config.

If you already set the same 'loose' mode for these plugins in your config, it's possible that they are enabled multiple times with different options.
You can re-run Babel with the BABEL_SHOW_CONFIG_FOR environment variable to show the loaded configuration:
	npx cross-env BABEL_SHOW_CONFIG_FOR=/Users/Ajaya/Documents/TizenGitTVApp/node_modules/@mui/material/ImageListItemBar/index.js <your build command>
See https://babeljs.io/docs/configuration#print-effective-configs for more info.
Though the "loose" option was set to "true" in your @babel/preset-env config, it will not be used for @babel/plugin-transform-private-methods since the "loose" mode option was set to "false" for @babel/plugin-transform-private-property-in-object.
The "loose" option must be the same for @babel/plugin-transform-class-properties, @babel/plugin-transform-private-methods and @babel/plugin-transform-private-property-in-object (when they are enabled): you can silence this warning by explicitly adding
	["@babel/plugin-transform-private-methods", { "loose": false }]
to the "plugins" section of your Babel config.

If you already set the same 'loose' mode for these plugins in your config, it's possible that they are enabled multiple times with different options.
You can re-run Babel with the BABEL_SHOW_CONFIG_FOR environment variable to show the loaded configuration:
	npx cross-env BABEL_SHOW_CONFIG_FOR=/Users/Ajaya/Documents/TizenGitTVApp/node_modules/@mui/material/ImageListItemBar/index.js <your build command>
See https://babeljs.io/docs/configuration#print-effective-configs for more info.
Though the "loose" option was set to "true" in your @babel/preset-env config, it will not be used for @babel/plugin-transform-private-property-in-object since the "loose" mode option was set to "false" for @babel/plugin-transform-class-properties.
The "loose" option must be the same for @babel/plugin-transform-class-properties, @babel/plugin-transform-private-methods and @babel/plugin-transform-private-property-in-object (when they are enabled): you can silence this warning by explicitly adding
	["@babel/plugin-transform-private-property-in-object", { "loose": false }]
to the "plugins" section of your Babel config.

If you already set the same 'loose' mode for these plugins in your config, it's possible that they are enabled multiple times with different options.
You can re-run Babel with the BABEL_SHOW_CONFIG_FOR environment variable to show the loaded configuration:
	npx cross-env BABEL_SHOW_CONFIG_FOR=/Users/Ajaya/Documents/TizenGitTVApp/node_modules/@mui/material/ImageListItem/index.js <your build command>
See https://babeljs.io/docs/configuration#print-effective-configs for more info.
Though the "loose" option was set to "true" in your @babel/preset-env config, it will not be used for @babel/plugin-transform-private-methods since the "loose" mode option was set to "false" for @babel/plugin-transform-private-property-in-object.
The "loose" option must be the same for @babel/plugin-transform-class-properties, @babel/plugin-transform-private-methods and @babel/plugin-transform-private-property-in-object (when they are enabled): you can silence this warning by explicitly adding
	["@babel/plugin-transform-private-methods", { "loose": false }]
to the "plugins" section of your Babel config.

If you already set the same 'loose' mode for these plugins in your config, it's possible that they are enabled multiple times with different options.
You can re-run Babel with the BABEL_SHOW_CONFIG_FOR environment variable to show the loaded configuration:
	npx cross-env BABEL_SHOW_CONFIG_FOR=/Users/Ajaya/Documents/TizenGitTVApp/node_modules/@mui/material/ImageListItem/index.js <your build command>
See https://babeljs.io/docs/configuration#print-effective-configs for more info.
Though the "loose" option was set to "true" in your @babel/preset-env config, it will not be used for @babel/plugin-transform-private-property-in-object since the "loose" mode option was set to "false" for @babel/plugin-transform-class-properties.
The "loose" option must be the same for @babel/plugin-transform-class-properties, @babel/plugin-transform-private-methods and @babel/plugin-transform-private-property-in-object (when they are enabled): you can silence this warning by explicitly adding
	["@babel/plugin-transform-private-property-in-object", { "loose": false }]
to the "plugins" section of your Babel config.

If you already set the same 'loose' mode for these plugins in your config, it's possible that they are enabled multiple times with different options.
You can re-run Babel with the BABEL_SHOW_CONFIG_FOR environment variable to show the loaded configuration:
	npx cross-env BABEL_SHOW_CONFIG_FOR=/Users/Ajaya/Documents/TizenGitTVApp/node_modules/@mui/material/Collapse/index.js <your build command>
See https://babeljs.io/docs/configuration#print-effective-configs for more info.
Though the "loose" option was set to "true" in your @babel/preset-env config, it will not be used for @babel/plugin-transform-private-methods since the "loose" mode option was set to "false" for @babel/plugin-transform-private-property-in-object.
The "loose" option must be the same for @babel/plugin-transform-class-properties, @babel/plugin-transform-private-methods and @babel/plugin-transform-private-property-in-object (when they are enabled): you can silence this warning by explicitly adding
	["@babel/plugin-transform-private-methods", { "loose": false }]
to the "plugins" section of your Babel config.

If you already set the same 'loose' mode for these plugins in your config, it's possible that they are enabled multiple times with different options.
You can re-run Babel with the BABEL_SHOW_CONFIG_FOR environment variable to show the loaded configuration:
	npx cross-env BABEL_SHOW_CONFIG_FOR=/Users/Ajaya/Documents/TizenGitTVApp/node_modules/@mui/material/Collapse/index.js <your build command>
See https://babeljs.io/docs/configuration#print-effective-configs for more info.
Though the "loose" option was set to "true" in your @babel/preset-env config, it will not be used for @babel/plugin-transform-private-property-in-object since the "loose" mode option was set to "false" for @babel/plugin-transform-class-properties.
The "loose" option must be the same for @babel/plugin-transform-class-properties, @babel/plugin-transform-private-methods and @babel/plugin-transform-private-property-in-object (when they are enabled): you can silence this warning by explicitly adding
	["@babel/plugin-transform-private-property-in-object", { "loose": false }]
to the "plugins" section of your Babel config.

If you already set the same 'loose' mode for these plugins in your config, it's possible that they are enabled multiple times with different options.
You can re-run Babel with the BABEL_SHOW_CONFIG_FOR environment variable to show the loaded configuration:
	npx cross-env BABEL_SHOW_CONFIG_FOR=/Users/Ajaya/Documents/TizenGitTVApp/node_modules/@mui/material/ImageList/index.js <your build command>
See https://babeljs.io/docs/configuration#print-effective-configs for more info.
Though the "loose" option was set to "true" in your @babel/preset-env config, it will not be used for @babel/plugin-transform-private-methods since the "loose" mode option was set to "false" for @babel/plugin-transform-private-property-in-object.
The "loose" option must be the same for @babel/plugin-transform-class-properties, @babel/plugin-transform-private-methods and @babel/plugin-transform-private-property-in-object (when they are enabled): you can silence this warning by explicitly adding
	["@babel/plugin-transform-private-methods", { "loose": false }]
to the "plugins" section of your Babel config.

If you already set the same 'loose' mode for these plugins in your config, it's possible that they are enabled multiple times with different options.
You can re-run Babel with the BABEL_SHOW_CONFIG_FOR environment variable to show the loaded configuration:
	npx cross-env BABEL_SHOW_CONFIG_FOR=/Users/Ajaya/Documents/TizenGitTVApp/node_modules/@mui/material/ImageList/index.js <your build command>
See https://babeljs.io/docs/configuration#print-effective-configs for more info.
Though the "loose" option was set to "true" in your @babel/preset-env config, it will not be used for @babel/plugin-transform-private-property-in-object since the "loose" mode option was set to "false" for @babel/plugin-transform-class-properties.
The "loose" option must be the same for @babel/plugin-transform-class-properties, @babel/plugin-transform-private-methods and @babel/plugin-transform-private-property-in-object (when they are enabled): you can silence this warning by explicitly adding
	["@babel/plugin-transform-private-property-in-object", { "loose": false }]
to the "plugins" section of your Babel config.

If you already set the same 'loose' mode for these plugins in your config, it's possible that they are enabled multiple times with different options.
You can re-run Babel with the BABEL_SHOW_CONFIG_FOR environment variable to show the loaded configuration:
	npx cross-env BABEL_SHOW_CONFIG_FOR=/Users/Ajaya/Documents/TizenGitTVApp/node_modules/@mui/utils/resolveProps/resolveProps.js <your build command>
See https://babeljs.io/docs/configuration#print-effective-configs for more info.
Though the "loose" option was set to "true" in your @babel/preset-env config, it will not be used for @babel/plugin-transform-private-methods since the "loose" mode option was set to "false" for @babel/plugin-transform-private-property-in-object.
The "loose" option must be the same for @babel/plugin-transform-class-properties, @babel/plugin-transform-private-methods and @babel/plugin-transform-private-property-in-object (when they are enabled): you can silence this warning by explicitly adding
	["@babel/plugin-transform-private-methods", { "loose": false }]
to the "plugins" section of your Babel config.

If you already set the same 'loose' mode for these plugins in your config, it's possible that they are enabled multiple times with different options.
You can re-run Babel with the BABEL_SHOW_CONFIG_FOR environment variable to show the loaded configuration:
	npx cross-env BABEL_SHOW_CONFIG_FOR=/Users/Ajaya/Documents/TizenGitTVApp/node_modules/@mui/utils/resolveProps/resolveProps.js <your build command>
See https://babeljs.io/docs/configuration#print-effective-configs for more info.
Though the "loose" option was set to "true" in your @babel/preset-env config, it will not be used for @babel/plugin-transform-private-property-in-object since the "loose" mode option was set to "false" for @babel/plugin-transform-class-properties.
The "loose" option must be the same for @babel/plugin-transform-class-properties, @babel/plugin-transform-private-methods and @babel/plugin-transform-private-property-in-object (when they are enabled): you can silence this warning by explicitly adding
	["@babel/plugin-transform-private-property-in-object", { "loose": false }]
to the "plugins" section of your Babel config.

If you already set the same 'loose' mode for these plugins in your config, it's possible that they are enabled multiple times with different options.
You can re-run Babel with the BABEL_SHOW_CONFIG_FOR environment variable to show the loaded configuration:
	npx cross-env BABEL_SHOW_CONFIG_FOR=/Users/Ajaya/Documents/TizenGitTVApp/node_modules/@mui/material/IconButton/index.js <your build command>
See https://babeljs.io/docs/configuration#print-effective-configs for more info.
Though the "loose" option was set to "true" in your @babel/preset-env config, it will not be used for @babel/plugin-transform-private-methods since the "loose" mode option was set to "false" for @babel/plugin-transform-private-property-in-object.
The "loose" option must be the same for @babel/plugin-transform-class-properties, @babel/plugin-transform-private-methods and @babel/plugin-transform-private-property-in-object (when they are enabled): you can silence this warning by explicitly adding
	["@babel/plugin-transform-private-methods", { "loose": false }]
to the "plugins" section of your Babel config.

If you already set the same 'loose' mode for these plugins in your config, it's possible that they are enabled multiple times with different options.
You can re-run Babel with the BABEL_SHOW_CONFIG_FOR environment variable to show the loaded configuration:
	npx cross-env BABEL_SHOW_CONFIG_FOR=/Users/Ajaya/Documents/TizenGitTVApp/node_modules/@mui/material/IconButton/index.js <your build command>
See https://babeljs.io/docs/configuration#print-effective-configs for more info.
Though the "loose" option was set to "true" in your @babel/preset-env config, it will not be used for @babel/plugin-transform-private-property-in-object since the "loose" mode option was set to "false" for @babel/plugin-transform-class-properties.
The "loose" option must be the same for @babel/plugin-transform-class-properties, @babel/plugin-transform-private-methods and @babel/plugin-transform-private-property-in-object (when they are enabled): you can silence this warning by explicitly adding
	["@babel/plugin-transform-private-property-in-object", { "loose": false }]
to the "plugins" section of your Babel config.

If you already set the same 'loose' mode for these plugins in your config, it's possible that they are enabled multiple times with different options.
You can re-run Babel with the BABEL_SHOW_CONFIG_FOR environment variable to show the loaded configuration:
	npx cross-env BABEL_SHOW_CONFIG_FOR=/Users/Ajaya/Documents/TizenGitTVApp/node_modules/@mui/material/FormHelperText/index.js <your build command>
See https://babeljs.io/docs/configuration#print-effective-configs for more info.
Though the "loose" option was set to "true" in your @babel/preset-env config, it will not be used for @babel/plugin-transform-private-methods since the "loose" mode option was set to "false" for @babel/plugin-transform-private-property-in-object.
The "loose" option must be the same for @babel/plugin-transform-class-properties, @babel/plugin-transform-private-methods and @babel/plugin-transform-private-property-in-object (when they are enabled): you can silence this warning by explicitly adding
	["@babel/plugin-transform-private-methods", { "loose": false }]
to the "plugins" section of your Babel config.

If you already set the same 'loose' mode for these plugins in your config, it's possible that they are enabled multiple times with different options.
You can re-run Babel with the BABEL_SHOW_CONFIG_FOR environment variable to show the loaded configuration:
	npx cross-env BABEL_SHOW_CONFIG_FOR=/Users/Ajaya/Documents/TizenGitTVApp/node_modules/@mui/material/FormHelperText/index.js <your build command>
See https://babeljs.io/docs/configuration#print-effective-configs for more info.
Though the "loose" option was set to "true" in your @babel/preset-env config, it will not be used for @babel/plugin-transform-private-property-in-object since the "loose" mode option was set to "false" for @babel/plugin-transform-class-properties.
The "loose" option must be the same for @babel/plugin-transform-class-properties, @babel/plugin-transform-private-methods and @babel/plugin-transform-private-property-in-object (when they are enabled): you can silence this warning by explicitly adding
	["@babel/plugin-transform-private-property-in-object", { "loose": false }]
to the "plugins" section of your Babel config.

If you already set the same 'loose' mode for these plugins in your config, it's possible that they are enabled multiple times with different options.
You can re-run Babel with the BABEL_SHOW_CONFIG_FOR environment variable to show the loaded configuration:
	npx cross-env BABEL_SHOW_CONFIG_FOR=/Users/Ajaya/Documents/TizenGitTVApp/node_modules/@mui/material/Icon/index.js <your build command>
See https://babeljs.io/docs/configuration#print-effective-configs for more info.
Though the "loose" option was set to "true" in your @babel/preset-env config, it will not be used for @babel/plugin-transform-private-methods since the "loose" mode option was set to "false" for @babel/plugin-transform-private-property-in-object.
The "loose" option must be the same for @babel/plugin-transform-class-properties, @babel/plugin-transform-private-methods and @babel/plugin-transform-private-property-in-object (when they are enabled): you can silence this warning by explicitly adding
	["@babel/plugin-transform-private-methods", { "loose": false }]
to the "plugins" section of your Babel config.

If you already set the same 'loose' mode for these plugins in your config, it's possible that they are enabled multiple times with different options.
You can re-run Babel with the BABEL_SHOW_CONFIG_FOR environment variable to show the loaded configuration:
	npx cross-env BABEL_SHOW_CONFIG_FOR=/Users/Ajaya/Documents/TizenGitTVApp/node_modules/@mui/material/Icon/index.js <your build command>
See https://babeljs.io/docs/configuration#print-effective-configs for more info.
Though the "loose" option was set to "true" in your @babel/preset-env config, it will not be used for @babel/plugin-transform-private-property-in-object since the "loose" mode option was set to "false" for @babel/plugin-transform-class-properties.
The "loose" option must be the same for @babel/plugin-transform-class-properties, @babel/plugin-transform-private-methods and @babel/plugin-transform-private-property-in-object (when they are enabled): you can silence this warning by explicitly adding
	["@babel/plugin-transform-private-property-in-object", { "loose": false }]
to the "plugins" section of your Babel config.

If you already set the same 'loose' mode for these plugins in your config, it's possible that they are enabled multiple times with different options.
You can re-run Babel with the BABEL_SHOW_CONFIG_FOR environment variable to show the loaded configuration:
	npx cross-env BABEL_SHOW_CONFIG_FOR=/Users/Ajaya/Documents/TizenGitTVApp/node_modules/@mui/material/FormLabel/index.js <your build command>
See https://babeljs.io/docs/configuration#print-effective-configs for more info.
Though the "loose" option was set to "true" in your @babel/preset-env config, it will not be used for @babel/plugin-transform-private-methods since the "loose" mode option was set to "false" for @babel/plugin-transform-private-property-in-object.
The "loose" option must be the same for @babel/plugin-transform-class-properties, @babel/plugin-transform-private-methods and @babel/plugin-transform-private-property-in-object (when they are enabled): you can silence this warning by explicitly adding
	["@babel/plugin-transform-private-methods", { "loose": false }]
to the "plugins" section of your Babel config.

If you already set the same 'loose' mode for these plugins in your config, it's possible that they are enabled multiple times with different options.
You can re-run Babel with the BABEL_SHOW_CONFIG_FOR environment variable to show the loaded configuration:
	npx cross-env BABEL_SHOW_CONFIG_FOR=/Users/Ajaya/Documents/TizenGitTVApp/node_modules/@mui/material/FormLabel/index.js <your build command>
See https://babeljs.io/docs/configuration#print-effective-configs for more info.
Though the "loose" option was set to "true" in your @babel/preset-env config, it will not be used for @babel/plugin-transform-private-property-in-object since the "loose" mode option was set to "false" for @babel/plugin-transform-class-properties.
The "loose" option must be the same for @babel/plugin-transform-class-properties, @babel/plugin-transform-private-methods and @babel/plugin-transform-private-property-in-object (when they are enabled): you can silence this warning by explicitly adding
	["@babel/plugin-transform-private-property-in-object", { "loose": false }]
to the "plugins" section of your Babel config.

If you already set the same 'loose' mode for these plugins in your config, it's possible that they are enabled multiple times with different options.
You can re-run Babel with the BABEL_SHOW_CONFIG_FOR environment variable to show the loaded configuration:
	npx cross-env BABEL_SHOW_CONFIG_FOR=/Users/Ajaya/Documents/TizenGitTVApp/node_modules/@mui/material/Grid/index.js <your build command>
See https://babeljs.io/docs/configuration#print-effective-configs for more info.
Though the "loose" option was set to "true" in your @babel/preset-env config, it will not be used for @babel/plugin-transform-private-methods since the "loose" mode option was set to "false" for @babel/plugin-transform-private-property-in-object.
The "loose" option must be the same for @babel/plugin-transform-class-properties, @babel/plugin-transform-private-methods and @babel/plugin-transform-private-property-in-object (when they are enabled): you can silence this warning by explicitly adding
	["@babel/plugin-transform-private-methods", { "loose": false }]
to the "plugins" section of your Babel config.

If you already set the same 'loose' mode for these plugins in your config, it's possible that they are enabled multiple times with different options.
You can re-run Babel with the BABEL_SHOW_CONFIG_FOR environment variable to show the loaded configuration:
	npx cross-env BABEL_SHOW_CONFIG_FOR=/Users/Ajaya/Documents/TizenGitTVApp/node_modules/@mui/material/Grid/index.js <your build command>
See https://babeljs.io/docs/configuration#print-effective-configs for more info.
Though the "loose" option was set to "true" in your @babel/preset-env config, it will not be used for @babel/plugin-transform-private-property-in-object since the "loose" mode option was set to "false" for @babel/plugin-transform-class-properties.
The "loose" option must be the same for @babel/plugin-transform-class-properties, @babel/plugin-transform-private-methods and @babel/plugin-transform-private-property-in-object (when they are enabled): you can silence this warning by explicitly adding
	["@babel/plugin-transform-private-property-in-object", { "loose": false }]
to the "plugins" section of your Babel config.

If you already set the same 'loose' mode for these plugins in your config, it's possible that they are enabled multiple times with different options.
You can re-run Babel with the BABEL_SHOW_CONFIG_FOR environment variable to show the loaded configuration:
	npx cross-env BABEL_SHOW_CONFIG_FOR=/Users/Ajaya/Documents/TizenGitTVApp/node_modules/@mui/material/GridLegacy/index.js <your build command>
See https://babeljs.io/docs/configuration#print-effective-configs for more info.
Though the "loose" option was set to "true" in your @babel/preset-env config, it will not be used for @babel/plugin-transform-private-methods since the "loose" mode option was set to "false" for @babel/plugin-transform-private-property-in-object.
The "loose" option must be the same for @babel/plugin-transform-class-properties, @babel/plugin-transform-private-methods and @babel/plugin-transform-private-property-in-object (when they are enabled): you can silence this warning by explicitly adding
	["@babel/plugin-transform-private-methods", { "loose": false }]
to the "plugins" section of your Babel config.

If you already set the same 'loose' mode for these plugins in your config, it's possible that they are enabled multiple times with different options.
You can re-run Babel with the BABEL_SHOW_CONFIG_FOR environment variable to show the loaded configuration:
	npx cross-env BABEL_SHOW_CONFIG_FOR=/Users/Ajaya/Documents/TizenGitTVApp/node_modules/@mui/material/GridLegacy/index.js <your build command>
See https://babeljs.io/docs/configuration#print-effective-configs for more info.
Though the "loose" option was set to "true" in your @babel/preset-env config, it will not be used for @babel/plugin-transform-private-property-in-object since the "loose" mode option was set to "false" for @babel/plugin-transform-class-properties.
The "loose" option must be the same for @babel/plugin-transform-class-properties, @babel/plugin-transform-private-methods and @babel/plugin-transform-private-property-in-object (when they are enabled): you can silence this warning by explicitly adding
	["@babel/plugin-transform-private-property-in-object", { "loose": false }]
to the "plugins" section of your Babel config.

If you already set the same 'loose' mode for these plugins in your config, it's possible that they are enabled multiple times with different options.
You can re-run Babel with the BABEL_SHOW_CONFIG_FOR environment variable to show the loaded configuration:
	npx cross-env BABEL_SHOW_CONFIG_FOR=/Users/Ajaya/Documents/TizenGitTVApp/node_modules/@mui/utils/getDisplayName/getDisplayName.js <your build command>
See https://babeljs.io/docs/configuration#print-effective-configs for more info.
Though the "loose" option was set to "true" in your @babel/preset-env config, it will not be used for @babel/plugin-transform-private-methods since the "loose" mode option was set to "false" for @babel/plugin-transform-private-property-in-object.
The "loose" option must be the same for @babel/plugin-transform-class-properties, @babel/plugin-transform-private-methods and @babel/plugin-transform-private-property-in-object (when they are enabled): you can silence this warning by explicitly adding
	["@babel/plugin-transform-private-methods", { "loose": false }]
to the "plugins" section of your Babel config.

If you already set the same 'loose' mode for these plugins in your config, it's possible that they are enabled multiple times with different options.
You can re-run Babel with the BABEL_SHOW_CONFIG_FOR environment variable to show the loaded configuration:
	npx cross-env BABEL_SHOW_CONFIG_FOR=/Users/Ajaya/Documents/TizenGitTVApp/node_modules/@mui/utils/getDisplayName/getDisplayName.js <your build command>
See https://babeljs.io/docs/configuration#print-effective-configs for more info.
Though the "loose" option was set to "true" in your @babel/preset-env config, it will not be used for @babel/plugin-transform-private-property-in-object since the "loose" mode option was set to "false" for @babel/plugin-transform-class-properties.
The "loose" option must be the same for @babel/plugin-transform-class-properties, @babel/plugin-transform-private-methods and @babel/plugin-transform-private-property-in-object (when they are enabled): you can silence this warning by explicitly adding
	["@babel/plugin-transform-private-property-in-object", { "loose": false }]
to the "plugins" section of your Babel config.

If you already set the same 'loose' mode for these plugins in your config, it's possible that they are enabled multiple times with different options.
You can re-run Babel with the BABEL_SHOW_CONFIG_FOR environment variable to show the loaded configuration:
	npx cross-env BABEL_SHOW_CONFIG_FOR=/Users/Ajaya/Documents/TizenGitTVApp/node_modules/@mui/material/FormControl/index.js <your build command>
See https://babeljs.io/docs/configuration#print-effective-configs for more info.
Though the "loose" option was set to "true" in your @babel/preset-env config, it will not be used for @babel/plugin-transform-private-methods since the "loose" mode option was set to "false" for @babel/plugin-transform-private-property-in-object.
The "loose" option must be the same for @babel/plugin-transform-class-properties, @babel/plugin-transform-private-methods and @babel/plugin-transform-private-property-in-object (when they are enabled): you can silence this warning by explicitly adding
	["@babel/plugin-transform-private-methods", { "loose": false }]
to the "plugins" section of your Babel config.

If you already set the same 'loose' mode for these plugins in your config, it's possible that they are enabled multiple times with different options.
You can re-run Babel with the BABEL_SHOW_CONFIG_FOR environment variable to show the loaded configuration:
	npx cross-env BABEL_SHOW_CONFIG_FOR=/Users/Ajaya/Documents/TizenGitTVApp/node_modules/@mui/material/FormControl/index.js <your build command>
See https://babeljs.io/docs/configuration#print-effective-configs for more info.
Though the "loose" option was set to "true" in your @babel/preset-env config, it will not be used for @babel/plugin-transform-private-property-in-object since the "loose" mode option was set to "false" for @babel/plugin-transform-class-properties.
The "loose" option must be the same for @babel/plugin-transform-class-properties, @babel/plugin-transform-private-methods and @babel/plugin-transform-private-property-in-object (when they are enabled): you can silence this warning by explicitly adding
	["@babel/plugin-transform-private-property-in-object", { "loose": false }]
to the "plugins" section of your Babel config.

If you already set the same 'loose' mode for these plugins in your config, it's possible that they are enabled multiple times with different options.
You can re-run Babel with the BABEL_SHOW_CONFIG_FOR environment variable to show the loaded configuration:
	npx cross-env BABEL_SHOW_CONFIG_FOR=/Users/Ajaya/Documents/TizenGitTVApp/node_modules/@mui/material/Drawer/index.js <your build command>
See https://babeljs.io/docs/configuration#print-effective-configs for more info.
Though the "loose" option was set to "true" in your @babel/preset-env config, it will not be used for @babel/plugin-transform-private-methods since the "loose" mode option was set to "false" for @babel/plugin-transform-private-property-in-object.
The "loose" option must be the same for @babel/plugin-transform-class-properties, @babel/plugin-transform-private-methods and @babel/plugin-transform-private-property-in-object (when they are enabled): you can silence this warning by explicitly adding
	["@babel/plugin-transform-private-methods", { "loose": false }]
to the "plugins" section of your Babel config.

If you already set the same 'loose' mode for these plugins in your config, it's possible that they are enabled multiple times with different options.
You can re-run Babel with the BABEL_SHOW_CONFIG_FOR environment variable to show the loaded configuration:
	npx cross-env BABEL_SHOW_CONFIG_FOR=/Users/Ajaya/Documents/TizenGitTVApp/node_modules/@mui/material/Drawer/index.js <your build command>
See https://babeljs.io/docs/configuration#print-effective-configs for more info.
Though the "loose" option was set to "true" in your @babel/preset-env config, it will not be used for @babel/plugin-transform-private-property-in-object since the "loose" mode option was set to "false" for @babel/plugin-transform-class-properties.
The "loose" option must be the same for @babel/plugin-transform-class-properties, @babel/plugin-transform-private-methods and @babel/plugin-transform-private-property-in-object (when they are enabled): you can silence this warning by explicitly adding
	["@babel/plugin-transform-private-property-in-object", { "loose": false }]
to the "plugins" section of your Babel config.

If you already set the same 'loose' mode for these plugins in your config, it's possible that they are enabled multiple times with different options.
You can re-run Babel with the BABEL_SHOW_CONFIG_FOR environment variable to show the loaded configuration:
	npx cross-env BABEL_SHOW_CONFIG_FOR=/Users/Ajaya/Documents/TizenGitTVApp/node_modules/@mui/material/FormControlLabel/index.js <your build command>
See https://babeljs.io/docs/configuration#print-effective-configs for more info.
Though the "loose" option was set to "true" in your @babel/preset-env config, it will not be used for @babel/plugin-transform-private-methods since the "loose" mode option was set to "false" for @babel/plugin-transform-private-property-in-object.
The "loose" option must be the same for @babel/plugin-transform-class-properties, @babel/plugin-transform-private-methods and @babel/plugin-transform-private-property-in-object (when they are enabled): you can silence this warning by explicitly adding
	["@babel/plugin-transform-private-methods", { "loose": false }]
to the "plugins" section of your Babel config.

If you already set the same 'loose' mode for these plugins in your config, it's possible that they are enabled multiple times with different options.
You can re-run Babel with the BABEL_SHOW_CONFIG_FOR environment variable to show the loaded configuration:
	npx cross-env BABEL_SHOW_CONFIG_FOR=/Users/Ajaya/Documents/TizenGitTVApp/node_modules/@mui/material/FormControlLabel/index.js <your build command>
See https://babeljs.io/docs/configuration#print-effective-configs for more info.
Though the "loose" option was set to "true" in your @babel/preset-env config, it will not be used for @babel/plugin-transform-private-property-in-object since the "loose" mode option was set to "false" for @babel/plugin-transform-class-properties.
The "loose" option must be the same for @babel/plugin-transform-class-properties, @babel/plugin-transform-private-methods and @babel/plugin-transform-private-property-in-object (when they are enabled): you can silence this warning by explicitly adding
	["@babel/plugin-transform-private-property-in-object", { "loose": false }]
to the "plugins" section of your Babel config.

If you already set the same 'loose' mode for these plugins in your config, it's possible that they are enabled multiple times with different options.
You can re-run Babel with the BABEL_SHOW_CONFIG_FOR environment variable to show the loaded configuration:
	npx cross-env BABEL_SHOW_CONFIG_FOR=/Users/Ajaya/Documents/TizenGitTVApp/node_modules/@mui/system/merge/merge.js <your build command>
See https://babeljs.io/docs/configuration#print-effective-configs for more info.
Though the "loose" option was set to "true" in your @babel/preset-env config, it will not be used for @babel/plugin-transform-private-methods since the "loose" mode option was set to "false" for @babel/plugin-transform-private-property-in-object.
The "loose" option must be the same for @babel/plugin-transform-class-properties, @babel/plugin-transform-private-methods and @babel/plugin-transform-private-property-in-object (when they are enabled): you can silence this warning by explicitly adding
	["@babel/plugin-transform-private-methods", { "loose": false }]
to the "plugins" section of your Babel config.

If you already set the same 'loose' mode for these plugins in your config, it's possible that they are enabled multiple times with different options.
You can re-run Babel with the BABEL_SHOW_CONFIG_FOR environment variable to show the loaded configuration:
	npx cross-env BABEL_SHOW_CONFIG_FOR=/Users/Ajaya/Documents/TizenGitTVApp/node_modules/@mui/system/merge/merge.js <your build command>
See https://babeljs.io/docs/configuration#print-effective-configs for more info.
Though the "loose" option was set to "true" in your @babel/preset-env config, it will not be used for @babel/plugin-transform-private-property-in-object since the "loose" mode option was set to "false" for @babel/plugin-transform-class-properties.
The "loose" option must be the same for @babel/plugin-transform-class-properties, @babel/plugin-transform-private-methods and @babel/plugin-transform-private-property-in-object (when they are enabled): you can silence this warning by explicitly adding
	["@babel/plugin-transform-private-property-in-object", { "loose": false }]
to the "plugins" section of your Babel config.

If you already set the same 'loose' mode for these plugins in your config, it's possible that they are enabled multiple times with different options.
You can re-run Babel with the BABEL_SHOW_CONFIG_FOR environment variable to show the loaded configuration:
	npx cross-env BABEL_SHOW_CONFIG_FOR=/Users/Ajaya/Documents/TizenGitTVApp/node_modules/@mui/system/memoize/memoize.js <your build command>
See https://babeljs.io/docs/configuration#print-effective-configs for more info.
Though the "loose" option was set to "true" in your @babel/preset-env config, it will not be used for @babel/plugin-transform-private-methods since the "loose" mode option was set to "false" for @babel/plugin-transform-private-property-in-object.
The "loose" option must be the same for @babel/plugin-transform-class-properties, @babel/plugin-transform-private-methods and @babel/plugin-transform-private-property-in-object (when they are enabled): you can silence this warning by explicitly adding
	["@babel/plugin-transform-private-methods", { "loose": false }]
to the "plugins" section of your Babel config.

If you already set the same 'loose' mode for these plugins in your config, it's possible that they are enabled multiple times with different options.
You can re-run Babel with the BABEL_SHOW_CONFIG_FOR environment variable to show the loaded configuration:
	npx cross-env BABEL_SHOW_CONFIG_FOR=/Users/Ajaya/Documents/TizenGitTVApp/node_modules/@mui/system/memoize/memoize.js <your build command>
See https://babeljs.io/docs/configuration#print-effective-configs for more info.
Though the "loose" option was set to "true" in your @babel/preset-env config, it will not be used for @babel/plugin-transform-private-property-in-object since the "loose" mode option was set to "false" for @babel/plugin-transform-class-properties.
The "loose" option must be the same for @babel/plugin-transform-class-properties, @babel/plugin-transform-private-methods and @babel/plugin-transform-private-property-in-object (when they are enabled): you can silence this warning by explicitly adding
	["@babel/plugin-transform-private-property-in-object", { "loose": false }]
to the "plugins" section of your Babel config.

If you already set the same 'loose' mode for these plugins in your config, it's possible that they are enabled multiple times with different options.
You can re-run Babel with the BABEL_SHOW_CONFIG_FOR environment variable to show the loaded configuration:
	npx cross-env BABEL_SHOW_CONFIG_FOR=/Users/Ajaya/Documents/TizenGitTVApp/node_modules/@mui/material/CssBaseline/index.js <your build command>
See https://babeljs.io/docs/configuration#print-effective-configs for more info.
Though the "loose" option was set to "true" in your @babel/preset-env config, it will not be used for @babel/plugin-transform-private-methods since the "loose" mode option was set to "false" for @babel/plugin-transform-private-property-in-object.
The "loose" option must be the same for @babel/plugin-transform-class-properties, @babel/plugin-transform-private-methods and @babel/plugin-transform-private-property-in-object (when they are enabled): you can silence this warning by explicitly adding
	["@babel/plugin-transform-private-methods", { "loose": false }]
to the "plugins" section of your Babel config.

If you already set the same 'loose' mode for these plugins in your config, it's possible that they are enabled multiple times with different options.
You can re-run Babel with the BABEL_SHOW_CONFIG_FOR environment variable to show the loaded configuration:
	npx cross-env BABEL_SHOW_CONFIG_FOR=/Users/Ajaya/Documents/TizenGitTVApp/node_modules/@mui/material/CssBaseline/index.js <your build command>
See https://babeljs.io/docs/configuration#print-effective-configs for more info.
Though the "loose" option was set to "true" in your @babel/preset-env config, it will not be used for @babel/plugin-transform-private-property-in-object since the "loose" mode option was set to "false" for @babel/plugin-transform-class-properties.
The "loose" option must be the same for @babel/plugin-transform-class-properties, @babel/plugin-transform-private-methods and @babel/plugin-transform-private-property-in-object (when they are enabled): you can silence this warning by explicitly adding
	["@babel/plugin-transform-private-property-in-object", { "loose": false }]
to the "plugins" section of your Babel config.

If you already set the same 'loose' mode for these plugins in your config, it's possible that they are enabled multiple times with different options.
You can re-run Babel with the BABEL_SHOW_CONFIG_FOR environment variable to show the loaded configuration:
	npx cross-env BABEL_SHOW_CONFIG_FOR=/Users/Ajaya/Documents/TizenGitTVApp/node_modules/@mui/material/DialogTitle/index.js <your build command>
See https://babeljs.io/docs/configuration#print-effective-configs for more info.
Though the "loose" option was set to "true" in your @babel/preset-env config, it will not be used for @babel/plugin-transform-private-methods since the "loose" mode option was set to "false" for @babel/plugin-transform-private-property-in-object.
The "loose" option must be the same for @babel/plugin-transform-class-properties, @babel/plugin-transform-private-methods and @babel/plugin-transform-private-property-in-object (when they are enabled): you can silence this warning by explicitly adding
	["@babel/plugin-transform-private-methods", { "loose": false }]
to the "plugins" section of your Babel config.

If you already set the same 'loose' mode for these plugins in your config, it's possible that they are enabled multiple times with different options.
You can re-run Babel with the BABEL_SHOW_CONFIG_FOR environment variable to show the loaded configuration:
	npx cross-env BABEL_SHOW_CONFIG_FOR=/Users/Ajaya/Documents/TizenGitTVApp/node_modules/@mui/material/DialogTitle/index.js <your build command>
See https://babeljs.io/docs/configuration#print-effective-configs for more info.
Though the "loose" option was set to "true" in your @babel/preset-env config, it will not be used for @babel/plugin-transform-private-property-in-object since the "loose" mode option was set to "false" for @babel/plugin-transform-class-properties.
The "loose" option must be the same for @babel/plugin-transform-class-properties, @babel/plugin-transform-private-methods and @babel/plugin-transform-private-property-in-object (when they are enabled): you can silence this warning by explicitly adding
	["@babel/plugin-transform-private-property-in-object", { "loose": false }]
to the "plugins" section of your Babel config.

If you already set the same 'loose' mode for these plugins in your config, it's possible that they are enabled multiple times with different options.
You can re-run Babel with the BABEL_SHOW_CONFIG_FOR environment variable to show the loaded configuration:
	npx cross-env BABEL_SHOW_CONFIG_FOR=/Users/Ajaya/Documents/TizenGitTVApp/node_modules/@mui/material/DialogContentText/index.js <your build command>
See https://babeljs.io/docs/configuration#print-effective-configs for more info.
Though the "loose" option was set to "true" in your @babel/preset-env config, it will not be used for @babel/plugin-transform-private-methods since the "loose" mode option was set to "false" for @babel/plugin-transform-private-property-in-object.
The "loose" option must be the same for @babel/plugin-transform-class-properties, @babel/plugin-transform-private-methods and @babel/plugin-transform-private-property-in-object (when they are enabled): you can silence this warning by explicitly adding
	["@babel/plugin-transform-private-methods", { "loose": false }]
to the "plugins" section of your Babel config.

If you already set the same 'loose' mode for these plugins in your config, it's possible that they are enabled multiple times with different options.
You can re-run Babel with the BABEL_SHOW_CONFIG_FOR environment variable to show the loaded configuration:
	npx cross-env BABEL_SHOW_CONFIG_FOR=/Users/Ajaya/Documents/TizenGitTVApp/node_modules/@mui/material/DialogContentText/index.js <your build command>
See https://babeljs.io/docs/configuration#print-effective-configs for more info.
Though the "loose" option was set to "true" in your @babel/preset-env config, it will not be used for @babel/plugin-transform-private-property-in-object since the "loose" mode option was set to "false" for @babel/plugin-transform-class-properties.
The "loose" option must be the same for @babel/plugin-transform-class-properties, @babel/plugin-transform-private-methods and @babel/plugin-transform-private-property-in-object (when they are enabled): you can silence this warning by explicitly adding
	["@babel/plugin-transform-private-property-in-object", { "loose": false }]
to the "plugins" section of your Babel config.

If you already set the same 'loose' mode for these plugins in your config, it's possible that they are enabled multiple times with different options.
You can re-run Babel with the BABEL_SHOW_CONFIG_FOR environment variable to show the loaded configuration:
	npx cross-env BABEL_SHOW_CONFIG_FOR=/Users/Ajaya/Documents/TizenGitTVApp/node_modules/@mui/material/DialogContent/index.js <your build command>
See https://babeljs.io/docs/configuration#print-effective-configs for more info.
Though the "loose" option was set to "true" in your @babel/preset-env config, it will not be used for @babel/plugin-transform-private-methods since the "loose" mode option was set to "false" for @babel/plugin-transform-private-property-in-object.
The "loose" option must be the same for @babel/plugin-transform-class-properties, @babel/plugin-transform-private-methods and @babel/plugin-transform-private-property-in-object (when they are enabled): you can silence this warning by explicitly adding
	["@babel/plugin-transform-private-methods", { "loose": false }]
to the "plugins" section of your Babel config.

If you already set the same 'loose' mode for these plugins in your config, it's possible that they are enabled multiple times with different options.
You can re-run Babel with the BABEL_SHOW_CONFIG_FOR environment variable to show the loaded configuration:
	npx cross-env BABEL_SHOW_CONFIG_FOR=/Users/Ajaya/Documents/TizenGitTVApp/node_modules/@mui/material/DialogContent/index.js <your build command>
See https://babeljs.io/docs/configuration#print-effective-configs for more info.
Though the "loose" option was set to "true" in your @babel/preset-env config, it will not be used for @babel/plugin-transform-private-property-in-object since the "loose" mode option was set to "false" for @babel/plugin-transform-class-properties.
The "loose" option must be the same for @babel/plugin-transform-class-properties, @babel/plugin-transform-private-methods and @babel/plugin-transform-private-property-in-object (when they are enabled): you can silence this warning by explicitly adding
	["@babel/plugin-transform-private-property-in-object", { "loose": false }]
to the "plugins" section of your Babel config.

If you already set the same 'loose' mode for these plugins in your config, it's possible that they are enabled multiple times with different options.
You can re-run Babel with the BABEL_SHOW_CONFIG_FOR environment variable to show the loaded configuration:
	npx cross-env BABEL_SHOW_CONFIG_FOR=/Users/Ajaya/Documents/TizenGitTVApp/node_modules/@mui/material/DialogActions/index.js <your build command>
See https://babeljs.io/docs/configuration#print-effective-configs for more info.
Though the "loose" option was set to "true" in your @babel/preset-env config, it will not be used for @babel/plugin-transform-private-methods since the "loose" mode option was set to "false" for @babel/plugin-transform-private-property-in-object.
The "loose" option must be the same for @babel/plugin-transform-class-properties, @babel/plugin-transform-private-methods and @babel/plugin-transform-private-property-in-object (when they are enabled): you can silence this warning by explicitly adding
	["@babel/plugin-transform-private-methods", { "loose": false }]
to the "plugins" section of your Babel config.

If you already set the same 'loose' mode for these plugins in your config, it's possible that they are enabled multiple times with different options.
You can re-run Babel with the BABEL_SHOW_CONFIG_FOR environment variable to show the loaded configuration:
	npx cross-env BABEL_SHOW_CONFIG_FOR=/Users/Ajaya/Documents/TizenGitTVApp/node_modules/@mui/material/DialogActions/index.js <your build command>
See https://babeljs.io/docs/configuration#print-effective-configs for more info.
Though the "loose" option was set to "true" in your @babel/preset-env config, it will not be used for @babel/plugin-transform-private-property-in-object since the "loose" mode option was set to "false" for @babel/plugin-transform-class-properties.
The "loose" option must be the same for @babel/plugin-transform-class-properties, @babel/plugin-transform-private-methods and @babel/plugin-transform-private-property-in-object (when they are enabled): you can silence this warning by explicitly adding
	["@babel/plugin-transform-private-property-in-object", { "loose": false }]
to the "plugins" section of your Babel config.

If you already set the same 'loose' mode for these plugins in your config, it's possible that they are enabled multiple times with different options.
You can re-run Babel with the BABEL_SHOW_CONFIG_FOR environment variable to show the loaded configuration:
	npx cross-env BABEL_SHOW_CONFIG_FOR=/Users/Ajaya/Documents/TizenGitTVApp/node_modules/@mui/material/Dialog/index.js <your build command>
See https://babeljs.io/docs/configuration#print-effective-configs for more info.
Though the "loose" option was set to "true" in your @babel/preset-env config, it will not be used for @babel/plugin-transform-private-methods since the "loose" mode option was set to "false" for @babel/plugin-transform-private-property-in-object.
The "loose" option must be the same for @babel/plugin-transform-class-properties, @babel/plugin-transform-private-methods and @babel/plugin-transform-private-property-in-object (when they are enabled): you can silence this warning by explicitly adding
	["@babel/plugin-transform-private-methods", { "loose": false }]
to the "plugins" section of your Babel config.

If you already set the same 'loose' mode for these plugins in your config, it's possible that they are enabled multiple times with different options.
You can re-run Babel with the BABEL_SHOW_CONFIG_FOR environment variable to show the loaded configuration:
	npx cross-env BABEL_SHOW_CONFIG_FOR=/Users/Ajaya/Documents/TizenGitTVApp/node_modules/@mui/material/Dialog/index.js <your build command>
See https://babeljs.io/docs/configuration#print-effective-configs for more info.
Though the "loose" option was set to "true" in your @babel/preset-env config, it will not be used for @babel/plugin-transform-private-property-in-object since the "loose" mode option was set to "false" for @babel/plugin-transform-class-properties.
The "loose" option must be the same for @babel/plugin-transform-class-properties, @babel/plugin-transform-private-methods and @babel/plugin-transform-private-property-in-object (when they are enabled): you can silence this warning by explicitly adding
	["@babel/plugin-transform-private-property-in-object", { "loose": false }]
to the "plugins" section of your Babel config.

If you already set the same 'loose' mode for these plugins in your config, it's possible that they are enabled multiple times with different options.
You can re-run Babel with the BABEL_SHOW_CONFIG_FOR environment variable to show the loaded configuration:
	npx cross-env BABEL_SHOW_CONFIG_FOR=/Users/Ajaya/Documents/TizenGitTVApp/node_modules/@mui/material/darkScrollbar/index.js <your build command>
See https://babeljs.io/docs/configuration#print-effective-configs for more info.
Though the "loose" option was set to "true" in your @babel/preset-env config, it will not be used for @babel/plugin-transform-private-methods since the "loose" mode option was set to "false" for @babel/plugin-transform-private-property-in-object.
The "loose" option must be the same for @babel/plugin-transform-class-properties, @babel/plugin-transform-private-methods and @babel/plugin-transform-private-property-in-object (when they are enabled): you can silence this warning by explicitly adding
	["@babel/plugin-transform-private-methods", { "loose": false }]
to the "plugins" section of your Babel config.

If you already set the same 'loose' mode for these plugins in your config, it's possible that they are enabled multiple times with different options.
You can re-run Babel with the BABEL_SHOW_CONFIG_FOR environment variable to show the loaded configuration:
	npx cross-env BABEL_SHOW_CONFIG_FOR=/Users/Ajaya/Documents/TizenGitTVApp/node_modules/@mui/material/darkScrollbar/index.js <your build command>
See https://babeljs.io/docs/configuration#print-effective-configs for more info.
Though the "loose" option was set to "true" in your @babel/preset-env config, it will not be used for @babel/plugin-transform-private-property-in-object since the "loose" mode option was set to "false" for @babel/plugin-transform-class-properties.
The "loose" option must be the same for @babel/plugin-transform-class-properties, @babel/plugin-transform-private-methods and @babel/plugin-transform-private-property-in-object (when they are enabled): you can silence this warning by explicitly adding
	["@babel/plugin-transform-private-property-in-object", { "loose": false }]
to the "plugins" section of your Babel config.

If you already set the same 'loose' mode for these plugins in your config, it's possible that they are enabled multiple times with different options.
You can re-run Babel with the BABEL_SHOW_CONFIG_FOR environment variable to show the loaded configuration:
	npx cross-env BABEL_SHOW_CONFIG_FOR=/Users/Ajaya/Documents/TizenGitTVApp/node_modules/@mui/material/CircularProgress/index.js <your build command>
See https://babeljs.io/docs/configuration#print-effective-configs for more info.
Though the "loose" option was set to "true" in your @babel/preset-env config, it will not be used for @babel/plugin-transform-private-methods since the "loose" mode option was set to "false" for @babel/plugin-transform-private-property-in-object.
The "loose" option must be the same for @babel/plugin-transform-class-properties, @babel/plugin-transform-private-methods and @babel/plugin-transform-private-property-in-object (when they are enabled): you can silence this warning by explicitly adding
	["@babel/plugin-transform-private-methods", { "loose": false }]
to the "plugins" section of your Babel config.

If you already set the same 'loose' mode for these plugins in your config, it's possible that they are enabled multiple times with different options.
You can re-run Babel with the BABEL_SHOW_CONFIG_FOR environment variable to show the loaded configuration:
	npx cross-env BABEL_SHOW_CONFIG_FOR=/Users/Ajaya/Documents/TizenGitTVApp/node_modules/@mui/material/CircularProgress/index.js <your build command>
See https://babeljs.io/docs/configuration#print-effective-configs for more info.
Though the "loose" option was set to "true" in your @babel/preset-env config, it will not be used for @babel/plugin-transform-private-property-in-object since the "loose" mode option was set to "false" for @babel/plugin-transform-class-properties.
The "loose" option must be the same for @babel/plugin-transform-class-properties, @babel/plugin-transform-private-methods and @babel/plugin-transform-private-property-in-object (when they are enabled): you can silence this warning by explicitly adding
	["@babel/plugin-transform-private-property-in-object", { "loose": false }]
to the "plugins" section of your Babel config.

If you already set the same 'loose' mode for these plugins in your config, it's possible that they are enabled multiple times with different options.
You can re-run Babel with the BABEL_SHOW_CONFIG_FOR environment variable to show the loaded configuration:
	npx cross-env BABEL_SHOW_CONFIG_FOR=/Users/Ajaya/Documents/TizenGitTVApp/node_modules/@mui/material/Container/index.js <your build command>
See https://babeljs.io/docs/configuration#print-effective-configs for more info.
Though the "loose" option was set to "true" in your @babel/preset-env config, it will not be used for @babel/plugin-transform-private-methods since the "loose" mode option was set to "false" for @babel/plugin-transform-private-property-in-object.
The "loose" option must be the same for @babel/plugin-transform-class-properties, @babel/plugin-transform-private-methods and @babel/plugin-transform-private-property-in-object (when they are enabled): you can silence this warning by explicitly adding
	["@babel/plugin-transform-private-methods", { "loose": false }]
to the "plugins" section of your Babel config.

If you already set the same 'loose' mode for these plugins in your config, it's possible that they are enabled multiple times with different options.
You can re-run Babel with the BABEL_SHOW_CONFIG_FOR environment variable to show the loaded configuration:
	npx cross-env BABEL_SHOW_CONFIG_FOR=/Users/Ajaya/Documents/TizenGitTVApp/node_modules/@mui/material/Container/index.js <your build command>
See https://babeljs.io/docs/configuration#print-effective-configs for more info.
Though the "loose" option was set to "true" in your @babel/preset-env config, it will not be used for @babel/plugin-transform-private-property-in-object since the "loose" mode option was set to "false" for @babel/plugin-transform-class-properties.
The "loose" option must be the same for @babel/plugin-transform-class-properties, @babel/plugin-transform-private-methods and @babel/plugin-transform-private-property-in-object (when they are enabled): you can silence this warning by explicitly adding
	["@babel/plugin-transform-private-property-in-object", { "loose": false }]
to the "plugins" section of your Babel config.

If you already set the same 'loose' mode for these plugins in your config, it's possible that they are enabled multiple times with different options.
You can re-run Babel with the BABEL_SHOW_CONFIG_FOR environment variable to show the loaded configuration:
	npx cross-env BABEL_SHOW_CONFIG_FOR=/Users/Ajaya/Documents/TizenGitTVApp/node_modules/@mui/material/Chip/index.js <your build command>
See https://babeljs.io/docs/configuration#print-effective-configs for more info.
Though the "loose" option was set to "true" in your @babel/preset-env config, it will not be used for @babel/plugin-transform-private-methods since the "loose" mode option was set to "false" for @babel/plugin-transform-private-property-in-object.
The "loose" option must be the same for @babel/plugin-transform-class-properties, @babel/plugin-transform-private-methods and @babel/plugin-transform-private-property-in-object (when they are enabled): you can silence this warning by explicitly adding
	["@babel/plugin-transform-private-methods", { "loose": false }]
to the "plugins" section of your Babel config.

If you already set the same 'loose' mode for these plugins in your config, it's possible that they are enabled multiple times with different options.
You can re-run Babel with the BABEL_SHOW_CONFIG_FOR environment variable to show the loaded configuration:
	npx cross-env BABEL_SHOW_CONFIG_FOR=/Users/Ajaya/Documents/TizenGitTVApp/node_modules/@mui/material/Chip/index.js <your build command>
See https://babeljs.io/docs/configuration#print-effective-configs for more info.
Though the "loose" option was set to "true" in your @babel/preset-env config, it will not be used for @babel/plugin-transform-private-property-in-object since the "loose" mode option was set to "false" for @babel/plugin-transform-class-properties.
The "loose" option must be the same for @babel/plugin-transform-class-properties, @babel/plugin-transform-private-methods and @babel/plugin-transform-private-property-in-object (when they are enabled): you can silence this warning by explicitly adding
	["@babel/plugin-transform-private-property-in-object", { "loose": false }]
to the "plugins" section of your Babel config.

If you already set the same 'loose' mode for these plugins in your config, it's possible that they are enabled multiple times with different options.
You can re-run Babel with the BABEL_SHOW_CONFIG_FOR environment variable to show the loaded configuration:
	npx cross-env BABEL_SHOW_CONFIG_FOR=/Users/Ajaya/Documents/TizenGitTVApp/node_modules/@mui/material/Checkbox/index.js <your build command>
See https://babeljs.io/docs/configuration#print-effective-configs for more info.
Though the "loose" option was set to "true" in your @babel/preset-env config, it will not be used for @babel/plugin-transform-private-methods since the "loose" mode option was set to "false" for @babel/plugin-transform-private-property-in-object.
The "loose" option must be the same for @babel/plugin-transform-class-properties, @babel/plugin-transform-private-methods and @babel/plugin-transform-private-property-in-object (when they are enabled): you can silence this warning by explicitly adding
	["@babel/plugin-transform-private-methods", { "loose": false }]
to the "plugins" section of your Babel config.

If you already set the same 'loose' mode for these plugins in your config, it's possible that they are enabled multiple times with different options.
You can re-run Babel with the BABEL_SHOW_CONFIG_FOR environment variable to show the loaded configuration:
	npx cross-env BABEL_SHOW_CONFIG_FOR=/Users/Ajaya/Documents/TizenGitTVApp/node_modules/@mui/material/Checkbox/index.js <your build command>
See https://babeljs.io/docs/configuration#print-effective-configs for more info.
Though the "loose" option was set to "true" in your @babel/preset-env config, it will not be used for @babel/plugin-transform-private-property-in-object since the "loose" mode option was set to "false" for @babel/plugin-transform-class-properties.
The "loose" option must be the same for @babel/plugin-transform-class-properties, @babel/plugin-transform-private-methods and @babel/plugin-transform-private-property-in-object (when they are enabled): you can silence this warning by explicitly adding
	["@babel/plugin-transform-private-property-in-object", { "loose": false }]
to the "plugins" section of your Babel config.

If you already set the same 'loose' mode for these plugins in your config, it's possible that they are enabled multiple times with different options.
You can re-run Babel with the BABEL_SHOW_CONFIG_FOR environment variable to show the loaded configuration:
	npx cross-env BABEL_SHOW_CONFIG_FOR=/Users/Ajaya/Documents/TizenGitTVApp/node_modules/@mui/material/CardMedia/index.js <your build command>
See https://babeljs.io/docs/configuration#print-effective-configs for more info.
Though the "loose" option was set to "true" in your @babel/preset-env config, it will not be used for @babel/plugin-transform-private-methods since the "loose" mode option was set to "false" for @babel/plugin-transform-private-property-in-object.
The "loose" option must be the same for @babel/plugin-transform-class-properties, @babel/plugin-transform-private-methods and @babel/plugin-transform-private-property-in-object (when they are enabled): you can silence this warning by explicitly adding
	["@babel/plugin-transform-private-methods", { "loose": false }]
to the "plugins" section of your Babel config.

If you already set the same 'loose' mode for these plugins in your config, it's possible that they are enabled multiple times with different options.
You can re-run Babel with the BABEL_SHOW_CONFIG_FOR environment variable to show the loaded configuration:
	npx cross-env BABEL_SHOW_CONFIG_FOR=/Users/Ajaya/Documents/TizenGitTVApp/node_modules/@mui/material/CardMedia/index.js <your build command>
See https://babeljs.io/docs/configuration#print-effective-configs for more info.
Though the "loose" option was set to "true" in your @babel/preset-env config, it will not be used for @babel/plugin-transform-private-property-in-object since the "loose" mode option was set to "false" for @babel/plugin-transform-class-properties.
The "loose" option must be the same for @babel/plugin-transform-class-properties, @babel/plugin-transform-private-methods and @babel/plugin-transform-private-property-in-object (when they are enabled): you can silence this warning by explicitly adding
	["@babel/plugin-transform-private-property-in-object", { "loose": false }]
to the "plugins" section of your Babel config.

If you already set the same 'loose' mode for these plugins in your config, it's possible that they are enabled multiple times with different options.
You can re-run Babel with the BABEL_SHOW_CONFIG_FOR environment variable to show the loaded configuration:
	npx cross-env BABEL_SHOW_CONFIG_FOR=/Users/Ajaya/Documents/TizenGitTVApp/node_modules/@emotion/react/dist/emotion-react.cjs.js <your build command>
See https://babeljs.io/docs/configuration#print-effective-configs for more info.
Though the "loose" option was set to "true" in your @babel/preset-env config, it will not be used for @babel/plugin-transform-private-methods since the "loose" mode option was set to "false" for @babel/plugin-transform-private-property-in-object.
The "loose" option must be the same for @babel/plugin-transform-class-properties, @babel/plugin-transform-private-methods and @babel/plugin-transform-private-property-in-object (when they are enabled): you can silence this warning by explicitly adding
	["@babel/plugin-transform-private-methods", { "loose": false }]
to the "plugins" section of your Babel config.

If you already set the same 'loose' mode for these plugins in your config, it's possible that they are enabled multiple times with different options.
You can re-run Babel with the BABEL_SHOW_CONFIG_FOR environment variable to show the loaded configuration:
	npx cross-env BABEL_SHOW_CONFIG_FOR=/Users/Ajaya/Documents/TizenGitTVApp/node_modules/@emotion/react/dist/emotion-react.cjs.js <your build command>
See https://babeljs.io/docs/configuration#print-effective-configs for more info.
Though the "loose" option was set to "true" in your @babel/preset-env config, it will not be used for @babel/plugin-transform-private-property-in-object since the "loose" mode option was set to "false" for @babel/plugin-transform-class-properties.
The "loose" option must be the same for @babel/plugin-transform-class-properties, @babel/plugin-transform-private-methods and @babel/plugin-transform-private-property-in-object (when they are enabled): you can silence this warning by explicitly adding
	["@babel/plugin-transform-private-property-in-object", { "loose": false }]
to the "plugins" section of your Babel config.

If you already set the same 'loose' mode for these plugins in your config, it's possible that they are enabled multiple times with different options.
You can re-run Babel with the BABEL_SHOW_CONFIG_FOR environment variable to show the loaded configuration:
	npx cross-env BABEL_SHOW_CONFIG_FOR=/Users/Ajaya/Documents/TizenGitTVApp/node_modules/@emotion/styled/dist/emotion-styled.cjs.js <your build command>
See https://babeljs.io/docs/configuration#print-effective-configs for more info.
Though the "loose" option was set to "true" in your @babel/preset-env config, it will not be used for @babel/plugin-transform-private-methods since the "loose" mode option was set to "false" for @babel/plugin-transform-private-property-in-object.
The "loose" option must be the same for @babel/plugin-transform-class-properties, @babel/plugin-transform-private-methods and @babel/plugin-transform-private-property-in-object (when they are enabled): you can silence this warning by explicitly adding
	["@babel/plugin-transform-private-methods", { "loose": false }]
to the "plugins" section of your Babel config.

If you already set the same 'loose' mode for these plugins in your config, it's possible that they are enabled multiple times with different options.
You can re-run Babel with the BABEL_SHOW_CONFIG_FOR environment variable to show the loaded configuration:
	npx cross-env BABEL_SHOW_CONFIG_FOR=/Users/Ajaya/Documents/TizenGitTVApp/node_modules/@emotion/styled/dist/emotion-styled.cjs.js <your build command>
See https://babeljs.io/docs/configuration#print-effective-configs for more info.
Though the "loose" option was set to "true" in your @babel/preset-env config, it will not be used for @babel/plugin-transform-private-property-in-object since the "loose" mode option was set to "false" for @babel/plugin-transform-class-properties.
The "loose" option must be the same for @babel/plugin-transform-class-properties, @babel/plugin-transform-private-methods and @babel/plugin-transform-private-property-in-object (when they are enabled): you can silence this warning by explicitly adding
	["@babel/plugin-transform-private-property-in-object", { "loose": false }]
to the "plugins" section of your Babel config.

If you already set the same 'loose' mode for these plugins in your config, it's possible that they are enabled multiple times with different options.
You can re-run Babel with the BABEL_SHOW_CONFIG_FOR environment variable to show the loaded configuration:
	npx cross-env BABEL_SHOW_CONFIG_FOR=/Users/Ajaya/Documents/TizenGitTVApp/node_modules/@emotion/serialize/dist/emotion-serialize.cjs.js <your build command>
See https://babeljs.io/docs/configuration#print-effective-configs for more info.
Though the "loose" option was set to "true" in your @babel/preset-env config, it will not be used for @babel/plugin-transform-private-methods since the "loose" mode option was set to "false" for @babel/plugin-transform-private-property-in-object.
The "loose" option must be the same for @babel/plugin-transform-class-properties, @babel/plugin-transform-private-methods and @babel/plugin-transform-private-property-in-object (when they are enabled): you can silence this warning by explicitly adding
	["@babel/plugin-transform-private-methods", { "loose": false }]
to the "plugins" section of your Babel config.

If you already set the same 'loose' mode for these plugins in your config, it's possible that they are enabled multiple times with different options.
You can re-run Babel with the BABEL_SHOW_CONFIG_FOR environment variable to show the loaded configuration:
	npx cross-env BABEL_SHOW_CONFIG_FOR=/Users/Ajaya/Documents/TizenGitTVApp/node_modules/@emotion/serialize/dist/emotion-serialize.cjs.js <your build command>
See https://babeljs.io/docs/configuration#print-effective-configs for more info.
Though the "loose" option was set to "true" in your @babel/preset-env config, it will not be used for @babel/plugin-transform-private-property-in-object since the "loose" mode option was set to "false" for @babel/plugin-transform-class-properties.
The "loose" option must be the same for @babel/plugin-transform-class-properties, @babel/plugin-transform-private-methods and @babel/plugin-transform-private-property-in-object (when they are enabled): you can silence this warning by explicitly adding
	["@babel/plugin-transform-private-property-in-object", { "loose": false }]
to the "plugins" section of your Babel config.

If you already set the same 'loose' mode for these plugins in your config, it's possible that they are enabled multiple times with different options.
You can re-run Babel with the BABEL_SHOW_CONFIG_FOR environment variable to show the loaded configuration:
	npx cross-env BABEL_SHOW_CONFIG_FOR=/Users/Ajaya/Documents/TizenGitTVApp/node_modules/@mui/material/CardContent/index.js <your build command>
See https://babeljs.io/docs/configuration#print-effective-configs for more info.
Though the "loose" option was set to "true" in your @babel/preset-env config, it will not be used for @babel/plugin-transform-private-methods since the "loose" mode option was set to "false" for @babel/plugin-transform-private-property-in-object.
The "loose" option must be the same for @babel/plugin-transform-class-properties, @babel/plugin-transform-private-methods and @babel/plugin-transform-private-property-in-object (when they are enabled): you can silence this warning by explicitly adding
	["@babel/plugin-transform-private-methods", { "loose": false }]
to the "plugins" section of your Babel config.

If you already set the same 'loose' mode for these plugins in your config, it's possible that they are enabled multiple times with different options.
You can re-run Babel with the BABEL_SHOW_CONFIG_FOR environment variable to show the loaded configuration:
	npx cross-env BABEL_SHOW_CONFIG_FOR=/Users/Ajaya/Documents/TizenGitTVApp/node_modules/@mui/material/CardContent/index.js <your build command>
See https://babeljs.io/docs/configuration#print-effective-configs for more info.
Though the "loose" option was set to "true" in your @babel/preset-env config, it will not be used for @babel/plugin-transform-private-property-in-object since the "loose" mode option was set to "false" for @babel/plugin-transform-class-properties.
The "loose" option must be the same for @babel/plugin-transform-class-properties, @babel/plugin-transform-private-methods and @babel/plugin-transform-private-property-in-object (when they are enabled): you can silence this warning by explicitly adding
	["@babel/plugin-transform-private-property-in-object", { "loose": false }]
to the "plugins" section of your Babel config.

If you already set the same 'loose' mode for these plugins in your config, it's possible that they are enabled multiple times with different options.
You can re-run Babel with the BABEL_SHOW_CONFIG_FOR environment variable to show the loaded configuration:
	npx cross-env BABEL_SHOW_CONFIG_FOR=/Users/Ajaya/Documents/TizenGitTVApp/node_modules/@mui/material/CardHeader/index.js <your build command>
See https://babeljs.io/docs/configuration#print-effective-configs for more info.
Though the "loose" option was set to "true" in your @babel/preset-env config, it will not be used for @babel/plugin-transform-private-methods since the "loose" mode option was set to "false" for @babel/plugin-transform-private-property-in-object.
The "loose" option must be the same for @babel/plugin-transform-class-properties, @babel/plugin-transform-private-methods and @babel/plugin-transform-private-property-in-object (when they are enabled): you can silence this warning by explicitly adding
	["@babel/plugin-transform-private-methods", { "loose": false }]
to the "plugins" section of your Babel config.

If you already set the same 'loose' mode for these plugins in your config, it's possible that they are enabled multiple times with different options.
You can re-run Babel with the BABEL_SHOW_CONFIG_FOR environment variable to show the loaded configuration:
	npx cross-env BABEL_SHOW_CONFIG_FOR=/Users/Ajaya/Documents/TizenGitTVApp/node_modules/@mui/material/CardHeader/index.js <your build command>
See https://babeljs.io/docs/configuration#print-effective-configs for more info.
Though the "loose" option was set to "true" in your @babel/preset-env config, it will not be used for @babel/plugin-transform-private-property-in-object since the "loose" mode option was set to "false" for @babel/plugin-transform-class-properties.
The "loose" option must be the same for @babel/plugin-transform-class-properties, @babel/plugin-transform-private-methods and @babel/plugin-transform-private-property-in-object (when they are enabled): you can silence this warning by explicitly adding
	["@babel/plugin-transform-private-property-in-object", { "loose": false }]
to the "plugins" section of your Babel config.

If you already set the same 'loose' mode for these plugins in your config, it's possible that they are enabled multiple times with different options.
You can re-run Babel with the BABEL_SHOW_CONFIG_FOR environment variable to show the loaded configuration:
	npx cross-env BABEL_SHOW_CONFIG_FOR=/Users/Ajaya/Documents/TizenGitTVApp/node_modules/@mui/material/CardActions/index.js <your build command>
See https://babeljs.io/docs/configuration#print-effective-configs for more info.
Though the "loose" option was set to "true" in your @babel/preset-env config, it will not be used for @babel/plugin-transform-private-methods since the "loose" mode option was set to "false" for @babel/plugin-transform-private-property-in-object.
The "loose" option must be the same for @babel/plugin-transform-class-properties, @babel/plugin-transform-private-methods and @babel/plugin-transform-private-property-in-object (when they are enabled): you can silence this warning by explicitly adding
	["@babel/plugin-transform-private-methods", { "loose": false }]
to the "plugins" section of your Babel config.

If you already set the same 'loose' mode for these plugins in your config, it's possible that they are enabled multiple times with different options.
You can re-run Babel with the BABEL_SHOW_CONFIG_FOR environment variable to show the loaded configuration:
	npx cross-env BABEL_SHOW_CONFIG_FOR=/Users/Ajaya/Documents/TizenGitTVApp/node_modules/@mui/material/CardActions/index.js <your build command>
See https://babeljs.io/docs/configuration#print-effective-configs for more info.
Though the "loose" option was set to "true" in your @babel/preset-env config, it will not be used for @babel/plugin-transform-private-property-in-object since the "loose" mode option was set to "false" for @babel/plugin-transform-class-properties.
The "loose" option must be the same for @babel/plugin-transform-class-properties, @babel/plugin-transform-private-methods and @babel/plugin-transform-private-property-in-object (when they are enabled): you can silence this warning by explicitly adding
	["@babel/plugin-transform-private-property-in-object", { "loose": false }]
to the "plugins" section of your Babel config.

If you already set the same 'loose' mode for these plugins in your config, it's possible that they are enabled multiple times with different options.
You can re-run Babel with the BABEL_SHOW_CONFIG_FOR environment variable to show the loaded configuration:
	npx cross-env BABEL_SHOW_CONFIG_FOR=/Users/Ajaya/Documents/TizenGitTVApp/node_modules/@mui/material/CardActionArea/index.js <your build command>
See https://babeljs.io/docs/configuration#print-effective-configs for more info.
Though the "loose" option was set to "true" in your @babel/preset-env config, it will not be used for @babel/plugin-transform-private-methods since the "loose" mode option was set to "false" for @babel/plugin-transform-private-property-in-object.
The "loose" option must be the same for @babel/plugin-transform-class-properties, @babel/plugin-transform-private-methods and @babel/plugin-transform-private-property-in-object (when they are enabled): you can silence this warning by explicitly adding
	["@babel/plugin-transform-private-methods", { "loose": false }]
to the "plugins" section of your Babel config.

If you already set the same 'loose' mode for these plugins in your config, it's possible that they are enabled multiple times with different options.
You can re-run Babel with the BABEL_SHOW_CONFIG_FOR environment variable to show the loaded configuration:
	npx cross-env BABEL_SHOW_CONFIG_FOR=/Users/Ajaya/Documents/TizenGitTVApp/node_modules/@mui/material/CardActionArea/index.js <your build command>
See https://babeljs.io/docs/configuration#print-effective-configs for more info.
Though the "loose" option was set to "true" in your @babel/preset-env config, it will not be used for @babel/plugin-transform-private-property-in-object since the "loose" mode option was set to "false" for @babel/plugin-transform-class-properties.
The "loose" option must be the same for @babel/plugin-transform-class-properties, @babel/plugin-transform-private-methods and @babel/plugin-transform-private-property-in-object (when they are enabled): you can silence this warning by explicitly adding
	["@babel/plugin-transform-private-property-in-object", { "loose": false }]
to the "plugins" section of your Babel config.

If you already set the same 'loose' mode for these plugins in your config, it's possible that they are enabled multiple times with different options.
You can re-run Babel with the BABEL_SHOW_CONFIG_FOR environment variable to show the loaded configuration:
	npx cross-env BABEL_SHOW_CONFIG_FOR=/Users/Ajaya/Documents/TizenGitTVApp/node_modules/@mui/material/Card/index.js <your build command>
See https://babeljs.io/docs/configuration#print-effective-configs for more info.
Though the "loose" option was set to "true" in your @babel/preset-env config, it will not be used for @babel/plugin-transform-private-methods since the "loose" mode option was set to "false" for @babel/plugin-transform-private-property-in-object.
The "loose" option must be the same for @babel/plugin-transform-class-properties, @babel/plugin-transform-private-methods and @babel/plugin-transform-private-property-in-object (when they are enabled): you can silence this warning by explicitly adding
	["@babel/plugin-transform-private-methods", { "loose": false }]
to the "plugins" section of your Babel config.

If you already set the same 'loose' mode for these plugins in your config, it's possible that they are enabled multiple times with different options.
You can re-run Babel with the BABEL_SHOW_CONFIG_FOR environment variable to show the loaded configuration:
	npx cross-env BABEL_SHOW_CONFIG_FOR=/Users/Ajaya/Documents/TizenGitTVApp/node_modules/@mui/material/Card/index.js <your build command>
See https://babeljs.io/docs/configuration#print-effective-configs for more info.
Though the "loose" option was set to "true" in your @babel/preset-env config, it will not be used for @babel/plugin-transform-private-property-in-object since the "loose" mode option was set to "false" for @babel/plugin-transform-class-properties.
The "loose" option must be the same for @babel/plugin-transform-class-properties, @babel/plugin-transform-private-methods and @babel/plugin-transform-private-property-in-object (when they are enabled): you can silence this warning by explicitly adding
	["@babel/plugin-transform-private-property-in-object", { "loose": false }]
to the "plugins" section of your Babel config.

If you already set the same 'loose' mode for these plugins in your config, it's possible that they are enabled multiple times with different options.
You can re-run Babel with the BABEL_SHOW_CONFIG_FOR environment variable to show the loaded configuration:
	npx cross-env BABEL_SHOW_CONFIG_FOR=/Users/Ajaya/Documents/TizenGitTVApp/node_modules/@mui/material/FilledInput/filledInputClasses.js <your build command>
See https://babeljs.io/docs/configuration#print-effective-configs for more info.
Though the "loose" option was set to "true" in your @babel/preset-env config, it will not be used for @babel/plugin-transform-private-methods since the "loose" mode option was set to "false" for @babel/plugin-transform-private-property-in-object.
The "loose" option must be the same for @babel/plugin-transform-class-properties, @babel/plugin-transform-private-methods and @babel/plugin-transform-private-property-in-object (when they are enabled): you can silence this warning by explicitly adding
	["@babel/plugin-transform-private-methods", { "loose": false }]
to the "plugins" section of your Babel config.

If you already set the same 'loose' mode for these plugins in your config, it's possible that they are enabled multiple times with different options.
You can re-run Babel with the BABEL_SHOW_CONFIG_FOR environment variable to show the loaded configuration:
	npx cross-env BABEL_SHOW_CONFIG_FOR=/Users/Ajaya/Documents/TizenGitTVApp/node_modules/@mui/material/FilledInput/filledInputClasses.js <your build command>
See https://babeljs.io/docs/configuration#print-effective-configs for more info.
Though the "loose" option was set to "true" in your @babel/preset-env config, it will not be used for @babel/plugin-transform-private-property-in-object since the "loose" mode option was set to "false" for @babel/plugin-transform-class-properties.
The "loose" option must be the same for @babel/plugin-transform-class-properties, @babel/plugin-transform-private-methods and @babel/plugin-transform-private-property-in-object (when they are enabled): you can silence this warning by explicitly adding
	["@babel/plugin-transform-private-property-in-object", { "loose": false }]
to the "plugins" section of your Babel config.

If you already set the same 'loose' mode for these plugins in your config, it's possible that they are enabled multiple times with different options.
You can re-run Babel with the BABEL_SHOW_CONFIG_FOR environment variable to show the loaded configuration:
	npx cross-env BABEL_SHOW_CONFIG_FOR=/Users/Ajaya/Documents/TizenGitTVApp/node_modules/@mui/material/ButtonGroup/index.js <your build command>
See https://babeljs.io/docs/configuration#print-effective-configs for more info.
Though the "loose" option was set to "true" in your @babel/preset-env config, it will not be used for @babel/plugin-transform-private-methods since the "loose" mode option was set to "false" for @babel/plugin-transform-private-property-in-object.
The "loose" option must be the same for @babel/plugin-transform-class-properties, @babel/plugin-transform-private-methods and @babel/plugin-transform-private-property-in-object (when they are enabled): you can silence this warning by explicitly adding
	["@babel/plugin-transform-private-methods", { "loose": false }]
to the "plugins" section of your Babel config.

If you already set the same 'loose' mode for these plugins in your config, it's possible that they are enabled multiple times with different options.
You can re-run Babel with the BABEL_SHOW_CONFIG_FOR environment variable to show the loaded configuration:
	npx cross-env BABEL_SHOW_CONFIG_FOR=/Users/Ajaya/Documents/TizenGitTVApp/node_modules/@mui/material/ButtonGroup/index.js <your build command>
See https://babeljs.io/docs/configuration#print-effective-configs for more info.
Though the "loose" option was set to "true" in your @babel/preset-env config, it will not be used for @babel/plugin-transform-private-property-in-object since the "loose" mode option was set to "false" for @babel/plugin-transform-class-properties.
The "loose" option must be the same for @babel/plugin-transform-class-properties, @babel/plugin-transform-private-methods and @babel/plugin-transform-private-property-in-object (when they are enabled): you can silence this warning by explicitly adding
	["@babel/plugin-transform-private-property-in-object", { "loose": false }]
to the "plugins" section of your Babel config.

If you already set the same 'loose' mode for these plugins in your config, it's possible that they are enabled multiple times with different options.
You can re-run Babel with the BABEL_SHOW_CONFIG_FOR environment variable to show the loaded configuration:
	npx cross-env BABEL_SHOW_CONFIG_FOR=/Users/Ajaya/Documents/TizenGitTVApp/node_modules/@mui/material/Breadcrumbs/index.js <your build command>
See https://babeljs.io/docs/configuration#print-effective-configs for more info.
Though the "loose" option was set to "true" in your @babel/preset-env config, it will not be used for @babel/plugin-transform-private-methods since the "loose" mode option was set to "false" for @babel/plugin-transform-private-property-in-object.
The "loose" option must be the same for @babel/plugin-transform-class-properties, @babel/plugin-transform-private-methods and @babel/plugin-transform-private-property-in-object (when they are enabled): you can silence this warning by explicitly adding
	["@babel/plugin-transform-private-methods", { "loose": false }]
to the "plugins" section of your Babel config.

If you already set the same 'loose' mode for these plugins in your config, it's possible that they are enabled multiple times with different options.
You can re-run Babel with the BABEL_SHOW_CONFIG_FOR environment variable to show the loaded configuration:
	npx cross-env BABEL_SHOW_CONFIG_FOR=/Users/Ajaya/Documents/TizenGitTVApp/node_modules/@mui/material/Breadcrumbs/index.js <your build command>
See https://babeljs.io/docs/configuration#print-effective-configs for more info.
Though the "loose" option was set to "true" in your @babel/preset-env config, it will not be used for @babel/plugin-transform-private-property-in-object since the "loose" mode option was set to "false" for @babel/plugin-transform-class-properties.
The "loose" option must be the same for @babel/plugin-transform-class-properties, @babel/plugin-transform-private-methods and @babel/plugin-transform-private-property-in-object (when they are enabled): you can silence this warning by explicitly adding
	["@babel/plugin-transform-private-property-in-object", { "loose": false }]
to the "plugins" section of your Babel config.

If you already set the same 'loose' mode for these plugins in your config, it's possible that they are enabled multiple times with different options.
You can re-run Babel with the BABEL_SHOW_CONFIG_FOR environment variable to show the loaded configuration:
	npx cross-env BABEL_SHOW_CONFIG_FOR=/Users/Ajaya/Documents/TizenGitTVApp/node_modules/@mui/material/Button/index.js <your build command>
See https://babeljs.io/docs/configuration#print-effective-configs for more info.
Though the "loose" option was set to "true" in your @babel/preset-env config, it will not be used for @babel/plugin-transform-private-methods since the "loose" mode option was set to "false" for @babel/plugin-transform-private-property-in-object.
The "loose" option must be the same for @babel/plugin-transform-class-properties, @babel/plugin-transform-private-methods and @babel/plugin-transform-private-property-in-object (when they are enabled): you can silence this warning by explicitly adding
	["@babel/plugin-transform-private-methods", { "loose": false }]
to the "plugins" section of your Babel config.

If you already set the same 'loose' mode for these plugins in your config, it's possible that they are enabled multiple times with different options.
You can re-run Babel with the BABEL_SHOW_CONFIG_FOR environment variable to show the loaded configuration:
	npx cross-env BABEL_SHOW_CONFIG_FOR=/Users/Ajaya/Documents/TizenGitTVApp/node_modules/@mui/material/Button/index.js <your build command>
See https://babeljs.io/docs/configuration#print-effective-configs for more info.
Though the "loose" option was set to "true" in your @babel/preset-env config, it will not be used for @babel/plugin-transform-private-property-in-object since the "loose" mode option was set to "false" for @babel/plugin-transform-class-properties.
The "loose" option must be the same for @babel/plugin-transform-class-properties, @babel/plugin-transform-private-methods and @babel/plugin-transform-private-property-in-object (when they are enabled): you can silence this warning by explicitly adding
	["@babel/plugin-transform-private-property-in-object", { "loose": false }]
to the "plugins" section of your Babel config.

If you already set the same 'loose' mode for these plugins in your config, it's possible that they are enabled multiple times with different options.
You can re-run Babel with the BABEL_SHOW_CONFIG_FOR environment variable to show the loaded configuration:
	npx cross-env BABEL_SHOW_CONFIG_FOR=/Users/Ajaya/Documents/TizenGitTVApp/node_modules/@mui/material/Box/index.js <your build command>
See https://babeljs.io/docs/configuration#print-effective-configs for more info.
Though the "loose" option was set to "true" in your @babel/preset-env config, it will not be used for @babel/plugin-transform-private-methods since the "loose" mode option was set to "false" for @babel/plugin-transform-private-property-in-object.
The "loose" option must be the same for @babel/plugin-transform-class-properties, @babel/plugin-transform-private-methods and @babel/plugin-transform-private-property-in-object (when they are enabled): you can silence this warning by explicitly adding
	["@babel/plugin-transform-private-methods", { "loose": false }]
to the "plugins" section of your Babel config.

If you already set the same 'loose' mode for these plugins in your config, it's possible that they are enabled multiple times with different options.
You can re-run Babel with the BABEL_SHOW_CONFIG_FOR environment variable to show the loaded configuration:
	npx cross-env BABEL_SHOW_CONFIG_FOR=/Users/Ajaya/Documents/TizenGitTVApp/node_modules/@mui/material/Box/index.js <your build command>
See https://babeljs.io/docs/configuration#print-effective-configs for more info.
Though the "loose" option was set to "true" in your @babel/preset-env config, it will not be used for @babel/plugin-transform-private-property-in-object since the "loose" mode option was set to "false" for @babel/plugin-transform-class-properties.
The "loose" option must be the same for @babel/plugin-transform-class-properties, @babel/plugin-transform-private-methods and @babel/plugin-transform-private-property-in-object (when they are enabled): you can silence this warning by explicitly adding
	["@babel/plugin-transform-private-property-in-object", { "loose": false }]
to the "plugins" section of your Babel config.

If you already set the same 'loose' mode for these plugins in your config, it's possible that they are enabled multiple times with different options.
You can re-run Babel with the BABEL_SHOW_CONFIG_FOR environment variable to show the loaded configuration:
	npx cross-env BABEL_SHOW_CONFIG_FOR=/Users/Ajaya/Documents/TizenGitTVApp/node_modules/@mui/material/ListItemButton/listItemButtonClasses.js <your build command>
See https://babeljs.io/docs/configuration#print-effective-configs for more info.
Though the "loose" option was set to "true" in your @babel/preset-env config, it will not be used for @babel/plugin-transform-private-methods since the "loose" mode option was set to "false" for @babel/plugin-transform-private-property-in-object.
The "loose" option must be the same for @babel/plugin-transform-class-properties, @babel/plugin-transform-private-methods and @babel/plugin-transform-private-property-in-object (when they are enabled): you can silence this warning by explicitly adding
	["@babel/plugin-transform-private-methods", { "loose": false }]
to the "plugins" section of your Babel config.

If you already set the same 'loose' mode for these plugins in your config, it's possible that they are enabled multiple times with different options.
You can re-run Babel with the BABEL_SHOW_CONFIG_FOR environment variable to show the loaded configuration:
	npx cross-env BABEL_SHOW_CONFIG_FOR=/Users/Ajaya/Documents/TizenGitTVApp/node_modules/@mui/material/ListItemButton/listItemButtonClasses.js <your build command>
See https://babeljs.io/docs/configuration#print-effective-configs for more info.
Though the "loose" option was set to "true" in your @babel/preset-env config, it will not be used for @babel/plugin-transform-private-property-in-object since the "loose" mode option was set to "false" for @babel/plugin-transform-class-properties.
The "loose" option must be the same for @babel/plugin-transform-class-properties, @babel/plugin-transform-private-methods and @babel/plugin-transform-private-property-in-object (when they are enabled): you can silence this warning by explicitly adding
	["@babel/plugin-transform-private-property-in-object", { "loose": false }]
to the "plugins" section of your Babel config.

If you already set the same 'loose' mode for these plugins in your config, it's possible that they are enabled multiple times with different options.
You can re-run Babel with the BABEL_SHOW_CONFIG_FOR environment variable to show the loaded configuration:
	npx cross-env BABEL_SHOW_CONFIG_FOR=/Users/Ajaya/Documents/TizenGitTVApp/node_modules/@mui/material/ListItemAvatar/listItemAvatarClasses.js <your build command>
See https://babeljs.io/docs/configuration#print-effective-configs for more info.
Though the "loose" option was set to "true" in your @babel/preset-env config, it will not be used for @babel/plugin-transform-private-methods since the "loose" mode option was set to "false" for @babel/plugin-transform-private-property-in-object.
The "loose" option must be the same for @babel/plugin-transform-class-properties, @babel/plugin-transform-private-methods and @babel/plugin-transform-private-property-in-object (when they are enabled): you can silence this warning by explicitly adding
	["@babel/plugin-transform-private-methods", { "loose": false }]
to the "plugins" section of your Babel config.

If you already set the same 'loose' mode for these plugins in your config, it's possible that they are enabled multiple times with different options.
You can re-run Babel with the BABEL_SHOW_CONFIG_FOR environment variable to show the loaded configuration:
	npx cross-env BABEL_SHOW_CONFIG_FOR=/Users/Ajaya/Documents/TizenGitTVApp/node_modules/@mui/material/ListItemAvatar/listItemAvatarClasses.js <your build command>
See https://babeljs.io/docs/configuration#print-effective-configs for more info.
Though the "loose" option was set to "true" in your @babel/preset-env config, it will not be used for @babel/plugin-transform-private-property-in-object since the "loose" mode option was set to "false" for @babel/plugin-transform-class-properties.
The "loose" option must be the same for @babel/plugin-transform-class-properties, @babel/plugin-transform-private-methods and @babel/plugin-transform-private-property-in-object (when they are enabled): you can silence this warning by explicitly adding
	["@babel/plugin-transform-private-property-in-object", { "loose": false }]
to the "plugins" section of your Babel config.

If you already set the same 'loose' mode for these plugins in your config, it's possible that they are enabled multiple times with different options.
You can re-run Babel with the BABEL_SHOW_CONFIG_FOR environment variable to show the loaded configuration:
	npx cross-env BABEL_SHOW_CONFIG_FOR=/Users/Ajaya/Documents/TizenGitTVApp/node_modules/@mui/material/ListItemAvatar/ListItemAvatar.js <your build command>
See https://babeljs.io/docs/configuration#print-effective-configs for more info.
Though the "loose" option was set to "true" in your @babel/preset-env config, it will not be used for @babel/plugin-transform-private-methods since the "loose" mode option was set to "false" for @babel/plugin-transform-private-property-in-object.
The "loose" option must be the same for @babel/plugin-transform-class-properties, @babel/plugin-transform-private-methods and @babel/plugin-transform-private-property-in-object (when they are enabled): you can silence this warning by explicitly adding
	["@babel/plugin-transform-private-methods", { "loose": false }]
to the "plugins" section of your Babel config.

If you already set the same 'loose' mode for these plugins in your config, it's possible that they are enabled multiple times with different options.
You can re-run Babel with the BABEL_SHOW_CONFIG_FOR environment variable to show the loaded configuration:
	npx cross-env BABEL_SHOW_CONFIG_FOR=/Users/Ajaya/Documents/TizenGitTVApp/node_modules/@mui/material/ListItemAvatar/ListItemAvatar.js <your build command>
See https://babeljs.io/docs/configuration#print-effective-configs for more info.
Though the "loose" option was set to "true" in your @babel/preset-env config, it will not be used for @babel/plugin-transform-private-property-in-object since the "loose" mode option was set to "false" for @babel/plugin-transform-class-properties.
The "loose" option must be the same for @babel/plugin-transform-class-properties, @babel/plugin-transform-private-methods and @babel/plugin-transform-private-property-in-object (when they are enabled): you can silence this warning by explicitly adding
	["@babel/plugin-transform-private-property-in-object", { "loose": false }]
to the "plugins" section of your Babel config.

If you already set the same 'loose' mode for these plugins in your config, it's possible that they are enabled multiple times with different options.
You can re-run Babel with the BABEL_SHOW_CONFIG_FOR environment variable to show the loaded configuration:
	npx cross-env BABEL_SHOW_CONFIG_FOR=/Users/Ajaya/Documents/TizenGitTVApp/node_modules/@mui/material/ListItem/listItemClasses.js <your build command>
See https://babeljs.io/docs/configuration#print-effective-configs for more info.
Though the "loose" option was set to "true" in your @babel/preset-env config, it will not be used for @babel/plugin-transform-private-methods since the "loose" mode option was set to "false" for @babel/plugin-transform-private-property-in-object.
The "loose" option must be the same for @babel/plugin-transform-class-properties, @babel/plugin-transform-private-methods and @babel/plugin-transform-private-property-in-object (when they are enabled): you can silence this warning by explicitly adding
	["@babel/plugin-transform-private-methods", { "loose": false }]
to the "plugins" section of your Babel config.

If you already set the same 'loose' mode for these plugins in your config, it's possible that they are enabled multiple times with different options.
You can re-run Babel with the BABEL_SHOW_CONFIG_FOR environment variable to show the loaded configuration:
	npx cross-env BABEL_SHOW_CONFIG_FOR=/Users/Ajaya/Documents/TizenGitTVApp/node_modules/@mui/material/ListItem/listItemClasses.js <your build command>
See https://babeljs.io/docs/configuration#print-effective-configs for more info.
Though the "loose" option was set to "true" in your @babel/preset-env config, it will not be used for @babel/plugin-transform-private-property-in-object since the "loose" mode option was set to "false" for @babel/plugin-transform-class-properties.
The "loose" option must be the same for @babel/plugin-transform-class-properties, @babel/plugin-transform-private-methods and @babel/plugin-transform-private-property-in-object (when they are enabled): you can silence this warning by explicitly adding
	["@babel/plugin-transform-private-property-in-object", { "loose": false }]
to the "plugins" section of your Babel config.

If you already set the same 'loose' mode for these plugins in your config, it's possible that they are enabled multiple times with different options.
You can re-run Babel with the BABEL_SHOW_CONFIG_FOR environment variable to show the loaded configuration:
	npx cross-env BABEL_SHOW_CONFIG_FOR=/Users/Ajaya/Documents/TizenGitTVApp/node_modules/@mui/private-theming/ThemeProvider/nested.js <your build command>
See https://babeljs.io/docs/configuration#print-effective-configs for more info.
Though the "loose" option was set to "true" in your @babel/preset-env config, it will not be used for @babel/plugin-transform-private-methods since the "loose" mode option was set to "false" for @babel/plugin-transform-private-property-in-object.
The "loose" option must be the same for @babel/plugin-transform-class-properties, @babel/plugin-transform-private-methods and @babel/plugin-transform-private-property-in-object (when they are enabled): you can silence this warning by explicitly adding
	["@babel/plugin-transform-private-methods", { "loose": false }]
to the "plugins" section of your Babel config.

If you already set the same 'loose' mode for these plugins in your config, it's possible that they are enabled multiple times with different options.
You can re-run Babel with the BABEL_SHOW_CONFIG_FOR environment variable to show the loaded configuration:
	npx cross-env BABEL_SHOW_CONFIG_FOR=/Users/Ajaya/Documents/TizenGitTVApp/node_modules/@mui/private-theming/ThemeProvider/nested.js <your build command>
See https://babeljs.io/docs/configuration#print-effective-configs for more info.
Though the "loose" option was set to "true" in your @babel/preset-env config, it will not be used for @babel/plugin-transform-private-property-in-object since the "loose" mode option was set to "false" for @babel/plugin-transform-class-properties.
The "loose" option must be the same for @babel/plugin-transform-class-properties, @babel/plugin-transform-private-methods and @babel/plugin-transform-private-property-in-object (when they are enabled): you can silence this warning by explicitly adding
	["@babel/plugin-transform-private-property-in-object", { "loose": false }]
to the "plugins" section of your Babel config.

If you already set the same 'loose' mode for these plugins in your config, it's possible that they are enabled multiple times with different options.
You can re-run Babel with the BABEL_SHOW_CONFIG_FOR environment variable to show the loaded configuration:
	npx cross-env BABEL_SHOW_CONFIG_FOR=/Users/Ajaya/Documents/TizenGitTVApp/node_modules/@mui/private-theming/useTheme/useTheme.js <your build command>
See https://babeljs.io/docs/configuration#print-effective-configs for more info.
Though the "loose" option was set to "true" in your @babel/preset-env config, it will not be used for @babel/plugin-transform-private-methods since the "loose" mode option was set to "false" for @babel/plugin-transform-private-property-in-object.
The "loose" option must be the same for @babel/plugin-transform-class-properties, @babel/plugin-transform-private-methods and @babel/plugin-transform-private-property-in-object (when they are enabled): you can silence this warning by explicitly adding
	["@babel/plugin-transform-private-methods", { "loose": false }]
to the "plugins" section of your Babel config.

If you already set the same 'loose' mode for these plugins in your config, it's possible that they are enabled multiple times with different options.
You can re-run Babel with the BABEL_SHOW_CONFIG_FOR environment variable to show the loaded configuration:
	npx cross-env BABEL_SHOW_CONFIG_FOR=/Users/Ajaya/Documents/TizenGitTVApp/node_modules/@mui/private-theming/useTheme/useTheme.js <your build command>
See https://babeljs.io/docs/configuration#print-effective-configs for more info.
Though the "loose" option was set to "true" in your @babel/preset-env config, it will not be used for @babel/plugin-transform-private-property-in-object since the "loose" mode option was set to "false" for @babel/plugin-transform-class-properties.
The "loose" option must be the same for @babel/plugin-transform-class-properties, @babel/plugin-transform-private-methods and @babel/plugin-transform-private-property-in-object (when they are enabled): you can silence this warning by explicitly adding
	["@babel/plugin-transform-private-property-in-object", { "loose": false }]
to the "plugins" section of your Babel config.

If you already set the same 'loose' mode for these plugins in your config, it's possible that they are enabled multiple times with different options.
You can re-run Babel with the BABEL_SHOW_CONFIG_FOR environment variable to show the loaded configuration:
	npx cross-env BABEL_SHOW_CONFIG_FOR=/Users/Ajaya/Documents/TizenGitTVApp/node_modules/@mui/private-theming/ThemeProvider/ThemeProvider.js <your build command>
See https://babeljs.io/docs/configuration#print-effective-configs for more info.
Though the "loose" option was set to "true" in your @babel/preset-env config, it will not be used for @babel/plugin-transform-private-methods since the "loose" mode option was set to "false" for @babel/plugin-transform-private-property-in-object.
The "loose" option must be the same for @babel/plugin-transform-class-properties, @babel/plugin-transform-private-methods and @babel/plugin-transform-private-property-in-object (when they are enabled): you can silence this warning by explicitly adding
	["@babel/plugin-transform-private-methods", { "loose": false }]
to the "plugins" section of your Babel config.

If you already set the same 'loose' mode for these plugins in your config, it's possible that they are enabled multiple times with different options.
You can re-run Babel with the BABEL_SHOW_CONFIG_FOR environment variable to show the loaded configuration:
	npx cross-env BABEL_SHOW_CONFIG_FOR=/Users/Ajaya/Documents/TizenGitTVApp/node_modules/@mui/private-theming/ThemeProvider/ThemeProvider.js <your build command>
See https://babeljs.io/docs/configuration#print-effective-configs for more info.
Though the "loose" option was set to "true" in your @babel/preset-env config, it will not be used for @babel/plugin-transform-private-property-in-object since the "loose" mode option was set to "false" for @babel/plugin-transform-class-properties.
The "loose" option must be the same for @babel/plugin-transform-class-properties, @babel/plugin-transform-private-methods and @babel/plugin-transform-private-property-in-object (when they are enabled): you can silence this warning by explicitly adding
	["@babel/plugin-transform-private-property-in-object", { "loose": false }]
to the "plugins" section of your Babel config.

If you already set the same 'loose' mode for these plugins in your config, it's possible that they are enabled multiple times with different options.
You can re-run Babel with the BABEL_SHOW_CONFIG_FOR environment variable to show the loaded configuration:
	npx cross-env BABEL_SHOW_CONFIG_FOR=/Users/Ajaya/Documents/TizenGitTVApp/node_modules/@mui/material/ListItem/ListItem.js <your build command>
See https://babeljs.io/docs/configuration#print-effective-configs for more info.
Though the "loose" option was set to "true" in your @babel/preset-env config, it will not be used for @babel/plugin-transform-private-methods since the "loose" mode option was set to "false" for @babel/plugin-transform-private-property-in-object.
The "loose" option must be the same for @babel/plugin-transform-class-properties, @babel/plugin-transform-private-methods and @babel/plugin-transform-private-property-in-object (when they are enabled): you can silence this warning by explicitly adding
	["@babel/plugin-transform-private-methods", { "loose": false }]
to the "plugins" section of your Babel config.

If you already set the same 'loose' mode for these plugins in your config, it's possible that they are enabled multiple times with different options.
You can re-run Babel with the BABEL_SHOW_CONFIG_FOR environment variable to show the loaded configuration:
	npx cross-env BABEL_SHOW_CONFIG_FOR=/Users/Ajaya/Documents/TizenGitTVApp/node_modules/@mui/material/ListItem/ListItem.js <your build command>
See https://babeljs.io/docs/configuration#print-effective-configs for more info.
Though the "loose" option was set to "true" in your @babel/preset-env config, it will not be used for @babel/plugin-transform-private-property-in-object since the "loose" mode option was set to "false" for @babel/plugin-transform-class-properties.
The "loose" option must be the same for @babel/plugin-transform-class-properties, @babel/plugin-transform-private-methods and @babel/plugin-transform-private-property-in-object (when they are enabled): you can silence this warning by explicitly adding
	["@babel/plugin-transform-private-property-in-object", { "loose": false }]
to the "plugins" section of your Babel config.

If you already set the same 'loose' mode for these plugins in your config, it's possible that they are enabled multiple times with different options.
You can re-run Babel with the BABEL_SHOW_CONFIG_FOR environment variable to show the loaded configuration:
	npx cross-env BABEL_SHOW_CONFIG_FOR=/Users/Ajaya/Documents/TizenGitTVApp/node_modules/@mui/material/ListItemButton/ListItemButton.js <your build command>
See https://babeljs.io/docs/configuration#print-effective-configs for more info.
Though the "loose" option was set to "true" in your @babel/preset-env config, it will not be used for @babel/plugin-transform-private-methods since the "loose" mode option was set to "false" for @babel/plugin-transform-private-property-in-object.
The "loose" option must be the same for @babel/plugin-transform-class-properties, @babel/plugin-transform-private-methods and @babel/plugin-transform-private-property-in-object (when they are enabled): you can silence this warning by explicitly adding
	["@babel/plugin-transform-private-methods", { "loose": false }]
to the "plugins" section of your Babel config.

If you already set the same 'loose' mode for these plugins in your config, it's possible that they are enabled multiple times with different options.
You can re-run Babel with the BABEL_SHOW_CONFIG_FOR environment variable to show the loaded configuration:
	npx cross-env BABEL_SHOW_CONFIG_FOR=/Users/Ajaya/Documents/TizenGitTVApp/node_modules/@mui/material/ListItemButton/ListItemButton.js <your build command>
See https://babeljs.io/docs/configuration#print-effective-configs for more info.
Though the "loose" option was set to "true" in your @babel/preset-env config, it will not be used for @babel/plugin-transform-private-property-in-object since the "loose" mode option was set to "false" for @babel/plugin-transform-class-properties.
The "loose" option must be the same for @babel/plugin-transform-class-properties, @babel/plugin-transform-private-methods and @babel/plugin-transform-private-property-in-object (when they are enabled): you can silence this warning by explicitly adding
	["@babel/plugin-transform-private-property-in-object", { "loose": false }]
to the "plugins" section of your Babel config.

If you already set the same 'loose' mode for these plugins in your config, it's possible that they are enabled multiple times with different options.
You can re-run Babel with the BABEL_SHOW_CONFIG_FOR environment variable to show the loaded configuration:
	npx cross-env BABEL_SHOW_CONFIG_FOR=/Users/Ajaya/Documents/TizenGitTVApp/node_modules/@mui/styled-engine/StyledEngineProvider/StyledEngineProvider.js <your build command>
See https://babeljs.io/docs/configuration#print-effective-configs for more info.
Though the "loose" option was set to "true" in your @babel/preset-env config, it will not be used for @babel/plugin-transform-private-methods since the "loose" mode option was set to "false" for @babel/plugin-transform-private-property-in-object.
The "loose" option must be the same for @babel/plugin-transform-class-properties, @babel/plugin-transform-private-methods and @babel/plugin-transform-private-property-in-object (when they are enabled): you can silence this warning by explicitly adding
	["@babel/plugin-transform-private-methods", { "loose": false }]
to the "plugins" section of your Babel config.

If you already set the same 'loose' mode for these plugins in your config, it's possible that they are enabled multiple times with different options.
You can re-run Babel with the BABEL_SHOW_CONFIG_FOR environment variable to show the loaded configuration:
	npx cross-env BABEL_SHOW_CONFIG_FOR=/Users/Ajaya/Documents/TizenGitTVApp/node_modules/@mui/styled-engine/StyledEngineProvider/StyledEngineProvider.js <your build command>
See https://babeljs.io/docs/configuration#print-effective-configs for more info.
Though the "loose" option was set to "true" in your @babel/preset-env config, it will not be used for @babel/plugin-transform-private-property-in-object since the "loose" mode option was set to "false" for @babel/plugin-transform-class-properties.
The "loose" option must be the same for @babel/plugin-transform-class-properties, @babel/plugin-transform-private-methods and @babel/plugin-transform-private-property-in-object (when they are enabled): you can silence this warning by explicitly adding
	["@babel/plugin-transform-private-property-in-object", { "loose": false }]
to the "plugins" section of your Babel config.

If you already set the same 'loose' mode for these plugins in your config, it's possible that they are enabled multiple times with different options.
You can re-run Babel with the BABEL_SHOW_CONFIG_FOR environment variable to show the loaded configuration:
	npx cross-env BABEL_SHOW_CONFIG_FOR=/Users/Ajaya/Documents/TizenGitTVApp/node_modules/@mui/material/Collapse/collapseClasses.js <your build command>
See https://babeljs.io/docs/configuration#print-effective-configs for more info.
Though the "loose" option was set to "true" in your @babel/preset-env config, it will not be used for @babel/plugin-transform-private-methods since the "loose" mode option was set to "false" for @babel/plugin-transform-private-property-in-object.
The "loose" option must be the same for @babel/plugin-transform-class-properties, @babel/plugin-transform-private-methods and @babel/plugin-transform-private-property-in-object (when they are enabled): you can silence this warning by explicitly adding
	["@babel/plugin-transform-private-methods", { "loose": false }]
to the "plugins" section of your Babel config.

If you already set the same 'loose' mode for these plugins in your config, it's possible that they are enabled multiple times with different options.
You can re-run Babel with the BABEL_SHOW_CONFIG_FOR environment variable to show the loaded configuration:
	npx cross-env BABEL_SHOW_CONFIG_FOR=/Users/Ajaya/Documents/TizenGitTVApp/node_modules/@mui/material/Collapse/collapseClasses.js <your build command>
See https://babeljs.io/docs/configuration#print-effective-configs for more info.
Though the "loose" option was set to "true" in your @babel/preset-env config, it will not be used for @babel/plugin-transform-private-property-in-object since the "loose" mode option was set to "false" for @babel/plugin-transform-class-properties.
The "loose" option must be the same for @babel/plugin-transform-class-properties, @babel/plugin-transform-private-methods and @babel/plugin-transform-private-property-in-object (when they are enabled): you can silence this warning by explicitly adding
	["@babel/plugin-transform-private-property-in-object", { "loose": false }]
to the "plugins" section of your Babel config.

If you already set the same 'loose' mode for these plugins in your config, it's possible that they are enabled multiple times with different options.
You can re-run Babel with the BABEL_SHOW_CONFIG_FOR environment variable to show the loaded configuration:
	npx cross-env BABEL_SHOW_CONFIG_FOR=/Users/Ajaya/Documents/TizenGitTVApp/node_modules/@mui/material/ImageList/imageListClasses.js <your build command>
See https://babeljs.io/docs/configuration#print-effective-configs for more info.
Though the "loose" option was set to "true" in your @babel/preset-env config, it will not be used for @babel/plugin-transform-private-methods since the "loose" mode option was set to "false" for @babel/plugin-transform-private-property-in-object.
The "loose" option must be the same for @babel/plugin-transform-class-properties, @babel/plugin-transform-private-methods and @babel/plugin-transform-private-property-in-object (when they are enabled): you can silence this warning by explicitly adding
	["@babel/plugin-transform-private-methods", { "loose": false }]
to the "plugins" section of your Babel config.

If you already set the same 'loose' mode for these plugins in your config, it's possible that they are enabled multiple times with different options.
You can re-run Babel with the BABEL_SHOW_CONFIG_FOR environment variable to show the loaded configuration:
	npx cross-env BABEL_SHOW_CONFIG_FOR=/Users/Ajaya/Documents/TizenGitTVApp/node_modules/@mui/material/ImageList/imageListClasses.js <your build command>
See https://babeljs.io/docs/configuration#print-effective-configs for more info.
Though the "loose" option was set to "true" in your @babel/preset-env config, it will not be used for @babel/plugin-transform-private-property-in-object since the "loose" mode option was set to "false" for @babel/plugin-transform-class-properties.
The "loose" option must be the same for @babel/plugin-transform-class-properties, @babel/plugin-transform-private-methods and @babel/plugin-transform-private-property-in-object (when they are enabled): you can silence this warning by explicitly adding
	["@babel/plugin-transform-private-property-in-object", { "loose": false }]
to the "plugins" section of your Babel config.

If you already set the same 'loose' mode for these plugins in your config, it's possible that they are enabled multiple times with different options.
You can re-run Babel with the BABEL_SHOW_CONFIG_FOR environment variable to show the loaded configuration:
	npx cross-env BABEL_SHOW_CONFIG_FOR=/Users/Ajaya/Documents/TizenGitTVApp/node_modules/@mui/material/ImageList/ImageList.js <your build command>
See https://babeljs.io/docs/configuration#print-effective-configs for more info.
Though the "loose" option was set to "true" in your @babel/preset-env config, it will not be used for @babel/plugin-transform-private-methods since the "loose" mode option was set to "false" for @babel/plugin-transform-private-property-in-object.
The "loose" option must be the same for @babel/plugin-transform-class-properties, @babel/plugin-transform-private-methods and @babel/plugin-transform-private-property-in-object (when they are enabled): you can silence this warning by explicitly adding
	["@babel/plugin-transform-private-methods", { "loose": false }]
to the "plugins" section of your Babel config.

If you already set the same 'loose' mode for these plugins in your config, it's possible that they are enabled multiple times with different options.
You can re-run Babel with the BABEL_SHOW_CONFIG_FOR environment variable to show the loaded configuration:
	npx cross-env BABEL_SHOW_CONFIG_FOR=/Users/Ajaya/Documents/TizenGitTVApp/node_modules/@mui/material/ImageList/ImageList.js <your build command>
See https://babeljs.io/docs/configuration#print-effective-configs for more info.
Though the "loose" option was set to "true" in your @babel/preset-env config, it will not be used for @babel/plugin-transform-private-property-in-object since the "loose" mode option was set to "false" for @babel/plugin-transform-class-properties.
The "loose" option must be the same for @babel/plugin-transform-class-properties, @babel/plugin-transform-private-methods and @babel/plugin-transform-private-property-in-object (when they are enabled): you can silence this warning by explicitly adding
	["@babel/plugin-transform-private-property-in-object", { "loose": false }]
to the "plugins" section of your Babel config.

If you already set the same 'loose' mode for these plugins in your config, it's possible that they are enabled multiple times with different options.
You can re-run Babel with the BABEL_SHOW_CONFIG_FOR environment variable to show the loaded configuration:
	npx cross-env BABEL_SHOW_CONFIG_FOR=/Users/Ajaya/Documents/TizenGitTVApp/node_modules/@mui/material/BottomNavigation/index.js <your build command>
See https://babeljs.io/docs/configuration#print-effective-configs for more info.
Though the "loose" option was set to "true" in your @babel/preset-env config, it will not be used for @babel/plugin-transform-private-methods since the "loose" mode option was set to "false" for @babel/plugin-transform-private-property-in-object.
The "loose" option must be the same for @babel/plugin-transform-class-properties, @babel/plugin-transform-private-methods and @babel/plugin-transform-private-property-in-object (when they are enabled): you can silence this warning by explicitly adding
	["@babel/plugin-transform-private-methods", { "loose": false }]
to the "plugins" section of your Babel config.

If you already set the same 'loose' mode for these plugins in your config, it's possible that they are enabled multiple times with different options.
You can re-run Babel with the BABEL_SHOW_CONFIG_FOR environment variable to show the loaded configuration:
	npx cross-env BABEL_SHOW_CONFIG_FOR=/Users/Ajaya/Documents/TizenGitTVApp/node_modules/@mui/material/BottomNavigation/index.js <your build command>
See https://babeljs.io/docs/configuration#print-effective-configs for more info.
Though the "loose" option was set to "true" in your @babel/preset-env config, it will not be used for @babel/plugin-transform-private-property-in-object since the "loose" mode option was set to "false" for @babel/plugin-transform-class-properties.
The "loose" option must be the same for @babel/plugin-transform-class-properties, @babel/plugin-transform-private-methods and @babel/plugin-transform-private-property-in-object (when they are enabled): you can silence this warning by explicitly adding
	["@babel/plugin-transform-private-property-in-object", { "loose": false }]
to the "plugins" section of your Babel config.

If you already set the same 'loose' mode for these plugins in your config, it's possible that they are enabled multiple times with different options.
You can re-run Babel with the BABEL_SHOW_CONFIG_FOR environment variable to show the loaded configuration:
	npx cross-env BABEL_SHOW_CONFIG_FOR=/Users/Ajaya/Documents/TizenGitTVApp/node_modules/@mui/material/BottomNavigationAction/index.js <your build command>
See https://babeljs.io/docs/configuration#print-effective-configs for more info.
Though the "loose" option was set to "true" in your @babel/preset-env config, it will not be used for @babel/plugin-transform-private-methods since the "loose" mode option was set to "false" for @babel/plugin-transform-private-property-in-object.
The "loose" option must be the same for @babel/plugin-transform-class-properties, @babel/plugin-transform-private-methods and @babel/plugin-transform-private-property-in-object (when they are enabled): you can silence this warning by explicitly adding
	["@babel/plugin-transform-private-methods", { "loose": false }]
to the "plugins" section of your Babel config.

If you already set the same 'loose' mode for these plugins in your config, it's possible that they are enabled multiple times with different options.
You can re-run Babel with the BABEL_SHOW_CONFIG_FOR environment variable to show the loaded configuration:
	npx cross-env BABEL_SHOW_CONFIG_FOR=/Users/Ajaya/Documents/TizenGitTVApp/node_modules/@mui/material/BottomNavigationAction/index.js <your build command>
See https://babeljs.io/docs/configuration#print-effective-configs for more info.
Though the "loose" option was set to "true" in your @babel/preset-env config, it will not be used for @babel/plugin-transform-private-property-in-object since the "loose" mode option was set to "false" for @babel/plugin-transform-class-properties.
The "loose" option must be the same for @babel/plugin-transform-class-properties, @babel/plugin-transform-private-methods and @babel/plugin-transform-private-property-in-object (when they are enabled): you can silence this warning by explicitly adding
	["@babel/plugin-transform-private-property-in-object", { "loose": false }]
to the "plugins" section of your Babel config.

If you already set the same 'loose' mode for these plugins in your config, it's possible that they are enabled multiple times with different options.
You can re-run Babel with the BABEL_SHOW_CONFIG_FOR environment variable to show the loaded configuration:
	npx cross-env BABEL_SHOW_CONFIG_FOR=/Users/Ajaya/Documents/TizenGitTVApp/node_modules/@mui/material/Collapse/Collapse.js <your build command>
See https://babeljs.io/docs/configuration#print-effective-configs for more info.
Though the "loose" option was set to "true" in your @babel/preset-env config, it will not be used for @babel/plugin-transform-private-methods since the "loose" mode option was set to "false" for @babel/plugin-transform-private-property-in-object.
The "loose" option must be the same for @babel/plugin-transform-class-properties, @babel/plugin-transform-private-methods and @babel/plugin-transform-private-property-in-object (when they are enabled): you can silence this warning by explicitly adding
	["@babel/plugin-transform-private-methods", { "loose": false }]
to the "plugins" section of your Babel config.

If you already set the same 'loose' mode for these plugins in your config, it's possible that they are enabled multiple times with different options.
You can re-run Babel with the BABEL_SHOW_CONFIG_FOR environment variable to show the loaded configuration:
	npx cross-env BABEL_SHOW_CONFIG_FOR=/Users/Ajaya/Documents/TizenGitTVApp/node_modules/@mui/material/Collapse/Collapse.js <your build command>
See https://babeljs.io/docs/configuration#print-effective-configs for more info.
Though the "loose" option was set to "true" in your @babel/preset-env config, it will not be used for @babel/plugin-transform-private-property-in-object since the "loose" mode option was set to "false" for @babel/plugin-transform-class-properties.
The "loose" option must be the same for @babel/plugin-transform-class-properties, @babel/plugin-transform-private-methods and @babel/plugin-transform-private-property-in-object (when they are enabled): you can silence this warning by explicitly adding
	["@babel/plugin-transform-private-property-in-object", { "loose": false }]
to the "plugins" section of your Babel config.

If you already set the same 'loose' mode for these plugins in your config, it's possible that they are enabled multiple times with different options.
You can re-run Babel with the BABEL_SHOW_CONFIG_FOR environment variable to show the loaded configuration:
	npx cross-env BABEL_SHOW_CONFIG_FOR=/Users/Ajaya/Documents/TizenGitTVApp/node_modules/@mui/material/IconButton/iconButtonClasses.js <your build command>
See https://babeljs.io/docs/configuration#print-effective-configs for more info.
Though the "loose" option was set to "true" in your @babel/preset-env config, it will not be used for @babel/plugin-transform-private-methods since the "loose" mode option was set to "false" for @babel/plugin-transform-private-property-in-object.
The "loose" option must be the same for @babel/plugin-transform-class-properties, @babel/plugin-transform-private-methods and @babel/plugin-transform-private-property-in-object (when they are enabled): you can silence this warning by explicitly adding
	["@babel/plugin-transform-private-methods", { "loose": false }]
to the "plugins" section of your Babel config.

If you already set the same 'loose' mode for these plugins in your config, it's possible that they are enabled multiple times with different options.
You can re-run Babel with the BABEL_SHOW_CONFIG_FOR environment variable to show the loaded configuration:
	npx cross-env BABEL_SHOW_CONFIG_FOR=/Users/Ajaya/Documents/TizenGitTVApp/node_modules/@mui/material/IconButton/iconButtonClasses.js <your build command>
See https://babeljs.io/docs/configuration#print-effective-configs for more info.
Though the "loose" option was set to "true" in your @babel/preset-env config, it will not be used for @babel/plugin-transform-private-property-in-object since the "loose" mode option was set to "false" for @babel/plugin-transform-class-properties.
The "loose" option must be the same for @babel/plugin-transform-class-properties, @babel/plugin-transform-private-methods and @babel/plugin-transform-private-property-in-object (when they are enabled): you can silence this warning by explicitly adding
	["@babel/plugin-transform-private-property-in-object", { "loose": false }]
to the "plugins" section of your Babel config.

If you already set the same 'loose' mode for these plugins in your config, it's possible that they are enabled multiple times with different options.
You can re-run Babel with the BABEL_SHOW_CONFIG_FOR environment variable to show the loaded configuration:
	npx cross-env BABEL_SHOW_CONFIG_FOR=/Users/Ajaya/Documents/TizenGitTVApp/node_modules/@mui/material/IconButton/IconButton.js <your build command>
See https://babeljs.io/docs/configuration#print-effective-configs for more info.
Though the "loose" option was set to "true" in your @babel/preset-env config, it will not be used for @babel/plugin-transform-private-methods since the "loose" mode option was set to "false" for @babel/plugin-transform-private-property-in-object.
The "loose" option must be the same for @babel/plugin-transform-class-properties, @babel/plugin-transform-private-methods and @babel/plugin-transform-private-property-in-object (when they are enabled): you can silence this warning by explicitly adding
	["@babel/plugin-transform-private-methods", { "loose": false }]
to the "plugins" section of your Babel config.

If you already set the same 'loose' mode for these plugins in your config, it's possible that they are enabled multiple times with different options.
You can re-run Babel with the BABEL_SHOW_CONFIG_FOR environment variable to show the loaded configuration:
	npx cross-env BABEL_SHOW_CONFIG_FOR=/Users/Ajaya/Documents/TizenGitTVApp/node_modules/@mui/material/IconButton/IconButton.js <your build command>
See https://babeljs.io/docs/configuration#print-effective-configs for more info.
Though the "loose" option was set to "true" in your @babel/preset-env config, it will not be used for @babel/plugin-transform-private-property-in-object since the "loose" mode option was set to "false" for @babel/plugin-transform-class-properties.
The "loose" option must be the same for @babel/plugin-transform-class-properties, @babel/plugin-transform-private-methods and @babel/plugin-transform-private-property-in-object (when they are enabled): you can silence this warning by explicitly adding
	["@babel/plugin-transform-private-property-in-object", { "loose": false }]
to the "plugins" section of your Babel config.

If you already set the same 'loose' mode for these plugins in your config, it's possible that they are enabled multiple times with different options.
You can re-run Babel with the BABEL_SHOW_CONFIG_FOR environment variable to show the loaded configuration:
	npx cross-env BABEL_SHOW_CONFIG_FOR=/Users/Ajaya/Documents/TizenGitTVApp/node_modules/@mui/material/Badge/index.js <your build command>
See https://babeljs.io/docs/configuration#print-effective-configs for more info.
Though the "loose" option was set to "true" in your @babel/preset-env config, it will not be used for @babel/plugin-transform-private-methods since the "loose" mode option was set to "false" for @babel/plugin-transform-private-property-in-object.
The "loose" option must be the same for @babel/plugin-transform-class-properties, @babel/plugin-transform-private-methods and @babel/plugin-transform-private-property-in-object (when they are enabled): you can silence this warning by explicitly adding
	["@babel/plugin-transform-private-methods", { "loose": false }]
to the "plugins" section of your Babel config.

If you already set the same 'loose' mode for these plugins in your config, it's possible that they are enabled multiple times with different options.
You can re-run Babel with the BABEL_SHOW_CONFIG_FOR environment variable to show the loaded configuration:
	npx cross-env BABEL_SHOW_CONFIG_FOR=/Users/Ajaya/Documents/TizenGitTVApp/node_modules/@mui/material/Badge/index.js <your build command>
See https://babeljs.io/docs/configuration#print-effective-configs for more info.
Though the "loose" option was set to "true" in your @babel/preset-env config, it will not be used for @babel/plugin-transform-private-property-in-object since the "loose" mode option was set to "false" for @babel/plugin-transform-class-properties.
The "loose" option must be the same for @babel/plugin-transform-class-properties, @babel/plugin-transform-private-methods and @babel/plugin-transform-private-property-in-object (when they are enabled): you can silence this warning by explicitly adding
	["@babel/plugin-transform-private-property-in-object", { "loose": false }]
to the "plugins" section of your Babel config.

If you already set the same 'loose' mode for these plugins in your config, it's possible that they are enabled multiple times with different options.
You can re-run Babel with the BABEL_SHOW_CONFIG_FOR environment variable to show the loaded configuration:
	npx cross-env BABEL_SHOW_CONFIG_FOR=/Users/Ajaya/Documents/TizenGitTVApp/node_modules/@mui/material/Avatar/index.js <your build command>
See https://babeljs.io/docs/configuration#print-effective-configs for more info.
Though the "loose" option was set to "true" in your @babel/preset-env config, it will not be used for @babel/plugin-transform-private-methods since the "loose" mode option was set to "false" for @babel/plugin-transform-private-property-in-object.
The "loose" option must be the same for @babel/plugin-transform-class-properties, @babel/plugin-transform-private-methods and @babel/plugin-transform-private-property-in-object (when they are enabled): you can silence this warning by explicitly adding
	["@babel/plugin-transform-private-methods", { "loose": false }]
to the "plugins" section of your Babel config.

If you already set the same 'loose' mode for these plugins in your config, it's possible that they are enabled multiple times with different options.
You can re-run Babel with the BABEL_SHOW_CONFIG_FOR environment variable to show the loaded configuration:
	npx cross-env BABEL_SHOW_CONFIG_FOR=/Users/Ajaya/Documents/TizenGitTVApp/node_modules/@mui/material/Avatar/index.js <your build command>
See https://babeljs.io/docs/configuration#print-effective-configs for more info.
Though the "loose" option was set to "true" in your @babel/preset-env config, it will not be used for @babel/plugin-transform-private-property-in-object since the "loose" mode option was set to "false" for @babel/plugin-transform-class-properties.
The "loose" option must be the same for @babel/plugin-transform-class-properties, @babel/plugin-transform-private-methods and @babel/plugin-transform-private-property-in-object (when they are enabled): you can silence this warning by explicitly adding
	["@babel/plugin-transform-private-property-in-object", { "loose": false }]
to the "plugins" section of your Babel config.

If you already set the same 'loose' mode for these plugins in your config, it's possible that they are enabled multiple times with different options.
You can re-run Babel with the BABEL_SHOW_CONFIG_FOR environment variable to show the loaded configuration:
	npx cross-env BABEL_SHOW_CONFIG_FOR=/Users/Ajaya/Documents/TizenGitTVApp/node_modules/@mui/material/AvatarGroup/index.js <your build command>
See https://babeljs.io/docs/configuration#print-effective-configs for more info.
Though the "loose" option was set to "true" in your @babel/preset-env config, it will not be used for @babel/plugin-transform-private-methods since the "loose" mode option was set to "false" for @babel/plugin-transform-private-property-in-object.
The "loose" option must be the same for @babel/plugin-transform-class-properties, @babel/plugin-transform-private-methods and @babel/plugin-transform-private-property-in-object (when they are enabled): you can silence this warning by explicitly adding
	["@babel/plugin-transform-private-methods", { "loose": false }]
to the "plugins" section of your Babel config.

If you already set the same 'loose' mode for these plugins in your config, it's possible that they are enabled multiple times with different options.
You can re-run Babel with the BABEL_SHOW_CONFIG_FOR environment variable to show the loaded configuration:
	npx cross-env BABEL_SHOW_CONFIG_FOR=/Users/Ajaya/Documents/TizenGitTVApp/node_modules/@mui/material/AvatarGroup/index.js <your build command>
See https://babeljs.io/docs/configuration#print-effective-configs for more info.
Though the "loose" option was set to "true" in your @babel/preset-env config, it will not be used for @babel/plugin-transform-private-property-in-object since the "loose" mode option was set to "false" for @babel/plugin-transform-class-properties.
The "loose" option must be the same for @babel/plugin-transform-class-properties, @babel/plugin-transform-private-methods and @babel/plugin-transform-private-property-in-object (when they are enabled): you can silence this warning by explicitly adding
	["@babel/plugin-transform-private-property-in-object", { "loose": false }]
to the "plugins" section of your Babel config.

If you already set the same 'loose' mode for these plugins in your config, it's possible that they are enabled multiple times with different options.
You can re-run Babel with the BABEL_SHOW_CONFIG_FOR environment variable to show the loaded configuration:
	npx cross-env BABEL_SHOW_CONFIG_FOR=/Users/Ajaya/Documents/TizenGitTVApp/node_modules/@mui/material/Grid/gridClasses.js <your build command>
See https://babeljs.io/docs/configuration#print-effective-configs for more info.
Though the "loose" option was set to "true" in your @babel/preset-env config, it will not be used for @babel/plugin-transform-private-methods since the "loose" mode option was set to "false" for @babel/plugin-transform-private-property-in-object.
The "loose" option must be the same for @babel/plugin-transform-class-properties, @babel/plugin-transform-private-methods and @babel/plugin-transform-private-property-in-object (when they are enabled): you can silence this warning by explicitly adding
	["@babel/plugin-transform-private-methods", { "loose": false }]
to the "plugins" section of your Babel config.

If you already set the same 'loose' mode for these plugins in your config, it's possible that they are enabled multiple times with different options.
You can re-run Babel with the BABEL_SHOW_CONFIG_FOR environment variable to show the loaded configuration:
	npx cross-env BABEL_SHOW_CONFIG_FOR=/Users/Ajaya/Documents/TizenGitTVApp/node_modules/@mui/material/Grid/gridClasses.js <your build command>
See https://babeljs.io/docs/configuration#print-effective-configs for more info.
Though the "loose" option was set to "true" in your @babel/preset-env config, it will not be used for @babel/plugin-transform-private-property-in-object since the "loose" mode option was set to "false" for @babel/plugin-transform-class-properties.
The "loose" option must be the same for @babel/plugin-transform-class-properties, @babel/plugin-transform-private-methods and @babel/plugin-transform-private-property-in-object (when they are enabled): you can silence this warning by explicitly adding
	["@babel/plugin-transform-private-property-in-object", { "loose": false }]
to the "plugins" section of your Babel config.

If you already set the same 'loose' mode for these plugins in your config, it's possible that they are enabled multiple times with different options.
You can re-run Babel with the BABEL_SHOW_CONFIG_FOR environment variable to show the loaded configuration:
	npx cross-env BABEL_SHOW_CONFIG_FOR=/Users/Ajaya/Documents/TizenGitTVApp/node_modules/@mui/material/GridLegacy/gridLegacyClasses.js <your build command>
See https://babeljs.io/docs/configuration#print-effective-configs for more info.
Though the "loose" option was set to "true" in your @babel/preset-env config, it will not be used for @babel/plugin-transform-private-methods since the "loose" mode option was set to "false" for @babel/plugin-transform-private-property-in-object.
The "loose" option must be the same for @babel/plugin-transform-class-properties, @babel/plugin-transform-private-methods and @babel/plugin-transform-private-property-in-object (when they are enabled): you can silence this warning by explicitly adding
	["@babel/plugin-transform-private-methods", { "loose": false }]
to the "plugins" section of your Babel config.

If you already set the same 'loose' mode for these plugins in your config, it's possible that they are enabled multiple times with different options.
You can re-run Babel with the BABEL_SHOW_CONFIG_FOR environment variable to show the loaded configuration:
	npx cross-env BABEL_SHOW_CONFIG_FOR=/Users/Ajaya/Documents/TizenGitTVApp/node_modules/@mui/material/GridLegacy/gridLegacyClasses.js <your build command>
See https://babeljs.io/docs/configuration#print-effective-configs for more info.
Though the "loose" option was set to "true" in your @babel/preset-env config, it will not be used for @babel/plugin-transform-private-property-in-object since the "loose" mode option was set to "false" for @babel/plugin-transform-class-properties.
The "loose" option must be the same for @babel/plugin-transform-class-properties, @babel/plugin-transform-private-methods and @babel/plugin-transform-private-property-in-object (when they are enabled): you can silence this warning by explicitly adding
	["@babel/plugin-transform-private-property-in-object", { "loose": false }]
to the "plugins" section of your Babel config.

If you already set the same 'loose' mode for these plugins in your config, it's possible that they are enabled multiple times with different options.
You can re-run Babel with the BABEL_SHOW_CONFIG_FOR environment variable to show the loaded configuration:
	npx cross-env BABEL_SHOW_CONFIG_FOR=/Users/Ajaya/Documents/TizenGitTVApp/node_modules/@mui/material/GridLegacy/GridLegacy.js <your build command>
See https://babeljs.io/docs/configuration#print-effective-configs for more info.
Though the "loose" option was set to "true" in your @babel/preset-env config, it will not be used for @babel/plugin-transform-private-methods since the "loose" mode option was set to "false" for @babel/plugin-transform-private-property-in-object.
The "loose" option must be the same for @babel/plugin-transform-class-properties, @babel/plugin-transform-private-methods and @babel/plugin-transform-private-property-in-object (when they are enabled): you can silence this warning by explicitly adding
	["@babel/plugin-transform-private-methods", { "loose": false }]
to the "plugins" section of your Babel config.

If you already set the same 'loose' mode for these plugins in your config, it's possible that they are enabled multiple times with different options.
You can re-run Babel with the BABEL_SHOW_CONFIG_FOR environment variable to show the loaded configuration:
	npx cross-env BABEL_SHOW_CONFIG_FOR=/Users/Ajaya/Documents/TizenGitTVApp/node_modules/@mui/material/GridLegacy/GridLegacy.js <your build command>
See https://babeljs.io/docs/configuration#print-effective-configs for more info.
Though the "loose" option was set to "true" in your @babel/preset-env config, it will not be used for @babel/plugin-transform-private-property-in-object since the "loose" mode option was set to "false" for @babel/plugin-transform-class-properties.
The "loose" option must be the same for @babel/plugin-transform-class-properties, @babel/plugin-transform-private-methods and @babel/plugin-transform-private-property-in-object (when they are enabled): you can silence this warning by explicitly adding
	["@babel/plugin-transform-private-property-in-object", { "loose": false }]
to the "plugins" section of your Babel config.

If you already set the same 'loose' mode for these plugins in your config, it's possible that they are enabled multiple times with different options.
You can re-run Babel with the BABEL_SHOW_CONFIG_FOR environment variable to show the loaded configuration:
	npx cross-env BABEL_SHOW_CONFIG_FOR=/Users/Ajaya/Documents/TizenGitTVApp/node_modules/@mui/material/Grid/Grid.js <your build command>
See https://babeljs.io/docs/configuration#print-effective-configs for more info.
Though the "loose" option was set to "true" in your @babel/preset-env config, it will not be used for @babel/plugin-transform-private-methods since the "loose" mode option was set to "false" for @babel/plugin-transform-private-property-in-object.
The "loose" option must be the same for @babel/plugin-transform-class-properties, @babel/plugin-transform-private-methods and @babel/plugin-transform-private-property-in-object (when they are enabled): you can silence this warning by explicitly adding
	["@babel/plugin-transform-private-methods", { "loose": false }]
to the "plugins" section of your Babel config.

If you already set the same 'loose' mode for these plugins in your config, it's possible that they are enabled multiple times with different options.
You can re-run Babel with the BABEL_SHOW_CONFIG_FOR environment variable to show the loaded configuration:
	npx cross-env BABEL_SHOW_CONFIG_FOR=/Users/Ajaya/Documents/TizenGitTVApp/node_modules/@mui/material/Grid/Grid.js <your build command>
See https://babeljs.io/docs/configuration#print-effective-configs for more info.
Though the "loose" option was set to "true" in your @babel/preset-env config, it will not be used for @babel/plugin-transform-private-property-in-object since the "loose" mode option was set to "false" for @babel/plugin-transform-class-properties.
The "loose" option must be the same for @babel/plugin-transform-class-properties, @babel/plugin-transform-private-methods and @babel/plugin-transform-private-property-in-object (when they are enabled): you can silence this warning by explicitly adding
	["@babel/plugin-transform-private-property-in-object", { "loose": false }]
to the "plugins" section of your Babel config.

If you already set the same 'loose' mode for these plugins in your config, it's possible that they are enabled multiple times with different options.
You can re-run Babel with the BABEL_SHOW_CONFIG_FOR environment variable to show the loaded configuration:
	npx cross-env BABEL_SHOW_CONFIG_FOR=/Users/Ajaya/Documents/TizenGitTVApp/node_modules/@mui/material/FormControl/formControlClasses.js <your build command>
See https://babeljs.io/docs/configuration#print-effective-configs for more info.
Though the "loose" option was set to "true" in your @babel/preset-env config, it will not be used for @babel/plugin-transform-private-methods since the "loose" mode option was set to "false" for @babel/plugin-transform-private-property-in-object.
The "loose" option must be the same for @babel/plugin-transform-class-properties, @babel/plugin-transform-private-methods and @babel/plugin-transform-private-property-in-object (when they are enabled): you can silence this warning by explicitly adding
	["@babel/plugin-transform-private-methods", { "loose": false }]
to the "plugins" section of your Babel config.

If you already set the same 'loose' mode for these plugins in your config, it's possible that they are enabled multiple times with different options.
You can re-run Babel with the BABEL_SHOW_CONFIG_FOR environment variable to show the loaded configuration:
	npx cross-env BABEL_SHOW_CONFIG_FOR=/Users/Ajaya/Documents/TizenGitTVApp/node_modules/@mui/material/FormControl/formControlClasses.js <your build command>
See https://babeljs.io/docs/configuration#print-effective-configs for more info.
Though the "loose" option was set to "true" in your @babel/preset-env config, it will not be used for @babel/plugin-transform-private-property-in-object since the "loose" mode option was set to "false" for @babel/plugin-transform-class-properties.
The "loose" option must be the same for @babel/plugin-transform-class-properties, @babel/plugin-transform-private-methods and @babel/plugin-transform-private-property-in-object (when they are enabled): you can silence this warning by explicitly adding
	["@babel/plugin-transform-private-property-in-object", { "loose": false }]
to the "plugins" section of your Babel config.

If you already set the same 'loose' mode for these plugins in your config, it's possible that they are enabled multiple times with different options.
You can re-run Babel with the BABEL_SHOW_CONFIG_FOR environment variable to show the loaded configuration:
	npx cross-env BABEL_SHOW_CONFIG_FOR=/Users/Ajaya/Documents/TizenGitTVApp/node_modules/@mui/material/FormControl/FormControl.js <your build command>
See https://babeljs.io/docs/configuration#print-effective-configs for more info.
Though the "loose" option was set to "true" in your @babel/preset-env config, it will not be used for @babel/plugin-transform-private-methods since the "loose" mode option was set to "false" for @babel/plugin-transform-private-property-in-object.
The "loose" option must be the same for @babel/plugin-transform-class-properties, @babel/plugin-transform-private-methods and @babel/plugin-transform-private-property-in-object (when they are enabled): you can silence this warning by explicitly adding
	["@babel/plugin-transform-private-methods", { "loose": false }]
to the "plugins" section of your Babel config.

If you already set the same 'loose' mode for these plugins in your config, it's possible that they are enabled multiple times with different options.
You can re-run Babel with the BABEL_SHOW_CONFIG_FOR environment variable to show the loaded configuration:
	npx cross-env BABEL_SHOW_CONFIG_FOR=/Users/Ajaya/Documents/TizenGitTVApp/node_modules/@mui/material/FormControl/FormControl.js <your build command>
See https://babeljs.io/docs/configuration#print-effective-configs for more info.
Though the "loose" option was set to "true" in your @babel/preset-env config, it will not be used for @babel/plugin-transform-private-property-in-object since the "loose" mode option was set to "false" for @babel/plugin-transform-class-properties.
The "loose" option must be the same for @babel/plugin-transform-class-properties, @babel/plugin-transform-private-methods and @babel/plugin-transform-private-property-in-object (when they are enabled): you can silence this warning by explicitly adding
	["@babel/plugin-transform-private-property-in-object", { "loose": false }]
to the "plugins" section of your Babel config.

If you already set the same 'loose' mode for these plugins in your config, it's possible that they are enabled multiple times with different options.
You can re-run Babel with the BABEL_SHOW_CONFIG_FOR environment variable to show the loaded configuration:
	npx cross-env BABEL_SHOW_CONFIG_FOR=/Users/Ajaya/Documents/TizenGitTVApp/node_modules/@mui/material/FormControlLabel/formControlLabelClasses.js <your build command>
See https://babeljs.io/docs/configuration#print-effective-configs for more info.
Though the "loose" option was set to "true" in your @babel/preset-env config, it will not be used for @babel/plugin-transform-private-methods since the "loose" mode option was set to "false" for @babel/plugin-transform-private-property-in-object.
The "loose" option must be the same for @babel/plugin-transform-class-properties, @babel/plugin-transform-private-methods and @babel/plugin-transform-private-property-in-object (when they are enabled): you can silence this warning by explicitly adding
	["@babel/plugin-transform-private-methods", { "loose": false }]
to the "plugins" section of your Babel config.

If you already set the same 'loose' mode for these plugins in your config, it's possible that they are enabled multiple times with different options.
You can re-run Babel with the BABEL_SHOW_CONFIG_FOR environment variable to show the loaded configuration:
	npx cross-env BABEL_SHOW_CONFIG_FOR=/Users/Ajaya/Documents/TizenGitTVApp/node_modules/@mui/material/FormControlLabel/formControlLabelClasses.js <your build command>
See https://babeljs.io/docs/configuration#print-effective-configs for more info.
Though the "loose" option was set to "true" in your @babel/preset-env config, it will not be used for @babel/plugin-transform-private-property-in-object since the "loose" mode option was set to "false" for @babel/plugin-transform-class-properties.
The "loose" option must be the same for @babel/plugin-transform-class-properties, @babel/plugin-transform-private-methods and @babel/plugin-transform-private-property-in-object (when they are enabled): you can silence this warning by explicitly adding
	["@babel/plugin-transform-private-property-in-object", { "loose": false }]
to the "plugins" section of your Babel config.

If you already set the same 'loose' mode for these plugins in your config, it's possible that they are enabled multiple times with different options.
You can re-run Babel with the BABEL_SHOW_CONFIG_FOR environment variable to show the loaded configuration:
	npx cross-env BABEL_SHOW_CONFIG_FOR=/Users/Ajaya/Documents/TizenGitTVApp/node_modules/@mui/material/colors/index.js <your build command>
See https://babeljs.io/docs/configuration#print-effective-configs for more info.
Though the "loose" option was set to "true" in your @babel/preset-env config, it will not be used for @babel/plugin-transform-private-methods since the "loose" mode option was set to "false" for @babel/plugin-transform-private-property-in-object.
The "loose" option must be the same for @babel/plugin-transform-class-properties, @babel/plugin-transform-private-methods and @babel/plugin-transform-private-property-in-object (when they are enabled): you can silence this warning by explicitly adding
	["@babel/plugin-transform-private-methods", { "loose": false }]
to the "plugins" section of your Babel config.

If you already set the same 'loose' mode for these plugins in your config, it's possible that they are enabled multiple times with different options.
You can re-run Babel with the BABEL_SHOW_CONFIG_FOR environment variable to show the loaded configuration:
	npx cross-env BABEL_SHOW_CONFIG_FOR=/Users/Ajaya/Documents/TizenGitTVApp/node_modules/@mui/material/colors/index.js <your build command>
See https://babeljs.io/docs/configuration#print-effective-configs for more info.
Though the "loose" option was set to "true" in your @babel/preset-env config, it will not be used for @babel/plugin-transform-private-property-in-object since the "loose" mode option was set to "false" for @babel/plugin-transform-class-properties.
The "loose" option must be the same for @babel/plugin-transform-class-properties, @babel/plugin-transform-private-methods and @babel/plugin-transform-private-property-in-object (when they are enabled): you can silence this warning by explicitly adding
	["@babel/plugin-transform-private-property-in-object", { "loose": false }]
to the "plugins" section of your Babel config.

If you already set the same 'loose' mode for these plugins in your config, it's possible that they are enabled multiple times with different options.
You can re-run Babel with the BABEL_SHOW_CONFIG_FOR environment variable to show the loaded configuration:
	npx cross-env BABEL_SHOW_CONFIG_FOR=/Users/Ajaya/Documents/TizenGitTVApp/node_modules/@mui/material/FormControlLabel/FormControlLabel.js <your build command>
See https://babeljs.io/docs/configuration#print-effective-configs for more info.
Though the "loose" option was set to "true" in your @babel/preset-env config, it will not be used for @babel/plugin-transform-private-methods since the "loose" mode option was set to "false" for @babel/plugin-transform-private-property-in-object.
The "loose" option must be the same for @babel/plugin-transform-class-properties, @babel/plugin-transform-private-methods and @babel/plugin-transform-private-property-in-object (when they are enabled): you can silence this warning by explicitly adding
	["@babel/plugin-transform-private-methods", { "loose": false }]
to the "plugins" section of your Babel config.

If you already set the same 'loose' mode for these plugins in your config, it's possible that they are enabled multiple times with different options.
You can re-run Babel with the BABEL_SHOW_CONFIG_FOR environment variable to show the loaded configuration:
	npx cross-env BABEL_SHOW_CONFIG_FOR=/Users/Ajaya/Documents/TizenGitTVApp/node_modules/@mui/material/FormControlLabel/FormControlLabel.js <your build command>
See https://babeljs.io/docs/configuration#print-effective-configs for more info.
Though the "loose" option was set to "true" in your @babel/preset-env config, it will not be used for @babel/plugin-transform-private-property-in-object since the "loose" mode option was set to "false" for @babel/plugin-transform-class-properties.
The "loose" option must be the same for @babel/plugin-transform-class-properties, @babel/plugin-transform-private-methods and @babel/plugin-transform-private-property-in-object (when they are enabled): you can silence this warning by explicitly adding
	["@babel/plugin-transform-private-property-in-object", { "loose": false }]
to the "plugins" section of your Babel config.

If you already set the same 'loose' mode for these plugins in your config, it's possible that they are enabled multiple times with different options.
You can re-run Babel with the BABEL_SHOW_CONFIG_FOR environment variable to show the loaded configuration:
	npx cross-env BABEL_SHOW_CONFIG_FOR=/Users/Ajaya/Documents/TizenGitTVApp/node_modules/@mui/material/Icon/iconClasses.js <your build command>
See https://babeljs.io/docs/configuration#print-effective-configs for more info.
Though the "loose" option was set to "true" in your @babel/preset-env config, it will not be used for @babel/plugin-transform-private-methods since the "loose" mode option was set to "false" for @babel/plugin-transform-private-property-in-object.
The "loose" option must be the same for @babel/plugin-transform-class-properties, @babel/plugin-transform-private-methods and @babel/plugin-transform-private-property-in-object (when they are enabled): you can silence this warning by explicitly adding
	["@babel/plugin-transform-private-methods", { "loose": false }]
to the "plugins" section of your Babel config.

If you already set the same 'loose' mode for these plugins in your config, it's possible that they are enabled multiple times with different options.
You can re-run Babel with the BABEL_SHOW_CONFIG_FOR environment variable to show the loaded configuration:
	npx cross-env BABEL_SHOW_CONFIG_FOR=/Users/Ajaya/Documents/TizenGitTVApp/node_modules/@mui/material/Icon/iconClasses.js <your build command>
See https://babeljs.io/docs/configuration#print-effective-configs for more info.
Though the "loose" option was set to "true" in your @babel/preset-env config, it will not be used for @babel/plugin-transform-private-property-in-object since the "loose" mode option was set to "false" for @babel/plugin-transform-class-properties.
The "loose" option must be the same for @babel/plugin-transform-class-properties, @babel/plugin-transform-private-methods and @babel/plugin-transform-private-property-in-object (when they are enabled): you can silence this warning by explicitly adding
	["@babel/plugin-transform-private-property-in-object", { "loose": false }]
to the "plugins" section of your Babel config.

If you already set the same 'loose' mode for these plugins in your config, it's possible that they are enabled multiple times with different options.
You can re-run Babel with the BABEL_SHOW_CONFIG_FOR environment variable to show the loaded configuration:
	npx cross-env BABEL_SHOW_CONFIG_FOR=/Users/Ajaya/Documents/TizenGitTVApp/node_modules/@mui/material/FormLabel/FormLabel.js <your build command>
See https://babeljs.io/docs/configuration#print-effective-configs for more info.
Though the "loose" option was set to "true" in your @babel/preset-env config, it will not be used for @babel/plugin-transform-private-methods since the "loose" mode option was set to "false" for @babel/plugin-transform-private-property-in-object.
The "loose" option must be the same for @babel/plugin-transform-class-properties, @babel/plugin-transform-private-methods and @babel/plugin-transform-private-property-in-object (when they are enabled): you can silence this warning by explicitly adding
	["@babel/plugin-transform-private-methods", { "loose": false }]
to the "plugins" section of your Babel config.

If you already set the same 'loose' mode for these plugins in your config, it's possible that they are enabled multiple times with different options.
You can re-run Babel with the BABEL_SHOW_CONFIG_FOR environment variable to show the loaded configuration:
	npx cross-env BABEL_SHOW_CONFIG_FOR=/Users/Ajaya/Documents/TizenGitTVApp/node_modules/@mui/material/FormLabel/FormLabel.js <your build command>
See https://babeljs.io/docs/configuration#print-effective-configs for more info.
Though the "loose" option was set to "true" in your @babel/preset-env config, it will not be used for @babel/plugin-transform-private-property-in-object since the "loose" mode option was set to "false" for @babel/plugin-transform-class-properties.
The "loose" option must be the same for @babel/plugin-transform-class-properties, @babel/plugin-transform-private-methods and @babel/plugin-transform-private-property-in-object (when they are enabled): you can silence this warning by explicitly adding
	["@babel/plugin-transform-private-property-in-object", { "loose": false }]
to the "plugins" section of your Babel config.

If you already set the same 'loose' mode for these plugins in your config, it's possible that they are enabled multiple times with different options.
You can re-run Babel with the BABEL_SHOW_CONFIG_FOR environment variable to show the loaded configuration:
	npx cross-env BABEL_SHOW_CONFIG_FOR=/Users/Ajaya/Documents/TizenGitTVApp/node_modules/@mui/material/FormLabel/formLabelClasses.js <your build command>
See https://babeljs.io/docs/configuration#print-effective-configs for more info.
Though the "loose" option was set to "true" in your @babel/preset-env config, it will not be used for @babel/plugin-transform-private-methods since the "loose" mode option was set to "false" for @babel/plugin-transform-private-property-in-object.
The "loose" option must be the same for @babel/plugin-transform-class-properties, @babel/plugin-transform-private-methods and @babel/plugin-transform-private-property-in-object (when they are enabled): you can silence this warning by explicitly adding
	["@babel/plugin-transform-private-methods", { "loose": false }]
to the "plugins" section of your Babel config.

If you already set the same 'loose' mode for these plugins in your config, it's possible that they are enabled multiple times with different options.
You can re-run Babel with the BABEL_SHOW_CONFIG_FOR environment variable to show the loaded configuration:
	npx cross-env BABEL_SHOW_CONFIG_FOR=/Users/Ajaya/Documents/TizenGitTVApp/node_modules/@mui/material/FormLabel/formLabelClasses.js <your build command>
See https://babeljs.io/docs/configuration#print-effective-configs for more info.
Though the "loose" option was set to "true" in your @babel/preset-env config, it will not be used for @babel/plugin-transform-private-property-in-object since the "loose" mode option was set to "false" for @babel/plugin-transform-class-properties.
The "loose" option must be the same for @babel/plugin-transform-class-properties, @babel/plugin-transform-private-methods and @babel/plugin-transform-private-property-in-object (when they are enabled): you can silence this warning by explicitly adding
	["@babel/plugin-transform-private-property-in-object", { "loose": false }]
to the "plugins" section of your Babel config.

If you already set the same 'loose' mode for these plugins in your config, it's possible that they are enabled multiple times with different options.
You can re-run Babel with the BABEL_SHOW_CONFIG_FOR environment variable to show the loaded configuration:
	npx cross-env BABEL_SHOW_CONFIG_FOR=/Users/Ajaya/Documents/TizenGitTVApp/node_modules/@mui/material/Icon/Icon.js <your build command>
See https://babeljs.io/docs/configuration#print-effective-configs for more info.
Though the "loose" option was set to "true" in your @babel/preset-env config, it will not be used for @babel/plugin-transform-private-methods since the "loose" mode option was set to "false" for @babel/plugin-transform-private-property-in-object.
The "loose" option must be the same for @babel/plugin-transform-class-properties, @babel/plugin-transform-private-methods and @babel/plugin-transform-private-property-in-object (when they are enabled): you can silence this warning by explicitly adding
	["@babel/plugin-transform-private-methods", { "loose": false }]
to the "plugins" section of your Babel config.

If you already set the same 'loose' mode for these plugins in your config, it's possible that they are enabled multiple times with different options.
You can re-run Babel with the BABEL_SHOW_CONFIG_FOR environment variable to show the loaded configuration:
	npx cross-env BABEL_SHOW_CONFIG_FOR=/Users/Ajaya/Documents/TizenGitTVApp/node_modules/@mui/material/Icon/Icon.js <your build command>
See https://babeljs.io/docs/configuration#print-effective-configs for more info.
Though the "loose" option was set to "true" in your @babel/preset-env config, it will not be used for @babel/plugin-transform-private-property-in-object since the "loose" mode option was set to "false" for @babel/plugin-transform-class-properties.
The "loose" option must be the same for @babel/plugin-transform-class-properties, @babel/plugin-transform-private-methods and @babel/plugin-transform-private-property-in-object (when they are enabled): you can silence this warning by explicitly adding
	["@babel/plugin-transform-private-property-in-object", { "loose": false }]
to the "plugins" section of your Babel config.

If you already set the same 'loose' mode for these plugins in your config, it's possible that they are enabled multiple times with different options.
You can re-run Babel with the BABEL_SHOW_CONFIG_FOR environment variable to show the loaded configuration:
	npx cross-env BABEL_SHOW_CONFIG_FOR=/Users/Ajaya/Documents/TizenGitTVApp/node_modules/@mui/material/FormHelperText/formHelperTextClasses.js <your build command>
See https://babeljs.io/docs/configuration#print-effective-configs for more info.
Though the "loose" option was set to "true" in your @babel/preset-env config, it will not be used for @babel/plugin-transform-private-methods since the "loose" mode option was set to "false" for @babel/plugin-transform-private-property-in-object.
The "loose" option must be the same for @babel/plugin-transform-class-properties, @babel/plugin-transform-private-methods and @babel/plugin-transform-private-property-in-object (when they are enabled): you can silence this warning by explicitly adding
	["@babel/plugin-transform-private-methods", { "loose": false }]
to the "plugins" section of your Babel config.

If you already set the same 'loose' mode for these plugins in your config, it's possible that they are enabled multiple times with different options.
You can re-run Babel with the BABEL_SHOW_CONFIG_FOR environment variable to show the loaded configuration:
	npx cross-env BABEL_SHOW_CONFIG_FOR=/Users/Ajaya/Documents/TizenGitTVApp/node_modules/@mui/material/FormHelperText/formHelperTextClasses.js <your build command>
See https://babeljs.io/docs/configuration#print-effective-configs for more info.
Though the "loose" option was set to "true" in your @babel/preset-env config, it will not be used for @babel/plugin-transform-private-property-in-object since the "loose" mode option was set to "false" for @babel/plugin-transform-class-properties.
The "loose" option must be the same for @babel/plugin-transform-class-properties, @babel/plugin-transform-private-methods and @babel/plugin-transform-private-property-in-object (when they are enabled): you can silence this warning by explicitly adding
	["@babel/plugin-transform-private-property-in-object", { "loose": false }]
to the "plugins" section of your Babel config.

If you already set the same 'loose' mode for these plugins in your config, it's possible that they are enabled multiple times with different options.
You can re-run Babel with the BABEL_SHOW_CONFIG_FOR environment variable to show the loaded configuration:
	npx cross-env BABEL_SHOW_CONFIG_FOR=/Users/Ajaya/Documents/TizenGitTVApp/node_modules/@mui/material/AppBar/index.js <your build command>
See https://babeljs.io/docs/configuration#print-effective-configs for more info.
Though the "loose" option was set to "true" in your @babel/preset-env config, it will not be used for @babel/plugin-transform-private-methods since the "loose" mode option was set to "false" for @babel/plugin-transform-private-property-in-object.
The "loose" option must be the same for @babel/plugin-transform-class-properties, @babel/plugin-transform-private-methods and @babel/plugin-transform-private-property-in-object (when they are enabled): you can silence this warning by explicitly adding
	["@babel/plugin-transform-private-methods", { "loose": false }]
to the "plugins" section of your Babel config.

If you already set the same 'loose' mode for these plugins in your config, it's possible that they are enabled multiple times with different options.
You can re-run Babel with the BABEL_SHOW_CONFIG_FOR environment variable to show the loaded configuration:
	npx cross-env BABEL_SHOW_CONFIG_FOR=/Users/Ajaya/Documents/TizenGitTVApp/node_modules/@mui/material/AppBar/index.js <your build command>
See https://babeljs.io/docs/configuration#print-effective-configs for more info.
Though the "loose" option was set to "true" in your @babel/preset-env config, it will not be used for @babel/plugin-transform-private-property-in-object since the "loose" mode option was set to "false" for @babel/plugin-transform-class-properties.
The "loose" option must be the same for @babel/plugin-transform-class-properties, @babel/plugin-transform-private-methods and @babel/plugin-transform-private-property-in-object (when they are enabled): you can silence this warning by explicitly adding
	["@babel/plugin-transform-private-property-in-object", { "loose": false }]
to the "plugins" section of your Babel config.

If you already set the same 'loose' mode for these plugins in your config, it's possible that they are enabled multiple times with different options.
You can re-run Babel with the BABEL_SHOW_CONFIG_FOR environment variable to show the loaded configuration:
	npx cross-env BABEL_SHOW_CONFIG_FOR=/Users/Ajaya/Documents/TizenGitTVApp/node_modules/@mui/material/FormHelperText/FormHelperText.js <your build command>
See https://babeljs.io/docs/configuration#print-effective-configs for more info.
Though the "loose" option was set to "true" in your @babel/preset-env config, it will not be used for @babel/plugin-transform-private-methods since the "loose" mode option was set to "false" for @babel/plugin-transform-private-property-in-object.
The "loose" option must be the same for @babel/plugin-transform-class-properties, @babel/plugin-transform-private-methods and @babel/plugin-transform-private-property-in-object (when they are enabled): you can silence this warning by explicitly adding
	["@babel/plugin-transform-private-methods", { "loose": false }]
to the "plugins" section of your Babel config.

If you already set the same 'loose' mode for these plugins in your config, it's possible that they are enabled multiple times with different options.
You can re-run Babel with the BABEL_SHOW_CONFIG_FOR environment variable to show the loaded configuration:
	npx cross-env BABEL_SHOW_CONFIG_FOR=/Users/Ajaya/Documents/TizenGitTVApp/node_modules/@mui/material/FormHelperText/FormHelperText.js <your build command>
See https://babeljs.io/docs/configuration#print-effective-configs for more info.
Though the "loose" option was set to "true" in your @babel/preset-env config, it will not be used for @babel/plugin-transform-private-property-in-object since the "loose" mode option was set to "false" for @babel/plugin-transform-class-properties.
The "loose" option must be the same for @babel/plugin-transform-class-properties, @babel/plugin-transform-private-methods and @babel/plugin-transform-private-property-in-object (when they are enabled): you can silence this warning by explicitly adding
	["@babel/plugin-transform-private-property-in-object", { "loose": false }]
to the "plugins" section of your Babel config.

If you already set the same 'loose' mode for these plugins in your config, it's possible that they are enabled multiple times with different options.
You can re-run Babel with the BABEL_SHOW_CONFIG_FOR environment variable to show the loaded configuration:
	npx cross-env BABEL_SHOW_CONFIG_FOR=/Users/Ajaya/Documents/TizenGitTVApp/node_modules/@mui/material/Autocomplete/index.js <your build command>
See https://babeljs.io/docs/configuration#print-effective-configs for more info.
Though the "loose" option was set to "true" in your @babel/preset-env config, it will not be used for @babel/plugin-transform-private-methods since the "loose" mode option was set to "false" for @babel/plugin-transform-private-property-in-object.
The "loose" option must be the same for @babel/plugin-transform-class-properties, @babel/plugin-transform-private-methods and @babel/plugin-transform-private-property-in-object (when they are enabled): you can silence this warning by explicitly adding
	["@babel/plugin-transform-private-methods", { "loose": false }]
to the "plugins" section of your Babel config.

If you already set the same 'loose' mode for these plugins in your config, it's possible that they are enabled multiple times with different options.
You can re-run Babel with the BABEL_SHOW_CONFIG_FOR environment variable to show the loaded configuration:
	npx cross-env BABEL_SHOW_CONFIG_FOR=/Users/Ajaya/Documents/TizenGitTVApp/node_modules/@mui/material/Autocomplete/index.js <your build command>
See https://babeljs.io/docs/configuration#print-effective-configs for more info.
Though the "loose" option was set to "true" in your @babel/preset-env config, it will not be used for @babel/plugin-transform-private-property-in-object since the "loose" mode option was set to "false" for @babel/plugin-transform-class-properties.
The "loose" option must be the same for @babel/plugin-transform-class-properties, @babel/plugin-transform-private-methods and @babel/plugin-transform-private-property-in-object (when they are enabled): you can silence this warning by explicitly adding
	["@babel/plugin-transform-private-property-in-object", { "loose": false }]
to the "plugins" section of your Babel config.

If you already set the same 'loose' mode for these plugins in your config, it's possible that they are enabled multiple times with different options.
You can re-run Babel with the BABEL_SHOW_CONFIG_FOR environment variable to show the loaded configuration:
	npx cross-env BABEL_SHOW_CONFIG_FOR=/Users/Ajaya/Documents/TizenGitTVApp/node_modules/@mui/material/ImageListItem/imageListItemClasses.js <your build command>
See https://babeljs.io/docs/configuration#print-effective-configs for more info.
Though the "loose" option was set to "true" in your @babel/preset-env config, it will not be used for @babel/plugin-transform-private-methods since the "loose" mode option was set to "false" for @babel/plugin-transform-private-property-in-object.
The "loose" option must be the same for @babel/plugin-transform-class-properties, @babel/plugin-transform-private-methods and @babel/plugin-transform-private-property-in-object (when they are enabled): you can silence this warning by explicitly adding
	["@babel/plugin-transform-private-methods", { "loose": false }]
to the "plugins" section of your Babel config.

If you already set the same 'loose' mode for these plugins in your config, it's possible that they are enabled multiple times with different options.
You can re-run Babel with the BABEL_SHOW_CONFIG_FOR environment variable to show the loaded configuration:
	npx cross-env BABEL_SHOW_CONFIG_FOR=/Users/Ajaya/Documents/TizenGitTVApp/node_modules/@mui/material/ImageListItem/imageListItemClasses.js <your build command>
See https://babeljs.io/docs/configuration#print-effective-configs for more info.
Though the "loose" option was set to "true" in your @babel/preset-env config, it will not be used for @babel/plugin-transform-private-property-in-object since the "loose" mode option was set to "false" for @babel/plugin-transform-class-properties.
The "loose" option must be the same for @babel/plugin-transform-class-properties, @babel/plugin-transform-private-methods and @babel/plugin-transform-private-property-in-object (when they are enabled): you can silence this warning by explicitly adding
	["@babel/plugin-transform-private-property-in-object", { "loose": false }]
to the "plugins" section of your Babel config.

If you already set the same 'loose' mode for these plugins in your config, it's possible that they are enabled multiple times with different options.
You can re-run Babel with the BABEL_SHOW_CONFIG_FOR environment variable to show the loaded configuration:
	npx cross-env BABEL_SHOW_CONFIG_FOR=/Users/Ajaya/Documents/TizenGitTVApp/node_modules/@mui/material/ImageListItem/ImageListItem.js <your build command>
See https://babeljs.io/docs/configuration#print-effective-configs for more info.
Though the "loose" option was set to "true" in your @babel/preset-env config, it will not be used for @babel/plugin-transform-private-methods since the "loose" mode option was set to "false" for @babel/plugin-transform-private-property-in-object.
The "loose" option must be the same for @babel/plugin-transform-class-properties, @babel/plugin-transform-private-methods and @babel/plugin-transform-private-property-in-object (when they are enabled): you can silence this warning by explicitly adding
	["@babel/plugin-transform-private-methods", { "loose": false }]
to the "plugins" section of your Babel config.

If you already set the same 'loose' mode for these plugins in your config, it's possible that they are enabled multiple times with different options.
You can re-run Babel with the BABEL_SHOW_CONFIG_FOR environment variable to show the loaded configuration:
	npx cross-env BABEL_SHOW_CONFIG_FOR=/Users/Ajaya/Documents/TizenGitTVApp/node_modules/@mui/material/ImageListItem/ImageListItem.js <your build command>
See https://babeljs.io/docs/configuration#print-effective-configs for more info.
Though the "loose" option was set to "true" in your @babel/preset-env config, it will not be used for @babel/plugin-transform-private-property-in-object since the "loose" mode option was set to "false" for @babel/plugin-transform-class-properties.
The "loose" option must be the same for @babel/plugin-transform-class-properties, @babel/plugin-transform-private-methods and @babel/plugin-transform-private-property-in-object (when they are enabled): you can silence this warning by explicitly adding
	["@babel/plugin-transform-private-property-in-object", { "loose": false }]
to the "plugins" section of your Babel config.

If you already set the same 'loose' mode for these plugins in your config, it's possible that they are enabled multiple times with different options.
You can re-run Babel with the BABEL_SHOW_CONFIG_FOR environment variable to show the loaded configuration:
	npx cross-env BABEL_SHOW_CONFIG_FOR=/Users/Ajaya/Documents/TizenGitTVApp/node_modules/@mui/material/AlertTitle/index.js <your build command>
See https://babeljs.io/docs/configuration#print-effective-configs for more info.
Though the "loose" option was set to "true" in your @babel/preset-env config, it will not be used for @babel/plugin-transform-private-methods since the "loose" mode option was set to "false" for @babel/plugin-transform-private-property-in-object.
The "loose" option must be the same for @babel/plugin-transform-class-properties, @babel/plugin-transform-private-methods and @babel/plugin-transform-private-property-in-object (when they are enabled): you can silence this warning by explicitly adding
	["@babel/plugin-transform-private-methods", { "loose": false }]
to the "plugins" section of your Babel config.

If you already set the same 'loose' mode for these plugins in your config, it's possible that they are enabled multiple times with different options.
You can re-run Babel with the BABEL_SHOW_CONFIG_FOR environment variable to show the loaded configuration:
	npx cross-env BABEL_SHOW_CONFIG_FOR=/Users/Ajaya/Documents/TizenGitTVApp/node_modules/@mui/material/AlertTitle/index.js <your build command>
See https://babeljs.io/docs/configuration#print-effective-configs for more info.
Though the "loose" option was set to "true" in your @babel/preset-env config, it will not be used for @babel/plugin-transform-private-property-in-object since the "loose" mode option was set to "false" for @babel/plugin-transform-class-properties.
The "loose" option must be the same for @babel/plugin-transform-class-properties, @babel/plugin-transform-private-methods and @babel/plugin-transform-private-property-in-object (when they are enabled): you can silence this warning by explicitly adding
	["@babel/plugin-transform-private-property-in-object", { "loose": false }]
to the "plugins" section of your Babel config.

If you already set the same 'loose' mode for these plugins in your config, it's possible that they are enabled multiple times with different options.
You can re-run Babel with the BABEL_SHOW_CONFIG_FOR environment variable to show the loaded configuration:
	npx cross-env BABEL_SHOW_CONFIG_FOR=/Users/Ajaya/Documents/TizenGitTVApp/node_modules/@mui/material/ImageListItemBar/imageListItemBarClasses.js <your build command>
See https://babeljs.io/docs/configuration#print-effective-configs for more info.
Though the "loose" option was set to "true" in your @babel/preset-env config, it will not be used for @babel/plugin-transform-private-methods since the "loose" mode option was set to "false" for @babel/plugin-transform-private-property-in-object.
The "loose" option must be the same for @babel/plugin-transform-class-properties, @babel/plugin-transform-private-methods and @babel/plugin-transform-private-property-in-object (when they are enabled): you can silence this warning by explicitly adding
	["@babel/plugin-transform-private-methods", { "loose": false }]
to the "plugins" section of your Babel config.

If you already set the same 'loose' mode for these plugins in your config, it's possible that they are enabled multiple times with different options.
You can re-run Babel with the BABEL_SHOW_CONFIG_FOR environment variable to show the loaded configuration:
	npx cross-env BABEL_SHOW_CONFIG_FOR=/Users/Ajaya/Documents/TizenGitTVApp/node_modules/@mui/material/ImageListItemBar/imageListItemBarClasses.js <your build command>
See https://babeljs.io/docs/configuration#print-effective-configs for more info.
Though the "loose" option was set to "true" in your @babel/preset-env config, it will not be used for @babel/plugin-transform-private-property-in-object since the "loose" mode option was set to "false" for @babel/plugin-transform-class-properties.
The "loose" option must be the same for @babel/plugin-transform-class-properties, @babel/plugin-transform-private-methods and @babel/plugin-transform-private-property-in-object (when they are enabled): you can silence this warning by explicitly adding
	["@babel/plugin-transform-private-property-in-object", { "loose": false }]
to the "plugins" section of your Babel config.

If you already set the same 'loose' mode for these plugins in your config, it's possible that they are enabled multiple times with different options.
You can re-run Babel with the BABEL_SHOW_CONFIG_FOR environment variable to show the loaded configuration:
	npx cross-env BABEL_SHOW_CONFIG_FOR=/Users/Ajaya/Documents/TizenGitTVApp/node_modules/@mui/material/ImageListItemBar/ImageListItemBar.js <your build command>
See https://babeljs.io/docs/configuration#print-effective-configs for more info.
Though the "loose" option was set to "true" in your @babel/preset-env config, it will not be used for @babel/plugin-transform-private-methods since the "loose" mode option was set to "false" for @babel/plugin-transform-private-property-in-object.
The "loose" option must be the same for @babel/plugin-transform-class-properties, @babel/plugin-transform-private-methods and @babel/plugin-transform-private-property-in-object (when they are enabled): you can silence this warning by explicitly adding
	["@babel/plugin-transform-private-methods", { "loose": false }]
to the "plugins" section of your Babel config.

If you already set the same 'loose' mode for these plugins in your config, it's possible that they are enabled multiple times with different options.
You can re-run Babel with the BABEL_SHOW_CONFIG_FOR environment variable to show the loaded configuration:
	npx cross-env BABEL_SHOW_CONFIG_FOR=/Users/Ajaya/Documents/TizenGitTVApp/node_modules/@mui/material/ImageListItemBar/ImageListItemBar.js <your build command>
See https://babeljs.io/docs/configuration#print-effective-configs for more info.
Though the "loose" option was set to "true" in your @babel/preset-env config, it will not be used for @babel/plugin-transform-private-property-in-object since the "loose" mode option was set to "false" for @babel/plugin-transform-class-properties.
The "loose" option must be the same for @babel/plugin-transform-class-properties, @babel/plugin-transform-private-methods and @babel/plugin-transform-private-property-in-object (when they are enabled): you can silence this warning by explicitly adding
	["@babel/plugin-transform-private-property-in-object", { "loose": false }]
to the "plugins" section of your Babel config.

If you already set the same 'loose' mode for these plugins in your config, it's possible that they are enabled multiple times with different options.
You can re-run Babel with the BABEL_SHOW_CONFIG_FOR environment variable to show the loaded configuration:
	npx cross-env BABEL_SHOW_CONFIG_FOR=/Users/Ajaya/Documents/TizenGitTVApp/node_modules/@mui/material/InputAdornment/inputAdornmentClasses.js <your build command>
See https://babeljs.io/docs/configuration#print-effective-configs for more info.
Though the "loose" option was set to "true" in your @babel/preset-env config, it will not be used for @babel/plugin-transform-private-methods since the "loose" mode option was set to "false" for @babel/plugin-transform-private-property-in-object.
The "loose" option must be the same for @babel/plugin-transform-class-properties, @babel/plugin-transform-private-methods and @babel/plugin-transform-private-property-in-object (when they are enabled): you can silence this warning by explicitly adding
	["@babel/plugin-transform-private-methods", { "loose": false }]
to the "plugins" section of your Babel config.

If you already set the same 'loose' mode for these plugins in your config, it's possible that they are enabled multiple times with different options.
You can re-run Babel with the BABEL_SHOW_CONFIG_FOR environment variable to show the loaded configuration:
	npx cross-env BABEL_SHOW_CONFIG_FOR=/Users/Ajaya/Documents/TizenGitTVApp/node_modules/@mui/material/InputAdornment/inputAdornmentClasses.js <your build command>
See https://babeljs.io/docs/configuration#print-effective-configs for more info.
Though the "loose" option was set to "true" in your @babel/preset-env config, it will not be used for @babel/plugin-transform-private-property-in-object since the "loose" mode option was set to "false" for @babel/plugin-transform-class-properties.
The "loose" option must be the same for @babel/plugin-transform-class-properties, @babel/plugin-transform-private-methods and @babel/plugin-transform-private-property-in-object (when they are enabled): you can silence this warning by explicitly adding
	["@babel/plugin-transform-private-property-in-object", { "loose": false }]
to the "plugins" section of your Babel config.

If you already set the same 'loose' mode for these plugins in your config, it's possible that they are enabled multiple times with different options.
You can re-run Babel with the BABEL_SHOW_CONFIG_FOR environment variable to show the loaded configuration:
	npx cross-env BABEL_SHOW_CONFIG_FOR=/Users/Ajaya/Documents/TizenGitTVApp/node_modules/@mui/material/InputAdornment/InputAdornment.js <your build command>
See https://babeljs.io/docs/configuration#print-effective-configs for more info.
Though the "loose" option was set to "true" in your @babel/preset-env config, it will not be used for @babel/plugin-transform-private-methods since the "loose" mode option was set to "false" for @babel/plugin-transform-private-property-in-object.
The "loose" option must be the same for @babel/plugin-transform-class-properties, @babel/plugin-transform-private-methods and @babel/plugin-transform-private-property-in-object (when they are enabled): you can silence this warning by explicitly adding
	["@babel/plugin-transform-private-methods", { "loose": false }]
to the "plugins" section of your Babel config.

If you already set the same 'loose' mode for these plugins in your config, it's possible that they are enabled multiple times with different options.
You can re-run Babel with the BABEL_SHOW_CONFIG_FOR environment variable to show the loaded configuration:
	npx cross-env BABEL_SHOW_CONFIG_FOR=/Users/Ajaya/Documents/TizenGitTVApp/node_modules/@mui/material/InputAdornment/InputAdornment.js <your build command>
See https://babeljs.io/docs/configuration#print-effective-configs for more info.
Though the "loose" option was set to "true" in your @babel/preset-env config, it will not be used for @babel/plugin-transform-private-property-in-object since the "loose" mode option was set to "false" for @babel/plugin-transform-class-properties.
The "loose" option must be the same for @babel/plugin-transform-class-properties, @babel/plugin-transform-private-methods and @babel/plugin-transform-private-property-in-object (when they are enabled): you can silence this warning by explicitly adding
	["@babel/plugin-transform-private-property-in-object", { "loose": false }]
to the "plugins" section of your Babel config.

If you already set the same 'loose' mode for these plugins in your config, it's possible that they are enabled multiple times with different options.
You can re-run Babel with the BABEL_SHOW_CONFIG_FOR environment variable to show the loaded configuration:
	npx cross-env BABEL_SHOW_CONFIG_FOR=/Users/Ajaya/Documents/TizenGitTVApp/node_modules/@mui/material/Link/Link.js <your build command>
See https://babeljs.io/docs/configuration#print-effective-configs for more info.
Though the "loose" option was set to "true" in your @babel/preset-env config, it will not be used for @babel/plugin-transform-private-methods since the "loose" mode option was set to "false" for @babel/plugin-transform-private-property-in-object.
The "loose" option must be the same for @babel/plugin-transform-class-properties, @babel/plugin-transform-private-methods and @babel/plugin-transform-private-property-in-object (when they are enabled): you can silence this warning by explicitly adding
	["@babel/plugin-transform-private-methods", { "loose": false }]
to the "plugins" section of your Babel config.

If you already set the same 'loose' mode for these plugins in your config, it's possible that they are enabled multiple times with different options.
You can re-run Babel with the BABEL_SHOW_CONFIG_FOR environment variable to show the loaded configuration:
	npx cross-env BABEL_SHOW_CONFIG_FOR=/Users/Ajaya/Documents/TizenGitTVApp/node_modules/@mui/material/Link/Link.js <your build command>
See https://babeljs.io/docs/configuration#print-effective-configs for more info.
Though the "loose" option was set to "true" in your @babel/preset-env config, it will not be used for @babel/plugin-transform-private-property-in-object since the "loose" mode option was set to "false" for @babel/plugin-transform-class-properties.
The "loose" option must be the same for @babel/plugin-transform-class-properties, @babel/plugin-transform-private-methods and @babel/plugin-transform-private-property-in-object (when they are enabled): you can silence this warning by explicitly adding
	["@babel/plugin-transform-private-property-in-object", { "loose": false }]
to the "plugins" section of your Babel config.

If you already set the same 'loose' mode for these plugins in your config, it's possible that they are enabled multiple times with different options.
You can re-run Babel with the BABEL_SHOW_CONFIG_FOR environment variable to show the loaded configuration:
	npx cross-env BABEL_SHOW_CONFIG_FOR=/Users/Ajaya/Documents/TizenGitTVApp/node_modules/@mui/material/InputLabel/inputLabelClasses.js <your build command>
See https://babeljs.io/docs/configuration#print-effective-configs for more info.
Though the "loose" option was set to "true" in your @babel/preset-env config, it will not be used for @babel/plugin-transform-private-methods since the "loose" mode option was set to "false" for @babel/plugin-transform-private-property-in-object.
The "loose" option must be the same for @babel/plugin-transform-class-properties, @babel/plugin-transform-private-methods and @babel/plugin-transform-private-property-in-object (when they are enabled): you can silence this warning by explicitly adding
	["@babel/plugin-transform-private-methods", { "loose": false }]
to the "plugins" section of your Babel config.

If you already set the same 'loose' mode for these plugins in your config, it's possible that they are enabled multiple times with different options.
You can re-run Babel with the BABEL_SHOW_CONFIG_FOR environment variable to show the loaded configuration:
	npx cross-env BABEL_SHOW_CONFIG_FOR=/Users/Ajaya/Documents/TizenGitTVApp/node_modules/@mui/material/InputLabel/inputLabelClasses.js <your build command>
See https://babeljs.io/docs/configuration#print-effective-configs for more info.
Though the "loose" option was set to "true" in your @babel/preset-env config, it will not be used for @babel/plugin-transform-private-property-in-object since the "loose" mode option was set to "false" for @babel/plugin-transform-class-properties.
The "loose" option must be the same for @babel/plugin-transform-class-properties, @babel/plugin-transform-private-methods and @babel/plugin-transform-private-property-in-object (when they are enabled): you can silence this warning by explicitly adding
	["@babel/plugin-transform-private-property-in-object", { "loose": false }]
to the "plugins" section of your Babel config.

If you already set the same 'loose' mode for these plugins in your config, it's possible that they are enabled multiple times with different options.
You can re-run Babel with the BABEL_SHOW_CONFIG_FOR environment variable to show the loaded configuration:
	npx cross-env BABEL_SHOW_CONFIG_FOR=/Users/Ajaya/Documents/TizenGitTVApp/node_modules/@mui/material/Link/linkClasses.js <your build command>
See https://babeljs.io/docs/configuration#print-effective-configs for more info.
Though the "loose" option was set to "true" in your @babel/preset-env config, it will not be used for @babel/plugin-transform-private-methods since the "loose" mode option was set to "false" for @babel/plugin-transform-private-property-in-object.
The "loose" option must be the same for @babel/plugin-transform-class-properties, @babel/plugin-transform-private-methods and @babel/plugin-transform-private-property-in-object (when they are enabled): you can silence this warning by explicitly adding
	["@babel/plugin-transform-private-methods", { "loose": false }]
to the "plugins" section of your Babel config.

If you already set the same 'loose' mode for these plugins in your config, it's possible that they are enabled multiple times with different options.
You can re-run Babel with the BABEL_SHOW_CONFIG_FOR environment variable to show the loaded configuration:
	npx cross-env BABEL_SHOW_CONFIG_FOR=/Users/Ajaya/Documents/TizenGitTVApp/node_modules/@mui/material/Link/linkClasses.js <your build command>
See https://babeljs.io/docs/configuration#print-effective-configs for more info.
Though the "loose" option was set to "true" in your @babel/preset-env config, it will not be used for @babel/plugin-transform-private-property-in-object since the "loose" mode option was set to "false" for @babel/plugin-transform-class-properties.
The "loose" option must be the same for @babel/plugin-transform-class-properties, @babel/plugin-transform-private-methods and @babel/plugin-transform-private-property-in-object (when they are enabled): you can silence this warning by explicitly adding
	["@babel/plugin-transform-private-property-in-object", { "loose": false }]
to the "plugins" section of your Babel config.

If you already set the same 'loose' mode for these plugins in your config, it's possible that they are enabled multiple times with different options.
You can re-run Babel with the BABEL_SHOW_CONFIG_FOR environment variable to show the loaded configuration:
	npx cross-env BABEL_SHOW_CONFIG_FOR=/Users/Ajaya/Documents/TizenGitTVApp/node_modules/@mui/material/InputLabel/InputLabel.js <your build command>
See https://babeljs.io/docs/configuration#print-effective-configs for more info.
Though the "loose" option was set to "true" in your @babel/preset-env config, it will not be used for @babel/plugin-transform-private-methods since the "loose" mode option was set to "false" for @babel/plugin-transform-private-property-in-object.
The "loose" option must be the same for @babel/plugin-transform-class-properties, @babel/plugin-transform-private-methods and @babel/plugin-transform-private-property-in-object (when they are enabled): you can silence this warning by explicitly adding
	["@babel/plugin-transform-private-methods", { "loose": false }]
to the "plugins" section of your Babel config.

If you already set the same 'loose' mode for these plugins in your config, it's possible that they are enabled multiple times with different options.
You can re-run Babel with the BABEL_SHOW_CONFIG_FOR environment variable to show the loaded configuration:
	npx cross-env BABEL_SHOW_CONFIG_FOR=/Users/Ajaya/Documents/TizenGitTVApp/node_modules/@mui/material/InputLabel/InputLabel.js <your build command>
See https://babeljs.io/docs/configuration#print-effective-configs for more info.
Though the "loose" option was set to "true" in your @babel/preset-env config, it will not be used for @babel/plugin-transform-private-property-in-object since the "loose" mode option was set to "false" for @babel/plugin-transform-class-properties.
The "loose" option must be the same for @babel/plugin-transform-class-properties, @babel/plugin-transform-private-methods and @babel/plugin-transform-private-property-in-object (when they are enabled): you can silence this warning by explicitly adding
	["@babel/plugin-transform-private-property-in-object", { "loose": false }]
to the "plugins" section of your Babel config.

If you already set the same 'loose' mode for these plugins in your config, it's possible that they are enabled multiple times with different options.
You can re-run Babel with the BABEL_SHOW_CONFIG_FOR environment variable to show the loaded configuration:
	npx cross-env BABEL_SHOW_CONFIG_FOR=/Users/Ajaya/Documents/TizenGitTVApp/node_modules/@mui/material/Alert/index.js <your build command>
See https://babeljs.io/docs/configuration#print-effective-configs for more info.
Though the "loose" option was set to "true" in your @babel/preset-env config, it will not be used for @babel/plugin-transform-private-methods since the "loose" mode option was set to "false" for @babel/plugin-transform-private-property-in-object.
The "loose" option must be the same for @babel/plugin-transform-class-properties, @babel/plugin-transform-private-methods and @babel/plugin-transform-private-property-in-object (when they are enabled): you can silence this warning by explicitly adding
	["@babel/plugin-transform-private-methods", { "loose": false }]
to the "plugins" section of your Babel config.

If you already set the same 'loose' mode for these plugins in your config, it's possible that they are enabled multiple times with different options.
You can re-run Babel with the BABEL_SHOW_CONFIG_FOR environment variable to show the loaded configuration:
	npx cross-env BABEL_SHOW_CONFIG_FOR=/Users/Ajaya/Documents/TizenGitTVApp/node_modules/@mui/material/Alert/index.js <your build command>
See https://babeljs.io/docs/configuration#print-effective-configs for more info.
Though the "loose" option was set to "true" in your @babel/preset-env config, it will not be used for @babel/plugin-transform-private-property-in-object since the "loose" mode option was set to "false" for @babel/plugin-transform-class-properties.
The "loose" option must be the same for @babel/plugin-transform-class-properties, @babel/plugin-transform-private-methods and @babel/plugin-transform-private-property-in-object (when they are enabled): you can silence this warning by explicitly adding
	["@babel/plugin-transform-private-property-in-object", { "loose": false }]
to the "plugins" section of your Babel config.

If you already set the same 'loose' mode for these plugins in your config, it's possible that they are enabled multiple times with different options.
You can re-run Babel with the BABEL_SHOW_CONFIG_FOR environment variable to show the loaded configuration:
	npx cross-env BABEL_SHOW_CONFIG_FOR=/Users/Ajaya/Documents/TizenGitTVApp/node_modules/@mui/material/AccordionSummary/index.js <your build command>
See https://babeljs.io/docs/configuration#print-effective-configs for more info.
Though the "loose" option was set to "true" in your @babel/preset-env config, it will not be used for @babel/plugin-transform-private-methods since the "loose" mode option was set to "false" for @babel/plugin-transform-private-property-in-object.
The "loose" option must be the same for @babel/plugin-transform-class-properties, @babel/plugin-transform-private-methods and @babel/plugin-transform-private-property-in-object (when they are enabled): you can silence this warning by explicitly adding
	["@babel/plugin-transform-private-methods", { "loose": false }]
to the "plugins" section of your Babel config.

If you already set the same 'loose' mode for these plugins in your config, it's possible that they are enabled multiple times with different options.
You can re-run Babel with the BABEL_SHOW_CONFIG_FOR environment variable to show the loaded configuration:
	npx cross-env BABEL_SHOW_CONFIG_FOR=/Users/Ajaya/Documents/TizenGitTVApp/node_modules/@mui/material/AccordionSummary/index.js <your build command>
See https://babeljs.io/docs/configuration#print-effective-configs for more info.
Though the "loose" option was set to "true" in your @babel/preset-env config, it will not be used for @babel/plugin-transform-private-property-in-object since the "loose" mode option was set to "false" for @babel/plugin-transform-class-properties.
The "loose" option must be the same for @babel/plugin-transform-class-properties, @babel/plugin-transform-private-methods and @babel/plugin-transform-private-property-in-object (when they are enabled): you can silence this warning by explicitly adding
	["@babel/plugin-transform-private-property-in-object", { "loose": false }]
to the "plugins" section of your Babel config.

If you already set the same 'loose' mode for these plugins in your config, it's possible that they are enabled multiple times with different options.
You can re-run Babel with the BABEL_SHOW_CONFIG_FOR environment variable to show the loaded configuration:
	npx cross-env BABEL_SHOW_CONFIG_FOR=/Users/Ajaya/Documents/TizenGitTVApp/node_modules/@mui/material/AccordionActions/index.js <your build command>
See https://babeljs.io/docs/configuration#print-effective-configs for more info.
Though the "loose" option was set to "true" in your @babel/preset-env config, it will not be used for @babel/plugin-transform-private-methods since the "loose" mode option was set to "false" for @babel/plugin-transform-private-property-in-object.
The "loose" option must be the same for @babel/plugin-transform-class-properties, @babel/plugin-transform-private-methods and @babel/plugin-transform-private-property-in-object (when they are enabled): you can silence this warning by explicitly adding
	["@babel/plugin-transform-private-methods", { "loose": false }]
to the "plugins" section of your Babel config.

If you already set the same 'loose' mode for these plugins in your config, it's possible that they are enabled multiple times with different options.
You can re-run Babel with the BABEL_SHOW_CONFIG_FOR environment variable to show the loaded configuration:
	npx cross-env BABEL_SHOW_CONFIG_FOR=/Users/Ajaya/Documents/TizenGitTVApp/node_modules/@mui/material/AccordionActions/index.js <your build command>
See https://babeljs.io/docs/configuration#print-effective-configs for more info.
Though the "loose" option was set to "true" in your @babel/preset-env config, it will not be used for @babel/plugin-transform-private-property-in-object since the "loose" mode option was set to "false" for @babel/plugin-transform-class-properties.
The "loose" option must be the same for @babel/plugin-transform-class-properties, @babel/plugin-transform-private-methods and @babel/plugin-transform-private-property-in-object (when they are enabled): you can silence this warning by explicitly adding
	["@babel/plugin-transform-private-property-in-object", { "loose": false }]
to the "plugins" section of your Babel config.

If you already set the same 'loose' mode for these plugins in your config, it's possible that they are enabled multiple times with different options.
You can re-run Babel with the BABEL_SHOW_CONFIG_FOR environment variable to show the loaded configuration:
	npx cross-env BABEL_SHOW_CONFIG_FOR=/Users/Ajaya/Documents/TizenGitTVApp/node_modules/@mui/material/ListSubheader/listSubheaderClasses.js <your build command>
See https://babeljs.io/docs/configuration#print-effective-configs for more info.
Though the "loose" option was set to "true" in your @babel/preset-env config, it will not be used for @babel/plugin-transform-private-methods since the "loose" mode option was set to "false" for @babel/plugin-transform-private-property-in-object.
The "loose" option must be the same for @babel/plugin-transform-class-properties, @babel/plugin-transform-private-methods and @babel/plugin-transform-private-property-in-object (when they are enabled): you can silence this warning by explicitly adding
	["@babel/plugin-transform-private-methods", { "loose": false }]
to the "plugins" section of your Babel config.

If you already set the same 'loose' mode for these plugins in your config, it's possible that they are enabled multiple times with different options.
You can re-run Babel with the BABEL_SHOW_CONFIG_FOR environment variable to show the loaded configuration:
	npx cross-env BABEL_SHOW_CONFIG_FOR=/Users/Ajaya/Documents/TizenGitTVApp/node_modules/@mui/material/ListSubheader/listSubheaderClasses.js <your build command>
See https://babeljs.io/docs/configuration#print-effective-configs for more info.
Though the "loose" option was set to "true" in your @babel/preset-env config, it will not be used for @babel/plugin-transform-private-property-in-object since the "loose" mode option was set to "false" for @babel/plugin-transform-class-properties.
The "loose" option must be the same for @babel/plugin-transform-class-properties, @babel/plugin-transform-private-methods and @babel/plugin-transform-private-property-in-object (when they are enabled): you can silence this warning by explicitly adding
	["@babel/plugin-transform-private-property-in-object", { "loose": false }]
to the "plugins" section of your Babel config.

If you already set the same 'loose' mode for these plugins in your config, it's possible that they are enabled multiple times with different options.
You can re-run Babel with the BABEL_SHOW_CONFIG_FOR environment variable to show the loaded configuration:
	npx cross-env BABEL_SHOW_CONFIG_FOR=/Users/Ajaya/Documents/TizenGitTVApp/node_modules/@mui/styled-engine/GlobalStyles/GlobalStyles.js <your build command>
See https://babeljs.io/docs/configuration#print-effective-configs for more info.
Though the "loose" option was set to "true" in your @babel/preset-env config, it will not be used for @babel/plugin-transform-private-methods since the "loose" mode option was set to "false" for @babel/plugin-transform-private-property-in-object.
The "loose" option must be the same for @babel/plugin-transform-class-properties, @babel/plugin-transform-private-methods and @babel/plugin-transform-private-property-in-object (when they are enabled): you can silence this warning by explicitly adding
	["@babel/plugin-transform-private-methods", { "loose": false }]
to the "plugins" section of your Babel config.

If you already set the same 'loose' mode for these plugins in your config, it's possible that they are enabled multiple times with different options.
You can re-run Babel with the BABEL_SHOW_CONFIG_FOR environment variable to show the loaded configuration:
	npx cross-env BABEL_SHOW_CONFIG_FOR=/Users/Ajaya/Documents/TizenGitTVApp/node_modules/@mui/styled-engine/GlobalStyles/GlobalStyles.js <your build command>
See https://babeljs.io/docs/configuration#print-effective-configs for more info.
Though the "loose" option was set to "true" in your @babel/preset-env config, it will not be used for @babel/plugin-transform-private-property-in-object since the "loose" mode option was set to "false" for @babel/plugin-transform-class-properties.
The "loose" option must be the same for @babel/plugin-transform-class-properties, @babel/plugin-transform-private-methods and @babel/plugin-transform-private-property-in-object (when they are enabled): you can silence this warning by explicitly adding
	["@babel/plugin-transform-private-property-in-object", { "loose": false }]
to the "plugins" section of your Babel config.

If you already set the same 'loose' mode for these plugins in your config, it's possible that they are enabled multiple times with different options.
You can re-run Babel with the BABEL_SHOW_CONFIG_FOR environment variable to show the loaded configuration:
	npx cross-env BABEL_SHOW_CONFIG_FOR=/Users/Ajaya/Documents/TizenGitTVApp/node_modules/@mui/material/AccordionDetails/index.js <your build command>
See https://babeljs.io/docs/configuration#print-effective-configs for more info.
Though the "loose" option was set to "true" in your @babel/preset-env config, it will not be used for @babel/plugin-transform-private-methods since the "loose" mode option was set to "false" for @babel/plugin-transform-private-property-in-object.
The "loose" option must be the same for @babel/plugin-transform-class-properties, @babel/plugin-transform-private-methods and @babel/plugin-transform-private-property-in-object (when they are enabled): you can silence this warning by explicitly adding
	["@babel/plugin-transform-private-methods", { "loose": false }]
to the "plugins" section of your Babel config.

If you already set the same 'loose' mode for these plugins in your config, it's possible that they are enabled multiple times with different options.
You can re-run Babel with the BABEL_SHOW_CONFIG_FOR environment variable to show the loaded configuration:
	npx cross-env BABEL_SHOW_CONFIG_FOR=/Users/Ajaya/Documents/TizenGitTVApp/node_modules/@mui/material/AccordionDetails/index.js <your build command>
See https://babeljs.io/docs/configuration#print-effective-configs for more info.
Though the "loose" option was set to "true" in your @babel/preset-env config, it will not be used for @babel/plugin-transform-private-property-in-object since the "loose" mode option was set to "false" for @babel/plugin-transform-class-properties.
The "loose" option must be the same for @babel/plugin-transform-class-properties, @babel/plugin-transform-private-methods and @babel/plugin-transform-private-property-in-object (when they are enabled): you can silence this warning by explicitly adding
	["@babel/plugin-transform-private-property-in-object", { "loose": false }]
to the "plugins" section of your Babel config.

If you already set the same 'loose' mode for these plugins in your config, it's possible that they are enabled multiple times with different options.
You can re-run Babel with the BABEL_SHOW_CONFIG_FOR environment variable to show the loaded configuration:
	npx cross-env BABEL_SHOW_CONFIG_FOR=/Users/Ajaya/Documents/TizenGitTVApp/node_modules/@mui/material/Accordion/index.js <your build command>
See https://babeljs.io/docs/configuration#print-effective-configs for more info.
Though the "loose" option was set to "true" in your @babel/preset-env config, it will not be used for @babel/plugin-transform-private-methods since the "loose" mode option was set to "false" for @babel/plugin-transform-private-property-in-object.
The "loose" option must be the same for @babel/plugin-transform-class-properties, @babel/plugin-transform-private-methods and @babel/plugin-transform-private-property-in-object (when they are enabled): you can silence this warning by explicitly adding
	["@babel/plugin-transform-private-methods", { "loose": false }]
to the "plugins" section of your Babel config.

If you already set the same 'loose' mode for these plugins in your config, it's possible that they are enabled multiple times with different options.
You can re-run Babel with the BABEL_SHOW_CONFIG_FOR environment variable to show the loaded configuration:
	npx cross-env BABEL_SHOW_CONFIG_FOR=/Users/Ajaya/Documents/TizenGitTVApp/node_modules/@mui/material/Accordion/index.js <your build command>
See https://babeljs.io/docs/configuration#print-effective-configs for more info.
Though the "loose" option was set to "true" in your @babel/preset-env config, it will not be used for @babel/plugin-transform-private-property-in-object since the "loose" mode option was set to "false" for @babel/plugin-transform-class-properties.
The "loose" option must be the same for @babel/plugin-transform-class-properties, @babel/plugin-transform-private-methods and @babel/plugin-transform-private-property-in-object (when they are enabled): you can silence this warning by explicitly adding
	["@babel/plugin-transform-private-property-in-object", { "loose": false }]
to the "plugins" section of your Babel config.

If you already set the same 'loose' mode for these plugins in your config, it's possible that they are enabled multiple times with different options.
You can re-run Babel with the BABEL_SHOW_CONFIG_FOR environment variable to show the loaded configuration:
	npx cross-env BABEL_SHOW_CONFIG_FOR=/Users/Ajaya/Documents/TizenGitTVApp/node_modules/@mui/material/DialogTitle/dialogTitleClasses.js <your build command>
See https://babeljs.io/docs/configuration#print-effective-configs for more info.
Though the "loose" option was set to "true" in your @babel/preset-env config, it will not be used for @babel/plugin-transform-private-methods since the "loose" mode option was set to "false" for @babel/plugin-transform-private-property-in-object.
The "loose" option must be the same for @babel/plugin-transform-class-properties, @babel/plugin-transform-private-methods and @babel/plugin-transform-private-property-in-object (when they are enabled): you can silence this warning by explicitly adding
	["@babel/plugin-transform-private-methods", { "loose": false }]
to the "plugins" section of your Babel config.

If you already set the same 'loose' mode for these plugins in your config, it's possible that they are enabled multiple times with different options.
You can re-run Babel with the BABEL_SHOW_CONFIG_FOR environment variable to show the loaded configuration:
	npx cross-env BABEL_SHOW_CONFIG_FOR=/Users/Ajaya/Documents/TizenGitTVApp/node_modules/@mui/material/DialogTitle/dialogTitleClasses.js <your build command>
See https://babeljs.io/docs/configuration#print-effective-configs for more info.
Though the "loose" option was set to "true" in your @babel/preset-env config, it will not be used for @babel/plugin-transform-private-property-in-object since the "loose" mode option was set to "false" for @babel/plugin-transform-class-properties.
The "loose" option must be the same for @babel/plugin-transform-class-properties, @babel/plugin-transform-private-methods and @babel/plugin-transform-private-property-in-object (when they are enabled): you can silence this warning by explicitly adding
	["@babel/plugin-transform-private-property-in-object", { "loose": false }]
to the "plugins" section of your Babel config.

If you already set the same 'loose' mode for these plugins in your config, it's possible that they are enabled multiple times with different options.
You can re-run Babel with the BABEL_SHOW_CONFIG_FOR environment variable to show the loaded configuration:
	npx cross-env BABEL_SHOW_CONFIG_FOR=/Users/Ajaya/Documents/TizenGitTVApp/node_modules/@mui/utils/useLazyRef/index.js <your build command>
See https://babeljs.io/docs/configuration#print-effective-configs for more info.
Though the "loose" option was set to "true" in your @babel/preset-env config, it will not be used for @babel/plugin-transform-private-methods since the "loose" mode option was set to "false" for @babel/plugin-transform-private-property-in-object.
The "loose" option must be the same for @babel/plugin-transform-class-properties, @babel/plugin-transform-private-methods and @babel/plugin-transform-private-property-in-object (when they are enabled): you can silence this warning by explicitly adding
	["@babel/plugin-transform-private-methods", { "loose": false }]
to the "plugins" section of your Babel config.

If you already set the same 'loose' mode for these plugins in your config, it's possible that they are enabled multiple times with different options.
You can re-run Babel with the BABEL_SHOW_CONFIG_FOR environment variable to show the loaded configuration:
	npx cross-env BABEL_SHOW_CONFIG_FOR=/Users/Ajaya/Documents/TizenGitTVApp/node_modules/@mui/utils/useLazyRef/index.js <your build command>
See https://babeljs.io/docs/configuration#print-effective-configs for more info.
Though the "loose" option was set to "true" in your @babel/preset-env config, it will not be used for @babel/plugin-transform-private-property-in-object since the "loose" mode option was set to "false" for @babel/plugin-transform-class-properties.
The "loose" option must be the same for @babel/plugin-transform-class-properties, @babel/plugin-transform-private-methods and @babel/plugin-transform-private-property-in-object (when they are enabled): you can silence this warning by explicitly adding
	["@babel/plugin-transform-private-property-in-object", { "loose": false }]
to the "plugins" section of your Babel config.

If you already set the same 'loose' mode for these plugins in your config, it's possible that they are enabled multiple times with different options.
You can re-run Babel with the BABEL_SHOW_CONFIG_FOR environment variable to show the loaded configuration:
	npx cross-env BABEL_SHOW_CONFIG_FOR=/Users/Ajaya/Documents/TizenGitTVApp/node_modules/@mui/material/DialogContentText/dialogContentTextClasses.js <your build command>
See https://babeljs.io/docs/configuration#print-effective-configs for more info.
Though the "loose" option was set to "true" in your @babel/preset-env config, it will not be used for @babel/plugin-transform-private-methods since the "loose" mode option was set to "false" for @babel/plugin-transform-private-property-in-object.
The "loose" option must be the same for @babel/plugin-transform-class-properties, @babel/plugin-transform-private-methods and @babel/plugin-transform-private-property-in-object (when they are enabled): you can silence this warning by explicitly adding
	["@babel/plugin-transform-private-methods", { "loose": false }]
to the "plugins" section of your Babel config.

If you already set the same 'loose' mode for these plugins in your config, it's possible that they are enabled multiple times with different options.
You can re-run Babel with the BABEL_SHOW_CONFIG_FOR environment variable to show the loaded configuration:
	npx cross-env BABEL_SHOW_CONFIG_FOR=/Users/Ajaya/Documents/TizenGitTVApp/node_modules/@mui/material/DialogContentText/dialogContentTextClasses.js <your build command>
See https://babeljs.io/docs/configuration#print-effective-configs for more info.
Though the "loose" option was set to "true" in your @babel/preset-env config, it will not be used for @babel/plugin-transform-private-property-in-object since the "loose" mode option was set to "false" for @babel/plugin-transform-class-properties.
The "loose" option must be the same for @babel/plugin-transform-class-properties, @babel/plugin-transform-private-methods and @babel/plugin-transform-private-property-in-object (when they are enabled): you can silence this warning by explicitly adding
	["@babel/plugin-transform-private-property-in-object", { "loose": false }]
to the "plugins" section of your Babel config.

If you already set the same 'loose' mode for these plugins in your config, it's possible that they are enabled multiple times with different options.
You can re-run Babel with the BABEL_SHOW_CONFIG_FOR environment variable to show the loaded configuration:
	npx cross-env BABEL_SHOW_CONFIG_FOR=/Users/Ajaya/Documents/TizenGitTVApp/node_modules/@mui/material/DialogTitle/DialogTitle.js <your build command>
See https://babeljs.io/docs/configuration#print-effective-configs for more info.
Though the "loose" option was set to "true" in your @babel/preset-env config, it will not be used for @babel/plugin-transform-private-methods since the "loose" mode option was set to "false" for @babel/plugin-transform-private-property-in-object.
The "loose" option must be the same for @babel/plugin-transform-class-properties, @babel/plugin-transform-private-methods and @babel/plugin-transform-private-property-in-object (when they are enabled): you can silence this warning by explicitly adding
	["@babel/plugin-transform-private-methods", { "loose": false }]
to the "plugins" section of your Babel config.

If you already set the same 'loose' mode for these plugins in your config, it's possible that they are enabled multiple times with different options.
You can re-run Babel with the BABEL_SHOW_CONFIG_FOR environment variable to show the loaded configuration:
	npx cross-env BABEL_SHOW_CONFIG_FOR=/Users/Ajaya/Documents/TizenGitTVApp/node_modules/@mui/material/DialogTitle/DialogTitle.js <your build command>
See https://babeljs.io/docs/configuration#print-effective-configs for more info.
Though the "loose" option was set to "true" in your @babel/preset-env config, it will not be used for @babel/plugin-transform-private-property-in-object since the "loose" mode option was set to "false" for @babel/plugin-transform-class-properties.
The "loose" option must be the same for @babel/plugin-transform-class-properties, @babel/plugin-transform-private-methods and @babel/plugin-transform-private-property-in-object (when they are enabled): you can silence this warning by explicitly adding
	["@babel/plugin-transform-private-property-in-object", { "loose": false }]
to the "plugins" section of your Babel config.

If you already set the same 'loose' mode for these plugins in your config, it's possible that they are enabled multiple times with different options.
You can re-run Babel with the BABEL_SHOW_CONFIG_FOR environment variable to show the loaded configuration:
	npx cross-env BABEL_SHOW_CONFIG_FOR=/Users/Ajaya/Documents/TizenGitTVApp/node_modules/@mui/material/DialogContentText/DialogContentText.js <your build command>
See https://babeljs.io/docs/configuration#print-effective-configs for more info.
Though the "loose" option was set to "true" in your @babel/preset-env config, it will not be used for @babel/plugin-transform-private-methods since the "loose" mode option was set to "false" for @babel/plugin-transform-private-property-in-object.
The "loose" option must be the same for @babel/plugin-transform-class-properties, @babel/plugin-transform-private-methods and @babel/plugin-transform-private-property-in-object (when they are enabled): you can silence this warning by explicitly adding
	["@babel/plugin-transform-private-methods", { "loose": false }]
to the "plugins" section of your Babel config.

If you already set the same 'loose' mode for these plugins in your config, it's possible that they are enabled multiple times with different options.
You can re-run Babel with the BABEL_SHOW_CONFIG_FOR environment variable to show the loaded configuration:
	npx cross-env BABEL_SHOW_CONFIG_FOR=/Users/Ajaya/Documents/TizenGitTVApp/node_modules/@mui/material/DialogContentText/DialogContentText.js <your build command>
See https://babeljs.io/docs/configuration#print-effective-configs for more info.
Though the "loose" option was set to "true" in your @babel/preset-env config, it will not be used for @babel/plugin-transform-private-property-in-object since the "loose" mode option was set to "false" for @babel/plugin-transform-class-properties.
The "loose" option must be the same for @babel/plugin-transform-class-properties, @babel/plugin-transform-private-methods and @babel/plugin-transform-private-property-in-object (when they are enabled): you can silence this warning by explicitly adding
	["@babel/plugin-transform-private-property-in-object", { "loose": false }]
to the "plugins" section of your Babel config.

If you already set the same 'loose' mode for these plugins in your config, it's possible that they are enabled multiple times with different options.
You can re-run Babel with the BABEL_SHOW_CONFIG_FOR environment variable to show the loaded configuration:
	npx cross-env BABEL_SHOW_CONFIG_FOR=/Users/Ajaya/Documents/TizenGitTVApp/node_modules/@mui/material/CardMedia/cardMediaClasses.js <your build command>
See https://babeljs.io/docs/configuration#print-effective-configs for more info.
Though the "loose" option was set to "true" in your @babel/preset-env config, it will not be used for @babel/plugin-transform-private-methods since the "loose" mode option was set to "false" for @babel/plugin-transform-private-property-in-object.
The "loose" option must be the same for @babel/plugin-transform-class-properties, @babel/plugin-transform-private-methods and @babel/plugin-transform-private-property-in-object (when they are enabled): you can silence this warning by explicitly adding
	["@babel/plugin-transform-private-methods", { "loose": false }]
to the "plugins" section of your Babel config.

If you already set the same 'loose' mode for these plugins in your config, it's possible that they are enabled multiple times with different options.
You can re-run Babel with the BABEL_SHOW_CONFIG_FOR environment variable to show the loaded configuration:
	npx cross-env BABEL_SHOW_CONFIG_FOR=/Users/Ajaya/Documents/TizenGitTVApp/node_modules/@mui/material/CardMedia/cardMediaClasses.js <your build command>
See https://babeljs.io/docs/configuration#print-effective-configs for more info.
Though the "loose" option was set to "true" in your @babel/preset-env config, it will not be used for @babel/plugin-transform-private-property-in-object since the "loose" mode option was set to "false" for @babel/plugin-transform-class-properties.
The "loose" option must be the same for @babel/plugin-transform-class-properties, @babel/plugin-transform-private-methods and @babel/plugin-transform-private-property-in-object (when they are enabled): you can silence this warning by explicitly adding
	["@babel/plugin-transform-private-property-in-object", { "loose": false }]
to the "plugins" section of your Babel config.

If you already set the same 'loose' mode for these plugins in your config, it's possible that they are enabled multiple times with different options.
You can re-run Babel with the BABEL_SHOW_CONFIG_FOR environment variable to show the loaded configuration:
	npx cross-env BABEL_SHOW_CONFIG_FOR=/Users/Ajaya/Documents/TizenGitTVApp/node_modules/@mui/material/CardMedia/CardMedia.js <your build command>
See https://babeljs.io/docs/configuration#print-effective-configs for more info.
Though the "loose" option was set to "true" in your @babel/preset-env config, it will not be used for @babel/plugin-transform-private-methods since the "loose" mode option was set to "false" for @babel/plugin-transform-private-property-in-object.
The "loose" option must be the same for @babel/plugin-transform-class-properties, @babel/plugin-transform-private-methods and @babel/plugin-transform-private-property-in-object (when they are enabled): you can silence this warning by explicitly adding
	["@babel/plugin-transform-private-methods", { "loose": false }]
to the "plugins" section of your Babel config.

If you already set the same 'loose' mode for these plugins in your config, it's possible that they are enabled multiple times with different options.
You can re-run Babel with the BABEL_SHOW_CONFIG_FOR environment variable to show the loaded configuration:
	npx cross-env BABEL_SHOW_CONFIG_FOR=/Users/Ajaya/Documents/TizenGitTVApp/node_modules/@mui/material/CardMedia/CardMedia.js <your build command>
See https://babeljs.io/docs/configuration#print-effective-configs for more info.
Though the "loose" option was set to "true" in your @babel/preset-env config, it will not be used for @babel/plugin-transform-private-property-in-object since the "loose" mode option was set to "false" for @babel/plugin-transform-class-properties.
The "loose" option must be the same for @babel/plugin-transform-class-properties, @babel/plugin-transform-private-methods and @babel/plugin-transform-private-property-in-object (when they are enabled): you can silence this warning by explicitly adding
	["@babel/plugin-transform-private-property-in-object", { "loose": false }]
to the "plugins" section of your Babel config.

If you already set the same 'loose' mode for these plugins in your config, it's possible that they are enabled multiple times with different options.
You can re-run Babel with the BABEL_SHOW_CONFIG_FOR environment variable to show the loaded configuration:
	npx cross-env BABEL_SHOW_CONFIG_FOR=/Users/Ajaya/Documents/TizenGitTVApp/node_modules/@mui/material/ButtonGroup/ButtonGroupButtonContext.js <your build command>
See https://babeljs.io/docs/configuration#print-effective-configs for more info.
Though the "loose" option was set to "true" in your @babel/preset-env config, it will not be used for @babel/plugin-transform-private-methods since the "loose" mode option was set to "false" for @babel/plugin-transform-private-property-in-object.
The "loose" option must be the same for @babel/plugin-transform-class-properties, @babel/plugin-transform-private-methods and @babel/plugin-transform-private-property-in-object (when they are enabled): you can silence this warning by explicitly adding
	["@babel/plugin-transform-private-methods", { "loose": false }]
to the "plugins" section of your Babel config.

If you already set the same 'loose' mode for these plugins in your config, it's possible that they are enabled multiple times with different options.
You can re-run Babel with the BABEL_SHOW_CONFIG_FOR environment variable to show the loaded configuration:
	npx cross-env BABEL_SHOW_CONFIG_FOR=/Users/Ajaya/Documents/TizenGitTVApp/node_modules/@mui/material/ButtonGroup/ButtonGroupButtonContext.js <your build command>
See https://babeljs.io/docs/configuration#print-effective-configs for more info.
Though the "loose" option was set to "true" in your @babel/preset-env config, it will not be used for @babel/plugin-transform-private-property-in-object since the "loose" mode option was set to "false" for @babel/plugin-transform-class-properties.
The "loose" option must be the same for @babel/plugin-transform-class-properties, @babel/plugin-transform-private-methods and @babel/plugin-transform-private-property-in-object (when they are enabled): you can silence this warning by explicitly adding
	["@babel/plugin-transform-private-property-in-object", { "loose": false }]
to the "plugins" section of your Babel config.

If you already set the same 'loose' mode for these plugins in your config, it's possible that they are enabled multiple times with different options.
You can re-run Babel with the BABEL_SHOW_CONFIG_FOR environment variable to show the loaded configuration:
	npx cross-env BABEL_SHOW_CONFIG_FOR=/Users/Ajaya/Documents/TizenGitTVApp/node_modules/@mui/material/Card/cardClasses.js <your build command>
See https://babeljs.io/docs/configuration#print-effective-configs for more info.
Though the "loose" option was set to "true" in your @babel/preset-env config, it will not be used for @babel/plugin-transform-private-methods since the "loose" mode option was set to "false" for @babel/plugin-transform-private-property-in-object.
The "loose" option must be the same for @babel/plugin-transform-class-properties, @babel/plugin-transform-private-methods and @babel/plugin-transform-private-property-in-object (when they are enabled): you can silence this warning by explicitly adding
	["@babel/plugin-transform-private-methods", { "loose": false }]
to the "plugins" section of your Babel config.

If you already set the same 'loose' mode for these plugins in your config, it's possible that they are enabled multiple times with different options.
You can re-run Babel with the BABEL_SHOW_CONFIG_FOR environment variable to show the loaded configuration:
	npx cross-env BABEL_SHOW_CONFIG_FOR=/Users/Ajaya/Documents/TizenGitTVApp/node_modules/@mui/material/Card/cardClasses.js <your build command>
See https://babeljs.io/docs/configuration#print-effective-configs for more info.
Though the "loose" option was set to "true" in your @babel/preset-env config, it will not be used for @babel/plugin-transform-private-property-in-object since the "loose" mode option was set to "false" for @babel/plugin-transform-class-properties.
The "loose" option must be the same for @babel/plugin-transform-class-properties, @babel/plugin-transform-private-methods and @babel/plugin-transform-private-property-in-object (when they are enabled): you can silence this warning by explicitly adding
	["@babel/plugin-transform-private-property-in-object", { "loose": false }]
to the "plugins" section of your Babel config.

If you already set the same 'loose' mode for these plugins in your config, it's possible that they are enabled multiple times with different options.
You can re-run Babel with the BABEL_SHOW_CONFIG_FOR environment variable to show the loaded configuration:
	npx cross-env BABEL_SHOW_CONFIG_FOR=/Users/Ajaya/Documents/TizenGitTVApp/node_modules/@mui/material/ButtonGroup/ButtonGroupContext.js <your build command>
See https://babeljs.io/docs/configuration#print-effective-configs for more info.
Though the "loose" option was set to "true" in your @babel/preset-env config, it will not be used for @babel/plugin-transform-private-methods since the "loose" mode option was set to "false" for @babel/plugin-transform-private-property-in-object.
The "loose" option must be the same for @babel/plugin-transform-class-properties, @babel/plugin-transform-private-methods and @babel/plugin-transform-private-property-in-object (when they are enabled): you can silence this warning by explicitly adding
	["@babel/plugin-transform-private-methods", { "loose": false }]
to the "plugins" section of your Babel config.

If you already set the same 'loose' mode for these plugins in your config, it's possible that they are enabled multiple times with different options.
You can re-run Babel with the BABEL_SHOW_CONFIG_FOR environment variable to show the loaded configuration:
	npx cross-env BABEL_SHOW_CONFIG_FOR=/Users/Ajaya/Documents/TizenGitTVApp/node_modules/@mui/material/ButtonGroup/ButtonGroupContext.js <your build command>
See https://babeljs.io/docs/configuration#print-effective-configs for more info.
Though the "loose" option was set to "true" in your @babel/preset-env config, it will not be used for @babel/plugin-transform-private-property-in-object since the "loose" mode option was set to "false" for @babel/plugin-transform-class-properties.
The "loose" option must be the same for @babel/plugin-transform-class-properties, @babel/plugin-transform-private-methods and @babel/plugin-transform-private-property-in-object (when they are enabled): you can silence this warning by explicitly adding
	["@babel/plugin-transform-private-property-in-object", { "loose": false }]
to the "plugins" section of your Babel config.

If you already set the same 'loose' mode for these plugins in your config, it's possible that they are enabled multiple times with different options.
You can re-run Babel with the BABEL_SHOW_CONFIG_FOR environment variable to show the loaded configuration:
	npx cross-env BABEL_SHOW_CONFIG_FOR=/Users/Ajaya/Documents/TizenGitTVApp/node_modules/@mui/material/Box/boxClasses.js <your build command>
See https://babeljs.io/docs/configuration#print-effective-configs for more info.
Though the "loose" option was set to "true" in your @babel/preset-env config, it will not be used for @babel/plugin-transform-private-methods since the "loose" mode option was set to "false" for @babel/plugin-transform-private-property-in-object.
The "loose" option must be the same for @babel/plugin-transform-class-properties, @babel/plugin-transform-private-methods and @babel/plugin-transform-private-property-in-object (when they are enabled): you can silence this warning by explicitly adding
	["@babel/plugin-transform-private-methods", { "loose": false }]
to the "plugins" section of your Babel config.

If you already set the same 'loose' mode for these plugins in your config, it's possible that they are enabled multiple times with different options.
You can re-run Babel with the BABEL_SHOW_CONFIG_FOR environment variable to show the loaded configuration:
	npx cross-env BABEL_SHOW_CONFIG_FOR=/Users/Ajaya/Documents/TizenGitTVApp/node_modules/@mui/material/Box/boxClasses.js <your build command>
See https://babeljs.io/docs/configuration#print-effective-configs for more info.
Though the "loose" option was set to "true" in your @babel/preset-env config, it will not be used for @babel/plugin-transform-private-property-in-object since the "loose" mode option was set to "false" for @babel/plugin-transform-class-properties.
The "loose" option must be the same for @babel/plugin-transform-class-properties, @babel/plugin-transform-private-methods and @babel/plugin-transform-private-property-in-object (when they are enabled): you can silence this warning by explicitly adding
	["@babel/plugin-transform-private-property-in-object", { "loose": false }]
to the "plugins" section of your Babel config.

If you already set the same 'loose' mode for these plugins in your config, it's possible that they are enabled multiple times with different options.
You can re-run Babel with the BABEL_SHOW_CONFIG_FOR environment variable to show the loaded configuration:
	npx cross-env BABEL_SHOW_CONFIG_FOR=/Users/Ajaya/Documents/TizenGitTVApp/node_modules/@mui/material/Box/Box.js <your build command>
See https://babeljs.io/docs/configuration#print-effective-configs for more info.
Though the "loose" option was set to "true" in your @babel/preset-env config, it will not be used for @babel/plugin-transform-private-methods since the "loose" mode option was set to "false" for @babel/plugin-transform-private-property-in-object.
The "loose" option must be the same for @babel/plugin-transform-class-properties, @babel/plugin-transform-private-methods and @babel/plugin-transform-private-property-in-object (when they are enabled): you can silence this warning by explicitly adding
	["@babel/plugin-transform-private-methods", { "loose": false }]
to the "plugins" section of your Babel config.

If you already set the same 'loose' mode for these plugins in your config, it's possible that they are enabled multiple times with different options.
You can re-run Babel with the BABEL_SHOW_CONFIG_FOR environment variable to show the loaded configuration:
	npx cross-env BABEL_SHOW_CONFIG_FOR=/Users/Ajaya/Documents/TizenGitTVApp/node_modules/@mui/material/Box/Box.js <your build command>
See https://babeljs.io/docs/configuration#print-effective-configs for more info.
Though the "loose" option was set to "true" in your @babel/preset-env config, it will not be used for @babel/plugin-transform-private-property-in-object since the "loose" mode option was set to "false" for @babel/plugin-transform-class-properties.
The "loose" option must be the same for @babel/plugin-transform-class-properties, @babel/plugin-transform-private-methods and @babel/plugin-transform-private-property-in-object (when they are enabled): you can silence this warning by explicitly adding
	["@babel/plugin-transform-private-property-in-object", { "loose": false }]
to the "plugins" section of your Babel config.

If you already set the same 'loose' mode for these plugins in your config, it's possible that they are enabled multiple times with different options.
You can re-run Babel with the BABEL_SHOW_CONFIG_FOR environment variable to show the loaded configuration:
	npx cross-env BABEL_SHOW_CONFIG_FOR=/Users/Ajaya/Documents/TizenGitTVApp/node_modules/@mui/material/Button/Button.js <your build command>
See https://babeljs.io/docs/configuration#print-effective-configs for more info.
Though the "loose" option was set to "true" in your @babel/preset-env config, it will not be used for @babel/plugin-transform-private-methods since the "loose" mode option was set to "false" for @babel/plugin-transform-private-property-in-object.
The "loose" option must be the same for @babel/plugin-transform-class-properties, @babel/plugin-transform-private-methods and @babel/plugin-transform-private-property-in-object (when they are enabled): you can silence this warning by explicitly adding
	["@babel/plugin-transform-private-methods", { "loose": false }]
to the "plugins" section of your Babel config.

If you already set the same 'loose' mode for these plugins in your config, it's possible that they are enabled multiple times with different options.
You can re-run Babel with the BABEL_SHOW_CONFIG_FOR environment variable to show the loaded configuration:
	npx cross-env BABEL_SHOW_CONFIG_FOR=/Users/Ajaya/Documents/TizenGitTVApp/node_modules/@mui/material/Button/Button.js <your build command>
See https://babeljs.io/docs/configuration#print-effective-configs for more info.
Though the "loose" option was set to "true" in your @babel/preset-env config, it will not be used for @babel/plugin-transform-private-property-in-object since the "loose" mode option was set to "false" for @babel/plugin-transform-class-properties.
The "loose" option must be the same for @babel/plugin-transform-class-properties, @babel/plugin-transform-private-methods and @babel/plugin-transform-private-property-in-object (when they are enabled): you can silence this warning by explicitly adding
	["@babel/plugin-transform-private-property-in-object", { "loose": false }]
to the "plugins" section of your Babel config.

If you already set the same 'loose' mode for these plugins in your config, it's possible that they are enabled multiple times with different options.
You can re-run Babel with the BABEL_SHOW_CONFIG_FOR environment variable to show the loaded configuration:
	npx cross-env BABEL_SHOW_CONFIG_FOR=/Users/Ajaya/Documents/TizenGitTVApp/node_modules/@mui/material/Button/buttonClasses.js <your build command>
See https://babeljs.io/docs/configuration#print-effective-configs for more info.
Though the "loose" option was set to "true" in your @babel/preset-env config, it will not be used for @babel/plugin-transform-private-methods since the "loose" mode option was set to "false" for @babel/plugin-transform-private-property-in-object.
The "loose" option must be the same for @babel/plugin-transform-class-properties, @babel/plugin-transform-private-methods and @babel/plugin-transform-private-property-in-object (when they are enabled): you can silence this warning by explicitly adding
	["@babel/plugin-transform-private-methods", { "loose": false }]
to the "plugins" section of your Babel config.

If you already set the same 'loose' mode for these plugins in your config, it's possible that they are enabled multiple times with different options.
You can re-run Babel with the BABEL_SHOW_CONFIG_FOR environment variable to show the loaded configuration:
	npx cross-env BABEL_SHOW_CONFIG_FOR=/Users/Ajaya/Documents/TizenGitTVApp/node_modules/@mui/material/Button/buttonClasses.js <your build command>
See https://babeljs.io/docs/configuration#print-effective-configs for more info.
Though the "loose" option was set to "true" in your @babel/preset-env config, it will not be used for @babel/plugin-transform-private-property-in-object since the "loose" mode option was set to "false" for @babel/plugin-transform-class-properties.
The "loose" option must be the same for @babel/plugin-transform-class-properties, @babel/plugin-transform-private-methods and @babel/plugin-transform-private-property-in-object (when they are enabled): you can silence this warning by explicitly adding
	["@babel/plugin-transform-private-property-in-object", { "loose": false }]
to the "plugins" section of your Babel config.

If you already set the same 'loose' mode for these plugins in your config, it's possible that they are enabled multiple times with different options.
You can re-run Babel with the BABEL_SHOW_CONFIG_FOR environment variable to show the loaded configuration:
	npx cross-env BABEL_SHOW_CONFIG_FOR=/Users/Ajaya/Documents/TizenGitTVApp/node_modules/@mui/material/Breadcrumbs/breadcrumbsClasses.js <your build command>
See https://babeljs.io/docs/configuration#print-effective-configs for more info.
Though the "loose" option was set to "true" in your @babel/preset-env config, it will not be used for @babel/plugin-transform-private-methods since the "loose" mode option was set to "false" for @babel/plugin-transform-private-property-in-object.
The "loose" option must be the same for @babel/plugin-transform-class-properties, @babel/plugin-transform-private-methods and @babel/plugin-transform-private-property-in-object (when they are enabled): you can silence this warning by explicitly adding
	["@babel/plugin-transform-private-methods", { "loose": false }]
to the "plugins" section of your Babel config.

If you already set the same 'loose' mode for these plugins in your config, it's possible that they are enabled multiple times with different options.
You can re-run Babel with the BABEL_SHOW_CONFIG_FOR environment variable to show the loaded configuration:
	npx cross-env BABEL_SHOW_CONFIG_FOR=/Users/Ajaya/Documents/TizenGitTVApp/node_modules/@mui/material/Breadcrumbs/breadcrumbsClasses.js <your build command>
See https://babeljs.io/docs/configuration#print-effective-configs for more info.
Though the "loose" option was set to "true" in your @babel/preset-env config, it will not be used for @babel/plugin-transform-private-property-in-object since the "loose" mode option was set to "false" for @babel/plugin-transform-class-properties.
The "loose" option must be the same for @babel/plugin-transform-class-properties, @babel/plugin-transform-private-methods and @babel/plugin-transform-private-property-in-object (when they are enabled): you can silence this warning by explicitly adding
	["@babel/plugin-transform-private-property-in-object", { "loose": false }]
to the "plugins" section of your Babel config.

If you already set the same 'loose' mode for these plugins in your config, it's possible that they are enabled multiple times with different options.
You can re-run Babel with the BABEL_SHOW_CONFIG_FOR environment variable to show the loaded configuration:
	npx cross-env BABEL_SHOW_CONFIG_FOR=/Users/Ajaya/Documents/TizenGitTVApp/node_modules/@mui/material/ButtonGroup/buttonGroupClasses.js <your build command>
See https://babeljs.io/docs/configuration#print-effective-configs for more info.
Though the "loose" option was set to "true" in your @babel/preset-env config, it will not be used for @babel/plugin-transform-private-methods since the "loose" mode option was set to "false" for @babel/plugin-transform-private-property-in-object.
The "loose" option must be the same for @babel/plugin-transform-class-properties, @babel/plugin-transform-private-methods and @babel/plugin-transform-private-property-in-object (when they are enabled): you can silence this warning by explicitly adding
	["@babel/plugin-transform-private-methods", { "loose": false }]
to the "plugins" section of your Babel config.

If you already set the same 'loose' mode for these plugins in your config, it's possible that they are enabled multiple times with different options.
You can re-run Babel with the BABEL_SHOW_CONFIG_FOR environment variable to show the loaded configuration:
	npx cross-env BABEL_SHOW_CONFIG_FOR=/Users/Ajaya/Documents/TizenGitTVApp/node_modules/@mui/material/ButtonGroup/buttonGroupClasses.js <your build command>
See https://babeljs.io/docs/configuration#print-effective-configs for more info.
Though the "loose" option was set to "true" in your @babel/preset-env config, it will not be used for @babel/plugin-transform-private-property-in-object since the "loose" mode option was set to "false" for @babel/plugin-transform-class-properties.
The "loose" option must be the same for @babel/plugin-transform-class-properties, @babel/plugin-transform-private-methods and @babel/plugin-transform-private-property-in-object (when they are enabled): you can silence this warning by explicitly adding
	["@babel/plugin-transform-private-property-in-object", { "loose": false }]
to the "plugins" section of your Babel config.

If you already set the same 'loose' mode for these plugins in your config, it's possible that they are enabled multiple times with different options.
You can re-run Babel with the BABEL_SHOW_CONFIG_FOR environment variable to show the loaded configuration:
	npx cross-env BABEL_SHOW_CONFIG_FOR=/Users/Ajaya/Documents/TizenGitTVApp/node_modules/@mui/material/Card/Card.js <your build command>
See https://babeljs.io/docs/configuration#print-effective-configs for more info.
Though the "loose" option was set to "true" in your @babel/preset-env config, it will not be used for @babel/plugin-transform-private-methods since the "loose" mode option was set to "false" for @babel/plugin-transform-private-property-in-object.
The "loose" option must be the same for @babel/plugin-transform-class-properties, @babel/plugin-transform-private-methods and @babel/plugin-transform-private-property-in-object (when they are enabled): you can silence this warning by explicitly adding
	["@babel/plugin-transform-private-methods", { "loose": false }]
to the "plugins" section of your Babel config.

If you already set the same 'loose' mode for these plugins in your config, it's possible that they are enabled multiple times with different options.
You can re-run Babel with the BABEL_SHOW_CONFIG_FOR environment variable to show the loaded configuration:
	npx cross-env BABEL_SHOW_CONFIG_FOR=/Users/Ajaya/Documents/TizenGitTVApp/node_modules/@mui/material/Card/Card.js <your build command>
See https://babeljs.io/docs/configuration#print-effective-configs for more info.
Though the "loose" option was set to "true" in your @babel/preset-env config, it will not be used for @babel/plugin-transform-private-property-in-object since the "loose" mode option was set to "false" for @babel/plugin-transform-class-properties.
The "loose" option must be the same for @babel/plugin-transform-class-properties, @babel/plugin-transform-private-methods and @babel/plugin-transform-private-property-in-object (when they are enabled): you can silence this warning by explicitly adding
	["@babel/plugin-transform-private-property-in-object", { "loose": false }]
to the "plugins" section of your Babel config.

If you already set the same 'loose' mode for these plugins in your config, it's possible that they are enabled multiple times with different options.
You can re-run Babel with the BABEL_SHOW_CONFIG_FOR environment variable to show the loaded configuration:
	npx cross-env BABEL_SHOW_CONFIG_FOR=/Users/Ajaya/Documents/TizenGitTVApp/node_modules/@mui/material/CardActionArea/CardActionArea.js <your build command>
See https://babeljs.io/docs/configuration#print-effective-configs for more info.
Though the "loose" option was set to "true" in your @babel/preset-env config, it will not be used for @babel/plugin-transform-private-methods since the "loose" mode option was set to "false" for @babel/plugin-transform-private-property-in-object.
The "loose" option must be the same for @babel/plugin-transform-class-properties, @babel/plugin-transform-private-methods and @babel/plugin-transform-private-property-in-object (when they are enabled): you can silence this warning by explicitly adding
	["@babel/plugin-transform-private-methods", { "loose": false }]
to the "plugins" section of your Babel config.

If you already set the same 'loose' mode for these plugins in your config, it's possible that they are enabled multiple times with different options.
You can re-run Babel with the BABEL_SHOW_CONFIG_FOR environment variable to show the loaded configuration:
	npx cross-env BABEL_SHOW_CONFIG_FOR=/Users/Ajaya/Documents/TizenGitTVApp/node_modules/@mui/material/CardActionArea/CardActionArea.js <your build command>
See https://babeljs.io/docs/configuration#print-effective-configs for more info.
Though the "loose" option was set to "true" in your @babel/preset-env config, it will not be used for @babel/plugin-transform-private-property-in-object since the "loose" mode option was set to "false" for @babel/plugin-transform-class-properties.
The "loose" option must be the same for @babel/plugin-transform-class-properties, @babel/plugin-transform-private-methods and @babel/plugin-transform-private-property-in-object (when they are enabled): you can silence this warning by explicitly adding
	["@babel/plugin-transform-private-property-in-object", { "loose": false }]
to the "plugins" section of your Babel config.

If you already set the same 'loose' mode for these plugins in your config, it's possible that they are enabled multiple times with different options.
You can re-run Babel with the BABEL_SHOW_CONFIG_FOR environment variable to show the loaded configuration:
	npx cross-env BABEL_SHOW_CONFIG_FOR=/Users/Ajaya/Documents/TizenGitTVApp/node_modules/@mui/material/Breadcrumbs/Breadcrumbs.js <your build command>
See https://babeljs.io/docs/configuration#print-effective-configs for more info.
Though the "loose" option was set to "true" in your @babel/preset-env config, it will not be used for @babel/plugin-transform-private-methods since the "loose" mode option was set to "false" for @babel/plugin-transform-private-property-in-object.
The "loose" option must be the same for @babel/plugin-transform-class-properties, @babel/plugin-transform-private-methods and @babel/plugin-transform-private-property-in-object (when they are enabled): you can silence this warning by explicitly adding
	["@babel/plugin-transform-private-methods", { "loose": false }]
to the "plugins" section of your Babel config.

If you already set the same 'loose' mode for these plugins in your config, it's possible that they are enabled multiple times with different options.
You can re-run Babel with the BABEL_SHOW_CONFIG_FOR environment variable to show the loaded configuration:
	npx cross-env BABEL_SHOW_CONFIG_FOR=/Users/Ajaya/Documents/TizenGitTVApp/node_modules/@mui/material/Breadcrumbs/Breadcrumbs.js <your build command>
See https://babeljs.io/docs/configuration#print-effective-configs for more info.
Though the "loose" option was set to "true" in your @babel/preset-env config, it will not be used for @babel/plugin-transform-private-property-in-object since the "loose" mode option was set to "false" for @babel/plugin-transform-class-properties.
The "loose" option must be the same for @babel/plugin-transform-class-properties, @babel/plugin-transform-private-methods and @babel/plugin-transform-private-property-in-object (when they are enabled): you can silence this warning by explicitly adding
	["@babel/plugin-transform-private-property-in-object", { "loose": false }]
to the "plugins" section of your Babel config.

If you already set the same 'loose' mode for these plugins in your config, it's possible that they are enabled multiple times with different options.
You can re-run Babel with the BABEL_SHOW_CONFIG_FOR environment variable to show the loaded configuration:
	npx cross-env BABEL_SHOW_CONFIG_FOR=/Users/Ajaya/Documents/TizenGitTVApp/node_modules/@mui/material/CardActionArea/cardActionAreaClasses.js <your build command>
See https://babeljs.io/docs/configuration#print-effective-configs for more info.
Though the "loose" option was set to "true" in your @babel/preset-env config, it will not be used for @babel/plugin-transform-private-methods since the "loose" mode option was set to "false" for @babel/plugin-transform-private-property-in-object.
The "loose" option must be the same for @babel/plugin-transform-class-properties, @babel/plugin-transform-private-methods and @babel/plugin-transform-private-property-in-object (when they are enabled): you can silence this warning by explicitly adding
	["@babel/plugin-transform-private-methods", { "loose": false }]
to the "plugins" section of your Babel config.

If you already set the same 'loose' mode for these plugins in your config, it's possible that they are enabled multiple times with different options.
You can re-run Babel with the BABEL_SHOW_CONFIG_FOR environment variable to show the loaded configuration:
	npx cross-env BABEL_SHOW_CONFIG_FOR=/Users/Ajaya/Documents/TizenGitTVApp/node_modules/@mui/material/CardActionArea/cardActionAreaClasses.js <your build command>
See https://babeljs.io/docs/configuration#print-effective-configs for more info.
Though the "loose" option was set to "true" in your @babel/preset-env config, it will not be used for @babel/plugin-transform-private-property-in-object since the "loose" mode option was set to "false" for @babel/plugin-transform-class-properties.
The "loose" option must be the same for @babel/plugin-transform-class-properties, @babel/plugin-transform-private-methods and @babel/plugin-transform-private-property-in-object (when they are enabled): you can silence this warning by explicitly adding
	["@babel/plugin-transform-private-property-in-object", { "loose": false }]
to the "plugins" section of your Babel config.

If you already set the same 'loose' mode for these plugins in your config, it's possible that they are enabled multiple times with different options.
You can re-run Babel with the BABEL_SHOW_CONFIG_FOR environment variable to show the loaded configuration:
	npx cross-env BABEL_SHOW_CONFIG_FOR=/Users/Ajaya/Documents/TizenGitTVApp/node_modules/@mui/material/ButtonGroup/ButtonGroup.js <your build command>
See https://babeljs.io/docs/configuration#print-effective-configs for more info.
Though the "loose" option was set to "true" in your @babel/preset-env config, it will not be used for @babel/plugin-transform-private-methods since the "loose" mode option was set to "false" for @babel/plugin-transform-private-property-in-object.
The "loose" option must be the same for @babel/plugin-transform-class-properties, @babel/plugin-transform-private-methods and @babel/plugin-transform-private-property-in-object (when they are enabled): you can silence this warning by explicitly adding
	["@babel/plugin-transform-private-methods", { "loose": false }]
to the "plugins" section of your Babel config.

If you already set the same 'loose' mode for these plugins in your config, it's possible that they are enabled multiple times with different options.
You can re-run Babel with the BABEL_SHOW_CONFIG_FOR environment variable to show the loaded configuration:
	npx cross-env BABEL_SHOW_CONFIG_FOR=/Users/Ajaya/Documents/TizenGitTVApp/node_modules/@mui/material/ButtonGroup/ButtonGroup.js <your build command>
See https://babeljs.io/docs/configuration#print-effective-configs for more info.
Though the "loose" option was set to "true" in your @babel/preset-env config, it will not be used for @babel/plugin-transform-private-property-in-object since the "loose" mode option was set to "false" for @babel/plugin-transform-class-properties.
The "loose" option must be the same for @babel/plugin-transform-class-properties, @babel/plugin-transform-private-methods and @babel/plugin-transform-private-property-in-object (when they are enabled): you can silence this warning by explicitly adding
	["@babel/plugin-transform-private-property-in-object", { "loose": false }]
to the "plugins" section of your Babel config.

If you already set the same 'loose' mode for these plugins in your config, it's possible that they are enabled multiple times with different options.
You can re-run Babel with the BABEL_SHOW_CONFIG_FOR environment variable to show the loaded configuration:
	npx cross-env BABEL_SHOW_CONFIG_FOR=/Users/Ajaya/Documents/TizenGitTVApp/node_modules/@mui/material/CardActions/CardActions.js <your build command>
See https://babeljs.io/docs/configuration#print-effective-configs for more info.
Though the "loose" option was set to "true" in your @babel/preset-env config, it will not be used for @babel/plugin-transform-private-methods since the "loose" mode option was set to "false" for @babel/plugin-transform-private-property-in-object.
The "loose" option must be the same for @babel/plugin-transform-class-properties, @babel/plugin-transform-private-methods and @babel/plugin-transform-private-property-in-object (when they are enabled): you can silence this warning by explicitly adding
	["@babel/plugin-transform-private-methods", { "loose": false }]
to the "plugins" section of your Babel config.

If you already set the same 'loose' mode for these plugins in your config, it's possible that they are enabled multiple times with different options.
You can re-run Babel with the BABEL_SHOW_CONFIG_FOR environment variable to show the loaded configuration:
	npx cross-env BABEL_SHOW_CONFIG_FOR=/Users/Ajaya/Documents/TizenGitTVApp/node_modules/@mui/material/CardActions/CardActions.js <your build command>
See https://babeljs.io/docs/configuration#print-effective-configs for more info.
Though the "loose" option was set to "true" in your @babel/preset-env config, it will not be used for @babel/plugin-transform-private-property-in-object since the "loose" mode option was set to "false" for @babel/plugin-transform-class-properties.
The "loose" option must be the same for @babel/plugin-transform-class-properties, @babel/plugin-transform-private-methods and @babel/plugin-transform-private-property-in-object (when they are enabled): you can silence this warning by explicitly adding
	["@babel/plugin-transform-private-property-in-object", { "loose": false }]
to the "plugins" section of your Babel config.

If you already set the same 'loose' mode for these plugins in your config, it's possible that they are enabled multiple times with different options.
You can re-run Babel with the BABEL_SHOW_CONFIG_FOR environment variable to show the loaded configuration:
	npx cross-env BABEL_SHOW_CONFIG_FOR=/Users/Ajaya/Documents/TizenGitTVApp/node_modules/@mui/material/CardActions/cardActionsClasses.js <your build command>
See https://babeljs.io/docs/configuration#print-effective-configs for more info.
Though the "loose" option was set to "true" in your @babel/preset-env config, it will not be used for @babel/plugin-transform-private-methods since the "loose" mode option was set to "false" for @babel/plugin-transform-private-property-in-object.
The "loose" option must be the same for @babel/plugin-transform-class-properties, @babel/plugin-transform-private-methods and @babel/plugin-transform-private-property-in-object (when they are enabled): you can silence this warning by explicitly adding
	["@babel/plugin-transform-private-methods", { "loose": false }]
to the "plugins" section of your Babel config.

If you already set the same 'loose' mode for these plugins in your config, it's possible that they are enabled multiple times with different options.
You can re-run Babel with the BABEL_SHOW_CONFIG_FOR environment variable to show the loaded configuration:
	npx cross-env BABEL_SHOW_CONFIG_FOR=/Users/Ajaya/Documents/TizenGitTVApp/node_modules/@mui/material/CardActions/cardActionsClasses.js <your build command>
See https://babeljs.io/docs/configuration#print-effective-configs for more info.
Though the "loose" option was set to "true" in your @babel/preset-env config, it will not be used for @babel/plugin-transform-private-property-in-object since the "loose" mode option was set to "false" for @babel/plugin-transform-class-properties.
The "loose" option must be the same for @babel/plugin-transform-class-properties, @babel/plugin-transform-private-methods and @babel/plugin-transform-private-property-in-object (when they are enabled): you can silence this warning by explicitly adding
	["@babel/plugin-transform-private-property-in-object", { "loose": false }]
to the "plugins" section of your Babel config.

If you already set the same 'loose' mode for these plugins in your config, it's possible that they are enabled multiple times with different options.
You can re-run Babel with the BABEL_SHOW_CONFIG_FOR environment variable to show the loaded configuration:
	npx cross-env BABEL_SHOW_CONFIG_FOR=/Users/Ajaya/Documents/TizenGitTVApp/node_modules/@mui/material/CardHeader/cardHeaderClasses.js <your build command>
See https://babeljs.io/docs/configuration#print-effective-configs for more info.
Though the "loose" option was set to "true" in your @babel/preset-env config, it will not be used for @babel/plugin-transform-private-methods since the "loose" mode option was set to "false" for @babel/plugin-transform-private-property-in-object.
The "loose" option must be the same for @babel/plugin-transform-class-properties, @babel/plugin-transform-private-methods and @babel/plugin-transform-private-property-in-object (when they are enabled): you can silence this warning by explicitly adding
	["@babel/plugin-transform-private-methods", { "loose": false }]
to the "plugins" section of your Babel config.

If you already set the same 'loose' mode for these plugins in your config, it's possible that they are enabled multiple times with different options.
You can re-run Babel with the BABEL_SHOW_CONFIG_FOR environment variable to show the loaded configuration:
	npx cross-env BABEL_SHOW_CONFIG_FOR=/Users/Ajaya/Documents/TizenGitTVApp/node_modules/@mui/material/CardHeader/cardHeaderClasses.js <your build command>
See https://babeljs.io/docs/configuration#print-effective-configs for more info.
Though the "loose" option was set to "true" in your @babel/preset-env config, it will not be used for @babel/plugin-transform-private-property-in-object since the "loose" mode option was set to "false" for @babel/plugin-transform-class-properties.
The "loose" option must be the same for @babel/plugin-transform-class-properties, @babel/plugin-transform-private-methods and @babel/plugin-transform-private-property-in-object (when they are enabled): you can silence this warning by explicitly adding
	["@babel/plugin-transform-private-property-in-object", { "loose": false }]
to the "plugins" section of your Babel config.

If you already set the same 'loose' mode for these plugins in your config, it's possible that they are enabled multiple times with different options.
You can re-run Babel with the BABEL_SHOW_CONFIG_FOR environment variable to show the loaded configuration:
	npx cross-env BABEL_SHOW_CONFIG_FOR=/Users/Ajaya/Documents/TizenGitTVApp/node_modules/@mui/material/CardContent/CardContent.js <your build command>
See https://babeljs.io/docs/configuration#print-effective-configs for more info.
Though the "loose" option was set to "true" in your @babel/preset-env config, it will not be used for @babel/plugin-transform-private-methods since the "loose" mode option was set to "false" for @babel/plugin-transform-private-property-in-object.
The "loose" option must be the same for @babel/plugin-transform-class-properties, @babel/plugin-transform-private-methods and @babel/plugin-transform-private-property-in-object (when they are enabled): you can silence this warning by explicitly adding
	["@babel/plugin-transform-private-methods", { "loose": false }]
to the "plugins" section of your Babel config.

If you already set the same 'loose' mode for these plugins in your config, it's possible that they are enabled multiple times with different options.
You can re-run Babel with the BABEL_SHOW_CONFIG_FOR environment variable to show the loaded configuration:
	npx cross-env BABEL_SHOW_CONFIG_FOR=/Users/Ajaya/Documents/TizenGitTVApp/node_modules/@mui/material/CardContent/CardContent.js <your build command>
See https://babeljs.io/docs/configuration#print-effective-configs for more info.
Though the "loose" option was set to "true" in your @babel/preset-env config, it will not be used for @babel/plugin-transform-private-property-in-object since the "loose" mode option was set to "false" for @babel/plugin-transform-class-properties.
The "loose" option must be the same for @babel/plugin-transform-class-properties, @babel/plugin-transform-private-methods and @babel/plugin-transform-private-property-in-object (when they are enabled): you can silence this warning by explicitly adding
	["@babel/plugin-transform-private-property-in-object", { "loose": false }]
to the "plugins" section of your Babel config.

If you already set the same 'loose' mode for these plugins in your config, it's possible that they are enabled multiple times with different options.
You can re-run Babel with the BABEL_SHOW_CONFIG_FOR environment variable to show the loaded configuration:
	npx cross-env BABEL_SHOW_CONFIG_FOR=/Users/Ajaya/Documents/TizenGitTVApp/node_modules/@mui/material/CardHeader/CardHeader.js <your build command>
See https://babeljs.io/docs/configuration#print-effective-configs for more info.
Though the "loose" option was set to "true" in your @babel/preset-env config, it will not be used for @babel/plugin-transform-private-methods since the "loose" mode option was set to "false" for @babel/plugin-transform-private-property-in-object.
The "loose" option must be the same for @babel/plugin-transform-class-properties, @babel/plugin-transform-private-methods and @babel/plugin-transform-private-property-in-object (when they are enabled): you can silence this warning by explicitly adding
	["@babel/plugin-transform-private-methods", { "loose": false }]
to the "plugins" section of your Babel config.

If you already set the same 'loose' mode for these plugins in your config, it's possible that they are enabled multiple times with different options.
You can re-run Babel with the BABEL_SHOW_CONFIG_FOR environment variable to show the loaded configuration:
	npx cross-env BABEL_SHOW_CONFIG_FOR=/Users/Ajaya/Documents/TizenGitTVApp/node_modules/@mui/material/CardHeader/CardHeader.js <your build command>
See https://babeljs.io/docs/configuration#print-effective-configs for more info.
Though the "loose" option was set to "true" in your @babel/preset-env config, it will not be used for @babel/plugin-transform-private-property-in-object since the "loose" mode option was set to "false" for @babel/plugin-transform-class-properties.
The "loose" option must be the same for @babel/plugin-transform-class-properties, @babel/plugin-transform-private-methods and @babel/plugin-transform-private-property-in-object (when they are enabled): you can silence this warning by explicitly adding
	["@babel/plugin-transform-private-property-in-object", { "loose": false }]
to the "plugins" section of your Babel config.

If you already set the same 'loose' mode for these plugins in your config, it's possible that they are enabled multiple times with different options.
You can re-run Babel with the BABEL_SHOW_CONFIG_FOR environment variable to show the loaded configuration:
	npx cross-env BABEL_SHOW_CONFIG_FOR=/Users/Ajaya/Documents/TizenGitTVApp/node_modules/@mui/material/CardContent/cardContentClasses.js <your build command>
See https://babeljs.io/docs/configuration#print-effective-configs for more info.
Though the "loose" option was set to "true" in your @babel/preset-env config, it will not be used for @babel/plugin-transform-private-methods since the "loose" mode option was set to "false" for @babel/plugin-transform-private-property-in-object.
The "loose" option must be the same for @babel/plugin-transform-class-properties, @babel/plugin-transform-private-methods and @babel/plugin-transform-private-property-in-object (when they are enabled): you can silence this warning by explicitly adding
	["@babel/plugin-transform-private-methods", { "loose": false }]
to the "plugins" section of your Babel config.

If you already set the same 'loose' mode for these plugins in your config, it's possible that they are enabled multiple times with different options.
You can re-run Babel with the BABEL_SHOW_CONFIG_FOR environment variable to show the loaded configuration:
	npx cross-env BABEL_SHOW_CONFIG_FOR=/Users/Ajaya/Documents/TizenGitTVApp/node_modules/@mui/material/CardContent/cardContentClasses.js <your build command>
See https://babeljs.io/docs/configuration#print-effective-configs for more info.
Though the "loose" option was set to "true" in your @babel/preset-env config, it will not be used for @babel/plugin-transform-private-property-in-object since the "loose" mode option was set to "false" for @babel/plugin-transform-class-properties.
The "loose" option must be the same for @babel/plugin-transform-class-properties, @babel/plugin-transform-private-methods and @babel/plugin-transform-private-property-in-object (when they are enabled): you can silence this warning by explicitly adding
	["@babel/plugin-transform-private-property-in-object", { "loose": false }]
to the "plugins" section of your Babel config.

If you already set the same 'loose' mode for these plugins in your config, it's possible that they are enabled multiple times with different options.
You can re-run Babel with the BABEL_SHOW_CONFIG_FOR environment variable to show the loaded configuration:
	npx cross-env BABEL_SHOW_CONFIG_FOR=/Users/Ajaya/Documents/TizenGitTVApp/node_modules/@mui/private-theming/useTheme/ThemeContext.js <your build command>
See https://babeljs.io/docs/configuration#print-effective-configs for more info.
Though the "loose" option was set to "true" in your @babel/preset-env config, it will not be used for @babel/plugin-transform-private-methods since the "loose" mode option was set to "false" for @babel/plugin-transform-private-property-in-object.
The "loose" option must be the same for @babel/plugin-transform-class-properties, @babel/plugin-transform-private-methods and @babel/plugin-transform-private-property-in-object (when they are enabled): you can silence this warning by explicitly adding
	["@babel/plugin-transform-private-methods", { "loose": false }]
to the "plugins" section of your Babel config.

If you already set the same 'loose' mode for these plugins in your config, it's possible that they are enabled multiple times with different options.
You can re-run Babel with the BABEL_SHOW_CONFIG_FOR environment variable to show the loaded configuration:
	npx cross-env BABEL_SHOW_CONFIG_FOR=/Users/Ajaya/Documents/TizenGitTVApp/node_modules/@mui/private-theming/useTheme/ThemeContext.js <your build command>
See https://babeljs.io/docs/configuration#print-effective-configs for more info.
Though the "loose" option was set to "true" in your @babel/preset-env config, it will not be used for @babel/plugin-transform-private-property-in-object since the "loose" mode option was set to "false" for @babel/plugin-transform-class-properties.
The "loose" option must be the same for @babel/plugin-transform-class-properties, @babel/plugin-transform-private-methods and @babel/plugin-transform-private-property-in-object (when they are enabled): you can silence this warning by explicitly adding
	["@babel/plugin-transform-private-property-in-object", { "loose": false }]
to the "plugins" section of your Babel config.

If you already set the same 'loose' mode for these plugins in your config, it's possible that they are enabled multiple times with different options.
You can re-run Babel with the BABEL_SHOW_CONFIG_FOR environment variable to show the loaded configuration:
	npx cross-env BABEL_SHOW_CONFIG_FOR=/Users/Ajaya/Documents/TizenGitTVApp/node_modules/@emotion/react/dist/emotion-element-a1829a1e.cjs.js <your build command>
See https://babeljs.io/docs/configuration#print-effective-configs for more info.
Though the "loose" option was set to "true" in your @babel/preset-env config, it will not be used for @babel/plugin-transform-private-methods since the "loose" mode option was set to "false" for @babel/plugin-transform-private-property-in-object.
The "loose" option must be the same for @babel/plugin-transform-class-properties, @babel/plugin-transform-private-methods and @babel/plugin-transform-private-property-in-object (when they are enabled): you can silence this warning by explicitly adding
	["@babel/plugin-transform-private-methods", { "loose": false }]
to the "plugins" section of your Babel config.

If you already set the same 'loose' mode for these plugins in your config, it's possible that they are enabled multiple times with different options.
You can re-run Babel with the BABEL_SHOW_CONFIG_FOR environment variable to show the loaded configuration:
	npx cross-env BABEL_SHOW_CONFIG_FOR=/Users/Ajaya/Documents/TizenGitTVApp/node_modules/@emotion/react/dist/emotion-element-a1829a1e.cjs.js <your build command>
See https://babeljs.io/docs/configuration#print-effective-configs for more info.
Though the "loose" option was set to "true" in your @babel/preset-env config, it will not be used for @babel/plugin-transform-private-property-in-object since the "loose" mode option was set to "false" for @babel/plugin-transform-class-properties.
The "loose" option must be the same for @babel/plugin-transform-class-properties, @babel/plugin-transform-private-methods and @babel/plugin-transform-private-property-in-object (when they are enabled): you can silence this warning by explicitly adding
	["@babel/plugin-transform-private-property-in-object", { "loose": false }]
to the "plugins" section of your Babel config.

If you already set the same 'loose' mode for these plugins in your config, it's possible that they are enabled multiple times with different options.
You can re-run Babel with the BABEL_SHOW_CONFIG_FOR environment variable to show the loaded configuration:
	npx cross-env BABEL_SHOW_CONFIG_FOR=/Users/Ajaya/Documents/TizenGitTVApp/node_modules/@mui/material/ImageList/ImageListContext.js <your build command>
See https://babeljs.io/docs/configuration#print-effective-configs for more info.
Though the "loose" option was set to "true" in your @babel/preset-env config, it will not be used for @babel/plugin-transform-private-methods since the "loose" mode option was set to "false" for @babel/plugin-transform-private-property-in-object.
The "loose" option must be the same for @babel/plugin-transform-class-properties, @babel/plugin-transform-private-methods and @babel/plugin-transform-private-property-in-object (when they are enabled): you can silence this warning by explicitly adding
	["@babel/plugin-transform-private-methods", { "loose": false }]
to the "plugins" section of your Babel config.

If you already set the same 'loose' mode for these plugins in your config, it's possible that they are enabled multiple times with different options.
You can re-run Babel with the BABEL_SHOW_CONFIG_FOR environment variable to show the loaded configuration:
	npx cross-env BABEL_SHOW_CONFIG_FOR=/Users/Ajaya/Documents/TizenGitTVApp/node_modules/@mui/material/ImageList/ImageListContext.js <your build command>
See https://babeljs.io/docs/configuration#print-effective-configs for more info.
Though the "loose" option was set to "true" in your @babel/preset-env config, it will not be used for @babel/plugin-transform-private-property-in-object since the "loose" mode option was set to "false" for @babel/plugin-transform-class-properties.
The "loose" option must be the same for @babel/plugin-transform-class-properties, @babel/plugin-transform-private-methods and @babel/plugin-transform-private-property-in-object (when they are enabled): you can silence this warning by explicitly adding
	["@babel/plugin-transform-private-property-in-object", { "loose": false }]
to the "plugins" section of your Babel config.

If you already set the same 'loose' mode for these plugins in your config, it's possible that they are enabled multiple times with different options.
You can re-run Babel with the BABEL_SHOW_CONFIG_FOR environment variable to show the loaded configuration:
	npx cross-env BABEL_SHOW_CONFIG_FOR=/Users/Ajaya/Documents/TizenGitTVApp/node_modules/@mui/material/BottomNavigationAction/bottomNavigationActionClasses.js <your build command>
See https://babeljs.io/docs/configuration#print-effective-configs for more info.
Though the "loose" option was set to "true" in your @babel/preset-env config, it will not be used for @babel/plugin-transform-private-methods since the "loose" mode option was set to "false" for @babel/plugin-transform-private-property-in-object.
The "loose" option must be the same for @babel/plugin-transform-class-properties, @babel/plugin-transform-private-methods and @babel/plugin-transform-private-property-in-object (when they are enabled): you can silence this warning by explicitly adding
	["@babel/plugin-transform-private-methods", { "loose": false }]
to the "plugins" section of your Babel config.

If you already set the same 'loose' mode for these plugins in your config, it's possible that they are enabled multiple times with different options.
You can re-run Babel with the BABEL_SHOW_CONFIG_FOR environment variable to show the loaded configuration:
	npx cross-env BABEL_SHOW_CONFIG_FOR=/Users/Ajaya/Documents/TizenGitTVApp/node_modules/@mui/material/BottomNavigationAction/bottomNavigationActionClasses.js <your build command>
See https://babeljs.io/docs/configuration#print-effective-configs for more info.
Though the "loose" option was set to "true" in your @babel/preset-env config, it will not be used for @babel/plugin-transform-private-property-in-object since the "loose" mode option was set to "false" for @babel/plugin-transform-class-properties.
The "loose" option must be the same for @babel/plugin-transform-class-properties, @babel/plugin-transform-private-methods and @babel/plugin-transform-private-property-in-object (when they are enabled): you can silence this warning by explicitly adding
	["@babel/plugin-transform-private-property-in-object", { "loose": false }]
to the "plugins" section of your Babel config.

If you already set the same 'loose' mode for these plugins in your config, it's possible that they are enabled multiple times with different options.
You can re-run Babel with the BABEL_SHOW_CONFIG_FOR environment variable to show the loaded configuration:
	npx cross-env BABEL_SHOW_CONFIG_FOR=/Users/Ajaya/Documents/TizenGitTVApp/node_modules/@mui/material/BottomNavigationAction/BottomNavigationAction.js <your build command>
See https://babeljs.io/docs/configuration#print-effective-configs for more info.
Though the "loose" option was set to "true" in your @babel/preset-env config, it will not be used for @babel/plugin-transform-private-methods since the "loose" mode option was set to "false" for @babel/plugin-transform-private-property-in-object.
The "loose" option must be the same for @babel/plugin-transform-class-properties, @babel/plugin-transform-private-methods and @babel/plugin-transform-private-property-in-object (when they are enabled): you can silence this warning by explicitly adding
	["@babel/plugin-transform-private-methods", { "loose": false }]
to the "plugins" section of your Babel config.

If you already set the same 'loose' mode for these plugins in your config, it's possible that they are enabled multiple times with different options.
You can re-run Babel with the BABEL_SHOW_CONFIG_FOR environment variable to show the loaded configuration:
	npx cross-env BABEL_SHOW_CONFIG_FOR=/Users/Ajaya/Documents/TizenGitTVApp/node_modules/@mui/material/BottomNavigationAction/BottomNavigationAction.js <your build command>
See https://babeljs.io/docs/configuration#print-effective-configs for more info.
Though the "loose" option was set to "true" in your @babel/preset-env config, it will not be used for @babel/plugin-transform-private-property-in-object since the "loose" mode option was set to "false" for @babel/plugin-transform-class-properties.
The "loose" option must be the same for @babel/plugin-transform-class-properties, @babel/plugin-transform-private-methods and @babel/plugin-transform-private-property-in-object (when they are enabled): you can silence this warning by explicitly adding
	["@babel/plugin-transform-private-property-in-object", { "loose": false }]
to the "plugins" section of your Babel config.

If you already set the same 'loose' mode for these plugins in your config, it's possible that they are enabled multiple times with different options.
You can re-run Babel with the BABEL_SHOW_CONFIG_FOR environment variable to show the loaded configuration:
	npx cross-env BABEL_SHOW_CONFIG_FOR=/Users/Ajaya/Documents/TizenGitTVApp/node_modules/@mui/material/BottomNavigation/bottomNavigationClasses.js <your build command>
See https://babeljs.io/docs/configuration#print-effective-configs for more info.
Though the "loose" option was set to "true" in your @babel/preset-env config, it will not be used for @babel/plugin-transform-private-methods since the "loose" mode option was set to "false" for @babel/plugin-transform-private-property-in-object.
The "loose" option must be the same for @babel/plugin-transform-class-properties, @babel/plugin-transform-private-methods and @babel/plugin-transform-private-property-in-object (when they are enabled): you can silence this warning by explicitly adding
	["@babel/plugin-transform-private-methods", { "loose": false }]
to the "plugins" section of your Babel config.

If you already set the same 'loose' mode for these plugins in your config, it's possible that they are enabled multiple times with different options.
You can re-run Babel with the BABEL_SHOW_CONFIG_FOR environment variable to show the loaded configuration:
	npx cross-env BABEL_SHOW_CONFIG_FOR=/Users/Ajaya/Documents/TizenGitTVApp/node_modules/@mui/material/BottomNavigation/bottomNavigationClasses.js <your build command>
See https://babeljs.io/docs/configuration#print-effective-configs for more info.
Though the "loose" option was set to "true" in your @babel/preset-env config, it will not be used for @babel/plugin-transform-private-property-in-object since the "loose" mode option was set to "false" for @babel/plugin-transform-class-properties.
The "loose" option must be the same for @babel/plugin-transform-class-properties, @babel/plugin-transform-private-methods and @babel/plugin-transform-private-property-in-object (when they are enabled): you can silence this warning by explicitly adding
	["@babel/plugin-transform-private-property-in-object", { "loose": false }]
to the "plugins" section of your Babel config.

If you already set the same 'loose' mode for these plugins in your config, it's possible that they are enabled multiple times with different options.
You can re-run Babel with the BABEL_SHOW_CONFIG_FOR environment variable to show the loaded configuration:
	npx cross-env BABEL_SHOW_CONFIG_FOR=/Users/Ajaya/Documents/TizenGitTVApp/node_modules/@mui/material/BottomNavigation/BottomNavigation.js <your build command>
See https://babeljs.io/docs/configuration#print-effective-configs for more info.
Though the "loose" option was set to "true" in your @babel/preset-env config, it will not be used for @babel/plugin-transform-private-methods since the "loose" mode option was set to "false" for @babel/plugin-transform-private-property-in-object.
The "loose" option must be the same for @babel/plugin-transform-class-properties, @babel/plugin-transform-private-methods and @babel/plugin-transform-private-property-in-object (when they are enabled): you can silence this warning by explicitly adding
	["@babel/plugin-transform-private-methods", { "loose": false }]
to the "plugins" section of your Babel config.

If you already set the same 'loose' mode for these plugins in your config, it's possible that they are enabled multiple times with different options.
You can re-run Babel with the BABEL_SHOW_CONFIG_FOR environment variable to show the loaded configuration:
	npx cross-env BABEL_SHOW_CONFIG_FOR=/Users/Ajaya/Documents/TizenGitTVApp/node_modules/@mui/material/BottomNavigation/BottomNavigation.js <your build command>
See https://babeljs.io/docs/configuration#print-effective-configs for more info.
Though the "loose" option was set to "true" in your @babel/preset-env config, it will not be used for @babel/plugin-transform-private-property-in-object since the "loose" mode option was set to "false" for @babel/plugin-transform-class-properties.
The "loose" option must be the same for @babel/plugin-transform-class-properties, @babel/plugin-transform-private-methods and @babel/plugin-transform-private-property-in-object (when they are enabled): you can silence this warning by explicitly adding
	["@babel/plugin-transform-private-property-in-object", { "loose": false }]
to the "plugins" section of your Babel config.

If you already set the same 'loose' mode for these plugins in your config, it's possible that they are enabled multiple times with different options.
You can re-run Babel with the BABEL_SHOW_CONFIG_FOR environment variable to show the loaded configuration:
	npx cross-env BABEL_SHOW_CONFIG_FOR=/Users/Ajaya/Documents/TizenGitTVApp/node_modules/@mui/material/AvatarGroup/AvatarGroup.js <your build command>
See https://babeljs.io/docs/configuration#print-effective-configs for more info.
Though the "loose" option was set to "true" in your @babel/preset-env config, it will not be used for @babel/plugin-transform-private-methods since the "loose" mode option was set to "false" for @babel/plugin-transform-private-property-in-object.
The "loose" option must be the same for @babel/plugin-transform-class-properties, @babel/plugin-transform-private-methods and @babel/plugin-transform-private-property-in-object (when they are enabled): you can silence this warning by explicitly adding
	["@babel/plugin-transform-private-methods", { "loose": false }]
to the "plugins" section of your Babel config.

If you already set the same 'loose' mode for these plugins in your config, it's possible that they are enabled multiple times with different options.
You can re-run Babel with the BABEL_SHOW_CONFIG_FOR environment variable to show the loaded configuration:
	npx cross-env BABEL_SHOW_CONFIG_FOR=/Users/Ajaya/Documents/TizenGitTVApp/node_modules/@mui/material/AvatarGroup/AvatarGroup.js <your build command>
See https://babeljs.io/docs/configuration#print-effective-configs for more info.
Though the "loose" option was set to "true" in your @babel/preset-env config, it will not be used for @babel/plugin-transform-private-property-in-object since the "loose" mode option was set to "false" for @babel/plugin-transform-class-properties.
The "loose" option must be the same for @babel/plugin-transform-class-properties, @babel/plugin-transform-private-methods and @babel/plugin-transform-private-property-in-object (when they are enabled): you can silence this warning by explicitly adding
	["@babel/plugin-transform-private-property-in-object", { "loose": false }]
to the "plugins" section of your Babel config.

If you already set the same 'loose' mode for these plugins in your config, it's possible that they are enabled multiple times with different options.
You can re-run Babel with the BABEL_SHOW_CONFIG_FOR environment variable to show the loaded configuration:
	npx cross-env BABEL_SHOW_CONFIG_FOR=/Users/Ajaya/Documents/TizenGitTVApp/node_modules/@mui/material/AvatarGroup/avatarGroupClasses.js <your build command>
See https://babeljs.io/docs/configuration#print-effective-configs for more info.
Though the "loose" option was set to "true" in your @babel/preset-env config, it will not be used for @babel/plugin-transform-private-methods since the "loose" mode option was set to "false" for @babel/plugin-transform-private-property-in-object.
The "loose" option must be the same for @babel/plugin-transform-class-properties, @babel/plugin-transform-private-methods and @babel/plugin-transform-private-property-in-object (when they are enabled): you can silence this warning by explicitly adding
	["@babel/plugin-transform-private-methods", { "loose": false }]
to the "plugins" section of your Babel config.

If you already set the same 'loose' mode for these plugins in your config, it's possible that they are enabled multiple times with different options.
You can re-run Babel with the BABEL_SHOW_CONFIG_FOR environment variable to show the loaded configuration:
	npx cross-env BABEL_SHOW_CONFIG_FOR=/Users/Ajaya/Documents/TizenGitTVApp/node_modules/@mui/material/AvatarGroup/avatarGroupClasses.js <your build command>
See https://babeljs.io/docs/configuration#print-effective-configs for more info.
Though the "loose" option was set to "true" in your @babel/preset-env config, it will not be used for @babel/plugin-transform-private-property-in-object since the "loose" mode option was set to "false" for @babel/plugin-transform-class-properties.
The "loose" option must be the same for @babel/plugin-transform-class-properties, @babel/plugin-transform-private-methods and @babel/plugin-transform-private-property-in-object (when they are enabled): you can silence this warning by explicitly adding
	["@babel/plugin-transform-private-property-in-object", { "loose": false }]
to the "plugins" section of your Babel config.

If you already set the same 'loose' mode for these plugins in your config, it's possible that they are enabled multiple times with different options.
You can re-run Babel with the BABEL_SHOW_CONFIG_FOR environment variable to show the loaded configuration:
	npx cross-env BABEL_SHOW_CONFIG_FOR=/Users/Ajaya/Documents/TizenGitTVApp/node_modules/@mui/material/GridLegacy/GridLegacyContext.js <your build command>
See https://babeljs.io/docs/configuration#print-effective-configs for more info.
Though the "loose" option was set to "true" in your @babel/preset-env config, it will not be used for @babel/plugin-transform-private-methods since the "loose" mode option was set to "false" for @babel/plugin-transform-private-property-in-object.
The "loose" option must be the same for @babel/plugin-transform-class-properties, @babel/plugin-transform-private-methods and @babel/plugin-transform-private-property-in-object (when they are enabled): you can silence this warning by explicitly adding
	["@babel/plugin-transform-private-methods", { "loose": false }]
to the "plugins" section of your Babel config.

If you already set the same 'loose' mode for these plugins in your config, it's possible that they are enabled multiple times with different options.
You can re-run Babel with the BABEL_SHOW_CONFIG_FOR environment variable to show the loaded configuration:
	npx cross-env BABEL_SHOW_CONFIG_FOR=/Users/Ajaya/Documents/TizenGitTVApp/node_modules/@mui/material/GridLegacy/GridLegacyContext.js <your build command>
See https://babeljs.io/docs/configuration#print-effective-configs for more info.
Though the "loose" option was set to "true" in your @babel/preset-env config, it will not be used for @babel/plugin-transform-private-property-in-object since the "loose" mode option was set to "false" for @babel/plugin-transform-class-properties.
The "loose" option must be the same for @babel/plugin-transform-class-properties, @babel/plugin-transform-private-methods and @babel/plugin-transform-private-property-in-object (when they are enabled): you can silence this warning by explicitly adding
	["@babel/plugin-transform-private-property-in-object", { "loose": false }]
to the "plugins" section of your Babel config.

If you already set the same 'loose' mode for these plugins in your config, it's possible that they are enabled multiple times with different options.
You can re-run Babel with the BABEL_SHOW_CONFIG_FOR environment variable to show the loaded configuration:
	npx cross-env BABEL_SHOW_CONFIG_FOR=/Users/Ajaya/Documents/TizenGitTVApp/node_modules/@mui/material/Badge/badgeClasses.js <your build command>
See https://babeljs.io/docs/configuration#print-effective-configs for more info.
Though the "loose" option was set to "true" in your @babel/preset-env config, it will not be used for @babel/plugin-transform-private-methods since the "loose" mode option was set to "false" for @babel/plugin-transform-private-property-in-object.
The "loose" option must be the same for @babel/plugin-transform-class-properties, @babel/plugin-transform-private-methods and @babel/plugin-transform-private-property-in-object (when they are enabled): you can silence this warning by explicitly adding
	["@babel/plugin-transform-private-methods", { "loose": false }]
to the "plugins" section of your Babel config.

If you already set the same 'loose' mode for these plugins in your config, it's possible that they are enabled multiple times with different options.
You can re-run Babel with the BABEL_SHOW_CONFIG_FOR environment variable to show the loaded configuration:
	npx cross-env BABEL_SHOW_CONFIG_FOR=/Users/Ajaya/Documents/TizenGitTVApp/node_modules/@mui/material/Badge/badgeClasses.js <your build command>
See https://babeljs.io/docs/configuration#print-effective-configs for more info.
Though the "loose" option was set to "true" in your @babel/preset-env config, it will not be used for @babel/plugin-transform-private-property-in-object since the "loose" mode option was set to "false" for @babel/plugin-transform-class-properties.
The "loose" option must be the same for @babel/plugin-transform-class-properties, @babel/plugin-transform-private-methods and @babel/plugin-transform-private-property-in-object (when they are enabled): you can silence this warning by explicitly adding
	["@babel/plugin-transform-private-property-in-object", { "loose": false }]
to the "plugins" section of your Babel config.

If you already set the same 'loose' mode for these plugins in your config, it's possible that they are enabled multiple times with different options.
You can re-run Babel with the BABEL_SHOW_CONFIG_FOR environment variable to show the loaded configuration:
	npx cross-env BABEL_SHOW_CONFIG_FOR=/Users/Ajaya/Documents/TizenGitTVApp/node_modules/@mui/material/Avatar/avatarClasses.js <your build command>
See https://babeljs.io/docs/configuration#print-effective-configs for more info.
Though the "loose" option was set to "true" in your @babel/preset-env config, it will not be used for @babel/plugin-transform-private-methods since the "loose" mode option was set to "false" for @babel/plugin-transform-private-property-in-object.
The "loose" option must be the same for @babel/plugin-transform-class-properties, @babel/plugin-transform-private-methods and @babel/plugin-transform-private-property-in-object (when they are enabled): you can silence this warning by explicitly adding
	["@babel/plugin-transform-private-methods", { "loose": false }]
to the "plugins" section of your Babel config.

If you already set the same 'loose' mode for these plugins in your config, it's possible that they are enabled multiple times with different options.
You can re-run Babel with the BABEL_SHOW_CONFIG_FOR environment variable to show the loaded configuration:
	npx cross-env BABEL_SHOW_CONFIG_FOR=/Users/Ajaya/Documents/TizenGitTVApp/node_modules/@mui/material/Avatar/avatarClasses.js <your build command>
See https://babeljs.io/docs/configuration#print-effective-configs for more info.
Though the "loose" option was set to "true" in your @babel/preset-env config, it will not be used for @babel/plugin-transform-private-property-in-object since the "loose" mode option was set to "false" for @babel/plugin-transform-class-properties.
The "loose" option must be the same for @babel/plugin-transform-class-properties, @babel/plugin-transform-private-methods and @babel/plugin-transform-private-property-in-object (when they are enabled): you can silence this warning by explicitly adding
	["@babel/plugin-transform-private-property-in-object", { "loose": false }]
to the "plugins" section of your Babel config.

If you already set the same 'loose' mode for these plugins in your config, it's possible that they are enabled multiple times with different options.
You can re-run Babel with the BABEL_SHOW_CONFIG_FOR environment variable to show the loaded configuration:
	npx cross-env BABEL_SHOW_CONFIG_FOR=/Users/Ajaya/Documents/TizenGitTVApp/node_modules/@mui/material/Avatar/Avatar.js <your build command>
See https://babeljs.io/docs/configuration#print-effective-configs for more info.
Though the "loose" option was set to "true" in your @babel/preset-env config, it will not be used for @babel/plugin-transform-private-methods since the "loose" mode option was set to "false" for @babel/plugin-transform-private-property-in-object.
The "loose" option must be the same for @babel/plugin-transform-class-properties, @babel/plugin-transform-private-methods and @babel/plugin-transform-private-property-in-object (when they are enabled): you can silence this warning by explicitly adding
	["@babel/plugin-transform-private-methods", { "loose": false }]
to the "plugins" section of your Babel config.

If you already set the same 'loose' mode for these plugins in your config, it's possible that they are enabled multiple times with different options.
You can re-run Babel with the BABEL_SHOW_CONFIG_FOR environment variable to show the loaded configuration:
	npx cross-env BABEL_SHOW_CONFIG_FOR=/Users/Ajaya/Documents/TizenGitTVApp/node_modules/@mui/material/Avatar/Avatar.js <your build command>
See https://babeljs.io/docs/configuration#print-effective-configs for more info.
Though the "loose" option was set to "true" in your @babel/preset-env config, it will not be used for @babel/plugin-transform-private-property-in-object since the "loose" mode option was set to "false" for @babel/plugin-transform-class-properties.
The "loose" option must be the same for @babel/plugin-transform-class-properties, @babel/plugin-transform-private-methods and @babel/plugin-transform-private-property-in-object (when they are enabled): you can silence this warning by explicitly adding
	["@babel/plugin-transform-private-property-in-object", { "loose": false }]
to the "plugins" section of your Babel config.

If you already set the same 'loose' mode for these plugins in your config, it's possible that they are enabled multiple times with different options.
You can re-run Babel with the BABEL_SHOW_CONFIG_FOR environment variable to show the loaded configuration:
	npx cross-env BABEL_SHOW_CONFIG_FOR=/Users/Ajaya/Documents/TizenGitTVApp/node_modules/@mui/material/Badge/Badge.js <your build command>
See https://babeljs.io/docs/configuration#print-effective-configs for more info.
Though the "loose" option was set to "true" in your @babel/preset-env config, it will not be used for @babel/plugin-transform-private-methods since the "loose" mode option was set to "false" for @babel/plugin-transform-private-property-in-object.
The "loose" option must be the same for @babel/plugin-transform-class-properties, @babel/plugin-transform-private-methods and @babel/plugin-transform-private-property-in-object (when they are enabled): you can silence this warning by explicitly adding
	["@babel/plugin-transform-private-methods", { "loose": false }]
to the "plugins" section of your Babel config.

If you already set the same 'loose' mode for these plugins in your config, it's possible that they are enabled multiple times with different options.
You can re-run Babel with the BABEL_SHOW_CONFIG_FOR environment variable to show the loaded configuration:
	npx cross-env BABEL_SHOW_CONFIG_FOR=/Users/Ajaya/Documents/TizenGitTVApp/node_modules/@mui/material/Badge/Badge.js <your build command>
See https://babeljs.io/docs/configuration#print-effective-configs for more info.
Though the "loose" option was set to "true" in your @babel/preset-env config, it will not be used for @babel/plugin-transform-private-property-in-object since the "loose" mode option was set to "false" for @babel/plugin-transform-class-properties.
The "loose" option must be the same for @babel/plugin-transform-class-properties, @babel/plugin-transform-private-methods and @babel/plugin-transform-private-property-in-object (when they are enabled): you can silence this warning by explicitly adding
	["@babel/plugin-transform-private-property-in-object", { "loose": false }]
to the "plugins" section of your Babel config.

If you already set the same 'loose' mode for these plugins in your config, it's possible that they are enabled multiple times with different options.
You can re-run Babel with the BABEL_SHOW_CONFIG_FOR environment variable to show the loaded configuration:
	npx cross-env BABEL_SHOW_CONFIG_FOR=/Users/Ajaya/Documents/TizenGitTVApp/node_modules/@mui/material/colors/blueGrey.js <your build command>
See https://babeljs.io/docs/configuration#print-effective-configs for more info.
Though the "loose" option was set to "true" in your @babel/preset-env config, it will not be used for @babel/plugin-transform-private-methods since the "loose" mode option was set to "false" for @babel/plugin-transform-private-property-in-object.
The "loose" option must be the same for @babel/plugin-transform-class-properties, @babel/plugin-transform-private-methods and @babel/plugin-transform-private-property-in-object (when they are enabled): you can silence this warning by explicitly adding
	["@babel/plugin-transform-private-methods", { "loose": false }]
to the "plugins" section of your Babel config.

If you already set the same 'loose' mode for these plugins in your config, it's possible that they are enabled multiple times with different options.
You can re-run Babel with the BABEL_SHOW_CONFIG_FOR environment variable to show the loaded configuration:
	npx cross-env BABEL_SHOW_CONFIG_FOR=/Users/Ajaya/Documents/TizenGitTVApp/node_modules/@mui/material/colors/blueGrey.js <your build command>
See https://babeljs.io/docs/configuration#print-effective-configs for more info.
Though the "loose" option was set to "true" in your @babel/preset-env config, it will not be used for @babel/plugin-transform-private-property-in-object since the "loose" mode option was set to "false" for @babel/plugin-transform-class-properties.
The "loose" option must be the same for @babel/plugin-transform-class-properties, @babel/plugin-transform-private-methods and @babel/plugin-transform-private-property-in-object (when they are enabled): you can silence this warning by explicitly adding
	["@babel/plugin-transform-private-property-in-object", { "loose": false }]
to the "plugins" section of your Babel config.

If you already set the same 'loose' mode for these plugins in your config, it's possible that they are enabled multiple times with different options.
You can re-run Babel with the BABEL_SHOW_CONFIG_FOR environment variable to show the loaded configuration:
	npx cross-env BABEL_SHOW_CONFIG_FOR=/Users/Ajaya/Documents/TizenGitTVApp/node_modules/@mui/material/colors/yellow.js <your build command>
See https://babeljs.io/docs/configuration#print-effective-configs for more info.
Though the "loose" option was set to "true" in your @babel/preset-env config, it will not be used for @babel/plugin-transform-private-methods since the "loose" mode option was set to "false" for @babel/plugin-transform-private-property-in-object.
The "loose" option must be the same for @babel/plugin-transform-class-properties, @babel/plugin-transform-private-methods and @babel/plugin-transform-private-property-in-object (when they are enabled): you can silence this warning by explicitly adding
	["@babel/plugin-transform-private-methods", { "loose": false }]
to the "plugins" section of your Babel config.

If you already set the same 'loose' mode for these plugins in your config, it's possible that they are enabled multiple times with different options.
You can re-run Babel with the BABEL_SHOW_CONFIG_FOR environment variable to show the loaded configuration:
	npx cross-env BABEL_SHOW_CONFIG_FOR=/Users/Ajaya/Documents/TizenGitTVApp/node_modules/@mui/material/colors/yellow.js <your build command>
See https://babeljs.io/docs/configuration#print-effective-configs for more info.
Though the "loose" option was set to "true" in your @babel/preset-env config, it will not be used for @babel/plugin-transform-private-property-in-object since the "loose" mode option was set to "false" for @babel/plugin-transform-class-properties.
The "loose" option must be the same for @babel/plugin-transform-class-properties, @babel/plugin-transform-private-methods and @babel/plugin-transform-private-property-in-object (when they are enabled): you can silence this warning by explicitly adding
	["@babel/plugin-transform-private-property-in-object", { "loose": false }]
to the "plugins" section of your Babel config.

If you already set the same 'loose' mode for these plugins in your config, it's possible that they are enabled multiple times with different options.
You can re-run Babel with the BABEL_SHOW_CONFIG_FOR environment variable to show the loaded configuration:
	npx cross-env BABEL_SHOW_CONFIG_FOR=/Users/Ajaya/Documents/TizenGitTVApp/node_modules/@mui/material/colors/brown.js <your build command>
See https://babeljs.io/docs/configuration#print-effective-configs for more info.
Though the "loose" option was set to "true" in your @babel/preset-env config, it will not be used for @babel/plugin-transform-private-methods since the "loose" mode option was set to "false" for @babel/plugin-transform-private-property-in-object.
The "loose" option must be the same for @babel/plugin-transform-class-properties, @babel/plugin-transform-private-methods and @babel/plugin-transform-private-property-in-object (when they are enabled): you can silence this warning by explicitly adding
	["@babel/plugin-transform-private-methods", { "loose": false }]
to the "plugins" section of your Babel config.

If you already set the same 'loose' mode for these plugins in your config, it's possible that they are enabled multiple times with different options.
You can re-run Babel with the BABEL_SHOW_CONFIG_FOR environment variable to show the loaded configuration:
	npx cross-env BABEL_SHOW_CONFIG_FOR=/Users/Ajaya/Documents/TizenGitTVApp/node_modules/@mui/material/colors/brown.js <your build command>
See https://babeljs.io/docs/configuration#print-effective-configs for more info.
Though the "loose" option was set to "true" in your @babel/preset-env config, it will not be used for @babel/plugin-transform-private-property-in-object since the "loose" mode option was set to "false" for @babel/plugin-transform-class-properties.
The "loose" option must be the same for @babel/plugin-transform-class-properties, @babel/plugin-transform-private-methods and @babel/plugin-transform-private-property-in-object (when they are enabled): you can silence this warning by explicitly adding
	["@babel/plugin-transform-private-property-in-object", { "loose": false }]
to the "plugins" section of your Babel config.

If you already set the same 'loose' mode for these plugins in your config, it's possible that they are enabled multiple times with different options.
You can re-run Babel with the BABEL_SHOW_CONFIG_FOR environment variable to show the loaded configuration:
	npx cross-env BABEL_SHOW_CONFIG_FOR=/Users/Ajaya/Documents/TizenGitTVApp/node_modules/@mui/material/colors/amber.js <your build command>
See https://babeljs.io/docs/configuration#print-effective-configs for more info.
Though the "loose" option was set to "true" in your @babel/preset-env config, it will not be used for @babel/plugin-transform-private-methods since the "loose" mode option was set to "false" for @babel/plugin-transform-private-property-in-object.
The "loose" option must be the same for @babel/plugin-transform-class-properties, @babel/plugin-transform-private-methods and @babel/plugin-transform-private-property-in-object (when they are enabled): you can silence this warning by explicitly adding
	["@babel/plugin-transform-private-methods", { "loose": false }]
to the "plugins" section of your Babel config.

If you already set the same 'loose' mode for these plugins in your config, it's possible that they are enabled multiple times with different options.
You can re-run Babel with the BABEL_SHOW_CONFIG_FOR environment variable to show the loaded configuration:
	npx cross-env BABEL_SHOW_CONFIG_FOR=/Users/Ajaya/Documents/TizenGitTVApp/node_modules/@mui/material/colors/amber.js <your build command>
See https://babeljs.io/docs/configuration#print-effective-configs for more info.
Though the "loose" option was set to "true" in your @babel/preset-env config, it will not be used for @babel/plugin-transform-private-property-in-object since the "loose" mode option was set to "false" for @babel/plugin-transform-class-properties.
The "loose" option must be the same for @babel/plugin-transform-class-properties, @babel/plugin-transform-private-methods and @babel/plugin-transform-private-property-in-object (when they are enabled): you can silence this warning by explicitly adding
	["@babel/plugin-transform-private-property-in-object", { "loose": false }]
to the "plugins" section of your Babel config.

If you already set the same 'loose' mode for these plugins in your config, it's possible that they are enabled multiple times with different options.
You can re-run Babel with the BABEL_SHOW_CONFIG_FOR environment variable to show the loaded configuration:
	npx cross-env BABEL_SHOW_CONFIG_FOR=/Users/Ajaya/Documents/TizenGitTVApp/node_modules/@mui/material/colors/deepOrange.js <your build command>
See https://babeljs.io/docs/configuration#print-effective-configs for more info.
Though the "loose" option was set to "true" in your @babel/preset-env config, it will not be used for @babel/plugin-transform-private-methods since the "loose" mode option was set to "false" for @babel/plugin-transform-private-property-in-object.
The "loose" option must be the same for @babel/plugin-transform-class-properties, @babel/plugin-transform-private-methods and @babel/plugin-transform-private-property-in-object (when they are enabled): you can silence this warning by explicitly adding
	["@babel/plugin-transform-private-methods", { "loose": false }]
to the "plugins" section of your Babel config.

If you already set the same 'loose' mode for these plugins in your config, it's possible that they are enabled multiple times with different options.
You can re-run Babel with the BABEL_SHOW_CONFIG_FOR environment variable to show the loaded configuration:
	npx cross-env BABEL_SHOW_CONFIG_FOR=/Users/Ajaya/Documents/TizenGitTVApp/node_modules/@mui/material/colors/deepOrange.js <your build command>
See https://babeljs.io/docs/configuration#print-effective-configs for more info.
Though the "loose" option was set to "true" in your @babel/preset-env config, it will not be used for @babel/plugin-transform-private-property-in-object since the "loose" mode option was set to "false" for @babel/plugin-transform-class-properties.
The "loose" option must be the same for @babel/plugin-transform-class-properties, @babel/plugin-transform-private-methods and @babel/plugin-transform-private-property-in-object (when they are enabled): you can silence this warning by explicitly adding
	["@babel/plugin-transform-private-property-in-object", { "loose": false }]
to the "plugins" section of your Babel config.

If you already set the same 'loose' mode for these plugins in your config, it's possible that they are enabled multiple times with different options.
You can re-run Babel with the BABEL_SHOW_CONFIG_FOR environment variable to show the loaded configuration:
	npx cross-env BABEL_SHOW_CONFIG_FOR=/Users/Ajaya/Documents/TizenGitTVApp/node_modules/@mui/material/colors/lightGreen.js <your build command>
See https://babeljs.io/docs/configuration#print-effective-configs for more info.
Though the "loose" option was set to "true" in your @babel/preset-env config, it will not be used for @babel/plugin-transform-private-methods since the "loose" mode option was set to "false" for @babel/plugin-transform-private-property-in-object.
The "loose" option must be the same for @babel/plugin-transform-class-properties, @babel/plugin-transform-private-methods and @babel/plugin-transform-private-property-in-object (when they are enabled): you can silence this warning by explicitly adding
	["@babel/plugin-transform-private-methods", { "loose": false }]
to the "plugins" section of your Babel config.

If you already set the same 'loose' mode for these plugins in your config, it's possible that they are enabled multiple times with different options.
You can re-run Babel with the BABEL_SHOW_CONFIG_FOR environment variable to show the loaded configuration:
	npx cross-env BABEL_SHOW_CONFIG_FOR=/Users/Ajaya/Documents/TizenGitTVApp/node_modules/@mui/material/colors/lightGreen.js <your build command>
See https://babeljs.io/docs/configuration#print-effective-configs for more info.
Though the "loose" option was set to "true" in your @babel/preset-env config, it will not be used for @babel/plugin-transform-private-property-in-object since the "loose" mode option was set to "false" for @babel/plugin-transform-class-properties.
The "loose" option must be the same for @babel/plugin-transform-class-properties, @babel/plugin-transform-private-methods and @babel/plugin-transform-private-property-in-object (when they are enabled): you can silence this warning by explicitly adding
	["@babel/plugin-transform-private-property-in-object", { "loose": false }]
to the "plugins" section of your Babel config.

If you already set the same 'loose' mode for these plugins in your config, it's possible that they are enabled multiple times with different options.
You can re-run Babel with the BABEL_SHOW_CONFIG_FOR environment variable to show the loaded configuration:
	npx cross-env BABEL_SHOW_CONFIG_FOR=/Users/Ajaya/Documents/TizenGitTVApp/node_modules/@mui/material/colors/cyan.js <your build command>
See https://babeljs.io/docs/configuration#print-effective-configs for more info.
Though the "loose" option was set to "true" in your @babel/preset-env config, it will not be used for @babel/plugin-transform-private-methods since the "loose" mode option was set to "false" for @babel/plugin-transform-private-property-in-object.
The "loose" option must be the same for @babel/plugin-transform-class-properties, @babel/plugin-transform-private-methods and @babel/plugin-transform-private-property-in-object (when they are enabled): you can silence this warning by explicitly adding
	["@babel/plugin-transform-private-methods", { "loose": false }]
to the "plugins" section of your Babel config.

If you already set the same 'loose' mode for these plugins in your config, it's possible that they are enabled multiple times with different options.
You can re-run Babel with the BABEL_SHOW_CONFIG_FOR environment variable to show the loaded configuration:
	npx cross-env BABEL_SHOW_CONFIG_FOR=/Users/Ajaya/Documents/TizenGitTVApp/node_modules/@mui/material/colors/cyan.js <your build command>
See https://babeljs.io/docs/configuration#print-effective-configs for more info.
Though the "loose" option was set to "true" in your @babel/preset-env config, it will not be used for @babel/plugin-transform-private-property-in-object since the "loose" mode option was set to "false" for @babel/plugin-transform-class-properties.
The "loose" option must be the same for @babel/plugin-transform-class-properties, @babel/plugin-transform-private-methods and @babel/plugin-transform-private-property-in-object (when they are enabled): you can silence this warning by explicitly adding
	["@babel/plugin-transform-private-property-in-object", { "loose": false }]
to the "plugins" section of your Babel config.

If you already set the same 'loose' mode for these plugins in your config, it's possible that they are enabled multiple times with different options.
You can re-run Babel with the BABEL_SHOW_CONFIG_FOR environment variable to show the loaded configuration:
	npx cross-env BABEL_SHOW_CONFIG_FOR=/Users/Ajaya/Documents/TizenGitTVApp/node_modules/@mui/material/colors/teal.js <your build command>
See https://babeljs.io/docs/configuration#print-effective-configs for more info.
Though the "loose" option was set to "true" in your @babel/preset-env config, it will not be used for @babel/plugin-transform-private-methods since the "loose" mode option was set to "false" for @babel/plugin-transform-private-property-in-object.
The "loose" option must be the same for @babel/plugin-transform-class-properties, @babel/plugin-transform-private-methods and @babel/plugin-transform-private-property-in-object (when they are enabled): you can silence this warning by explicitly adding
	["@babel/plugin-transform-private-methods", { "loose": false }]
to the "plugins" section of your Babel config.

If you already set the same 'loose' mode for these plugins in your config, it's possible that they are enabled multiple times with different options.
You can re-run Babel with the BABEL_SHOW_CONFIG_FOR environment variable to show the loaded configuration:
	npx cross-env BABEL_SHOW_CONFIG_FOR=/Users/Ajaya/Documents/TizenGitTVApp/node_modules/@mui/material/colors/teal.js <your build command>
See https://babeljs.io/docs/configuration#print-effective-configs for more info.
Though the "loose" option was set to "true" in your @babel/preset-env config, it will not be used for @babel/plugin-transform-private-property-in-object since the "loose" mode option was set to "false" for @babel/plugin-transform-class-properties.
The "loose" option must be the same for @babel/plugin-transform-class-properties, @babel/plugin-transform-private-methods and @babel/plugin-transform-private-property-in-object (when they are enabled): you can silence this warning by explicitly adding
	["@babel/plugin-transform-private-property-in-object", { "loose": false }]
to the "plugins" section of your Babel config.

If you already set the same 'loose' mode for these plugins in your config, it's possible that they are enabled multiple times with different options.
You can re-run Babel with the BABEL_SHOW_CONFIG_FOR environment variable to show the loaded configuration:
	npx cross-env BABEL_SHOW_CONFIG_FOR=/Users/Ajaya/Documents/TizenGitTVApp/node_modules/@mui/material/colors/lime.js <your build command>
See https://babeljs.io/docs/configuration#print-effective-configs for more info.
Though the "loose" option was set to "true" in your @babel/preset-env config, it will not be used for @babel/plugin-transform-private-methods since the "loose" mode option was set to "false" for @babel/plugin-transform-private-property-in-object.
The "loose" option must be the same for @babel/plugin-transform-class-properties, @babel/plugin-transform-private-methods and @babel/plugin-transform-private-property-in-object (when they are enabled): you can silence this warning by explicitly adding
	["@babel/plugin-transform-private-methods", { "loose": false }]
to the "plugins" section of your Babel config.

If you already set the same 'loose' mode for these plugins in your config, it's possible that they are enabled multiple times with different options.
You can re-run Babel with the BABEL_SHOW_CONFIG_FOR environment variable to show the loaded configuration:
	npx cross-env BABEL_SHOW_CONFIG_FOR=/Users/Ajaya/Documents/TizenGitTVApp/node_modules/@mui/material/colors/lime.js <your build command>
See https://babeljs.io/docs/configuration#print-effective-configs for more info.
Though the "loose" option was set to "true" in your @babel/preset-env config, it will not be used for @babel/plugin-transform-private-property-in-object since the "loose" mode option was set to "false" for @babel/plugin-transform-class-properties.
The "loose" option must be the same for @babel/plugin-transform-class-properties, @babel/plugin-transform-private-methods and @babel/plugin-transform-private-property-in-object (when they are enabled): you can silence this warning by explicitly adding
	["@babel/plugin-transform-private-property-in-object", { "loose": false }]
to the "plugins" section of your Babel config.

If you already set the same 'loose' mode for these plugins in your config, it's possible that they are enabled multiple times with different options.
You can re-run Babel with the BABEL_SHOW_CONFIG_FOR environment variable to show the loaded configuration:
	npx cross-env BABEL_SHOW_CONFIG_FOR=/Users/Ajaya/Documents/TizenGitTVApp/node_modules/@mui/material/colors/indigo.js <your build command>
See https://babeljs.io/docs/configuration#print-effective-configs for more info.
Though the "loose" option was set to "true" in your @babel/preset-env config, it will not be used for @babel/plugin-transform-private-methods since the "loose" mode option was set to "false" for @babel/plugin-transform-private-property-in-object.
The "loose" option must be the same for @babel/plugin-transform-class-properties, @babel/plugin-transform-private-methods and @babel/plugin-transform-private-property-in-object (when they are enabled): you can silence this warning by explicitly adding
	["@babel/plugin-transform-private-methods", { "loose": false }]
to the "plugins" section of your Babel config.

If you already set the same 'loose' mode for these plugins in your config, it's possible that they are enabled multiple times with different options.
You can re-run Babel with the BABEL_SHOW_CONFIG_FOR environment variable to show the loaded configuration:
	npx cross-env BABEL_SHOW_CONFIG_FOR=/Users/Ajaya/Documents/TizenGitTVApp/node_modules/@mui/material/colors/indigo.js <your build command>
See https://babeljs.io/docs/configuration#print-effective-configs for more info.
Though the "loose" option was set to "true" in your @babel/preset-env config, it will not be used for @babel/plugin-transform-private-property-in-object since the "loose" mode option was set to "false" for @babel/plugin-transform-class-properties.
The "loose" option must be the same for @babel/plugin-transform-class-properties, @babel/plugin-transform-private-methods and @babel/plugin-transform-private-property-in-object (when they are enabled): you can silence this warning by explicitly adding
	["@babel/plugin-transform-private-property-in-object", { "loose": false }]
to the "plugins" section of your Babel config.

If you already set the same 'loose' mode for these plugins in your config, it's possible that they are enabled multiple times with different options.
You can re-run Babel with the BABEL_SHOW_CONFIG_FOR environment variable to show the loaded configuration:
	npx cross-env BABEL_SHOW_CONFIG_FOR=/Users/Ajaya/Documents/TizenGitTVApp/node_modules/@mui/material/colors/deepPurple.js <your build command>
See https://babeljs.io/docs/configuration#print-effective-configs for more info.
Though the "loose" option was set to "true" in your @babel/preset-env config, it will not be used for @babel/plugin-transform-private-methods since the "loose" mode option was set to "false" for @babel/plugin-transform-private-property-in-object.
The "loose" option must be the same for @babel/plugin-transform-class-properties, @babel/plugin-transform-private-methods and @babel/plugin-transform-private-property-in-object (when they are enabled): you can silence this warning by explicitly adding
	["@babel/plugin-transform-private-methods", { "loose": false }]
to the "plugins" section of your Babel config.

If you already set the same 'loose' mode for these plugins in your config, it's possible that they are enabled multiple times with different options.
You can re-run Babel with the BABEL_SHOW_CONFIG_FOR environment variable to show the loaded configuration:
	npx cross-env BABEL_SHOW_CONFIG_FOR=/Users/Ajaya/Documents/TizenGitTVApp/node_modules/@mui/material/colors/deepPurple.js <your build command>
See https://babeljs.io/docs/configuration#print-effective-configs for more info.
Though the "loose" option was set to "true" in your @babel/preset-env config, it will not be used for @babel/plugin-transform-private-property-in-object since the "loose" mode option was set to "false" for @babel/plugin-transform-class-properties.
The "loose" option must be the same for @babel/plugin-transform-class-properties, @babel/plugin-transform-private-methods and @babel/plugin-transform-private-property-in-object (when they are enabled): you can silence this warning by explicitly adding
	["@babel/plugin-transform-private-property-in-object", { "loose": false }]
to the "plugins" section of your Babel config.

If you already set the same 'loose' mode for these plugins in your config, it's possible that they are enabled multiple times with different options.
You can re-run Babel with the BABEL_SHOW_CONFIG_FOR environment variable to show the loaded configuration:
	npx cross-env BABEL_SHOW_CONFIG_FOR=/Users/Ajaya/Documents/TizenGitTVApp/node_modules/@mui/material/colors/pink.js <your build command>
See https://babeljs.io/docs/configuration#print-effective-configs for more info.
Though the "loose" option was set to "true" in your @babel/preset-env config, it will not be used for @babel/plugin-transform-private-methods since the "loose" mode option was set to "false" for @babel/plugin-transform-private-property-in-object.
The "loose" option must be the same for @babel/plugin-transform-class-properties, @babel/plugin-transform-private-methods and @babel/plugin-transform-private-property-in-object (when they are enabled): you can silence this warning by explicitly adding
	["@babel/plugin-transform-private-methods", { "loose": false }]
to the "plugins" section of your Babel config.

If you already set the same 'loose' mode for these plugins in your config, it's possible that they are enabled multiple times with different options.
You can re-run Babel with the BABEL_SHOW_CONFIG_FOR environment variable to show the loaded configuration:
	npx cross-env BABEL_SHOW_CONFIG_FOR=/Users/Ajaya/Documents/TizenGitTVApp/node_modules/@mui/material/colors/pink.js <your build command>
See https://babeljs.io/docs/configuration#print-effective-configs for more info.
Though the "loose" option was set to "true" in your @babel/preset-env config, it will not be used for @babel/plugin-transform-private-property-in-object since the "loose" mode option was set to "false" for @babel/plugin-transform-class-properties.
The "loose" option must be the same for @babel/plugin-transform-class-properties, @babel/plugin-transform-private-methods and @babel/plugin-transform-private-property-in-object (when they are enabled): you can silence this warning by explicitly adding
	["@babel/plugin-transform-private-property-in-object", { "loose": false }]
to the "plugins" section of your Babel config.

If you already set the same 'loose' mode for these plugins in your config, it's possible that they are enabled multiple times with different options.
You can re-run Babel with the BABEL_SHOW_CONFIG_FOR environment variable to show the loaded configuration:
	npx cross-env BABEL_SHOW_CONFIG_FOR=/Users/Ajaya/Documents/TizenGitTVApp/node_modules/@mui/material/Checkbox/checkboxClasses.js <your build command>
See https://babeljs.io/docs/configuration#print-effective-configs for more info.
Though the "loose" option was set to "true" in your @babel/preset-env config, it will not be used for @babel/plugin-transform-private-methods since the "loose" mode option was set to "false" for @babel/plugin-transform-private-property-in-object.
The "loose" option must be the same for @babel/plugin-transform-class-properties, @babel/plugin-transform-private-methods and @babel/plugin-transform-private-property-in-object (when they are enabled): you can silence this warning by explicitly adding
	["@babel/plugin-transform-private-methods", { "loose": false }]
to the "plugins" section of your Babel config.

If you already set the same 'loose' mode for these plugins in your config, it's possible that they are enabled multiple times with different options.
You can re-run Babel with the BABEL_SHOW_CONFIG_FOR environment variable to show the loaded configuration:
	npx cross-env BABEL_SHOW_CONFIG_FOR=/Users/Ajaya/Documents/TizenGitTVApp/node_modules/@mui/material/Checkbox/checkboxClasses.js <your build command>
See https://babeljs.io/docs/configuration#print-effective-configs for more info.
Though the "loose" option was set to "true" in your @babel/preset-env config, it will not be used for @babel/plugin-transform-private-property-in-object since the "loose" mode option was set to "false" for @babel/plugin-transform-class-properties.
The "loose" option must be the same for @babel/plugin-transform-class-properties, @babel/plugin-transform-private-methods and @babel/plugin-transform-private-property-in-object (when they are enabled): you can silence this warning by explicitly adding
	["@babel/plugin-transform-private-property-in-object", { "loose": false }]
to the "plugins" section of your Babel config.

If you already set the same 'loose' mode for these plugins in your config, it's possible that they are enabled multiple times with different options.
You can re-run Babel with the BABEL_SHOW_CONFIG_FOR environment variable to show the loaded configuration:
	npx cross-env BABEL_SHOW_CONFIG_FOR=/Users/Ajaya/Documents/TizenGitTVApp/node_modules/@mui/material/AppBar/appBarClasses.js <your build command>
See https://babeljs.io/docs/configuration#print-effective-configs for more info.
Though the "loose" option was set to "true" in your @babel/preset-env config, it will not be used for @babel/plugin-transform-private-methods since the "loose" mode option was set to "false" for @babel/plugin-transform-private-property-in-object.
The "loose" option must be the same for @babel/plugin-transform-class-properties, @babel/plugin-transform-private-methods and @babel/plugin-transform-private-property-in-object (when they are enabled): you can silence this warning by explicitly adding
	["@babel/plugin-transform-private-methods", { "loose": false }]
to the "plugins" section of your Babel config.

If you already set the same 'loose' mode for these plugins in your config, it's possible that they are enabled multiple times with different options.
You can re-run Babel with the BABEL_SHOW_CONFIG_FOR environment variable to show the loaded configuration:
	npx cross-env BABEL_SHOW_CONFIG_FOR=/Users/Ajaya/Documents/TizenGitTVApp/node_modules/@mui/material/AppBar/appBarClasses.js <your build command>
See https://babeljs.io/docs/configuration#print-effective-configs for more info.
Though the "loose" option was set to "true" in your @babel/preset-env config, it will not be used for @babel/plugin-transform-private-property-in-object since the "loose" mode option was set to "false" for @babel/plugin-transform-class-properties.
The "loose" option must be the same for @babel/plugin-transform-class-properties, @babel/plugin-transform-private-methods and @babel/plugin-transform-private-property-in-object (when they are enabled): you can silence this warning by explicitly adding
	["@babel/plugin-transform-private-property-in-object", { "loose": false }]
to the "plugins" section of your Babel config.

If you already set the same 'loose' mode for these plugins in your config, it's possible that they are enabled multiple times with different options.
You can re-run Babel with the BABEL_SHOW_CONFIG_FOR environment variable to show the loaded configuration:
	npx cross-env BABEL_SHOW_CONFIG_FOR=/Users/Ajaya/Documents/TizenGitTVApp/node_modules/@mui/material/Autocomplete/autocompleteClasses.js <your build command>
See https://babeljs.io/docs/configuration#print-effective-configs for more info.
Though the "loose" option was set to "true" in your @babel/preset-env config, it will not be used for @babel/plugin-transform-private-methods since the "loose" mode option was set to "false" for @babel/plugin-transform-private-property-in-object.
The "loose" option must be the same for @babel/plugin-transform-class-properties, @babel/plugin-transform-private-methods and @babel/plugin-transform-private-property-in-object (when they are enabled): you can silence this warning by explicitly adding
	["@babel/plugin-transform-private-methods", { "loose": false }]
to the "plugins" section of your Babel config.

If you already set the same 'loose' mode for these plugins in your config, it's possible that they are enabled multiple times with different options.
You can re-run Babel with the BABEL_SHOW_CONFIG_FOR environment variable to show the loaded configuration:
	npx cross-env BABEL_SHOW_CONFIG_FOR=/Users/Ajaya/Documents/TizenGitTVApp/node_modules/@mui/material/Autocomplete/autocompleteClasses.js <your build command>
See https://babeljs.io/docs/configuration#print-effective-configs for more info.
Though the "loose" option was set to "true" in your @babel/preset-env config, it will not be used for @babel/plugin-transform-private-property-in-object since the "loose" mode option was set to "false" for @babel/plugin-transform-class-properties.
The "loose" option must be the same for @babel/plugin-transform-class-properties, @babel/plugin-transform-private-methods and @babel/plugin-transform-private-property-in-object (when they are enabled): you can silence this warning by explicitly adding
	["@babel/plugin-transform-private-property-in-object", { "loose": false }]
to the "plugins" section of your Babel config.

If you already set the same 'loose' mode for these plugins in your config, it's possible that they are enabled multiple times with different options.
You can re-run Babel with the BABEL_SHOW_CONFIG_FOR environment variable to show the loaded configuration:
	npx cross-env BABEL_SHOW_CONFIG_FOR=/Users/Ajaya/Documents/TizenGitTVApp/node_modules/@mui/material/AlertTitle/alertTitleClasses.js <your build command>
See https://babeljs.io/docs/configuration#print-effective-configs for more info.
Though the "loose" option was set to "true" in your @babel/preset-env config, it will not be used for @babel/plugin-transform-private-methods since the "loose" mode option was set to "false" for @babel/plugin-transform-private-property-in-object.
The "loose" option must be the same for @babel/plugin-transform-class-properties, @babel/plugin-transform-private-methods and @babel/plugin-transform-private-property-in-object (when they are enabled): you can silence this warning by explicitly adding
	["@babel/plugin-transform-private-methods", { "loose": false }]
to the "plugins" section of your Babel config.

If you already set the same 'loose' mode for these plugins in your config, it's possible that they are enabled multiple times with different options.
You can re-run Babel with the BABEL_SHOW_CONFIG_FOR environment variable to show the loaded configuration:
	npx cross-env BABEL_SHOW_CONFIG_FOR=/Users/Ajaya/Documents/TizenGitTVApp/node_modules/@mui/material/AlertTitle/alertTitleClasses.js <your build command>
See https://babeljs.io/docs/configuration#print-effective-configs for more info.
Though the "loose" option was set to "true" in your @babel/preset-env config, it will not be used for @babel/plugin-transform-private-property-in-object since the "loose" mode option was set to "false" for @babel/plugin-transform-class-properties.
The "loose" option must be the same for @babel/plugin-transform-class-properties, @babel/plugin-transform-private-methods and @babel/plugin-transform-private-property-in-object (when they are enabled): you can silence this warning by explicitly adding
	["@babel/plugin-transform-private-property-in-object", { "loose": false }]
to the "plugins" section of your Babel config.

If you already set the same 'loose' mode for these plugins in your config, it's possible that they are enabled multiple times with different options.
You can re-run Babel with the BABEL_SHOW_CONFIG_FOR environment variable to show the loaded configuration:
	npx cross-env BABEL_SHOW_CONFIG_FOR=/Users/Ajaya/Documents/TizenGitTVApp/node_modules/@mui/material/AlertTitle/AlertTitle.js <your build command>
See https://babeljs.io/docs/configuration#print-effective-configs for more info.
Though the "loose" option was set to "true" in your @babel/preset-env config, it will not be used for @babel/plugin-transform-private-methods since the "loose" mode option was set to "false" for @babel/plugin-transform-private-property-in-object.
The "loose" option must be the same for @babel/plugin-transform-class-properties, @babel/plugin-transform-private-methods and @babel/plugin-transform-private-property-in-object (when they are enabled): you can silence this warning by explicitly adding
	["@babel/plugin-transform-private-methods", { "loose": false }]
to the "plugins" section of your Babel config.

If you already set the same 'loose' mode for these plugins in your config, it's possible that they are enabled multiple times with different options.
You can re-run Babel with the BABEL_SHOW_CONFIG_FOR environment variable to show the loaded configuration:
	npx cross-env BABEL_SHOW_CONFIG_FOR=/Users/Ajaya/Documents/TizenGitTVApp/node_modules/@mui/material/AlertTitle/AlertTitle.js <your build command>
See https://babeljs.io/docs/configuration#print-effective-configs for more info.
Though the "loose" option was set to "true" in your @babel/preset-env config, it will not be used for @babel/plugin-transform-private-property-in-object since the "loose" mode option was set to "false" for @babel/plugin-transform-class-properties.
The "loose" option must be the same for @babel/plugin-transform-class-properties, @babel/plugin-transform-private-methods and @babel/plugin-transform-private-property-in-object (when they are enabled): you can silence this warning by explicitly adding
	["@babel/plugin-transform-private-property-in-object", { "loose": false }]
to the "plugins" section of your Babel config.

If you already set the same 'loose' mode for these plugins in your config, it's possible that they are enabled multiple times with different options.
You can re-run Babel with the BABEL_SHOW_CONFIG_FOR environment variable to show the loaded configuration:
	npx cross-env BABEL_SHOW_CONFIG_FOR=/Users/Ajaya/Documents/TizenGitTVApp/node_modules/@mui/material/Autocomplete/Autocomplete.js <your build command>
See https://babeljs.io/docs/configuration#print-effective-configs for more info.
Though the "loose" option was set to "true" in your @babel/preset-env config, it will not be used for @babel/plugin-transform-private-methods since the "loose" mode option was set to "false" for @babel/plugin-transform-private-property-in-object.
The "loose" option must be the same for @babel/plugin-transform-class-properties, @babel/plugin-transform-private-methods and @babel/plugin-transform-private-property-in-object (when they are enabled): you can silence this warning by explicitly adding
	["@babel/plugin-transform-private-methods", { "loose": false }]
to the "plugins" section of your Babel config.

If you already set the same 'loose' mode for these plugins in your config, it's possible that they are enabled multiple times with different options.
You can re-run Babel with the BABEL_SHOW_CONFIG_FOR environment variable to show the loaded configuration:
	npx cross-env BABEL_SHOW_CONFIG_FOR=/Users/Ajaya/Documents/TizenGitTVApp/node_modules/@mui/material/Autocomplete/Autocomplete.js <your build command>
See https://babeljs.io/docs/configuration#print-effective-configs for more info.
Though the "loose" option was set to "true" in your @babel/preset-env config, it will not be used for @babel/plugin-transform-private-property-in-object since the "loose" mode option was set to "false" for @babel/plugin-transform-class-properties.
The "loose" option must be the same for @babel/plugin-transform-class-properties, @babel/plugin-transform-private-methods and @babel/plugin-transform-private-property-in-object (when they are enabled): you can silence this warning by explicitly adding
	["@babel/plugin-transform-private-property-in-object", { "loose": false }]
to the "plugins" section of your Babel config.

If you already set the same 'loose' mode for these plugins in your config, it's possible that they are enabled multiple times with different options.
You can re-run Babel with the BABEL_SHOW_CONFIG_FOR environment variable to show the loaded configuration:
	npx cross-env BABEL_SHOW_CONFIG_FOR=/Users/Ajaya/Documents/TizenGitTVApp/node_modules/@mui/material/AppBar/AppBar.js <your build command>
See https://babeljs.io/docs/configuration#print-effective-configs for more info.
Though the "loose" option was set to "true" in your @babel/preset-env config, it will not be used for @babel/plugin-transform-private-methods since the "loose" mode option was set to "false" for @babel/plugin-transform-private-property-in-object.
The "loose" option must be the same for @babel/plugin-transform-class-properties, @babel/plugin-transform-private-methods and @babel/plugin-transform-private-property-in-object (when they are enabled): you can silence this warning by explicitly adding
	["@babel/plugin-transform-private-methods", { "loose": false }]
to the "plugins" section of your Babel config.

If you already set the same 'loose' mode for these plugins in your config, it's possible that they are enabled multiple times with different options.
You can re-run Babel with the BABEL_SHOW_CONFIG_FOR environment variable to show the loaded configuration:
	npx cross-env BABEL_SHOW_CONFIG_FOR=/Users/Ajaya/Documents/TizenGitTVApp/node_modules/@mui/material/AppBar/AppBar.js <your build command>
See https://babeljs.io/docs/configuration#print-effective-configs for more info.
Though the "loose" option was set to "true" in your @babel/preset-env config, it will not be used for @babel/plugin-transform-private-property-in-object since the "loose" mode option was set to "false" for @babel/plugin-transform-class-properties.
The "loose" option must be the same for @babel/plugin-transform-class-properties, @babel/plugin-transform-private-methods and @babel/plugin-transform-private-property-in-object (when they are enabled): you can silence this warning by explicitly adding
	["@babel/plugin-transform-private-property-in-object", { "loose": false }]
to the "plugins" section of your Babel config.

If you already set the same 'loose' mode for these plugins in your config, it's possible that they are enabled multiple times with different options.
You can re-run Babel with the BABEL_SHOW_CONFIG_FOR environment variable to show the loaded configuration:
	npx cross-env BABEL_SHOW_CONFIG_FOR=/Users/Ajaya/Documents/TizenGitTVApp/node_modules/@mui/material/Link/getTextDecoration.js <your build command>
See https://babeljs.io/docs/configuration#print-effective-configs for more info.
Though the "loose" option was set to "true" in your @babel/preset-env config, it will not be used for @babel/plugin-transform-private-methods since the "loose" mode option was set to "false" for @babel/plugin-transform-private-property-in-object.
The "loose" option must be the same for @babel/plugin-transform-class-properties, @babel/plugin-transform-private-methods and @babel/plugin-transform-private-property-in-object (when they are enabled): you can silence this warning by explicitly adding
	["@babel/plugin-transform-private-methods", { "loose": false }]
to the "plugins" section of your Babel config.

If you already set the same 'loose' mode for these plugins in your config, it's possible that they are enabled multiple times with different options.
You can re-run Babel with the BABEL_SHOW_CONFIG_FOR environment variable to show the loaded configuration:
	npx cross-env BABEL_SHOW_CONFIG_FOR=/Users/Ajaya/Documents/TizenGitTVApp/node_modules/@mui/material/Link/getTextDecoration.js <your build command>
See https://babeljs.io/docs/configuration#print-effective-configs for more info.
Though the "loose" option was set to "true" in your @babel/preset-env config, it will not be used for @babel/plugin-transform-private-property-in-object since the "loose" mode option was set to "false" for @babel/plugin-transform-class-properties.
The "loose" option must be the same for @babel/plugin-transform-class-properties, @babel/plugin-transform-private-methods and @babel/plugin-transform-private-property-in-object (when they are enabled): you can silence this warning by explicitly adding
	["@babel/plugin-transform-private-property-in-object", { "loose": false }]
to the "plugins" section of your Babel config.

If you already set the same 'loose' mode for these plugins in your config, it's possible that they are enabled multiple times with different options.
You can re-run Babel with the BABEL_SHOW_CONFIG_FOR environment variable to show the loaded configuration:
	npx cross-env BABEL_SHOW_CONFIG_FOR=/Users/Ajaya/Documents/TizenGitTVApp/node_modules/@mui/material/AccordionActions/AccordionActions.js <your build command>
See https://babeljs.io/docs/configuration#print-effective-configs for more info.
Though the "loose" option was set to "true" in your @babel/preset-env config, it will not be used for @babel/plugin-transform-private-methods since the "loose" mode option was set to "false" for @babel/plugin-transform-private-property-in-object.
The "loose" option must be the same for @babel/plugin-transform-class-properties, @babel/plugin-transform-private-methods and @babel/plugin-transform-private-property-in-object (when they are enabled): you can silence this warning by explicitly adding
	["@babel/plugin-transform-private-methods", { "loose": false }]
to the "plugins" section of your Babel config.

If you already set the same 'loose' mode for these plugins in your config, it's possible that they are enabled multiple times with different options.
You can re-run Babel with the BABEL_SHOW_CONFIG_FOR environment variable to show the loaded configuration:
	npx cross-env BABEL_SHOW_CONFIG_FOR=/Users/Ajaya/Documents/TizenGitTVApp/node_modules/@mui/material/AccordionActions/AccordionActions.js <your build command>
See https://babeljs.io/docs/configuration#print-effective-configs for more info.
Though the "loose" option was set to "true" in your @babel/preset-env config, it will not be used for @babel/plugin-transform-private-property-in-object since the "loose" mode option was set to "false" for @babel/plugin-transform-class-properties.
The "loose" option must be the same for @babel/plugin-transform-class-properties, @babel/plugin-transform-private-methods and @babel/plugin-transform-private-property-in-object (when they are enabled): you can silence this warning by explicitly adding
	["@babel/plugin-transform-private-property-in-object", { "loose": false }]
to the "plugins" section of your Babel config.

If you already set the same 'loose' mode for these plugins in your config, it's possible that they are enabled multiple times with different options.
You can re-run Babel with the BABEL_SHOW_CONFIG_FOR environment variable to show the loaded configuration:
	npx cross-env BABEL_SHOW_CONFIG_FOR=/Users/Ajaya/Documents/TizenGitTVApp/node_modules/@mui/material/AccordionActions/accordionActionsClasses.js <your build command>
See https://babeljs.io/docs/configuration#print-effective-configs for more info.
Though the "loose" option was set to "true" in your @babel/preset-env config, it will not be used for @babel/plugin-transform-private-methods since the "loose" mode option was set to "false" for @babel/plugin-transform-private-property-in-object.
The "loose" option must be the same for @babel/plugin-transform-class-properties, @babel/plugin-transform-private-methods and @babel/plugin-transform-private-property-in-object (when they are enabled): you can silence this warning by explicitly adding
	["@babel/plugin-transform-private-methods", { "loose": false }]
to the "plugins" section of your Babel config.

If you already set the same 'loose' mode for these plugins in your config, it's possible that they are enabled multiple times with different options.
You can re-run Babel with the BABEL_SHOW_CONFIG_FOR environment variable to show the loaded configuration:
	npx cross-env BABEL_SHOW_CONFIG_FOR=/Users/Ajaya/Documents/TizenGitTVApp/node_modules/@mui/material/AccordionActions/accordionActionsClasses.js <your build command>
See https://babeljs.io/docs/configuration#print-effective-configs for more info.
Though the "loose" option was set to "true" in your @babel/preset-env config, it will not be used for @babel/plugin-transform-private-property-in-object since the "loose" mode option was set to "false" for @babel/plugin-transform-class-properties.
The "loose" option must be the same for @babel/plugin-transform-class-properties, @babel/plugin-transform-private-methods and @babel/plugin-transform-private-property-in-object (when they are enabled): you can silence this warning by explicitly adding
	["@babel/plugin-transform-private-property-in-object", { "loose": false }]
to the "plugins" section of your Babel config.

If you already set the same 'loose' mode for these plugins in your config, it's possible that they are enabled multiple times with different options.
You can re-run Babel with the BABEL_SHOW_CONFIG_FOR environment variable to show the loaded configuration:
	npx cross-env BABEL_SHOW_CONFIG_FOR=/Users/Ajaya/Documents/TizenGitTVApp/node_modules/@mui/material/Accordion/Accordion.js <your build command>
See https://babeljs.io/docs/configuration#print-effective-configs for more info.
Though the "loose" option was set to "true" in your @babel/preset-env config, it will not be used for @babel/plugin-transform-private-methods since the "loose" mode option was set to "false" for @babel/plugin-transform-private-property-in-object.
The "loose" option must be the same for @babel/plugin-transform-class-properties, @babel/plugin-transform-private-methods and @babel/plugin-transform-private-property-in-object (when they are enabled): you can silence this warning by explicitly adding
	["@babel/plugin-transform-private-methods", { "loose": false }]
to the "plugins" section of your Babel config.

If you already set the same 'loose' mode for these plugins in your config, it's possible that they are enabled multiple times with different options.
You can re-run Babel with the BABEL_SHOW_CONFIG_FOR environment variable to show the loaded configuration:
	npx cross-env BABEL_SHOW_CONFIG_FOR=/Users/Ajaya/Documents/TizenGitTVApp/node_modules/@mui/material/Accordion/Accordion.js <your build command>
See https://babeljs.io/docs/configuration#print-effective-configs for more info.
Though the "loose" option was set to "true" in your @babel/preset-env config, it will not be used for @babel/plugin-transform-private-property-in-object since the "loose" mode option was set to "false" for @babel/plugin-transform-class-properties.
The "loose" option must be the same for @babel/plugin-transform-class-properties, @babel/plugin-transform-private-methods and @babel/plugin-transform-private-property-in-object (when they are enabled): you can silence this warning by explicitly adding
	["@babel/plugin-transform-private-property-in-object", { "loose": false }]
to the "plugins" section of your Babel config.

If you already set the same 'loose' mode for these plugins in your config, it's possible that they are enabled multiple times with different options.
You can re-run Babel with the BABEL_SHOW_CONFIG_FOR environment variable to show the loaded configuration:
	npx cross-env BABEL_SHOW_CONFIG_FOR=/Users/Ajaya/Documents/TizenGitTVApp/node_modules/@mui/material/Accordion/accordionClasses.js <your build command>
See https://babeljs.io/docs/configuration#print-effective-configs for more info.
Though the "loose" option was set to "true" in your @babel/preset-env config, it will not be used for @babel/plugin-transform-private-methods since the "loose" mode option was set to "false" for @babel/plugin-transform-private-property-in-object.
The "loose" option must be the same for @babel/plugin-transform-class-properties, @babel/plugin-transform-private-methods and @babel/plugin-transform-private-property-in-object (when they are enabled): you can silence this warning by explicitly adding
	["@babel/plugin-transform-private-methods", { "loose": false }]
to the "plugins" section of your Babel config.

If you already set the same 'loose' mode for these plugins in your config, it's possible that they are enabled multiple times with different options.
You can re-run Babel with the BABEL_SHOW_CONFIG_FOR environment variable to show the loaded configuration:
	npx cross-env BABEL_SHOW_CONFIG_FOR=/Users/Ajaya/Documents/TizenGitTVApp/node_modules/@mui/material/Accordion/accordionClasses.js <your build command>
See https://babeljs.io/docs/configuration#print-effective-configs for more info.
Though the "loose" option was set to "true" in your @babel/preset-env config, it will not be used for @babel/plugin-transform-private-property-in-object since the "loose" mode option was set to "false" for @babel/plugin-transform-class-properties.
The "loose" option must be the same for @babel/plugin-transform-class-properties, @babel/plugin-transform-private-methods and @babel/plugin-transform-private-property-in-object (when they are enabled): you can silence this warning by explicitly adding
	["@babel/plugin-transform-private-property-in-object", { "loose": false }]
to the "plugins" section of your Babel config.

If you already set the same 'loose' mode for these plugins in your config, it's possible that they are enabled multiple times with different options.
You can re-run Babel with the BABEL_SHOW_CONFIG_FOR environment variable to show the loaded configuration:
	npx cross-env BABEL_SHOW_CONFIG_FOR=/Users/Ajaya/Documents/TizenGitTVApp/node_modules/@mui/material/AccordionDetails/accordionDetailsClasses.js <your build command>
See https://babeljs.io/docs/configuration#print-effective-configs for more info.
Though the "loose" option was set to "true" in your @babel/preset-env config, it will not be used for @babel/plugin-transform-private-methods since the "loose" mode option was set to "false" for @babel/plugin-transform-private-property-in-object.
The "loose" option must be the same for @babel/plugin-transform-class-properties, @babel/plugin-transform-private-methods and @babel/plugin-transform-private-property-in-object (when they are enabled): you can silence this warning by explicitly adding
	["@babel/plugin-transform-private-methods", { "loose": false }]
to the "plugins" section of your Babel config.

If you already set the same 'loose' mode for these plugins in your config, it's possible that they are enabled multiple times with different options.
You can re-run Babel with the BABEL_SHOW_CONFIG_FOR environment variable to show the loaded configuration:
	npx cross-env BABEL_SHOW_CONFIG_FOR=/Users/Ajaya/Documents/TizenGitTVApp/node_modules/@mui/material/AccordionDetails/accordionDetailsClasses.js <your build command>
See https://babeljs.io/docs/configuration#print-effective-configs for more info.
Though the "loose" option was set to "true" in your @babel/preset-env config, it will not be used for @babel/plugin-transform-private-property-in-object since the "loose" mode option was set to "false" for @babel/plugin-transform-class-properties.
The "loose" option must be the same for @babel/plugin-transform-class-properties, @babel/plugin-transform-private-methods and @babel/plugin-transform-private-property-in-object (when they are enabled): you can silence this warning by explicitly adding
	["@babel/plugin-transform-private-property-in-object", { "loose": false }]
to the "plugins" section of your Babel config.

If you already set the same 'loose' mode for these plugins in your config, it's possible that they are enabled multiple times with different options.
You can re-run Babel with the BABEL_SHOW_CONFIG_FOR environment variable to show the loaded configuration:
	npx cross-env BABEL_SHOW_CONFIG_FOR=/Users/Ajaya/Documents/TizenGitTVApp/node_modules/@mui/material/AccordionDetails/AccordionDetails.js <your build command>
See https://babeljs.io/docs/configuration#print-effective-configs for more info.
Though the "loose" option was set to "true" in your @babel/preset-env config, it will not be used for @babel/plugin-transform-private-methods since the "loose" mode option was set to "false" for @babel/plugin-transform-private-property-in-object.
The "loose" option must be the same for @babel/plugin-transform-class-properties, @babel/plugin-transform-private-methods and @babel/plugin-transform-private-property-in-object (when they are enabled): you can silence this warning by explicitly adding
	["@babel/plugin-transform-private-methods", { "loose": false }]
to the "plugins" section of your Babel config.

If you already set the same 'loose' mode for these plugins in your config, it's possible that they are enabled multiple times with different options.
You can re-run Babel with the BABEL_SHOW_CONFIG_FOR environment variable to show the loaded configuration:
	npx cross-env BABEL_SHOW_CONFIG_FOR=/Users/Ajaya/Documents/TizenGitTVApp/node_modules/@mui/material/AccordionDetails/AccordionDetails.js <your build command>
See https://babeljs.io/docs/configuration#print-effective-configs for more info.
Though the "loose" option was set to "true" in your @babel/preset-env config, it will not be used for @babel/plugin-transform-private-property-in-object since the "loose" mode option was set to "false" for @babel/plugin-transform-class-properties.
The "loose" option must be the same for @babel/plugin-transform-class-properties, @babel/plugin-transform-private-methods and @babel/plugin-transform-private-property-in-object (when they are enabled): you can silence this warning by explicitly adding
	["@babel/plugin-transform-private-property-in-object", { "loose": false }]
to the "plugins" section of your Babel config.

If you already set the same 'loose' mode for these plugins in your config, it's possible that they are enabled multiple times with different options.
You can re-run Babel with the BABEL_SHOW_CONFIG_FOR environment variable to show the loaded configuration:
	npx cross-env BABEL_SHOW_CONFIG_FOR=/Users/Ajaya/Documents/TizenGitTVApp/node_modules/@mui/material/AccordionSummary/accordionSummaryClasses.js <your build command>
See https://babeljs.io/docs/configuration#print-effective-configs for more info.
Though the "loose" option was set to "true" in your @babel/preset-env config, it will not be used for @babel/plugin-transform-private-methods since the "loose" mode option was set to "false" for @babel/plugin-transform-private-property-in-object.
The "loose" option must be the same for @babel/plugin-transform-class-properties, @babel/plugin-transform-private-methods and @babel/plugin-transform-private-property-in-object (when they are enabled): you can silence this warning by explicitly adding
	["@babel/plugin-transform-private-methods", { "loose": false }]
to the "plugins" section of your Babel config.

If you already set the same 'loose' mode for these plugins in your config, it's possible that they are enabled multiple times with different options.
You can re-run Babel with the BABEL_SHOW_CONFIG_FOR environment variable to show the loaded configuration:
	npx cross-env BABEL_SHOW_CONFIG_FOR=/Users/Ajaya/Documents/TizenGitTVApp/node_modules/@mui/material/AccordionSummary/accordionSummaryClasses.js <your build command>
See https://babeljs.io/docs/configuration#print-effective-configs for more info.
Though the "loose" option was set to "true" in your @babel/preset-env config, it will not be used for @babel/plugin-transform-private-property-in-object since the "loose" mode option was set to "false" for @babel/plugin-transform-class-properties.
The "loose" option must be the same for @babel/plugin-transform-class-properties, @babel/plugin-transform-private-methods and @babel/plugin-transform-private-property-in-object (when they are enabled): you can silence this warning by explicitly adding
	["@babel/plugin-transform-private-property-in-object", { "loose": false }]
to the "plugins" section of your Babel config.

If you already set the same 'loose' mode for these plugins in your config, it's possible that they are enabled multiple times with different options.
You can re-run Babel with the BABEL_SHOW_CONFIG_FOR environment variable to show the loaded configuration:
	npx cross-env BABEL_SHOW_CONFIG_FOR=/Users/Ajaya/Documents/TizenGitTVApp/node_modules/@mui/material/AccordionSummary/AccordionSummary.js <your build command>
See https://babeljs.io/docs/configuration#print-effective-configs for more info.
Though the "loose" option was set to "true" in your @babel/preset-env config, it will not be used for @babel/plugin-transform-private-methods since the "loose" mode option was set to "false" for @babel/plugin-transform-private-property-in-object.
The "loose" option must be the same for @babel/plugin-transform-class-properties, @babel/plugin-transform-private-methods and @babel/plugin-transform-private-property-in-object (when they are enabled): you can silence this warning by explicitly adding
	["@babel/plugin-transform-private-methods", { "loose": false }]
to the "plugins" section of your Babel config.

If you already set the same 'loose' mode for these plugins in your config, it's possible that they are enabled multiple times with different options.
You can re-run Babel with the BABEL_SHOW_CONFIG_FOR environment variable to show the loaded configuration:
	npx cross-env BABEL_SHOW_CONFIG_FOR=/Users/Ajaya/Documents/TizenGitTVApp/node_modules/@mui/material/AccordionSummary/AccordionSummary.js <your build command>
See https://babeljs.io/docs/configuration#print-effective-configs for more info.
Though the "loose" option was set to "true" in your @babel/preset-env config, it will not be used for @babel/plugin-transform-private-property-in-object since the "loose" mode option was set to "false" for @babel/plugin-transform-class-properties.
The "loose" option must be the same for @babel/plugin-transform-class-properties, @babel/plugin-transform-private-methods and @babel/plugin-transform-private-property-in-object (when they are enabled): you can silence this warning by explicitly adding
	["@babel/plugin-transform-private-property-in-object", { "loose": false }]
to the "plugins" section of your Babel config.

If you already set the same 'loose' mode for these plugins in your config, it's possible that they are enabled multiple times with different options.
You can re-run Babel with the BABEL_SHOW_CONFIG_FOR environment variable to show the loaded configuration:
	npx cross-env BABEL_SHOW_CONFIG_FOR=/Users/Ajaya/Documents/TizenGitTVApp/node_modules/@mui/material/Alert/alertClasses.js <your build command>
See https://babeljs.io/docs/configuration#print-effective-configs for more info.
Though the "loose" option was set to "true" in your @babel/preset-env config, it will not be used for @babel/plugin-transform-private-methods since the "loose" mode option was set to "false" for @babel/plugin-transform-private-property-in-object.
The "loose" option must be the same for @babel/plugin-transform-class-properties, @babel/plugin-transform-private-methods and @babel/plugin-transform-private-property-in-object (when they are enabled): you can silence this warning by explicitly adding
	["@babel/plugin-transform-private-methods", { "loose": false }]
to the "plugins" section of your Babel config.

If you already set the same 'loose' mode for these plugins in your config, it's possible that they are enabled multiple times with different options.
You can re-run Babel with the BABEL_SHOW_CONFIG_FOR environment variable to show the loaded configuration:
	npx cross-env BABEL_SHOW_CONFIG_FOR=/Users/Ajaya/Documents/TizenGitTVApp/node_modules/@mui/material/Alert/alertClasses.js <your build command>
See https://babeljs.io/docs/configuration#print-effective-configs for more info.
Though the "loose" option was set to "true" in your @babel/preset-env config, it will not be used for @babel/plugin-transform-private-property-in-object since the "loose" mode option was set to "false" for @babel/plugin-transform-class-properties.
The "loose" option must be the same for @babel/plugin-transform-class-properties, @babel/plugin-transform-private-methods and @babel/plugin-transform-private-property-in-object (when they are enabled): you can silence this warning by explicitly adding
	["@babel/plugin-transform-private-property-in-object", { "loose": false }]
to the "plugins" section of your Babel config.

If you already set the same 'loose' mode for these plugins in your config, it's possible that they are enabled multiple times with different options.
You can re-run Babel with the BABEL_SHOW_CONFIG_FOR environment variable to show the loaded configuration:
	npx cross-env BABEL_SHOW_CONFIG_FOR=/Users/Ajaya/Documents/TizenGitTVApp/node_modules/@mui/material/Alert/Alert.js <your build command>
See https://babeljs.io/docs/configuration#print-effective-configs for more info.
Though the "loose" option was set to "true" in your @babel/preset-env config, it will not be used for @babel/plugin-transform-private-methods since the "loose" mode option was set to "false" for @babel/plugin-transform-private-property-in-object.
The "loose" option must be the same for @babel/plugin-transform-class-properties, @babel/plugin-transform-private-methods and @babel/plugin-transform-private-property-in-object (when they are enabled): you can silence this warning by explicitly adding
	["@babel/plugin-transform-private-methods", { "loose": false }]
to the "plugins" section of your Babel config.

If you already set the same 'loose' mode for these plugins in your config, it's possible that they are enabled multiple times with different options.
You can re-run Babel with the BABEL_SHOW_CONFIG_FOR environment variable to show the loaded configuration:
	npx cross-env BABEL_SHOW_CONFIG_FOR=/Users/Ajaya/Documents/TizenGitTVApp/node_modules/@mui/material/Alert/Alert.js <your build command>
See https://babeljs.io/docs/configuration#print-effective-configs for more info.
Though the "loose" option was set to "true" in your @babel/preset-env config, it will not be used for @babel/plugin-transform-private-property-in-object since the "loose" mode option was set to "false" for @babel/plugin-transform-class-properties.
The "loose" option must be the same for @babel/plugin-transform-class-properties, @babel/plugin-transform-private-methods and @babel/plugin-transform-private-property-in-object (when they are enabled): you can silence this warning by explicitly adding
	["@babel/plugin-transform-private-property-in-object", { "loose": false }]
to the "plugins" section of your Babel config.

If you already set the same 'loose' mode for these plugins in your config, it's possible that they are enabled multiple times with different options.
You can re-run Babel with the BABEL_SHOW_CONFIG_FOR environment variable to show the loaded configuration:
	npx cross-env BABEL_SHOW_CONFIG_FOR=/Users/Ajaya/Documents/TizenGitTVApp/node_modules/@mui/material/Chip/chipClasses.js <your build command>
See https://babeljs.io/docs/configuration#print-effective-configs for more info.
Though the "loose" option was set to "true" in your @babel/preset-env config, it will not be used for @babel/plugin-transform-private-methods since the "loose" mode option was set to "false" for @babel/plugin-transform-private-property-in-object.
The "loose" option must be the same for @babel/plugin-transform-class-properties, @babel/plugin-transform-private-methods and @babel/plugin-transform-private-property-in-object (when they are enabled): you can silence this warning by explicitly adding
	["@babel/plugin-transform-private-methods", { "loose": false }]
to the "plugins" section of your Babel config.

If you already set the same 'loose' mode for these plugins in your config, it's possible that they are enabled multiple times with different options.
You can re-run Babel with the BABEL_SHOW_CONFIG_FOR environment variable to show the loaded configuration:
	npx cross-env BABEL_SHOW_CONFIG_FOR=/Users/Ajaya/Documents/TizenGitTVApp/node_modules/@mui/material/Chip/chipClasses.js <your build command>
See https://babeljs.io/docs/configuration#print-effective-configs for more info.
Though the "loose" option was set to "true" in your @babel/preset-env config, it will not be used for @babel/plugin-transform-private-property-in-object since the "loose" mode option was set to "false" for @babel/plugin-transform-class-properties.
The "loose" option must be the same for @babel/plugin-transform-class-properties, @babel/plugin-transform-private-methods and @babel/plugin-transform-private-property-in-object (when they are enabled): you can silence this warning by explicitly adding
	["@babel/plugin-transform-private-property-in-object", { "loose": false }]
to the "plugins" section of your Babel config.

If you already set the same 'loose' mode for these plugins in your config, it's possible that they are enabled multiple times with different options.
You can re-run Babel with the BABEL_SHOW_CONFIG_FOR environment variable to show the loaded configuration:
	npx cross-env BABEL_SHOW_CONFIG_FOR=/Users/Ajaya/Documents/TizenGitTVApp/node_modules/@mui/material/Checkbox/Checkbox.js <your build command>
See https://babeljs.io/docs/configuration#print-effective-configs for more info.
Though the "loose" option was set to "true" in your @babel/preset-env config, it will not be used for @babel/plugin-transform-private-methods since the "loose" mode option was set to "false" for @babel/plugin-transform-private-property-in-object.
The "loose" option must be the same for @babel/plugin-transform-class-properties, @babel/plugin-transform-private-methods and @babel/plugin-transform-private-property-in-object (when they are enabled): you can silence this warning by explicitly adding
	["@babel/plugin-transform-private-methods", { "loose": false }]
to the "plugins" section of your Babel config.

If you already set the same 'loose' mode for these plugins in your config, it's possible that they are enabled multiple times with different options.
You can re-run Babel with the BABEL_SHOW_CONFIG_FOR environment variable to show the loaded configuration:
	npx cross-env BABEL_SHOW_CONFIG_FOR=/Users/Ajaya/Documents/TizenGitTVApp/node_modules/@mui/material/Checkbox/Checkbox.js <your build command>
See https://babeljs.io/docs/configuration#print-effective-configs for more info.
Though the "loose" option was set to "true" in your @babel/preset-env config, it will not be used for @babel/plugin-transform-private-property-in-object since the "loose" mode option was set to "false" for @babel/plugin-transform-class-properties.
The "loose" option must be the same for @babel/plugin-transform-class-properties, @babel/plugin-transform-private-methods and @babel/plugin-transform-private-property-in-object (when they are enabled): you can silence this warning by explicitly adding
	["@babel/plugin-transform-private-property-in-object", { "loose": false }]
to the "plugins" section of your Babel config.

If you already set the same 'loose' mode for these plugins in your config, it's possible that they are enabled multiple times with different options.
You can re-run Babel with the BABEL_SHOW_CONFIG_FOR environment variable to show the loaded configuration:
	npx cross-env BABEL_SHOW_CONFIG_FOR=/Users/Ajaya/Documents/TizenGitTVApp/node_modules/@mui/material/CircularProgress/circularProgressClasses.js <your build command>
See https://babeljs.io/docs/configuration#print-effective-configs for more info.
Though the "loose" option was set to "true" in your @babel/preset-env config, it will not be used for @babel/plugin-transform-private-methods since the "loose" mode option was set to "false" for @babel/plugin-transform-private-property-in-object.
The "loose" option must be the same for @babel/plugin-transform-class-properties, @babel/plugin-transform-private-methods and @babel/plugin-transform-private-property-in-object (when they are enabled): you can silence this warning by explicitly adding
	["@babel/plugin-transform-private-methods", { "loose": false }]
to the "plugins" section of your Babel config.

If you already set the same 'loose' mode for these plugins in your config, it's possible that they are enabled multiple times with different options.
You can re-run Babel with the BABEL_SHOW_CONFIG_FOR environment variable to show the loaded configuration:
	npx cross-env BABEL_SHOW_CONFIG_FOR=/Users/Ajaya/Documents/TizenGitTVApp/node_modules/@mui/material/CircularProgress/circularProgressClasses.js <your build command>
See https://babeljs.io/docs/configuration#print-effective-configs for more info.
Though the "loose" option was set to "true" in your @babel/preset-env config, it will not be used for @babel/plugin-transform-private-property-in-object since the "loose" mode option was set to "false" for @babel/plugin-transform-class-properties.
The "loose" option must be the same for @babel/plugin-transform-class-properties, @babel/plugin-transform-private-methods and @babel/plugin-transform-private-property-in-object (when they are enabled): you can silence this warning by explicitly adding
	["@babel/plugin-transform-private-property-in-object", { "loose": false }]
to the "plugins" section of your Babel config.

If you already set the same 'loose' mode for these plugins in your config, it's possible that they are enabled multiple times with different options.
You can re-run Babel with the BABEL_SHOW_CONFIG_FOR environment variable to show the loaded configuration:
	npx cross-env BABEL_SHOW_CONFIG_FOR=/Users/Ajaya/Documents/TizenGitTVApp/node_modules/@mui/material/Container/Container.js <your build command>
See https://babeljs.io/docs/configuration#print-effective-configs for more info.
Though the "loose" option was set to "true" in your @babel/preset-env config, it will not be used for @babel/plugin-transform-private-methods since the "loose" mode option was set to "false" for @babel/plugin-transform-private-property-in-object.
The "loose" option must be the same for @babel/plugin-transform-class-properties, @babel/plugin-transform-private-methods and @babel/plugin-transform-private-property-in-object (when they are enabled): you can silence this warning by explicitly adding
	["@babel/plugin-transform-private-methods", { "loose": false }]
to the "plugins" section of your Babel config.

If you already set the same 'loose' mode for these plugins in your config, it's possible that they are enabled multiple times with different options.
You can re-run Babel with the BABEL_SHOW_CONFIG_FOR environment variable to show the loaded configuration:
	npx cross-env BABEL_SHOW_CONFIG_FOR=/Users/Ajaya/Documents/TizenGitTVApp/node_modules/@mui/material/Container/Container.js <your build command>
See https://babeljs.io/docs/configuration#print-effective-configs for more info.
Though the "loose" option was set to "true" in your @babel/preset-env config, it will not be used for @babel/plugin-transform-private-property-in-object since the "loose" mode option was set to "false" for @babel/plugin-transform-class-properties.
The "loose" option must be the same for @babel/plugin-transform-class-properties, @babel/plugin-transform-private-methods and @babel/plugin-transform-private-property-in-object (when they are enabled): you can silence this warning by explicitly adding
	["@babel/plugin-transform-private-property-in-object", { "loose": false }]
to the "plugins" section of your Babel config.

If you already set the same 'loose' mode for these plugins in your config, it's possible that they are enabled multiple times with different options.
You can re-run Babel with the BABEL_SHOW_CONFIG_FOR environment variable to show the loaded configuration:
	npx cross-env BABEL_SHOW_CONFIG_FOR=/Users/Ajaya/Documents/TizenGitTVApp/node_modules/@mui/material/Chip/Chip.js <your build command>
See https://babeljs.io/docs/configuration#print-effective-configs for more info.
Though the "loose" option was set to "true" in your @babel/preset-env config, it will not be used for @babel/plugin-transform-private-methods since the "loose" mode option was set to "false" for @babel/plugin-transform-private-property-in-object.
The "loose" option must be the same for @babel/plugin-transform-class-properties, @babel/plugin-transform-private-methods and @babel/plugin-transform-private-property-in-object (when they are enabled): you can silence this warning by explicitly adding
	["@babel/plugin-transform-private-methods", { "loose": false }]
to the "plugins" section of your Babel config.

If you already set the same 'loose' mode for these plugins in your config, it's possible that they are enabled multiple times with different options.
You can re-run Babel with the BABEL_SHOW_CONFIG_FOR environment variable to show the loaded configuration:
	npx cross-env BABEL_SHOW_CONFIG_FOR=/Users/Ajaya/Documents/TizenGitTVApp/node_modules/@mui/material/Chip/Chip.js <your build command>
See https://babeljs.io/docs/configuration#print-effective-configs for more info.
Though the "loose" option was set to "true" in your @babel/preset-env config, it will not be used for @babel/plugin-transform-private-property-in-object since the "loose" mode option was set to "false" for @babel/plugin-transform-class-properties.
The "loose" option must be the same for @babel/plugin-transform-class-properties, @babel/plugin-transform-private-methods and @babel/plugin-transform-private-property-in-object (when they are enabled): you can silence this warning by explicitly adding
	["@babel/plugin-transform-private-property-in-object", { "loose": false }]
to the "plugins" section of your Babel config.

If you already set the same 'loose' mode for these plugins in your config, it's possible that they are enabled multiple times with different options.
You can re-run Babel with the BABEL_SHOW_CONFIG_FOR environment variable to show the loaded configuration:
	npx cross-env BABEL_SHOW_CONFIG_FOR=/Users/Ajaya/Documents/TizenGitTVApp/node_modules/@mui/material/Container/containerClasses.js <your build command>
See https://babeljs.io/docs/configuration#print-effective-configs for more info.
Though the "loose" option was set to "true" in your @babel/preset-env config, it will not be used for @babel/plugin-transform-private-methods since the "loose" mode option was set to "false" for @babel/plugin-transform-private-property-in-object.
The "loose" option must be the same for @babel/plugin-transform-class-properties, @babel/plugin-transform-private-methods and @babel/plugin-transform-private-property-in-object (when they are enabled): you can silence this warning by explicitly adding
	["@babel/plugin-transform-private-methods", { "loose": false }]
to the "plugins" section of your Babel config.

If you already set the same 'loose' mode for these plugins in your config, it's possible that they are enabled multiple times with different options.
You can re-run Babel with the BABEL_SHOW_CONFIG_FOR environment variable to show the loaded configuration:
	npx cross-env BABEL_SHOW_CONFIG_FOR=/Users/Ajaya/Documents/TizenGitTVApp/node_modules/@mui/material/Container/containerClasses.js <your build command>
See https://babeljs.io/docs/configuration#print-effective-configs for more info.
Though the "loose" option was set to "true" in your @babel/preset-env config, it will not be used for @babel/plugin-transform-private-property-in-object since the "loose" mode option was set to "false" for @babel/plugin-transform-class-properties.
The "loose" option must be the same for @babel/plugin-transform-class-properties, @babel/plugin-transform-private-methods and @babel/plugin-transform-private-property-in-object (when they are enabled): you can silence this warning by explicitly adding
	["@babel/plugin-transform-private-property-in-object", { "loose": false }]
to the "plugins" section of your Babel config.

If you already set the same 'loose' mode for these plugins in your config, it's possible that they are enabled multiple times with different options.
You can re-run Babel with the BABEL_SHOW_CONFIG_FOR environment variable to show the loaded configuration:
	npx cross-env BABEL_SHOW_CONFIG_FOR=/Users/Ajaya/Documents/TizenGitTVApp/node_modules/@mui/material/Dialog/dialogClasses.js <your build command>
See https://babeljs.io/docs/configuration#print-effective-configs for more info.
Though the "loose" option was set to "true" in your @babel/preset-env config, it will not be used for @babel/plugin-transform-private-methods since the "loose" mode option was set to "false" for @babel/plugin-transform-private-property-in-object.
The "loose" option must be the same for @babel/plugin-transform-class-properties, @babel/plugin-transform-private-methods and @babel/plugin-transform-private-property-in-object (when they are enabled): you can silence this warning by explicitly adding
	["@babel/plugin-transform-private-methods", { "loose": false }]
to the "plugins" section of your Babel config.

If you already set the same 'loose' mode for these plugins in your config, it's possible that they are enabled multiple times with different options.
You can re-run Babel with the BABEL_SHOW_CONFIG_FOR environment variable to show the loaded configuration:
	npx cross-env BABEL_SHOW_CONFIG_FOR=/Users/Ajaya/Documents/TizenGitTVApp/node_modules/@mui/material/Dialog/dialogClasses.js <your build command>
See https://babeljs.io/docs/configuration#print-effective-configs for more info.
Though the "loose" option was set to "true" in your @babel/preset-env config, it will not be used for @babel/plugin-transform-private-property-in-object since the "loose" mode option was set to "false" for @babel/plugin-transform-class-properties.
The "loose" option must be the same for @babel/plugin-transform-class-properties, @babel/plugin-transform-private-methods and @babel/plugin-transform-private-property-in-object (when they are enabled): you can silence this warning by explicitly adding
	["@babel/plugin-transform-private-property-in-object", { "loose": false }]
to the "plugins" section of your Babel config.

If you already set the same 'loose' mode for these plugins in your config, it's possible that they are enabled multiple times with different options.
You can re-run Babel with the BABEL_SHOW_CONFIG_FOR environment variable to show the loaded configuration:
	npx cross-env BABEL_SHOW_CONFIG_FOR=/Users/Ajaya/Documents/TizenGitTVApp/node_modules/@mui/material/Dialog/Dialog.js <your build command>
See https://babeljs.io/docs/configuration#print-effective-configs for more info.
Though the "loose" option was set to "true" in your @babel/preset-env config, it will not be used for @babel/plugin-transform-private-methods since the "loose" mode option was set to "false" for @babel/plugin-transform-private-property-in-object.
The "loose" option must be the same for @babel/plugin-transform-class-properties, @babel/plugin-transform-private-methods and @babel/plugin-transform-private-property-in-object (when they are enabled): you can silence this warning by explicitly adding
	["@babel/plugin-transform-private-methods", { "loose": false }]
to the "plugins" section of your Babel config.

If you already set the same 'loose' mode for these plugins in your config, it's possible that they are enabled multiple times with different options.
You can re-run Babel with the BABEL_SHOW_CONFIG_FOR environment variable to show the loaded configuration:
	npx cross-env BABEL_SHOW_CONFIG_FOR=/Users/Ajaya/Documents/TizenGitTVApp/node_modules/@mui/material/Dialog/Dialog.js <your build command>
See https://babeljs.io/docs/configuration#print-effective-configs for more info.
Though the "loose" option was set to "true" in your @babel/preset-env config, it will not be used for @babel/plugin-transform-private-property-in-object since the "loose" mode option was set to "false" for @babel/plugin-transform-class-properties.
The "loose" option must be the same for @babel/plugin-transform-class-properties, @babel/plugin-transform-private-methods and @babel/plugin-transform-private-property-in-object (when they are enabled): you can silence this warning by explicitly adding
	["@babel/plugin-transform-private-property-in-object", { "loose": false }]
to the "plugins" section of your Babel config.

If you already set the same 'loose' mode for these plugins in your config, it's possible that they are enabled multiple times with different options.
You can re-run Babel with the BABEL_SHOW_CONFIG_FOR environment variable to show the loaded configuration:
	npx cross-env BABEL_SHOW_CONFIG_FOR=/Users/Ajaya/Documents/TizenGitTVApp/node_modules/@mui/material/CircularProgress/CircularProgress.js <your build command>
See https://babeljs.io/docs/configuration#print-effective-configs for more info.
Though the "loose" option was set to "true" in your @babel/preset-env config, it will not be used for @babel/plugin-transform-private-methods since the "loose" mode option was set to "false" for @babel/plugin-transform-private-property-in-object.
The "loose" option must be the same for @babel/plugin-transform-class-properties, @babel/plugin-transform-private-methods and @babel/plugin-transform-private-property-in-object (when they are enabled): you can silence this warning by explicitly adding
	["@babel/plugin-transform-private-methods", { "loose": false }]
to the "plugins" section of your Babel config.

If you already set the same 'loose' mode for these plugins in your config, it's possible that they are enabled multiple times with different options.
You can re-run Babel with the BABEL_SHOW_CONFIG_FOR environment variable to show the loaded configuration:
	npx cross-env BABEL_SHOW_CONFIG_FOR=/Users/Ajaya/Documents/TizenGitTVApp/node_modules/@mui/material/CircularProgress/CircularProgress.js <your build command>
See https://babeljs.io/docs/configuration#print-effective-configs for more info.
Though the "loose" option was set to "true" in your @babel/preset-env config, it will not be used for @babel/plugin-transform-private-property-in-object since the "loose" mode option was set to "false" for @babel/plugin-transform-class-properties.
The "loose" option must be the same for @babel/plugin-transform-class-properties, @babel/plugin-transform-private-methods and @babel/plugin-transform-private-property-in-object (when they are enabled): you can silence this warning by explicitly adding
	["@babel/plugin-transform-private-property-in-object", { "loose": false }]
to the "plugins" section of your Babel config.

If you already set the same 'loose' mode for these plugins in your config, it's possible that they are enabled multiple times with different options.
You can re-run Babel with the BABEL_SHOW_CONFIG_FOR environment variable to show the loaded configuration:
	npx cross-env BABEL_SHOW_CONFIG_FOR=/Users/Ajaya/Documents/TizenGitTVApp/node_modules/@mui/material/DialogActions/dialogActionsClasses.js <your build command>
See https://babeljs.io/docs/configuration#print-effective-configs for more info.
Though the "loose" option was set to "true" in your @babel/preset-env config, it will not be used for @babel/plugin-transform-private-methods since the "loose" mode option was set to "false" for @babel/plugin-transform-private-property-in-object.
The "loose" option must be the same for @babel/plugin-transform-class-properties, @babel/plugin-transform-private-methods and @babel/plugin-transform-private-property-in-object (when they are enabled): you can silence this warning by explicitly adding
	["@babel/plugin-transform-private-methods", { "loose": false }]
to the "plugins" section of your Babel config.

If you already set the same 'loose' mode for these plugins in your config, it's possible that they are enabled multiple times with different options.
You can re-run Babel with the BABEL_SHOW_CONFIG_FOR environment variable to show the loaded configuration:
	npx cross-env BABEL_SHOW_CONFIG_FOR=/Users/Ajaya/Documents/TizenGitTVApp/node_modules/@mui/material/DialogActions/dialogActionsClasses.js <your build command>
See https://babeljs.io/docs/configuration#print-effective-configs for more info.
Though the "loose" option was set to "true" in your @babel/preset-env config, it will not be used for @babel/plugin-transform-private-property-in-object since the "loose" mode option was set to "false" for @babel/plugin-transform-class-properties.
The "loose" option must be the same for @babel/plugin-transform-class-properties, @babel/plugin-transform-private-methods and @babel/plugin-transform-private-property-in-object (when they are enabled): you can silence this warning by explicitly adding
	["@babel/plugin-transform-private-property-in-object", { "loose": false }]
to the "plugins" section of your Babel config.

If you already set the same 'loose' mode for these plugins in your config, it's possible that they are enabled multiple times with different options.
You can re-run Babel with the BABEL_SHOW_CONFIG_FOR environment variable to show the loaded configuration:
	npx cross-env BABEL_SHOW_CONFIG_FOR=/Users/Ajaya/Documents/TizenGitTVApp/node_modules/@mui/material/DialogActions/DialogActions.js <your build command>
See https://babeljs.io/docs/configuration#print-effective-configs for more info.
Though the "loose" option was set to "true" in your @babel/preset-env config, it will not be used for @babel/plugin-transform-private-methods since the "loose" mode option was set to "false" for @babel/plugin-transform-private-property-in-object.
The "loose" option must be the same for @babel/plugin-transform-class-properties, @babel/plugin-transform-private-methods and @babel/plugin-transform-private-property-in-object (when they are enabled): you can silence this warning by explicitly adding
	["@babel/plugin-transform-private-methods", { "loose": false }]
to the "plugins" section of your Babel config.

If you already set the same 'loose' mode for these plugins in your config, it's possible that they are enabled multiple times with different options.
You can re-run Babel with the BABEL_SHOW_CONFIG_FOR environment variable to show the loaded configuration:
	npx cross-env BABEL_SHOW_CONFIG_FOR=/Users/Ajaya/Documents/TizenGitTVApp/node_modules/@mui/material/DialogActions/DialogActions.js <your build command>
See https://babeljs.io/docs/configuration#print-effective-configs for more info.
Though the "loose" option was set to "true" in your @babel/preset-env config, it will not be used for @babel/plugin-transform-private-property-in-object since the "loose" mode option was set to "false" for @babel/plugin-transform-class-properties.
The "loose" option must be the same for @babel/plugin-transform-class-properties, @babel/plugin-transform-private-methods and @babel/plugin-transform-private-property-in-object (when they are enabled): you can silence this warning by explicitly adding
	["@babel/plugin-transform-private-property-in-object", { "loose": false }]
to the "plugins" section of your Babel config.

If you already set the same 'loose' mode for these plugins in your config, it's possible that they are enabled multiple times with different options.
You can re-run Babel with the BABEL_SHOW_CONFIG_FOR environment variable to show the loaded configuration:
	npx cross-env BABEL_SHOW_CONFIG_FOR=/Users/Ajaya/Documents/TizenGitTVApp/node_modules/@mui/material/DialogContent/dialogContentClasses.js <your build command>
See https://babeljs.io/docs/configuration#print-effective-configs for more info.
Though the "loose" option was set to "true" in your @babel/preset-env config, it will not be used for @babel/plugin-transform-private-methods since the "loose" mode option was set to "false" for @babel/plugin-transform-private-property-in-object.
The "loose" option must be the same for @babel/plugin-transform-class-properties, @babel/plugin-transform-private-methods and @babel/plugin-transform-private-property-in-object (when they are enabled): you can silence this warning by explicitly adding
	["@babel/plugin-transform-private-methods", { "loose": false }]
to the "plugins" section of your Babel config.

If you already set the same 'loose' mode for these plugins in your config, it's possible that they are enabled multiple times with different options.
You can re-run Babel with the BABEL_SHOW_CONFIG_FOR environment variable to show the loaded configuration:
	npx cross-env BABEL_SHOW_CONFIG_FOR=/Users/Ajaya/Documents/TizenGitTVApp/node_modules/@mui/material/DialogContent/dialogContentClasses.js <your build command>
See https://babeljs.io/docs/configuration#print-effective-configs for more info.
Though the "loose" option was set to "true" in your @babel/preset-env config, it will not be used for @babel/plugin-transform-private-property-in-object since the "loose" mode option was set to "false" for @babel/plugin-transform-class-properties.
The "loose" option must be the same for @babel/plugin-transform-class-properties, @babel/plugin-transform-private-methods and @babel/plugin-transform-private-property-in-object (when they are enabled): you can silence this warning by explicitly adding
	["@babel/plugin-transform-private-property-in-object", { "loose": false }]
to the "plugins" section of your Babel config.

If you already set the same 'loose' mode for these plugins in your config, it's possible that they are enabled multiple times with different options.
You can re-run Babel with the BABEL_SHOW_CONFIG_FOR environment variable to show the loaded configuration:
	npx cross-env BABEL_SHOW_CONFIG_FOR=/Users/Ajaya/Documents/TizenGitTVApp/node_modules/@mui/material/DialogContent/DialogContent.js <your build command>
See https://babeljs.io/docs/configuration#print-effective-configs for more info.
Though the "loose" option was set to "true" in your @babel/preset-env config, it will not be used for @babel/plugin-transform-private-methods since the "loose" mode option was set to "false" for @babel/plugin-transform-private-property-in-object.
The "loose" option must be the same for @babel/plugin-transform-class-properties, @babel/plugin-transform-private-methods and @babel/plugin-transform-private-property-in-object (when they are enabled): you can silence this warning by explicitly adding
	["@babel/plugin-transform-private-methods", { "loose": false }]
to the "plugins" section of your Babel config.

If you already set the same 'loose' mode for these plugins in your config, it's possible that they are enabled multiple times with different options.
You can re-run Babel with the BABEL_SHOW_CONFIG_FOR environment variable to show the loaded configuration:
	npx cross-env BABEL_SHOW_CONFIG_FOR=/Users/Ajaya/Documents/TizenGitTVApp/node_modules/@mui/material/DialogContent/DialogContent.js <your build command>
See https://babeljs.io/docs/configuration#print-effective-configs for more info.
Though the "loose" option was set to "true" in your @babel/preset-env config, it will not be used for @babel/plugin-transform-private-property-in-object since the "loose" mode option was set to "false" for @babel/plugin-transform-class-properties.
The "loose" option must be the same for @babel/plugin-transform-class-properties, @babel/plugin-transform-private-methods and @babel/plugin-transform-private-property-in-object (when they are enabled): you can silence this warning by explicitly adding
	["@babel/plugin-transform-private-property-in-object", { "loose": false }]
to the "plugins" section of your Babel config.

If you already set the same 'loose' mode for these plugins in your config, it's possible that they are enabled multiple times with different options.
You can re-run Babel with the BABEL_SHOW_CONFIG_FOR environment variable to show the loaded configuration:
	npx cross-env BABEL_SHOW_CONFIG_FOR=/Users/Ajaya/Documents/TizenGitTVApp/node_modules/@mui/material/Dialog/DialogContext.js <your build command>
See https://babeljs.io/docs/configuration#print-effective-configs for more info.
Though the "loose" option was set to "true" in your @babel/preset-env config, it will not be used for @babel/plugin-transform-private-methods since the "loose" mode option was set to "false" for @babel/plugin-transform-private-property-in-object.
The "loose" option must be the same for @babel/plugin-transform-class-properties, @babel/plugin-transform-private-methods and @babel/plugin-transform-private-property-in-object (when they are enabled): you can silence this warning by explicitly adding
	["@babel/plugin-transform-private-methods", { "loose": false }]
to the "plugins" section of your Babel config.

If you already set the same 'loose' mode for these plugins in your config, it's possible that they are enabled multiple times with different options.
You can re-run Babel with the BABEL_SHOW_CONFIG_FOR environment variable to show the loaded configuration:
	npx cross-env BABEL_SHOW_CONFIG_FOR=/Users/Ajaya/Documents/TizenGitTVApp/node_modules/@mui/material/Dialog/DialogContext.js <your build command>
See https://babeljs.io/docs/configuration#print-effective-configs for more info.
Though the "loose" option was set to "true" in your @babel/preset-env config, it will not be used for @babel/plugin-transform-private-property-in-object since the "loose" mode option was set to "false" for @babel/plugin-transform-class-properties.
The "loose" option must be the same for @babel/plugin-transform-class-properties, @babel/plugin-transform-private-methods and @babel/plugin-transform-private-property-in-object (when they are enabled): you can silence this warning by explicitly adding
	["@babel/plugin-transform-private-property-in-object", { "loose": false }]
to the "plugins" section of your Babel config.

If you already set the same 'loose' mode for these plugins in your config, it's possible that they are enabled multiple times with different options.
You can re-run Babel with the BABEL_SHOW_CONFIG_FOR environment variable to show the loaded configuration:
	npx cross-env BABEL_SHOW_CONFIG_FOR=/Users/Ajaya/Documents/TizenGitTVApp/node_modules/@mui/material/ListSubheader/ListSubheader.js <your build command>
See https://babeljs.io/docs/configuration#print-effective-configs for more info.
Though the "loose" option was set to "true" in your @babel/preset-env config, it will not be used for @babel/plugin-transform-private-methods since the "loose" mode option was set to "false" for @babel/plugin-transform-private-property-in-object.
The "loose" option must be the same for @babel/plugin-transform-class-properties, @babel/plugin-transform-private-methods and @babel/plugin-transform-private-property-in-object (when they are enabled): you can silence this warning by explicitly adding
	["@babel/plugin-transform-private-methods", { "loose": false }]
to the "plugins" section of your Babel config.

If you already set the same 'loose' mode for these plugins in your config, it's possible that they are enabled multiple times with different options.
You can re-run Babel with the BABEL_SHOW_CONFIG_FOR environment variable to show the loaded configuration:
	npx cross-env BABEL_SHOW_CONFIG_FOR=/Users/Ajaya/Documents/TizenGitTVApp/node_modules/@mui/material/ListSubheader/ListSubheader.js <your build command>
See https://babeljs.io/docs/configuration#print-effective-configs for more info.
Though the "loose" option was set to "true" in your @babel/preset-env config, it will not be used for @babel/plugin-transform-private-property-in-object since the "loose" mode option was set to "false" for @babel/plugin-transform-class-properties.
The "loose" option must be the same for @babel/plugin-transform-class-properties, @babel/plugin-transform-private-methods and @babel/plugin-transform-private-property-in-object (when they are enabled): you can silence this warning by explicitly adding
	["@babel/plugin-transform-private-property-in-object", { "loose": false }]
to the "plugins" section of your Babel config.

If you already set the same 'loose' mode for these plugins in your config, it's possible that they are enabled multiple times with different options.
You can re-run Babel with the BABEL_SHOW_CONFIG_FOR environment variable to show the loaded configuration:
	npx cross-env BABEL_SHOW_CONFIG_FOR=/Users/Ajaya/Documents/TizenGitTVApp/node_modules/@emotion/styled/base/dist/emotion-styled-base.cjs.js <your build command>
See https://babeljs.io/docs/configuration#print-effective-configs for more info.
Though the "loose" option was set to "true" in your @babel/preset-env config, it will not be used for @babel/plugin-transform-private-methods since the "loose" mode option was set to "false" for @babel/plugin-transform-private-property-in-object.
The "loose" option must be the same for @babel/plugin-transform-class-properties, @babel/plugin-transform-private-methods and @babel/plugin-transform-private-property-in-object (when they are enabled): you can silence this warning by explicitly adding
	["@babel/plugin-transform-private-methods", { "loose": false }]
to the "plugins" section of your Babel config.

If you already set the same 'loose' mode for these plugins in your config, it's possible that they are enabled multiple times with different options.
You can re-run Babel with the BABEL_SHOW_CONFIG_FOR environment variable to show the loaded configuration:
	npx cross-env BABEL_SHOW_CONFIG_FOR=/Users/Ajaya/Documents/TizenGitTVApp/node_modules/@emotion/styled/base/dist/emotion-styled-base.cjs.js <your build command>
See https://babeljs.io/docs/configuration#print-effective-configs for more info.
Though the "loose" option was set to "true" in your @babel/preset-env config, it will not be used for @babel/plugin-transform-private-property-in-object since the "loose" mode option was set to "false" for @babel/plugin-transform-class-properties.
The "loose" option must be the same for @babel/plugin-transform-class-properties, @babel/plugin-transform-private-methods and @babel/plugin-transform-private-property-in-object (when they are enabled): you can silence this warning by explicitly adding
	["@babel/plugin-transform-private-property-in-object", { "loose": false }]
to the "plugins" section of your Babel config.

If you already set the same 'loose' mode for these plugins in your config, it's possible that they are enabled multiple times with different options.
You can re-run Babel with the BABEL_SHOW_CONFIG_FOR environment variable to show the loaded configuration:
	npx cross-env BABEL_SHOW_CONFIG_FOR=/Users/Ajaya/Documents/TizenGitTVApp/node_modules/@mui/material/ListItemSecondaryAction/listItemSecondaryActionClasses.js <your build command>
See https://babeljs.io/docs/configuration#print-effective-configs for more info.
Though the "loose" option was set to "true" in your @babel/preset-env config, it will not be used for @babel/plugin-transform-private-methods since the "loose" mode option was set to "false" for @babel/plugin-transform-private-property-in-object.
The "loose" option must be the same for @babel/plugin-transform-class-properties, @babel/plugin-transform-private-methods and @babel/plugin-transform-private-property-in-object (when they are enabled): you can silence this warning by explicitly adding
	["@babel/plugin-transform-private-methods", { "loose": false }]
to the "plugins" section of your Babel config.

If you already set the same 'loose' mode for these plugins in your config, it's possible that they are enabled multiple times with different options.
You can re-run Babel with the BABEL_SHOW_CONFIG_FOR environment variable to show the loaded configuration:
	npx cross-env BABEL_SHOW_CONFIG_FOR=/Users/Ajaya/Documents/TizenGitTVApp/node_modules/@mui/material/ListItemSecondaryAction/listItemSecondaryActionClasses.js <your build command>
See https://babeljs.io/docs/configuration#print-effective-configs for more info.
Though the "loose" option was set to "true" in your @babel/preset-env config, it will not be used for @babel/plugin-transform-private-property-in-object since the "loose" mode option was set to "false" for @babel/plugin-transform-class-properties.
The "loose" option must be the same for @babel/plugin-transform-class-properties, @babel/plugin-transform-private-methods and @babel/plugin-transform-private-property-in-object (when they are enabled): you can silence this warning by explicitly adding
	["@babel/plugin-transform-private-property-in-object", { "loose": false }]
to the "plugins" section of your Babel config.

If you already set the same 'loose' mode for these plugins in your config, it's possible that they are enabled multiple times with different options.
You can re-run Babel with the BABEL_SHOW_CONFIG_FOR environment variable to show the loaded configuration:
	npx cross-env BABEL_SHOW_CONFIG_FOR=/Users/Ajaya/Documents/TizenGitTVApp/node_modules/@mui/material/ListItemSecondaryAction/ListItemSecondaryAction.js <your build command>
See https://babeljs.io/docs/configuration#print-effective-configs for more info.
Though the "loose" option was set to "true" in your @babel/preset-env config, it will not be used for @babel/plugin-transform-private-methods since the "loose" mode option was set to "false" for @babel/plugin-transform-private-property-in-object.
The "loose" option must be the same for @babel/plugin-transform-class-properties, @babel/plugin-transform-private-methods and @babel/plugin-transform-private-property-in-object (when they are enabled): you can silence this warning by explicitly adding
	["@babel/plugin-transform-private-methods", { "loose": false }]
to the "plugins" section of your Babel config.

If you already set the same 'loose' mode for these plugins in your config, it's possible that they are enabled multiple times with different options.
You can re-run Babel with the BABEL_SHOW_CONFIG_FOR environment variable to show the loaded configuration:
	npx cross-env BABEL_SHOW_CONFIG_FOR=/Users/Ajaya/Documents/TizenGitTVApp/node_modules/@mui/material/ListItemSecondaryAction/ListItemSecondaryAction.js <your build command>
See https://babeljs.io/docs/configuration#print-effective-configs for more info.
Though the "loose" option was set to "true" in your @babel/preset-env config, it will not be used for @babel/plugin-transform-private-property-in-object since the "loose" mode option was set to "false" for @babel/plugin-transform-class-properties.
The "loose" option must be the same for @babel/plugin-transform-class-properties, @babel/plugin-transform-private-methods and @babel/plugin-transform-private-property-in-object (when they are enabled): you can silence this warning by explicitly adding
	["@babel/plugin-transform-private-property-in-object", { "loose": false }]
to the "plugins" section of your Babel config.

If you already set the same 'loose' mode for these plugins in your config, it's possible that they are enabled multiple times with different options.
You can re-run Babel with the BABEL_SHOW_CONFIG_FOR environment variable to show the loaded configuration:
	npx cross-env BABEL_SHOW_CONFIG_FOR=/Users/Ajaya/Documents/TizenGitTVApp/node_modules/@mui/material/FilledInput/FilledInput.js <your build command>
See https://babeljs.io/docs/configuration#print-effective-configs for more info.
Though the "loose" option was set to "true" in your @babel/preset-env config, it will not be used for @babel/plugin-transform-private-methods since the "loose" mode option was set to "false" for @babel/plugin-transform-private-property-in-object.
The "loose" option must be the same for @babel/plugin-transform-class-properties, @babel/plugin-transform-private-methods and @babel/plugin-transform-private-property-in-object (when they are enabled): you can silence this warning by explicitly adding
	["@babel/plugin-transform-private-methods", { "loose": false }]
to the "plugins" section of your Babel config.

If you already set the same 'loose' mode for these plugins in your config, it's possible that they are enabled multiple times with different options.
You can re-run Babel with the BABEL_SHOW_CONFIG_FOR environment variable to show the loaded configuration:
	npx cross-env BABEL_SHOW_CONFIG_FOR=/Users/Ajaya/Documents/TizenGitTVApp/node_modules/@mui/material/FilledInput/FilledInput.js <your build command>
See https://babeljs.io/docs/configuration#print-effective-configs for more info.
Though the "loose" option was set to "true" in your @babel/preset-env config, it will not be used for @babel/plugin-transform-private-property-in-object since the "loose" mode option was set to "false" for @babel/plugin-transform-class-properties.
The "loose" option must be the same for @babel/plugin-transform-class-properties, @babel/plugin-transform-private-methods and @babel/plugin-transform-private-property-in-object (when they are enabled): you can silence this warning by explicitly adding
	["@babel/plugin-transform-private-property-in-object", { "loose": false }]
to the "plugins" section of your Babel config.

If you already set the same 'loose' mode for these plugins in your config, it's possible that they are enabled multiple times with different options.
You can re-run Babel with the BABEL_SHOW_CONFIG_FOR environment variable to show the loaded configuration:
	npx cross-env BABEL_SHOW_CONFIG_FOR=/Users/Ajaya/Documents/TizenGitTVApp/node_modules/@emotion/react/_isolated-hnrs/dist/emotion-react-_isolated-hnrs.cjs.js <your build command>
See https://babeljs.io/docs/configuration#print-effective-configs for more info.
Though the "loose" option was set to "true" in your @babel/preset-env config, it will not be used for @babel/plugin-transform-private-methods since the "loose" mode option was set to "false" for @babel/plugin-transform-private-property-in-object.
The "loose" option must be the same for @babel/plugin-transform-class-properties, @babel/plugin-transform-private-methods and @babel/plugin-transform-private-property-in-object (when they are enabled): you can silence this warning by explicitly adding
	["@babel/plugin-transform-private-methods", { "loose": false }]
to the "plugins" section of your Babel config.

If you already set the same 'loose' mode for these plugins in your config, it's possible that they are enabled multiple times with different options.
You can re-run Babel with the BABEL_SHOW_CONFIG_FOR environment variable to show the loaded configuration:
	npx cross-env BABEL_SHOW_CONFIG_FOR=/Users/Ajaya/Documents/TizenGitTVApp/node_modules/@emotion/react/_isolated-hnrs/dist/emotion-react-_isolated-hnrs.cjs.js <your build command>
See https://babeljs.io/docs/configuration#print-effective-configs for more info.
Though the "loose" option was set to "true" in your @babel/preset-env config, it will not be used for @babel/plugin-transform-private-property-in-object since the "loose" mode option was set to "false" for @babel/plugin-transform-class-properties.
The "loose" option must be the same for @babel/plugin-transform-class-properties, @babel/plugin-transform-private-methods and @babel/plugin-transform-private-property-in-object (when they are enabled): you can silence this warning by explicitly adding
	["@babel/plugin-transform-private-property-in-object", { "loose": false }]
to the "plugins" section of your Babel config.

If you already set the same 'loose' mode for these plugins in your config, it's possible that they are enabled multiple times with different options.
You can re-run Babel with the BABEL_SHOW_CONFIG_FOR environment variable to show the loaded configuration:
	npx cross-env BABEL_SHOW_CONFIG_FOR=/Users/Ajaya/Documents/TizenGitTVApp/node_modules/@mui/material/Breadcrumbs/BreadcrumbCollapsed.js <your build command>
See https://babeljs.io/docs/configuration#print-effective-configs for more info.
Though the "loose" option was set to "true" in your @babel/preset-env config, it will not be used for @babel/plugin-transform-private-methods since the "loose" mode option was set to "false" for @babel/plugin-transform-private-property-in-object.
The "loose" option must be the same for @babel/plugin-transform-class-properties, @babel/plugin-transform-private-methods and @babel/plugin-transform-private-property-in-object (when they are enabled): you can silence this warning by explicitly adding
	["@babel/plugin-transform-private-methods", { "loose": false }]
to the "plugins" section of your Babel config.

If you already set the same 'loose' mode for these plugins in your config, it's possible that they are enabled multiple times with different options.
You can re-run Babel with the BABEL_SHOW_CONFIG_FOR environment variable to show the loaded configuration:
	npx cross-env BABEL_SHOW_CONFIG_FOR=/Users/Ajaya/Documents/TizenGitTVApp/node_modules/@mui/material/Breadcrumbs/BreadcrumbCollapsed.js <your build command>
See https://babeljs.io/docs/configuration#print-effective-configs for more info.
Though the "loose" option was set to "true" in your @babel/preset-env config, it will not be used for @babel/plugin-transform-private-property-in-object since the "loose" mode option was set to "false" for @babel/plugin-transform-class-properties.
The "loose" option must be the same for @babel/plugin-transform-class-properties, @babel/plugin-transform-private-methods and @babel/plugin-transform-private-property-in-object (when they are enabled): you can silence this warning by explicitly adding
	["@babel/plugin-transform-private-property-in-object", { "loose": false }]
to the "plugins" section of your Babel config.

If you already set the same 'loose' mode for these plugins in your config, it's possible that they are enabled multiple times with different options.
You can re-run Babel with the BABEL_SHOW_CONFIG_FOR environment variable to show the loaded configuration:
	npx cross-env BABEL_SHOW_CONFIG_FOR=/Users/Ajaya/Documents/TizenGitTVApp/node_modules/@mui/material/internal/svg-icons/Person.js <your build command>
See https://babeljs.io/docs/configuration#print-effective-configs for more info.
Though the "loose" option was set to "true" in your @babel/preset-env config, it will not be used for @babel/plugin-transform-private-methods since the "loose" mode option was set to "false" for @babel/plugin-transform-private-property-in-object.
The "loose" option must be the same for @babel/plugin-transform-class-properties, @babel/plugin-transform-private-methods and @babel/plugin-transform-private-property-in-object (when they are enabled): you can silence this warning by explicitly adding
	["@babel/plugin-transform-private-methods", { "loose": false }]
to the "plugins" section of your Babel config.

If you already set the same 'loose' mode for these plugins in your config, it's possible that they are enabled multiple times with different options.
You can re-run Babel with the BABEL_SHOW_CONFIG_FOR environment variable to show the loaded configuration:
	npx cross-env BABEL_SHOW_CONFIG_FOR=/Users/Ajaya/Documents/TizenGitTVApp/node_modules/@mui/material/internal/svg-icons/Person.js <your build command>
See https://babeljs.io/docs/configuration#print-effective-configs for more info.
Though the "loose" option was set to "true" in your @babel/preset-env config, it will not be used for @babel/plugin-transform-private-property-in-object since the "loose" mode option was set to "false" for @babel/plugin-transform-class-properties.
The "loose" option must be the same for @babel/plugin-transform-class-properties, @babel/plugin-transform-private-methods and @babel/plugin-transform-private-property-in-object (when they are enabled): you can silence this warning by explicitly adding
	["@babel/plugin-transform-private-property-in-object", { "loose": false }]
to the "plugins" section of your Babel config.

If you already set the same 'loose' mode for these plugins in your config, it's possible that they are enabled multiple times with different options.
You can re-run Babel with the BABEL_SHOW_CONFIG_FOR environment variable to show the loaded configuration:
	npx cross-env BABEL_SHOW_CONFIG_FOR=/Users/Ajaya/Documents/TizenGitTVApp/node_modules/@mui/material/Badge/useBadge.js <your build command>
See https://babeljs.io/docs/configuration#print-effective-configs for more info.
Though the "loose" option was set to "true" in your @babel/preset-env config, it will not be used for @babel/plugin-transform-private-methods since the "loose" mode option was set to "false" for @babel/plugin-transform-private-property-in-object.
The "loose" option must be the same for @babel/plugin-transform-class-properties, @babel/plugin-transform-private-methods and @babel/plugin-transform-private-property-in-object (when they are enabled): you can silence this warning by explicitly adding
	["@babel/plugin-transform-private-methods", { "loose": false }]
to the "plugins" section of your Babel config.

If you already set the same 'loose' mode for these plugins in your config, it's possible that they are enabled multiple times with different options.
You can re-run Babel with the BABEL_SHOW_CONFIG_FOR environment variable to show the loaded configuration:
	npx cross-env BABEL_SHOW_CONFIG_FOR=/Users/Ajaya/Documents/TizenGitTVApp/node_modules/@mui/material/Badge/useBadge.js <your build command>
See https://babeljs.io/docs/configuration#print-effective-configs for more info.
Though the "loose" option was set to "true" in your @babel/preset-env config, it will not be used for @babel/plugin-transform-private-property-in-object since the "loose" mode option was set to "false" for @babel/plugin-transform-class-properties.
The "loose" option must be the same for @babel/plugin-transform-class-properties, @babel/plugin-transform-private-methods and @babel/plugin-transform-private-property-in-object (when they are enabled): you can silence this warning by explicitly adding
	["@babel/plugin-transform-private-property-in-object", { "loose": false }]
to the "plugins" section of your Babel config.

If you already set the same 'loose' mode for these plugins in your config, it's possible that they are enabled multiple times with different options.
You can re-run Babel with the BABEL_SHOW_CONFIG_FOR environment variable to show the loaded configuration:
	npx cross-env BABEL_SHOW_CONFIG_FOR=/Users/Ajaya/Documents/TizenGitTVApp/node_modules/@mui/material/internal/svg-icons/Close.js <your build command>
See https://babeljs.io/docs/configuration#print-effective-configs for more info.
Though the "loose" option was set to "true" in your @babel/preset-env config, it will not be used for @babel/plugin-transform-private-methods since the "loose" mode option was set to "false" for @babel/plugin-transform-private-property-in-object.
The "loose" option must be the same for @babel/plugin-transform-class-properties, @babel/plugin-transform-private-methods and @babel/plugin-transform-private-property-in-object (when they are enabled): you can silence this warning by explicitly adding
	["@babel/plugin-transform-private-methods", { "loose": false }]
to the "plugins" section of your Babel config.

If you already set the same 'loose' mode for these plugins in your config, it's possible that they are enabled multiple times with different options.
You can re-run Babel with the BABEL_SHOW_CONFIG_FOR environment variable to show the loaded configuration:
	npx cross-env BABEL_SHOW_CONFIG_FOR=/Users/Ajaya/Documents/TizenGitTVApp/node_modules/@mui/material/internal/svg-icons/Close.js <your build command>
See https://babeljs.io/docs/configuration#print-effective-configs for more info.
Though the "loose" option was set to "true" in your @babel/preset-env config, it will not be used for @babel/plugin-transform-private-property-in-object since the "loose" mode option was set to "false" for @babel/plugin-transform-class-properties.
The "loose" option must be the same for @babel/plugin-transform-class-properties, @babel/plugin-transform-private-methods and @babel/plugin-transform-private-property-in-object (when they are enabled): you can silence this warning by explicitly adding
	["@babel/plugin-transform-private-property-in-object", { "loose": false }]
to the "plugins" section of your Babel config.

If you already set the same 'loose' mode for these plugins in your config, it's possible that they are enabled multiple times with different options.
You can re-run Babel with the BABEL_SHOW_CONFIG_FOR environment variable to show the loaded configuration:
	npx cross-env BABEL_SHOW_CONFIG_FOR=/Users/Ajaya/Documents/TizenGitTVApp/node_modules/@babel/runtime/helpers/toArray.js <your build command>
See https://babeljs.io/docs/configuration#print-effective-configs for more info.
Though the "loose" option was set to "true" in your @babel/preset-env config, it will not be used for @babel/plugin-transform-private-methods since the "loose" mode option was set to "false" for @babel/plugin-transform-private-property-in-object.
The "loose" option must be the same for @babel/plugin-transform-class-properties, @babel/plugin-transform-private-methods and @babel/plugin-transform-private-property-in-object (when they are enabled): you can silence this warning by explicitly adding
	["@babel/plugin-transform-private-methods", { "loose": false }]
to the "plugins" section of your Babel config.

If you already set the same 'loose' mode for these plugins in your config, it's possible that they are enabled multiple times with different options.
You can re-run Babel with the BABEL_SHOW_CONFIG_FOR environment variable to show the loaded configuration:
	npx cross-env BABEL_SHOW_CONFIG_FOR=/Users/Ajaya/Documents/TizenGitTVApp/node_modules/@babel/runtime/helpers/toArray.js <your build command>
See https://babeljs.io/docs/configuration#print-effective-configs for more info.
Though the "loose" option was set to "true" in your @babel/preset-env config, it will not be used for @babel/plugin-transform-private-property-in-object since the "loose" mode option was set to "false" for @babel/plugin-transform-class-properties.
The "loose" option must be the same for @babel/plugin-transform-class-properties, @babel/plugin-transform-private-methods and @babel/plugin-transform-private-property-in-object (when they are enabled): you can silence this warning by explicitly adding
	["@babel/plugin-transform-private-property-in-object", { "loose": false }]
to the "plugins" section of your Babel config.

If you already set the same 'loose' mode for these plugins in your config, it's possible that they are enabled multiple times with different options.
You can re-run Babel with the BABEL_SHOW_CONFIG_FOR environment variable to show the loaded configuration:
	npx cross-env BABEL_SHOW_CONFIG_FOR=/Users/Ajaya/Documents/TizenGitTVApp/node_modules/@mui/material/Accordion/AccordionContext.js <your build command>
See https://babeljs.io/docs/configuration#print-effective-configs for more info.
Though the "loose" option was set to "true" in your @babel/preset-env config, it will not be used for @babel/plugin-transform-private-methods since the "loose" mode option was set to "false" for @babel/plugin-transform-private-property-in-object.
The "loose" option must be the same for @babel/plugin-transform-class-properties, @babel/plugin-transform-private-methods and @babel/plugin-transform-private-property-in-object (when they are enabled): you can silence this warning by explicitly adding
	["@babel/plugin-transform-private-methods", { "loose": false }]
to the "plugins" section of your Babel config.

If you already set the same 'loose' mode for these plugins in your config, it's possible that they are enabled multiple times with different options.
You can re-run Babel with the BABEL_SHOW_CONFIG_FOR environment variable to show the loaded configuration:
	npx cross-env BABEL_SHOW_CONFIG_FOR=/Users/Ajaya/Documents/TizenGitTVApp/node_modules/@mui/material/Accordion/AccordionContext.js <your build command>
See https://babeljs.io/docs/configuration#print-effective-configs for more info.
Though the "loose" option was set to "true" in your @babel/preset-env config, it will not be used for @babel/plugin-transform-private-property-in-object since the "loose" mode option was set to "false" for @babel/plugin-transform-class-properties.
The "loose" option must be the same for @babel/plugin-transform-class-properties, @babel/plugin-transform-private-methods and @babel/plugin-transform-private-property-in-object (when they are enabled): you can silence this warning by explicitly adding
	["@babel/plugin-transform-private-property-in-object", { "loose": false }]
to the "plugins" section of your Babel config.

If you already set the same 'loose' mode for these plugins in your config, it's possible that they are enabled multiple times with different options.
You can re-run Babel with the BABEL_SHOW_CONFIG_FOR environment variable to show the loaded configuration:
	npx cross-env BABEL_SHOW_CONFIG_FOR=/Users/Ajaya/Documents/TizenGitTVApp/node_modules/@mui/material/internal/svg-icons/InfoOutlined.js <your build command>
See https://babeljs.io/docs/configuration#print-effective-configs for more info.
Though the "loose" option was set to "true" in your @babel/preset-env config, it will not be used for @babel/plugin-transform-private-methods since the "loose" mode option was set to "false" for @babel/plugin-transform-private-property-in-object.
The "loose" option must be the same for @babel/plugin-transform-class-properties, @babel/plugin-transform-private-methods and @babel/plugin-transform-private-property-in-object (when they are enabled): you can silence this warning by explicitly adding
	["@babel/plugin-transform-private-methods", { "loose": false }]
to the "plugins" section of your Babel config.

If you already set the same 'loose' mode for these plugins in your config, it's possible that they are enabled multiple times with different options.
You can re-run Babel with the BABEL_SHOW_CONFIG_FOR environment variable to show the loaded configuration:
	npx cross-env BABEL_SHOW_CONFIG_FOR=/Users/Ajaya/Documents/TizenGitTVApp/node_modules/@mui/material/internal/svg-icons/InfoOutlined.js <your build command>
See https://babeljs.io/docs/configuration#print-effective-configs for more info.
Though the "loose" option was set to "true" in your @babel/preset-env config, it will not be used for @babel/plugin-transform-private-property-in-object since the "loose" mode option was set to "false" for @babel/plugin-transform-class-properties.
The "loose" option must be the same for @babel/plugin-transform-class-properties, @babel/plugin-transform-private-methods and @babel/plugin-transform-private-property-in-object (when they are enabled): you can silence this warning by explicitly adding
	["@babel/plugin-transform-private-property-in-object", { "loose": false }]
to the "plugins" section of your Babel config.

If you already set the same 'loose' mode for these plugins in your config, it's possible that they are enabled multiple times with different options.
You can re-run Babel with the BABEL_SHOW_CONFIG_FOR environment variable to show the loaded configuration:
	npx cross-env BABEL_SHOW_CONFIG_FOR=/Users/Ajaya/Documents/TizenGitTVApp/node_modules/@mui/material/internal/svg-icons/IndeterminateCheckBox.js <your build command>
See https://babeljs.io/docs/configuration#print-effective-configs for more info.
Though the "loose" option was set to "true" in your @babel/preset-env config, it will not be used for @babel/plugin-transform-private-methods since the "loose" mode option was set to "false" for @babel/plugin-transform-private-property-in-object.
The "loose" option must be the same for @babel/plugin-transform-class-properties, @babel/plugin-transform-private-methods and @babel/plugin-transform-private-property-in-object (when they are enabled): you can silence this warning by explicitly adding
	["@babel/plugin-transform-private-methods", { "loose": false }]
to the "plugins" section of your Babel config.

If you already set the same 'loose' mode for these plugins in your config, it's possible that they are enabled multiple times with different options.
You can re-run Babel with the BABEL_SHOW_CONFIG_FOR environment variable to show the loaded configuration:
	npx cross-env BABEL_SHOW_CONFIG_FOR=/Users/Ajaya/Documents/TizenGitTVApp/node_modules/@mui/material/internal/svg-icons/IndeterminateCheckBox.js <your build command>
See https://babeljs.io/docs/configuration#print-effective-configs for more info.
Though the "loose" option was set to "true" in your @babel/preset-env config, it will not be used for @babel/plugin-transform-private-property-in-object since the "loose" mode option was set to "false" for @babel/plugin-transform-class-properties.
The "loose" option must be the same for @babel/plugin-transform-class-properties, @babel/plugin-transform-private-methods and @babel/plugin-transform-private-property-in-object (when they are enabled): you can silence this warning by explicitly adding
	["@babel/plugin-transform-private-property-in-object", { "loose": false }]
to the "plugins" section of your Babel config.

If you already set the same 'loose' mode for these plugins in your config, it's possible that they are enabled multiple times with different options.
You can re-run Babel with the BABEL_SHOW_CONFIG_FOR environment variable to show the loaded configuration:
	npx cross-env BABEL_SHOW_CONFIG_FOR=/Users/Ajaya/Documents/TizenGitTVApp/node_modules/@mui/material/internal/svg-icons/CheckBoxOutlineBlank.js <your build command>
See https://babeljs.io/docs/configuration#print-effective-configs for more info.
Though the "loose" option was set to "true" in your @babel/preset-env config, it will not be used for @babel/plugin-transform-private-methods since the "loose" mode option was set to "false" for @babel/plugin-transform-private-property-in-object.
The "loose" option must be the same for @babel/plugin-transform-class-properties, @babel/plugin-transform-private-methods and @babel/plugin-transform-private-property-in-object (when they are enabled): you can silence this warning by explicitly adding
	["@babel/plugin-transform-private-methods", { "loose": false }]
to the "plugins" section of your Babel config.

If you already set the same 'loose' mode for these plugins in your config, it's possible that they are enabled multiple times with different options.
You can re-run Babel with the BABEL_SHOW_CONFIG_FOR environment variable to show the loaded configuration:
	npx cross-env BABEL_SHOW_CONFIG_FOR=/Users/Ajaya/Documents/TizenGitTVApp/node_modules/@mui/material/internal/svg-icons/CheckBoxOutlineBlank.js <your build command>
See https://babeljs.io/docs/configuration#print-effective-configs for more info.
Though the "loose" option was set to "true" in your @babel/preset-env config, it will not be used for @babel/plugin-transform-private-property-in-object since the "loose" mode option was set to "false" for @babel/plugin-transform-class-properties.
The "loose" option must be the same for @babel/plugin-transform-class-properties, @babel/plugin-transform-private-methods and @babel/plugin-transform-private-property-in-object (when they are enabled): you can silence this warning by explicitly adding
	["@babel/plugin-transform-private-property-in-object", { "loose": false }]
to the "plugins" section of your Babel config.

If you already set the same 'loose' mode for these plugins in your config, it's possible that they are enabled multiple times with different options.
You can re-run Babel with the BABEL_SHOW_CONFIG_FOR environment variable to show the loaded configuration:
	npx cross-env BABEL_SHOW_CONFIG_FOR=/Users/Ajaya/Documents/TizenGitTVApp/node_modules/@mui/material/internal/svg-icons/Cancel.js <your build command>
See https://babeljs.io/docs/configuration#print-effective-configs for more info.
Though the "loose" option was set to "true" in your @babel/preset-env config, it will not be used for @babel/plugin-transform-private-methods since the "loose" mode option was set to "false" for @babel/plugin-transform-private-property-in-object.
The "loose" option must be the same for @babel/plugin-transform-class-properties, @babel/plugin-transform-private-methods and @babel/plugin-transform-private-property-in-object (when they are enabled): you can silence this warning by explicitly adding
	["@babel/plugin-transform-private-methods", { "loose": false }]
to the "plugins" section of your Babel config.

If you already set the same 'loose' mode for these plugins in your config, it's possible that they are enabled multiple times with different options.
You can re-run Babel with the BABEL_SHOW_CONFIG_FOR environment variable to show the loaded configuration:
	npx cross-env BABEL_SHOW_CONFIG_FOR=/Users/Ajaya/Documents/TizenGitTVApp/node_modules/@mui/material/internal/svg-icons/Cancel.js <your build command>
See https://babeljs.io/docs/configuration#print-effective-configs for more info.
Though the "loose" option was set to "true" in your @babel/preset-env config, it will not be used for @babel/plugin-transform-private-property-in-object since the "loose" mode option was set to "false" for @babel/plugin-transform-class-properties.
The "loose" option must be the same for @babel/plugin-transform-class-properties, @babel/plugin-transform-private-methods and @babel/plugin-transform-private-property-in-object (when they are enabled): you can silence this warning by explicitly adding
	["@babel/plugin-transform-private-property-in-object", { "loose": false }]
to the "plugins" section of your Babel config.

If you already set the same 'loose' mode for these plugins in your config, it's possible that they are enabled multiple times with different options.
You can re-run Babel with the BABEL_SHOW_CONFIG_FOR environment variable to show the loaded configuration:
	npx cross-env BABEL_SHOW_CONFIG_FOR=/Users/Ajaya/Documents/TizenGitTVApp/node_modules/@mui/material/internal/svg-icons/ErrorOutline.js <your build command>
See https://babeljs.io/docs/configuration#print-effective-configs for more info.
Though the "loose" option was set to "true" in your @babel/preset-env config, it will not be used for @babel/plugin-transform-private-methods since the "loose" mode option was set to "false" for @babel/plugin-transform-private-property-in-object.
The "loose" option must be the same for @babel/plugin-transform-class-properties, @babel/plugin-transform-private-methods and @babel/plugin-transform-private-property-in-object (when they are enabled): you can silence this warning by explicitly adding
	["@babel/plugin-transform-private-methods", { "loose": false }]
to the "plugins" section of your Babel config.

If you already set the same 'loose' mode for these plugins in your config, it's possible that they are enabled multiple times with different options.
You can re-run Babel with the BABEL_SHOW_CONFIG_FOR environment variable to show the loaded configuration:
	npx cross-env BABEL_SHOW_CONFIG_FOR=/Users/Ajaya/Documents/TizenGitTVApp/node_modules/@mui/material/internal/svg-icons/ErrorOutline.js <your build command>
See https://babeljs.io/docs/configuration#print-effective-configs for more info.
Though the "loose" option was set to "true" in your @babel/preset-env config, it will not be used for @babel/plugin-transform-private-property-in-object since the "loose" mode option was set to "false" for @babel/plugin-transform-class-properties.
The "loose" option must be the same for @babel/plugin-transform-class-properties, @babel/plugin-transform-private-methods and @babel/plugin-transform-private-property-in-object (when they are enabled): you can silence this warning by explicitly adding
	["@babel/plugin-transform-private-property-in-object", { "loose": false }]
to the "plugins" section of your Babel config.

If you already set the same 'loose' mode for these plugins in your config, it's possible that they are enabled multiple times with different options.
You can re-run Babel with the BABEL_SHOW_CONFIG_FOR environment variable to show the loaded configuration:
	npx cross-env BABEL_SHOW_CONFIG_FOR=/Users/Ajaya/Documents/TizenGitTVApp/node_modules/@mui/material/internal/svg-icons/CheckBox.js <your build command>
See https://babeljs.io/docs/configuration#print-effective-configs for more info.
Though the "loose" option was set to "true" in your @babel/preset-env config, it will not be used for @babel/plugin-transform-private-methods since the "loose" mode option was set to "false" for @babel/plugin-transform-private-property-in-object.
The "loose" option must be the same for @babel/plugin-transform-class-properties, @babel/plugin-transform-private-methods and @babel/plugin-transform-private-property-in-object (when they are enabled): you can silence this warning by explicitly adding
	["@babel/plugin-transform-private-methods", { "loose": false }]
to the "plugins" section of your Babel config.

If you already set the same 'loose' mode for these plugins in your config, it's possible that they are enabled multiple times with different options.
You can re-run Babel with the BABEL_SHOW_CONFIG_FOR environment variable to show the loaded configuration:
	npx cross-env BABEL_SHOW_CONFIG_FOR=/Users/Ajaya/Documents/TizenGitTVApp/node_modules/@mui/material/internal/svg-icons/CheckBox.js <your build command>
See https://babeljs.io/docs/configuration#print-effective-configs for more info.
Though the "loose" option was set to "true" in your @babel/preset-env config, it will not be used for @babel/plugin-transform-private-property-in-object since the "loose" mode option was set to "false" for @babel/plugin-transform-class-properties.
The "loose" option must be the same for @babel/plugin-transform-class-properties, @babel/plugin-transform-private-methods and @babel/plugin-transform-private-property-in-object (when they are enabled): you can silence this warning by explicitly adding
	["@babel/plugin-transform-private-property-in-object", { "loose": false }]
to the "plugins" section of your Babel config.

If you already set the same 'loose' mode for these plugins in your config, it's possible that they are enabled multiple times with different options.
You can re-run Babel with the BABEL_SHOW_CONFIG_FOR environment variable to show the loaded configuration:
	npx cross-env BABEL_SHOW_CONFIG_FOR=/Users/Ajaya/Documents/TizenGitTVApp/node_modules/@mui/material/internal/svg-icons/ReportProblemOutlined.js <your build command>
See https://babeljs.io/docs/configuration#print-effective-configs for more info.
Though the "loose" option was set to "true" in your @babel/preset-env config, it will not be used for @babel/plugin-transform-private-methods since the "loose" mode option was set to "false" for @babel/plugin-transform-private-property-in-object.
The "loose" option must be the same for @babel/plugin-transform-class-properties, @babel/plugin-transform-private-methods and @babel/plugin-transform-private-property-in-object (when they are enabled): you can silence this warning by explicitly adding
	["@babel/plugin-transform-private-methods", { "loose": false }]
to the "plugins" section of your Babel config.

If you already set the same 'loose' mode for these plugins in your config, it's possible that they are enabled multiple times with different options.
You can re-run Babel with the BABEL_SHOW_CONFIG_FOR environment variable to show the loaded configuration:
	npx cross-env BABEL_SHOW_CONFIG_FOR=/Users/Ajaya/Documents/TizenGitTVApp/node_modules/@mui/material/internal/svg-icons/ReportProblemOutlined.js <your build command>
See https://babeljs.io/docs/configuration#print-effective-configs for more info.
Though the "loose" option was set to "true" in your @babel/preset-env config, it will not be used for @babel/plugin-transform-private-property-in-object since the "loose" mode option was set to "false" for @babel/plugin-transform-class-properties.
The "loose" option must be the same for @babel/plugin-transform-class-properties, @babel/plugin-transform-private-methods and @babel/plugin-transform-private-property-in-object (when they are enabled): you can silence this warning by explicitly adding
	["@babel/plugin-transform-private-property-in-object", { "loose": false }]
to the "plugins" section of your Babel config.

If you already set the same 'loose' mode for these plugins in your config, it's possible that they are enabled multiple times with different options.
You can re-run Babel with the BABEL_SHOW_CONFIG_FOR environment variable to show the loaded configuration:
	npx cross-env BABEL_SHOW_CONFIG_FOR=/Users/Ajaya/Documents/TizenGitTVApp/node_modules/@mui/material/internal/svg-icons/SuccessOutlined.js <your build command>
See https://babeljs.io/docs/configuration#print-effective-configs for more info.
Though the "loose" option was set to "true" in your @babel/preset-env config, it will not be used for @babel/plugin-transform-private-methods since the "loose" mode option was set to "false" for @babel/plugin-transform-private-property-in-object.
The "loose" option must be the same for @babel/plugin-transform-class-properties, @babel/plugin-transform-private-methods and @babel/plugin-transform-private-property-in-object (when they are enabled): you can silence this warning by explicitly adding
	["@babel/plugin-transform-private-methods", { "loose": false }]
to the "plugins" section of your Babel config.

If you already set the same 'loose' mode for these plugins in your config, it's possible that they are enabled multiple times with different options.
You can re-run Babel with the BABEL_SHOW_CONFIG_FOR environment variable to show the loaded configuration:
	npx cross-env BABEL_SHOW_CONFIG_FOR=/Users/Ajaya/Documents/TizenGitTVApp/node_modules/@mui/material/internal/svg-icons/SuccessOutlined.js <your build command>
See https://babeljs.io/docs/configuration#print-effective-configs for more info.
Though the "loose" option was set to "true" in your @babel/preset-env config, it will not be used for @babel/plugin-transform-private-property-in-object since the "loose" mode option was set to "false" for @babel/plugin-transform-class-properties.
The "loose" option must be the same for @babel/plugin-transform-class-properties, @babel/plugin-transform-private-methods and @babel/plugin-transform-private-property-in-object (when they are enabled): you can silence this warning by explicitly adding
	["@babel/plugin-transform-private-property-in-object", { "loose": false }]
to the "plugins" section of your Babel config.

If you already set the same 'loose' mode for these plugins in your config, it's possible that they are enabled multiple times with different options.
You can re-run Babel with the BABEL_SHOW_CONFIG_FOR environment variable to show the loaded configuration:
	npx cross-env BABEL_SHOW_CONFIG_FOR=/Users/Ajaya/Documents/TizenGitTVApp/node_modules/@emotion/utils/dist/emotion-utils.cjs.js <your build command>
See https://babeljs.io/docs/configuration#print-effective-configs for more info.
Though the "loose" option was set to "true" in your @babel/preset-env config, it will not be used for @babel/plugin-transform-private-methods since the "loose" mode option was set to "false" for @babel/plugin-transform-private-property-in-object.
The "loose" option must be the same for @babel/plugin-transform-class-properties, @babel/plugin-transform-private-methods and @babel/plugin-transform-private-property-in-object (when they are enabled): you can silence this warning by explicitly adding
	["@babel/plugin-transform-private-methods", { "loose": false }]
to the "plugins" section of your Babel config.

If you already set the same 'loose' mode for these plugins in your config, it's possible that they are enabled multiple times with different options.
You can re-run Babel with the BABEL_SHOW_CONFIG_FOR environment variable to show the loaded configuration:
	npx cross-env BABEL_SHOW_CONFIG_FOR=/Users/Ajaya/Documents/TizenGitTVApp/node_modules/@emotion/utils/dist/emotion-utils.cjs.js <your build command>
See https://babeljs.io/docs/configuration#print-effective-configs for more info.
Though the "loose" option was set to "true" in your @babel/preset-env config, it will not be used for @babel/plugin-transform-private-property-in-object since the "loose" mode option was set to "false" for @babel/plugin-transform-class-properties.
The "loose" option must be the same for @babel/plugin-transform-class-properties, @babel/plugin-transform-private-methods and @babel/plugin-transform-private-property-in-object (when they are enabled): you can silence this warning by explicitly adding
	["@babel/plugin-transform-private-property-in-object", { "loose": false }]
to the "plugins" section of your Babel config.

If you already set the same 'loose' mode for these plugins in your config, it's possible that they are enabled multiple times with different options.
You can re-run Babel with the BABEL_SHOW_CONFIG_FOR environment variable to show the loaded configuration:
	npx cross-env BABEL_SHOW_CONFIG_FOR=/Users/Ajaya/Documents/TizenGitTVApp/node_modules/@emotion/is-prop-valid/dist/emotion-is-prop-valid.cjs.js <your build command>
See https://babeljs.io/docs/configuration#print-effective-configs for more info.
Though the "loose" option was set to "true" in your @babel/preset-env config, it will not be used for @babel/plugin-transform-private-methods since the "loose" mode option was set to "false" for @babel/plugin-transform-private-property-in-object.
The "loose" option must be the same for @babel/plugin-transform-class-properties, @babel/plugin-transform-private-methods and @babel/plugin-transform-private-property-in-object (when they are enabled): you can silence this warning by explicitly adding
	["@babel/plugin-transform-private-methods", { "loose": false }]
to the "plugins" section of your Babel config.

If you already set the same 'loose' mode for these plugins in your config, it's possible that they are enabled multiple times with different options.
You can re-run Babel with the BABEL_SHOW_CONFIG_FOR environment variable to show the loaded configuration:
	npx cross-env BABEL_SHOW_CONFIG_FOR=/Users/Ajaya/Documents/TizenGitTVApp/node_modules/@emotion/is-prop-valid/dist/emotion-is-prop-valid.cjs.js <your build command>
See https://babeljs.io/docs/configuration#print-effective-configs for more info.
Though the "loose" option was set to "true" in your @babel/preset-env config, it will not be used for @babel/plugin-transform-private-property-in-object since the "loose" mode option was set to "false" for @babel/plugin-transform-class-properties.
The "loose" option must be the same for @babel/plugin-transform-class-properties, @babel/plugin-transform-private-methods and @babel/plugin-transform-private-property-in-object (when they are enabled): you can silence this warning by explicitly adding
	["@babel/plugin-transform-private-property-in-object", { "loose": false }]
to the "plugins" section of your Babel config.

If you already set the same 'loose' mode for these plugins in your config, it's possible that they are enabled multiple times with different options.
You can re-run Babel with the BABEL_SHOW_CONFIG_FOR environment variable to show the loaded configuration:
	npx cross-env BABEL_SHOW_CONFIG_FOR=/Users/Ajaya/Documents/TizenGitTVApp/node_modules/@emotion/memoize/dist/emotion-memoize.cjs.js <your build command>
See https://babeljs.io/docs/configuration#print-effective-configs for more info.
Though the "loose" option was set to "true" in your @babel/preset-env config, it will not be used for @babel/plugin-transform-private-methods since the "loose" mode option was set to "false" for @babel/plugin-transform-private-property-in-object.
The "loose" option must be the same for @babel/plugin-transform-class-properties, @babel/plugin-transform-private-methods and @babel/plugin-transform-private-property-in-object (when they are enabled): you can silence this warning by explicitly adding
	["@babel/plugin-transform-private-methods", { "loose": false }]
to the "plugins" section of your Babel config.

If you already set the same 'loose' mode for these plugins in your config, it's possible that they are enabled multiple times with different options.
You can re-run Babel with the BABEL_SHOW_CONFIG_FOR environment variable to show the loaded configuration:
	npx cross-env BABEL_SHOW_CONFIG_FOR=/Users/Ajaya/Documents/TizenGitTVApp/node_modules/@emotion/memoize/dist/emotion-memoize.cjs.js <your build command>
See https://babeljs.io/docs/configuration#print-effective-configs for more info.
Though the "loose" option was set to "true" in your @babel/preset-env config, it will not be used for @babel/plugin-transform-private-property-in-object since the "loose" mode option was set to "false" for @babel/plugin-transform-class-properties.
The "loose" option must be the same for @babel/plugin-transform-class-properties, @babel/plugin-transform-private-methods and @babel/plugin-transform-private-property-in-object (when they are enabled): you can silence this warning by explicitly adding
	["@babel/plugin-transform-private-property-in-object", { "loose": false }]
to the "plugins" section of your Babel config.

If you already set the same 'loose' mode for these plugins in your config, it's possible that they are enabled multiple times with different options.
You can re-run Babel with the BABEL_SHOW_CONFIG_FOR environment variable to show the loaded configuration:
	npx cross-env BABEL_SHOW_CONFIG_FOR=/Users/Ajaya/Documents/TizenGitTVApp/node_modules/@emotion/unitless/dist/emotion-unitless.cjs.js <your build command>
See https://babeljs.io/docs/configuration#print-effective-configs for more info.
Though the "loose" option was set to "true" in your @babel/preset-env config, it will not be used for @babel/plugin-transform-private-methods since the "loose" mode option was set to "false" for @babel/plugin-transform-private-property-in-object.
The "loose" option must be the same for @babel/plugin-transform-class-properties, @babel/plugin-transform-private-methods and @babel/plugin-transform-private-property-in-object (when they are enabled): you can silence this warning by explicitly adding
	["@babel/plugin-transform-private-methods", { "loose": false }]
to the "plugins" section of your Babel config.

If you already set the same 'loose' mode for these plugins in your config, it's possible that they are enabled multiple times with different options.
You can re-run Babel with the BABEL_SHOW_CONFIG_FOR environment variable to show the loaded configuration:
	npx cross-env BABEL_SHOW_CONFIG_FOR=/Users/Ajaya/Documents/TizenGitTVApp/node_modules/@emotion/unitless/dist/emotion-unitless.cjs.js <your build command>
See https://babeljs.io/docs/configuration#print-effective-configs for more info.
Though the "loose" option was set to "true" in your @babel/preset-env config, it will not be used for @babel/plugin-transform-private-property-in-object since the "loose" mode option was set to "false" for @babel/plugin-transform-class-properties.
The "loose" option must be the same for @babel/plugin-transform-class-properties, @babel/plugin-transform-private-methods and @babel/plugin-transform-private-property-in-object (when they are enabled): you can silence this warning by explicitly adding
	["@babel/plugin-transform-private-property-in-object", { "loose": false }]
to the "plugins" section of your Babel config.

If you already set the same 'loose' mode for these plugins in your config, it's possible that they are enabled multiple times with different options.
You can re-run Babel with the BABEL_SHOW_CONFIG_FOR environment variable to show the loaded configuration:
	npx cross-env BABEL_SHOW_CONFIG_FOR=/Users/Ajaya/Documents/TizenGitTVApp/node_modules/@emotion/use-insertion-effect-with-fallbacks/dist/emotion-use-insertion-effect-with-fallbacks.cjs.js <your build command>
See https://babeljs.io/docs/configuration#print-effective-configs for more info.
Though the "loose" option was set to "true" in your @babel/preset-env config, it will not be used for @babel/plugin-transform-private-methods since the "loose" mode option was set to "false" for @babel/plugin-transform-private-property-in-object.
The "loose" option must be the same for @babel/plugin-transform-class-properties, @babel/plugin-transform-private-methods and @babel/plugin-transform-private-property-in-object (when they are enabled): you can silence this warning by explicitly adding
	["@babel/plugin-transform-private-methods", { "loose": false }]
to the "plugins" section of your Babel config.

If you already set the same 'loose' mode for these plugins in your config, it's possible that they are enabled multiple times with different options.
You can re-run Babel with the BABEL_SHOW_CONFIG_FOR environment variable to show the loaded configuration:
	npx cross-env BABEL_SHOW_CONFIG_FOR=/Users/Ajaya/Documents/TizenGitTVApp/node_modules/@emotion/use-insertion-effect-with-fallbacks/dist/emotion-use-insertion-effect-with-fallbacks.cjs.js <your build command>
See https://babeljs.io/docs/configuration#print-effective-configs for more info.
Though the "loose" option was set to "true" in your @babel/preset-env config, it will not be used for @babel/plugin-transform-private-property-in-object since the "loose" mode option was set to "false" for @babel/plugin-transform-class-properties.
The "loose" option must be the same for @babel/plugin-transform-class-properties, @babel/plugin-transform-private-methods and @babel/plugin-transform-private-property-in-object (when they are enabled): you can silence this warning by explicitly adding
	["@babel/plugin-transform-private-property-in-object", { "loose": false }]
to the "plugins" section of your Babel config.

If you already set the same 'loose' mode for these plugins in your config, it's possible that they are enabled multiple times with different options.
You can re-run Babel with the BABEL_SHOW_CONFIG_FOR environment variable to show the loaded configuration:
	npx cross-env BABEL_SHOW_CONFIG_FOR=/Users/Ajaya/Documents/TizenGitTVApp/node_modules/@emotion/hash/dist/emotion-hash.cjs.js <your build command>
See https://babeljs.io/docs/configuration#print-effective-configs for more info.
Though the "loose" option was set to "true" in your @babel/preset-env config, it will not be used for @babel/plugin-transform-private-methods since the "loose" mode option was set to "false" for @babel/plugin-transform-private-property-in-object.
The "loose" option must be the same for @babel/plugin-transform-class-properties, @babel/plugin-transform-private-methods and @babel/plugin-transform-private-property-in-object (when they are enabled): you can silence this warning by explicitly adding
	["@babel/plugin-transform-private-methods", { "loose": false }]
to the "plugins" section of your Babel config.

If you already set the same 'loose' mode for these plugins in your config, it's possible that they are enabled multiple times with different options.
You can re-run Babel with the BABEL_SHOW_CONFIG_FOR environment variable to show the loaded configuration:
	npx cross-env BABEL_SHOW_CONFIG_FOR=/Users/Ajaya/Documents/TizenGitTVApp/node_modules/@emotion/hash/dist/emotion-hash.cjs.js <your build command>
See https://babeljs.io/docs/configuration#print-effective-configs for more info.
Though the "loose" option was set to "true" in your @babel/preset-env config, it will not be used for @babel/plugin-transform-private-property-in-object since the "loose" mode option was set to "false" for @babel/plugin-transform-class-properties.
The "loose" option must be the same for @babel/plugin-transform-class-properties, @babel/plugin-transform-private-methods and @babel/plugin-transform-private-property-in-object (when they are enabled): you can silence this warning by explicitly adding
	["@babel/plugin-transform-private-property-in-object", { "loose": false }]
to the "plugins" section of your Babel config.

If you already set the same 'loose' mode for these plugins in your config, it's possible that they are enabled multiple times with different options.
You can re-run Babel with the BABEL_SHOW_CONFIG_FOR environment variable to show the loaded configuration:
	npx cross-env BABEL_SHOW_CONFIG_FOR=/Users/Ajaya/Documents/TizenGitTVApp/node_modules/@mui/material/internal/svg-icons/MoreHoriz.js <your build command>
See https://babeljs.io/docs/configuration#print-effective-configs for more info.
Though the "loose" option was set to "true" in your @babel/preset-env config, it will not be used for @babel/plugin-transform-private-methods since the "loose" mode option was set to "false" for @babel/plugin-transform-private-property-in-object.
The "loose" option must be the same for @babel/plugin-transform-class-properties, @babel/plugin-transform-private-methods and @babel/plugin-transform-private-property-in-object (when they are enabled): you can silence this warning by explicitly adding
	["@babel/plugin-transform-private-methods", { "loose": false }]
to the "plugins" section of your Babel config.

If you already set the same 'loose' mode for these plugins in your config, it's possible that they are enabled multiple times with different options.
You can re-run Babel with the BABEL_SHOW_CONFIG_FOR environment variable to show the loaded configuration:
	npx cross-env BABEL_SHOW_CONFIG_FOR=/Users/Ajaya/Documents/TizenGitTVApp/node_modules/@mui/material/internal/svg-icons/MoreHoriz.js <your build command>
See https://babeljs.io/docs/configuration#print-effective-configs for more info.
Though the "loose" option was set to "true" in your @babel/preset-env config, it will not be used for @babel/plugin-transform-private-property-in-object since the "loose" mode option was set to "false" for @babel/plugin-transform-class-properties.
The "loose" option must be the same for @babel/plugin-transform-class-properties, @babel/plugin-transform-private-methods and @babel/plugin-transform-private-property-in-object (when they are enabled): you can silence this warning by explicitly adding
	["@babel/plugin-transform-private-property-in-object", { "loose": false }]
to the "plugins" section of your Babel config.

If you already set the same 'loose' mode for these plugins in your config, it's possible that they are enabled multiple times with different options.
You can re-run Babel with the BABEL_SHOW_CONFIG_FOR environment variable to show the loaded configuration:
	npx cross-env BABEL_SHOW_CONFIG_FOR=/Users/Ajaya/Documents/TizenGitTVApp/node_modules/@emotion/sheet/dist/emotion-sheet.cjs.js <your build command>
See https://babeljs.io/docs/configuration#print-effective-configs for more info.
Though the "loose" option was set to "true" in your @babel/preset-env config, it will not be used for @babel/plugin-transform-private-methods since the "loose" mode option was set to "false" for @babel/plugin-transform-private-property-in-object.
The "loose" option must be the same for @babel/plugin-transform-class-properties, @babel/plugin-transform-private-methods and @babel/plugin-transform-private-property-in-object (when they are enabled): you can silence this warning by explicitly adding
	["@babel/plugin-transform-private-methods", { "loose": false }]
to the "plugins" section of your Babel config.

If you already set the same 'loose' mode for these plugins in your config, it's possible that they are enabled multiple times with different options.
You can re-run Babel with the BABEL_SHOW_CONFIG_FOR environment variable to show the loaded configuration:
	npx cross-env BABEL_SHOW_CONFIG_FOR=/Users/Ajaya/Documents/TizenGitTVApp/node_modules/@emotion/sheet/dist/emotion-sheet.cjs.js <your build command>
See https://babeljs.io/docs/configuration#print-effective-configs for more info.
Though the "loose" option was set to "true" in your @babel/preset-env config, it will not be used for @babel/plugin-transform-private-property-in-object since the "loose" mode option was set to "false" for @babel/plugin-transform-class-properties.
The "loose" option must be the same for @babel/plugin-transform-class-properties, @babel/plugin-transform-private-methods and @babel/plugin-transform-private-property-in-object (when they are enabled): you can silence this warning by explicitly adding
	["@babel/plugin-transform-private-property-in-object", { "loose": false }]
to the "plugins" section of your Babel config.

If you already set the same 'loose' mode for these plugins in your config, it's possible that they are enabled multiple times with different options.
You can re-run Babel with the BABEL_SHOW_CONFIG_FOR environment variable to show the loaded configuration:
	npx cross-env BABEL_SHOW_CONFIG_FOR=/Users/Ajaya/Documents/TizenGitTVApp/node_modules/@babel/runtime/helpers/iterableToArray.js <your build command>
See https://babeljs.io/docs/configuration#print-effective-configs for more info.
Though the "loose" option was set to "true" in your @babel/preset-env config, it will not be used for @babel/plugin-transform-private-methods since the "loose" mode option was set to "false" for @babel/plugin-transform-private-property-in-object.
The "loose" option must be the same for @babel/plugin-transform-class-properties, @babel/plugin-transform-private-methods and @babel/plugin-transform-private-property-in-object (when they are enabled): you can silence this warning by explicitly adding
	["@babel/plugin-transform-private-methods", { "loose": false }]
to the "plugins" section of your Babel config.

If you already set the same 'loose' mode for these plugins in your config, it's possible that they are enabled multiple times with different options.
You can re-run Babel with the BABEL_SHOW_CONFIG_FOR environment variable to show the loaded configuration:
	npx cross-env BABEL_SHOW_CONFIG_FOR=/Users/Ajaya/Documents/TizenGitTVApp/node_modules/@babel/runtime/helpers/iterableToArray.js <your build command>
See https://babeljs.io/docs/configuration#print-effective-configs for more info.
Though the "loose" option was set to "true" in your @babel/preset-env config, it will not be used for @babel/plugin-transform-private-property-in-object since the "loose" mode option was set to "false" for @babel/plugin-transform-class-properties.
The "loose" option must be the same for @babel/plugin-transform-class-properties, @babel/plugin-transform-private-methods and @babel/plugin-transform-private-property-in-object (when they are enabled): you can silence this warning by explicitly adding
	["@babel/plugin-transform-private-property-in-object", { "loose": false }]
to the "plugins" section of your Babel config.

If you already set the same 'loose' mode for these plugins in your config, it's possible that they are enabled multiple times with different options.
You can re-run Babel with the BABEL_SHOW_CONFIG_FOR environment variable to show the loaded configuration:
	npx cross-env BABEL_SHOW_CONFIG_FOR=/Users/Ajaya/Documents/TizenGitTVApp/node_modules/@emotion/weak-memoize/dist/emotion-weak-memoize.cjs.js <your build command>
See https://babeljs.io/docs/configuration#print-effective-configs for more info.
Though the "loose" option was set to "true" in your @babel/preset-env config, it will not be used for @babel/plugin-transform-private-methods since the "loose" mode option was set to "false" for @babel/plugin-transform-private-property-in-object.
The "loose" option must be the same for @babel/plugin-transform-class-properties, @babel/plugin-transform-private-methods and @babel/plugin-transform-private-property-in-object (when they are enabled): you can silence this warning by explicitly adding
	["@babel/plugin-transform-private-methods", { "loose": false }]
to the "plugins" section of your Babel config.

If you already set the same 'loose' mode for these plugins in your config, it's possible that they are enabled multiple times with different options.
You can re-run Babel with the BABEL_SHOW_CONFIG_FOR environment variable to show the loaded configuration:
	npx cross-env BABEL_SHOW_CONFIG_FOR=/Users/Ajaya/Documents/TizenGitTVApp/node_modules/@emotion/weak-memoize/dist/emotion-weak-memoize.cjs.js <your build command>
See https://babeljs.io/docs/configuration#print-effective-configs for more info.
Though the "loose" option was set to "true" in your @babel/preset-env config, it will not be used for @babel/plugin-transform-private-property-in-object since the "loose" mode option was set to "false" for @babel/plugin-transform-class-properties.
The "loose" option must be the same for @babel/plugin-transform-class-properties, @babel/plugin-transform-private-methods and @babel/plugin-transform-private-property-in-object (when they are enabled): you can silence this warning by explicitly adding
	["@babel/plugin-transform-private-property-in-object", { "loose": false }]
to the "plugins" section of your Babel config.

If you already set the same 'loose' mode for these plugins in your config, it's possible that they are enabled multiple times with different options.
You can re-run Babel with the BABEL_SHOW_CONFIG_FOR environment variable to show the loaded configuration:
	npx cross-env BABEL_SHOW_CONFIG_FOR=/Users/Ajaya/Documents/TizenGitTVApp/node_modules/@emotion/cache/dist/emotion-cache.cjs.js <your build command>
See https://babeljs.io/docs/configuration#print-effective-configs for more info.
Though the "loose" option was set to "true" in your @babel/preset-env config, it will not be used for @babel/plugin-transform-private-methods since the "loose" mode option was set to "false" for @babel/plugin-transform-private-property-in-object.
The "loose" option must be the same for @babel/plugin-transform-class-properties, @babel/plugin-transform-private-methods and @babel/plugin-transform-private-property-in-object (when they are enabled): you can silence this warning by explicitly adding
	["@babel/plugin-transform-private-methods", { "loose": false }]
to the "plugins" section of your Babel config.

If you already set the same 'loose' mode for these plugins in your config, it's possible that they are enabled multiple times with different options.
You can re-run Babel with the BABEL_SHOW_CONFIG_FOR environment variable to show the loaded configuration:
	npx cross-env BABEL_SHOW_CONFIG_FOR=/Users/Ajaya/Documents/TizenGitTVApp/node_modules/@emotion/cache/dist/emotion-cache.cjs.js <your build command>
See https://babeljs.io/docs/configuration#print-effective-configs for more info.
Though the "loose" option was set to "true" in your @babel/preset-env config, it will not be used for @babel/plugin-transform-private-property-in-object since the "loose" mode option was set to "false" for @babel/plugin-transform-class-properties.
The "loose" option must be the same for @babel/plugin-transform-class-properties, @babel/plugin-transform-private-methods and @babel/plugin-transform-private-property-in-object (when they are enabled): you can silence this warning by explicitly adding
	["@babel/plugin-transform-private-property-in-object", { "loose": false }]
to the "plugins" section of your Babel config.

If you already set the same 'loose' mode for these plugins in your config, it's possible that they are enabled multiple times with different options.
You can re-run Babel with the BABEL_SHOW_CONFIG_FOR environment variable to show the loaded configuration:
	npx cross-env BABEL_SHOW_CONFIG_FOR=/Users/Ajaya/Documents/TizenGitTVApp/node_modules/@mui/material/className/index.js <your build command>
See https://babeljs.io/docs/configuration#print-effective-configs for more info.
Though the "loose" option was set to "true" in your @babel/preset-env config, it will not be used for @babel/plugin-transform-private-methods since the "loose" mode option was set to "false" for @babel/plugin-transform-private-property-in-object.
The "loose" option must be the same for @babel/plugin-transform-class-properties, @babel/plugin-transform-private-methods and @babel/plugin-transform-private-property-in-object (when they are enabled): you can silence this warning by explicitly adding
	["@babel/plugin-transform-private-methods", { "loose": false }]
to the "plugins" section of your Babel config.

If you already set the same 'loose' mode for these plugins in your config, it's possible that they are enabled multiple times with different options.
You can re-run Babel with the BABEL_SHOW_CONFIG_FOR environment variable to show the loaded configuration:
	npx cross-env BABEL_SHOW_CONFIG_FOR=/Users/Ajaya/Documents/TizenGitTVApp/node_modules/@mui/material/className/index.js <your build command>
See https://babeljs.io/docs/configuration#print-effective-configs for more info.
Though the "loose" option was set to "true" in your @babel/preset-env config, it will not be used for @babel/plugin-transform-private-property-in-object since the "loose" mode option was set to "false" for @babel/plugin-transform-class-properties.
The "loose" option must be the same for @babel/plugin-transform-class-properties, @babel/plugin-transform-private-methods and @babel/plugin-transform-private-property-in-object (when they are enabled): you can silence this warning by explicitly adding
	["@babel/plugin-transform-private-property-in-object", { "loose": false }]
to the "plugins" section of your Babel config.

If you already set the same 'loose' mode for these plugins in your config, it's possible that they are enabled multiple times with different options.
You can re-run Babel with the BABEL_SHOW_CONFIG_FOR environment variable to show the loaded configuration:
	npx cross-env BABEL_SHOW_CONFIG_FOR=/Users/Ajaya/Documents/TizenGitTVApp/node_modules/@emotion/memoize/dist/emotion-memoize.cjs.prod.js <your build command>
See https://babeljs.io/docs/configuration#print-effective-configs for more info.
Though the "loose" option was set to "true" in your @babel/preset-env config, it will not be used for @babel/plugin-transform-private-methods since the "loose" mode option was set to "false" for @babel/plugin-transform-private-property-in-object.
The "loose" option must be the same for @babel/plugin-transform-class-properties, @babel/plugin-transform-private-methods and @babel/plugin-transform-private-property-in-object (when they are enabled): you can silence this warning by explicitly adding
	["@babel/plugin-transform-private-methods", { "loose": false }]
to the "plugins" section of your Babel config.

If you already set the same 'loose' mode for these plugins in your config, it's possible that they are enabled multiple times with different options.
You can re-run Babel with the BABEL_SHOW_CONFIG_FOR environment variable to show the loaded configuration:
	npx cross-env BABEL_SHOW_CONFIG_FOR=/Users/Ajaya/Documents/TizenGitTVApp/node_modules/@emotion/memoize/dist/emotion-memoize.cjs.prod.js <your build command>
See https://babeljs.io/docs/configuration#print-effective-configs for more info.
Though the "loose" option was set to "true" in your @babel/preset-env config, it will not be used for @babel/plugin-transform-private-property-in-object since the "loose" mode option was set to "false" for @babel/plugin-transform-class-properties.
The "loose" option must be the same for @babel/plugin-transform-class-properties, @babel/plugin-transform-private-methods and @babel/plugin-transform-private-property-in-object (when they are enabled): you can silence this warning by explicitly adding
	["@babel/plugin-transform-private-property-in-object", { "loose": false }]
to the "plugins" section of your Babel config.

If you already set the same 'loose' mode for these plugins in your config, it's possible that they are enabled multiple times with different options.
You can re-run Babel with the BABEL_SHOW_CONFIG_FOR environment variable to show the loaded configuration:
	npx cross-env BABEL_SHOW_CONFIG_FOR=/Users/Ajaya/Documents/TizenGitTVApp/node_modules/@emotion/hash/dist/emotion-hash.cjs.prod.js <your build command>
See https://babeljs.io/docs/configuration#print-effective-configs for more info.
Though the "loose" option was set to "true" in your @babel/preset-env config, it will not be used for @babel/plugin-transform-private-methods since the "loose" mode option was set to "false" for @babel/plugin-transform-private-property-in-object.
The "loose" option must be the same for @babel/plugin-transform-class-properties, @babel/plugin-transform-private-methods and @babel/plugin-transform-private-property-in-object (when they are enabled): you can silence this warning by explicitly adding
	["@babel/plugin-transform-private-methods", { "loose": false }]
to the "plugins" section of your Babel config.

If you already set the same 'loose' mode for these plugins in your config, it's possible that they are enabled multiple times with different options.
You can re-run Babel with the BABEL_SHOW_CONFIG_FOR environment variable to show the loaded configuration:
	npx cross-env BABEL_SHOW_CONFIG_FOR=/Users/Ajaya/Documents/TizenGitTVApp/node_modules/@emotion/hash/dist/emotion-hash.cjs.prod.js <your build command>
See https://babeljs.io/docs/configuration#print-effective-configs for more info.
Though the "loose" option was set to "true" in your @babel/preset-env config, it will not be used for @babel/plugin-transform-private-property-in-object since the "loose" mode option was set to "false" for @babel/plugin-transform-class-properties.
The "loose" option must be the same for @babel/plugin-transform-class-properties, @babel/plugin-transform-private-methods and @babel/plugin-transform-private-property-in-object (when they are enabled): you can silence this warning by explicitly adding
	["@babel/plugin-transform-private-property-in-object", { "loose": false }]
to the "plugins" section of your Babel config.

If you already set the same 'loose' mode for these plugins in your config, it's possible that they are enabled multiple times with different options.
You can re-run Babel with the BABEL_SHOW_CONFIG_FOR environment variable to show the loaded configuration:
	npx cross-env BABEL_SHOW_CONFIG_FOR=/Users/Ajaya/Documents/TizenGitTVApp/node_modules/@emotion/weak-memoize/dist/emotion-weak-memoize.cjs.prod.js <your build command>
See https://babeljs.io/docs/configuration#print-effective-configs for more info.
Though the "loose" option was set to "true" in your @babel/preset-env config, it will not be used for @babel/plugin-transform-private-methods since the "loose" mode option was set to "false" for @babel/plugin-transform-private-property-in-object.
The "loose" option must be the same for @babel/plugin-transform-class-properties, @babel/plugin-transform-private-methods and @babel/plugin-transform-private-property-in-object (when they are enabled): you can silence this warning by explicitly adding
	["@babel/plugin-transform-private-methods", { "loose": false }]
to the "plugins" section of your Babel config.

If you already set the same 'loose' mode for these plugins in your config, it's possible that they are enabled multiple times with different options.
You can re-run Babel with the BABEL_SHOW_CONFIG_FOR environment variable to show the loaded configuration:
	npx cross-env BABEL_SHOW_CONFIG_FOR=/Users/Ajaya/Documents/TizenGitTVApp/node_modules/@emotion/weak-memoize/dist/emotion-weak-memoize.cjs.prod.js <your build command>
See https://babeljs.io/docs/configuration#print-effective-configs for more info.
Though the "loose" option was set to "true" in your @babel/preset-env config, it will not be used for @babel/plugin-transform-private-property-in-object since the "loose" mode option was set to "false" for @babel/plugin-transform-class-properties.
The "loose" option must be the same for @babel/plugin-transform-class-properties, @babel/plugin-transform-private-methods and @babel/plugin-transform-private-property-in-object (when they are enabled): you can silence this warning by explicitly adding
	["@babel/plugin-transform-private-property-in-object", { "loose": false }]
to the "plugins" section of your Babel config.

If you already set the same 'loose' mode for these plugins in your config, it's possible that they are enabled multiple times with different options.
You can re-run Babel with the BABEL_SHOW_CONFIG_FOR environment variable to show the loaded configuration:
	npx cross-env BABEL_SHOW_CONFIG_FOR=/Users/Ajaya/Documents/TizenGitTVApp/node_modules/@tanstack/react-query/build/legacy/usePrefetchQuery.cjs <your build command>
See https://babeljs.io/docs/configuration#print-effective-configs for more info.
Though the "loose" option was set to "true" in your @babel/preset-env config, it will not be used for @babel/plugin-transform-private-methods since the "loose" mode option was set to "false" for @babel/plugin-transform-private-property-in-object.
The "loose" option must be the same for @babel/plugin-transform-class-properties, @babel/plugin-transform-private-methods and @babel/plugin-transform-private-property-in-object (when they are enabled): you can silence this warning by explicitly adding
	["@babel/plugin-transform-private-methods", { "loose": false }]
to the "plugins" section of your Babel config.

If you already set the same 'loose' mode for these plugins in your config, it's possible that they are enabled multiple times with different options.
You can re-run Babel with the BABEL_SHOW_CONFIG_FOR environment variable to show the loaded configuration:
	npx cross-env BABEL_SHOW_CONFIG_FOR=/Users/Ajaya/Documents/TizenGitTVApp/node_modules/@tanstack/react-query/build/legacy/usePrefetchQuery.cjs <your build command>
See https://babeljs.io/docs/configuration#print-effective-configs for more info.
Though the "loose" option was set to "true" in your @babel/preset-env config, it will not be used for @babel/plugin-transform-private-property-in-object since the "loose" mode option was set to "false" for @babel/plugin-transform-class-properties.
The "loose" option must be the same for @babel/plugin-transform-class-properties, @babel/plugin-transform-private-methods and @babel/plugin-transform-private-property-in-object (when they are enabled): you can silence this warning by explicitly adding
	["@babel/plugin-transform-private-property-in-object", { "loose": false }]
to the "plugins" section of your Babel config.

If you already set the same 'loose' mode for these plugins in your config, it's possible that they are enabled multiple times with different options.
You can re-run Babel with the BABEL_SHOW_CONFIG_FOR environment variable to show the loaded configuration:
	npx cross-env BABEL_SHOW_CONFIG_FOR=/Users/Ajaya/Documents/TizenGitTVApp/node_modules/@tanstack/react-query/build/legacy/useSuspenseInfiniteQuery.cjs <your build command>
See https://babeljs.io/docs/configuration#print-effective-configs for more info.
Though the "loose" option was set to "true" in your @babel/preset-env config, it will not be used for @babel/plugin-transform-private-methods since the "loose" mode option was set to "false" for @babel/plugin-transform-private-property-in-object.
The "loose" option must be the same for @babel/plugin-transform-class-properties, @babel/plugin-transform-private-methods and @babel/plugin-transform-private-property-in-object (when they are enabled): you can silence this warning by explicitly adding
	["@babel/plugin-transform-private-methods", { "loose": false }]
to the "plugins" section of your Babel config.

If you already set the same 'loose' mode for these plugins in your config, it's possible that they are enabled multiple times with different options.
You can re-run Babel with the BABEL_SHOW_CONFIG_FOR environment variable to show the loaded configuration:
	npx cross-env BABEL_SHOW_CONFIG_FOR=/Users/Ajaya/Documents/TizenGitTVApp/node_modules/@tanstack/react-query/build/legacy/useSuspenseInfiniteQuery.cjs <your build command>
See https://babeljs.io/docs/configuration#print-effective-configs for more info.
Though the "loose" option was set to "true" in your @babel/preset-env config, it will not be used for @babel/plugin-transform-private-property-in-object since the "loose" mode option was set to "false" for @babel/plugin-transform-class-properties.
The "loose" option must be the same for @babel/plugin-transform-class-properties, @babel/plugin-transform-private-methods and @babel/plugin-transform-private-property-in-object (when they are enabled): you can silence this warning by explicitly adding
	["@babel/plugin-transform-private-property-in-object", { "loose": false }]
to the "plugins" section of your Babel config.

If you already set the same 'loose' mode for these plugins in your config, it's possible that they are enabled multiple times with different options.
You can re-run Babel with the BABEL_SHOW_CONFIG_FOR environment variable to show the loaded configuration:
	npx cross-env BABEL_SHOW_CONFIG_FOR=/Users/Ajaya/Documents/TizenGitTVApp/node_modules/@tanstack/react-query/build/legacy/useSuspenseQueries.cjs <your build command>
See https://babeljs.io/docs/configuration#print-effective-configs for more info.
Though the "loose" option was set to "true" in your @babel/preset-env config, it will not be used for @babel/plugin-transform-private-methods since the "loose" mode option was set to "false" for @babel/plugin-transform-private-property-in-object.
The "loose" option must be the same for @babel/plugin-transform-class-properties, @babel/plugin-transform-private-methods and @babel/plugin-transform-private-property-in-object (when they are enabled): you can silence this warning by explicitly adding
	["@babel/plugin-transform-private-methods", { "loose": false }]
to the "plugins" section of your Babel config.

If you already set the same 'loose' mode for these plugins in your config, it's possible that they are enabled multiple times with different options.
You can re-run Babel with the BABEL_SHOW_CONFIG_FOR environment variable to show the loaded configuration:
	npx cross-env BABEL_SHOW_CONFIG_FOR=/Users/Ajaya/Documents/TizenGitTVApp/node_modules/@tanstack/react-query/build/legacy/useSuspenseQueries.cjs <your build command>
See https://babeljs.io/docs/configuration#print-effective-configs for more info.
Though the "loose" option was set to "true" in your @babel/preset-env config, it will not be used for @babel/plugin-transform-private-property-in-object since the "loose" mode option was set to "false" for @babel/plugin-transform-class-properties.
The "loose" option must be the same for @babel/plugin-transform-class-properties, @babel/plugin-transform-private-methods and @babel/plugin-transform-private-property-in-object (when they are enabled): you can silence this warning by explicitly adding
	["@babel/plugin-transform-private-property-in-object", { "loose": false }]
to the "plugins" section of your Babel config.

If you already set the same 'loose' mode for these plugins in your config, it's possible that they are enabled multiple times with different options.
You can re-run Babel with the BABEL_SHOW_CONFIG_FOR environment variable to show the loaded configuration:
	npx cross-env BABEL_SHOW_CONFIG_FOR=/Users/Ajaya/Documents/TizenGitTVApp/node_modules/@tanstack/react-query/build/legacy/types.cjs <your build command>
See https://babeljs.io/docs/configuration#print-effective-configs for more info.
Though the "loose" option was set to "true" in your @babel/preset-env config, it will not be used for @babel/plugin-transform-private-methods since the "loose" mode option was set to "false" for @babel/plugin-transform-private-property-in-object.
The "loose" option must be the same for @babel/plugin-transform-class-properties, @babel/plugin-transform-private-methods and @babel/plugin-transform-private-property-in-object (when they are enabled): you can silence this warning by explicitly adding
	["@babel/plugin-transform-private-methods", { "loose": false }]
to the "plugins" section of your Babel config.

If you already set the same 'loose' mode for these plugins in your config, it's possible that they are enabled multiple times with different options.
You can re-run Babel with the BABEL_SHOW_CONFIG_FOR environment variable to show the loaded configuration:
	npx cross-env BABEL_SHOW_CONFIG_FOR=/Users/Ajaya/Documents/TizenGitTVApp/node_modules/@tanstack/react-query/build/legacy/types.cjs <your build command>
See https://babeljs.io/docs/configuration#print-effective-configs for more info.
Though the "loose" option was set to "true" in your @babel/preset-env config, it will not be used for @babel/plugin-transform-private-property-in-object since the "loose" mode option was set to "false" for @babel/plugin-transform-class-properties.
The "loose" option must be the same for @babel/plugin-transform-class-properties, @babel/plugin-transform-private-methods and @babel/plugin-transform-private-property-in-object (when they are enabled): you can silence this warning by explicitly adding
	["@babel/plugin-transform-private-property-in-object", { "loose": false }]
to the "plugins" section of your Babel config.

If you already set the same 'loose' mode for these plugins in your config, it's possible that they are enabled multiple times with different options.
You can re-run Babel with the BABEL_SHOW_CONFIG_FOR environment variable to show the loaded configuration:
	npx cross-env BABEL_SHOW_CONFIG_FOR=/Users/Ajaya/Documents/TizenGitTVApp/node_modules/@tanstack/react-query/build/legacy/useQueries.cjs <your build command>
See https://babeljs.io/docs/configuration#print-effective-configs for more info.
Though the "loose" option was set to "true" in your @babel/preset-env config, it will not be used for @babel/plugin-transform-private-methods since the "loose" mode option was set to "false" for @babel/plugin-transform-private-property-in-object.
The "loose" option must be the same for @babel/plugin-transform-class-properties, @babel/plugin-transform-private-methods and @babel/plugin-transform-private-property-in-object (when they are enabled): you can silence this warning by explicitly adding
	["@babel/plugin-transform-private-methods", { "loose": false }]
to the "plugins" section of your Babel config.

If you already set the same 'loose' mode for these plugins in your config, it's possible that they are enabled multiple times with different options.
You can re-run Babel with the BABEL_SHOW_CONFIG_FOR environment variable to show the loaded configuration:
	npx cross-env BABEL_SHOW_CONFIG_FOR=/Users/Ajaya/Documents/TizenGitTVApp/node_modules/@tanstack/react-query/build/legacy/useQueries.cjs <your build command>
See https://babeljs.io/docs/configuration#print-effective-configs for more info.
Though the "loose" option was set to "true" in your @babel/preset-env config, it will not be used for @babel/plugin-transform-private-property-in-object since the "loose" mode option was set to "false" for @babel/plugin-transform-class-properties.
The "loose" option must be the same for @babel/plugin-transform-class-properties, @babel/plugin-transform-private-methods and @babel/plugin-transform-private-property-in-object (when they are enabled): you can silence this warning by explicitly adding
	["@babel/plugin-transform-private-property-in-object", { "loose": false }]
to the "plugins" section of your Babel config.

If you already set the same 'loose' mode for these plugins in your config, it's possible that they are enabled multiple times with different options.
You can re-run Babel with the BABEL_SHOW_CONFIG_FOR environment variable to show the loaded configuration:
	npx cross-env BABEL_SHOW_CONFIG_FOR=/Users/Ajaya/Documents/TizenGitTVApp/node_modules/@tanstack/react-query/build/legacy/useSuspenseQuery.cjs <your build command>
See https://babeljs.io/docs/configuration#print-effective-configs for more info.
Though the "loose" option was set to "true" in your @babel/preset-env config, it will not be used for @babel/plugin-transform-private-methods since the "loose" mode option was set to "false" for @babel/plugin-transform-private-property-in-object.
The "loose" option must be the same for @babel/plugin-transform-class-properties, @babel/plugin-transform-private-methods and @babel/plugin-transform-private-property-in-object (when they are enabled): you can silence this warning by explicitly adding
	["@babel/plugin-transform-private-methods", { "loose": false }]
to the "plugins" section of your Babel config.

If you already set the same 'loose' mode for these plugins in your config, it's possible that they are enabled multiple times with different options.
You can re-run Babel with the BABEL_SHOW_CONFIG_FOR environment variable to show the loaded configuration:
	npx cross-env BABEL_SHOW_CONFIG_FOR=/Users/Ajaya/Documents/TizenGitTVApp/node_modules/@tanstack/react-query/build/legacy/useSuspenseQuery.cjs <your build command>
See https://babeljs.io/docs/configuration#print-effective-configs for more info.
Though the "loose" option was set to "true" in your @babel/preset-env config, it will not be used for @babel/plugin-transform-private-property-in-object since the "loose" mode option was set to "false" for @babel/plugin-transform-class-properties.
The "loose" option must be the same for @babel/plugin-transform-class-properties, @babel/plugin-transform-private-methods and @babel/plugin-transform-private-property-in-object (when they are enabled): you can silence this warning by explicitly adding
	["@babel/plugin-transform-private-property-in-object", { "loose": false }]
to the "plugins" section of your Babel config.

If you already set the same 'loose' mode for these plugins in your config, it's possible that they are enabled multiple times with different options.
You can re-run Babel with the BABEL_SHOW_CONFIG_FOR environment variable to show the loaded configuration:
	npx cross-env BABEL_SHOW_CONFIG_FOR=/Users/Ajaya/Documents/TizenGitTVApp/node_modules/@tanstack/react-query/build/legacy/useQuery.cjs <your build command>
See https://babeljs.io/docs/configuration#print-effective-configs for more info.
Though the "loose" option was set to "true" in your @babel/preset-env config, it will not be used for @babel/plugin-transform-private-methods since the "loose" mode option was set to "false" for @babel/plugin-transform-private-property-in-object.
The "loose" option must be the same for @babel/plugin-transform-class-properties, @babel/plugin-transform-private-methods and @babel/plugin-transform-private-property-in-object (when they are enabled): you can silence this warning by explicitly adding
	["@babel/plugin-transform-private-methods", { "loose": false }]
to the "plugins" section of your Babel config.

If you already set the same 'loose' mode for these plugins in your config, it's possible that they are enabled multiple times with different options.
You can re-run Babel with the BABEL_SHOW_CONFIG_FOR environment variable to show the loaded configuration:
	npx cross-env BABEL_SHOW_CONFIG_FOR=/Users/Ajaya/Documents/TizenGitTVApp/node_modules/@tanstack/react-query/build/legacy/useQuery.cjs <your build command>
See https://babeljs.io/docs/configuration#print-effective-configs for more info.
Though the "loose" option was set to "true" in your @babel/preset-env config, it will not be used for @babel/plugin-transform-private-property-in-object since the "loose" mode option was set to "false" for @babel/plugin-transform-class-properties.
The "loose" option must be the same for @babel/plugin-transform-class-properties, @babel/plugin-transform-private-methods and @babel/plugin-transform-private-property-in-object (when they are enabled): you can silence this warning by explicitly adding
	["@babel/plugin-transform-private-property-in-object", { "loose": false }]
to the "plugins" section of your Babel config.

If you already set the same 'loose' mode for these plugins in your config, it's possible that they are enabled multiple times with different options.
You can re-run Babel with the BABEL_SHOW_CONFIG_FOR environment variable to show the loaded configuration:
	npx cross-env BABEL_SHOW_CONFIG_FOR=/Users/Ajaya/Documents/TizenGitTVApp/node_modules/@babel/runtime/helpers/nonIterableSpread.js <your build command>
See https://babeljs.io/docs/configuration#print-effective-configs for more info.
Though the "loose" option was set to "true" in your @babel/preset-env config, it will not be used for @babel/plugin-transform-private-methods since the "loose" mode option was set to "false" for @babel/plugin-transform-private-property-in-object.
The "loose" option must be the same for @babel/plugin-transform-class-properties, @babel/plugin-transform-private-methods and @babel/plugin-transform-private-property-in-object (when they are enabled): you can silence this warning by explicitly adding
	["@babel/plugin-transform-private-methods", { "loose": false }]
to the "plugins" section of your Babel config.

If you already set the same 'loose' mode for these plugins in your config, it's possible that they are enabled multiple times with different options.
You can re-run Babel with the BABEL_SHOW_CONFIG_FOR environment variable to show the loaded configuration:
	npx cross-env BABEL_SHOW_CONFIG_FOR=/Users/Ajaya/Documents/TizenGitTVApp/node_modules/@babel/runtime/helpers/nonIterableSpread.js <your build command>
See https://babeljs.io/docs/configuration#print-effective-configs for more info.
Though the "loose" option was set to "true" in your @babel/preset-env config, it will not be used for @babel/plugin-transform-private-property-in-object since the "loose" mode option was set to "false" for @babel/plugin-transform-class-properties.
The "loose" option must be the same for @babel/plugin-transform-class-properties, @babel/plugin-transform-private-methods and @babel/plugin-transform-private-property-in-object (when they are enabled): you can silence this warning by explicitly adding
	["@babel/plugin-transform-private-property-in-object", { "loose": false }]
to the "plugins" section of your Babel config.

If you already set the same 'loose' mode for these plugins in your config, it's possible that they are enabled multiple times with different options.
You can re-run Babel with the BABEL_SHOW_CONFIG_FOR environment variable to show the loaded configuration:
	npx cross-env BABEL_SHOW_CONFIG_FOR=/Users/Ajaya/Documents/TizenGitTVApp/src/utils/drm.js <your build command>
See https://babeljs.io/docs/configuration#print-effective-configs for more info.
Though the "loose" option was set to "true" in your @babel/preset-env config, it will not be used for @babel/plugin-transform-private-methods since the "loose" mode option was set to "false" for @babel/plugin-transform-private-property-in-object.
The "loose" option must be the same for @babel/plugin-transform-class-properties, @babel/plugin-transform-private-methods and @babel/plugin-transform-private-property-in-object (when they are enabled): you can silence this warning by explicitly adding
	["@babel/plugin-transform-private-methods", { "loose": false }]
to the "plugins" section of your Babel config.

If you already set the same 'loose' mode for these plugins in your config, it's possible that they are enabled multiple times with different options.
You can re-run Babel with the BABEL_SHOW_CONFIG_FOR environment variable to show the loaded configuration:
	npx cross-env BABEL_SHOW_CONFIG_FOR=/Users/Ajaya/Documents/TizenGitTVApp/src/utils/drm.js <your build command>
See https://babeljs.io/docs/configuration#print-effective-configs for more info.
Though the "loose" option was set to "true" in your @babel/preset-env config, it will not be used for @babel/plugin-transform-private-property-in-object since the "loose" mode option was set to "false" for @babel/plugin-transform-class-properties.
The "loose" option must be the same for @babel/plugin-transform-class-properties, @babel/plugin-transform-private-methods and @babel/plugin-transform-private-property-in-object (when they are enabled): you can silence this warning by explicitly adding
	["@babel/plugin-transform-private-property-in-object", { "loose": false }]
to the "plugins" section of your Babel config.

If you already set the same 'loose' mode for these plugins in your config, it's possible that they are enabled multiple times with different options.
You can re-run Babel with the BABEL_SHOW_CONFIG_FOR environment variable to show the loaded configuration:
	npx cross-env BABEL_SHOW_CONFIG_FOR=/Users/Ajaya/Documents/TizenGitTVApp/src/utils/favorites.js <your build command>
See https://babeljs.io/docs/configuration#print-effective-configs for more info.
Though the "loose" option was set to "true" in your @babel/preset-env config, it will not be used for @babel/plugin-transform-private-methods since the "loose" mode option was set to "false" for @babel/plugin-transform-private-property-in-object.
The "loose" option must be the same for @babel/plugin-transform-class-properties, @babel/plugin-transform-private-methods and @babel/plugin-transform-private-property-in-object (when they are enabled): you can silence this warning by explicitly adding
	["@babel/plugin-transform-private-methods", { "loose": false }]
to the "plugins" section of your Babel config.

If you already set the same 'loose' mode for these plugins in your config, it's possible that they are enabled multiple times with different options.
You can re-run Babel with the BABEL_SHOW_CONFIG_FOR environment variable to show the loaded configuration:
	npx cross-env BABEL_SHOW_CONFIG_FOR=/Users/Ajaya/Documents/TizenGitTVApp/src/utils/favorites.js <your build command>
See https://babeljs.io/docs/configuration#print-effective-configs for more info.
Though the "loose" option was set to "true" in your @babel/preset-env config, it will not be used for @babel/plugin-transform-private-property-in-object since the "loose" mode option was set to "false" for @babel/plugin-transform-class-properties.
The "loose" option must be the same for @babel/plugin-transform-class-properties, @babel/plugin-transform-private-methods and @babel/plugin-transform-private-property-in-object (when they are enabled): you can silence this warning by explicitly adding
	["@babel/plugin-transform-private-property-in-object", { "loose": false }]
to the "plugins" section of your Babel config.

If you already set the same 'loose' mode for these plugins in your config, it's possible that they are enabled multiple times with different options.
You can re-run Babel with the BABEL_SHOW_CONFIG_FOR environment variable to show the loaded configuration:
	npx cross-env BABEL_SHOW_CONFIG_FOR=/Users/Ajaya/Documents/TizenGitTVApp/src/components/PreviewBanner.jsx <your build command>
See https://babeljs.io/docs/configuration#print-effective-configs for more info.
Though the "loose" option was set to "true" in your @babel/preset-env config, it will not be used for @babel/plugin-transform-private-methods since the "loose" mode option was set to "false" for @babel/plugin-transform-private-property-in-object.
The "loose" option must be the same for @babel/plugin-transform-class-properties, @babel/plugin-transform-private-methods and @babel/plugin-transform-private-property-in-object (when they are enabled): you can silence this warning by explicitly adding
	["@babel/plugin-transform-private-methods", { "loose": false }]
to the "plugins" section of your Babel config.

If you already set the same 'loose' mode for these plugins in your config, it's possible that they are enabled multiple times with different options.
You can re-run Babel with the BABEL_SHOW_CONFIG_FOR environment variable to show the loaded configuration:
	npx cross-env BABEL_SHOW_CONFIG_FOR=/Users/Ajaya/Documents/TizenGitTVApp/src/components/PreviewBanner.jsx <your build command>
See https://babeljs.io/docs/configuration#print-effective-configs for more info.
Though the "loose" option was set to "true" in your @babel/preset-env config, it will not be used for @babel/plugin-transform-private-property-in-object since the "loose" mode option was set to "false" for @babel/plugin-transform-class-properties.
The "loose" option must be the same for @babel/plugin-transform-class-properties, @babel/plugin-transform-private-methods and @babel/plugin-transform-private-property-in-object (when they are enabled): you can silence this warning by explicitly adding
	["@babel/plugin-transform-private-property-in-object", { "loose": false }]
to the "plugins" section of your Babel config.

If you already set the same 'loose' mode for these plugins in your config, it's possible that they are enabled multiple times with different options.
You can re-run Babel with the BABEL_SHOW_CONFIG_FOR environment variable to show the loaded configuration:
	npx cross-env BABEL_SHOW_CONFIG_FOR=/Users/Ajaya/Documents/TizenGitTVApp/src/components/ShakaPlayer.jsx <your build command>
See https://babeljs.io/docs/configuration#print-effective-configs for more info.
Though the "loose" option was set to "true" in your @babel/preset-env config, it will not be used for @babel/plugin-transform-private-methods since the "loose" mode option was set to "false" for @babel/plugin-transform-private-property-in-object.
The "loose" option must be the same for @babel/plugin-transform-class-properties, @babel/plugin-transform-private-methods and @babel/plugin-transform-private-property-in-object (when they are enabled): you can silence this warning by explicitly adding
	["@babel/plugin-transform-private-methods", { "loose": false }]
to the "plugins" section of your Babel config.

If you already set the same 'loose' mode for these plugins in your config, it's possible that they are enabled multiple times with different options.
You can re-run Babel with the BABEL_SHOW_CONFIG_FOR environment variable to show the loaded configuration:
	npx cross-env BABEL_SHOW_CONFIG_FOR=/Users/Ajaya/Documents/TizenGitTVApp/src/components/ShakaPlayer.jsx <your build command>
See https://babeljs.io/docs/configuration#print-effective-configs for more info.
Though the "loose" option was set to "true" in your @babel/preset-env config, it will not be used for @babel/plugin-transform-private-property-in-object since the "loose" mode option was set to "false" for @babel/plugin-transform-class-properties.
The "loose" option must be the same for @babel/plugin-transform-class-properties, @babel/plugin-transform-private-methods and @babel/plugin-transform-private-property-in-object (when they are enabled): you can silence this warning by explicitly adding
	["@babel/plugin-transform-private-property-in-object", { "loose": false }]
to the "plugins" section of your Babel config.

If you already set the same 'loose' mode for these plugins in your config, it's possible that they are enabled multiple times with different options.
You can re-run Babel with the BABEL_SHOW_CONFIG_FOR environment variable to show the loaded configuration:
	npx cross-env BABEL_SHOW_CONFIG_FOR=/Users/Ajaya/Documents/TizenGitTVApp/src/components/VideoPlayer.jsx <your build command>
See https://babeljs.io/docs/configuration#print-effective-configs for more info.
Though the "loose" option was set to "true" in your @babel/preset-env config, it will not be used for @babel/plugin-transform-private-methods since the "loose" mode option was set to "false" for @babel/plugin-transform-private-property-in-object.
The "loose" option must be the same for @babel/plugin-transform-class-properties, @babel/plugin-transform-private-methods and @babel/plugin-transform-private-property-in-object (when they are enabled): you can silence this warning by explicitly adding
	["@babel/plugin-transform-private-methods", { "loose": false }]
to the "plugins" section of your Babel config.

If you already set the same 'loose' mode for these plugins in your config, it's possible that they are enabled multiple times with different options.
You can re-run Babel with the BABEL_SHOW_CONFIG_FOR environment variable to show the loaded configuration:
	npx cross-env BABEL_SHOW_CONFIG_FOR=/Users/Ajaya/Documents/TizenGitTVApp/src/components/VideoPlayer.jsx <your build command>
See https://babeljs.io/docs/configuration#print-effective-configs for more info.
Though the "loose" option was set to "true" in your @babel/preset-env config, it will not be used for @babel/plugin-transform-private-property-in-object since the "loose" mode option was set to "false" for @babel/plugin-transform-class-properties.
The "loose" option must be the same for @babel/plugin-transform-class-properties, @babel/plugin-transform-private-methods and @babel/plugin-transform-private-property-in-object (when they are enabled): you can silence this warning by explicitly adding
	["@babel/plugin-transform-private-property-in-object", { "loose": false }]
to the "plugins" section of your Babel config.

If you already set the same 'loose' mode for these plugins in your config, it's possible that they are enabled multiple times with different options.
You can re-run Babel with the BABEL_SHOW_CONFIG_FOR environment variable to show the loaded configuration:
	npx cross-env BABEL_SHOW_CONFIG_FOR=/Users/Ajaya/Documents/TizenGitTVApp/src/components/ForceMessageOverlay.jsx <your build command>
See https://babeljs.io/docs/configuration#print-effective-configs for more info.
Though the "loose" option was set to "true" in your @babel/preset-env config, it will not be used for @babel/plugin-transform-private-methods since the "loose" mode option was set to "false" for @babel/plugin-transform-private-property-in-object.
The "loose" option must be the same for @babel/plugin-transform-class-properties, @babel/plugin-transform-private-methods and @babel/plugin-transform-private-property-in-object (when they are enabled): you can silence this warning by explicitly adding
	["@babel/plugin-transform-private-methods", { "loose": false }]
to the "plugins" section of your Babel config.

If you already set the same 'loose' mode for these plugins in your config, it's possible that they are enabled multiple times with different options.
You can re-run Babel with the BABEL_SHOW_CONFIG_FOR environment variable to show the loaded configuration:
	npx cross-env BABEL_SHOW_CONFIG_FOR=/Users/Ajaya/Documents/TizenGitTVApp/src/components/ForceMessageOverlay.jsx <your build command>
See https://babeljs.io/docs/configuration#print-effective-configs for more info.
Though the "loose" option was set to "true" in your @babel/preset-env config, it will not be used for @babel/plugin-transform-private-property-in-object since the "loose" mode option was set to "false" for @babel/plugin-transform-class-properties.
The "loose" option must be the same for @babel/plugin-transform-class-properties, @babel/plugin-transform-private-methods and @babel/plugin-transform-private-property-in-object (when they are enabled): you can silence this warning by explicitly adding
	["@babel/plugin-transform-private-property-in-object", { "loose": false }]
to the "plugins" section of your Babel config.

If you already set the same 'loose' mode for these plugins in your config, it's possible that they are enabled multiple times with different options.
You can re-run Babel with the BABEL_SHOW_CONFIG_FOR environment variable to show the loaded configuration:
	npx cross-env BABEL_SHOW_CONFIG_FOR=/Users/Ajaya/Documents/TizenGitTVApp/src/components/FingerprintOverlay.jsx <your build command>
See https://babeljs.io/docs/configuration#print-effective-configs for more info.
Though the "loose" option was set to "true" in your @babel/preset-env config, it will not be used for @babel/plugin-transform-private-methods since the "loose" mode option was set to "false" for @babel/plugin-transform-private-property-in-object.
The "loose" option must be the same for @babel/plugin-transform-class-properties, @babel/plugin-transform-private-methods and @babel/plugin-transform-private-property-in-object (when they are enabled): you can silence this warning by explicitly adding
	["@babel/plugin-transform-private-methods", { "loose": false }]
to the "plugins" section of your Babel config.

If you already set the same 'loose' mode for these plugins in your config, it's possible that they are enabled multiple times with different options.
You can re-run Babel with the BABEL_SHOW_CONFIG_FOR environment variable to show the loaded configuration:
	npx cross-env BABEL_SHOW_CONFIG_FOR=/Users/Ajaya/Documents/TizenGitTVApp/src/components/FingerprintOverlay.jsx <your build command>
See https://babeljs.io/docs/configuration#print-effective-configs for more info.
Though the "loose" option was set to "true" in your @babel/preset-env config, it will not be used for @babel/plugin-transform-private-property-in-object since the "loose" mode option was set to "false" for @babel/plugin-transform-class-properties.
The "loose" option must be the same for @babel/plugin-transform-class-properties, @babel/plugin-transform-private-methods and @babel/plugin-transform-private-property-in-object (when they are enabled): you can silence this warning by explicitly adding
	["@babel/plugin-transform-private-property-in-object", { "loose": false }]
to the "plugins" section of your Babel config.

If you already set the same 'loose' mode for these plugins in your config, it's possible that they are enabled multiple times with different options.
You can re-run Babel with the BABEL_SHOW_CONFIG_FOR environment variable to show the loaded configuration:
	npx cross-env BABEL_SHOW_CONFIG_FOR=/Users/Ajaya/Documents/TizenGitTVApp/src/components/ScrollMessageOverlay.jsx <your build command>
See https://babeljs.io/docs/configuration#print-effective-configs for more info.
Though the "loose" option was set to "true" in your @babel/preset-env config, it will not be used for @babel/plugin-transform-private-methods since the "loose" mode option was set to "false" for @babel/plugin-transform-private-property-in-object.
The "loose" option must be the same for @babel/plugin-transform-class-properties, @babel/plugin-transform-private-methods and @babel/plugin-transform-private-property-in-object (when they are enabled): you can silence this warning by explicitly adding
	["@babel/plugin-transform-private-methods", { "loose": false }]
to the "plugins" section of your Babel config.

If you already set the same 'loose' mode for these plugins in your config, it's possible that they are enabled multiple times with different options.
You can re-run Babel with the BABEL_SHOW_CONFIG_FOR environment variable to show the loaded configuration:
	npx cross-env BABEL_SHOW_CONFIG_FOR=/Users/Ajaya/Documents/TizenGitTVApp/src/components/ScrollMessageOverlay.jsx <your build command>
See https://babeljs.io/docs/configuration#print-effective-configs for more info.
Though the "loose" option was set to "true" in your @babel/preset-env config, it will not be used for @babel/plugin-transform-private-property-in-object since the "loose" mode option was set to "false" for @babel/plugin-transform-class-properties.
The "loose" option must be the same for @babel/plugin-transform-class-properties, @babel/plugin-transform-private-methods and @babel/plugin-transform-private-property-in-object (when they are enabled): you can silence this warning by explicitly adding
	["@babel/plugin-transform-private-property-in-object", { "loose": false }]
to the "plugins" section of your Babel config.

If you already set the same 'loose' mode for these plugins in your config, it's possible that they are enabled multiple times with different options.
You can re-run Babel with the BABEL_SHOW_CONFIG_FOR environment variable to show the loaded configuration:
	npx cross-env BABEL_SHOW_CONFIG_FOR=/Users/Ajaya/Documents/TizenGitTVApp/src/components/TopOverlay.jsx <your build command>
See https://babeljs.io/docs/configuration#print-effective-configs for more info.
Though the "loose" option was set to "true" in your @babel/preset-env config, it will not be used for @babel/plugin-transform-private-methods since the "loose" mode option was set to "false" for @babel/plugin-transform-private-property-in-object.
The "loose" option must be the same for @babel/plugin-transform-class-properties, @babel/plugin-transform-private-methods and @babel/plugin-transform-private-property-in-object (when they are enabled): you can silence this warning by explicitly adding
	["@babel/plugin-transform-private-methods", { "loose": false }]
to the "plugins" section of your Babel config.

If you already set the same 'loose' mode for these plugins in your config, it's possible that they are enabled multiple times with different options.
You can re-run Babel with the BABEL_SHOW_CONFIG_FOR environment variable to show the loaded configuration:
	npx cross-env BABEL_SHOW_CONFIG_FOR=/Users/Ajaya/Documents/TizenGitTVApp/src/components/TopOverlay.jsx <your build command>
See https://babeljs.io/docs/configuration#print-effective-configs for more info.
Though the "loose" option was set to "true" in your @babel/preset-env config, it will not be used for @babel/plugin-transform-private-property-in-object since the "loose" mode option was set to "false" for @babel/plugin-transform-class-properties.
The "loose" option must be the same for @babel/plugin-transform-class-properties, @babel/plugin-transform-private-methods and @babel/plugin-transform-private-property-in-object (when they are enabled): you can silence this warning by explicitly adding
	["@babel/plugin-transform-private-property-in-object", { "loose": false }]
to the "plugins" section of your Babel config.

If you already set the same 'loose' mode for these plugins in your config, it's possible that they are enabled multiple times with different options.
You can re-run Babel with the BABEL_SHOW_CONFIG_FOR environment variable to show the loaded configuration:
	npx cross-env BABEL_SHOW_CONFIG_FOR=/Users/Ajaya/Documents/TizenGitTVApp/src/components/SelectionOverlay.jsx <your build command>
See https://babeljs.io/docs/configuration#print-effective-configs for more info.
Though the "loose" option was set to "true" in your @babel/preset-env config, it will not be used for @babel/plugin-transform-private-methods since the "loose" mode option was set to "false" for @babel/plugin-transform-private-property-in-object.
The "loose" option must be the same for @babel/plugin-transform-class-properties, @babel/plugin-transform-private-methods and @babel/plugin-transform-private-property-in-object (when they are enabled): you can silence this warning by explicitly adding
	["@babel/plugin-transform-private-methods", { "loose": false }]
to the "plugins" section of your Babel config.

If you already set the same 'loose' mode for these plugins in your config, it's possible that they are enabled multiple times with different options.
You can re-run Babel with the BABEL_SHOW_CONFIG_FOR environment variable to show the loaded configuration:
	npx cross-env BABEL_SHOW_CONFIG_FOR=/Users/Ajaya/Documents/TizenGitTVApp/src/components/SelectionOverlay.jsx <your build command>
See https://babeljs.io/docs/configuration#print-effective-configs for more info.
Though the "loose" option was set to "true" in your @babel/preset-env config, it will not be used for @babel/plugin-transform-private-property-in-object since the "loose" mode option was set to "false" for @babel/plugin-transform-class-properties.
The "loose" option must be the same for @babel/plugin-transform-class-properties, @babel/plugin-transform-private-methods and @babel/plugin-transform-private-property-in-object (when they are enabled): you can silence this warning by explicitly adding
	["@babel/plugin-transform-private-property-in-object", { "loose": false }]
to the "plugins" section of your Babel config.

If you already set the same 'loose' mode for these plugins in your config, it's possible that they are enabled multiple times with different options.
You can re-run Babel with the BABEL_SHOW_CONFIG_FOR environment variable to show the loaded configuration:
	npx cross-env BABEL_SHOW_CONFIG_FOR=/Users/Ajaya/Documents/TizenGitTVApp/src/components/PlayerOverlay.jsx <your build command>
See https://babeljs.io/docs/configuration#print-effective-configs for more info.
Though the "loose" option was set to "true" in your @babel/preset-env config, it will not be used for @babel/plugin-transform-private-methods since the "loose" mode option was set to "false" for @babel/plugin-transform-private-property-in-object.
The "loose" option must be the same for @babel/plugin-transform-class-properties, @babel/plugin-transform-private-methods and @babel/plugin-transform-private-property-in-object (when they are enabled): you can silence this warning by explicitly adding
	["@babel/plugin-transform-private-methods", { "loose": false }]
to the "plugins" section of your Babel config.

If you already set the same 'loose' mode for these plugins in your config, it's possible that they are enabled multiple times with different options.
You can re-run Babel with the BABEL_SHOW_CONFIG_FOR environment variable to show the loaded configuration:
	npx cross-env BABEL_SHOW_CONFIG_FOR=/Users/Ajaya/Documents/TizenGitTVApp/src/components/PlayerOverlay.jsx <your build command>
See https://babeljs.io/docs/configuration#print-effective-configs for more info.
Hash: [1m9a194873c4b7345dcd77[39m[22m
Version: webpack [1m4.47.0[39m[22m
Time: [1m19599[39m[22mms
Built at: 01/02/2026 [1m5:34:00 PM[39m[22m
                                [1mAsset[39m[22m       [1mSize[39m[22m  [1mChunks[39m[22m  [1m[39m[22m                       [1m[39m[22m       [1mChunk Names[39m[22m
                 [1m[32m17.be88b994.chunk.js[39m[22m  615 bytes      [1m17[39m[22m  [1m[32m[emitted] [immutable][39m[22m         
                 [1m[32m19.c290c611.chunk.js[39m[22m   45.3 KiB      [1m19[39m[22m  [1m[32m[emitted] [immutable][39m[22m         
              [1m[32m19.c290c611.chunk.js.gz[39m[22m   13.7 KiB        [1m[39m[22m  [1m[32m[emitted] [immutable][39m[22m         
                [1m[32m19.f426d984.chunk.css[39m[22m   20.6 KiB      [1m19[39m[22m  [1m[32m[emitted] [immutable][39m[22m         
             [1m[32m19.f426d984.chunk.css.gz[39m[22m   4.99 KiB        [1m[39m[22m  [1m[32m[emitted] [immutable][39m[22m         
                [1m[32m20.0f16fe00.chunk.css[39m[22m    8.6 KiB      [1m20[39m[22m  [1m[32m[emitted] [immutable][39m[22m         
             [1m[32m20.0f16fe00.chunk.css.gz[39m[22m   1.88 KiB        [1m[39m[22m  [1m[32m[emitted] [immutable][39m[22m         
                 [1m[32m20.7cb868c1.chunk.js[39m[22m   1.03 KiB      [1m20[39m[22m  [1m[32m[emitted] [immutable][39m[22m         
                 [1m[32m21.e5fff359.chunk.js[39m[22m   1.19 KiB      [1m21[39m[22m  [1m[32m[emitted] [immutable][39m[22m         
                 [1m[32m22.d924d3fa.chunk.js[39m[22m  126 bytes      [1m22[39m[22m  [1m[32m[emitted] [immutable][39m[22m         
                [1m[32m55.5bd2fb01.chunk.css[39m[22m   9.66 KiB      [1m55[39m[22m  [1m[32m[emitted] [immutable][39m[22m         
             [1m[32m55.5bd2fb01.chunk.css.gz[39m[22m   2.63 KiB        [1m[39m[22m  [1m[32m[emitted] [immutable][39m[22m         
                 [1m[32m55.f33f7589.chunk.js[39m[22m   28.6 KiB      [1m55[39m[22m  [1m[32m[emitted] [immutable][39m[22m         
              [1m[32m55.f33f7589.chunk.js.gz[39m[22m   7.22 KiB        [1m[39m[22m  [1m[32m[emitted] [immutable][39m[22m         
                [1m[32m56.8dcde3b2.chunk.css[39m[22m   12.2 KiB      [1m56[39m[22m  [1m[32m[emitted] [immutable][39m[22m         
             [1m[32m56.8dcde3b2.chunk.css.gz[39m[22m   2.49 KiB        [1m[39m[22m  [1m[32m[emitted] [immutable][39m[22m         
                 [1m[32m56.a661e742.chunk.js[39m[22m   9.78 KiB      [1m56[39m[22m  [1m[32m[emitted] [immutable][39m[22m         
              [1m[32m56.a661e742.chunk.js.gz[39m[22m   2.63 KiB        [1m[39m[22m  [1m[32m[emitted] [immutable][39m[22m         
                 [1m[32m57.5fadcda9.chunk.js[39m[22m   12.5 KiB      [1m57[39m[22m  [1m[32m[emitted] [immutable][39m[22m         
              [1m[32m57.5fadcda9.chunk.js.gz[39m[22m   3.46 KiB        [1m[39m[22m  [1m[32m[emitted] [immutable][39m[22m         
                [1m[32m57.de490e8f.chunk.css[39m[22m   12.8 KiB      [1m57[39m[22m  [1m[32m[emitted] [immutable][39m[22m         
             [1m[32m57.de490e8f.chunk.css.gz[39m[22m   2.37 KiB        [1m[39m[22m  [1m[32m[emitted] [immutable][39m[22m         
                 [1m[32m58.01e96b05.chunk.js[39m[22m   18.2 KiB      [1m58[39m[22m  [1m[32m[emitted] [immutable][39m[22m         
              [1m[32m58.01e96b05.chunk.js.gz[39m[22m   5.74 KiB        [1m[39m[22m  [1m[32m[emitted] [immutable][39m[22m         
                [1m[32m58.150f6697.chunk.css[39m[22m  909 bytes      [1m58[39m[22m  [1m[32m[emitted] [immutable][39m[22m         
                [1m[32m59.48efdea7.chunk.css[39m[22m   12.7 KiB      [1m59[39m[22m  [1m[32m[emitted] [immutable][39m[22m         
             [1m[32m59.48efdea7.chunk.css.gz[39m[22m   2.54 KiB        [1m[39m[22m  [1m[32m[emitted] [immutable][39m[22m         
                 [1m[32m59.bc6eff11.chunk.js[39m[22m   6.22 KiB      [1m59[39m[22m  [1m[32m[emitted] [immutable][39m[22m         
                 [1m[32m60.75ba6dd5.chunk.js[39m[22m   2.14 KiB      [1m60[39m[22m  [1m[32m[emitted] [immutable][39m[22m         
                [1m[32m60.f6fa6666.chunk.css[39m[22m   2.79 KiB      [1m60[39m[22m  [1m[32m[emitted] [immutable][39m[22m         
                 [1m[32m61.5cff808f.chunk.js[39m[22m  716 bytes      [1m61[39m[22m  [1m[32m[emitted] [immutable][39m[22m         
                [1m[32m61.b1ad375f.chunk.css[39m[22m   1.11 KiB      [1m61[39m[22m  [1m[32m[emitted] [immutable][39m[22m         
                [1m[32m62.c52866bc.chunk.css[39m[22m   3.57 KiB      [1m62[39m[22m  [1m[32m[emitted] [immutable][39m[22m         
                 [1m[32m62.c9695649.chunk.js[39m[22m   9.85 KiB      [1m62[39m[22m  [1m[32m[emitted] [immutable][39m[22m         
              [1m[32m62.c9695649.chunk.js.gz[39m[22m    3.2 KiB        [1m[39m[22m  [1m[32m[emitted] [immutable][39m[22m         
                [1m[32m63.eaf88031.chunk.css[39m[22m     19 KiB      [1m63[39m[22m  [1m[32m[emitted] [immutable][39m[22m         
             [1m[32m63.eaf88031.chunk.css.gz[39m[22m   2.93 KiB        [1m[39m[22m  [1m[32m[emitted] [immutable][39m[22m         
                 [1m[32m63.f41b5d87.chunk.js[39m[22m   14.8 KiB      [1m63[39m[22m  [1m[32m[emitted] [immutable][39m[22m         
              [1m[32m63.f41b5d87.chunk.js.gz[39m[22m   3.64 KiB        [1m[39m[22m  [1m[32m[emitted] [immutable][39m[22m         
                 [1m[32m64.72b31905.chunk.js[39m[22m   2.96 KiB      [1m64[39m[22m  [1m[32m[emitted] [immutable][39m[22m         
                [1m[32m64.b26b7e62.chunk.css[39m[22m   6.43 KiB      [1m64[39m[22m  [1m[32m[emitted] [immutable][39m[22m         
                 [1m[32m65.122e2d5b.chunk.js[39m[22m   9.88 KiB      [1m65[39m[22m  [1m[32m[emitted] [immutable][39m[22m         
              [1m[32m65.122e2d5b.chunk.js.gz[39m[22m   2.55 KiB        [1m[39m[22m  [1m[32m[emitted] [immutable][39m[22m         
                [1m[32m65.42bf1f38.chunk.css[39m[22m     15 KiB      [1m65[39m[22m  [1m[32m[emitted] [immutable][39m[22m         
             [1m[32m65.42bf1f38.chunk.css.gz[39m[22m   2.47 KiB        [1m[39m[22m  [1m[32m[emitted] [immutable][39m[22m         
                [1m[32m66.1070e998.chunk.css[39m[22m   33.9 KiB      [1m66[39m[22m  [1m[32m[emitted] [immutable][39m[22m         
             [1m[32m66.1070e998.chunk.css.gz[39m[22m   5.04 KiB        [1m[39m[22m  [1m[32m[emitted] [immutable][39m[22m         
                 [1m[32m66.c868a42e.chunk.js[39m[22m   29.8 KiB      [1m66[39m[22m  [1m[32m[emitted] [immutable][39m[22m         
              [1m[32m66.c868a42e.chunk.js.gz[39m[22m   8.21 KiB        [1m[39m[22m  [1m[32m[emitted] [immutable][39m[22m         
                [1m[32m67.1dbdd618.chunk.css[39m[22m   21.6 KiB      [1m67[39m[22m  [1m[32m[emitted] [immutable][39m[22m         
             [1m[32m67.1dbdd618.chunk.css.gz[39m[22m    3.1 KiB        [1m[39m[22m  [1m[32m[emitted] [immutable][39m[22m         
                 [1m[32m67.cca1c99a.chunk.js[39m[22m     12 KiB      [1m67[39m[22m  [1m[32m[emitted] [immutable][39m[22m         
              [1m[32m67.cca1c99a.chunk.js.gz[39m[22m   3.32 KiB        [1m[39m[22m  [1m[32m[emitted] [immutable][39m[22m         
                [1m[32m68.4a06b8c1.chunk.css[39m[22m   5.96 KiB      [1m68[39m[22m  [1m[32m[emitted] [immutable][39m[22m         
                 [1m[32m68.c2492c37.chunk.js[39m[22m   3.74 KiB      [1m68[39m[22m  [1m[32m[emitted] [immutable][39m[22m         
                 [1m[32m69.3cf51c42.chunk.js[39m[22m   20.8 KiB      [1m69[39m[22m  [1m[32m[emitted] [immutable][39m[22m         
              [1m[32m69.3cf51c42.chunk.js.gz[39m[22m   6.03 KiB        [1m[39m[22m  [1m[32m[emitted] [immutable][39m[22m         
  [1m[32massets/app_logo_splash.48de1c64.png[39m[22m   99.4 KiB        [1m[39m[22m  [1m[32m[emitted] [immutable][39m[22m         
           [1m[32massets/banner.23f975ad.jpg[39m[22m   39.5 KiB        [1m[39m[22m  [1m[32m[emitted] [immutable][39m[22m         
             [1m[32massets/info.7c9bd1bc.png[39m[22m   92.2 KiB        [1m[39m[22m  [1m[32m[emitted] [immutable][39m[22m         
             [1m[32massets/logo.48de1c64.png[39m[22m   99.4 KiB        [1m[39m[22m  [1m[32m[emitted] [immutable][39m[22m         
           [1m[32massets/logout.5adfd478.png[39m[22m   19.7 KiB        [1m[39m[22m  [1m[32m[emitted] [immutable][39m[22m         
   [1m[32massets/panmetro_brand.6fde68d6.png[39m[22m    125 KiB        [1m[39m[22m  [1m[32m[emitted] [immutable][39m[22m         
           [1m[32massets/qrcode.651a738a.png[39m[22m   54.1 KiB        [1m[39m[22m  [1m[32m[emitted] [immutable][39m[22m         
      [1m[32massets/user_icon_2.206c3cad.png[39m[22m     31 KiB        [1m[39m[22m  [1m[32m[emitted] [immutable][39m[22m         
                           [1m[32mindex.html[39m[22m   2.07 KiB        [1m[39m[22m  [1m[32m[emitted][39m[22m                     
      [1m[32mmain~06837ae4.425e3a33.chunk.js[39m[22m   63.4 KiB      [1m23[39m[22m  [1m[32m[emitted] [immutable][39m[22m         main~06837ae4
   [1m[32mmain~06837ae4.425e3a33.chunk.js.gz[39m[22m   15.9 KiB        [1m[39m[22m  [1m[32m[emitted] [immutable][39m[22m         
     [1m[32mmain~06837ae4.4c9ac4db.chunk.css[39m[22m   12.6 KiB      [1m23[39m[22m  [1m[32m[emitted] [immutable][39m[22m         main~06837ae4
  [1m[32mmain~06837ae4.4c9ac4db.chunk.css.gz[39m[22m   3.37 KiB        [1m[39m[22m  [1m[32m[emitted] [immutable][39m[22m         
      [1m[32mmain~5a11b65b.dba38047.chunk.js[39m[22m   61.7 KiB      [1m24[39m[22m  [1m[32m[emitted] [immutable][39m[22m         main~5a11b65b
   [1m[32mmain~5a11b65b.dba38047.chunk.js.gz[39m[22m   13.8 KiB        [1m[39m[22m  [1m[32m[emitted] [immutable][39m[22m         
     [1m[32mmain~5a11b65b.f9007bd3.chunk.css[39m[22m   1.56 KiB      [1m24[39m[22m  [1m[32m[emitted] [immutable][39m[22m         main~5a11b65b
       [1m[32mmui~0425d791.71d9da0c.chunk.js[39m[22m   44.5 KiB      [1m25[39m[22m  [1m[32m[emitted] [immutable][39m[22m         mui~0425d791
    [1m[32mmui~0425d791.71d9da0c.chunk.js.gz[39m[22m     11 KiB        [1m[39m[22m  [1m[32m[emitted] [immutable][39m[22m         
       [1m[32mmui~05186025.540fa6e1.chunk.js[39m[22m   47.5 KiB      [1m26[39m[22m  [1m[32m[emitted] [immutable][39m[22m         mui~05186025
    [1m[32mmui~05186025.540fa6e1.chunk.js.gz[39m[22m   4.05 KiB        [1m[39m[22m  [1m[32m[emitted] [immutable][39m[22m         
       [1m[32mmui~0622de3b.cb0733b1.chunk.js[39m[22m   54.9 KiB      [1m27[39m[22m  [1m[32m[emitted] [immutable][39m[22m         mui~0622de3b
    [1m[32mmui~0622de3b.cb0733b1.chunk.js.gz[39m[22m   11.8 KiB        [1m[39m[22m  [1m[32m[emitted] [immutable][39m[22m         
       [1m[32mmui~06289558.4a2d6eb9.chunk.js[39m[22m   69.4 KiB      [1m28[39m[22m  [1m[32m[emitted] [immutable][39m[22m         mui~06289558
    [1m[32mmui~06289558.4a2d6eb9.chunk.js.gz[39m[22m     15 KiB        [1m[39m[22m  [1m[32m[emitted] [immutable][39m[22m         
       [1m[32mmui~0c6dae4a.8eb8331b.chunk.js[39m[22m   17.7 KiB      [1m29[39m[22m  [1m[32m[emitted] [immutable][39m[22m         mui~0c6dae4a
    [1m[32mmui~0c6dae4a.8eb8331b.chunk.js.gz[39m[22m   5.91 KiB        [1m[39m[22m  [1m[32m[emitted] [immutable][39m[22m         
       [1m[32mmui~1cde2eec.b3225547.chunk.js[39m[22m   44.3 KiB      [1m30[39m[22m  [1m[32m[emitted] [immutable][39m[22m         mui~1cde2eec
    [1m[32mmui~1cde2eec.b3225547.chunk.js.gz[39m[22m   10.5 KiB        [1m[39m[22m  [1m[32m[emitted] [immutable][39m[22m         
       [1m[32mmui~277ac4c9.3009ce7c.chunk.js[39m[22m   43.2 KiB      [1m31[39m[22m  [1m[32m[emitted] [immutable][39m[22m         mui~277ac4c9
    [1m[32mmui~277ac4c9.3009ce7c.chunk.js.gz[39m[22m   10.6 KiB        [1m[39m[22m  [1m[32m[emitted] [immutable][39m[22m         
       [1m[32mmui~443764f8.1eae265e.chunk.js[39m[22m   33.1 KiB      [1m32[39m[22m  [1m[32m[emitted] [immutable][39m[22m         mui~443764f8
    [1m[32mmui~443764f8.1eae265e.chunk.js.gz[39m[22m   5.33 KiB        [1m[39m[22m  [1m[32m[emitted] [immutable][39m[22m         
       [1m[32mmui~46e1f32e.61ed9894.chunk.js[39m[22m   55.2 KiB      [1m33[39m[22m  [1m[32m[emitted] [immutable][39m[22m         mui~46e1f32e
    [1m[32mmui~46e1f32e.61ed9894.chunk.js.gz[39m[22m     12 KiB        [1m[39m[22m  [1m[32m[emitted] [immutable][39m[22m         
       [1m[32mmui~4c14f90b.0ebe5306.chunk.js[39m[22m   44.6 KiB      [1m34[39m[22m  [1m[32m[emitted] [immutable][39m[22m         mui~4c14f90b
    [1m[32mmui~4c14f90b.0ebe5306.chunk.js.gz[39m[22m   10.7 KiB        [1m[39m[22m  [1m[32m[emitted] [immutable][39m[22m         
       [1m[32mmui~5c89e222.ad40bc09.chunk.js[39m[22m   90.2 KiB      [1m35[39m[22m  [1m[32m[emitted] [immutable][39m[22m         mui~5c89e222
    [1m[32mmui~5c89e222.ad40bc09.chunk.js.gz[39m[22m   20.9 KiB        [1m[39m[22m  [1m[32m[emitted] [immutable][39m[22m         
       [1m[32mmui~60b88c48.03148de4.chunk.js[39m[22m   53.4 KiB      [1m36[39m[22m  [1m[32m[emitted] [immutable][39m[22m         mui~60b88c48
    [1m[32mmui~60b88c48.03148de4.chunk.js.gz[39m[22m   15.2 KiB        [1m[39m[22m  [1m[32m[emitted] [immutable][39m[22m         
       [1m[32mmui~63468c5e.f1f37a0d.chunk.js[39m[22m   6.89 KiB      [1m37[39m[22m  [1m[32m[emitted] [immutable][39m[22m         mui~63468c5e
       [1m[32mmui~6bca4df8.39492a8b.chunk.js[39m[22m   61.7 KiB      [1m38[39m[22m  [1m[32m[emitted] [immutable][39m[22m         mui~6bca4df8
    [1m[32mmui~6bca4df8.39492a8b.chunk.js.gz[39m[22m   12.8 KiB        [1m[39m[22m  [1m[32m[emitted] [immutable][39m[22m         
       [1m[32mmui~7a019c31.f7022697.chunk.js[39m[22m   12.3 KiB      [1m39[39m[22m  [1m[32m[emitted] [immutable][39m[22m         mui~7a019c31
    [1m[32mmui~7a019c31.f7022697.chunk.js.gz[39m[22m   3.39 KiB        [1m[39m[22m  [1m[32m[emitted] [immutable][39m[22m         
       [1m[32mmui~7a993164.f6ba05e7.chunk.js[39m[22m   39.8 KiB      [1m40[39m[22m  [1m[32m[emitted] [immutable][39m[22m         mui~7a993164
    [1m[32mmui~7a993164.f6ba05e7.chunk.js.gz[39m[22m   9.82 KiB        [1m[39m[22m  [1m[32m[emitted] [immutable][39m[22m         
       [1m[32mmui~7bd64bef.a4c3ccf6.chunk.js[39m[22m   44.5 KiB      [1m41[39m[22m  [1m[32m[emitted] [immutable][39m[22m         mui~7bd64bef
    [1m[32mmui~7bd64bef.a4c3ccf6.chunk.js.gz[39m[22m   10.6 KiB        [1m[39m[22m  [1m[32m[emitted] [immutable][39m[22m         
       [1m[32mmui~9160205b.09b6ef02.chunk.js[39m[22m     66 KiB      [1m42[39m[22m  [1m[32m[emitted] [immutable][39m[22m         mui~9160205b
    [1m[32mmui~9160205b.09b6ef02.chunk.js.gz[39m[22m   16.5 KiB        [1m[39m[22m  [1m[32m[emitted] [immutable][39m[22m         
       [1m[32mmui~921294fc.08ade5ea.chunk.js[39m[22m   9.96 KiB      [1m43[39m[22m  [1m[32m[emitted] [immutable][39m[22m         mui~921294fc
    [1m[32mmui~921294fc.08ade5ea.chunk.js.gz[39m[22m   2.77 KiB        [1m[39m[22m  [1m[32m[emitted] [immutable][39m[22m         
       [1m[32mmui~9a53c7f8.0f272254.chunk.js[39m[22m   34.6 KiB      [1m44[39m[22m  [1m[32m[emitted] [immutable][39m[22m         mui~9a53c7f8
    [1m[32mmui~9a53c7f8.0f272254.chunk.js.gz[39m[22m   6.53 KiB        [1m[39m[22m  [1m[32m[emitted] [immutable][39m[22m         
       [1m[32mmui~9c2b1dff.0e28d242.chunk.js[39m[22m   8.65 KiB      [1m45[39m[22m  [1m[32m[emitted] [immutable][39m[22m         mui~9c2b1dff
    [1m[32mmui~9c2b1dff.0e28d242.chunk.js.gz[39m[22m   2.39 KiB        [1m[39m[22m  [1m[32m[emitted] [immutable][39m[22m         
       [1m[32mmui~9d22d237.43c9f18d.chunk.js[39m[22m   49.4 KiB      [1m46[39m[22m  [1m[32m[emitted] [immutable][39m[22m         mui~9d22d237
    [1m[32mmui~9d22d237.43c9f18d.chunk.js.gz[39m[22m   10.9 KiB        [1m[39m[22m  [1m[32m[emitted] [immutable][39m[22m         
       [1m[32mmui~af387aad.f80707c5.chunk.js[39m[22m   71.8 KiB      [1m47[39m[22m  [1m[32m[emitted] [immutable][39m[22m         mui~af387aad
    [1m[32mmui~af387aad.f80707c5.chunk.js.gz[39m[22m   14.8 KiB        [1m[39m[22m  [1m[32m[emitted] [immutable][39m[22m         
       [1m[32mmui~ec8decfd.980444ce.chunk.js[39m[22m   36.5 KiB      [1m48[39m[22m  [1m[32m[emitted] [immutable][39m[22m         mui~ec8decfd
    [1m[32mmui~ec8decfd.980444ce.chunk.js.gz[39m[22m   7.26 KiB        [1m[39m[22m  [1m[32m[emitted] [immutable][39m[22m         
       [1m[32mmui~f7ea3ca6.b8703eab.chunk.js[39m[22m     14 KiB      [1m49[39m[22m  [1m[32m[emitted] [immutable][39m[22m         mui~f7ea3ca6
    [1m[32mmui~f7ea3ca6.b8703eab.chunk.js.gz[39m[22m   3.72 KiB        [1m[39m[22m  [1m[32m[emitted] [immutable][39m[22m         
       [1m[32mmui~f864b7c7.a6645fc5.chunk.js[39m[22m   25.8 KiB      [1m50[39m[22m  [1m[32m[emitted] [immutable][39m[22m         mui~f864b7c7
    [1m[32mmui~f864b7c7.a6645fc5.chunk.js.gz[39m[22m      7 KiB        [1m[39m[22m  [1m[32m[emitted] [immutable][39m[22m         
     [1m[32mreact~678f84af.d287ae09.chunk.js[39m[22m     15 KiB      [1m51[39m[22m  [1m[32m[emitted] [immutable][39m[22m         react~678f84af
  [1m[32mreact~678f84af.d287ae09.chunk.js.gz[39m[22m   5.23 KiB        [1m[39m[22m  [1m[32m[emitted] [immutable][39m[22m         
     [1m[32mreact~e82be95b.2533c2b8.chunk.js[39m[22m    165 KiB      [1m52[39m[22m  [1m[32m[emitted] [immutable][39m[22m         react~e82be95b
  [1m[32mreact~e82be95b.2533c2b8.chunk.js.gz[39m[22m   51.7 KiB        [1m[39m[22m  [1m[32m[emitted] [immutable][39m[22m         
    [1m[32mrouter~44621dc8.eff9b665.chunk.js[39m[22m   47.2 KiB      [1m53[39m[22m  [1m[32m[emitted] [immutable][39m[22m         router~44621dc8
 [1m[32mrouter~44621dc8.eff9b665.chunk.js.gz[39m[22m   12.3 KiB        [1m[39m[22m  [1m[32m[emitted] [immutable][39m[22m         
                  [1m[32mruntime.fad70089.js[39m[22m   5.34 KiB      [1m54[39m[22m  [1m[32m[emitted] [immutable][39m[22m         runtime
     [1m[33mshaka~2e673206.35c500d2.chunk.js[39m[22m    [1m[33m730 KiB[39m[22m      [1m18[39m[22m  [1m[32m[emitted] [immutable][39m[22m  [1m[33m[big][39m[22m  shaka~2e673206
  [1m[32mshaka~2e673206.35c500d2.chunk.js.gz[39m[22m    229 KiB        [1m[39m[22m  [1m[32m[emitted] [immutable][39m[22m         
   [1m[32mvendors~03219963.a7273ed5.chunk.js[39m[22m   19.4 KiB       [1m0[39m[22m  [1m[32m[emitted] [immutable][39m[22m         vendors~03219963
[1m[32mvendors~03219963.a7273ed5.chunk.js.gz[39m[22m   7.01 KiB        [1m[39m[22m  [1m[32m[emitted] [immutable][39m[22m         
   [1m[32mvendors~253ae210.58c9a8ae.chunk.js[39m[22m   60.8 KiB       [1m1[39m[22m  [1m[32m[emitted] [immutable][39m[22m         vendors~253ae210
[1m[32mvendors~253ae210.58c9a8ae.chunk.js.gz[39m[22m   6.69 KiB        [1m[39m[22m  [1m[32m[emitted] [immutable][39m[22m         
   [1m[32mvendors~2e7d8596.af36bd2e.chunk.js[39m[22m   31.2 KiB       [1m2[39m[22m  [1m[32m[emitted] [immutable][39m[22m         vendors~2e7d8596
[1m[32mvendors~2e7d8596.af36bd2e.chunk.js.gz[39m[22m   11.4 KiB        [1m[39m[22m  [1m[32m[emitted] [immutable][39m[22m         
   [1m[32mvendors~61ace190.adc4d06e.chunk.js[39m[22m   14.2 KiB       [1m3[39m[22m  [1m[32m[emitted] [immutable][39m[22m         vendors~61ace190
[1m[32mvendors~61ace190.adc4d06e.chunk.js.gz[39m[22m   3.78 KiB        [1m[39m[22m  [1m[32m[emitted] [immutable][39m[22m         
   [1m[32mvendors~65967d20.ba4c1e53.chunk.js[39m[22m   12.3 KiB       [1m4[39m[22m  [1m[32m[emitted] [immutable][39m[22m         vendors~65967d20
[1m[32mvendors~65967d20.ba4c1e53.chunk.js.gz[39m[22m   3.21 KiB        [1m[39m[22m  [1m[32m[emitted] [immutable][39m[22m         
   [1m[32mvendors~6c77c6b5.2834c7df.chunk.js[39m[22m   19.4 KiB       [1m5[39m[22m  [1m[32m[emitted] [immutable][39m[22m         vendors~6c77c6b5
[1m[32mvendors~6c77c6b5.2834c7df.chunk.js.gz[39m[22m   5.69 KiB        [1m[39m[22m  [1m[32m[emitted] [immutable][39m[22m         
   [1m[32mvendors~7d359b94.4211ad6b.chunk.js[39m[22m   72.2 KiB       [1m6[39m[22m  [1m[32m[emitted] [immutable][39m[22m         vendors~7d359b94
[1m[32mvendors~7d359b94.4211ad6b.chunk.js.gz[39m[22m   22.9 KiB        [1m[39m[22m  [1m[32m[emitted] [immutable][39m[22m         
   [1m[32mvendors~961813fd.030d9312.chunk.js[39m[22m   49.5 KiB       [1m7[39m[22m  [1m[32m[emitted] [immutable][39m[22m         vendors~961813fd
[1m[32mvendors~961813fd.030d9312.chunk.js.gz[39m[22m   11.1 KiB        [1m[39m[22m  [1m[32m[emitted] [immutable][39m[22m         
   [1m[32mvendors~987e6011.06421215.chunk.js[39m[22m     38 KiB       [1m8[39m[22m  [1m[32m[emitted] [immutable][39m[22m         vendors~987e6011
[1m[32mvendors~987e6011.06421215.chunk.js.gz[39m[22m   12.1 KiB        [1m[39m[22m  [1m[32m[emitted] [immutable][39m[22m         
   [1m[32mvendors~99af934a.5aa2ee4d.chunk.js[39m[22m   59.4 KiB       [1m9[39m[22m  [1m[32m[emitted] [immutable][39m[22m         vendors~99af934a
[1m[32mvendors~99af934a.5aa2ee4d.chunk.js.gz[39m[22m   20.2 KiB        [1m[39m[22m  [1m[32m[emitted] [immutable][39m[22m         
   [1m[32mvendors~b4e9eb06.137283cc.chunk.js[39m[22m   18.4 KiB      [1m10[39m[22m  [1m[32m[emitted] [immutable][39m[22m         vendors~b4e9eb06
[1m[32mvendors~b4e9eb06.137283cc.chunk.js.gz[39m[22m   6.88 KiB        [1m[39m[22m  [1m[32m[emitted] [immutable][39m[22m         
   [1m[32mvendors~c11c34ec.74118059.chunk.js[39m[22m   60.6 KiB      [1m11[39m[22m  [1m[32m[emitted] [immutable][39m[22m         vendors~c11c34ec
[1m[32mvendors~c11c34ec.74118059.chunk.js.gz[39m[22m   18.4 KiB        [1m[39m[22m  [1m[32m[emitted] [immutable][39m[22m         
   [1m[32mvendors~c3463627.2775e57f.chunk.js[39m[22m   57.2 KiB      [1m12[39m[22m  [1m[32m[emitted] [immutable][39m[22m         vendors~c3463627
[1m[32mvendors~c3463627.2775e57f.chunk.js.gz[39m[22m   18.8 KiB        [1m[39m[22m  [1m[32m[emitted] [immutable][39m[22m         
   [1m[32mvendors~cbb91c80.26e7b384.chunk.js[39m[22m   90.9 KiB      [1m13[39m[22m  [1m[32m[emitted] [immutable][39m[22m         vendors~cbb91c80
[1m[32mvendors~cbb91c80.26e7b384.chunk.js.gz[39m[22m   17.1 KiB        [1m[39m[22m  [1m[32m[emitted] [immutable][39m[22m         
   [1m[32mvendors~d939e436.6361c32a.chunk.js[39m[22m   8.45 KiB      [1m14[39m[22m  [1m[32m[emitted] [immutable][39m[22m         vendors~d939e436
[1m[32mvendors~d939e436.6361c32a.chunk.js.gz[39m[22m   3.33 KiB        [1m[39m[22m  [1m[32m[emitted] [immutable][39m[22m         
   [1m[32mvendors~d9f352e0.2a7eee66.chunk.js[39m[22m   16.7 KiB      [1m15[39m[22m  [1m[32m[emitted] [immutable][39m[22m         vendors~d9f352e0
[1m[32mvendors~d9f352e0.2a7eee66.chunk.js.gz[39m[22m   4.42 KiB        [1m[39m[22m  [1m[32m[emitted] [immutable][39m[22m         
   [1m[32mvendors~f3c5e837.9319d37c.chunk.js[39m[22m   9.23 KiB      [1m16[39m[22m  [1m[32m[emitted] [immutable][39m[22m         vendors~f3c5e837
[1m[32mvendors~f3c5e837.9319d37c.chunk.js.gz[39m[22m    2.6 KiB        [1m[39m[22m  [1m[32m[emitted] [immutable][39m[22m         
Entrypoint [1mmain[39m[22m [1m[33m[big][39m[22m = [1m[32mruntime.fad70089.js[39m[22m [1m[32mreact~678f84af.d287ae09.chunk.js[39m[22m [1m[32mreact~e82be95b.2533c2b8.chunk.js[39m[22m [1m[32mrouter~44621dc8.eff9b665.chunk.js[39m[22m [1m[32mvendors~253ae210.58c9a8ae.chunk.js[39m[22m [1m[32mvendors~d9f352e0.2a7eee66.chunk.js[39m[22m [1m[32mvendors~03219963.a7273ed5.chunk.js[39m[22m [1m[32mvendors~c3463627.2775e57f.chunk.js[39m[22m [1m[32mvendors~61ace190.adc4d06e.chunk.js[39m[22m [1m[32mvendors~cbb91c80.26e7b384.chunk.js[39m[22m [1m[32mvendors~f3c5e837.9319d37c.chunk.js[39m[22m [1m[32mvendors~65967d20.ba4c1e53.chunk.js[39m[22m [1m[32mvendors~6c77c6b5.2834c7df.chunk.js[39m[22m [1m[32mvendors~d939e436.6361c32a.chunk.js[39m[22m [1m[32mvendors~99af934a.5aa2ee4d.chunk.js[39m[22m [1m[32mvendors~987e6011.06421215.chunk.js[39m[22m [1m[32mvendors~b4e9eb06.137283cc.chunk.js[39m[22m [1m[32mvendors~c11c34ec.74118059.chunk.js[39m[22m [1m[32mvendors~2e7d8596.af36bd2e.chunk.js[39m[22m [1m[32mvendors~961813fd.030d9312.chunk.js[39m[22m [1m[32mvendors~7d359b94.4211ad6b.chunk.js[39m[22m [1m[32mmain~06837ae4.4c9ac4db.chunk.css[39m[22m [1m[32mmain~06837ae4.425e3a33.chunk.js[39m[22m [1m[32mmain~5a11b65b.f9007bd3.chunk.css[39m[22m [1m[32mmain~5a11b65b.dba38047.chunk.js[39m[22m
chunk    {[1m[33m0[39m[22m} [1m[32mvendors~03219963.a7273ed5.chunk.js[39m[22m (vendors~03219963) 58.3 KiB <{[1m[33m0[39m[22m}> <{[1m[33m1[39m[22m}> <{[1m[33m2[39m[22m}> <{[1m[33m3[39m[22m}> <{[1m[33m4[39m[22m}> <{[1m[33m5[39m[22m}> <{[1m[33m6[39m[22m}> <{[1m[33m7[39m[22m}> <{[1m[33m8[39m[22m}> <{[1m[33m9[39m[22m}> <{[1m[33m10[39m[22m}> <{[1m[33m11[39m[22m}> <{[1m[33m12[39m[22m}> <{[1m[33m13[39m[22m}> <{[1m[33m14[39m[22m}> <{[1m[33m15[39m[22m}> <{[1m[33m16[39m[22m}> <{[1m[33m23[39m[22m}> <{[1m[33m24[39m[22m}> <{[1m[33m51[39m[22m}> <{[1m[33m52[39m[22m}> <{[1m[33m53[39m[22m}> <{[1m[33m54[39m[22m}> ={[1m[33m1[39m[22m}= ={[1m[33m2[39m[22m}= ={[1m[33m3[39m[22m}= ={[1m[33m4[39m[22m}= ={[1m[33m5[39m[22m}= ={[1m[33m6[39m[22m}= ={[1m[33m7[39m[22m}= ={[1m[33m8[39m[22m}= ={[1m[33m9[39m[22m}= ={[1m[33m10[39m[22m}= ={[1m[33m11[39m[22m}= ={[1m[33m12[39m[22m}= ={[1m[33m13[39m[22m}= ={[1m[33m14[39m[22m}= ={[1m[33m15[39m[22m}= ={[1m[33m16[39m[22m}= ={[1m[33m17[39m[22m}= ={[1m[33m18[39m[22m}= ={[1m[33m19[39m[22m}= ={[1m[33m20[39m[22m}= ={[1m[33m21[39m[22m}= ={[1m[33m22[39m[22m}= ={[1m[33m23[39m[22m}= ={[1m[33m24[39m[22m}= ={[1m[33m25[39m[22m}= ={[1m[33m26[39m[22m}= ={[1m[33m27[39m[22m}= ={[1m[33m28[39m[22m}= ={[1m[33m29[39m[22m}= ={[1m[33m30[39m[22m}= ={[1m[33m31[39m[22m}= ={[1m[33m32[39m[22m}= ={[1m[33m33[39m[22m}= ={[1m[33m34[39m[22m}= ={[1m[33m35[39m[22m}= ={[1m[33m36[39m[22m}= ={[1m[33m37[39m[22m}= ={[1m[33m38[39m[22m}= ={[1m[33m39[39m[22m}= ={[1m[33m40[39m[22m}= ={[1m[33m41[39m[22m}= ={[1m[33m42[39m[22m}= ={[1m[33m43[39m[22m}= ={[1m[33m44[39m[22m}= ={[1m[33m45[39m[22m}= ={[1m[33m46[39m[22m}= ={[1m[33m47[39m[22m}= ={[1m[33m48[39m[22m}= ={[1m[33m49[39m[22m}= ={[1m[33m50[39m[22m}= ={[1m[33m51[39m[22m}= ={[1m[33m52[39m[22m}= ={[1m[33m53[39m[22m}= ={[1m[33m54[39m[22m}= ={[1m[33m55[39m[22m}= ={[1m[33m57[39m[22m}= ={[1m[33m58[39m[22m}= ={[1m[33m62[39m[22m}= ={[1m[33m67[39m[22m}= ={[1m[33m69[39m[22m}= >{[1m[33m0[39m[22m}< >{[1m[33m1[39m[22m}< >{[1m[33m2[39m[22m}< >{[1m[33m3[39m[22m}< >{[1m[33m4[39m[22m}< >{[1m[33m5[39m[22m}< >{[1m[33m6[39m[22m}< >{[1m[33m7[39m[22m}< >{[1m[33m8[39m[22m}< >{[1m[33m9[39m[22m}< >{[1m[33m10[39m[22m}< >{[1m[33m11[39m[22m}< >{[1m[33m12[39m[22m}< >{[1m[33m13[39m[22m}< >{[1m[33m14[39m[22m}< >{[1m[33m15[39m[22m}< >{[1m[33m16[39m[22m}< >{[1m[33m17[39m[22m}< >{[1m[33m18[39m[22m}< >{[1m[33m19[39m[22m}< >{[1m[33m20[39m[22m}< >{[1m[33m21[39m[22m}< >{[1m[33m22[39m[22m}< >{[1m[33m25[39m[22m}< >{[1m[33m26[39m[22m}< >{[1m[33m27[39m[22m}< >{[1m[33m28[39m[22m}< >{[1m[33m29[39m[22m}< >{[1m[33m30[39m[22m}< >{[1m[33m31[39m[22m}< >{[1m[33m32[39m[22m}< >{[1m[33m33[39m[22m}< >{[1m[33m34[39m[22m}< >{[1m[33m35[39m[22m}< >{[1m[33m36[39m[22m}< >{[1m[33m37[39m[22m}< >{[1m[33m38[39m[22m}< >{[1m[33m39[39m[22m}< >{[1m[33m40[39m[22m}< >{[1m[33m41[39m[22m}< >{[1m[33m42[39m[22m}< >{[1m[33m43[39m[22m}< >{[1m[33m44[39m[22m}< >{[1m[33m45[39m[22m}< >{[1m[33m46[39m[22m}< >{[1m[33m47[39m[22m}< >{[1m[33m48[39m[22m}< >{[1m[33m49[39m[22m}< >{[1m[33m50[39m[22m}< >{[1m[33m55[39m[22m}< >{[1m[33m56[39m[22m}< >{[1m[33m57[39m[22m}< >{[1m[33m58[39m[22m}< >{[1m[33m59[39m[22m}< >{[1m[33m60[39m[22m}< >{[1m[33m61[39m[22m}< >{[1m[33m62[39m[22m}< >{[1m[33m63[39m[22m}< >{[1m[33m64[39m[22m}< >{[1m[33m65[39m[22m}< >{[1m[33m66[39m[22m}< >{[1m[33m67[39m[22m}< >{[1m[33m68[39m[22m}< >{[1m[33m69[39m[22m}<[1m[33m [initial][39m[22m[1m[32m [rendered][39m[22m[1m[33m split chunk (cache group: vendor) (name: vendors)[39m[22m
 [802] [1m./node_modules/@popperjs/core/dist/cjs/popper.js[39m[22m 58.3 KiB {[1m[33m0[39m[22m}[1m[32m [built][39m[22m
chunk    {[1m[33m1[39m[22m} [1m[32mvendors~253ae210.58c9a8ae.chunk.js[39m[22m (vendors~253ae210) 133 KiB <{[1m[33m0[39m[22m}> <{[1m[33m1[39m[22m}> <{[1m[33m2[39m[22m}> <{[1m[33m3[39m[22m}> <{[1m[33m4[39m[22m}> <{[1m[33m5[39m[22m}> <{[1m[33m6[39m[22m}> <{[1m[33m7[39m[22m}> <{[1m[33m8[39m[22m}> <{[1m[33m9[39m[22m}> <{[1m[33m10[39m[22m}> <{[1m[33m11[39m[22m}> <{[1m[33m12[39m[22m}> <{[1m[33m13[39m[22m}> <{[1m[33m14[39m[22m}> <{[1m[33m15[39m[22m}> <{[1m[33m16[39m[22m}> <{[1m[33m23[39m[22m}> <{[1m[33m24[39m[22m}> <{[1m[33m51[39m[22m}> <{[1m[33m52[39m[22m}> <{[1m[33m53[39m[22m}> <{[1m[33m54[39m[22m}> ={[1m[33m0[39m[22m}= ={[1m[33m2[39m[22m}= ={[1m[33m3[39m[22m}= ={[1m[33m4[39m[22m}= ={[1m[33m5[39m[22m}= ={[1m[33m6[39m[22m}= ={[1m[33m7[39m[22m}= ={[1m[33m8[39m[22m}= ={[1m[33m9[39m[22m}= ={[1m[33m10[39m[22m}= ={[1m[33m11[39m[22m}= ={[1m[33m12[39m[22m}= ={[1m[33m13[39m[22m}= ={[1m[33m14[39m[22m}= ={[1m[33m15[39m[22m}= ={[1m[33m16[39m[22m}= ={[1m[33m17[39m[22m}= ={[1m[33m18[39m[22m}= ={[1m[33m19[39m[22m}= ={[1m[33m20[39m[22m}= ={[1m[33m21[39m[22m}= ={[1m[33m22[39m[22m}= ={[1m[33m23[39m[22m}= ={[1m[33m24[39m[22m}= ={[1m[33m25[39m[22m}= ={[1m[33m26[39m[22m}= ={[1m[33m27[39m[22m}= ={[1m[33m28[39m[22m}= ={[1m[33m29[39m[22m}= ={[1m[33m30[39m[22m}= ={[1m[33m31[39m[22m}= ={[1m[33m32[39m[22m}= ={[1m[33m33[39m[22m}= ={[1m[33m34[39m[22m}= ={[1m[33m35[39m[22m}= ={[1m[33m36[39m[22m}= ={[1m[33m37[39m[22m}= ={[1m[33m38[39m[22m}= ={[1m[33m39[39m[22m}= ={[1m[33m40[39m[22m}= ={[1m[33m41[39m[22m}= ={[1m[33m42[39m[22m}= ={[1m[33m43[39m[22m}= ={[1m[33m44[39m[22m}= ={[1m[33m45[39m[22m}= ={[1m[33m46[39m[22m}= ={[1m[33m47[39m[22m}= ={[1m[33m48[39m[22m}= ={[1m[33m49[39m[22m}= ={[1m[33m50[39m[22m}= ={[1m[33m51[39m[22m}= ={[1m[33m52[39m[22m}= ={[1m[33m53[39m[22m}= ={[1m[33m54[39m[22m}= ={[1m[33m55[39m[22m}= ={[1m[33m57[39m[22m}= ={[1m[33m58[39m[22m}= ={[1m[33m62[39m[22m}= ={[1m[33m67[39m[22m}= ={[1m[33m69[39m[22m}= >{[1m[33m0[39m[22m}< >{[1m[33m1[39m[22m}< >{[1m[33m2[39m[22m}< >{[1m[33m3[39m[22m}< >{[1m[33m4[39m[22m}< >{[1m[33m5[39m[22m}< >{[1m[33m6[39m[22m}< >{[1m[33m7[39m[22m}< >{[1m[33m8[39m[22m}< >{[1m[33m9[39m[22m}< >{[1m[33m10[39m[22m}< >{[1m[33m11[39m[22m}< >{[1m[33m12[39m[22m}< >{[1m[33m13[39m[22m}< >{[1m[33m14[39m[22m}< >{[1m[33m15[39m[22m}< >{[1m[33m16[39m[22m}< >{[1m[33m17[39m[22m}< >{[1m[33m18[39m[22m}< >{[1m[33m19[39m[22m}< >{[1m[33m20[39m[22m}< >{[1m[33m21[39m[22m}< >{[1m[33m22[39m[22m}< >{[1m[33m25[39m[22m}< >{[1m[33m26[39m[22m}< >{[1m[33m27[39m[22m}< >{[1m[33m28[39m[22m}< >{[1m[33m29[39m[22m}< >{[1m[33m30[39m[22m}< >{[1m[33m31[39m[22m}< >{[1m[33m32[39m[22m}< >{[1m[33m33[39m[22m}< >{[1m[33m34[39m[22m}< >{[1m[33m35[39m[22m}< >{[1m[33m36[39m[22m}< >{[1m[33m37[39m[22m}< >{[1m[33m38[39m[22m}< >{[1m[33m39[39m[22m}< >{[1m[33m40[39m[22m}< >{[1m[33m41[39m[22m}< >{[1m[33m42[39m[22m}< >{[1m[33m43[39m[22m}< >{[1m[33m44[39m[22m}< >{[1m[33m45[39m[22m}< >{[1m[33m46[39m[22m}< >{[1m[33m47[39m[22m}< >{[1m[33m48[39m[22m}< >{[1m[33m49[39m[22m}< >{[1m[33m50[39m[22m}< >{[1m[33m55[39m[22m}< >{[1m[33m56[39m[22m}< >{[1m[33m57[39m[22m}< >{[1m[33m58[39m[22m}< >{[1m[33m59[39m[22m}< >{[1m[33m60[39m[22m}< >{[1m[33m61[39m[22m}< >{[1m[33m62[39m[22m}< >{[1m[33m63[39m[22m}< >{[1m[33m64[39m[22m}< >{[1m[33m65[39m[22m}< >{[1m[33m66[39m[22m}< >{[1m[33m67[39m[22m}< >{[1m[33m68[39m[22m}< >{[1m[33m69[39m[22m}<[1m[33m [initial][39m[22m[1m[32m [rendered][39m[22m[1m[33m split chunk (cache group: vendor) (name: vendors)[39m[22m
  [95] [1m./node_modules/@tanstack/react-query/build/legacy/index.cjs[39m[22m 10.3 KiB {[1m[33m1[39m[22m}[1m[32m [built][39m[22m
 [106] [1m./node_modules/@tanstack/react-query/build/legacy/QueryClientProvider.cjs[39m[22m 5.7 KiB {[1m[33m1[39m[22m}[1m[32m [built][39m[22m
 [270] [1m./node_modules/@tanstack/react-query/build/legacy/IsRestoringProvider.cjs[39m[22m 4.8 KiB {[1m[33m1[39m[22m}[1m[32m [built][39m[22m
 [271] [1m./node_modules/@tanstack/react-query/build/legacy/QueryErrorResetBoundary.cjs[39m[22m 6 KiB {[1m[33m1[39m[22m}[1m[32m [built][39m[22m
 [396] [1m./node_modules/@tanstack/react-query/build/legacy/useQueries.cjs[39m[22m 9.11 KiB {[1m[33m1[39m[22m}[1m[32m [built][39m[22m
 [747] [1m./node_modules/@tanstack/react-query/build/legacy/types.cjs[39m[22m 3.15 KiB {[1m[33m1[39m[22m}[1m[32m [built][39m[22m
 [749] [1m./node_modules/@tanstack/react-query/build/legacy/useQuery.cjs[39m[22m 3.86 KiB {[1m[33m1[39m[22m}[1m[32m [built][39m[22m
 [750] [1m./node_modules/@tanstack/react-query/build/legacy/useSuspenseQuery.cjs[39m[22m 5.24 KiB {[1m[33m1[39m[22m}[1m[32m [built][39m[22m
 [751] [1m./node_modules/@tanstack/react-query/build/legacy/useSuspenseInfiniteQuery.cjs[39m[22m 5.31 KiB {[1m[33m1[39m[22m}[1m[32m [built][39m[22m
 [752] [1m./node_modules/@tanstack/react-query/build/legacy/useSuspenseQueries.cjs[39m[22m 5.49 KiB {[1m[33m1[39m[22m}[1m[32m [built][39m[22m
 [753] [1m./node_modules/@tanstack/react-query/build/legacy/usePrefetchQuery.cjs[39m[22m 3.94 KiB {[1m[33m1[39m[22m}[1m[32m [built][39m[22m
 [754] [1m./node_modules/@tanstack/react-query/build/legacy/usePrefetchInfiniteQuery.cjs[39m[22m 4.03 KiB {[1m[33m1[39m[22m}[1m[32m [built][39m[22m
 [755] [1m./node_modules/@tanstack/react-query/build/legacy/queryOptions.cjs[39m[22m 3.68 KiB {[1m[33m1[39m[22m}[1m[32m [built][39m[22m
 [756] [1m./node_modules/@tanstack/react-query/build/legacy/infiniteQueryOptions.cjs[39m[22m 3.75 KiB {[1m[33m1[39m[22m}[1m[32m [built][39m[22m
 [757] [1m./node_modules/@tanstack/react-query/build/legacy/HydrationBoundary.cjs[39m[22m 6.8 KiB {[1m[33m1[39m[22m}[1m[32m [built][39m[22m
     + 9 hidden modules
chunk    {[1m[33m2[39m[22m} [1m[32mvendors~2e7d8596.af36bd2e.chunk.js[39m[22m (vendors~2e7d8596) 97.9 KiB <{[1m[33m0[39m[22m}> <{[1m[33m1[39m[22m}> <{[1m[33m2[39m[22m}> <{[1m[33m3[39m[22m}> <{[1m[33m4[39m[22m}> <{[1m[33m5[39m[22m}> <{[1m[33m6[39m[22m}> <{[1m[33m7[39m[22m}> <{[1m[33m8[39m[22m}> <{[1m[33m9[39m[22m}> <{[1m[33m10[39m[22m}> <{[1m[33m11[39m[22m}> <{[1m[33m12[39m[22m}> <{[1m[33m13[39m[22m}> <{[1m[33m14[39m[22m}> <{[1m[33m15[39m[22m}> <{[1m[33m16[39m[22m}> <{[1m[33m23[39m[22m}> <{[1m[33m24[39m[22m}> <{[1m[33m51[39m[22m}> <{[1m[33m52[39m[22m}> <{[1m[33m53[39m[22m}> <{[1m[33m54[39m[22m}> ={[1m[33m0[39m[22m}= ={[1m[33m1[39m[22m}= ={[1m[33m3[39m[22m}= ={[1m[33m4[39m[22m}= ={[1m[33m5[39m[22m}= ={[1m[33m6[39m[22m}= ={[1m[33m7[39m[22m}= ={[1m[33m8[39m[22m}= ={[1m[33m9[39m[22m}= ={[1m[33m10[39m[22m}= ={[1m[33m11[39m[22m}= ={[1m[33m12[39m[22m}= ={[1m[33m13[39m[22m}= ={[1m[33m14[39m[22m}= ={[1m[33m15[39m[22m}= ={[1m[33m16[39m[22m}= ={[1m[33m17[39m[22m}= ={[1m[33m18[39m[22m}= ={[1m[33m19[39m[22m}= ={[1m[33m20[39m[22m}= ={[1m[33m21[39m[22m}= ={[1m[33m22[39m[22m}= ={[1m[33m23[39m[22m}= ={[1m[33m24[39m[22m}= ={[1m[33m25[39m[22m}= ={[1m[33m26[39m[22m}= ={[1m[33m27[39m[22m}= ={[1m[33m28[39m[22m}= ={[1m[33m29[39m[22m}= ={[1m[33m30[39m[22m}= ={[1m[33m31[39m[22m}= ={[1m[33m32[39m[22m}= ={[1m[33m33[39m[22m}= ={[1m[33m34[39m[22m}= ={[1m[33m35[39m[22m}= ={[1m[33m36[39m[22m}= ={[1m[33m37[39m[22m}= ={[1m[33m38[39m[22m}= ={[1m[33m39[39m[22m}= ={[1m[33m40[39m[22m}= ={[1m[33m41[39m[22m}= ={[1m[33m42[39m[22m}= ={[1m[33m43[39m[22m}= ={[1m[33m44[39m[22m}= ={[1m[33m45[39m[22m}= ={[1m[33m46[39m[22m}= ={[1m[33m47[39m[22m}= ={[1m[33m48[39m[22m}= ={[1m[33m49[39m[22m}= ={[1m[33m50[39m[22m}= ={[1m[33m51[39m[22m}= ={[1m[33m52[39m[22m}= ={[1m[33m53[39m[22m}= ={[1m[33m54[39m[22m}= ={[1m[33m55[39m[22m}= ={[1m[33m57[39m[22m}= ={[1m[33m58[39m[22m}= ={[1m[33m62[39m[22m}= ={[1m[33m67[39m[22m}= ={[1m[33m69[39m[22m}= >{[1m[33m0[39m[22m}< >{[1m[33m1[39m[22m}< >{[1m[33m2[39m[22m}< >{[1m[33m3[39m[22m}< >{[1m[33m4[39m[22m}< >{[1m[33m5[39m[22m}< >{[1m[33m6[39m[22m}< >{[1m[33m7[39m[22m}< >{[1m[33m8[39m[22m}< >{[1m[33m9[39m[22m}< >{[1m[33m10[39m[22m}< >{[1m[33m11[39m[22m}< >{[1m[33m12[39m[22m}< >{[1m[33m13[39m[22m}< >{[1m[33m14[39m[22m}< >{[1m[33m15[39m[22m}< >{[1m[33m16[39m[22m}< >{[1m[33m17[39m[22m}< >{[1m[33m18[39m[22m}< >{[1m[33m19[39m[22m}< >{[1m[33m20[39m[22m}< >{[1m[33m21[39m[22m}< >{[1m[33m22[39m[22m}< >{[1m[33m25[39m[22m}< >{[1m[33m26[39m[22m}< >{[1m[33m27[39m[22m}< >{[1m[33m28[39m[22m}< >{[1m[33m29[39m[22m}< >{[1m[33m30[39m[22m}< >{[1m[33m31[39m[22m}< >{[1m[33m32[39m[22m}< >{[1m[33m33[39m[22m}< >{[1m[33m34[39m[22m}< >{[1m[33m35[39m[22m}< >{[1m[33m36[39m[22m}< >{[1m[33m37[39m[22m}< >{[1m[33m38[39m[22m}< >{[1m[33m39[39m[22m}< >{[1m[33m40[39m[22m}< >{[1m[33m41[39m[22m}< >{[1m[33m42[39m[22m}< >{[1m[33m43[39m[22m}< >{[1m[33m44[39m[22m}< >{[1m[33m45[39m[22m}< >{[1m[33m46[39m[22m}< >{[1m[33m47[39m[22m}< >{[1m[33m48[39m[22m}< >{[1m[33m49[39m[22m}< >{[1m[33m50[39m[22m}< >{[1m[33m55[39m[22m}< >{[1m[33m56[39m[22m}< >{[1m[33m57[39m[22m}< >{[1m[33m58[39m[22m}< >{[1m[33m59[39m[22m}< >{[1m[33m60[39m[22m}< >{[1m[33m61[39m[22m}< >{[1m[33m62[39m[22m}< >{[1m[33m63[39m[22m}< >{[1m[33m64[39m[22m}< >{[1m[33m65[39m[22m}< >{[1m[33m66[39m[22m}< >{[1m[33m67[39m[22m}< >{[1m[33m68[39m[22m}< >{[1m[33m69[39m[22m}<[1m[33m [initial][39m[22m[1m[32m [rendered][39m[22m[1m[33m split chunk (cache group: vendor) (name: vendors)[39m[22m
  [12] [1m./node_modules/core-js/modules/web.dom-collections.iterator.js[39m[22m 1.69 KiB {[1m[33m2[39m[22m}[1m[32m [built][39m[22m
  [35] [1m./node_modules/core-js/modules/web.dom-collections.for-each.js[39m[22m 918 bytes {[1m[33m2[39m[22m}[1m[32m [built][39m[22m
 [216] [1m./node_modules/core-js/modules/web.url-search-params.js[39m[22m 152 bytes {[1m[33m2[39m[22m}[1m[32m [built][39m[22m
 [218] [1m./node_modules/core-js/modules/web.url.js[39m[22m 138 bytes {[1m[33m2[39m[22m}[1m[32m [built][39m[22m
 [219] [1m./node_modules/core-js/modules/web.url.to-json.js[39m[22m 324 bytes {[1m[33m2[39m[22m}[1m[32m [built][39m[22m
 [696] [1m./node_modules/core-js/modules/web.atob.js[39m[22m 2.26 KiB {[1m[33m2[39m[22m}[1m[32m [built][39m[22m
 [697] [1m./node_modules/core-js/modules/web.btoa.js[39m[22m 1.86 KiB {[1m[33m2[39m[22m}[1m[32m [built][39m[22m
 [698] [1m./node_modules/core-js/modules/web.dom-exception.constructor.js[39m[22m 5.95 KiB {[1m[33m2[39m[22m}[1m[32m [built][39m[22m
 [699] [1m./node_modules/core-js/modules/web.dom-exception.stack.js[39m[22m 3.18 KiB {[1m[33m2[39m[22m}[1m[32m [built][39m[22m
 [700] [1m./node_modules/core-js/modules/web.dom-exception.to-string-tag.js[39m[22m 281 bytes {[1m[33m2[39m[22m}[1m[32m [built][39m[22m
 [701] [1m./node_modules/core-js/modules/web.immediate.js[39m[22m 184 bytes {[1m[33m2[39m[22m}[1m[32m [built][39m[22m
 [704] [1m./node_modules/core-js/modules/web.queue-microtask.js[39m[22m 1.07 KiB {[1m[33m2[39m[22m}[1m[32m [built][39m[22m
 [705] [1m./node_modules/core-js/modules/web.self.js[39m[22m 1.49 KiB {[1m[33m2[39m[22m}[1m[32m [built][39m[22m
 [706] [1m./node_modules/core-js/modules/web.structured-clone.js[39m[22m 18.9 KiB {[1m[33m2[39m[22m}[1m[32m [built][39m[22m
 [707] [1m./node_modules/core-js/modules/web.timers.js[39m[22m 179 bytes {[1m[33m2[39m[22m}[1m[32m [built][39m[22m
     + 11 hidden modules
chunk    {[1m[33m3[39m[22m} [1m[32mvendors~61ace190.adc4d06e.chunk.js[39m[22m (vendors~61ace190) 32.4 KiB <{[1m[33m0[39m[22m}> <{[1m[33m1[39m[22m}> <{[1m[33m2[39m[22m}> <{[1m[33m3[39m[22m}> <{[1m[33m4[39m[22m}> <{[1m[33m5[39m[22m}> <{[1m[33m6[39m[22m}> <{[1m[33m7[39m[22m}> <{[1m[33m8[39m[22m}> <{[1m[33m9[39m[22m}> <{[1m[33m10[39m[22m}> <{[1m[33m11[39m[22m}> <{[1m[33m12[39m[22m}> <{[1m[33m13[39m[22m}> <{[1m[33m14[39m[22m}> <{[1m[33m15[39m[22m}> <{[1m[33m16[39m[22m}> <{[1m[33m23[39m[22m}> <{[1m[33m24[39m[22m}> <{[1m[33m51[39m[22m}> <{[1m[33m52[39m[22m}> <{[1m[33m53[39m[22m}> <{[1m[33m54[39m[22m}> ={[1m[33m0[39m[22m}= ={[1m[33m1[39m[22m}= ={[1m[33m2[39m[22m}= ={[1m[33m4[39m[22m}= ={[1m[33m5[39m[22m}= ={[1m[33m6[39m[22m}= ={[1m[33m7[39m[22m}= ={[1m[33m8[39m[22m}= ={[1m[33m9[39m[22m}= ={[1m[33m10[39m[22m}= ={[1m[33m11[39m[22m}= ={[1m[33m12[39m[22m}= ={[1m[33m13[39m[22m}= ={[1m[33m14[39m[22m}= ={[1m[33m15[39m[22m}= ={[1m[33m16[39m[22m}= ={[1m[33m17[39m[22m}= ={[1m[33m18[39m[22m}= ={[1m[33m19[39m[22m}= ={[1m[33m20[39m[22m}= ={[1m[33m21[39m[22m}= ={[1m[33m22[39m[22m}= ={[1m[33m23[39m[22m}= ={[1m[33m24[39m[22m}= ={[1m[33m25[39m[22m}= ={[1m[33m26[39m[22m}= ={[1m[33m27[39m[22m}= ={[1m[33m28[39m[22m}= ={[1m[33m29[39m[22m}= ={[1m[33m30[39m[22m}= ={[1m[33m31[39m[22m}= ={[1m[33m32[39m[22m}= ={[1m[33m33[39m[22m}= ={[1m[33m34[39m[22m}= ={[1m[33m35[39m[22m}= ={[1m[33m36[39m[22m}= ={[1m[33m37[39m[22m}= ={[1m[33m38[39m[22m}= ={[1m[33m39[39m[22m}= ={[1m[33m40[39m[22m}= ={[1m[33m41[39m[22m}= ={[1m[33m42[39m[22m}= ={[1m[33m43[39m[22m}= ={[1m[33m44[39m[22m}= ={[1m[33m45[39m[22m}= ={[1m[33m46[39m[22m}= ={[1m[33m47[39m[22m}= ={[1m[33m48[39m[22m}= ={[1m[33m49[39m[22m}= ={[1m[33m50[39m[22m}= ={[1m[33m51[39m[22m}= ={[1m[33m52[39m[22m}= ={[1m[33m53[39m[22m}= ={[1m[33m54[39m[22m}= ={[1m[33m55[39m[22m}= ={[1m[33m57[39m[22m}= ={[1m[33m58[39m[22m}= ={[1m[33m62[39m[22m}= ={[1m[33m67[39m[22m}= ={[1m[33m69[39m[22m}= >{[1m[33m0[39m[22m}< >{[1m[33m1[39m[22m}< >{[1m[33m2[39m[22m}< >{[1m[33m3[39m[22m}< >{[1m[33m4[39m[22m}< >{[1m[33m5[39m[22m}< >{[1m[33m6[39m[22m}< >{[1m[33m7[39m[22m}< >{[1m[33m8[39m[22m}< >{[1m[33m9[39m[22m}< >{[1m[33m10[39m[22m}< >{[1m[33m11[39m[22m}< >{[1m[33m12[39m[22m}< >{[1m[33m13[39m[22m}< >{[1m[33m14[39m[22m}< >{[1m[33m15[39m[22m}< >{[1m[33m16[39m[22m}< >{[1m[33m17[39m[22m}< >{[1m[33m18[39m[22m}< >{[1m[33m19[39m[22m}< >{[1m[33m20[39m[22m}< >{[1m[33m21[39m[22m}< >{[1m[33m22[39m[22m}< >{[1m[33m25[39m[22m}< >{[1m[33m26[39m[22m}< >{[1m[33m27[39m[22m}< >{[1m[33m28[39m[22m}< >{[1m[33m29[39m[22m}< >{[1m[33m30[39m[22m}< >{[1m[33m31[39m[22m}< >{[1m[33m32[39m[22m}< >{[1m[33m33[39m[22m}< >{[1m[33m34[39m[22m}< >{[1m[33m35[39m[22m}< >{[1m[33m36[39m[22m}< >{[1m[33m37[39m[22m}< >{[1m[33m38[39m[22m}< >{[1m[33m39[39m[22m}< >{[1m[33m40[39m[22m}< >{[1m[33m41[39m[22m}< >{[1m[33m42[39m[22m}< >{[1m[33m43[39m[22m}< >{[1m[33m44[39m[22m}< >{[1m[33m45[39m[22m}< >{[1m[33m46[39m[22m}< >{[1m[33m47[39m[22m}< >{[1m[33m48[39m[22m}< >{[1m[33m49[39m[22m}< >{[1m[33m50[39m[22m}< >{[1m[33m55[39m[22m}< >{[1m[33m56[39m[22m}< >{[1m[33m57[39m[22m}< >{[1m[33m58[39m[22m}< >{[1m[33m59[39m[22m}< >{[1m[33m60[39m[22m}< >{[1m[33m61[39m[22m}< >{[1m[33m62[39m[22m}< >{[1m[33m63[39m[22m}< >{[1m[33m64[39m[22m}< >{[1m[33m65[39m[22m}< >{[1m[33m66[39m[22m}< >{[1m[33m67[39m[22m}< >{[1m[33m68[39m[22m}< >{[1m[33m69[39m[22m}<[1m[33m [initial][39m[22m[1m[32m [rendered][39m[22m[1m[33m split chunk (cache group: vendor) (name: vendors)[39m[22m
  [84] [1m./node_modules/@tanstack/query-core/build/legacy/index.cjs[39m[22m 10.8 KiB {[1m[33m3[39m[22m}[1m[32m [built][39m[22m
 [211] [1m./node_modules/@tanstack/query-core/build/legacy/focusManager.cjs[39m[22m 8.75 KiB {[1m[33m3[39m[22m}[1m[32m [built][39m[22m
 [735] [1m./node_modules/@tanstack/query-core/build/legacy/hydration.cjs[39m[22m 12.9 KiB {[1m[33m3[39m[22m}[1m[32m [built][39m[22m
chunk    {[1m[33m4[39m[22m} [1m[32mvendors~65967d20.ba4c1e53.chunk.js[39m[22m (vendors~65967d20) 28.4 KiB <{[1m[33m0[39m[22m}> <{[1m[33m1[39m[22m}> <{[1m[33m2[39m[22m}> <{[1m[33m3[39m[22m}> <{[1m[33m4[39m[22m}> <{[1m[33m5[39m[22m}> <{[1m[33m6[39m[22m}> <{[1m[33m7[39m[22m}> <{[1m[33m8[39m[22m}> <{[1m[33m9[39m[22m}> <{[1m[33m10[39m[22m}> <{[1m[33m11[39m[22m}> <{[1m[33m12[39m[22m}> <{[1m[33m13[39m[22m}> <{[1m[33m14[39m[22m}> <{[1m[33m15[39m[22m}> <{[1m[33m16[39m[22m}> <{[1m[33m23[39m[22m}> <{[1m[33m24[39m[22m}> <{[1m[33m51[39m[22m}> <{[1m[33m52[39m[22m}> <{[1m[33m53[39m[22m}> <{[1m[33m54[39m[22m}> ={[1m[33m0[39m[22m}= ={[1m[33m1[39m[22m}= ={[1m[33m2[39m[22m}= ={[1m[33m3[39m[22m}= ={[1m[33m5[39m[22m}= ={[1m[33m6[39m[22m}= ={[1m[33m7[39m[22m}= ={[1m[33m8[39m[22m}= ={[1m[33m9[39m[22m}= ={[1m[33m10[39m[22m}= ={[1m[33m11[39m[22m}= ={[1m[33m12[39m[22m}= ={[1m[33m13[39m[22m}= ={[1m[33m14[39m[22m}= ={[1m[33m15[39m[22m}= ={[1m[33m16[39m[22m}= ={[1m[33m17[39m[22m}= ={[1m[33m18[39m[22m}= ={[1m[33m19[39m[22m}= ={[1m[33m20[39m[22m}= ={[1m[33m21[39m[22m}= ={[1m[33m22[39m[22m}= ={[1m[33m23[39m[22m}= ={[1m[33m24[39m[22m}= ={[1m[33m25[39m[22m}= ={[1m[33m26[39m[22m}= ={[1m[33m27[39m[22m}= ={[1m[33m28[39m[22m}= ={[1m[33m29[39m[22m}= ={[1m[33m30[39m[22m}= ={[1m[33m31[39m[22m}= ={[1m[33m32[39m[22m}= ={[1m[33m33[39m[22m}= ={[1m[33m34[39m[22m}= ={[1m[33m35[39m[22m}= ={[1m[33m36[39m[22m}= ={[1m[33m37[39m[22m}= ={[1m[33m38[39m[22m}= ={[1m[33m39[39m[22m}= ={[1m[33m40[39m[22m}= ={[1m[33m41[39m[22m}= ={[1m[33m42[39m[22m}= ={[1m[33m43[39m[22m}= ={[1m[33m44[39m[22m}= ={[1m[33m45[39m[22m}= ={[1m[33m46[39m[22m}= ={[1m[33m47[39m[22m}= ={[1m[33m48[39m[22m}= ={[1m[33m49[39m[22m}= ={[1m[33m50[39m[22m}= ={[1m[33m51[39m[22m}= ={[1m[33m52[39m[22m}= ={[1m[33m53[39m[22m}= ={[1m[33m54[39m[22m}= ={[1m[33m55[39m[22m}= ={[1m[33m57[39m[22m}= ={[1m[33m58[39m[22m}= ={[1m[33m62[39m[22m}= ={[1m[33m67[39m[22m}= ={[1m[33m69[39m[22m}= >{[1m[33m0[39m[22m}< >{[1m[33m1[39m[22m}< >{[1m[33m2[39m[22m}< >{[1m[33m3[39m[22m}< >{[1m[33m4[39m[22m}< >{[1m[33m5[39m[22m}< >{[1m[33m6[39m[22m}< >{[1m[33m7[39m[22m}< >{[1m[33m8[39m[22m}< >{[1m[33m9[39m[22m}< >{[1m[33m10[39m[22m}< >{[1m[33m11[39m[22m}< >{[1m[33m12[39m[22m}< >{[1m[33m13[39m[22m}< >{[1m[33m14[39m[22m}< >{[1m[33m15[39m[22m}< >{[1m[33m16[39m[22m}< >{[1m[33m17[39m[22m}< >{[1m[33m18[39m[22m}< >{[1m[33m19[39m[22m}< >{[1m[33m20[39m[22m}< >{[1m[33m21[39m[22m}< >{[1m[33m22[39m[22m}< >{[1m[33m25[39m[22m}< >{[1m[33m26[39m[22m}< >{[1m[33m27[39m[22m}< >{[1m[33m28[39m[22m}< >{[1m[33m29[39m[22m}< >{[1m[33m30[39m[22m}< >{[1m[33m31[39m[22m}< >{[1m[33m32[39m[22m}< >{[1m[33m33[39m[22m}< >{[1m[33m34[39m[22m}< >{[1m[33m35[39m[22m}< >{[1m[33m36[39m[22m}< >{[1m[33m37[39m[22m}< >{[1m[33m38[39m[22m}< >{[1m[33m39[39m[22m}< >{[1m[33m40[39m[22m}< >{[1m[33m41[39m[22m}< >{[1m[33m42[39m[22m}< >{[1m[33m43[39m[22m}< >{[1m[33m44[39m[22m}< >{[1m[33m45[39m[22m}< >{[1m[33m46[39m[22m}< >{[1m[33m47[39m[22m}< >{[1m[33m48[39m[22m}< >{[1m[33m49[39m[22m}< >{[1m[33m50[39m[22m}< >{[1m[33m55[39m[22m}< >{[1m[33m56[39m[22m}< >{[1m[33m57[39m[22m}< >{[1m[33m58[39m[22m}< >{[1m[33m59[39m[22m}< >{[1m[33m60[39m[22m}< >{[1m[33m61[39m[22m}< >{[1m[33m62[39m[22m}< >{[1m[33m63[39m[22m}< >{[1m[33m64[39m[22m}< >{[1m[33m65[39m[22m}< >{[1m[33m66[39m[22m}< >{[1m[33m67[39m[22m}< >{[1m[33m68[39m[22m}< >{[1m[33m69[39m[22m}<[1m[33m [initial][39m[22m[1m[32m [rendered][39m[22m[1m[33m split chunk (cache group: vendor) (name: vendors)[39m[22m
  [67] [1m./node_modules/@tanstack/query-core/build/legacy/utils.cjs[39m[22m 14.7 KiB {[1m[33m4[39m[22m}[1m[32m [built][39m[22m
 [167] [1m./node_modules/@tanstack/query-core/build/legacy/timeoutManager.cjs[39m[22m 9.61 KiB {[1m[33m4[39m[22m}[1m[32m [built][39m[22m
 [746] [1m./node_modules/@tanstack/query-core/build/legacy/types.cjs[39m[22m 4.06 KiB {[1m[33m4[39m[22m}[1m[32m [built][39m[22m
chunk    {[1m[33m5[39m[22m} [1m[32mvendors~6c77c6b5.2834c7df.chunk.js[39m[22m (vendors~6c77c6b5) 47.6 KiB <{[1m[33m0[39m[22m}> <{[1m[33m1[39m[22m}> <{[1m[33m2[39m[22m}> <{[1m[33m3[39m[22m}> <{[1m[33m4[39m[22m}> <{[1m[33m5[39m[22m}> <{[1m[33m6[39m[22m}> <{[1m[33m7[39m[22m}> <{[1m[33m8[39m[22m}> <{[1m[33m9[39m[22m}> <{[1m[33m10[39m[22m}> <{[1m[33m11[39m[22m}> <{[1m[33m12[39m[22m}> <{[1m[33m13[39m[22m}> <{[1m[33m14[39m[22m}> <{[1m[33m15[39m[22m}> <{[1m[33m16[39m[22m}> <{[1m[33m23[39m[22m}> <{[1m[33m24[39m[22m}> <{[1m[33m51[39m[22m}> <{[1m[33m52[39m[22m}> <{[1m[33m53[39m[22m}> <{[1m[33m54[39m[22m}> ={[1m[33m0[39m[22m}= ={[1m[33m1[39m[22m}= ={[1m[33m2[39m[22m}= ={[1m[33m3[39m[22m}= ={[1m[33m4[39m[22m}= ={[1m[33m6[39m[22m}= ={[1m[33m7[39m[22m}= ={[1m[33m8[39m[22m}= ={[1m[33m9[39m[22m}= ={[1m[33m10[39m[22m}= ={[1m[33m11[39m[22m}= ={[1m[33m12[39m[22m}= ={[1m[33m13[39m[22m}= ={[1m[33m14[39m[22m}= ={[1m[33m15[39m[22m}= ={[1m[33m16[39m[22m}= ={[1m[33m17[39m[22m}= ={[1m[33m18[39m[22m}= ={[1m[33m19[39m[22m}= ={[1m[33m20[39m[22m}= ={[1m[33m21[39m[22m}= ={[1m[33m22[39m[22m}= ={[1m[33m23[39m[22m}= ={[1m[33m24[39m[22m}= ={[1m[33m25[39m[22m}= ={[1m[33m26[39m[22m}= ={[1m[33m27[39m[22m}= ={[1m[33m28[39m[22m}= ={[1m[33m29[39m[22m}= ={[1m[33m30[39m[22m}= ={[1m[33m31[39m[22m}= ={[1m[33m32[39m[22m}= ={[1m[33m33[39m[22m}= ={[1m[33m34[39m[22m}= ={[1m[33m35[39m[22m}= ={[1m[33m36[39m[22m}= ={[1m[33m37[39m[22m}= ={[1m[33m38[39m[22m}= ={[1m[33m39[39m[22m}= ={[1m[33m40[39m[22m}= ={[1m[33m41[39m[22m}= ={[1m[33m42[39m[22m}= ={[1m[33m43[39m[22m}= ={[1m[33m44[39m[22m}= ={[1m[33m45[39m[22m}= ={[1m[33m46[39m[22m}= ={[1m[33m47[39m[22m}= ={[1m[33m48[39m[22m}= ={[1m[33m49[39m[22m}= ={[1m[33m50[39m[22m}= ={[1m[33m51[39m[22m}= ={[1m[33m52[39m[22m}= ={[1m[33m53[39m[22m}= ={[1m[33m54[39m[22m}= ={[1m[33m55[39m[22m}= ={[1m[33m57[39m[22m}= ={[1m[33m58[39m[22m}= ={[1m[33m62[39m[22m}= ={[1m[33m67[39m[22m}= ={[1m[33m69[39m[22m}= >{[1m[33m0[39m[22m}< >{[1m[33m1[39m[22m}< >{[1m[33m2[39m[22m}< >{[1m[33m3[39m[22m}< >{[1m[33m4[39m[22m}< >{[1m[33m5[39m[22m}< >{[1m[33m6[39m[22m}< >{[1m[33m7[39m[22m}< >{[1m[33m8[39m[22m}< >{[1m[33m9[39m[22m}< >{[1m[33m10[39m[22m}< >{[1m[33m11[39m[22m}< >{[1m[33m12[39m[22m}< >{[1m[33m13[39m[22m}< >{[1m[33m14[39m[22m}< >{[1m[33m15[39m[22m}< >{[1m[33m16[39m[22m}< >{[1m[33m17[39m[22m}< >{[1m[33m18[39m[22m}< >{[1m[33m19[39m[22m}< >{[1m[33m20[39m[22m}< >{[1m[33m21[39m[22m}< >{[1m[33m22[39m[22m}< >{[1m[33m25[39m[22m}< >{[1m[33m26[39m[22m}< >{[1m[33m27[39m[22m}< >{[1m[33m28[39m[22m}< >{[1m[33m29[39m[22m}< >{[1m[33m30[39m[22m}< >{[1m[33m31[39m[22m}< >{[1m[33m32[39m[22m}< >{[1m[33m33[39m[22m}< >{[1m[33m34[39m[22m}< >{[1m[33m35[39m[22m}< >{[1m[33m36[39m[22m}< >{[1m[33m37[39m[22m}< >{[1m[33m38[39m[22m}< >{[1m[33m39[39m[22m}< >{[1m[33m40[39m[22m}< >{[1m[33m41[39m[22m}< >{[1m[33m42[39m[22m}< >{[1m[33m43[39m[22m}< >{[1m[33m44[39m[22m}< >{[1m[33m45[39m[22m}< >{[1m[33m46[39m[22m}< >{[1m[33m47[39m[22m}< >{[1m[33m48[39m[22m}< >{[1m[33m49[39m[22m}< >{[1m[33m50[39m[22m}< >{[1m[33m55[39m[22m}< >{[1m[33m56[39m[22m}< >{[1m[33m57[39m[22m}< >{[1m[33m58[39m[22m}< >{[1m[33m59[39m[22m}< >{[1m[33m60[39m[22m}< >{[1m[33m61[39m[22m}< >{[1m[33m62[39m[22m}< >{[1m[33m63[39m[22m}< >{[1m[33m64[39m[22m}< >{[1m[33m65[39m[22m}< >{[1m[33m66[39m[22m}< >{[1m[33m67[39m[22m}< >{[1m[33m68[39m[22m}< >{[1m[33m69[39m[22m}<[1m[33m [initial][39m[22m[1m[32m [rendered][39m[22m[1m[33m split chunk (cache group: vendor) (name: vendors)[39m[22m
 [420] [1m./node_modules/buffer/index.js[39m[22m 47.5 KiB {[1m[33m5[39m[22m}[1m[32m [built][39m[22m
 [770] [1m./node_modules/buffer/node_modules/isarray/index.js[39m[22m 132 bytes {[1m[33m5[39m[22m}[1m[32m [built][39m[22m
chunk    {[1m[33m6[39m[22m} [1m[32mvendors~7d359b94.4211ad6b.chunk.js[39m[22m (vendors~7d359b94) 177 KiB <{[1m[33m0[39m[22m}> <{[1m[33m1[39m[22m}> <{[1m[33m2[39m[22m}> <{[1m[33m3[39m[22m}> <{[1m[33m4[39m[22m}> <{[1m[33m5[39m[22m}> <{[1m[33m6[39m[22m}> <{[1m[33m7[39m[22m}> <{[1m[33m8[39m[22m}> <{[1m[33m9[39m[22m}> <{[1m[33m10[39m[22m}> <{[1m[33m11[39m[22m}> <{[1m[33m12[39m[22m}> <{[1m[33m13[39m[22m}> <{[1m[33m14[39m[22m}> <{[1m[33m15[39m[22m}> <{[1m[33m16[39m[22m}> <{[1m[33m23[39m[22m}> <{[1m[33m24[39m[22m}> <{[1m[33m51[39m[22m}> <{[1m[33m52[39m[22m}> <{[1m[33m53[39m[22m}> <{[1m[33m54[39m[22m}> ={[1m[33m0[39m[22m}= ={[1m[33m1[39m[22m}= ={[1m[33m2[39m[22m}= ={[1m[33m3[39m[22m}= ={[1m[33m4[39m[22m}= ={[1m[33m5[39m[22m}= ={[1m[33m7[39m[22m}= ={[1m[33m8[39m[22m}= ={[1m[33m9[39m[22m}= ={[1m[33m10[39m[22m}= ={[1m[33m11[39m[22m}= ={[1m[33m12[39m[22m}= ={[1m[33m13[39m[22m}= ={[1m[33m14[39m[22m}= ={[1m[33m15[39m[22m}= ={[1m[33m16[39m[22m}= ={[1m[33m17[39m[22m}= ={[1m[33m18[39m[22m}= ={[1m[33m19[39m[22m}= ={[1m[33m20[39m[22m}= ={[1m[33m21[39m[22m}= ={[1m[33m22[39m[22m}= ={[1m[33m23[39m[22m}= ={[1m[33m24[39m[22m}= ={[1m[33m25[39m[22m}= ={[1m[33m26[39m[22m}= ={[1m[33m27[39m[22m}= ={[1m[33m28[39m[22m}= ={[1m[33m29[39m[22m}= ={[1m[33m30[39m[22m}= ={[1m[33m31[39m[22m}= ={[1m[33m32[39m[22m}= ={[1m[33m33[39m[22m}= ={[1m[33m34[39m[22m}= ={[1m[33m35[39m[22m}= ={[1m[33m36[39m[22m}= ={[1m[33m37[39m[22m}= ={[1m[33m38[39m[22m}= ={[1m[33m39[39m[22m}= ={[1m[33m40[39m[22m}= ={[1m[33m41[39m[22m}= ={[1m[33m42[39m[22m}= ={[1m[33m43[39m[22m}= ={[1m[33m44[39m[22m}= ={[1m[33m45[39m[22m}= ={[1m[33m46[39m[22m}= ={[1m[33m47[39m[22m}= ={[1m[33m48[39m[22m}= ={[1m[33m49[39m[22m}= ={[1m[33m50[39m[22m}= ={[1m[33m51[39m[22m}= ={[1m[33m52[39m[22m}= ={[1m[33m53[39m[22m}= ={[1m[33m54[39m[22m}= ={[1m[33m55[39m[22m}= ={[1m[33m57[39m[22m}= ={[1m[33m58[39m[22m}= ={[1m[33m62[39m[22m}= ={[1m[33m67[39m[22m}= ={[1m[33m69[39m[22m}= >{[1m[33m0[39m[22m}< >{[1m[33m1[39m[22m}< >{[1m[33m2[39m[22m}< >{[1m[33m3[39m[22m}< >{[1m[33m4[39m[22m}< >{[1m[33m5[39m[22m}< >{[1m[33m6[39m[22m}< >{[1m[33m7[39m[22m}< >{[1m[33m8[39m[22m}< >{[1m[33m9[39m[22m}< >{[1m[33m10[39m[22m}< >{[1m[33m11[39m[22m}< >{[1m[33m12[39m[22m}< >{[1m[33m13[39m[22m}< >{[1m[33m14[39m[22m}< >{[1m[33m15[39m[22m}< >{[1m[33m16[39m[22m}< >{[1m[33m17[39m[22m}< >{[1m[33m18[39m[22m}< >{[1m[33m19[39m[22m}< >{[1m[33m20[39m[22m}< >{[1m[33m21[39m[22m}< >{[1m[33m22[39m[22m}< >{[1m[33m25[39m[22m}< >{[1m[33m26[39m[22m}< >{[1m[33m27[39m[22m}< >{[1m[33m28[39m[22m}< >{[1m[33m29[39m[22m}< >{[1m[33m30[39m[22m}< >{[1m[33m31[39m[22m}< >{[1m[33m32[39m[22m}< >{[1m[33m33[39m[22m}< >{[1m[33m34[39m[22m}< >{[1m[33m35[39m[22m}< >{[1m[33m36[39m[22m}< >{[1m[33m37[39m[22m}< >{[1m[33m38[39m[22m}< >{[1m[33m39[39m[22m}< >{[1m[33m40[39m[22m}< >{[1m[33m41[39m[22m}< >{[1m[33m42[39m[22m}< >{[1m[33m43[39m[22m}< >{[1m[33m44[39m[22m}< >{[1m[33m45[39m[22m}< >{[1m[33m46[39m[22m}< >{[1m[33m47[39m[22m}< >{[1m[33m48[39m[22m}< >{[1m[33m49[39m[22m}< >{[1m[33m50[39m[22m}< >{[1m[33m55[39m[22m}< >{[1m[33m56[39m[22m}< >{[1m[33m57[39m[22m}< >{[1m[33m58[39m[22m}< >{[1m[33m59[39m[22m}< >{[1m[33m60[39m[22m}< >{[1m[33m61[39m[22m}< >{[1m[33m62[39m[22m}< >{[1m[33m63[39m[22m}< >{[1m[33m64[39m[22m}< >{[1m[33m65[39m[22m}< >{[1m[33m66[39m[22m}< >{[1m[33m67[39m[22m}< >{[1m[33m68[39m[22m}< >{[1m[33m69[39m[22m}<[1m[33m [initial][39m[22m[1m[32m [rendered][39m[22m[1m[33m split chunk (cache group: vendor) (name: vendors)[39m[22m
  [10] [1m(webpack)/buildin/harmony-module.js[39m[22m 573 bytes {[1m[33m6[39m[22m}[1m[32m [built][39m[22m
 [107] [1m./node_modules/prop-types/index.js[39m[22m 710 bytes {[1m[33m6[39m[22m}[1m[32m [built][39m[22m
 [221] [1m./node_modules/process/browser.js[39m[22m 5.29 KiB {[1m[33m6[39m[22m}[1m[32m [built][39m[22m
 [399] [1m(webpack)/buildin/amd-options.js[39m[22m 80 bytes {[1m[33m6[39m[22m}[1m[32m [built][39m[22m
 [405] [1m./node_modules/qr.js/lib/ErrorCorrectLevel.js[39m[22m 54 bytes {[1m[33m6[39m[22m}[1m[32m [built][39m[22m
 [407] [1m./node_modules/qr.js/lib/Polynomial.js[39m[22m 1.28 KiB {[1m[33m6[39m[22m}[1m[32m [built][39m[22m
 [717] [1m./node_modules/regenerator-runtime/runtime.js[39m[22m 24.7 KiB {[1m[33m6[39m[22m}[1m[32m [built][39m[22m
 [722] [1m./node_modules/timers-browserify/main.js[39m[22m 1.97 KiB {[1m[33m6[39m[22m}[1m[32m [built][39m[22m
 [769] [1m./node_modules/ieee754/index.js[39m[22m 2.1 KiB {[1m[33m6[39m[22m}[1m[32m [built][39m[22m
 [777] [1m./node_modules/prop-types/factoryWithThrowingShims.js[39m[22m 1.6 KiB {[1m[33m6[39m[22m}[1m[32m [built][39m[22m
 [787] [1m./node_modules/qr.js/lib/QRCode.js[39m[22m 9.42 KiB {[1m[33m6[39m[22m}[1m[32m [built][39m[22m
 [788] [1m./node_modules/qr.js/lib/8BitByte.js[39m[22m 383 bytes {[1m[33m6[39m[22m}[1m[32m [built][39m[22m
 [792] [1m./node_modules/react-qr-code/lib/QRCodeSvg/index.js[39m[22m 2.31 KiB {[1m[33m6[39m[22m}[1m[32m [built][39m[22m
 [798] [1m./node_modules/react-hot-toast/dist/index.js[39m[22m 26.8 KiB {[1m[33m6[39m[22m}[1m[32m [built][39m[22m
 [803] [1m./node_modules/react-qr-code/lib/index.js[39m[22m 3.08 KiB {[1m[33m6[39m[22m}[1m[32m [built][39m[22m
     + 21 hidden modules
chunk    {[1m[33m7[39m[22m} [1m[32mvendors~961813fd.030d9312.chunk.js[39m[22m (vendors~961813fd) 365 KiB <{[1m[33m0[39m[22m}> <{[1m[33m1[39m[22m}> <{[1m[33m2[39m[22m}> <{[1m[33m3[39m[22m}> <{[1m[33m4[39m[22m}> <{[1m[33m5[39m[22m}> <{[1m[33m6[39m[22m}> <{[1m[33m7[39m[22m}> <{[1m[33m8[39m[22m}> <{[1m[33m9[39m[22m}> <{[1m[33m10[39m[22m}> <{[1m[33m11[39m[22m}> <{[1m[33m12[39m[22m}> <{[1m[33m13[39m[22m}> <{[1m[33m14[39m[22m}> <{[1m[33m15[39m[22m}> <{[1m[33m16[39m[22m}> <{[1m[33m23[39m[22m}> <{[1m[33m24[39m[22m}> <{[1m[33m51[39m[22m}> <{[1m[33m52[39m[22m}> <{[1m[33m53[39m[22m}> <{[1m[33m54[39m[22m}> ={[1m[33m0[39m[22m}= ={[1m[33m1[39m[22m}= ={[1m[33m2[39m[22m}= ={[1m[33m3[39m[22m}= ={[1m[33m4[39m[22m}= ={[1m[33m5[39m[22m}= ={[1m[33m6[39m[22m}= ={[1m[33m8[39m[22m}= ={[1m[33m9[39m[22m}= ={[1m[33m10[39m[22m}= ={[1m[33m11[39m[22m}= ={[1m[33m12[39m[22m}= ={[1m[33m13[39m[22m}= ={[1m[33m14[39m[22m}= ={[1m[33m15[39m[22m}= ={[1m[33m16[39m[22m}= ={[1m[33m17[39m[22m}= ={[1m[33m18[39m[22m}= ={[1m[33m19[39m[22m}= ={[1m[33m20[39m[22m}= ={[1m[33m21[39m[22m}= ={[1m[33m22[39m[22m}= ={[1m[33m23[39m[22m}= ={[1m[33m24[39m[22m}= ={[1m[33m25[39m[22m}= ={[1m[33m26[39m[22m}= ={[1m[33m27[39m[22m}= ={[1m[33m28[39m[22m}= ={[1m[33m29[39m[22m}= ={[1m[33m30[39m[22m}= ={[1m[33m31[39m[22m}= ={[1m[33m32[39m[22m}= ={[1m[33m33[39m[22m}= ={[1m[33m34[39m[22m}= ={[1m[33m35[39m[22m}= ={[1m[33m36[39m[22m}= ={[1m[33m37[39m[22m}= ={[1m[33m38[39m[22m}= ={[1m[33m39[39m[22m}= ={[1m[33m40[39m[22m}= ={[1m[33m41[39m[22m}= ={[1m[33m42[39m[22m}= ={[1m[33m43[39m[22m}= ={[1m[33m44[39m[22m}= ={[1m[33m45[39m[22m}= ={[1m[33m46[39m[22m}= ={[1m[33m47[39m[22m}= ={[1m[33m48[39m[22m}= ={[1m[33m49[39m[22m}= ={[1m[33m50[39m[22m}= ={[1m[33m51[39m[22m}= ={[1m[33m52[39m[22m}= ={[1m[33m53[39m[22m}= ={[1m[33m54[39m[22m}= ={[1m[33m55[39m[22m}= ={[1m[33m57[39m[22m}= ={[1m[33m58[39m[22m}= ={[1m[33m62[39m[22m}= ={[1m[33m67[39m[22m}= ={[1m[33m69[39m[22m}= >{[1m[33m0[39m[22m}< >{[1m[33m1[39m[22m}< >{[1m[33m2[39m[22m}< >{[1m[33m3[39m[22m}< >{[1m[33m4[39m[22m}< >{[1m[33m5[39m[22m}< >{[1m[33m6[39m[22m}< >{[1m[33m7[39m[22m}< >{[1m[33m8[39m[22m}< >{[1m[33m9[39m[22m}< >{[1m[33m10[39m[22m}< >{[1m[33m11[39m[22m}< >{[1m[33m12[39m[22m}< >{[1m[33m13[39m[22m}< >{[1m[33m14[39m[22m}< >{[1m[33m15[39m[22m}< >{[1m[33m16[39m[22m}< >{[1m[33m17[39m[22m}< >{[1m[33m18[39m[22m}< >{[1m[33m19[39m[22m}< >{[1m[33m20[39m[22m}< >{[1m[33m21[39m[22m}< >{[1m[33m22[39m[22m}< >{[1m[33m25[39m[22m}< >{[1m[33m26[39m[22m}< >{[1m[33m27[39m[22m}< >{[1m[33m28[39m[22m}< >{[1m[33m29[39m[22m}< >{[1m[33m30[39m[22m}< >{[1m[33m31[39m[22m}< >{[1m[33m32[39m[22m}< >{[1m[33m33[39m[22m}< >{[1m[33m34[39m[22m}< >{[1m[33m35[39m[22m}< >{[1m[33m36[39m[22m}< >{[1m[33m37[39m[22m}< >{[1m[33m38[39m[22m}< >{[1m[33m39[39m[22m}< >{[1m[33m40[39m[22m}< >{[1m[33m41[39m[22m}< >{[1m[33m42[39m[22m}< >{[1m[33m43[39m[22m}< >{[1m[33m44[39m[22m}< >{[1m[33m45[39m[22m}< >{[1m[33m46[39m[22m}< >{[1m[33m47[39m[22m}< >{[1m[33m48[39m[22m}< >{[1m[33m49[39m[22m}< >{[1m[33m50[39m[22m}< >{[1m[33m55[39m[22m}< >{[1m[33m56[39m[22m}< >{[1m[33m57[39m[22m}< >{[1m[33m58[39m[22m}< >{[1m[33m59[39m[22m}< >{[1m[33m60[39m[22m}< >{[1m[33m61[39m[22m}< >{[1m[33m62[39m[22m}< >{[1m[33m63[39m[22m}< >{[1m[33m64[39m[22m}< >{[1m[33m65[39m[22m}< >{[1m[33m66[39m[22m}< >{[1m[33m67[39m[22m}< >{[1m[33m68[39m[22m}< >{[1m[33m69[39m[22m}<[1m[33m [initial][39m[22m[1m[32m [rendered][39m[22m[1m[33m split chunk (cache group: vendor) (name: vendors)[39m[22m
 [217] [1m./node_modules/feather-icons-react/build/index.js[39m[22m 365 KiB {[1m[33m7[39m[22m}[1m[32m [built][39m[22m
chunk    {[1m[33m8[39m[22m} [1m[32mvendors~987e6011.06421215.chunk.js[39m[22m (vendors~987e6011) 124 KiB <{[1m[33m0[39m[22m}> <{[1m[33m1[39m[22m}> <{[1m[33m2[39m[22m}> <{[1m[33m3[39m[22m}> <{[1m[33m4[39m[22m}> <{[1m[33m5[39m[22m}> <{[1m[33m6[39m[22m}> <{[1m[33m7[39m[22m}> <{[1m[33m8[39m[22m}> <{[1m[33m9[39m[22m}> <{[1m[33m10[39m[22m}> <{[1m[33m11[39m[22m}> <{[1m[33m12[39m[22m}> <{[1m[33m13[39m[22m}> <{[1m[33m14[39m[22m}> <{[1m[33m15[39m[22m}> <{[1m[33m16[39m[22m}> <{[1m[33m23[39m[22m}> <{[1m[33m24[39m[22m}> <{[1m[33m51[39m[22m}> <{[1m[33m52[39m[22m}> <{[1m[33m53[39m[22m}> <{[1m[33m54[39m[22m}> ={[1m[33m0[39m[22m}= ={[1m[33m1[39m[22m}= ={[1m[33m2[39m[22m}= ={[1m[33m3[39m[22m}= ={[1m[33m4[39m[22m}= ={[1m[33m5[39m[22m}= ={[1m[33m6[39m[22m}= ={[1m[33m7[39m[22m}= ={[1m[33m9[39m[22m}= ={[1m[33m10[39m[22m}= ={[1m[33m11[39m[22m}= ={[1m[33m12[39m[22m}= ={[1m[33m13[39m[22m}= ={[1m[33m14[39m[22m}= ={[1m[33m15[39m[22m}= ={[1m[33m16[39m[22m}= ={[1m[33m17[39m[22m}= ={[1m[33m18[39m[22m}= ={[1m[33m19[39m[22m}= ={[1m[33m20[39m[22m}= ={[1m[33m21[39m[22m}= ={[1m[33m22[39m[22m}= ={[1m[33m23[39m[22m}= ={[1m[33m24[39m[22m}= ={[1m[33m25[39m[22m}= ={[1m[33m26[39m[22m}= ={[1m[33m27[39m[22m}= ={[1m[33m28[39m[22m}= ={[1m[33m29[39m[22m}= ={[1m[33m30[39m[22m}= ={[1m[33m31[39m[22m}= ={[1m[33m32[39m[22m}= ={[1m[33m33[39m[22m}= ={[1m[33m34[39m[22m}= ={[1m[33m35[39m[22m}= ={[1m[33m36[39m[22m}= ={[1m[33m37[39m[22m}= ={[1m[33m38[39m[22m}= ={[1m[33m39[39m[22m}= ={[1m[33m40[39m[22m}= ={[1m[33m41[39m[22m}= ={[1m[33m42[39m[22m}= ={[1m[33m43[39m[22m}= ={[1m[33m44[39m[22m}= ={[1m[33m45[39m[22m}= ={[1m[33m46[39m[22m}= ={[1m[33m47[39m[22m}= ={[1m[33m48[39m[22m}= ={[1m[33m49[39m[22m}= ={[1m[33m50[39m[22m}= ={[1m[33m51[39m[22m}= ={[1m[33m52[39m[22m}= ={[1m[33m53[39m[22m}= ={[1m[33m54[39m[22m}= ={[1m[33m55[39m[22m}= ={[1m[33m57[39m[22m}= ={[1m[33m58[39m[22m}= ={[1m[33m62[39m[22m}= ={[1m[33m67[39m[22m}= ={[1m[33m69[39m[22m}= >{[1m[33m0[39m[22m}< >{[1m[33m1[39m[22m}< >{[1m[33m2[39m[22m}< >{[1m[33m3[39m[22m}< >{[1m[33m4[39m[22m}< >{[1m[33m5[39m[22m}< >{[1m[33m6[39m[22m}< >{[1m[33m7[39m[22m}< >{[1m[33m8[39m[22m}< >{[1m[33m9[39m[22m}< >{[1m[33m10[39m[22m}< >{[1m[33m11[39m[22m}< >{[1m[33m12[39m[22m}< >{[1m[33m13[39m[22m}< >{[1m[33m14[39m[22m}< >{[1m[33m15[39m[22m}< >{[1m[33m16[39m[22m}< >{[1m[33m17[39m[22m}< >{[1m[33m18[39m[22m}< >{[1m[33m19[39m[22m}< >{[1m[33m20[39m[22m}< >{[1m[33m21[39m[22m}< >{[1m[33m22[39m[22m}< >{[1m[33m25[39m[22m}< >{[1m[33m26[39m[22m}< >{[1m[33m27[39m[22m}< >{[1m[33m28[39m[22m}< >{[1m[33m29[39m[22m}< >{[1m[33m30[39m[22m}< >{[1m[33m31[39m[22m}< >{[1m[33m32[39m[22m}< >{[1m[33m33[39m[22m}< >{[1m[33m34[39m[22m}< >{[1m[33m35[39m[22m}< >{[1m[33m36[39m[22m}< >{[1m[33m37[39m[22m}< >{[1m[33m38[39m[22m}< >{[1m[33m39[39m[22m}< >{[1m[33m40[39m[22m}< >{[1m[33m41[39m[22m}< >{[1m[33m42[39m[22m}< >{[1m[33m43[39m[22m}< >{[1m[33m44[39m[22m}< >{[1m[33m45[39m[22m}< >{[1m[33m46[39m[22m}< >{[1m[33m47[39m[22m}< >{[1m[33m48[39m[22m}< >{[1m[33m49[39m[22m}< >{[1m[33m50[39m[22m}< >{[1m[33m55[39m[22m}< >{[1m[33m56[39m[22m}< >{[1m[33m57[39m[22m}< >{[1m[33m58[39m[22m}< >{[1m[33m59[39m[22m}< >{[1m[33m60[39m[22m}< >{[1m[33m61[39m[22m}< >{[1m[33m62[39m[22m}< >{[1m[33m63[39m[22m}< >{[1m[33m64[39m[22m}< >{[1m[33m65[39m[22m}< >{[1m[33m66[39m[22m}< >{[1m[33m67[39m[22m}< >{[1m[33m68[39m[22m}< >{[1m[33m69[39m[22m}<[1m[33m [initial][39m[22m[1m[32m [rendered][39m[22m[1m[33m split chunk (cache group: vendor) (name: vendors)[39m[22m
   [9] [1m./node_modules/core-js/modules/es.array.iterator.js[39m[22m 2.55 KiB {[1m[33m8[39m[22m}[1m[32m [built][39m[22m
  [16] [1m./node_modules/core-js/modules/es.array.slice.js[39m[22m 2.06 KiB {[1m[33m8[39m[22m}[1m[32m [built][39m[22m
  [20] [1m./node_modules/core-js/modules/es.array.from.js[39m[22m 518 bytes {[1m[33m8[39m[22m}[1m[32m [built][39m[22m
  [26] [1m./node_modules/core-js/internals/well-known-symbol.js[39m[22m 804 bytes {[1m[33m8[39m[22m}[1m[32m [built][39m[22m
  [36] [1m./node_modules/core-js/modules/es.array.filter.js[39m[22m 622 bytes {[1m[33m8[39m[22m}[1m[32m [built][39m[22m
  [51] [1m./node_modules/core-js/modules/es.array.map.js[39m[22m 598 bytes {[1m[33m8[39m[22m}[1m[32m [built][39m[22m
  [71] [1m./node_modules/core-js/modules/es.array.concat.js[39m[22m 2.25 KiB {[1m[33m8[39m[22m}[1m[32m [built][39m[22m
  [89] [1m./node_modules/core-js/modules/es.array.index-of.js[39m[22m 973 bytes {[1m[33m8[39m[22m}[1m[32m [built][39m[22m
  [96] [1m./node_modules/core-js/modules/es.array.includes.js[39m[22m 794 bytes {[1m[33m8[39m[22m}[1m[32m [built][39m[22m
  [97] [1m./node_modules/core-js/modules/es.map.js[39m[22m 137 bytes {[1m[33m8[39m[22m}[1m[32m [built][39m[22m
 [170] [1m./node_modules/core-js/modules/es.array.reduce.js[39m[22m 880 bytes {[1m[33m8[39m[22m}[1m[32m [built][39m[22m
 [173] [1m./node_modules/core-js/modules/es.array.flat-map.js[39m[22m 837 bytes {[1m[33m8[39m[22m}[1m[32m [built][39m[22m
 [174] [1m./node_modules/core-js/modules/es.array.unscopables.flat-map.js[39m[22m 292 bytes {[1m[33m8[39m[22m}[1m[32m [built][39m[22m
 [285] [1m./node_modules/core-js/modules/es.array.flat.js[39m[22m 865 bytes {[1m[33m8[39m[22m}[1m[32m [built][39m[22m
 [297] [1m./node_modules/core-js/modules/es.array.unscopables.flat.js[39m[22m 289 bytes {[1m[33m8[39m[22m}[1m[32m [built][39m[22m
     + 92 hidden modules
chunk    {[1m[33m9[39m[22m} [1m[32mvendors~99af934a.5aa2ee4d.chunk.js[39m[22m (vendors~99af934a) 186 KiB <{[1m[33m0[39m[22m}> <{[1m[33m1[39m[22m}> <{[1m[33m2[39m[22m}> <{[1m[33m3[39m[22m}> <{[1m[33m4[39m[22m}> <{[1m[33m5[39m[22m}> <{[1m[33m6[39m[22m}> <{[1m[33m7[39m[22m}> <{[1m[33m8[39m[22m}> <{[1m[33m9[39m[22m}> <{[1m[33m10[39m[22m}> <{[1m[33m11[39m[22m}> <{[1m[33m12[39m[22m}> <{[1m[33m13[39m[22m}> <{[1m[33m14[39m[22m}> <{[1m[33m15[39m[22m}> <{[1m[33m16[39m[22m}> <{[1m[33m23[39m[22m}> <{[1m[33m24[39m[22m}> <{[1m[33m51[39m[22m}> <{[1m[33m52[39m[22m}> <{[1m[33m53[39m[22m}> <{[1m[33m54[39m[22m}> ={[1m[33m0[39m[22m}= ={[1m[33m1[39m[22m}= ={[1m[33m2[39m[22m}= ={[1m[33m3[39m[22m}= ={[1m[33m4[39m[22m}= ={[1m[33m5[39m[22m}= ={[1m[33m6[39m[22m}= ={[1m[33m7[39m[22m}= ={[1m[33m8[39m[22m}= ={[1m[33m10[39m[22m}= ={[1m[33m11[39m[22m}= ={[1m[33m12[39m[22m}= ={[1m[33m13[39m[22m}= ={[1m[33m14[39m[22m}= ={[1m[33m15[39m[22m}= ={[1m[33m16[39m[22m}= ={[1m[33m17[39m[22m}= ={[1m[33m18[39m[22m}= ={[1m[33m19[39m[22m}= ={[1m[33m20[39m[22m}= ={[1m[33m21[39m[22m}= ={[1m[33m22[39m[22m}= ={[1m[33m23[39m[22m}= ={[1m[33m24[39m[22m}= ={[1m[33m25[39m[22m}= ={[1m[33m26[39m[22m}= ={[1m[33m27[39m[22m}= ={[1m[33m28[39m[22m}= ={[1m[33m29[39m[22m}= ={[1m[33m30[39m[22m}= ={[1m[33m31[39m[22m}= ={[1m[33m32[39m[22m}= ={[1m[33m33[39m[22m}= ={[1m[33m34[39m[22m}= ={[1m[33m35[39m[22m}= ={[1m[33m36[39m[22m}= ={[1m[33m37[39m[22m}= ={[1m[33m38[39m[22m}= ={[1m[33m39[39m[22m}= ={[1m[33m40[39m[22m}= ={[1m[33m41[39m[22m}= ={[1m[33m42[39m[22m}= ={[1m[33m43[39m[22m}= ={[1m[33m44[39m[22m}= ={[1m[33m45[39m[22m}= ={[1m[33m46[39m[22m}= ={[1m[33m47[39m[22m}= ={[1m[33m48[39m[22m}= ={[1m[33m49[39m[22m}= ={[1m[33m50[39m[22m}= ={[1m[33m51[39m[22m}= ={[1m[33m52[39m[22m}= ={[1m[33m53[39m[22m}= ={[1m[33m54[39m[22m}= ={[1m[33m55[39m[22m}= ={[1m[33m57[39m[22m}= ={[1m[33m58[39m[22m}= ={[1m[33m62[39m[22m}= ={[1m[33m67[39m[22m}= ={[1m[33m69[39m[22m}= >{[1m[33m0[39m[22m}< >{[1m[33m1[39m[22m}< >{[1m[33m2[39m[22m}< >{[1m[33m3[39m[22m}< >{[1m[33m4[39m[22m}< >{[1m[33m5[39m[22m}< >{[1m[33m6[39m[22m}< >{[1m[33m7[39m[22m}< >{[1m[33m8[39m[22m}< >{[1m[33m9[39m[22m}< >{[1m[33m10[39m[22m}< >{[1m[33m11[39m[22m}< >{[1m[33m12[39m[22m}< >{[1m[33m13[39m[22m}< >{[1m[33m14[39m[22m}< >{[1m[33m15[39m[22m}< >{[1m[33m16[39m[22m}< >{[1m[33m17[39m[22m}< >{[1m[33m18[39m[22m}< >{[1m[33m19[39m[22m}< >{[1m[33m20[39m[22m}< >{[1m[33m21[39m[22m}< >{[1m[33m22[39m[22m}< >{[1m[33m25[39m[22m}< >{[1m[33m26[39m[22m}< >{[1m[33m27[39m[22m}< >{[1m[33m28[39m[22m}< >{[1m[33m29[39m[22m}< >{[1m[33m30[39m[22m}< >{[1m[33m31[39m[22m}< >{[1m[33m32[39m[22m}< >{[1m[33m33[39m[22m}< >{[1m[33m34[39m[22m}< >{[1m[33m35[39m[22m}< >{[1m[33m36[39m[22m}< >{[1m[33m37[39m[22m}< >{[1m[33m38[39m[22m}< >{[1m[33m39[39m[22m}< >{[1m[33m40[39m[22m}< >{[1m[33m41[39m[22m}< >{[1m[33m42[39m[22m}< >{[1m[33m43[39m[22m}< >{[1m[33m44[39m[22m}< >{[1m[33m45[39m[22m}< >{[1m[33m46[39m[22m}< >{[1m[33m47[39m[22m}< >{[1m[33m48[39m[22m}< >{[1m[33m49[39m[22m}< >{[1m[33m50[39m[22m}< >{[1m[33m55[39m[22m}< >{[1m[33m56[39m[22m}< >{[1m[33m57[39m[22m}< >{[1m[33m58[39m[22m}< >{[1m[33m59[39m[22m}< >{[1m[33m60[39m[22m}< >{[1m[33m61[39m[22m}< >{[1m[33m62[39m[22m}< >{[1m[33m63[39m[22m}< >{[1m[33m64[39m[22m}< >{[1m[33m65[39m[22m}< >{[1m[33m66[39m[22m}< >{[1m[33m67[39m[22m}< >{[1m[33m68[39m[22m}< >{[1m[33m69[39m[22m}<[1m[33m [initial][39m[22m[1m[32m [rendered][39m[22m[1m[33m split chunk (cache group: vendor) (name: vendors)[39m[22m
  [2] [1m./node_modules/core-js/internals/export.js[39m[22m 2.65 KiB {[1m[33m9[39m[22m}[1m[32m [built][39m[22m
  [4] [1m./node_modules/core-js/internals/fails.js[39m[22m 122 bytes {[1m[33m9[39m[22m}[1m[32m [built][39m[22m
  [5] [1m./node_modules/core-js/internals/function-uncurry-this.js[39m[22m 445 bytes {[1m[33m9[39m[22m}[1m[32m [built][39m[22m
  [7] [1m./node_modules/core-js/internals/global-this.js[39m[22m 649 bytes {[1m[33m9[39m[22m}[1m[32m [built][39m[22m
 [18] [1m./node_modules/core-js/internals/an-object.js[39m[22m 304 bytes {[1m[33m9[39m[22m}[1m[32m [built][39m[22m
 [21] [1m./node_modules/core-js/internals/descriptors.js[39m[22m 323 bytes {[1m[33m9[39m[22m}[1m[32m [built][39m[22m
 [23] [1m./node_modules/core-js/internals/is-object.js[39m[22m 168 bytes {[1m[33m9[39m[22m}[1m[32m [built][39m[22m
 [29] [1m./node_modules/core-js/internals/get-built-in.js[39m[22m 393 bytes {[1m[33m9[39m[22m}[1m[32m [built][39m[22m
 [30] [1m./node_modules/core-js/internals/has-own-property.js[39m[22m 434 bytes {[1m[33m9[39m[22m}[1m[32m [built][39m[22m
 [31] [1m./node_modules/core-js/internals/a-callable.js[39m[22m 354 bytes {[1m[33m9[39m[22m}[1m[32m [built][39m[22m
 [32] [1m./node_modules/core-js/internals/is-callable.js[39m[22m 533 bytes {[1m[33m9[39m[22m}[1m[32m [built][39m[22m
 [38] [1m./node_modules/core-js/internals/is-pure.js[39m[22m 38 bytes {[1m[33m9[39m[22m}[1m[32m [built][39m[22m
 [39] [1m./node_modules/core-js/internals/define-built-in.js[39m[22m 979 bytes {[1m[33m9[39m[22m}[1m[32m [built][39m[22m
 [40] [1m./node_modules/core-js/internals/length-of-array-like.js[39m[22m 225 bytes {[1m[33m9[39m[22m}[1m[32m [built][39m[22m
 [44] [1m./node_modules/core-js/internals/object-define-property.js[39m[22m 1.85 KiB {[1m[33m9[39m[22m}[1m[32m [built][39m[22m
     + 191 hidden modules
chunk   {[1m[33m10[39m[22m} [1m[32mvendors~b4e9eb06.137283cc.chunk.js[39m[22m (vendors~b4e9eb06) 59.6 KiB <{[1m[33m0[39m[22m}> <{[1m[33m1[39m[22m}> <{[1m[33m2[39m[22m}> <{[1m[33m3[39m[22m}> <{[1m[33m4[39m[22m}> <{[1m[33m5[39m[22m}> <{[1m[33m6[39m[22m}> <{[1m[33m7[39m[22m}> <{[1m[33m8[39m[22m}> <{[1m[33m9[39m[22m}> <{[1m[33m10[39m[22m}> <{[1m[33m11[39m[22m}> <{[1m[33m12[39m[22m}> <{[1m[33m13[39m[22m}> <{[1m[33m14[39m[22m}> <{[1m[33m15[39m[22m}> <{[1m[33m16[39m[22m}> <{[1m[33m23[39m[22m}> <{[1m[33m24[39m[22m}> <{[1m[33m51[39m[22m}> <{[1m[33m52[39m[22m}> <{[1m[33m53[39m[22m}> <{[1m[33m54[39m[22m}> ={[1m[33m0[39m[22m}= ={[1m[33m1[39m[22m}= ={[1m[33m2[39m[22m}= ={[1m[33m3[39m[22m}= ={[1m[33m4[39m[22m}= ={[1m[33m5[39m[22m}= ={[1m[33m6[39m[22m}= ={[1m[33m7[39m[22m}= ={[1m[33m8[39m[22m}= ={[1m[33m9[39m[22m}= ={[1m[33m11[39m[22m}= ={[1m[33m12[39m[22m}= ={[1m[33m13[39m[22m}= ={[1m[33m14[39m[22m}= ={[1m[33m15[39m[22m}= ={[1m[33m16[39m[22m}= ={[1m[33m17[39m[22m}= ={[1m[33m18[39m[22m}= ={[1m[33m19[39m[22m}= ={[1m[33m20[39m[22m}= ={[1m[33m21[39m[22m}= ={[1m[33m22[39m[22m}= ={[1m[33m23[39m[22m}= ={[1m[33m24[39m[22m}= ={[1m[33m25[39m[22m}= ={[1m[33m26[39m[22m}= ={[1m[33m27[39m[22m}= ={[1m[33m28[39m[22m}= ={[1m[33m29[39m[22m}= ={[1m[33m30[39m[22m}= ={[1m[33m31[39m[22m}= ={[1m[33m32[39m[22m}= ={[1m[33m33[39m[22m}= ={[1m[33m34[39m[22m}= ={[1m[33m35[39m[22m}= ={[1m[33m36[39m[22m}= ={[1m[33m37[39m[22m}= ={[1m[33m38[39m[22m}= ={[1m[33m39[39m[22m}= ={[1m[33m40[39m[22m}= ={[1m[33m41[39m[22m}= ={[1m[33m42[39m[22m}= ={[1m[33m43[39m[22m}= ={[1m[33m44[39m[22m}= ={[1m[33m45[39m[22m}= ={[1m[33m46[39m[22m}= ={[1m[33m47[39m[22m}= ={[1m[33m48[39m[22m}= ={[1m[33m49[39m[22m}= ={[1m[33m50[39m[22m}= ={[1m[33m51[39m[22m}= ={[1m[33m52[39m[22m}= ={[1m[33m53[39m[22m}= ={[1m[33m54[39m[22m}= ={[1m[33m55[39m[22m}= ={[1m[33m57[39m[22m}= ={[1m[33m58[39m[22m}= ={[1m[33m62[39m[22m}= ={[1m[33m67[39m[22m}= ={[1m[33m69[39m[22m}= >{[1m[33m0[39m[22m}< >{[1m[33m1[39m[22m}< >{[1m[33m2[39m[22m}< >{[1m[33m3[39m[22m}< >{[1m[33m4[39m[22m}< >{[1m[33m5[39m[22m}< >{[1m[33m6[39m[22m}< >{[1m[33m7[39m[22m}< >{[1m[33m8[39m[22m}< >{[1m[33m9[39m[22m}< >{[1m[33m10[39m[22m}< >{[1m[33m11[39m[22m}< >{[1m[33m12[39m[22m}< >{[1m[33m13[39m[22m}< >{[1m[33m14[39m[22m}< >{[1m[33m15[39m[22m}< >{[1m[33m16[39m[22m}< >{[1m[33m17[39m[22m}< >{[1m[33m18[39m[22m}< >{[1m[33m19[39m[22m}< >{[1m[33m20[39m[22m}< >{[1m[33m21[39m[22m}< >{[1m[33m22[39m[22m}< >{[1m[33m25[39m[22m}< >{[1m[33m26[39m[22m}< >{[1m[33m27[39m[22m}< >{[1m[33m28[39m[22m}< >{[1m[33m29[39m[22m}< >{[1m[33m30[39m[22m}< >{[1m[33m31[39m[22m}< >{[1m[33m32[39m[22m}< >{[1m[33m33[39m[22m}< >{[1m[33m34[39m[22m}< >{[1m[33m35[39m[22m}< >{[1m[33m36[39m[22m}< >{[1m[33m37[39m[22m}< >{[1m[33m38[39m[22m}< >{[1m[33m39[39m[22m}< >{[1m[33m40[39m[22m}< >{[1m[33m41[39m[22m}< >{[1m[33m42[39m[22m}< >{[1m[33m43[39m[22m}< >{[1m[33m44[39m[22m}< >{[1m[33m45[39m[22m}< >{[1m[33m46[39m[22m}< >{[1m[33m47[39m[22m}< >{[1m[33m48[39m[22m}< >{[1m[33m49[39m[22m}< >{[1m[33m50[39m[22m}< >{[1m[33m55[39m[22m}< >{[1m[33m56[39m[22m}< >{[1m[33m57[39m[22m}< >{[1m[33m58[39m[22m}< >{[1m[33m59[39m[22m}< >{[1m[33m60[39m[22m}< >{[1m[33m61[39m[22m}< >{[1m[33m62[39m[22m}< >{[1m[33m63[39m[22m}< >{[1m[33m64[39m[22m}< >{[1m[33m65[39m[22m}< >{[1m[33m66[39m[22m}< >{[1m[33m67[39m[22m}< >{[1m[33m68[39m[22m}< >{[1m[33m69[39m[22m}<[1m[33m [initial][39m[22m[1m[32m [rendered][39m[22m[1m[33m split chunk (cache group: vendor) (name: vendors)[39m[22m
  [27] [1m./node_modules/core-js/internals/to-string.js[39m[22m 259 bytes {[1m[33m10[39m[22m}[1m[32m [built][39m[22m
  [37] [1m./node_modules/core-js/internals/to-object.js[39m[22m 285 bytes {[1m[33m10[39m[22m}[1m[32m [built][39m[22m
  [49] [1m./node_modules/core-js/internals/to-integer-or-infinity.js[39m[22m 350 bytes {[1m[33m10[39m[22m}[1m[32m [built][39m[22m
  [54] [1m./node_modules/core-js/internals/to-indexed-object.js[39m[22m 299 bytes {[1m[33m10[39m[22m}[1m[32m [built][39m[22m
  [74] [1m./node_modules/core-js/internals/set-to-string-tag.js[39m[22m 497 bytes {[1m[33m10[39m[22m}[1m[32m [built][39m[22m
  [99] [1m./node_modules/core-js/internals/to-absolute-index.js[39m[22m 485 bytes {[1m[33m10[39m[22m}[1m[32m [built][39m[22m
 [124] [1m./node_modules/core-js/internals/regexp-get-flags.js[39m[22m 653 bytes {[1m[33m10[39m[22m}[1m[32m [built][39m[22m
 [140] [1m./node_modules/core-js/internals/set-species.js[39m[22m 601 bytes {[1m[33m10[39m[22m}[1m[32m [built][39m[22m
 [190] [1m./node_modules/core-js/internals/regexp-sticky-helpers.js[39m[22m 861 bytes {[1m[33m10[39m[22m}[1m[32m [built][39m[22m
 [227] [1m./node_modules/core-js/internals/to-string-tag-support.js[39m[22m 306 bytes {[1m[33m10[39m[22m}[1m[32m [built][39m[22m
 [234] [1m./node_modules/core-js/internals/regexp-flags.js[39m[22m 562 bytes {[1m[33m10[39m[22m}[1m[32m [built][39m[22m
 [235] [1m./node_modules/core-js/internals/regexp-unsupported-dot-all.js[39m[22m 376 bytes {[1m[33m10[39m[22m}[1m[32m [built][39m[22m
 [236] [1m./node_modules/core-js/internals/regexp-exec.js[39m[22m 3.94 KiB {[1m[33m10[39m[22m}[1m[32m [built][39m[22m
 [304] [1m./node_modules/core-js/internals/regexp-flags-detection.js[39m[22m 1.2 KiB {[1m[33m10[39m[22m}[1m[32m [built][39m[22m
 [306] [1m./node_modules/core-js/internals/regexp-unsupported-ncg.js[39m[22m 415 bytes {[1m[33m10[39m[22m}[1m[32m [built][39m[22m
     + 51 hidden modules
chunk   {[1m[33m11[39m[22m} [1m[32mvendors~c11c34ec.74118059.chunk.js[39m[22m (vendors~c11c34ec) 206 KiB <{[1m[33m0[39m[22m}> <{[1m[33m1[39m[22m}> <{[1m[33m2[39m[22m}> <{[1m[33m3[39m[22m}> <{[1m[33m4[39m[22m}> <{[1m[33m5[39m[22m}> <{[1m[33m6[39m[22m}> <{[1m[33m7[39m[22m}> <{[1m[33m8[39m[22m}> <{[1m[33m9[39m[22m}> <{[1m[33m10[39m[22m}> <{[1m[33m11[39m[22m}> <{[1m[33m12[39m[22m}> <{[1m[33m13[39m[22m}> <{[1m[33m14[39m[22m}> <{[1m[33m15[39m[22m}> <{[1m[33m16[39m[22m}> <{[1m[33m23[39m[22m}> <{[1m[33m24[39m[22m}> <{[1m[33m51[39m[22m}> <{[1m[33m52[39m[22m}> <{[1m[33m53[39m[22m}> <{[1m[33m54[39m[22m}> ={[1m[33m0[39m[22m}= ={[1m[33m1[39m[22m}= ={[1m[33m2[39m[22m}= ={[1m[33m3[39m[22m}= ={[1m[33m4[39m[22m}= ={[1m[33m5[39m[22m}= ={[1m[33m6[39m[22m}= ={[1m[33m7[39m[22m}= ={[1m[33m8[39m[22m}= ={[1m[33m9[39m[22m}= ={[1m[33m10[39m[22m}= ={[1m[33m12[39m[22m}= ={[1m[33m13[39m[22m}= ={[1m[33m14[39m[22m}= ={[1m[33m15[39m[22m}= ={[1m[33m16[39m[22m}= ={[1m[33m17[39m[22m}= ={[1m[33m18[39m[22m}= ={[1m[33m19[39m[22m}= ={[1m[33m20[39m[22m}= ={[1m[33m21[39m[22m}= ={[1m[33m22[39m[22m}= ={[1m[33m23[39m[22m}= ={[1m[33m24[39m[22m}= ={[1m[33m25[39m[22m}= ={[1m[33m26[39m[22m}= ={[1m[33m27[39m[22m}= ={[1m[33m28[39m[22m}= ={[1m[33m29[39m[22m}= ={[1m[33m30[39m[22m}= ={[1m[33m31[39m[22m}= ={[1m[33m32[39m[22m}= ={[1m[33m33[39m[22m}= ={[1m[33m34[39m[22m}= ={[1m[33m35[39m[22m}= ={[1m[33m36[39m[22m}= ={[1m[33m37[39m[22m}= ={[1m[33m38[39m[22m}= ={[1m[33m39[39m[22m}= ={[1m[33m40[39m[22m}= ={[1m[33m41[39m[22m}= ={[1m[33m42[39m[22m}= ={[1m[33m43[39m[22m}= ={[1m[33m44[39m[22m}= ={[1m[33m45[39m[22m}= ={[1m[33m46[39m[22m}= ={[1m[33m47[39m[22m}= ={[1m[33m48[39m[22m}= ={[1m[33m49[39m[22m}= ={[1m[33m50[39m[22m}= ={[1m[33m51[39m[22m}= ={[1m[33m52[39m[22m}= ={[1m[33m53[39m[22m}= ={[1m[33m54[39m[22m}= ={[1m[33m55[39m[22m}= ={[1m[33m57[39m[22m}= ={[1m[33m58[39m[22m}= ={[1m[33m62[39m[22m}= ={[1m[33m67[39m[22m}= ={[1m[33m69[39m[22m}= >{[1m[33m0[39m[22m}< >{[1m[33m1[39m[22m}< >{[1m[33m2[39m[22m}< >{[1m[33m3[39m[22m}< >{[1m[33m4[39m[22m}< >{[1m[33m5[39m[22m}< >{[1m[33m6[39m[22m}< >{[1m[33m7[39m[22m}< >{[1m[33m8[39m[22m}< >{[1m[33m9[39m[22m}< >{[1m[33m10[39m[22m}< >{[1m[33m11[39m[22m}< >{[1m[33m12[39m[22m}< >{[1m[33m13[39m[22m}< >{[1m[33m14[39m[22m}< >{[1m[33m15[39m[22m}< >{[1m[33m16[39m[22m}< >{[1m[33m17[39m[22m}< >{[1m[33m18[39m[22m}< >{[1m[33m19[39m[22m}< >{[1m[33m20[39m[22m}< >{[1m[33m21[39m[22m}< >{[1m[33m22[39m[22m}< >{[1m[33m25[39m[22m}< >{[1m[33m26[39m[22m}< >{[1m[33m27[39m[22m}< >{[1m[33m28[39m[22m}< >{[1m[33m29[39m[22m}< >{[1m[33m30[39m[22m}< >{[1m[33m31[39m[22m}< >{[1m[33m32[39m[22m}< >{[1m[33m33[39m[22m}< >{[1m[33m34[39m[22m}< >{[1m[33m35[39m[22m}< >{[1m[33m36[39m[22m}< >{[1m[33m37[39m[22m}< >{[1m[33m38[39m[22m}< >{[1m[33m39[39m[22m}< >{[1m[33m40[39m[22m}< >{[1m[33m41[39m[22m}< >{[1m[33m42[39m[22m}< >{[1m[33m43[39m[22m}< >{[1m[33m44[39m[22m}< >{[1m[33m45[39m[22m}< >{[1m[33m46[39m[22m}< >{[1m[33m47[39m[22m}< >{[1m[33m48[39m[22m}< >{[1m[33m49[39m[22m}< >{[1m[33m50[39m[22m}< >{[1m[33m55[39m[22m}< >{[1m[33m56[39m[22m}< >{[1m[33m57[39m[22m}< >{[1m[33m58[39m[22m}< >{[1m[33m59[39m[22m}< >{[1m[33m60[39m[22m}< >{[1m[33m61[39m[22m}< >{[1m[33m62[39m[22m}< >{[1m[33m63[39m[22m}< >{[1m[33m64[39m[22m}< >{[1m[33m65[39m[22m}< >{[1m[33m66[39m[22m}< >{[1m[33m67[39m[22m}< >{[1m[33m68[39m[22m}< >{[1m[33m69[39m[22m}<[1m[33m [initial][39m[22m[1m[32m [rendered][39m[22m[1m[33m split chunk (cache group: vendor) (name: vendors)[39m[22m
   [8] [1m./node_modules/core-js/modules/es.object.to-string.js[39m[22m 411 bytes {[1m[33m11[39m[22m}[1m[32m [built][39m[22m
  [11] [1m./node_modules/core-js/modules/es.symbol.js[39m[22m 322 bytes {[1m[33m11[39m[22m}[1m[32m [built][39m[22m
  [15] [1m./node_modules/core-js/modules/es.regexp.exec.js[39m[22m 274 bytes {[1m[33m11[39m[22m}[1m[32m [built][39m[22m
  [17] [1m./node_modules/core-js/modules/es.regexp.to-string.js[39m[22m 1.06 KiB {[1m[33m11[39m[22m}[1m[32m [built][39m[22m
  [19] [1m./node_modules/core-js/modules/es.symbol.description.js[39m[22m 2.63 KiB {[1m[33m11[39m[22m}[1m[32m [built][39m[22m
  [42] [1m./node_modules/core-js/modules/es.object.get-own-property-descriptors.js[39m[22m 1.01 KiB {[1m[33m11[39m[22m}[1m[32m [built][39m[22m
  [47] [1m./node_modules/core-js/modules/es.promise.js[39m[22m 346 bytes {[1m[33m11[39m[22m}[1m[32m [built][39m[22m
  [63] [1m./node_modules/core-js/modules/es.reflect.construct.js[39m[22m 2.25 KiB {[1m[33m11[39m[22m}[1m[32m [built][39m[22m
  [72] [1m./node_modules/core-js/modules/es.weak-map.js[39m[22m 142 bytes {[1m[33m11[39m[22m}[1m[32m [built][39m[22m
 [143] [1m./node_modules/core-js/modules/esnext.global-this.js[39m[22m 85 bytes {[1m[33m11[39m[22m}[1m[32m [built][39m[22m
 [280] [1m./node_modules/core-js/modules/es.regexp.constructor.js[39m[22m 6.69 KiB {[1m[33m11[39m[22m}[1m[32m [built][39m[22m
 [298] [1m./node_modules/core-js/modules/es.object.from-entries.js[39m[22m 477 bytes {[1m[33m11[39m[22m}[1m[32m [built][39m[22m
 [307] [1m./node_modules/core-js/modules/es.regexp.flags.js[39m[22m 611 bytes {[1m[33m11[39m[22m}[1m[32m [built][39m[22m
 [432] [1m./node_modules/core-js/modules/esnext.promise.all-settled.js[39m[22m 96 bytes {[1m[33m11[39m[22m}[1m[32m [built][39m[22m
 [433] [1m./node_modules/core-js/modules/esnext.string.match-all.js[39m[22m 90 bytes {[1m[33m11[39m[22m}[1m[32m [built][39m[22m
     + 205 hidden modules
chunk   {[1m[33m12[39m[22m} [1m[32mvendors~c3463627.2775e57f.chunk.js[39m[22m (vendors~c3463627) 202 KiB <{[1m[33m0[39m[22m}> <{[1m[33m1[39m[22m}> <{[1m[33m2[39m[22m}> <{[1m[33m3[39m[22m}> <{[1m[33m4[39m[22m}> <{[1m[33m5[39m[22m}> <{[1m[33m6[39m[22m}> <{[1m[33m7[39m[22m}> <{[1m[33m8[39m[22m}> <{[1m[33m9[39m[22m}> <{[1m[33m10[39m[22m}> <{[1m[33m11[39m[22m}> <{[1m[33m12[39m[22m}> <{[1m[33m13[39m[22m}> <{[1m[33m14[39m[22m}> <{[1m[33m15[39m[22m}> <{[1m[33m16[39m[22m}> <{[1m[33m23[39m[22m}> <{[1m[33m24[39m[22m}> <{[1m[33m51[39m[22m}> <{[1m[33m52[39m[22m}> <{[1m[33m53[39m[22m}> <{[1m[33m54[39m[22m}> ={[1m[33m0[39m[22m}= ={[1m[33m1[39m[22m}= ={[1m[33m2[39m[22m}= ={[1m[33m3[39m[22m}= ={[1m[33m4[39m[22m}= ={[1m[33m5[39m[22m}= ={[1m[33m6[39m[22m}= ={[1m[33m7[39m[22m}= ={[1m[33m8[39m[22m}= ={[1m[33m9[39m[22m}= ={[1m[33m10[39m[22m}= ={[1m[33m11[39m[22m}= ={[1m[33m13[39m[22m}= ={[1m[33m14[39m[22m}= ={[1m[33m15[39m[22m}= ={[1m[33m16[39m[22m}= ={[1m[33m17[39m[22m}= ={[1m[33m18[39m[22m}= ={[1m[33m19[39m[22m}= ={[1m[33m20[39m[22m}= ={[1m[33m21[39m[22m}= ={[1m[33m22[39m[22m}= ={[1m[33m23[39m[22m}= ={[1m[33m24[39m[22m}= ={[1m[33m25[39m[22m}= ={[1m[33m26[39m[22m}= ={[1m[33m27[39m[22m}= ={[1m[33m28[39m[22m}= ={[1m[33m29[39m[22m}= ={[1m[33m30[39m[22m}= ={[1m[33m31[39m[22m}= ={[1m[33m32[39m[22m}= ={[1m[33m33[39m[22m}= ={[1m[33m34[39m[22m}= ={[1m[33m35[39m[22m}= ={[1m[33m36[39m[22m}= ={[1m[33m37[39m[22m}= ={[1m[33m38[39m[22m}= ={[1m[33m39[39m[22m}= ={[1m[33m40[39m[22m}= ={[1m[33m41[39m[22m}= ={[1m[33m42[39m[22m}= ={[1m[33m43[39m[22m}= ={[1m[33m44[39m[22m}= ={[1m[33m45[39m[22m}= ={[1m[33m46[39m[22m}= ={[1m[33m47[39m[22m}= ={[1m[33m48[39m[22m}= ={[1m[33m49[39m[22m}= ={[1m[33m50[39m[22m}= ={[1m[33m51[39m[22m}= ={[1m[33m52[39m[22m}= ={[1m[33m53[39m[22m}= ={[1m[33m54[39m[22m}= ={[1m[33m55[39m[22m}= ={[1m[33m57[39m[22m}= ={[1m[33m58[39m[22m}= ={[1m[33m62[39m[22m}= ={[1m[33m67[39m[22m}= ={[1m[33m69[39m[22m}= >{[1m[33m0[39m[22m}< >{[1m[33m1[39m[22m}< >{[1m[33m2[39m[22m}< >{[1m[33m3[39m[22m}< >{[1m[33m4[39m[22m}< >{[1m[33m5[39m[22m}< >{[1m[33m6[39m[22m}< >{[1m[33m7[39m[22m}< >{[1m[33m8[39m[22m}< >{[1m[33m9[39m[22m}< >{[1m[33m10[39m[22m}< >{[1m[33m11[39m[22m}< >{[1m[33m12[39m[22m}< >{[1m[33m13[39m[22m}< >{[1m[33m14[39m[22m}< >{[1m[33m15[39m[22m}< >{[1m[33m16[39m[22m}< >{[1m[33m17[39m[22m}< >{[1m[33m18[39m[22m}< >{[1m[33m19[39m[22m}< >{[1m[33m20[39m[22m}< >{[1m[33m21[39m[22m}< >{[1m[33m22[39m[22m}< >{[1m[33m25[39m[22m}< >{[1m[33m26[39m[22m}< >{[1m[33m27[39m[22m}< >{[1m[33m28[39m[22m}< >{[1m[33m29[39m[22m}< >{[1m[33m30[39m[22m}< >{[1m[33m31[39m[22m}< >{[1m[33m32[39m[22m}< >{[1m[33m33[39m[22m}< >{[1m[33m34[39m[22m}< >{[1m[33m35[39m[22m}< >{[1m[33m36[39m[22m}< >{[1m[33m37[39m[22m}< >{[1m[33m38[39m[22m}< >{[1m[33m39[39m[22m}< >{[1m[33m40[39m[22m}< >{[1m[33m41[39m[22m}< >{[1m[33m42[39m[22m}< >{[1m[33m43[39m[22m}< >{[1m[33m44[39m[22m}< >{[1m[33m45[39m[22m}< >{[1m[33m46[39m[22m}< >{[1m[33m47[39m[22m}< >{[1m[33m48[39m[22m}< >{[1m[33m49[39m[22m}< >{[1m[33m50[39m[22m}< >{[1m[33m55[39m[22m}< >{[1m[33m56[39m[22m}< >{[1m[33m57[39m[22m}< >{[1m[33m58[39m[22m}< >{[1m[33m59[39m[22m}< >{[1m[33m60[39m[22m}< >{[1m[33m61[39m[22m}< >{[1m[33m62[39m[22m}< >{[1m[33m63[39m[22m}< >{[1m[33m64[39m[22m}< >{[1m[33m65[39m[22m}< >{[1m[33m66[39m[22m}< >{[1m[33m67[39m[22m}< >{[1m[33m68[39m[22m}< >{[1m[33m69[39m[22m}<[1m[33m [initial][39m[22m[1m[32m [rendered][39m[22m[1m[33m split chunk (cache group: vendor) (name: vendors)[39m[22m
 [398] [1m./node_modules/@remix-run/router/dist/router.cjs.js[39m[22m 202 KiB {[1m[33m12[39m[22m}[1m[32m [built][39m[22m
chunk   {[1m[33m13[39m[22m} [1m[32mvendors~cbb91c80.26e7b384.chunk.js[39m[22m (vendors~cbb91c80) 209 KiB <{[1m[33m0[39m[22m}> <{[1m[33m1[39m[22m}> <{[1m[33m2[39m[22m}> <{[1m[33m3[39m[22m}> <{[1m[33m4[39m[22m}> <{[1m[33m5[39m[22m}> <{[1m[33m6[39m[22m}> <{[1m[33m7[39m[22m}> <{[1m[33m8[39m[22m}> <{[1m[33m9[39m[22m}> <{[1m[33m10[39m[22m}> <{[1m[33m11[39m[22m}> <{[1m[33m12[39m[22m}> <{[1m[33m13[39m[22m}> <{[1m[33m14[39m[22m}> <{[1m[33m15[39m[22m}> <{[1m[33m16[39m[22m}> <{[1m[33m23[39m[22m}> <{[1m[33m24[39m[22m}> <{[1m[33m51[39m[22m}> <{[1m[33m52[39m[22m}> <{[1m[33m53[39m[22m}> <{[1m[33m54[39m[22m}> ={[1m[33m0[39m[22m}= ={[1m[33m1[39m[22m}= ={[1m[33m2[39m[22m}= ={[1m[33m3[39m[22m}= ={[1m[33m4[39m[22m}= ={[1m[33m5[39m[22m}= ={[1m[33m6[39m[22m}= ={[1m[33m7[39m[22m}= ={[1m[33m8[39m[22m}= ={[1m[33m9[39m[22m}= ={[1m[33m10[39m[22m}= ={[1m[33m11[39m[22m}= ={[1m[33m12[39m[22m}= ={[1m[33m14[39m[22m}= ={[1m[33m15[39m[22m}= ={[1m[33m16[39m[22m}= ={[1m[33m17[39m[22m}= ={[1m[33m18[39m[22m}= ={[1m[33m19[39m[22m}= ={[1m[33m20[39m[22m}= ={[1m[33m21[39m[22m}= ={[1m[33m22[39m[22m}= ={[1m[33m23[39m[22m}= ={[1m[33m24[39m[22m}= ={[1m[33m25[39m[22m}= ={[1m[33m26[39m[22m}= ={[1m[33m27[39m[22m}= ={[1m[33m28[39m[22m}= ={[1m[33m29[39m[22m}= ={[1m[33m30[39m[22m}= ={[1m[33m31[39m[22m}= ={[1m[33m32[39m[22m}= ={[1m[33m33[39m[22m}= ={[1m[33m34[39m[22m}= ={[1m[33m35[39m[22m}= ={[1m[33m36[39m[22m}= ={[1m[33m37[39m[22m}= ={[1m[33m38[39m[22m}= ={[1m[33m39[39m[22m}= ={[1m[33m40[39m[22m}= ={[1m[33m41[39m[22m}= ={[1m[33m42[39m[22m}= ={[1m[33m43[39m[22m}= ={[1m[33m44[39m[22m}= ={[1m[33m45[39m[22m}= ={[1m[33m46[39m[22m}= ={[1m[33m47[39m[22m}= ={[1m[33m48[39m[22m}= ={[1m[33m49[39m[22m}= ={[1m[33m50[39m[22m}= ={[1m[33m51[39m[22m}= ={[1m[33m52[39m[22m}= ={[1m[33m53[39m[22m}= ={[1m[33m54[39m[22m}= ={[1m[33m55[39m[22m}= ={[1m[33m57[39m[22m}= ={[1m[33m58[39m[22m}= ={[1m[33m62[39m[22m}= ={[1m[33m67[39m[22m}= ={[1m[33m69[39m[22m}= >{[1m[33m0[39m[22m}< >{[1m[33m1[39m[22m}< >{[1m[33m2[39m[22m}< >{[1m[33m3[39m[22m}< >{[1m[33m4[39m[22m}< >{[1m[33m5[39m[22m}< >{[1m[33m6[39m[22m}< >{[1m[33m7[39m[22m}< >{[1m[33m8[39m[22m}< >{[1m[33m9[39m[22m}< >{[1m[33m10[39m[22m}< >{[1m[33m11[39m[22m}< >{[1m[33m12[39m[22m}< >{[1m[33m13[39m[22m}< >{[1m[33m14[39m[22m}< >{[1m[33m15[39m[22m}< >{[1m[33m16[39m[22m}< >{[1m[33m17[39m[22m}< >{[1m[33m18[39m[22m}< >{[1m[33m19[39m[22m}< >{[1m[33m20[39m[22m}< >{[1m[33m21[39m[22m}< >{[1m[33m22[39m[22m}< >{[1m[33m25[39m[22m}< >{[1m[33m26[39m[22m}< >{[1m[33m27[39m[22m}< >{[1m[33m28[39m[22m}< >{[1m[33m29[39m[22m}< >{[1m[33m30[39m[22m}< >{[1m[33m31[39m[22m}< >{[1m[33m32[39m[22m}< >{[1m[33m33[39m[22m}< >{[1m[33m34[39m[22m}< >{[1m[33m35[39m[22m}< >{[1m[33m36[39m[22m}< >{[1m[33m37[39m[22m}< >{[1m[33m38[39m[22m}< >{[1m[33m39[39m[22m}< >{[1m[33m40[39m[22m}< >{[1m[33m41[39m[22m}< >{[1m[33m42[39m[22m}< >{[1m[33m43[39m[22m}< >{[1m[33m44[39m[22m}< >{[1m[33m45[39m[22m}< >{[1m[33m46[39m[22m}< >{[1m[33m47[39m[22m}< >{[1m[33m48[39m[22m}< >{[1m[33m49[39m[22m}< >{[1m[33m50[39m[22m}< >{[1m[33m55[39m[22m}< >{[1m[33m56[39m[22m}< >{[1m[33m57[39m[22m}< >{[1m[33m58[39m[22m}< >{[1m[33m59[39m[22m}< >{[1m[33m60[39m[22m}< >{[1m[33m61[39m[22m}< >{[1m[33m62[39m[22m}< >{[1m[33m63[39m[22m}< >{[1m[33m64[39m[22m}< >{[1m[33m65[39m[22m}< >{[1m[33m66[39m[22m}< >{[1m[33m67[39m[22m}< >{[1m[33m68[39m[22m}< >{[1m[33m69[39m[22m}<[1m[33m [initial][39m[22m[1m[32m [rendered][39m[22m[1m[33m split chunk (cache group: vendor) (name: vendors)[39m[22m
 [105] [1m./node_modules/@tanstack/query-core/build/legacy/notifyManager.cjs[39m[22m 7.12 KiB {[1m[33m13[39m[22m}[1m[32m [built][39m[22m
 [265] [1m./node_modules/@tanstack/query-core/build/legacy/queryObserver.cjs[39m[22m 30.5 KiB {[1m[33m13[39m[22m}[1m[32m [built][39m[22m
 [266] [1m./node_modules/@tanstack/query-core/build/legacy/query.cjs[39m[22m 28.4 KiB {[1m[33m13[39m[22m}[1m[32m [built][39m[22m
 [267] [1m./node_modules/@tanstack/query-core/build/legacy/retryer.cjs[39m[22m 10.7 KiB {[1m[33m13[39m[22m}[1m[32m [built][39m[22m
 [268] [1m./node_modules/@tanstack/query-core/build/legacy/onlineManager.cjs[39m[22m 8.51 KiB {[1m[33m13[39m[22m}[1m[32m [built][39m[22m
 [269] [1m./node_modules/@tanstack/query-core/build/legacy/mutation.cjs[39m[22m 18.8 KiB {[1m[33m13[39m[22m}[1m[32m [built][39m[22m
 [392] [1m./node_modules/@tanstack/query-core/build/legacy/removable.cjs[39m[22m 6.11 KiB {[1m[33m13[39m[22m}[1m[32m [built][39m[22m
 [393] [1m./node_modules/@tanstack/query-core/build/legacy/infiniteQueryBehavior.cjs[39m[22m 12.3 KiB {[1m[33m13[39m[22m}[1m[32m [built][39m[22m
 [394] [1m./node_modules/@tanstack/query-core/build/legacy/mutationCache.cjs[39m[22m 13.3 KiB {[1m[33m13[39m[22m}[1m[32m [built][39m[22m
 [395] [1m./node_modules/@tanstack/query-core/build/legacy/queryCache.cjs[39m[22m 11.2 KiB {[1m[33m13[39m[22m}[1m[32m [built][39m[22m
 [737] [1m./node_modules/@tanstack/query-core/build/legacy/infiniteQueryObserver.cjs[39m[22m 9.13 KiB {[1m[33m13[39m[22m}[1m[32m [built][39m[22m
 [742] [1m./node_modules/@tanstack/query-core/build/legacy/mutationObserver.cjs[39m[22m 12.5 KiB {[1m[33m13[39m[22m}[1m[32m [built][39m[22m
 [743] [1m./node_modules/@tanstack/query-core/build/legacy/queriesObserver.cjs[39m[22m 16.7 KiB {[1m[33m13[39m[22m}[1m[32m [built][39m[22m
 [744] [1m./node_modules/@tanstack/query-core/build/legacy/queryClient.cjs[39m[22m 23.5 KiB {[1m[33m13[39m[22m}[1m[32m [built][39m[22m
chunk   {[1m[33m14[39m[22m} [1m[32mvendors~d939e436.6361c32a.chunk.js[39m[22m (vendors~d939e436) 22.9 KiB <{[1m[33m0[39m[22m}> <{[1m[33m1[39m[22m}> <{[1m[33m2[39m[22m}> <{[1m[33m3[39m[22m}> <{[1m[33m4[39m[22m}> <{[1m[33m5[39m[22m}> <{[1m[33m6[39m[22m}> <{[1m[33m7[39m[22m}> <{[1m[33m8[39m[22m}> <{[1m[33m9[39m[22m}> <{[1m[33m10[39m[22m}> <{[1m[33m11[39m[22m}> <{[1m[33m12[39m[22m}> <{[1m[33m13[39m[22m}> <{[1m[33m14[39m[22m}> <{[1m[33m15[39m[22m}> <{[1m[33m16[39m[22m}> <{[1m[33m23[39m[22m}> <{[1m[33m24[39m[22m}> <{[1m[33m51[39m[22m}> <{[1m[33m52[39m[22m}> <{[1m[33m53[39m[22m}> <{[1m[33m54[39m[22m}> ={[1m[33m0[39m[22m}= ={[1m[33m1[39m[22m}= ={[1m[33m2[39m[22m}= ={[1m[33m3[39m[22m}= ={[1m[33m4[39m[22m}= ={[1m[33m5[39m[22m}= ={[1m[33m6[39m[22m}= ={[1m[33m7[39m[22m}= ={[1m[33m8[39m[22m}= ={[1m[33m9[39m[22m}= ={[1m[33m10[39m[22m}= ={[1m[33m11[39m[22m}= ={[1m[33m12[39m[22m}= ={[1m[33m13[39m[22m}= ={[1m[33m15[39m[22m}= ={[1m[33m16[39m[22m}= ={[1m[33m17[39m[22m}= ={[1m[33m18[39m[22m}= ={[1m[33m19[39m[22m}= ={[1m[33m20[39m[22m}= ={[1m[33m21[39m[22m}= ={[1m[33m22[39m[22m}= ={[1m[33m23[39m[22m}= ={[1m[33m24[39m[22m}= ={[1m[33m25[39m[22m}= ={[1m[33m26[39m[22m}= ={[1m[33m27[39m[22m}= ={[1m[33m28[39m[22m}= ={[1m[33m29[39m[22m}= ={[1m[33m30[39m[22m}= ={[1m[33m31[39m[22m}= ={[1m[33m32[39m[22m}= ={[1m[33m33[39m[22m}= ={[1m[33m34[39m[22m}= ={[1m[33m35[39m[22m}= ={[1m[33m36[39m[22m}= ={[1m[33m37[39m[22m}= ={[1m[33m38[39m[22m}= ={[1m[33m39[39m[22m}= ={[1m[33m40[39m[22m}= ={[1m[33m41[39m[22m}= ={[1m[33m42[39m[22m}= ={[1m[33m43[39m[22m}= ={[1m[33m44[39m[22m}= ={[1m[33m45[39m[22m}= ={[1m[33m46[39m[22m}= ={[1m[33m47[39m[22m}= ={[1m[33m48[39m[22m}= ={[1m[33m49[39m[22m}= ={[1m[33m50[39m[22m}= ={[1m[33m51[39m[22m}= ={[1m[33m52[39m[22m}= ={[1m[33m53[39m[22m}= ={[1m[33m54[39m[22m}= ={[1m[33m55[39m[22m}= ={[1m[33m57[39m[22m}= ={[1m[33m58[39m[22m}= ={[1m[33m62[39m[22m}= ={[1m[33m67[39m[22m}= ={[1m[33m69[39m[22m}= >{[1m[33m0[39m[22m}< >{[1m[33m1[39m[22m}< >{[1m[33m2[39m[22m}< >{[1m[33m3[39m[22m}< >{[1m[33m4[39m[22m}< >{[1m[33m5[39m[22m}< >{[1m[33m6[39m[22m}< >{[1m[33m7[39m[22m}< >{[1m[33m8[39m[22m}< >{[1m[33m9[39m[22m}< >{[1m[33m10[39m[22m}< >{[1m[33m11[39m[22m}< >{[1m[33m12[39m[22m}< >{[1m[33m13[39m[22m}< >{[1m[33m14[39m[22m}< >{[1m[33m15[39m[22m}< >{[1m[33m16[39m[22m}< >{[1m[33m17[39m[22m}< >{[1m[33m18[39m[22m}< >{[1m[33m19[39m[22m}< >{[1m[33m20[39m[22m}< >{[1m[33m21[39m[22m}< >{[1m[33m22[39m[22m}< >{[1m[33m25[39m[22m}< >{[1m[33m26[39m[22m}< >{[1m[33m27[39m[22m}< >{[1m[33m28[39m[22m}< >{[1m[33m29[39m[22m}< >{[1m[33m30[39m[22m}< >{[1m[33m31[39m[22m}< >{[1m[33m32[39m[22m}< >{[1m[33m33[39m[22m}< >{[1m[33m34[39m[22m}< >{[1m[33m35[39m[22m}< >{[1m[33m36[39m[22m}< >{[1m[33m37[39m[22m}< >{[1m[33m38[39m[22m}< >{[1m[33m39[39m[22m}< >{[1m[33m40[39m[22m}< >{[1m[33m41[39m[22m}< >{[1m[33m42[39m[22m}< >{[1m[33m43[39m[22m}< >{[1m[33m44[39m[22m}< >{[1m[33m45[39m[22m}< >{[1m[33m46[39m[22m}< >{[1m[33m47[39m[22m}< >{[1m[33m48[39m[22m}< >{[1m[33m49[39m[22m}< >{[1m[33m50[39m[22m}< >{[1m[33m55[39m[22m}< >{[1m[33m56[39m[22m}< >{[1m[33m57[39m[22m}< >{[1m[33m58[39m[22m}< >{[1m[33m59[39m[22m}< >{[1m[33m60[39m[22m}< >{[1m[33m61[39m[22m}< >{[1m[33m62[39m[22m}< >{[1m[33m63[39m[22m}< >{[1m[33m64[39m[22m}< >{[1m[33m65[39m[22m}< >{[1m[33m66[39m[22m}< >{[1m[33m67[39m[22m}< >{[1m[33m68[39m[22m}< >{[1m[33m69[39m[22m}<[1m[33m [initial][39m[22m[1m[32m [rendered][39m[22m[1m[33m split chunk (cache group: vendor) (name: vendors)[39m[22m
 [147] [1m./node_modules/goober/dist/goober.cjs[39m[22m 2.26 KiB {[1m[33m14[39m[22m}[1m[32m [built][39m[22m
 [434] [1m./node_modules/core-js/stable/index.js[39m[22m 13.3 KiB {[1m[33m14[39m[22m}[1m[32m [built][39m[22m
 [775] [1m./node_modules/hoist-non-react-statics/node_modules/react-is/index.js[39m[22m 196 bytes {[1m[33m14[39m[22m}[1m[32m [built][39m[22m
 [776] [1m./node_modules/hoist-non-react-statics/node_modules/react-is/cjs/react-is.production.min.js[39m[22m 2.49 KiB {[1m[33m14[39m[22m}[1m[32m [built][39m[22m
 [781] [1m./node_modules/dom-helpers/cjs/addClass.js[39m[22m 743 bytes {[1m[33m14[39m[22m}[1m[32m [built][39m[22m
 [782] [1m./node_modules/dom-helpers/cjs/hasClass.js[39m[22m 474 bytes {[1m[33m14[39m[22m}[1m[32m [built][39m[22m
 [783] [1m./node_modules/dom-helpers/cjs/removeClass.js[39m[22m 806 bytes {[1m[33m14[39m[22m}[1m[32m [built][39m[22m
 [799] [1m./node_modules/hoist-non-react-statics/dist/hoist-non-react-statics.cjs.js[39m[22m 2.68 KiB {[1m[33m14[39m[22m}[1m[32m [built][39m[22m
chunk   {[1m[33m15[39m[22m} [1m[32mvendors~d9f352e0.2a7eee66.chunk.js[39m[22m (vendors~d9f352e0) 29 KiB <{[1m[33m0[39m[22m}> <{[1m[33m1[39m[22m}> <{[1m[33m2[39m[22m}> <{[1m[33m3[39m[22m}> <{[1m[33m4[39m[22m}> <{[1m[33m5[39m[22m}> <{[1m[33m6[39m[22m}> <{[1m[33m7[39m[22m}> <{[1m[33m8[39m[22m}> <{[1m[33m9[39m[22m}> <{[1m[33m10[39m[22m}> <{[1m[33m11[39m[22m}> <{[1m[33m12[39m[22m}> <{[1m[33m13[39m[22m}> <{[1m[33m14[39m[22m}> <{[1m[33m15[39m[22m}> <{[1m[33m16[39m[22m}> <{[1m[33m23[39m[22m}> <{[1m[33m24[39m[22m}> <{[1m[33m51[39m[22m}> <{[1m[33m52[39m[22m}> <{[1m[33m53[39m[22m}> <{[1m[33m54[39m[22m}> ={[1m[33m0[39m[22m}= ={[1m[33m1[39m[22m}= ={[1m[33m2[39m[22m}= ={[1m[33m3[39m[22m}= ={[1m[33m4[39m[22m}= ={[1m[33m5[39m[22m}= ={[1m[33m6[39m[22m}= ={[1m[33m7[39m[22m}= ={[1m[33m8[39m[22m}= ={[1m[33m9[39m[22m}= ={[1m[33m10[39m[22m}= ={[1m[33m11[39m[22m}= ={[1m[33m12[39m[22m}= ={[1m[33m13[39m[22m}= ={[1m[33m14[39m[22m}= ={[1m[33m16[39m[22m}= ={[1m[33m17[39m[22m}= ={[1m[33m18[39m[22m}= ={[1m[33m19[39m[22m}= ={[1m[33m20[39m[22m}= ={[1m[33m21[39m[22m}= ={[1m[33m22[39m[22m}= ={[1m[33m23[39m[22m}= ={[1m[33m24[39m[22m}= ={[1m[33m25[39m[22m}= ={[1m[33m26[39m[22m}= ={[1m[33m27[39m[22m}= ={[1m[33m28[39m[22m}= ={[1m[33m29[39m[22m}= ={[1m[33m30[39m[22m}= ={[1m[33m31[39m[22m}= ={[1m[33m32[39m[22m}= ={[1m[33m33[39m[22m}= ={[1m[33m34[39m[22m}= ={[1m[33m35[39m[22m}= ={[1m[33m36[39m[22m}= ={[1m[33m37[39m[22m}= ={[1m[33m38[39m[22m}= ={[1m[33m39[39m[22m}= ={[1m[33m40[39m[22m}= ={[1m[33m41[39m[22m}= ={[1m[33m42[39m[22m}= ={[1m[33m43[39m[22m}= ={[1m[33m44[39m[22m}= ={[1m[33m45[39m[22m}= ={[1m[33m46[39m[22m}= ={[1m[33m47[39m[22m}= ={[1m[33m48[39m[22m}= ={[1m[33m49[39m[22m}= ={[1m[33m50[39m[22m}= ={[1m[33m51[39m[22m}= ={[1m[33m52[39m[22m}= ={[1m[33m53[39m[22m}= ={[1m[33m54[39m[22m}= ={[1m[33m55[39m[22m}= ={[1m[33m57[39m[22m}= ={[1m[33m58[39m[22m}= ={[1m[33m62[39m[22m}= ={[1m[33m67[39m[22m}= ={[1m[33m69[39m[22m}= >{[1m[33m0[39m[22m}< >{[1m[33m1[39m[22m}< >{[1m[33m2[39m[22m}< >{[1m[33m3[39m[22m}< >{[1m[33m4[39m[22m}< >{[1m[33m5[39m[22m}< >{[1m[33m6[39m[22m}< >{[1m[33m7[39m[22m}< >{[1m[33m8[39m[22m}< >{[1m[33m9[39m[22m}< >{[1m[33m10[39m[22m}< >{[1m[33m11[39m[22m}< >{[1m[33m12[39m[22m}< >{[1m[33m13[39m[22m}< >{[1m[33m14[39m[22m}< >{[1m[33m15[39m[22m}< >{[1m[33m16[39m[22m}< >{[1m[33m17[39m[22m}< >{[1m[33m18[39m[22m}< >{[1m[33m19[39m[22m}< >{[1m[33m20[39m[22m}< >{[1m[33m21[39m[22m}< >{[1m[33m22[39m[22m}< >{[1m[33m25[39m[22m}< >{[1m[33m26[39m[22m}< >{[1m[33m27[39m[22m}< >{[1m[33m28[39m[22m}< >{[1m[33m29[39m[22m}< >{[1m[33m30[39m[22m}< >{[1m[33m31[39m[22m}< >{[1m[33m32[39m[22m}< >{[1m[33m33[39m[22m}< >{[1m[33m34[39m[22m}< >{[1m[33m35[39m[22m}< >{[1m[33m36[39m[22m}< >{[1m[33m37[39m[22m}< >{[1m[33m38[39m[22m}< >{[1m[33m39[39m[22m}< >{[1m[33m40[39m[22m}< >{[1m[33m41[39m[22m}< >{[1m[33m42[39m[22m}< >{[1m[33m43[39m[22m}< >{[1m[33m44[39m[22m}< >{[1m[33m45[39m[22m}< >{[1m[33m46[39m[22m}< >{[1m[33m47[39m[22m}< >{[1m[33m48[39m[22m}< >{[1m[33m49[39m[22m}< >{[1m[33m50[39m[22m}< >{[1m[33m55[39m[22m}< >{[1m[33m56[39m[22m}< >{[1m[33m57[39m[22m}< >{[1m[33m58[39m[22m}< >{[1m[33m59[39m[22m}< >{[1m[33m60[39m[22m}< >{[1m[33m61[39m[22m}< >{[1m[33m62[39m[22m}< >{[1m[33m63[39m[22m}< >{[1m[33m64[39m[22m}< >{[1m[33m65[39m[22m}< >{[1m[33m66[39m[22m}< >{[1m[33m67[39m[22m}< >{[1m[33m68[39m[22m}< >{[1m[33m69[39m[22m}<[1m[33m [initial][39m[22m[1m[32m [rendered][39m[22m[1m[33m split chunk (cache group: vendor) (name: vendors)[39m[22m
   [1] [1m./node_modules/@babel/runtime/helpers/newArrowCheck.js[39m[22m 220 bytes {[1m[33m15[39m[22m}[1m[32m [built][39m[22m
   [3] [1m./node_modules/@babel/runtime/regenerator/index.js[39m[22m 495 bytes {[1m[33m15[39m[22m}[1m[32m [built][39m[22m
   [6] [1m./node_modules/@babel/runtime/helpers/asyncToGenerator.js[39m[22m 790 bytes {[1m[33m15[39m[22m}[1m[32m [built][39m[22m
  [13] [1m./node_modules/@babel/runtime/helpers/slicedToArray.js[39m[22m 509 bytes {[1m[33m15[39m[22m}[1m[32m [built][39m[22m
  [22] [1m./node_modules/@babel/runtime/helpers/defineProperty.js[39m[22m 362 bytes {[1m[33m15[39m[22m}[1m[32m [built][39m[22m
  [24] [1m./node_modules/@babel/runtime/helpers/classCallCheck.js[39m[22m 229 bytes {[1m[33m15[39m[22m}[1m[32m [built][39m[22m
  [25] [1m./node_modules/@babel/runtime/helpers/createClass.js[39m[22m 583 bytes {[1m[33m15[39m[22m}[1m[32m [built][39m[22m
  [28] [1m./node_modules/@babel/runtime/helpers/getPrototypeOf.js[39m[22m 412 bytes {[1m[33m15[39m[22m}[1m[32m [built][39m[22m
  [41] [1m./node_modules/@babel/runtime/helpers/inherits.js[39m[22m 536 bytes {[1m[33m15[39m[22m}[1m[32m [built][39m[22m
  [43] [1m./node_modules/@babel/runtime/helpers/possibleConstructorReturn.js[39m[22m 493 bytes {[1m[33m15[39m[22m}[1m[32m [built][39m[22m
  [53] [1m./node_modules/@babel/runtime/helpers/toConsumableArray.js[39m[22m 508 bytes {[1m[33m15[39m[22m}[1m[32m [built][39m[22m
 [148] [1m./node_modules/@babel/runtime/helpers/objectWithoutProperties.js[39m[22m 639 bytes {[1m[33m15[39m[22m}[1m[32m [built][39m[22m
 [165] [1m./node_modules/@babel/runtime/helpers/typeof.js[39m[22m 778 bytes {[1m[33m15[39m[22m}[1m[32m [built][39m[22m
 [262] [1m./node_modules/@babel/runtime/helpers/unsupportedIterableToArray.js[39m[22m 802 bytes {[1m[33m15[39m[22m}[1m[32m [built][39m[22m
 [263] [1m./node_modules/@babel/runtime/helpers/setPrototypeOf.js[39m[22m 400 bytes {[1m[33m15[39m[22m}[1m[32m [built][39m[22m
     + 32 hidden modules
chunk   {[1m[33m16[39m[22m} [1m[32mvendors~f3c5e837.9319d37c.chunk.js[39m[22m (vendors~f3c5e837) 19.6 KiB <{[1m[33m0[39m[22m}> <{[1m[33m1[39m[22m}> <{[1m[33m2[39m[22m}> <{[1m[33m3[39m[22m}> <{[1m[33m4[39m[22m}> <{[1m[33m5[39m[22m}> <{[1m[33m6[39m[22m}> <{[1m[33m7[39m[22m}> <{[1m[33m8[39m[22m}> <{[1m[33m9[39m[22m}> <{[1m[33m10[39m[22m}> <{[1m[33m11[39m[22m}> <{[1m[33m12[39m[22m}> <{[1m[33m13[39m[22m}> <{[1m[33m14[39m[22m}> <{[1m[33m15[39m[22m}> <{[1m[33m16[39m[22m}> <{[1m[33m23[39m[22m}> <{[1m[33m24[39m[22m}> <{[1m[33m51[39m[22m}> <{[1m[33m52[39m[22m}> <{[1m[33m53[39m[22m}> <{[1m[33m54[39m[22m}> ={[1m[33m0[39m[22m}= ={[1m[33m1[39m[22m}= ={[1m[33m2[39m[22m}= ={[1m[33m3[39m[22m}= ={[1m[33m4[39m[22m}= ={[1m[33m5[39m[22m}= ={[1m[33m6[39m[22m}= ={[1m[33m7[39m[22m}= ={[1m[33m8[39m[22m}= ={[1m[33m9[39m[22m}= ={[1m[33m10[39m[22m}= ={[1m[33m11[39m[22m}= ={[1m[33m12[39m[22m}= ={[1m[33m13[39m[22m}= ={[1m[33m14[39m[22m}= ={[1m[33m15[39m[22m}= ={[1m[33m17[39m[22m}= ={[1m[33m18[39m[22m}= ={[1m[33m19[39m[22m}= ={[1m[33m20[39m[22m}= ={[1m[33m21[39m[22m}= ={[1m[33m22[39m[22m}= ={[1m[33m23[39m[22m}= ={[1m[33m24[39m[22m}= ={[1m[33m25[39m[22m}= ={[1m[33m26[39m[22m}= ={[1m[33m27[39m[22m}= ={[1m[33m28[39m[22m}= ={[1m[33m29[39m[22m}= ={[1m[33m30[39m[22m}= ={[1m[33m31[39m[22m}= ={[1m[33m32[39m[22m}= ={[1m[33m33[39m[22m}= ={[1m[33m34[39m[22m}= ={[1m[33m35[39m[22m}= ={[1m[33m36[39m[22m}= ={[1m[33m37[39m[22m}= ={[1m[33m38[39m[22m}= ={[1m[33m39[39m[22m}= ={[1m[33m40[39m[22m}= ={[1m[33m41[39m[22m}= ={[1m[33m42[39m[22m}= ={[1m[33m43[39m[22m}= ={[1m[33m44[39m[22m}= ={[1m[33m45[39m[22m}= ={[1m[33m46[39m[22m}= ={[1m[33m47[39m[22m}= ={[1m[33m48[39m[22m}= ={[1m[33m49[39m[22m}= ={[1m[33m50[39m[22m}= ={[1m[33m51[39m[22m}= ={[1m[33m52[39m[22m}= ={[1m[33m53[39m[22m}= ={[1m[33m54[39m[22m}= ={[1m[33m55[39m[22m}= ={[1m[33m57[39m[22m}= ={[1m[33m58[39m[22m}= ={[1m[33m62[39m[22m}= ={[1m[33m67[39m[22m}= ={[1m[33m69[39m[22m}= >{[1m[33m0[39m[22m}< >{[1m[33m1[39m[22m}< >{[1m[33m2[39m[22m}< >{[1m[33m3[39m[22m}< >{[1m[33m4[39m[22m}< >{[1m[33m5[39m[22m}< >{[1m[33m6[39m[22m}< >{[1m[33m7[39m[22m}< >{[1m[33m8[39m[22m}< >{[1m[33m9[39m[22m}< >{[1m[33m10[39m[22m}< >{[1m[33m11[39m[22m}< >{[1m[33m12[39m[22m}< >{[1m[33m13[39m[22m}< >{[1m[33m14[39m[22m}< >{[1m[33m15[39m[22m}< >{[1m[33m16[39m[22m}< >{[1m[33m17[39m[22m}< >{[1m[33m18[39m[22m}< >{[1m[33m19[39m[22m}< >{[1m[33m20[39m[22m}< >{[1m[33m21[39m[22m}< >{[1m[33m22[39m[22m}< >{[1m[33m25[39m[22m}< >{[1m[33m26[39m[22m}< >{[1m[33m27[39m[22m}< >{[1m[33m28[39m[22m}< >{[1m[33m29[39m[22m}< >{[1m[33m30[39m[22m}< >{[1m[33m31[39m[22m}< >{[1m[33m32[39m[22m}< >{[1m[33m33[39m[22m}< >{[1m[33m34[39m[22m}< >{[1m[33m35[39m[22m}< >{[1m[33m36[39m[22m}< >{[1m[33m37[39m[22m}< >{[1m[33m38[39m[22m}< >{[1m[33m39[39m[22m}< >{[1m[33m40[39m[22m}< >{[1m[33m41[39m[22m}< >{[1m[33m42[39m[22m}< >{[1m[33m43[39m[22m}< >{[1m[33m44[39m[22m}< >{[1m[33m45[39m[22m}< >{[1m[33m46[39m[22m}< >{[1m[33m47[39m[22m}< >{[1m[33m48[39m[22m}< >{[1m[33m49[39m[22m}< >{[1m[33m50[39m[22m}< >{[1m[33m55[39m[22m}< >{[1m[33m56[39m[22m}< >{[1m[33m57[39m[22m}< >{[1m[33m58[39m[22m}< >{[1m[33m59[39m[22m}< >{[1m[33m60[39m[22m}< >{[1m[33m61[39m[22m}< >{[1m[33m62[39m[22m}< >{[1m[33m63[39m[22m}< >{[1m[33m64[39m[22m}< >{[1m[33m65[39m[22m}< >{[1m[33m66[39m[22m}< >{[1m[33m67[39m[22m}< >{[1m[33m68[39m[22m}< >{[1m[33m69[39m[22m}<[1m[33m [initial][39m[22m[1m[32m [rendered][39m[22m[1m[33m split chunk (cache group: vendor) (name: vendors)[39m[22m
 [132] [1m./node_modules/@tanstack/query-core/build/legacy/subscribable.cjs[39m[22m 4.61 KiB {[1m[33m16[39m[22m}[1m[32m [built][39m[22m
 [264] [1m./node_modules/@tanstack/query-core/build/legacy/thenable.cjs[39m[22m 5.1 KiB {[1m[33m16[39m[22m}[1m[32m [built][39m[22m
 [745] [1m./node_modules/@tanstack/query-core/build/legacy/streamedQuery.cjs[39m[22m 9.94 KiB {[1m[33m16[39m[22m}[1m[32m [built][39m[22m
chunk   {[1m[33m17[39m[22m} [1m[32m17.be88b994.chunk.js[39m[22m 1.69 KiB <{[1m[33m0[39m[22m}> <{[1m[33m1[39m[22m}> <{[1m[33m2[39m[22m}> <{[1m[33m3[39m[22m}> <{[1m[33m4[39m[22m}> <{[1m[33m5[39m[22m}> <{[1m[33m6[39m[22m}> <{[1m[33m7[39m[22m}> <{[1m[33m8[39m[22m}> <{[1m[33m9[39m[22m}> <{[1m[33m10[39m[22m}> <{[1m[33m11[39m[22m}> <{[1m[33m12[39m[22m}> <{[1m[33m13[39m[22m}> <{[1m[33m14[39m[22m}> <{[1m[33m15[39m[22m}> <{[1m[33m16[39m[22m}> <{[1m[33m23[39m[22m}> <{[1m[33m24[39m[22m}> <{[1m[33m51[39m[22m}> <{[1m[33m52[39m[22m}> <{[1m[33m53[39m[22m}> <{[1m[33m54[39m[22m}> ={[1m[33m0[39m[22m}= ={[1m[33m1[39m[22m}= ={[1m[33m2[39m[22m}= ={[1m[33m3[39m[22m}= ={[1m[33m4[39m[22m}= ={[1m[33m5[39m[22m}= ={[1m[33m6[39m[22m}= ={[1m[33m7[39m[22m}= ={[1m[33m8[39m[22m}= ={[1m[33m9[39m[22m}= ={[1m[33m10[39m[22m}= ={[1m[33m11[39m[22m}= ={[1m[33m12[39m[22m}= ={[1m[33m13[39m[22m}= ={[1m[33m14[39m[22m}= ={[1m[33m15[39m[22m}= ={[1m[33m16[39m[22m}= ={[1m[33m18[39m[22m}= ={[1m[33m19[39m[22m}= ={[1m[33m20[39m[22m}= ={[1m[33m21[39m[22m}= ={[1m[33m25[39m[22m}= ={[1m[33m26[39m[22m}= ={[1m[33m27[39m[22m}= ={[1m[33m28[39m[22m}= ={[1m[33m29[39m[22m}= ={[1m[33m30[39m[22m}= ={[1m[33m31[39m[22m}= ={[1m[33m32[39m[22m}= ={[1m[33m33[39m[22m}= ={[1m[33m34[39m[22m}= ={[1m[33m35[39m[22m}= ={[1m[33m36[39m[22m}= ={[1m[33m37[39m[22m}= ={[1m[33m38[39m[22m}= ={[1m[33m39[39m[22m}= ={[1m[33m40[39m[22m}= ={[1m[33m41[39m[22m}= ={[1m[33m42[39m[22m}= ={[1m[33m43[39m[22m}= ={[1m[33m44[39m[22m}= ={[1m[33m45[39m[22m}= ={[1m[33m46[39m[22m}= ={[1m[33m47[39m[22m}= ={[1m[33m48[39m[22m}= ={[1m[33m49[39m[22m}= ={[1m[33m50[39m[22m}= ={[1m[33m55[39m[22m}= ={[1m[33m57[39m[22m}= ={[1m[33m58[39m[22m}= ={[1m[33m62[39m[22m}= ={[1m[33m64[39m[22m}= ={[1m[33m66[39m[22m}=[1m[32m [rendered][39m[22m[1m[33m split chunk (cache group: common)[39m[22m
 [850] [1m./src/utils/gradientUtils.js[39m[22m 1.69 KiB {[1m[33m17[39m[22m}[1m[32m [built][39m[22m
chunk   {[1m[33m18[39m[22m} [1m[32mshaka~2e673206.35c500d2.chunk.js[39m[22m (shaka~2e673206) 742 KiB <{[1m[33m0[39m[22m}> <{[1m[33m1[39m[22m}> <{[1m[33m2[39m[22m}> <{[1m[33m3[39m[22m}> <{[1m[33m4[39m[22m}> <{[1m[33m5[39m[22m}> <{[1m[33m6[39m[22m}> <{[1m[33m7[39m[22m}> <{[1m[33m8[39m[22m}> <{[1m[33m9[39m[22m}> <{[1m[33m10[39m[22m}> <{[1m[33m11[39m[22m}> <{[1m[33m12[39m[22m}> <{[1m[33m13[39m[22m}> <{[1m[33m14[39m[22m}> <{[1m[33m15[39m[22m}> <{[1m[33m16[39m[22m}> <{[1m[33m23[39m[22m}> <{[1m[33m24[39m[22m}> <{[1m[33m51[39m[22m}> <{[1m[33m52[39m[22m}> <{[1m[33m53[39m[22m}> <{[1m[33m54[39m[22m}> ={[1m[33m0[39m[22m}= ={[1m[33m1[39m[22m}= ={[1m[33m2[39m[22m}= ={[1m[33m3[39m[22m}= ={[1m[33m4[39m[22m}= ={[1m[33m5[39m[22m}= ={[1m[33m6[39m[22m}= ={[1m[33m7[39m[22m}= ={[1m[33m8[39m[22m}= ={[1m[33m9[39m[22m}= ={[1m[33m10[39m[22m}= ={[1m[33m11[39m[22m}= ={[1m[33m12[39m[22m}= ={[1m[33m13[39m[22m}= ={[1m[33m14[39m[22m}= ={[1m[33m15[39m[22m}= ={[1m[33m16[39m[22m}= ={[1m[33m17[39m[22m}= ={[1m[33m19[39m[22m}= ={[1m[33m20[39m[22m}= ={[1m[33m21[39m[22m}= ={[1m[33m55[39m[22m}= ={[1m[33m57[39m[22m}= ={[1m[33m58[39m[22m}=[1m[32m [rendered][39m[22m[1m[33m split chunk (cache group: shaka) (name: shaka)[39m[22m
 [1179] [1m./node_modules/shaka-player/dist/shaka-player.compiled.js[39m[22m 742 KiB {[1m[33m18[39m[22m}[1m[32m [built][39m[22m
chunk   {[1m[33m19[39m[22m} [1m[32m19.f426d984.chunk.css, 19.c290c611.chunk.js[39m[22m 128 KiB <{[1m[33m0[39m[22m}> <{[1m[33m1[39m[22m}> <{[1m[33m2[39m[22m}> <{[1m[33m3[39m[22m}> <{[1m[33m4[39m[22m}> <{[1m[33m5[39m[22m}> <{[1m[33m6[39m[22m}> <{[1m[33m7[39m[22m}> <{[1m[33m8[39m[22m}> <{[1m[33m9[39m[22m}> <{[1m[33m10[39m[22m}> <{[1m[33m11[39m[22m}> <{[1m[33m12[39m[22m}> <{[1m[33m13[39m[22m}> <{[1m[33m14[39m[22m}> <{[1m[33m15[39m[22m}> <{[1m[33m16[39m[22m}> <{[1m[33m23[39m[22m}> <{[1m[33m24[39m[22m}> <{[1m[33m51[39m[22m}> <{[1m[33m52[39m[22m}> <{[1m[33m53[39m[22m}> <{[1m[33m54[39m[22m}> ={[1m[33m0[39m[22m}= ={[1m[33m1[39m[22m}= ={[1m[33m2[39m[22m}= ={[1m[33m3[39m[22m}= ={[1m[33m4[39m[22m}= ={[1m[33m5[39m[22m}= ={[1m[33m6[39m[22m}= ={[1m[33m7[39m[22m}= ={[1m[33m8[39m[22m}= ={[1m[33m9[39m[22m}= ={[1m[33m10[39m[22m}= ={[1m[33m11[39m[22m}= ={[1m[33m12[39m[22m}= ={[1m[33m13[39m[22m}= ={[1m[33m14[39m[22m}= ={[1m[33m15[39m[22m}= ={[1m[33m16[39m[22m}= ={[1m[33m17[39m[22m}= ={[1m[33m18[39m[22m}= ={[1m[33m20[39m[22m}= ={[1m[33m21[39m[22m}= ={[1m[33m55[39m[22m}= ={[1m[33m57[39m[22m}= ={[1m[33m58[39m[22m}=[1m[32m [rendered][39m[22m[1m[33m split chunk (cache group: common)[39m[22m
  [900] [1m./src/assets/app_logo_splash.png[39m[22m 81 bytes {[1m[33m19[39m[22m}[1m[32m [built][39m[22m
  [901] [1m./src/components/ShakaPlayer.jsx[39m[22m 81.2 KiB {[1m[33m19[39m[22m}[1m[32m [built][39m[22m
  [949] [1m./src/utils/favorites.js[39m[22m 2.44 KiB {[1m[33m19[39m[22m}[1m[32m [built][39m[22m
  [950] [1m./src/components/SelectionOverlay.css[39m[22m 39 bytes {[1m[33m19[39m[22m}[1m[32m [built][39m[22m
 [1180] [1m./src/components/ShakaPlayer.css[39m[22m 39 bytes {[1m[33m19[39m[22m}[1m[32m [built][39m[22m
 [1181] [1m./src/components/PlayerOverlay.jsx[39m[22m 12 KiB {[1m[33m19[39m[22m}[1m[32m [built][39m[22m
 [1182] [1m./src/components/PlayerOverlay.css[39m[22m 39 bytes {[1m[33m19[39m[22m}[1m[32m [built][39m[22m
 [1183] [1m./src/assets/media_error.png[39m[22m 1.47 KiB {[1m[33m19[39m[22m}[1m[32m [built][39m[22m
 [1184] [1m./src/components/TopOverlay.jsx[39m[22m 4.26 KiB {[1m[33m19[39m[22m}[1m[32m [built][39m[22m
 [1185] [1m./src/components/TopOverlay.css[39m[22m 39 bytes {[1m[33m19[39m[22m}[1m[32m [built][39m[22m
 [1186] [1m./src/components/SelectionOverlay.jsx[39m[22m 5.99 KiB {[1m[33m19[39m[22m}[1m[32m [built][39m[22m
    [] [1mcss ./node_modules/css-loader/dist/cjs.js!./src/components/ShakaPlayer.css[39m[22m 11.8 KiB {[1m[33m19[39m[22m}
    [] [1mcss ./node_modules/css-loader/dist/cjs.js!./src/components/SelectionOverlay.css[39m[22m 1.34 KiB {[1m[33m19[39m[22m}
    [] [1mcss ./node_modules/css-loader/dist/cjs.js!./src/components/PlayerOverlay.css[39m[22m 6.44 KiB {[1m[33m19[39m[22m}
    [] [1mcss ./node_modules/css-loader/dist/cjs.js!./src/components/TopOverlay.css[39m[22m 1.04 KiB {[1m[33m19[39m[22m}
chunk   {[1m[33m20[39m[22m} [1m[32m20.0f16fe00.chunk.css, 20.7cb868c1.chunk.js[39m[22m 9.58 KiB <{[1m[33m0[39m[22m}> <{[1m[33m1[39m[22m}> <{[1m[33m2[39m[22m}> <{[1m[33m3[39m[22m}> <{[1m[33m4[39m[22m}> <{[1m[33m5[39m[22m}> <{[1m[33m6[39m[22m}> <{[1m[33m7[39m[22m}> <{[1m[33m8[39m[22m}> <{[1m[33m9[39m[22m}> <{[1m[33m10[39m[22m}> <{[1m[33m11[39m[22m}> <{[1m[33m12[39m[22m}> <{[1m[33m13[39m[22m}> <{[1m[33m14[39m[22m}> <{[1m[33m15[39m[22m}> <{[1m[33m16[39m[22m}> <{[1m[33m23[39m[22m}> <{[1m[33m24[39m[22m}> <{[1m[33m51[39m[22m}> <{[1m[33m52[39m[22m}> <{[1m[33m53[39m[22m}> <{[1m[33m54[39m[22m}> ={[1m[33m0[39m[22m}= ={[1m[33m1[39m[22m}= ={[1m[33m2[39m[22m}= ={[1m[33m3[39m[22m}= ={[1m[33m4[39m[22m}= ={[1m[33m5[39m[22m}= ={[1m[33m6[39m[22m}= ={[1m[33m7[39m[22m}= ={[1m[33m8[39m[22m}= ={[1m[33m9[39m[22m}= ={[1m[33m10[39m[22m}= ={[1m[33m11[39m[22m}= ={[1m[33m12[39m[22m}= ={[1m[33m13[39m[22m}= ={[1m[33m14[39m[22m}= ={[1m[33m15[39m[22m}= ={[1m[33m16[39m[22m}= ={[1m[33m17[39m[22m}= ={[1m[33m18[39m[22m}= ={[1m[33m19[39m[22m}= ={[1m[33m21[39m[22m}= ={[1m[33m22[39m[22m}= ={[1m[33m55[39m[22m}= ={[1m[33m69[39m[22m}=[1m[32m [rendered][39m[22m[1m[33m split chunk (cache group: common)[39m[22m
 [902] [1m./src/assets/panmetro_brand.png[39m[22m 80 bytes {[1m[33m20[39m[22m}[1m[32m [built][39m[22m
 [951] [1m./src/pages/login/PanmetroLoginScreen.css[39m[22m 39 bytes {[1m[33m20[39m[22m}[1m[32m [built][39m[22m
 [952] [1m./src/assets/top_corner.webp[39m[22m 890 bytes {[1m[33m20[39m[22m}[1m[32m [built][39m[22m
   [] [1mcss ./node_modules/css-loader/dist/cjs.js!./src/pages/login/PanmetroLoginScreen.css[39m[22m 8.6 KiB {[1m[33m20[39m[22m}
chunk   {[1m[33m21[39m[22m} [1m[32m21.e5fff359.chunk.js[39m[22m 2.7 KiB <{[1m[33m0[39m[22m}> <{[1m[33m1[39m[22m}> <{[1m[33m2[39m[22m}> <{[1m[33m3[39m[22m}> <{[1m[33m4[39m[22m}> <{[1m[33m5[39m[22m}> <{[1m[33m6[39m[22m}> <{[1m[33m7[39m[22m}> <{[1m[33m8[39m[22m}> <{[1m[33m9[39m[22m}> <{[1m[33m10[39m[22m}> <{[1m[33m11[39m[22m}> <{[1m[33m12[39m[22m}> <{[1m[33m13[39m[22m}> <{[1m[33m14[39m[22m}> <{[1m[33m15[39m[22m}> <{[1m[33m16[39m[22m}> <{[1m[33m23[39m[22m}> <{[1m[33m24[39m[22m}> <{[1m[33m51[39m[22m}> <{[1m[33m52[39m[22m}> <{[1m[33m53[39m[22m}> <{[1m[33m54[39m[22m}> ={[1m[33m0[39m[22m}= ={[1m[33m1[39m[22m}= ={[1m[33m2[39m[22m}= ={[1m[33m3[39m[22m}= ={[1m[33m4[39m[22m}= ={[1m[33m5[39m[22m}= ={[1m[33m6[39m[22m}= ={[1m[33m7[39m[22m}= ={[1m[33m8[39m[22m}= ={[1m[33m9[39m[22m}= ={[1m[33m10[39m[22m}= ={[1m[33m11[39m[22m}= ={[1m[33m12[39m[22m}= ={[1m[33m13[39m[22m}= ={[1m[33m14[39m[22m}= ={[1m[33m15[39m[22m}= ={[1m[33m16[39m[22m}= ={[1m[33m17[39m[22m}= ={[1m[33m18[39m[22m}= ={[1m[33m19[39m[22m}= ={[1m[33m20[39m[22m}= ={[1m[33m55[39m[22m}= ={[1m[33m58[39m[22m}=[1m[32m [rendered][39m[22m[1m[33m split chunk (cache group: common)[39m[22m
 [953] [1m./src/utils/drm.js[39m[22m 2.7 KiB {[1m[33m21[39m[22m}[1m[32m [built][39m[22m
chunk   {[1m[33m22[39m[22m} [1m[32m22.d924d3fa.chunk.js[39m[22m 72 bytes <{[1m[33m0[39m[22m}> <{[1m[33m1[39m[22m}> <{[1m[33m2[39m[22m}> <{[1m[33m3[39m[22m}> <{[1m[33m4[39m[22m}> <{[1m[33m5[39m[22m}> <{[1m[33m6[39m[22m}> <{[1m[33m7[39m[22m}> <{[1m[33m8[39m[22m}> <{[1m[33m9[39m[22m}> <{[1m[33m10[39m[22m}> <{[1m[33m11[39m[22m}> <{[1m[33m12[39m[22m}> <{[1m[33m13[39m[22m}> <{[1m[33m14[39m[22m}> <{[1m[33m15[39m[22m}> <{[1m[33m16[39m[22m}> <{[1m[33m23[39m[22m}> <{[1m[33m24[39m[22m}> <{[1m[33m51[39m[22m}> <{[1m[33m52[39m[22m}> <{[1m[33m53[39m[22m}> <{[1m[33m54[39m[22m}> ={[1m[33m0[39m[22m}= ={[1m[33m1[39m[22m}= ={[1m[33m2[39m[22m}= ={[1m[33m3[39m[22m}= ={[1m[33m4[39m[22m}= ={[1m[33m5[39m[22m}= ={[1m[33m6[39m[22m}= ={[1m[33m7[39m[22m}= ={[1m[33m8[39m[22m}= ={[1m[33m9[39m[22m}= ={[1m[33m10[39m[22m}= ={[1m[33m11[39m[22m}= ={[1m[33m12[39m[22m}= ={[1m[33m13[39m[22m}= ={[1m[33m14[39m[22m}= ={[1m[33m15[39m[22m}= ={[1m[33m16[39m[22m}= ={[1m[33m20[39m[22m}= ={[1m[33m67[39m[22m}= ={[1m[33m69[39m[22m}=[1m[32m [rendered][39m[22m[1m[33m split chunk (cache group: common)[39m[22m
 [1177] [1m./src/assets/qrcode.png[39m[22m 72 bytes {[1m[33m22[39m[22m}[1m[32m [built][39m[22m
chunk   {[1m[33m23[39m[22m} [1m[32mmain~06837ae4.4c9ac4db.chunk.css, main~06837ae4.425e3a33.chunk.js[39m[22m (main~06837ae4) 157 KiB ={[1m[33m0[39m[22m}= ={[1m[33m1[39m[22m}= ={[1m[33m2[39m[22m}= ={[1m[33m3[39m[22m}= ={[1m[33m4[39m[22m}= ={[1m[33m5[39m[22m}= ={[1m[33m6[39m[22m}= ={[1m[33m7[39m[22m}= ={[1m[33m8[39m[22m}= ={[1m[33m9[39m[22m}= ={[1m[33m10[39m[22m}= ={[1m[33m11[39m[22m}= ={[1m[33m12[39m[22m}= ={[1m[33m13[39m[22m}= ={[1m[33m14[39m[22m}= ={[1m[33m15[39m[22m}= ={[1m[33m16[39m[22m}= ={[1m[33m24[39m[22m}= ={[1m[33m51[39m[22m}= ={[1m[33m52[39m[22m}= ={[1m[33m53[39m[22m}= ={[1m[33m54[39m[22m}= >{[1m[33m0[39m[22m}< >{[1m[33m1[39m[22m}< >{[1m[33m2[39m[22m}< >{[1m[33m3[39m[22m}< >{[1m[33m4[39m[22m}< >{[1m[33m5[39m[22m}< >{[1m[33m6[39m[22m}< >{[1m[33m7[39m[22m}< >{[1m[33m8[39m[22m}< >{[1m[33m9[39m[22m}< >{[1m[33m10[39m[22m}< >{[1m[33m11[39m[22m}< >{[1m[33m12[39m[22m}< >{[1m[33m13[39m[22m}< >{[1m[33m14[39m[22m}< >{[1m[33m15[39m[22m}< >{[1m[33m16[39m[22m}< >{[1m[33m17[39m[22m}< >{[1m[33m18[39m[22m}< >{[1m[33m19[39m[22m}< >{[1m[33m20[39m[22m}< >{[1m[33m21[39m[22m}< >{[1m[33m22[39m[22m}< >{[1m[33m25[39m[22m}< >{[1m[33m26[39m[22m}< >{[1m[33m27[39m[22m}< >{[1m[33m28[39m[22m}< >{[1m[33m29[39m[22m}< >{[1m[33m30[39m[22m}< >{[1m[33m31[39m[22m}< >{[1m[33m32[39m[22m}< >{[1m[33m33[39m[22m}< >{[1m[33m34[39m[22m}< >{[1m[33m35[39m[22m}< >{[1m[33m36[39m[22m}< >{[1m[33m37[39m[22m}< >{[1m[33m38[39m[22m}< >{[1m[33m39[39m[22m}< >{[1m[33m40[39m[22m}< >{[1m[33m41[39m[22m}< >{[1m[33m42[39m[22m}< >{[1m[33m43[39m[22m}< >{[1m[33m44[39m[22m}< >{[1m[33m45[39m[22m}< >{[1m[33m46[39m[22m}< >{[1m[33m47[39m[22m}< >{[1m[33m48[39m[22m}< >{[1m[33m49[39m[22m}< >{[1m[33m50[39m[22m}< >{[1m[33m55[39m[22m}< >{[1m[33m56[39m[22m}< >{[1m[33m57[39m[22m}< >{[1m[33m58[39m[22m}< >{[1m[33m59[39m[22m}< >{[1m[33m60[39m[22m}< >{[1m[33m61[39m[22m}< >{[1m[33m62[39m[22m}< >{[1m[33m63[39m[22m}< >{[1m[33m64[39m[22m}< >{[1m[33m65[39m[22m}< >{[1m[33m66[39m[22m}< >{[1m[33m67[39m[22m}< >{[1m[33m68[39m[22m}< >{[1m[33m69[39m[22m}<[1m[33m [initial][39m[22m[1m[32m [rendered][39m[22m
  [46] [1m./src/config/constants.js[39m[22m 3.6 KiB {[1m[33m23[39m[22m}[1m[32m [built][39m[22m
 [172] [1m./src/components/CommonDialog.jsx[39m[22m 9.5 KiB {[1m[33m23[39m[22m}[1m[32m [built][39m[22m
 [278] [1m./src/assets/exit_icon.svg[39m[22m 1.14 KiB {[1m[33m23[39m[22m}[1m[32m [built][39m[22m
 [282] [1m./src/components/ScrollMessageOverlay.jsx[39m[22m 11.4 KiB {[1m[33m23[39m[22m}[1m[32m [built][39m[22m
 [283] [1m./src/components/ForceMessageOverlay.jsx[39m[22m 16.5 KiB {[1m[33m23[39m[22m}[1m[32m [built][39m[22m
 [284] [1m./src/components/FingerprintOverlay.jsx[39m[22m 14.3 KiB {[1m[33m23[39m[22m}[1m[32m [built][39m[22m
 [400] [1m./src/components/ErrorBoundary.jsx[39m[22m 2 KiB {[1m[33m23[39m[22m}[1m[32m [built][39m[22m
 [412] [1m./src/assets/logo.png[39m[22m 70 bytes {[1m[33m23[39m[22m}[1m[32m [built][39m[22m
 [413] [1m./src/App.jsx + 4 modules[39m[22m 85.8 KiB {[1m[33m23[39m[22m}[1m[32m [built][39m[22m
       | [1m./src/App.jsx[39m[22m 18 KiB[1m[32m [built][39m[22m
       | [1m./src/components/Sidebar.jsx[39m[22m 16.6 KiB[1m[32m [built][39m[22m
       | [1m./src/components/SplashScreen.jsx[39m[22m 12.4 KiB[1m[32m [built][39m[22m
       | [1m./src/components/ProtectedRoute.jsx[39m[22m 3.09 KiB[1m[32m [built][39m[22m
       | [1m./src/components/PushOverlay.jsx[39m[22m 35.5 KiB[1m[32m [built][39m[22m
 [732] [1m./src/components/Sidebar.css[39m[22m 39 bytes {[1m[33m23[39m[22m}[1m[32m [built][39m[22m
 [766] [1m./src/components/SplashScreen.css[39m[22m 39 bytes {[1m[33m23[39m[22m}[1m[32m [built][39m[22m
 [772] [1m./src/components/PushOverlay.css[39m[22m 39 bytes {[1m[33m23[39m[22m}[1m[32m [built][39m[22m
 [773] [1m./src/App.css[39m[22m 39 bytes {[1m[33m23[39m[22m}[1m[32m [built][39m[22m
   [] [1mcss ./node_modules/css-loader/dist/cjs.js!./src/App.css[39m[22m 1.89 KiB {[1m[33m23[39m[22m}
   [] [1mcss ./node_modules/css-loader/dist/cjs.js!./src/components/PushOverlay.css[39m[22m 864 bytes {[1m[33m23[39m[22m}
     + 6 hidden modules
chunk   {[1m[33m24[39m[22m} [1m[32mmain~5a11b65b.f9007bd3.chunk.css, main~5a11b65b.dba38047.chunk.js[39m[22m (main~5a11b65b) 141 KiB ={[1m[33m0[39m[22m}= ={[1m[33m1[39m[22m}= ={[1m[33m2[39m[22m}= ={[1m[33m3[39m[22m}= ={[1m[33m4[39m[22m}= ={[1m[33m5[39m[22m}= ={[1m[33m6[39m[22m}= ={[1m[33m7[39m[22m}= ={[1m[33m8[39m[22m}= ={[1m[33m9[39m[22m}= ={[1m[33m10[39m[22m}= ={[1m[33m11[39m[22m}= ={[1m[33m12[39m[22m}= ={[1m[33m13[39m[22m}= ={[1m[33m14[39m[22m}= ={[1m[33m15[39m[22m}= ={[1m[33m16[39m[22m}= ={[1m[33m23[39m[22m}= ={[1m[33m51[39m[22m}= ={[1m[33m52[39m[22m}= ={[1m[33m53[39m[22m}= ={[1m[33m54[39m[22m}= >{[1m[33m0[39m[22m}< >{[1m[33m1[39m[22m}< >{[1m[33m2[39m[22m}< >{[1m[33m3[39m[22m}< >{[1m[33m4[39m[22m}< >{[1m[33m5[39m[22m}< >{[1m[33m6[39m[22m}< >{[1m[33m7[39m[22m}< >{[1m[33m8[39m[22m}< >{[1m[33m9[39m[22m}< >{[1m[33m10[39m[22m}< >{[1m[33m11[39m[22m}< >{[1m[33m12[39m[22m}< >{[1m[33m13[39m[22m}< >{[1m[33m14[39m[22m}< >{[1m[33m15[39m[22m}< >{[1m[33m16[39m[22m}< >{[1m[33m17[39m[22m}< >{[1m[33m18[39m[22m}< >{[1m[33m19[39m[22m}< >{[1m[33m20[39m[22m}< >{[1m[33m21[39m[22m}< >{[1m[33m22[39m[22m}< >{[1m[33m25[39m[22m}< >{[1m[33m26[39m[22m}< >{[1m[33m27[39m[22m}< >{[1m[33m28[39m[22m}< >{[1m[33m29[39m[22m}< >{[1m[33m30[39m[22m}< >{[1m[33m31[39m[22m}< >{[1m[33m32[39m[22m}< >{[1m[33m33[39m[22m}< >{[1m[33m34[39m[22m}< >{[1m[33m35[39m[22m}< >{[1m[33m36[39m[22m}< >{[1m[33m37[39m[22m}< >{[1m[33m38[39m[22m}< >{[1m[33m39[39m[22m}< >{[1m[33m40[39m[22m}< >{[1m[33m41[39m[22m}< >{[1m[33m42[39m[22m}< >{[1m[33m43[39m[22m}< >{[1m[33m44[39m[22m}< >{[1m[33m45[39m[22m}< >{[1m[33m46[39m[22m}< >{[1m[33m47[39m[22m}< >{[1m[33m48[39m[22m}< >{[1m[33m49[39m[22m}< >{[1m[33m50[39m[22m}< >{[1m[33m55[39m[22m}< >{[1m[33m56[39m[22m}< >{[1m[33m57[39m[22m}< >{[1m[33m58[39m[22m}< >{[1m[33m59[39m[22m}< >{[1m[33m60[39m[22m}< >{[1m[33m61[39m[22m}< >{[1m[33m62[39m[22m}< >{[1m[33m63[39m[22m}< >{[1m[33m64[39m[22m}< >{[1m[33m65[39m[22m}< >{[1m[33m66[39m[22m}< >{[1m[33m67[39m[22m}< >{[1m[33m68[39m[22m}< >{[1m[33m69[39m[22m}<[1m[33m [initial][39m[22m[1m[32m [rendered][39m[22m
  [62] [1m./src/utils/logout.js[39m[22m 2.25 KiB {[1m[33m24[39m[22m}[1m[32m [built][39m[22m
  [68] [1m./src/utils/fingerprint.js[39m[22m 21.4 KiB {[1m[33m24[39m[22m}[1m[32m [built][39m[22m
  [88] [1m./src/services/api.js + 6 modules[39m[22m 65 KiB {[1m[33m24[39m[22m}[1m[32m [built][39m[22m
       | [1m./src/services/api.js[39m[22m 9.75 KiB[1m[32m [built][39m[22m
       | [1m./src/services/api/ApiService.js[39m[22m 11.5 KiB[1m[32m [built][39m[22m
       | [1m./src/services/api/ApiClient.js[39m[22m 16.3 KiB[1m[32m [built][39m[22m
       | [1m./src/services/api/ApiEndpoints.js[39m[22m 2.08 KiB[1m[32m [built][39m[22m
       | [1m./src/services/api/CmsService.js[39m[22m 11.5 KiB[1m[32m [built][39m[22m
       | [1m./src/services/api/DrmService.js[39m[22m 8.26 KiB[1m[32m [built][39m[22m
       | [1m./src/services/api/AuthService.js[39m[22m 5.45 KiB[1m[32m [built][39m[22m
 [166] [1m./src/services/epgManifestQueries.js[39m[22m 28.5 KiB {[1m[33m24[39m[22m}[1m[32m [built][39m[22m
 [169] [1m./src/services/drmhelper.js[39m[22m 17.4 KiB {[1m[33m24[39m[22m}[1m[32m [built][39m[22m
 [774] [1m./src/style.css[39m[22m 39 bytes {[1m[33m24[39m[22m}[1m[32m [built][39m[22m
 [793] [1m./src/main.jsx + 2 modules[39m[22m 5.24 KiB {[1m[33m24[39m[22m}[1m[32m [built][39m[22m
       | [1m./src/main.jsx[39m[22m 1.54 KiB[1m[32m [built][39m[22m
       | [1m./src/polyfills.js[39m[22m 3.11 KiB[1m[32m [built][39m[22m
       | [1m./src/services/queryClient.js[39m[22m 483 bytes[1m[32m [built][39m[22m
   [] [1mcss ./node_modules/css-loader/dist/cjs.js!./src/style.css[39m[22m 1.5 KiB {[1m[33m24[39m[22m}
chunk   {[1m[33m25[39m[22m} [1m[32mmui~0425d791.71d9da0c.chunk.js[39m[22m (mui~0425d791) 137 KiB <{[1m[33m0[39m[22m}> <{[1m[33m1[39m[22m}> <{[1m[33m2[39m[22m}> <{[1m[33m3[39m[22m}> <{[1m[33m4[39m[22m}> <{[1m[33m5[39m[22m}> <{[1m[33m6[39m[22m}> <{[1m[33m7[39m[22m}> <{[1m[33m8[39m[22m}> <{[1m[33m9[39m[22m}> <{[1m[33m10[39m[22m}> <{[1m[33m11[39m[22m}> <{[1m[33m12[39m[22m}> <{[1m[33m13[39m[22m}> <{[1m[33m14[39m[22m}> <{[1m[33m15[39m[22m}> <{[1m[33m16[39m[22m}> <{[1m[33m23[39m[22m}> <{[1m[33m24[39m[22m}> <{[1m[33m51[39m[22m}> <{[1m[33m52[39m[22m}> <{[1m[33m53[39m[22m}> <{[1m[33m54[39m[22m}> ={[1m[33m0[39m[22m}= ={[1m[33m1[39m[22m}= ={[1m[33m2[39m[22m}= ={[1m[33m3[39m[22m}= ={[1m[33m4[39m[22m}= ={[1m[33m5[39m[22m}= ={[1m[33m6[39m[22m}= ={[1m[33m7[39m[22m}= ={[1m[33m8[39m[22m}= ={[1m[33m9[39m[22m}= ={[1m[33m10[39m[22m}= ={[1m[33m11[39m[22m}= ={[1m[33m12[39m[22m}= ={[1m[33m13[39m[22m}= ={[1m[33m14[39m[22m}= ={[1m[33m15[39m[22m}= ={[1m[33m16[39m[22m}= ={[1m[33m17[39m[22m}= ={[1m[33m26[39m[22m}= ={[1m[33m27[39m[22m}= ={[1m[33m28[39m[22m}= ={[1m[33m29[39m[22m}= ={[1m[33m30[39m[22m}= ={[1m[33m31[39m[22m}= ={[1m[33m32[39m[22m}= ={[1m[33m33[39m[22m}= ={[1m[33m34[39m[22m}= ={[1m[33m35[39m[22m}= ={[1m[33m36[39m[22m}= ={[1m[33m37[39m[22m}= ={[1m[33m38[39m[22m}= ={[1m[33m39[39m[22m}= ={[1m[33m40[39m[22m}= ={[1m[33m41[39m[22m}= ={[1m[33m42[39m[22m}= ={[1m[33m43[39m[22m}= ={[1m[33m44[39m[22m}= ={[1m[33m45[39m[22m}= ={[1m[33m46[39m[22m}= ={[1m[33m47[39m[22m}= ={[1m[33m48[39m[22m}= ={[1m[33m49[39m[22m}= ={[1m[33m50[39m[22m}= ={[1m[33m62[39m[22m}=[1m[32m [rendered][39m[22m[1m[33m split chunk (cache group: mui) (name: mui)[39m[22m
  [897] [1m./node_modules/@mui/material/Modal/index.js[39m[22m 1.38 KiB {[1m[33m25[39m[22m}[1m[32m [built][39m[22m
  [943] [1m./node_modules/@mui/material/NativeSelect/nativeSelectClasses.js[39m[22m 905 bytes {[1m[33m25[39m[22m}[1m[32m [built][39m[22m
 [1062] [1m./node_modules/@mui/material/Modal/ModalManager.js[39m[22m 9.96 KiB {[1m[33m25[39m[22m}[1m[32m [built][39m[22m
 [1065] [1m./node_modules/@mui/material/Modal/modalClasses.js[39m[22m 714 bytes {[1m[33m25[39m[22m}[1m[32m [built][39m[22m
 [1096] [1m./node_modules/@mui/material/List/index.js[39m[22m 1.17 KiB {[1m[33m25[39m[22m}[1m[32m [built][39m[22m
 [1097] [1m./node_modules/@mui/material/List/listClasses.js[39m[22m 718 bytes {[1m[33m25[39m[22m}[1m[32m [built][39m[22m
 [1108] [1m./node_modules/@mui/material/Menu/Menu.js[39m[22m 17 KiB {[1m[33m25[39m[22m}[1m[32m [built][39m[22m
 [1109] [1m./node_modules/@mui/material/MenuList/index.js[39m[22m 368 bytes {[1m[33m25[39m[22m}[1m[32m [built][39m[22m
 [1112] [1m./node_modules/@mui/material/Menu/menuClasses.js[39m[22m 702 bytes {[1m[33m25[39m[22m}[1m[32m [built][39m[22m
 [1113] [1m./node_modules/@mui/material/MenuItem/index.js[39m[22m 1.21 KiB {[1m[33m25[39m[22m}[1m[32m [built][39m[22m
 [1114] [1m./node_modules/@mui/material/MenuItem/menuItemClasses.js[39m[22m 784 bytes {[1m[33m25[39m[22m}[1m[32m [built][39m[22m
 [1116] [1m./node_modules/@mui/material/NoSsr/index.js[39m[22m 359 bytes {[1m[33m25[39m[22m}[1m[32m [built][39m[22m
 [1491] [1m./node_modules/@mui/material/Menu/index.js[39m[22m 1.17 KiB {[1m[33m25[39m[22m}[1m[32m [built][39m[22m
 [1496] [1m./node_modules/@mui/material/MobileStepper/index.js[39m[22m 1.26 KiB {[1m[33m25[39m[22m}[1m[32m [built][39m[22m
 [1498] [1m./node_modules/@mui/material/NativeSelect/index.js[39m[22m 1.25 KiB {[1m[33m25[39m[22m}[1m[32m [built][39m[22m
     + 11 hidden modules
chunk   {[1m[33m26[39m[22m} [1m[32mmui~05186025.540fa6e1.chunk.js[39m[22m (mui~05186025) 81.6 KiB <{[1m[33m0[39m[22m}> <{[1m[33m1[39m[22m}> <{[1m[33m2[39m[22m}> <{[1m[33m3[39m[22m}> <{[1m[33m4[39m[22m}> <{[1m[33m5[39m[22m}> <{[1m[33m6[39m[22m}> <{[1m[33m7[39m[22m}> <{[1m[33m8[39m[22m}> <{[1m[33m9[39m[22m}> <{[1m[33m10[39m[22m}> <{[1m[33m11[39m[22m}> <{[1m[33m12[39m[22m}> <{[1m[33m13[39m[22m}> <{[1m[33m14[39m[22m}> <{[1m[33m15[39m[22m}> <{[1m[33m16[39m[22m}> <{[1m[33m23[39m[22m}> <{[1m[33m24[39m[22m}> <{[1m[33m51[39m[22m}> <{[1m[33m52[39m[22m}> <{[1m[33m53[39m[22m}> <{[1m[33m54[39m[22m}> ={[1m[33m0[39m[22m}= ={[1m[33m1[39m[22m}= ={[1m[33m2[39m[22m}= ={[1m[33m3[39m[22m}= ={[1m[33m4[39m[22m}= ={[1m[33m5[39m[22m}= ={[1m[33m6[39m[22m}= ={[1m[33m7[39m[22m}= ={[1m[33m8[39m[22m}= ={[1m[33m9[39m[22m}= ={[1m[33m10[39m[22m}= ={[1m[33m11[39m[22m}= ={[1m[33m12[39m[22m}= ={[1m[33m13[39m[22m}= ={[1m[33m14[39m[22m}= ={[1m[33m15[39m[22m}= ={[1m[33m16[39m[22m}= ={[1m[33m17[39m[22m}= ={[1m[33m25[39m[22m}= ={[1m[33m27[39m[22m}= ={[1m[33m28[39m[22m}= ={[1m[33m29[39m[22m}= ={[1m[33m30[39m[22m}= ={[1m[33m31[39m[22m}= ={[1m[33m32[39m[22m}= ={[1m[33m33[39m[22m}= ={[1m[33m34[39m[22m}= ={[1m[33m35[39m[22m}= ={[1m[33m36[39m[22m}= ={[1m[33m37[39m[22m}= ={[1m[33m38[39m[22m}= ={[1m[33m39[39m[22m}= ={[1m[33m40[39m[22m}= ={[1m[33m41[39m[22m}= ={[1m[33m42[39m[22m}= ={[1m[33m43[39m[22m}= ={[1m[33m44[39m[22m}= ={[1m[33m45[39m[22m}= ={[1m[33m46[39m[22m}= ={[1m[33m47[39m[22m}= ={[1m[33m48[39m[22m}= ={[1m[33m49[39m[22m}= ={[1m[33m50[39m[22m}= ={[1m[33m62[39m[22m}=[1m[32m [rendered][39m[22m[1m[33m split chunk (cache group: mui) (name: mui)[39m[22m
 [1194] [1m./node_modules/@mui/material/index.js[39m[22m 81.6 KiB {[1m[33m26[39m[22m}[1m[32m [built][39m[22m
chunk   {[1m[33m27[39m[22m} [1m[32mmui~0622de3b.cb0733b1.chunk.js[39m[22m (mui~0622de3b) 170 KiB <{[1m[33m0[39m[22m}> <{[1m[33m1[39m[22m}> <{[1m[33m2[39m[22m}> <{[1m[33m3[39m[22m}> <{[1m[33m4[39m[22m}> <{[1m[33m5[39m[22m}> <{[1m[33m6[39m[22m}> <{[1m[33m7[39m[22m}> <{[1m[33m8[39m[22m}> <{[1m[33m9[39m[22m}> <{[1m[33m10[39m[22m}> <{[1m[33m11[39m[22m}> <{[1m[33m12[39m[22m}> <{[1m[33m13[39m[22m}> <{[1m[33m14[39m[22m}> <{[1m[33m15[39m[22m}> <{[1m[33m16[39m[22m}> <{[1m[33m23[39m[22m}> <{[1m[33m24[39m[22m}> <{[1m[33m51[39m[22m}> <{[1m[33m52[39m[22m}> <{[1m[33m53[39m[22m}> <{[1m[33m54[39m[22m}> ={[1m[33m0[39m[22m}= ={[1m[33m1[39m[22m}= ={[1m[33m2[39m[22m}= ={[1m[33m3[39m[22m}= ={[1m[33m4[39m[22m}= ={[1m[33m5[39m[22m}= ={[1m[33m6[39m[22m}= ={[1m[33m7[39m[22m}= ={[1m[33m8[39m[22m}= ={[1m[33m9[39m[22m}= ={[1m[33m10[39m[22m}= ={[1m[33m11[39m[22m}= ={[1m[33m12[39m[22m}= ={[1m[33m13[39m[22m}= ={[1m[33m14[39m[22m}= ={[1m[33m15[39m[22m}= ={[1m[33m16[39m[22m}= ={[1m[33m17[39m[22m}= ={[1m[33m25[39m[22m}= ={[1m[33m26[39m[22m}= ={[1m[33m28[39m[22m}= ={[1m[33m29[39m[22m}= ={[1m[33m30[39m[22m}= ={[1m[33m31[39m[22m}= ={[1m[33m32[39m[22m}= ={[1m[33m33[39m[22m}= ={[1m[33m34[39m[22m}= ={[1m[33m35[39m[22m}= ={[1m[33m36[39m[22m}= ={[1m[33m37[39m[22m}= ={[1m[33m38[39m[22m}= ={[1m[33m39[39m[22m}= ={[1m[33m40[39m[22m}= ={[1m[33m41[39m[22m}= ={[1m[33m42[39m[22m}= ={[1m[33m43[39m[22m}= ={[1m[33m44[39m[22m}= ={[1m[33m45[39m[22m}= ={[1m[33m46[39m[22m}= ={[1m[33m47[39m[22m}= ={[1m[33m48[39m[22m}= ={[1m[33m49[39m[22m}= ={[1m[33m50[39m[22m}= ={[1m[33m62[39m[22m}=[1m[32m [rendered][39m[22m[1m[33m split chunk (cache group: mui) (name: mui)[39m[22m
  [827] [1m./node_modules/@mui/material/FormControl/useFormControl.js[39m[22m 553 bytes {[1m[33m27[39m[22m}[1m[32m [built][39m[22m
  [898] [1m./node_modules/@mui/material/Grow/index.js[39m[22m 356 bytes {[1m[33m27[39m[22m}[1m[32m [built][39m[22m
  [930] [1m./node_modules/@mui/material/FilledInput/filledInputClasses.js[39m[22m 1.91 KiB {[1m[33m27[39m[22m}[1m[32m [built][39m[22m
  [933] [1m./node_modules/@mui/material/Fade/index.js[39m[22m 356 bytes {[1m[33m27[39m[22m}[1m[32m [built][39m[22m
  [939] [1m./node_modules/@mui/material/Fab/index.js[39m[22m 1.16 KiB {[1m[33m27[39m[22m}[1m[32m [built][39m[22m
  [940] [1m./node_modules/@mui/material/FilledInput/index.js[39m[22m 1.24 KiB {[1m[33m27[39m[22m}[1m[32m [built][39m[22m
  [941] [1m./node_modules/@mui/material/FormControl/index.js[39m[22m 1.48 KiB {[1m[33m27[39m[22m}[1m[32m [built][39m[22m
 [1010] [1m./node_modules/@mui/material/GlobalStyles/index.js[39m[22m 380 bytes {[1m[33m27[39m[22m}[1m[32m [built][39m[22m
 [1075] [1m./node_modules/@mui/material/Fab/fabClasses.js[39m[22m 849 bytes {[1m[33m27[39m[22m}[1m[32m [built][39m[22m
 [1078] [1m./node_modules/@mui/material/FormGroup/index.js[39m[22m 1.22 KiB {[1m[33m27[39m[22m}[1m[32m [built][39m[22m
 [1080] [1m./node_modules/@mui/material/FormHelperText/index.js[39m[22m 1.27 KiB {[1m[33m27[39m[22m}[1m[32m [built][39m[22m
 [1082] [1m./node_modules/@mui/material/FormLabel/index.js[39m[22m 1.5 KiB {[1m[33m27[39m[22m}[1m[32m [built][39m[22m
 [1454] [1m./node_modules/@mui/material/FormControlLabel/index.js[39m[22m 1.3 KiB {[1m[33m27[39m[22m}[1m[32m [built][39m[22m
 [1459] [1m./node_modules/@mui/material/GridLegacy/index.js[39m[22m 1.23 KiB {[1m[33m27[39m[22m}[1m[32m [built][39m[22m
 [1462] [1m./node_modules/@mui/material/Grid/index.js[39m[22m 1.43 KiB {[1m[33m27[39m[22m}[1m[32m [built][39m[22m
     + 22 hidden modules
chunk   {[1m[33m28[39m[22m} [1m[32mmui~06289558.4a2d6eb9.chunk.js[39m[22m (mui~06289558) 213 KiB <{[1m[33m0[39m[22m}> <{[1m[33m1[39m[22m}> <{[1m[33m2[39m[22m}> <{[1m[33m3[39m[22m}> <{[1m[33m4[39m[22m}> <{[1m[33m5[39m[22m}> <{[1m[33m6[39m[22m}> <{[1m[33m7[39m[22m}> <{[1m[33m8[39m[22m}> <{[1m[33m9[39m[22m}> <{[1m[33m10[39m[22m}> <{[1m[33m11[39m[22m}> <{[1m[33m12[39m[22m}> <{[1m[33m13[39m[22m}> <{[1m[33m14[39m[22m}> <{[1m[33m15[39m[22m}> <{[1m[33m16[39m[22m}> <{[1m[33m23[39m[22m}> <{[1m[33m24[39m[22m}> <{[1m[33m51[39m[22m}> <{[1m[33m52[39m[22m}> <{[1m[33m53[39m[22m}> <{[1m[33m54[39m[22m}> ={[1m[33m0[39m[22m}= ={[1m[33m1[39m[22m}= ={[1m[33m2[39m[22m}= ={[1m[33m3[39m[22m}= ={[1m[33m4[39m[22m}= ={[1m[33m5[39m[22m}= ={[1m[33m6[39m[22m}= ={[1m[33m7[39m[22m}= ={[1m[33m8[39m[22m}= ={[1m[33m9[39m[22m}= ={[1m[33m10[39m[22m}= ={[1m[33m11[39m[22m}= ={[1m[33m12[39m[22m}= ={[1m[33m13[39m[22m}= ={[1m[33m14[39m[22m}= ={[1m[33m15[39m[22m}= ={[1m[33m16[39m[22m}= ={[1m[33m17[39m[22m}= ={[1m[33m25[39m[22m}= ={[1m[33m26[39m[22m}= ={[1m[33m27[39m[22m}= ={[1m[33m29[39m[22m}= ={[1m[33m30[39m[22m}= ={[1m[33m31[39m[22m}= ={[1m[33m32[39m[22m}= ={[1m[33m33[39m[22m}= ={[1m[33m34[39m[22m}= ={[1m[33m35[39m[22m}= ={[1m[33m36[39m[22m}= ={[1m[33m37[39m[22m}= ={[1m[33m38[39m[22m}= ={[1m[33m39[39m[22m}= ={[1m[33m40[39m[22m}= ={[1m[33m41[39m[22m}= ={[1m[33m42[39m[22m}= ={[1m[33m43[39m[22m}= ={[1m[33m44[39m[22m}= ={[1m[33m45[39m[22m}= ={[1m[33m46[39m[22m}= ={[1m[33m47[39m[22m}= ={[1m[33m48[39m[22m}= ={[1m[33m49[39m[22m}= ={[1m[33m50[39m[22m}= ={[1m[33m62[39m[22m}=[1m[32m [rendered][39m[22m[1m[33m split chunk (cache group: mui) (name: mui)[39m[22m
 [1039] [1m./node_modules/@mui/material/TextareaAutosize/index.js[39m[22m 392 bytes {[1m[33m28[39m[22m}[1m[32m [built][39m[22m
 [1151] [1m./node_modules/@mui/material/Tab/tabClasses.js[39m[22m 824 bytes {[1m[33m28[39m[22m}[1m[32m [built][39m[22m
 [1155] [1m./node_modules/@mui/material/TableCell/index.js[39m[22m 1.22 KiB {[1m[33m28[39m[22m}[1m[32m [built][39m[22m
 [1162] [1m./node_modules/@mui/material/TablePaginationActions/index.js[39m[22m 687 bytes {[1m[33m28[39m[22m}[1m[32m [built][39m[22m
 [1567] [1m./node_modules/@mui/material/Tab/index.js[39m[22m 1.16 KiB {[1m[33m28[39m[22m}[1m[32m [built][39m[22m
 [1569] [1m./node_modules/@mui/material/Table/index.js[39m[22m 1.18 KiB {[1m[33m28[39m[22m}[1m[32m [built][39m[22m
 [1571] [1m./node_modules/@mui/material/TableBody/index.js[39m[22m 1.22 KiB {[1m[33m28[39m[22m}[1m[32m [built][39m[22m
 [1574] [1m./node_modules/@mui/material/TableContainer/index.js[39m[22m 1.27 KiB {[1m[33m28[39m[22m}[1m[32m [built][39m[22m
 [1576] [1m./node_modules/@mui/material/TableFooter/index.js[39m[22m 1.24 KiB {[1m[33m28[39m[22m}[1m[32m [built][39m[22m
 [1578] [1m./node_modules/@mui/material/TableHead/index.js[39m[22m 1.22 KiB {[1m[33m28[39m[22m}[1m[32m [built][39m[22m
 [1580] [1m./node_modules/@mui/material/TablePagination/index.js[39m[22m 1.29 KiB {[1m[33m28[39m[22m}[1m[32m [built][39m[22m
 [1584] [1m./node_modules/@mui/material/TableRow/index.js[39m[22m 1.21 KiB {[1m[33m28[39m[22m}[1m[32m [built][39m[22m
 [1586] [1m./node_modules/@mui/material/TableSortLabel/index.js[39m[22m 1.27 KiB {[1m[33m28[39m[22m}[1m[32m [built][39m[22m
 [1589] [1m./node_modules/@mui/material/Tabs/index.js[39m[22m 1.17 KiB {[1m[33m28[39m[22m}[1m[32m [built][39m[22m
 [1594] [1m./node_modules/@mui/material/TextField/index.js[39m[22m 1.22 KiB {[1m[33m28[39m[22m}[1m[32m [built][39m[22m
     + 29 hidden modules
chunk   {[1m[33m29[39m[22m} [1m[32mmui~0c6dae4a.8eb8331b.chunk.js[39m[22m (mui~0c6dae4a) 57.3 KiB <{[1m[33m0[39m[22m}> <{[1m[33m1[39m[22m}> <{[1m[33m2[39m[22m}> <{[1m[33m3[39m[22m}> <{[1m[33m4[39m[22m}> <{[1m[33m5[39m[22m}> <{[1m[33m6[39m[22m}> <{[1m[33m7[39m[22m}> <{[1m[33m8[39m[22m}> <{[1m[33m9[39m[22m}> <{[1m[33m10[39m[22m}> <{[1m[33m11[39m[22m}> <{[1m[33m12[39m[22m}> <{[1m[33m13[39m[22m}> <{[1m[33m14[39m[22m}> <{[1m[33m15[39m[22m}> <{[1m[33m16[39m[22m}> <{[1m[33m23[39m[22m}> <{[1m[33m24[39m[22m}> <{[1m[33m51[39m[22m}> <{[1m[33m52[39m[22m}> <{[1m[33m53[39m[22m}> <{[1m[33m54[39m[22m}> ={[1m[33m0[39m[22m}= ={[1m[33m1[39m[22m}= ={[1m[33m2[39m[22m}= ={[1m[33m3[39m[22m}= ={[1m[33m4[39m[22m}= ={[1m[33m5[39m[22m}= ={[1m[33m6[39m[22m}= ={[1m[33m7[39m[22m}= ={[1m[33m8[39m[22m}= ={[1m[33m9[39m[22m}= ={[1m[33m10[39m[22m}= ={[1m[33m11[39m[22m}= ={[1m[33m12[39m[22m}= ={[1m[33m13[39m[22m}= ={[1m[33m14[39m[22m}= ={[1m[33m15[39m[22m}= ={[1m[33m16[39m[22m}= ={[1m[33m17[39m[22m}= ={[1m[33m25[39m[22m}= ={[1m[33m26[39m[22m}= ={[1m[33m27[39m[22m}= ={[1m[33m28[39m[22m}= ={[1m[33m30[39m[22m}= ={[1m[33m31[39m[22m}= ={[1m[33m32[39m[22m}= ={[1m[33m33[39m[22m}= ={[1m[33m34[39m[22m}= ={[1m[33m35[39m[22m}= ={[1m[33m36[39m[22m}= ={[1m[33m37[39m[22m}= ={[1m[33m38[39m[22m}= ={[1m[33m39[39m[22m}= ={[1m[33m40[39m[22m}= ={[1m[33m41[39m[22m}= ={[1m[33m42[39m[22m}= ={[1m[33m43[39m[22m}= ={[1m[33m44[39m[22m}= ={[1m[33m45[39m[22m}= ={[1m[33m46[39m[22m}= ={[1m[33m47[39m[22m}= ={[1m[33m48[39m[22m}= ={[1m[33m49[39m[22m}= ={[1m[33m50[39m[22m}= ={[1m[33m62[39m[22m}=[1m[32m [rendered][39m[22m[1m[33m split chunk (cache group: mui) (name: mui)[39m[22m
  [945] [1m./node_modules/@mui/material/Select/index.js[39m[22m 1.19 KiB {[1m[33m29[39m[22m}[1m[32m [built][39m[22m
  [946] [1m./node_modules/@mui/material/Select/selectClasses.js[39m[22m 874 bytes {[1m[33m29[39m[22m}[1m[32m [built][39m[22m
 [1130] [1m./node_modules/@mui/material/Skeleton/skeletonClasses.js[39m[22m 820 bytes {[1m[33m29[39m[22m}[1m[32m [built][39m[22m
 [1523] [1m./node_modules/@mui/material/Select/Select.js[39m[22m 14.5 KiB {[1m[33m29[39m[22m}[1m[32m [built][39m[22m
 [1524] [1m./node_modules/@mui/material/Select/SelectInput.js[39m[22m 27.1 KiB {[1m[33m29[39m[22m}[1m[32m [built][39m[22m
 [1525] [1m./node_modules/@mui/material/Skeleton/index.js[39m[22m 1.21 KiB {[1m[33m29[39m[22m}[1m[32m [built][39m[22m
 [1526] [1m./node_modules/@mui/material/Skeleton/Skeleton.js[39m[22m 11.7 KiB {[1m[33m29[39m[22m}[1m[32m [built][39m[22m
chunk   {[1m[33m30[39m[22m} [1m[32mmui~1cde2eec.b3225547.chunk.js[39m[22m (mui~1cde2eec) 145 KiB <{[1m[33m0[39m[22m}> <{[1m[33m1[39m[22m}> <{[1m[33m2[39m[22m}> <{[1m[33m3[39m[22m}> <{[1m[33m4[39m[22m}> <{[1m[33m5[39m[22m}> <{[1m[33m6[39m[22m}> <{[1m[33m7[39m[22m}> <{[1m[33m8[39m[22m}> <{[1m[33m9[39m[22m}> <{[1m[33m10[39m[22m}> <{[1m[33m11[39m[22m}> <{[1m[33m12[39m[22m}> <{[1m[33m13[39m[22m}> <{[1m[33m14[39m[22m}> <{[1m[33m15[39m[22m}> <{[1m[33m16[39m[22m}> <{[1m[33m23[39m[22m}> <{[1m[33m24[39m[22m}> <{[1m[33m51[39m[22m}> <{[1m[33m52[39m[22m}> <{[1m[33m53[39m[22m}> <{[1m[33m54[39m[22m}> ={[1m[33m0[39m[22m}= ={[1m[33m1[39m[22m}= ={[1m[33m2[39m[22m}= ={[1m[33m3[39m[22m}= ={[1m[33m4[39m[22m}= ={[1m[33m5[39m[22m}= ={[1m[33m6[39m[22m}= ={[1m[33m7[39m[22m}= ={[1m[33m8[39m[22m}= ={[1m[33m9[39m[22m}= ={[1m[33m10[39m[22m}= ={[1m[33m11[39m[22m}= ={[1m[33m12[39m[22m}= ={[1m[33m13[39m[22m}= ={[1m[33m14[39m[22m}= ={[1m[33m15[39m[22m}= ={[1m[33m16[39m[22m}= ={[1m[33m17[39m[22m}= ={[1m[33m25[39m[22m}= ={[1m[33m26[39m[22m}= ={[1m[33m27[39m[22m}= ={[1m[33m28[39m[22m}= ={[1m[33m29[39m[22m}= ={[1m[33m31[39m[22m}= ={[1m[33m32[39m[22m}= ={[1m[33m33[39m[22m}= ={[1m[33m34[39m[22m}= ={[1m[33m35[39m[22m}= ={[1m[33m36[39m[22m}= ={[1m[33m37[39m[22m}= ={[1m[33m38[39m[22m}= ={[1m[33m39[39m[22m}= ={[1m[33m40[39m[22m}= ={[1m[33m41[39m[22m}= ={[1m[33m42[39m[22m}= ={[1m[33m43[39m[22m}= ={[1m[33m44[39m[22m}= ={[1m[33m45[39m[22m}= ={[1m[33m46[39m[22m}= ={[1m[33m47[39m[22m}= ={[1m[33m48[39m[22m}= ={[1m[33m49[39m[22m}= ={[1m[33m50[39m[22m}= ={[1m[33m62[39m[22m}=[1m[32m [rendered][39m[22m[1m[33m split chunk (cache group: mui) (name: mui)[39m[22m
  [828] [1m./node_modules/@mui/material/Paper/index.js[39m[22m 1.18 KiB {[1m[33m30[39m[22m}[1m[32m [built][39m[22m
  [924] [1m./node_modules/@mui/material/Popper/index.js[39m[22m 930 bytes {[1m[33m30[39m[22m}[1m[32m [built][39m[22m
  [925] [1m./node_modules/@mui/material/Portal/index.js[39m[22m 362 bytes {[1m[33m30[39m[22m}[1m[32m [built][39m[22m
  [929] [1m./node_modules/@mui/material/OutlinedInput/outlinedInputClasses.js[39m[22m 1.86 KiB {[1m[33m30[39m[22m}[1m[32m [built][39m[22m
  [944] [1m./node_modules/@mui/material/OutlinedInput/index.js[39m[22m 1.26 KiB {[1m[33m30[39m[22m}[1m[32m [built][39m[22m
 [1015] [1m./node_modules/@mui/material/Paper/paperClasses.js[39m[22m 1.07 KiB {[1m[33m30[39m[22m}[1m[32m [built][39m[22m
 [1034] [1m./node_modules/@mui/material/Popper/popperClasses.js[39m[22m 699 bytes {[1m[33m30[39m[22m}[1m[32m [built][39m[22m
 [1110] [1m./node_modules/@mui/material/Popover/index.js[39m[22m 1.47 KiB {[1m[33m30[39m[22m}[1m[32m [built][39m[22m
 [1111] [1m./node_modules/@mui/material/Popover/popoverClasses.js[39m[22m 715 bytes {[1m[33m30[39m[22m}[1m[32m [built][39m[22m
 [1117] [1m./node_modules/@mui/material/Pagination/paginationClasses.js[39m[22m 753 bytes {[1m[33m30[39m[22m}[1m[32m [built][39m[22m
 [1119] [1m./node_modules/@mui/material/PaginationItem/index.js[39m[22m 1.27 KiB {[1m[33m30[39m[22m}[1m[32m [built][39m[22m
 [1120] [1m./node_modules/@mui/material/PaginationItem/paginationItemClasses.js[39m[22m 1020 bytes {[1m[33m30[39m[22m}[1m[32m [built][39m[22m
 [1333] [1m./node_modules/@mui/material/Paper/Paper.js[39m[22m 8.83 KiB {[1m[33m30[39m[22m}[1m[32m [built][39m[22m
 [1374] [1m./node_modules/@mui/material/Popper/Popper.js[39m[22m 10.4 KiB {[1m[33m30[39m[22m}[1m[32m [built][39m[22m
 [1503] [1m./node_modules/@mui/material/Pagination/index.js[39m[22m 1.23 KiB {[1m[33m30[39m[22m}[1m[32m [built][39m[22m
     + 7 hidden modules
chunk   {[1m[33m31[39m[22m} [1m[32mmui~277ac4c9.3009ce7c.chunk.js[39m[22m (mui~277ac4c9) 115 KiB <{[1m[33m0[39m[22m}> <{[1m[33m1[39m[22m}> <{[1m[33m2[39m[22m}> <{[1m[33m3[39m[22m}> <{[1m[33m4[39m[22m}> <{[1m[33m5[39m[22m}> <{[1m[33m6[39m[22m}> <{[1m[33m7[39m[22m}> <{[1m[33m8[39m[22m}> <{[1m[33m9[39m[22m}> <{[1m[33m10[39m[22m}> <{[1m[33m11[39m[22m}> <{[1m[33m12[39m[22m}> <{[1m[33m13[39m[22m}> <{[1m[33m14[39m[22m}> <{[1m[33m15[39m[22m}> <{[1m[33m16[39m[22m}> <{[1m[33m23[39m[22m}> <{[1m[33m24[39m[22m}> <{[1m[33m51[39m[22m}> <{[1m[33m52[39m[22m}> <{[1m[33m53[39m[22m}> <{[1m[33m54[39m[22m}> ={[1m[33m0[39m[22m}= ={[1m[33m1[39m[22m}= ={[1m[33m2[39m[22m}= ={[1m[33m3[39m[22m}= ={[1m[33m4[39m[22m}= ={[1m[33m5[39m[22m}= ={[1m[33m6[39m[22m}= ={[1m[33m7[39m[22m}= ={[1m[33m8[39m[22m}= ={[1m[33m9[39m[22m}= ={[1m[33m10[39m[22m}= ={[1m[33m11[39m[22m}= ={[1m[33m12[39m[22m}= ={[1m[33m13[39m[22m}= ={[1m[33m14[39m[22m}= ={[1m[33m15[39m[22m}= ={[1m[33m16[39m[22m}= ={[1m[33m17[39m[22m}= ={[1m[33m25[39m[22m}= ={[1m[33m26[39m[22m}= ={[1m[33m27[39m[22m}= ={[1m[33m28[39m[22m}= ={[1m[33m29[39m[22m}= ={[1m[33m30[39m[22m}= ={[1m[33m32[39m[22m}= ={[1m[33m33[39m[22m}= ={[1m[33m34[39m[22m}= ={[1m[33m35[39m[22m}= ={[1m[33m36[39m[22m}= ={[1m[33m37[39m[22m}= ={[1m[33m38[39m[22m}= ={[1m[33m39[39m[22m}= ={[1m[33m40[39m[22m}= ={[1m[33m41[39m[22m}= ={[1m[33m42[39m[22m}= ={[1m[33m43[39m[22m}= ={[1m[33m44[39m[22m}= ={[1m[33m45[39m[22m}= ={[1m[33m46[39m[22m}= ={[1m[33m47[39m[22m}= ={[1m[33m48[39m[22m}= ={[1m[33m49[39m[22m}= ={[1m[33m50[39m[22m}= ={[1m[33m62[39m[22m}=[1m[32m [rendered][39m[22m[1m[33m split chunk (cache group: mui) (name: mui)[39m[22m
  [843] [1m./node_modules/@mui/system/createTheme/index.js[39m[22m 847 bytes {[1m[33m31[39m[22m}[1m[32m [built][39m[22m
  [877] [1m./node_modules/@mui/system/createBreakpoints/createBreakpoints.js[39m[22m 4.8 KiB {[1m[33m31[39m[22m}[1m[32m [built][39m[22m
  [878] [1m./node_modules/@mui/system/cssContainerQueries/index.js[39m[22m 873 bytes {[1m[33m31[39m[22m}[1m[32m [built][39m[22m
  [907] [1m./node_modules/@mui/system/cssGrid/index.js[39m[22m 869 bytes {[1m[33m31[39m[22m}[1m[32m [built][39m[22m
  [910] [1m./node_modules/@mui/system/createStyled/index.js[39m[22m 899 bytes {[1m[33m31[39m[22m}[1m[32m [built][39m[22m
  [911] [1m./node_modules/@mui/system/cssVars/prepareCssVars.js[39m[22m 8.52 KiB {[1m[33m31[39m[22m}[1m[32m [built][39m[22m
  [966] [1m./node_modules/@mui/system/createTheme/shape.js[39m[22m 186 bytes {[1m[33m31[39m[22m}[1m[32m [built][39m[22m
  [967] [1m./node_modules/@mui/system/createTheme/createSpacing.js[39m[22m 1.6 KiB {[1m[33m31[39m[22m}[1m[32m [built][39m[22m
  [970] [1m./node_modules/@mui/system/display/index.js[39m[22m 869 bytes {[1m[33m31[39m[22m}[1m[32m [built][39m[22m
  [971] [1m./node_modules/@mui/system/flexbox/index.js[39m[22m 869 bytes {[1m[33m31[39m[22m}[1m[32m [built][39m[22m
  [975] [1m./node_modules/@mui/system/createBox/index.js[39m[22m 371 bytes {[1m[33m31[39m[22m}[1m[32m [built][39m[22m
  [986] [1m./node_modules/@mui/system/cssVars/createCssVarsProvider.js[39m[22m 20.3 KiB {[1m[33m31[39m[22m}[1m[32m [built][39m[22m
  [987] [1m./node_modules/@mui/system/cssVars/cssVarsParser.js[39m[22m 6.39 KiB {[1m[33m31[39m[22m}[1m[32m [built][39m[22m
  [988] [1m./node_modules/@mui/system/cssVars/createCssVarsTheme.js[39m[22m 2.42 KiB {[1m[33m31[39m[22m}[1m[32m [built][39m[22m
 [1289] [1m./node_modules/@mui/system/createBreakpoints/index.js[39m[22m 414 bytes {[1m[33m31[39m[22m}[1m[32m [built][39m[22m
     + 16 hidden modules
chunk   {[1m[33m32[39m[22m} [1m[32mmui~443764f8.1eae265e.chunk.js[39m[22m (mui~443764f8) 88.4 KiB <{[1m[33m0[39m[22m}> <{[1m[33m1[39m[22m}> <{[1m[33m2[39m[22m}> <{[1m[33m3[39m[22m}> <{[1m[33m4[39m[22m}> <{[1m[33m5[39m[22m}> <{[1m[33m6[39m[22m}> <{[1m[33m7[39m[22m}> <{[1m[33m8[39m[22m}> <{[1m[33m9[39m[22m}> <{[1m[33m10[39m[22m}> <{[1m[33m11[39m[22m}> <{[1m[33m12[39m[22m}> <{[1m[33m13[39m[22m}> <{[1m[33m14[39m[22m}> <{[1m[33m15[39m[22m}> <{[1m[33m16[39m[22m}> <{[1m[33m23[39m[22m}> <{[1m[33m24[39m[22m}> <{[1m[33m51[39m[22m}> <{[1m[33m52[39m[22m}> <{[1m[33m53[39m[22m}> <{[1m[33m54[39m[22m}> ={[1m[33m0[39m[22m}= ={[1m[33m1[39m[22m}= ={[1m[33m2[39m[22m}= ={[1m[33m3[39m[22m}= ={[1m[33m4[39m[22m}= ={[1m[33m5[39m[22m}= ={[1m[33m6[39m[22m}= ={[1m[33m7[39m[22m}= ={[1m[33m8[39m[22m}= ={[1m[33m9[39m[22m}= ={[1m[33m10[39m[22m}= ={[1m[33m11[39m[22m}= ={[1m[33m12[39m[22m}= ={[1m[33m13[39m[22m}= ={[1m[33m14[39m[22m}= ={[1m[33m15[39m[22m}= ={[1m[33m16[39m[22m}= ={[1m[33m17[39m[22m}= ={[1m[33m25[39m[22m}= ={[1m[33m26[39m[22m}= ={[1m[33m27[39m[22m}= ={[1m[33m28[39m[22m}= ={[1m[33m29[39m[22m}= ={[1m[33m30[39m[22m}= ={[1m[33m31[39m[22m}= ={[1m[33m33[39m[22m}= ={[1m[33m34[39m[22m}= ={[1m[33m35[39m[22m}= ={[1m[33m36[39m[22m}= ={[1m[33m37[39m[22m}= ={[1m[33m38[39m[22m}= ={[1m[33m39[39m[22m}= ={[1m[33m40[39m[22m}= ={[1m[33m41[39m[22m}= ={[1m[33m42[39m[22m}= ={[1m[33m43[39m[22m}= ={[1m[33m44[39m[22m}= ={[1m[33m45[39m[22m}= ={[1m[33m46[39m[22m}= ={[1m[33m47[39m[22m}= ={[1m[33m48[39m[22m}= ={[1m[33m49[39m[22m}= ={[1m[33m50[39m[22m}= ={[1m[33m62[39m[22m}=[1m[32m [rendered][39m[22m[1m[33m split chunk (cache group: mui) (name: mui)[39m[22m
  [804] [1m./node_modules/@mui/utils/generateUtilityClass/index.js[39m[22m 947 bytes {[1m[33m32[39m[22m}[1m[32m [built][39m[22m
  [805] [1m./node_modules/@mui/utils/generateUtilityClasses/index.js[39m[22m 410 bytes {[1m[33m32[39m[22m}[1m[32m [built][39m[22m
  [807] [1m./node_modules/@mui/utils/composeClasses/index.js[39m[22m 386 bytes {[1m[33m32[39m[22m}[1m[32m [built][39m[22m
  [818] [1m./node_modules/@mui/utils/chainPropTypes/index.js[39m[22m 386 bytes {[1m[33m32[39m[22m}[1m[32m [built][39m[22m
  [819] [1m./node_modules/@mui/utils/deepmerge/index.js[39m[22m 881 bytes {[1m[33m32[39m[22m}[1m[32m [built][39m[22m
  [820] [1m./node_modules/@mui/utils/refType/index.js[39m[22m 365 bytes {[1m[33m32[39m[22m}[1m[32m [built][39m[22m
  [822] [1m./node_modules/@mui/utils/formatMuiErrorMessage/index.js[39m[22m 407 bytes {[1m[33m32[39m[22m}[1m[32m [built][39m[22m
  [826] [1m./node_modules/@mui/utils/integerPropType/index.js[39m[22m 917 bytes {[1m[33m32[39m[22m}[1m[32m [built][39m[22m
  [831] [1m./node_modules/@mui/utils/useEnhancedEffect/index.js[39m[22m 395 bytes {[1m[33m32[39m[22m}[1m[32m [built][39m[22m
  [832] [1m./node_modules/@mui/utils/useForkRef/index.js[39m[22m 374 bytes {[1m[33m32[39m[22m}[1m[32m [built][39m[22m
  [835] [1m./node_modules/@mui/utils/getReactElementRef/index.js[39m[22m 398 bytes {[1m[33m32[39m[22m}[1m[32m [built][39m[22m
  [840] [1m./node_modules/@mui/utils/ownerDocument/index.js[39m[22m 383 bytes {[1m[33m32[39m[22m}[1m[32m [built][39m[22m
  [841] [1m./node_modules/@mui/utils/elementAcceptingRef/index.js[39m[22m 401 bytes {[1m[33m32[39m[22m}[1m[32m [built][39m[22m
  [881] [1m./node_modules/@mui/utils/ClassNameGenerator/index.js[39m[22m 398 bytes {[1m[33m32[39m[22m}[1m[32m [built][39m[22m
 [1278] [1m./node_modules/@mui/utils/composeClasses/composeClasses.js[39m[22m 1.55 KiB {[1m[33m32[39m[22m}[1m[32m [built][39m[22m
     + 78 hidden modules
chunk   {[1m[33m33[39m[22m} [1m[32mmui~46e1f32e.61ed9894.chunk.js[39m[22m (mui~46e1f32e) 165 KiB <{[1m[33m0[39m[22m}> <{[1m[33m1[39m[22m}> <{[1m[33m2[39m[22m}> <{[1m[33m3[39m[22m}> <{[1m[33m4[39m[22m}> <{[1m[33m5[39m[22m}> <{[1m[33m6[39m[22m}> <{[1m[33m7[39m[22m}> <{[1m[33m8[39m[22m}> <{[1m[33m9[39m[22m}> <{[1m[33m10[39m[22m}> <{[1m[33m11[39m[22m}> <{[1m[33m12[39m[22m}> <{[1m[33m13[39m[22m}> <{[1m[33m14[39m[22m}> <{[1m[33m15[39m[22m}> <{[1m[33m16[39m[22m}> <{[1m[33m23[39m[22m}> <{[1m[33m24[39m[22m}> <{[1m[33m51[39m[22m}> <{[1m[33m52[39m[22m}> <{[1m[33m53[39m[22m}> <{[1m[33m54[39m[22m}> ={[1m[33m0[39m[22m}= ={[1m[33m1[39m[22m}= ={[1m[33m2[39m[22m}= ={[1m[33m3[39m[22m}= ={[1m[33m4[39m[22m}= ={[1m[33m5[39m[22m}= ={[1m[33m6[39m[22m}= ={[1m[33m7[39m[22m}= ={[1m[33m8[39m[22m}= ={[1m[33m9[39m[22m}= ={[1m[33m10[39m[22m}= ={[1m[33m11[39m[22m}= ={[1m[33m12[39m[22m}= ={[1m[33m13[39m[22m}= ={[1m[33m14[39m[22m}= ={[1m[33m15[39m[22m}= ={[1m[33m16[39m[22m}= ={[1m[33m17[39m[22m}= ={[1m[33m25[39m[22m}= ={[1m[33m26[39m[22m}= ={[1m[33m27[39m[22m}= ={[1m[33m28[39m[22m}= ={[1m[33m29[39m[22m}= ={[1m[33m30[39m[22m}= ={[1m[33m31[39m[22m}= ={[1m[33m32[39m[22m}= ={[1m[33m34[39m[22m}= ={[1m[33m35[39m[22m}= ={[1m[33m36[39m[22m}= ={[1m[33m37[39m[22m}= ={[1m[33m38[39m[22m}= ={[1m[33m39[39m[22m}= ={[1m[33m40[39m[22m}= ={[1m[33m41[39m[22m}= ={[1m[33m42[39m[22m}= ={[1m[33m43[39m[22m}= ={[1m[33m44[39m[22m}= ={[1m[33m45[39m[22m}= ={[1m[33m46[39m[22m}= ={[1m[33m47[39m[22m}= ={[1m[33m48[39m[22m}= ={[1m[33m49[39m[22m}= ={[1m[33m50[39m[22m}= ={[1m[33m62[39m[22m}=[1m[32m [rendered][39m[22m[1m[33m split chunk (cache group: mui) (name: mui)[39m[22m
  [849] [1m./node_modules/@mui/material/Stepper/StepperContext.js[39m[22m 803 bytes {[1m[33m33[39m[22m}[1m[32m [built][39m[22m
  [861] [1m./node_modules/@mui/material/Step/StepContext.js[39m[22m 773 bytes {[1m[33m33[39m[22m}[1m[32m [built][39m[22m
  [917] [1m./node_modules/@mui/material/SvgIcon/index.js[39m[22m 1.2 KiB {[1m[33m33[39m[22m}[1m[32m [built][39m[22m
 [1011] [1m./node_modules/@mui/material/SvgIcon/svgIconClasses.js[39m[22m 857 bytes {[1m[33m33[39m[22m}[1m[32m [built][39m[22m
 [1141] [1m./node_modules/@mui/material/StepLabel/index.js[39m[22m 1.22 KiB {[1m[33m33[39m[22m}[1m[32m [built][39m[22m
 [1142] [1m./node_modules/@mui/material/StepIcon/index.js[39m[22m 1.21 KiB {[1m[33m33[39m[22m}[1m[32m [built][39m[22m
 [1146] [1m./node_modules/@mui/material/StepConnector/index.js[39m[22m 1.26 KiB {[1m[33m33[39m[22m}[1m[32m [built][39m[22m
 [1169] [1m./node_modules/@mui/material/TabScrollButton/index.js[39m[22m 1.29 KiB {[1m[33m33[39m[22m}[1m[32m [built][39m[22m
 [1546] [1m./node_modules/@mui/material/Stack/index.js[39m[22m 568 bytes {[1m[33m33[39m[22m}[1m[32m [built][39m[22m
 [1549] [1m./node_modules/@mui/material/Step/index.js[39m[22m 1.76 KiB {[1m[33m33[39m[22m}[1m[32m [built][39m[22m
 [1551] [1m./node_modules/@mui/material/StepButton/index.js[39m[22m 1.23 KiB {[1m[33m33[39m[22m}[1m[32m [built][39m[22m
 [1558] [1m./node_modules/@mui/material/StepContent/index.js[39m[22m 1.24 KiB {[1m[33m33[39m[22m}[1m[32m [built][39m[22m
 [1560] [1m./node_modules/@mui/material/Stepper/index.js[39m[22m 1.82 KiB {[1m[33m33[39m[22m}[1m[32m [built][39m[22m
 [1562] [1m./node_modules/@mui/material/SwipeableDrawer/index.js[39m[22m 389 bytes {[1m[33m33[39m[22m}[1m[32m [built][39m[22m
 [1565] [1m./node_modules/@mui/material/Switch/index.js[39m[22m 1.19 KiB {[1m[33m33[39m[22m}[1m[32m [built][39m[22m
     + 23 hidden modules
chunk   {[1m[33m34[39m[22m} [1m[32mmui~4c14f90b.0ebe5306.chunk.js[39m[22m (mui~4c14f90b) 135 KiB <{[1m[33m0[39m[22m}> <{[1m[33m1[39m[22m}> <{[1m[33m2[39m[22m}> <{[1m[33m3[39m[22m}> <{[1m[33m4[39m[22m}> <{[1m[33m5[39m[22m}> <{[1m[33m6[39m[22m}> <{[1m[33m7[39m[22m}> <{[1m[33m8[39m[22m}> <{[1m[33m9[39m[22m}> <{[1m[33m10[39m[22m}> <{[1m[33m11[39m[22m}> <{[1m[33m12[39m[22m}> <{[1m[33m13[39m[22m}> <{[1m[33m14[39m[22m}> <{[1m[33m15[39m[22m}> <{[1m[33m16[39m[22m}> <{[1m[33m23[39m[22m}> <{[1m[33m24[39m[22m}> <{[1m[33m51[39m[22m}> <{[1m[33m52[39m[22m}> <{[1m[33m53[39m[22m}> <{[1m[33m54[39m[22m}> ={[1m[33m0[39m[22m}= ={[1m[33m1[39m[22m}= ={[1m[33m2[39m[22m}= ={[1m[33m3[39m[22m}= ={[1m[33m4[39m[22m}= ={[1m[33m5[39m[22m}= ={[1m[33m6[39m[22m}= ={[1m[33m7[39m[22m}= ={[1m[33m8[39m[22m}= ={[1m[33m9[39m[22m}= ={[1m[33m10[39m[22m}= ={[1m[33m11[39m[22m}= ={[1m[33m12[39m[22m}= ={[1m[33m13[39m[22m}= ={[1m[33m14[39m[22m}= ={[1m[33m15[39m[22m}= ={[1m[33m16[39m[22m}= ={[1m[33m17[39m[22m}= ={[1m[33m25[39m[22m}= ={[1m[33m26[39m[22m}= ={[1m[33m27[39m[22m}= ={[1m[33m28[39m[22m}= ={[1m[33m29[39m[22m}= ={[1m[33m30[39m[22m}= ={[1m[33m31[39m[22m}= ={[1m[33m32[39m[22m}= ={[1m[33m33[39m[22m}= ={[1m[33m35[39m[22m}= ={[1m[33m36[39m[22m}= ={[1m[33m37[39m[22m}= ={[1m[33m38[39m[22m}= ={[1m[33m39[39m[22m}= ={[1m[33m40[39m[22m}= ={[1m[33m41[39m[22m}= ={[1m[33m42[39m[22m}= ={[1m[33m43[39m[22m}= ={[1m[33m44[39m[22m}= ={[1m[33m45[39m[22m}= ={[1m[33m46[39m[22m}= ={[1m[33m47[39m[22m}= ={[1m[33m48[39m[22m}= ={[1m[33m49[39m[22m}= ={[1m[33m50[39m[22m}= ={[1m[33m62[39m[22m}=[1m[32m [rendered][39m[22m[1m[33m split chunk (cache group: mui) (name: mui)[39m[22m
  [932] [1m./node_modules/@mui/material/Backdrop/index.js[39m[22m 1.21 KiB {[1m[33m34[39m[22m}[1m[32m [built][39m[22m
 [1032] [1m./node_modules/@mui/material/AppBar/appBarClasses.js[39m[22m 937 bytes {[1m[33m34[39m[22m}[1m[32m [built][39m[22m
 [1040] [1m./node_modules/@mui/material/Autocomplete/autocompleteClasses.js[39m[22m 1.06 KiB {[1m[33m34[39m[22m}[1m[32m [built][39m[22m
 [1041] [1m./node_modules/@mui/material/Avatar/index.js[39m[22m 1.19 KiB {[1m[33m34[39m[22m}[1m[32m [built][39m[22m
 [1042] [1m./node_modules/@mui/material/Avatar/avatarClasses.js[39m[22m 767 bytes {[1m[33m34[39m[22m}[1m[32m [built][39m[22m
 [1043] [1m./node_modules/@mui/material/AvatarGroup/avatarGroupClasses.js[39m[22m 744 bytes {[1m[33m34[39m[22m}[1m[32m [built][39m[22m
 [1044] [1m./node_modules/@mui/material/Backdrop/backdropClasses.js[39m[22m 726 bytes {[1m[33m34[39m[22m}[1m[32m [built][39m[22m
 [1045] [1m./node_modules/@mui/material/Badge/badgeClasses.js[39m[22m 1.27 KiB {[1m[33m34[39m[22m}[1m[32m [built][39m[22m
 [1368] [1m./node_modules/@mui/material/AppBar/index.js[39m[22m 1.19 KiB {[1m[33m34[39m[22m}[1m[32m [built][39m[22m
 [1369] [1m./node_modules/@mui/material/AppBar/AppBar.js[39m[22m 11.3 KiB {[1m[33m34[39m[22m}[1m[32m [built][39m[22m
 [1370] [1m./node_modules/@mui/material/Autocomplete/index.js[39m[22m 1.34 KiB {[1m[33m34[39m[22m}[1m[32m [built][39m[22m
 [1371] [1m./node_modules/@mui/material/Autocomplete/Autocomplete.js[39m[22m 53.9 KiB {[1m[33m34[39m[22m}[1m[32m [built][39m[22m
 [1384] [1m./node_modules/@mui/material/Avatar/Avatar.js[39m[22m 12.9 KiB {[1m[33m34[39m[22m}[1m[32m [built][39m[22m
 [1386] [1m./node_modules/@mui/material/AvatarGroup/index.js[39m[22m 1.24 KiB {[1m[33m34[39m[22m}[1m[32m [built][39m[22m
 [1391] [1m./node_modules/@mui/material/Badge/index.js[39m[22m 1.18 KiB {[1m[33m34[39m[22m}[1m[32m [built][39m[22m
     + 4 hidden modules
chunk   {[1m[33m35[39m[22m} [1m[32mmui~5c89e222.ad40bc09.chunk.js[39m[22m (mui~5c89e222) 224 KiB <{[1m[33m0[39m[22m}> <{[1m[33m1[39m[22m}> <{[1m[33m2[39m[22m}> <{[1m[33m3[39m[22m}> <{[1m[33m4[39m[22m}> <{[1m[33m5[39m[22m}> <{[1m[33m6[39m[22m}> <{[1m[33m7[39m[22m}> <{[1m[33m8[39m[22m}> <{[1m[33m9[39m[22m}> <{[1m[33m10[39m[22m}> <{[1m[33m11[39m[22m}> <{[1m[33m12[39m[22m}> <{[1m[33m13[39m[22m}> <{[1m[33m14[39m[22m}> <{[1m[33m15[39m[22m}> <{[1m[33m16[39m[22m}> <{[1m[33m23[39m[22m}> <{[1m[33m24[39m[22m}> <{[1m[33m51[39m[22m}> <{[1m[33m52[39m[22m}> <{[1m[33m53[39m[22m}> <{[1m[33m54[39m[22m}> ={[1m[33m0[39m[22m}= ={[1m[33m1[39m[22m}= ={[1m[33m2[39m[22m}= ={[1m[33m3[39m[22m}= ={[1m[33m4[39m[22m}= ={[1m[33m5[39m[22m}= ={[1m[33m6[39m[22m}= ={[1m[33m7[39m[22m}= ={[1m[33m8[39m[22m}= ={[1m[33m9[39m[22m}= ={[1m[33m10[39m[22m}= ={[1m[33m11[39m[22m}= ={[1m[33m12[39m[22m}= ={[1m[33m13[39m[22m}= ={[1m[33m14[39m[22m}= ={[1m[33m15[39m[22m}= ={[1m[33m16[39m[22m}= ={[1m[33m17[39m[22m}= ={[1m[33m25[39m[22m}= ={[1m[33m26[39m[22m}= ={[1m[33m27[39m[22m}= ={[1m[33m28[39m[22m}= ={[1m[33m29[39m[22m}= ={[1m[33m30[39m[22m}= ={[1m[33m31[39m[22m}= ={[1m[33m32[39m[22m}= ={[1m[33m33[39m[22m}= ={[1m[33m34[39m[22m}= ={[1m[33m36[39m[22m}= ={[1m[33m37[39m[22m}= ={[1m[33m38[39m[22m}= ={[1m[33m39[39m[22m}= ={[1m[33m40[39m[22m}= ={[1m[33m41[39m[22m}= ={[1m[33m42[39m[22m}= ={[1m[33m43[39m[22m}= ={[1m[33m44[39m[22m}= ={[1m[33m45[39m[22m}= ={[1m[33m46[39m[22m}= ={[1m[33m47[39m[22m}= ={[1m[33m48[39m[22m}= ={[1m[33m49[39m[22m}= ={[1m[33m50[39m[22m}= ={[1m[33m62[39m[22m}=[1m[32m [rendered][39m[22m[1m[33m split chunk (cache group: mui) (name: mui)[39m[22m
  [809] [1m./node_modules/@mui/material/utils/memoTheme.js[39m[22m 237 bytes {[1m[33m35[39m[22m}[1m[32m [built][39m[22m
  [810] [1m./node_modules/@mui/material/utils/capitalize.js[39m[22m 341 bytes {[1m[33m35[39m[22m}[1m[32m [built][39m[22m
  [813] [1m./node_modules/@mui/material/utils/createSvgIcon.js[39m[22m 2.24 KiB {[1m[33m35[39m[22m}[1m[32m [built][39m[22m
  [816] [1m./node_modules/@mui/material/utils/useForkRef.js[39m[22m 355 bytes {[1m[33m35[39m[22m}[1m[32m [built][39m[22m
  [821] [1m./node_modules/@mui/material/utils/index.js[39m[22m 4.97 KiB {[1m[33m35[39m[22m}[1m[32m [built][39m[22m
  [829] [1m./node_modules/@mui/material/styles/identifier.js[39m[22m 158 bytes {[1m[33m35[39m[22m}[1m[32m [built][39m[22m
  [844] [1m./node_modules/@mui/material/utils/useControlled.js[39m[22m 364 bytes {[1m[33m35[39m[22m}[1m[32m [built][39m[22m
  [855] [1m./node_modules/@mui/material/utils/isMuiElement.js[39m[22m 347 bytes {[1m[33m35[39m[22m}[1m[32m [built][39m[22m
  [856] [1m./node_modules/@mui/material/utils/ownerDocument.js[39m[22m 350 bytes {[1m[33m35[39m[22m}[1m[32m [built][39m[22m
  [874] [1m./node_modules/@mui/material/styles/index.js[39m[22m 9.88 KiB {[1m[33m35[39m[22m}[1m[32m [built][39m[22m
 [1033] [1m./node_modules/@mui/material/useAutocomplete/index.js[39m[22m 549 bytes {[1m[33m35[39m[22m}[1m[32m [built][39m[22m
 [1118] [1m./node_modules/@mui/material/usePagination/index.js[39m[22m 383 bytes {[1m[33m35[39m[22m}[1m[32m [built][39m[22m
 [1601] [1m./node_modules/@mui/material/useMediaQuery/index.js[39m[22m 499 bytes {[1m[33m35[39m[22m}[1m[32m [built][39m[22m
 [1602] [1m./node_modules/@mui/material/useScrollTrigger/index.js[39m[22m 392 bytes {[1m[33m35[39m[22m}[1m[32m [built][39m[22m
 [1606] [1m./node_modules/@mui/material/version/index.js[39m[22m 453 bytes {[1m[33m35[39m[22m}[1m[32m [built][39m[22m
     + 57 hidden modules
chunk   {[1m[33m36[39m[22m} [1m[32mmui~60b88c48.03148de4.chunk.js[39m[22m (mui~60b88c48) 141 KiB <{[1m[33m0[39m[22m}> <{[1m[33m1[39m[22m}> <{[1m[33m2[39m[22m}> <{[1m[33m3[39m[22m}> <{[1m[33m4[39m[22m}> <{[1m[33m5[39m[22m}> <{[1m[33m6[39m[22m}> <{[1m[33m7[39m[22m}> <{[1m[33m8[39m[22m}> <{[1m[33m9[39m[22m}> <{[1m[33m10[39m[22m}> <{[1m[33m11[39m[22m}> <{[1m[33m12[39m[22m}> <{[1m[33m13[39m[22m}> <{[1m[33m14[39m[22m}> <{[1m[33m15[39m[22m}> <{[1m[33m16[39m[22m}> <{[1m[33m23[39m[22m}> <{[1m[33m24[39m[22m}> <{[1m[33m51[39m[22m}> <{[1m[33m52[39m[22m}> <{[1m[33m53[39m[22m}> <{[1m[33m54[39m[22m}> ={[1m[33m0[39m[22m}= ={[1m[33m1[39m[22m}= ={[1m[33m2[39m[22m}= ={[1m[33m3[39m[22m}= ={[1m[33m4[39m[22m}= ={[1m[33m5[39m[22m}= ={[1m[33m6[39m[22m}= ={[1m[33m7[39m[22m}= ={[1m[33m8[39m[22m}= ={[1m[33m9[39m[22m}= ={[1m[33m10[39m[22m}= ={[1m[33m11[39m[22m}= ={[1m[33m12[39m[22m}= ={[1m[33m13[39m[22m}= ={[1m[33m14[39m[22m}= ={[1m[33m15[39m[22m}= ={[1m[33m16[39m[22m}= ={[1m[33m17[39m[22m}= ={[1m[33m25[39m[22m}= ={[1m[33m26[39m[22m}= ={[1m[33m27[39m[22m}= ={[1m[33m28[39m[22m}= ={[1m[33m29[39m[22m}= ={[1m[33m30[39m[22m}= ={[1m[33m31[39m[22m}= ={[1m[33m32[39m[22m}= ={[1m[33m33[39m[22m}= ={[1m[33m34[39m[22m}= ={[1m[33m35[39m[22m}= ={[1m[33m37[39m[22m}= ={[1m[33m38[39m[22m}= ={[1m[33m39[39m[22m}= ={[1m[33m40[39m[22m}= ={[1m[33m41[39m[22m}= ={[1m[33m42[39m[22m}= ={[1m[33m43[39m[22m}= ={[1m[33m44[39m[22m}= ={[1m[33m45[39m[22m}= ={[1m[33m46[39m[22m}= ={[1m[33m47[39m[22m}= ={[1m[33m48[39m[22m}= ={[1m[33m49[39m[22m}= ={[1m[33m50[39m[22m}= ={[1m[33m62[39m[22m}=[1m[32m [rendered][39m[22m[1m[33m split chunk (cache group: mui) (name: mui)[39m[22m
 [1020] [1m./node_modules/@mui/material/Accordion/accordionClasses.js[39m[22m 787 bytes {[1m[33m36[39m[22m}[1m[32m [built][39m[22m
 [1021] [1m./node_modules/@mui/material/AccordionActions/accordionActionsClasses.js[39m[22m 780 bytes {[1m[33m36[39m[22m}[1m[32m [built][39m[22m
 [1022] [1m./node_modules/@mui/material/AccordionDetails/accordionDetailsClasses.js[39m[22m 769 bytes {[1m[33m36[39m[22m}[1m[32m [built][39m[22m
 [1025] [1m./node_modules/@mui/material/AccordionSummary/accordionSummaryClasses.js[39m[22m 870 bytes {[1m[33m36[39m[22m}[1m[32m [built][39m[22m
 [1026] [1m./node_modules/@mui/material/Alert/alertClasses.js[39m[22m 1020 bytes {[1m[33m36[39m[22m}[1m[32m [built][39m[22m
 [1031] [1m./node_modules/@mui/material/AlertTitle/alertTitleClasses.js[39m[22m 727 bytes {[1m[33m36[39m[22m}[1m[32m [built][39m[22m
 [1326] [1m./node_modules/@mui/material/Accordion/index.js[39m[22m 1.22 KiB {[1m[33m36[39m[22m}[1m[32m [built][39m[22m
 [1327] [1m./node_modules/@mui/material/Accordion/Accordion.js[39m[22m 15.5 KiB {[1m[33m36[39m[22m}[1m[32m [built][39m[22m
 [1343] [1m./node_modules/@mui/material/AccordionActions/index.js[39m[22m 1.3 KiB {[1m[33m36[39m[22m}[1m[32m [built][39m[22m
 [1344] [1m./node_modules/@mui/material/AccordionActions/AccordionActions.js[39m[22m 5.26 KiB {[1m[33m36[39m[22m}[1m[32m [built][39m[22m
 [1345] [1m./node_modules/@mui/material/AccordionDetails/index.js[39m[22m 1.3 KiB {[1m[33m36[39m[22m}[1m[32m [built][39m[22m
 [1346] [1m./node_modules/@mui/material/AccordionDetails/AccordionDetails.js[39m[22m 4.52 KiB {[1m[33m36[39m[22m}[1m[32m [built][39m[22m
 [1347] [1m./node_modules/@mui/material/AccordionSummary/index.js[39m[22m 1.3 KiB {[1m[33m36[39m[22m}[1m[32m [built][39m[22m
 [1357] [1m./node_modules/@mui/material/Alert/index.js[39m[22m 1.18 KiB {[1m[33m36[39m[22m}[1m[32m [built][39m[22m
 [1365] [1m./node_modules/@mui/material/AlertTitle/index.js[39m[22m 1.23 KiB {[1m[33m36[39m[22m}[1m[32m [built][39m[22m
     + 22 hidden modules
chunk   {[1m[33m37[39m[22m} [1m[32mmui~63468c5e.f1f37a0d.chunk.js[39m[22m (mui~63468c5e) 21.1 KiB <{[1m[33m0[39m[22m}> <{[1m[33m1[39m[22m}> <{[1m[33m2[39m[22m}> <{[1m[33m3[39m[22m}> <{[1m[33m4[39m[22m}> <{[1m[33m5[39m[22m}> <{[1m[33m6[39m[22m}> <{[1m[33m7[39m[22m}> <{[1m[33m8[39m[22m}> <{[1m[33m9[39m[22m}> <{[1m[33m10[39m[22m}> <{[1m[33m11[39m[22m}> <{[1m[33m12[39m[22m}> <{[1m[33m13[39m[22m}> <{[1m[33m14[39m[22m}> <{[1m[33m15[39m[22m}> <{[1m[33m16[39m[22m}> <{[1m[33m23[39m[22m}> <{[1m[33m24[39m[22m}> <{[1m[33m51[39m[22m}> <{[1m[33m52[39m[22m}> <{[1m[33m53[39m[22m}> <{[1m[33m54[39m[22m}> ={[1m[33m0[39m[22m}= ={[1m[33m1[39m[22m}= ={[1m[33m2[39m[22m}= ={[1m[33m3[39m[22m}= ={[1m[33m4[39m[22m}= ={[1m[33m5[39m[22m}= ={[1m[33m6[39m[22m}= ={[1m[33m7[39m[22m}= ={[1m[33m8[39m[22m}= ={[1m[33m9[39m[22m}= ={[1m[33m10[39m[22m}= ={[1m[33m11[39m[22m}= ={[1m[33m12[39m[22m}= ={[1m[33m13[39m[22m}= ={[1m[33m14[39m[22m}= ={[1m[33m15[39m[22m}= ={[1m[33m16[39m[22m}= ={[1m[33m17[39m[22m}= ={[1m[33m25[39m[22m}= ={[1m[33m26[39m[22m}= ={[1m[33m27[39m[22m}= ={[1m[33m28[39m[22m}= ={[1m[33m29[39m[22m}= ={[1m[33m30[39m[22m}= ={[1m[33m31[39m[22m}= ={[1m[33m32[39m[22m}= ={[1m[33m33[39m[22m}= ={[1m[33m34[39m[22m}= ={[1m[33m35[39m[22m}= ={[1m[33m36[39m[22m}= ={[1m[33m38[39m[22m}= ={[1m[33m39[39m[22m}= ={[1m[33m40[39m[22m}= ={[1m[33m41[39m[22m}= ={[1m[33m42[39m[22m}= ={[1m[33m43[39m[22m}= ={[1m[33m44[39m[22m}= ={[1m[33m45[39m[22m}= ={[1m[33m46[39m[22m}= ={[1m[33m47[39m[22m}= ={[1m[33m48[39m[22m}= ={[1m[33m49[39m[22m}= ={[1m[33m50[39m[22m}= ={[1m[33m62[39m[22m}=[1m[32m [rendered][39m[22m[1m[33m split chunk (cache group: mui) (name: mui)[39m[22m
  [837] [1m./node_modules/@mui/styled-engine/index.js[39m[22m 3.34 KiB {[1m[33m37[39m[22m}[1m[32m [built][39m[22m
  [981] [1m./node_modules/@mui/private-theming/index.js[39m[22m 1.39 KiB {[1m[33m37[39m[22m}[1m[32m [built][39m[22m
  [982] [1m./node_modules/@mui/private-theming/useTheme/ThemeContext.js[39m[22m 477 bytes {[1m[33m37[39m[22m}[1m[32m [built][39m[22m
  [983] [1m./node_modules/@mui/private-theming/useTheme/index.js[39m[22m 368 bytes {[1m[33m37[39m[22m}[1m[32m [built][39m[22m
  [984] [1m./node_modules/@mui/private-theming/ThemeProvider/nested.js[39m[22m 408 bytes {[1m[33m37[39m[22m}[1m[32m [built][39m[22m
 [1218] [1m./node_modules/@mui/styled-engine/StyledEngineProvider/index.js[39m[22m 404 bytes {[1m[33m37[39m[22m}[1m[32m [built][39m[22m
 [1219] [1m./node_modules/@mui/styled-engine/StyledEngineProvider/StyledEngineProvider.js[39m[22m 7.43 KiB {[1m[33m37[39m[22m}[1m[32m [built][39m[22m
 [1220] [1m./node_modules/@mui/styled-engine/GlobalStyles/index.js[39m[22m 380 bytes {[1m[33m37[39m[22m}[1m[32m [built][39m[22m
 [1221] [1m./node_modules/@mui/styled-engine/GlobalStyles/GlobalStyles.js[39m[22m 1.45 KiB {[1m[33m37[39m[22m}[1m[32m [built][39m[22m
 [1266] [1m./node_modules/@mui/private-theming/ThemeProvider/index.js[39m[22m 577 bytes {[1m[33m37[39m[22m}[1m[32m [built][39m[22m
 [1267] [1m./node_modules/@mui/private-theming/ThemeProvider/ThemeProvider.js[39m[22m 4.11 KiB {[1m[33m37[39m[22m}[1m[32m [built][39m[22m
 [1269] [1m./node_modules/@mui/private-theming/useTheme/useTheme.js[39m[22m 856 bytes {[1m[33m37[39m[22m}[1m[32m [built][39m[22m
chunk   {[1m[33m38[39m[22m} [1m[32mmui~6bca4df8.39492a8b.chunk.js[39m[22m (mui~6bca4df8) 165 KiB <{[1m[33m0[39m[22m}> <{[1m[33m1[39m[22m}> <{[1m[33m2[39m[22m}> <{[1m[33m3[39m[22m}> <{[1m[33m4[39m[22m}> <{[1m[33m5[39m[22m}> <{[1m[33m6[39m[22m}> <{[1m[33m7[39m[22m}> <{[1m[33m8[39m[22m}> <{[1m[33m9[39m[22m}> <{[1m[33m10[39m[22m}> <{[1m[33m11[39m[22m}> <{[1m[33m12[39m[22m}> <{[1m[33m13[39m[22m}> <{[1m[33m14[39m[22m}> <{[1m[33m15[39m[22m}> <{[1m[33m16[39m[22m}> <{[1m[33m23[39m[22m}> <{[1m[33m24[39m[22m}> <{[1m[33m51[39m[22m}> <{[1m[33m52[39m[22m}> <{[1m[33m53[39m[22m}> <{[1m[33m54[39m[22m}> ={[1m[33m0[39m[22m}= ={[1m[33m1[39m[22m}= ={[1m[33m2[39m[22m}= ={[1m[33m3[39m[22m}= ={[1m[33m4[39m[22m}= ={[1m[33m5[39m[22m}= ={[1m[33m6[39m[22m}= ={[1m[33m7[39m[22m}= ={[1m[33m8[39m[22m}= ={[1m[33m9[39m[22m}= ={[1m[33m10[39m[22m}= ={[1m[33m11[39m[22m}= ={[1m[33m12[39m[22m}= ={[1m[33m13[39m[22m}= ={[1m[33m14[39m[22m}= ={[1m[33m15[39m[22m}= ={[1m[33m16[39m[22m}= ={[1m[33m17[39m[22m}= ={[1m[33m25[39m[22m}= ={[1m[33m26[39m[22m}= ={[1m[33m27[39m[22m}= ={[1m[33m28[39m[22m}= ={[1m[33m29[39m[22m}= ={[1m[33m30[39m[22m}= ={[1m[33m31[39m[22m}= ={[1m[33m32[39m[22m}= ={[1m[33m33[39m[22m}= ={[1m[33m34[39m[22m}= ={[1m[33m35[39m[22m}= ={[1m[33m36[39m[22m}= ={[1m[33m37[39m[22m}= ={[1m[33m39[39m[22m}= ={[1m[33m40[39m[22m}= ={[1m[33m41[39m[22m}= ={[1m[33m42[39m[22m}= ={[1m[33m43[39m[22m}= ={[1m[33m44[39m[22m}= ={[1m[33m45[39m[22m}= ={[1m[33m46[39m[22m}= ={[1m[33m47[39m[22m}= ={[1m[33m48[39m[22m}= ={[1m[33m49[39m[22m}= ={[1m[33m50[39m[22m}= ={[1m[33m62[39m[22m}=[1m[32m [rendered][39m[22m[1m[33m split chunk (cache group: mui) (name: mui)[39m[22m
  [817] [1m./node_modules/@mui/material/ButtonBase/index.js[39m[22m 1.88 KiB {[1m[33m38[39m[22m}[1m[32m [built][39m[22m
  [934] [1m./node_modules/@mui/material/ButtonGroup/ButtonGroupContext.js[39m[22m 540 bytes {[1m[33m38[39m[22m}[1m[32m [built][39m[22m
  [935] [1m./node_modules/@mui/material/ButtonGroup/ButtonGroupButtonContext.js[39m[22m 571 bytes {[1m[33m38[39m[22m}[1m[32m [built][39m[22m
 [1023] [1m./node_modules/@mui/material/ButtonBase/touchRippleClasses.js[39m[22m 819 bytes {[1m[33m38[39m[22m}[1m[32m [built][39m[22m
 [1024] [1m./node_modules/@mui/material/ButtonBase/buttonBaseClasses.js[39m[22m 755 bytes {[1m[33m38[39m[22m}[1m[32m [built][39m[22m
 [1049] [1m./node_modules/@mui/material/Breadcrumbs/breadcrumbsClasses.js[39m[22m 759 bytes {[1m[33m38[39m[22m}[1m[32m [built][39m[22m
 [1401] [1m./node_modules/@mui/material/Breadcrumbs/index.js[39m[22m 1.24 KiB {[1m[33m38[39m[22m}[1m[32m [built][39m[22m
 [1405] [1m./node_modules/@mui/material/Button/index.js[39m[22m 1.19 KiB {[1m[33m38[39m[22m}[1m[32m [built][39m[22m
 [1407] [1m./node_modules/@mui/material/ButtonGroup/index.js[39m[22m 1.78 KiB {[1m[33m38[39m[22m}[1m[32m [built][39m[22m
 [1410] [1m./node_modules/@mui/material/Card/index.js[39m[22m 1.17 KiB {[1m[33m38[39m[22m}[1m[32m [built][39m[22m
 [1412] [1m./node_modules/@mui/material/CardActionArea/index.js[39m[22m 1.27 KiB {[1m[33m38[39m[22m}[1m[32m [built][39m[22m
 [1414] [1m./node_modules/@mui/material/CardActions/index.js[39m[22m 1.24 KiB {[1m[33m38[39m[22m}[1m[32m [built][39m[22m
 [1416] [1m./node_modules/@mui/material/CardContent/index.js[39m[22m 1.24 KiB {[1m[33m38[39m[22m}[1m[32m [built][39m[22m
 [1418] [1m./node_modules/@mui/material/CardHeader/index.js[39m[22m 1.23 KiB {[1m[33m38[39m[22m}[1m[32m [built][39m[22m
 [1420] [1m./node_modules/@mui/material/CardMedia/index.js[39m[22m 1.22 KiB {[1m[33m38[39m[22m}[1m[32m [built][39m[22m
     + 21 hidden modules
chunk   {[1m[33m39[39m[22m} [1m[32mmui~7a019c31.f7022697.chunk.js[39m[22m (mui~7a019c31) 24.1 KiB <{[1m[33m0[39m[22m}> <{[1m[33m1[39m[22m}> <{[1m[33m2[39m[22m}> <{[1m[33m3[39m[22m}> <{[1m[33m4[39m[22m}> <{[1m[33m5[39m[22m}> <{[1m[33m6[39m[22m}> <{[1m[33m7[39m[22m}> <{[1m[33m8[39m[22m}> <{[1m[33m9[39m[22m}> <{[1m[33m10[39m[22m}> <{[1m[33m11[39m[22m}> <{[1m[33m12[39m[22m}> <{[1m[33m13[39m[22m}> <{[1m[33m14[39m[22m}> <{[1m[33m15[39m[22m}> <{[1m[33m16[39m[22m}> <{[1m[33m23[39m[22m}> <{[1m[33m24[39m[22m}> <{[1m[33m51[39m[22m}> <{[1m[33m52[39m[22m}> <{[1m[33m53[39m[22m}> <{[1m[33m54[39m[22m}> ={[1m[33m0[39m[22m}= ={[1m[33m1[39m[22m}= ={[1m[33m2[39m[22m}= ={[1m[33m3[39m[22m}= ={[1m[33m4[39m[22m}= ={[1m[33m5[39m[22m}= ={[1m[33m6[39m[22m}= ={[1m[33m7[39m[22m}= ={[1m[33m8[39m[22m}= ={[1m[33m9[39m[22m}= ={[1m[33m10[39m[22m}= ={[1m[33m11[39m[22m}= ={[1m[33m12[39m[22m}= ={[1m[33m13[39m[22m}= ={[1m[33m14[39m[22m}= ={[1m[33m15[39m[22m}= ={[1m[33m16[39m[22m}= ={[1m[33m17[39m[22m}= ={[1m[33m25[39m[22m}= ={[1m[33m26[39m[22m}= ={[1m[33m27[39m[22m}= ={[1m[33m28[39m[22m}= ={[1m[33m29[39m[22m}= ={[1m[33m30[39m[22m}= ={[1m[33m31[39m[22m}= ={[1m[33m32[39m[22m}= ={[1m[33m33[39m[22m}= ={[1m[33m34[39m[22m}= ={[1m[33m35[39m[22m}= ={[1m[33m36[39m[22m}= ={[1m[33m37[39m[22m}= ={[1m[33m38[39m[22m}= ={[1m[33m40[39m[22m}= ={[1m[33m41[39m[22m}= ={[1m[33m42[39m[22m}= ={[1m[33m43[39m[22m}= ={[1m[33m44[39m[22m}= ={[1m[33m45[39m[22m}= ={[1m[33m46[39m[22m}= ={[1m[33m47[39m[22m}= ={[1m[33m48[39m[22m}= ={[1m[33m49[39m[22m}= ={[1m[33m50[39m[22m}= ={[1m[33m62[39m[22m}=[1m[32m [rendered][39m[22m[1m[33m split chunk (cache group: mui) (name: mui)[39m[22m
  [954] [1m./node_modules/@mui/material/colors/common.js[39m[22m 203 bytes {[1m[33m39[39m[22m}[1m[32m [built][39m[22m
  [955] [1m./node_modules/@mui/material/colors/red.js[39m[22m 418 bytes {[1m[33m39[39m[22m}[1m[32m [built][39m[22m
  [956] [1m./node_modules/@mui/material/colors/purple.js[39m[22m 424 bytes {[1m[33m39[39m[22m}[1m[32m [built][39m[22m
  [957] [1m./node_modules/@mui/material/colors/blue.js[39m[22m 420 bytes {[1m[33m39[39m[22m}[1m[32m [built][39m[22m
  [958] [1m./node_modules/@mui/material/colors/lightBlue.js[39m[22m 430 bytes {[1m[33m39[39m[22m}[1m[32m [built][39m[22m
  [959] [1m./node_modules/@mui/material/colors/green.js[39m[22m 422 bytes {[1m[33m39[39m[22m}[1m[32m [built][39m[22m
  [960] [1m./node_modules/@mui/material/colors/orange.js[39m[22m 424 bytes {[1m[33m39[39m[22m}[1m[32m [built][39m[22m
  [961] [1m./node_modules/@mui/material/colors/grey.js[39m[22m 420 bytes {[1m[33m39[39m[22m}[1m[32m [built][39m[22m
 [1134] [1m./node_modules/@mui/material/Zoom/index.js[39m[22m 356 bytes {[1m[33m39[39m[22m}[1m[32m [built][39m[22m
 [1195] [1m./node_modules/@mui/material/colors/index.js[39m[22m 3.78 KiB {[1m[33m39[39m[22m}[1m[32m [built][39m[22m
 [1196] [1m./node_modules/@mui/material/colors/pink.js[39m[22m 420 bytes {[1m[33m39[39m[22m}[1m[32m [built][39m[22m
 [1197] [1m./node_modules/@mui/material/colors/deepPurple.js[39m[22m 432 bytes {[1m[33m39[39m[22m}[1m[32m [built][39m[22m
 [1433] [1m./node_modules/@mui/material/darkScrollbar/index.js[39m[22m 1.27 KiB {[1m[33m39[39m[22m}[1m[32m [built][39m[22m
 [1604] [1m./node_modules/@mui/material/generateUtilityClass/index.js[39m[22m 413 bytes {[1m[33m39[39m[22m}[1m[32m [built][39m[22m
 [1605] [1m./node_modules/@mui/material/generateUtilityClasses/index.js[39m[22m 419 bytes {[1m[33m39[39m[22m}[1m[32m [built][39m[22m
     + 12 hidden modules
chunk   {[1m[33m40[39m[22m} [1m[32mmui~7a993164.f6ba05e7.chunk.js[39m[22m (mui~7a993164) 119 KiB <{[1m[33m0[39m[22m}> <{[1m[33m1[39m[22m}> <{[1m[33m2[39m[22m}> <{[1m[33m3[39m[22m}> <{[1m[33m4[39m[22m}> <{[1m[33m5[39m[22m}> <{[1m[33m6[39m[22m}> <{[1m[33m7[39m[22m}> <{[1m[33m8[39m[22m}> <{[1m[33m9[39m[22m}> <{[1m[33m10[39m[22m}> <{[1m[33m11[39m[22m}> <{[1m[33m12[39m[22m}> <{[1m[33m13[39m[22m}> <{[1m[33m14[39m[22m}> <{[1m[33m15[39m[22m}> <{[1m[33m16[39m[22m}> <{[1m[33m23[39m[22m}> <{[1m[33m24[39m[22m}> <{[1m[33m51[39m[22m}> <{[1m[33m52[39m[22m}> <{[1m[33m53[39m[22m}> <{[1m[33m54[39m[22m}> ={[1m[33m0[39m[22m}= ={[1m[33m1[39m[22m}= ={[1m[33m2[39m[22m}= ={[1m[33m3[39m[22m}= ={[1m[33m4[39m[22m}= ={[1m[33m5[39m[22m}= ={[1m[33m6[39m[22m}= ={[1m[33m7[39m[22m}= ={[1m[33m8[39m[22m}= ={[1m[33m9[39m[22m}= ={[1m[33m10[39m[22m}= ={[1m[33m11[39m[22m}= ={[1m[33m12[39m[22m}= ={[1m[33m13[39m[22m}= ={[1m[33m14[39m[22m}= ={[1m[33m15[39m[22m}= ={[1m[33m16[39m[22m}= ={[1m[33m17[39m[22m}= ={[1m[33m25[39m[22m}= ={[1m[33m26[39m[22m}= ={[1m[33m27[39m[22m}= ={[1m[33m28[39m[22m}= ={[1m[33m29[39m[22m}= ={[1m[33m30[39m[22m}= ={[1m[33m31[39m[22m}= ={[1m[33m32[39m[22m}= ={[1m[33m33[39m[22m}= ={[1m[33m34[39m[22m}= ={[1m[33m35[39m[22m}= ={[1m[33m36[39m[22m}= ={[1m[33m37[39m[22m}= ={[1m[33m38[39m[22m}= ={[1m[33m39[39m[22m}= ={[1m[33m41[39m[22m}= ={[1m[33m42[39m[22m}= ={[1m[33m43[39m[22m}= ={[1m[33m44[39m[22m}= ={[1m[33m45[39m[22m}= ={[1m[33m46[39m[22m}= ={[1m[33m47[39m[22m}= ={[1m[33m48[39m[22m}= ={[1m[33m49[39m[22m}= ={[1m[33m50[39m[22m}= ={[1m[33m62[39m[22m}=[1m[32m [rendered][39m[22m[1m[33m split chunk (cache group: mui) (name: mui)[39m[22m
  [833] [1m./node_modules/@mui/material/Typography/index.js[39m[22m 1.23 KiB {[1m[33m40[39m[22m}[1m[32m [built][39m[22m
  [948] [1m./node_modules/@mui/material/ToggleButton/toggleButtonClasses.js[39m[22m 854 bytes {[1m[33m40[39m[22m}[1m[32m [built][39m[22m
 [1030] [1m./node_modules/@mui/material/Typography/typographyClasses.js[39m[22m 948 bytes {[1m[33m40[39m[22m}[1m[32m [built][39m[22m
 [1064] [1m./node_modules/@mui/material/Unstable_TrapFocus/index.js[39m[22m 371 bytes {[1m[33m40[39m[22m}[1m[32m [built][39m[22m
 [1136] [1m./node_modules/@mui/material/Tooltip/index.js[39m[22m 1.2 KiB {[1m[33m40[39m[22m}[1m[32m [built][39m[22m
 [1137] [1m./node_modules/@mui/material/Tooltip/tooltipClasses.js[39m[22m 902 bytes {[1m[33m40[39m[22m}[1m[32m [built][39m[22m
 [1160] [1m./node_modules/@mui/material/Toolbar/index.js[39m[22m 1.2 KiB {[1m[33m40[39m[22m}[1m[32m [built][39m[22m
 [1161] [1m./node_modules/@mui/material/Toolbar/toolbarClasses.js[39m[22m 737 bytes {[1m[33m40[39m[22m}[1m[32m [built][39m[22m
 [1175] [1m./node_modules/@mui/material/ToggleButtonGroup/toggleButtonGroupClasses.js[39m[22m 935 bytes {[1m[33m40[39m[22m}[1m[32m [built][39m[22m
 [1367] [1m./node_modules/@mui/material/Typography/Typography.js[39m[22m 13.3 KiB {[1m[33m40[39m[22m}[1m[32m [built][39m[22m
 [1438] [1m./node_modules/@mui/material/Unstable_TrapFocus/FocusTrap.js[39m[22m 15.5 KiB {[1m[33m40[39m[22m}[1m[32m [built][39m[22m
 [1542] [1m./node_modules/@mui/material/Tooltip/Tooltip.js[39m[22m 42 KiB {[1m[33m40[39m[22m}[1m[32m [built][39m[22m
 [1582] [1m./node_modules/@mui/material/Toolbar/Toolbar.js[39m[22m 6.66 KiB {[1m[33m40[39m[22m}[1m[32m [built][39m[22m
 [1596] [1m./node_modules/@mui/material/ToggleButton/index.js[39m[22m 1.25 KiB {[1m[33m40[39m[22m}[1m[32m [built][39m[22m
 [1599] [1m./node_modules/@mui/material/ToggleButtonGroup/index.js[39m[22m 1.31 KiB {[1m[33m40[39m[22m}[1m[32m [built][39m[22m
     + 5 hidden modules
chunk   {[1m[33m41[39m[22m} [1m[32mmui~7bd64bef.a4c3ccf6.chunk.js[39m[22m (mui~7bd64bef) 128 KiB <{[1m[33m0[39m[22m}> <{[1m[33m1[39m[22m}> <{[1m[33m2[39m[22m}> <{[1m[33m3[39m[22m}> <{[1m[33m4[39m[22m}> <{[1m[33m5[39m[22m}> <{[1m[33m6[39m[22m}> <{[1m[33m7[39m[22m}> <{[1m[33m8[39m[22m}> <{[1m[33m9[39m[22m}> <{[1m[33m10[39m[22m}> <{[1m[33m11[39m[22m}> <{[1m[33m12[39m[22m}> <{[1m[33m13[39m[22m}> <{[1m[33m14[39m[22m}> <{[1m[33m15[39m[22m}> <{[1m[33m16[39m[22m}> <{[1m[33m23[39m[22m}> <{[1m[33m24[39m[22m}> <{[1m[33m51[39m[22m}> <{[1m[33m52[39m[22m}> <{[1m[33m53[39m[22m}> <{[1m[33m54[39m[22m}> ={[1m[33m0[39m[22m}= ={[1m[33m1[39m[22m}= ={[1m[33m2[39m[22m}= ={[1m[33m3[39m[22m}= ={[1m[33m4[39m[22m}= ={[1m[33m5[39m[22m}= ={[1m[33m6[39m[22m}= ={[1m[33m7[39m[22m}= ={[1m[33m8[39m[22m}= ={[1m[33m9[39m[22m}= ={[1m[33m10[39m[22m}= ={[1m[33m11[39m[22m}= ={[1m[33m12[39m[22m}= ={[1m[33m13[39m[22m}= ={[1m[33m14[39m[22m}= ={[1m[33m15[39m[22m}= ={[1m[33m16[39m[22m}= ={[1m[33m17[39m[22m}= ={[1m[33m25[39m[22m}= ={[1m[33m26[39m[22m}= ={[1m[33m27[39m[22m}= ={[1m[33m28[39m[22m}= ={[1m[33m29[39m[22m}= ={[1m[33m30[39m[22m}= ={[1m[33m31[39m[22m}= ={[1m[33m32[39m[22m}= ={[1m[33m33[39m[22m}= ={[1m[33m34[39m[22m}= ={[1m[33m35[39m[22m}= ={[1m[33m36[39m[22m}= ={[1m[33m37[39m[22m}= ={[1m[33m38[39m[22m}= ={[1m[33m39[39m[22m}= ={[1m[33m40[39m[22m}= ={[1m[33m42[39m[22m}= ={[1m[33m43[39m[22m}= ={[1m[33m44[39m[22m}= ={[1m[33m45[39m[22m}= ={[1m[33m46[39m[22m}= ={[1m[33m47[39m[22m}= ={[1m[33m48[39m[22m}= ={[1m[33m49[39m[22m}= ={[1m[33m50[39m[22m}= ={[1m[33m62[39m[22m}=[1m[32m [rendered][39m[22m[1m[33m split chunk (cache group: mui) (name: mui)[39m[22m
  [812] [1m./node_modules/@mui/system/colorManipulator/index.js[39m[22m 568 bytes {[1m[33m41[39m[22m}[1m[32m [built][39m[22m
  [825] [1m./node_modules/@mui/system/RtlProvider/index.js[39m[22m 2.4 KiB {[1m[33m41[39m[22m}[1m[32m [built][39m[22m
  [834] [1m./node_modules/@mui/system/compose/index.js[39m[22m 365 bytes {[1m[33m41[39m[22m}[1m[32m [built][39m[22m
  [839] [1m./node_modules/@mui/system/breakpoints/index.js[39m[22m 893 bytes {[1m[33m41[39m[22m}[1m[32m [built][39m[22m
  [906] [1m./node_modules/@mui/system/borders/index.js[39m[22m 869 bytes {[1m[33m41[39m[22m}[1m[32m [built][39m[22m
  [965] [1m./node_modules/@mui/system/GlobalStyles/index.js[39m[22m 899 bytes {[1m[33m41[39m[22m}[1m[32m [built][39m[22m
  [980] [1m./node_modules/@mui/system/ThemeProvider/index.js[39m[22m 383 bytes {[1m[33m41[39m[22m}[1m[32m [built][39m[22m
  [990] [1m./node_modules/@mui/system/Container/createContainer.js[39m[22m 8.71 KiB {[1m[33m41[39m[22m}[1m[32m [built][39m[22m
  [991] [1m./node_modules/@mui/system/Grid/Grid.js[39m[22m 5.51 KiB {[1m[33m41[39m[22m}[1m[32m [built][39m[22m
  [996] [1m./node_modules/@mui/system/Grid/index.js[39m[22m 2.73 KiB {[1m[33m41[39m[22m}[1m[32m [built][39m[22m
  [997] [1m./node_modules/@mui/system/Stack/Stack.js[39m[22m 3.25 KiB {[1m[33m41[39m[22m}[1m[32m [built][39m[22m
 [1249] [1m./node_modules/@mui/system/Box/index.js[39m[22m 1.16 KiB {[1m[33m41[39m[22m}[1m[32m [built][39m[22m
 [1279] [1m./node_modules/@mui/system/Container/index.js[39m[22m 1.22 KiB {[1m[33m41[39m[22m}[1m[32m [built][39m[22m
 [1286] [1m./node_modules/@mui/system/Stack/index.js[39m[22m 1.81 KiB {[1m[33m41[39m[22m}[1m[32m [built][39m[22m
 [1301] [1m./node_modules/@mui/system/InitColorSchemeScript/index.js[39m[22m 407 bytes {[1m[33m41[39m[22m}[1m[32m [built][39m[22m
     + 23 hidden modules
chunk   {[1m[33m42[39m[22m} [1m[32mmui~9160205b.09b6ef02.chunk.js[39m[22m (mui~9160205b) 195 KiB <{[1m[33m0[39m[22m}> <{[1m[33m1[39m[22m}> <{[1m[33m2[39m[22m}> <{[1m[33m3[39m[22m}> <{[1m[33m4[39m[22m}> <{[1m[33m5[39m[22m}> <{[1m[33m6[39m[22m}> <{[1m[33m7[39m[22m}> <{[1m[33m8[39m[22m}> <{[1m[33m9[39m[22m}> <{[1m[33m10[39m[22m}> <{[1m[33m11[39m[22m}> <{[1m[33m12[39m[22m}> <{[1m[33m13[39m[22m}> <{[1m[33m14[39m[22m}> <{[1m[33m15[39m[22m}> <{[1m[33m16[39m[22m}> <{[1m[33m23[39m[22m}> <{[1m[33m24[39m[22m}> <{[1m[33m51[39m[22m}> <{[1m[33m52[39m[22m}> <{[1m[33m53[39m[22m}> <{[1m[33m54[39m[22m}> ={[1m[33m0[39m[22m}= ={[1m[33m1[39m[22m}= ={[1m[33m2[39m[22m}= ={[1m[33m3[39m[22m}= ={[1m[33m4[39m[22m}= ={[1m[33m5[39m[22m}= ={[1m[33m6[39m[22m}= ={[1m[33m7[39m[22m}= ={[1m[33m8[39m[22m}= ={[1m[33m9[39m[22m}= ={[1m[33m10[39m[22m}= ={[1m[33m11[39m[22m}= ={[1m[33m12[39m[22m}= ={[1m[33m13[39m[22m}= ={[1m[33m14[39m[22m}= ={[1m[33m15[39m[22m}= ={[1m[33m16[39m[22m}= ={[1m[33m17[39m[22m}= ={[1m[33m25[39m[22m}= ={[1m[33m26[39m[22m}= ={[1m[33m27[39m[22m}= ={[1m[33m28[39m[22m}= ={[1m[33m29[39m[22m}= ={[1m[33m30[39m[22m}= ={[1m[33m31[39m[22m}= ={[1m[33m32[39m[22m}= ={[1m[33m33[39m[22m}= ={[1m[33m34[39m[22m}= ={[1m[33m35[39m[22m}= ={[1m[33m36[39m[22m}= ={[1m[33m37[39m[22m}= ={[1m[33m38[39m[22m}= ={[1m[33m39[39m[22m}= ={[1m[33m40[39m[22m}= ={[1m[33m41[39m[22m}= ={[1m[33m43[39m[22m}= ={[1m[33m44[39m[22m}= ={[1m[33m45[39m[22m}= ={[1m[33m46[39m[22m}= ={[1m[33m47[39m[22m}= ={[1m[33m48[39m[22m}= ={[1m[33m49[39m[22m}= ={[1m[33m50[39m[22m}= ={[1m[33m62[39m[22m}=[1m[32m [rendered][39m[22m[1m[33m split chunk (cache group: mui) (name: mui)[39m[22m
  [947] [1m./node_modules/@mui/material/Slider/sliderClasses.js[39m[22m 1.17 KiB {[1m[33m42[39m[22m}[1m[32m [built][39m[22m
 [1073] [1m./node_modules/@mui/material/Slide/index.js[39m[22m 359 bytes {[1m[33m42[39m[22m}[1m[32m [built][39m[22m
 [1131] [1m./node_modules/@mui/material/SnackbarContent/index.js[39m[22m 1.29 KiB {[1m[33m42[39m[22m}[1m[32m [built][39m[22m
 [1132] [1m./node_modules/@mui/material/SnackbarContent/snackbarContentClasses.js[39m[22m 783 bytes {[1m[33m42[39m[22m}[1m[32m [built][39m[22m
 [1133] [1m./node_modules/@mui/material/Snackbar/snackbarClasses.js[39m[22m 866 bytes {[1m[33m42[39m[22m}[1m[32m [built][39m[22m
 [1135] [1m./node_modules/@mui/material/SpeedDial/speedDialClasses.js[39m[22m 822 bytes {[1m[33m42[39m[22m}[1m[32m [built][39m[22m
 [1138] [1m./node_modules/@mui/material/SpeedDialAction/speedDialActionClasses.js[39m[22m 885 bytes {[1m[33m42[39m[22m}[1m[32m [built][39m[22m
 [1139] [1m./node_modules/@mui/material/SpeedDialIcon/speedDialIconClasses.js[39m[22m 820 bytes {[1m[33m42[39m[22m}[1m[32m [built][39m[22m
 [1450] [1m./node_modules/@mui/material/Slide/Slide.js[39m[22m 15.7 KiB {[1m[33m42[39m[22m}[1m[32m [built][39m[22m
 [1527] [1m./node_modules/@mui/material/Slider/index.js[39m[22m 1.45 KiB {[1m[33m42[39m[22m}[1m[32m [built][39m[22m
 [1528] [1m./node_modules/@mui/material/Slider/Slider.js[39m[22m 46.4 KiB {[1m[33m42[39m[22m}[1m[32m [built][39m[22m
 [1533] [1m./node_modules/@mui/material/Snackbar/index.js[39m[22m 1.21 KiB {[1m[33m42[39m[22m}[1m[32m [built][39m[22m
 [1537] [1m./node_modules/@mui/material/SpeedDial/index.js[39m[22m 1.22 KiB {[1m[33m42[39m[22m}[1m[32m [built][39m[22m
 [1540] [1m./node_modules/@mui/material/SpeedDialAction/index.js[39m[22m 1.29 KiB {[1m[33m42[39m[22m}[1m[32m [built][39m[22m
 [1543] [1m./node_modules/@mui/material/SpeedDialIcon/index.js[39m[22m 1.26 KiB {[1m[33m42[39m[22m}[1m[32m [built][39m[22m
     + 8 hidden modules
chunk   {[1m[33m43[39m[22m} [1m[32mmui~921294fc.08ade5ea.chunk.js[39m[22m (mui~921294fc) 28.4 KiB <{[1m[33m0[39m[22m}> <{[1m[33m1[39m[22m}> <{[1m[33m2[39m[22m}> <{[1m[33m3[39m[22m}> <{[1m[33m4[39m[22m}> <{[1m[33m5[39m[22m}> <{[1m[33m6[39m[22m}> <{[1m[33m7[39m[22m}> <{[1m[33m8[39m[22m}> <{[1m[33m9[39m[22m}> <{[1m[33m10[39m[22m}> <{[1m[33m11[39m[22m}> <{[1m[33m12[39m[22m}> <{[1m[33m13[39m[22m}> <{[1m[33m14[39m[22m}> <{[1m[33m15[39m[22m}> <{[1m[33m16[39m[22m}> <{[1m[33m23[39m[22m}> <{[1m[33m24[39m[22m}> <{[1m[33m51[39m[22m}> <{[1m[33m52[39m[22m}> <{[1m[33m53[39m[22m}> <{[1m[33m54[39m[22m}> ={[1m[33m0[39m[22m}= ={[1m[33m1[39m[22m}= ={[1m[33m2[39m[22m}= ={[1m[33m3[39m[22m}= ={[1m[33m4[39m[22m}= ={[1m[33m5[39m[22m}= ={[1m[33m6[39m[22m}= ={[1m[33m7[39m[22m}= ={[1m[33m8[39m[22m}= ={[1m[33m9[39m[22m}= ={[1m[33m10[39m[22m}= ={[1m[33m11[39m[22m}= ={[1m[33m12[39m[22m}= ={[1m[33m13[39m[22m}= ={[1m[33m14[39m[22m}= ={[1m[33m15[39m[22m}= ={[1m[33m16[39m[22m}= ={[1m[33m17[39m[22m}= ={[1m[33m25[39m[22m}= ={[1m[33m26[39m[22m}= ={[1m[33m27[39m[22m}= ={[1m[33m28[39m[22m}= ={[1m[33m29[39m[22m}= ={[1m[33m30[39m[22m}= ={[1m[33m31[39m[22m}= ={[1m[33m32[39m[22m}= ={[1m[33m33[39m[22m}= ={[1m[33m34[39m[22m}= ={[1m[33m35[39m[22m}= ={[1m[33m36[39m[22m}= ={[1m[33m37[39m[22m}= ={[1m[33m38[39m[22m}= ={[1m[33m39[39m[22m}= ={[1m[33m40[39m[22m}= ={[1m[33m41[39m[22m}= ={[1m[33m42[39m[22m}= ={[1m[33m44[39m[22m}= ={[1m[33m45[39m[22m}= ={[1m[33m46[39m[22m}= ={[1m[33m47[39m[22m}= ={[1m[33m48[39m[22m}= ={[1m[33m49[39m[22m}= ={[1m[33m50[39m[22m}= ={[1m[33m62[39m[22m}=[1m[32m [rendered][39m[22m[1m[33m split chunk (cache group: mui) (name: mui)[39m[22m
  [894] [1m./node_modules/@mui/material/IconButton/index.js[39m[22m 1.23 KiB {[1m[33m43[39m[22m}[1m[32m [built][39m[22m
 [1028] [1m./node_modules/@mui/material/IconButton/iconButtonClasses.js[39m[22m 961 bytes {[1m[33m43[39m[22m}[1m[32m [built][39m[22m
 [1085] [1m./node_modules/@mui/material/Icon/iconClasses.js[39m[22m 836 bytes {[1m[33m43[39m[22m}[1m[32m [built][39m[22m
 [1359] [1m./node_modules/@mui/material/IconButton/IconButton.js[39m[22m 15.2 KiB {[1m[33m43[39m[22m}[1m[32m [built][39m[22m
 [1466] [1m./node_modules/@mui/material/Icon/index.js[39m[22m 1.17 KiB {[1m[33m43[39m[22m}[1m[32m [built][39m[22m
 [1467] [1m./node_modules/@mui/material/Icon/Icon.js[39m[22m 9.09 KiB {[1m[33m43[39m[22m}[1m[32m [built][39m[22m
chunk   {[1m[33m44[39m[22m} [1m[32mmui~9a53c7f8.0f272254.chunk.js[39m[22m (mui~9a53c7f8) 97.6 KiB <{[1m[33m0[39m[22m}> <{[1m[33m1[39m[22m}> <{[1m[33m2[39m[22m}> <{[1m[33m3[39m[22m}> <{[1m[33m4[39m[22m}> <{[1m[33m5[39m[22m}> <{[1m[33m6[39m[22m}> <{[1m[33m7[39m[22m}> <{[1m[33m8[39m[22m}> <{[1m[33m9[39m[22m}> <{[1m[33m10[39m[22m}> <{[1m[33m11[39m[22m}> <{[1m[33m12[39m[22m}> <{[1m[33m13[39m[22m}> <{[1m[33m14[39m[22m}> <{[1m[33m15[39m[22m}> <{[1m[33m16[39m[22m}> <{[1m[33m23[39m[22m}> <{[1m[33m24[39m[22m}> <{[1m[33m51[39m[22m}> <{[1m[33m52[39m[22m}> <{[1m[33m53[39m[22m}> <{[1m[33m54[39m[22m}> ={[1m[33m0[39m[22m}= ={[1m[33m1[39m[22m}= ={[1m[33m2[39m[22m}= ={[1m[33m3[39m[22m}= ={[1m[33m4[39m[22m}= ={[1m[33m5[39m[22m}= ={[1m[33m6[39m[22m}= ={[1m[33m7[39m[22m}= ={[1m[33m8[39m[22m}= ={[1m[33m9[39m[22m}= ={[1m[33m10[39m[22m}= ={[1m[33m11[39m[22m}= ={[1m[33m12[39m[22m}= ={[1m[33m13[39m[22m}= ={[1m[33m14[39m[22m}= ={[1m[33m15[39m[22m}= ={[1m[33m16[39m[22m}= ={[1m[33m17[39m[22m}= ={[1m[33m25[39m[22m}= ={[1m[33m26[39m[22m}= ={[1m[33m27[39m[22m}= ={[1m[33m28[39m[22m}= ={[1m[33m29[39m[22m}= ={[1m[33m30[39m[22m}= ={[1m[33m31[39m[22m}= ={[1m[33m32[39m[22m}= ={[1m[33m33[39m[22m}= ={[1m[33m34[39m[22m}= ={[1m[33m35[39m[22m}= ={[1m[33m36[39m[22m}= ={[1m[33m37[39m[22m}= ={[1m[33m38[39m[22m}= ={[1m[33m39[39m[22m}= ={[1m[33m40[39m[22m}= ={[1m[33m41[39m[22m}= ={[1m[33m42[39m[22m}= ={[1m[33m43[39m[22m}= ={[1m[33m45[39m[22m}= ={[1m[33m46[39m[22m}= ={[1m[33m47[39m[22m}= ={[1m[33m48[39m[22m}= ={[1m[33m49[39m[22m}= ={[1m[33m50[39m[22m}= ={[1m[33m62[39m[22m}=[1m[32m [rendered][39m[22m[1m[33m split chunk (cache group: mui) (name: mui)[39m[22m
 [1035] [1m./node_modules/@mui/material/ListSubheader/index.js[39m[22m 1.26 KiB {[1m[33m44[39m[22m}[1m[32m [built][39m[22m
 [1036] [1m./node_modules/@mui/material/ListSubheader/listSubheaderClasses.js[39m[22m 810 bytes {[1m[33m44[39m[22m}[1m[32m [built][39m[22m
 [1095] [1m./node_modules/@mui/material/Link/linkClasses.js[39m[22m 765 bytes {[1m[33m44[39m[22m}[1m[32m [built][39m[22m
 [1098] [1m./node_modules/@mui/material/ListItem/listItemClasses.js[39m[22m 810 bytes {[1m[33m44[39m[22m}[1m[32m [built][39m[22m
 [1099] [1m./node_modules/@mui/material/ListItemButton/index.js[39m[22m 1.27 KiB {[1m[33m44[39m[22m}[1m[32m [built][39m[22m
 [1100] [1m./node_modules/@mui/material/ListItemButton/listItemButtonClasses.js[39m[22m 849 bytes {[1m[33m44[39m[22m}[1m[32m [built][39m[22m
 [1101] [1m./node_modules/@mui/material/ListItemSecondaryAction/index.js[39m[22m 1.37 KiB {[1m[33m44[39m[22m}[1m[32m [built][39m[22m
 [1102] [1m./node_modules/@mui/material/ListItemSecondaryAction/listItemSecondaryActionClasses.js[39m[22m 857 bytes {[1m[33m44[39m[22m}[1m[32m [built][39m[22m
 [1103] [1m./node_modules/@mui/material/ListItemAvatar/listItemAvatarClasses.js[39m[22m 778 bytes {[1m[33m44[39m[22m}[1m[32m [built][39m[22m
 [1104] [1m./node_modules/@mui/material/ListItemIcon/index.js[39m[22m 1.25 KiB {[1m[33m44[39m[22m}[1m[32m [built][39m[22m
 [1105] [1m./node_modules/@mui/material/ListItemIcon/listItemIconClasses.js[39m[22m 764 bytes {[1m[33m44[39m[22m}[1m[32m [built][39m[22m
 [1106] [1m./node_modules/@mui/material/ListItemText/index.js[39m[22m 1.25 KiB {[1m[33m44[39m[22m}[1m[32m [built][39m[22m
 [1479] [1m./node_modules/@mui/material/Link/index.js[39m[22m 1.17 KiB {[1m[33m44[39m[22m}[1m[32m [built][39m[22m
 [1483] [1m./node_modules/@mui/material/ListItem/index.js[39m[22m 1.21 KiB {[1m[33m44[39m[22m}[1m[32m [built][39m[22m
 [1487] [1m./node_modules/@mui/material/ListItemAvatar/index.js[39m[22m 1.27 KiB {[1m[33m44[39m[22m}[1m[32m [built][39m[22m
     + 10 hidden modules
chunk   {[1m[33m45[39m[22m} [1m[32mmui~9c2b1dff.0e28d242.chunk.js[39m[22m (mui~9c2b1dff) 25.4 KiB <{[1m[33m0[39m[22m}> <{[1m[33m1[39m[22m}> <{[1m[33m2[39m[22m}> <{[1m[33m3[39m[22m}> <{[1m[33m4[39m[22m}> <{[1m[33m5[39m[22m}> <{[1m[33m6[39m[22m}> <{[1m[33m7[39m[22m}> <{[1m[33m8[39m[22m}> <{[1m[33m9[39m[22m}> <{[1m[33m10[39m[22m}> <{[1m[33m11[39m[22m}> <{[1m[33m12[39m[22m}> <{[1m[33m13[39m[22m}> <{[1m[33m14[39m[22m}> <{[1m[33m15[39m[22m}> <{[1m[33m16[39m[22m}> <{[1m[33m23[39m[22m}> <{[1m[33m24[39m[22m}> <{[1m[33m51[39m[22m}> <{[1m[33m52[39m[22m}> <{[1m[33m53[39m[22m}> <{[1m[33m54[39m[22m}> ={[1m[33m0[39m[22m}= ={[1m[33m1[39m[22m}= ={[1m[33m2[39m[22m}= ={[1m[33m3[39m[22m}= ={[1m[33m4[39m[22m}= ={[1m[33m5[39m[22m}= ={[1m[33m6[39m[22m}= ={[1m[33m7[39m[22m}= ={[1m[33m8[39m[22m}= ={[1m[33m9[39m[22m}= ={[1m[33m10[39m[22m}= ={[1m[33m11[39m[22m}= ={[1m[33m12[39m[22m}= ={[1m[33m13[39m[22m}= ={[1m[33m14[39m[22m}= ={[1m[33m15[39m[22m}= ={[1m[33m16[39m[22m}= ={[1m[33m17[39m[22m}= ={[1m[33m25[39m[22m}= ={[1m[33m26[39m[22m}= ={[1m[33m27[39m[22m}= ={[1m[33m28[39m[22m}= ={[1m[33m29[39m[22m}= ={[1m[33m30[39m[22m}= ={[1m[33m31[39m[22m}= ={[1m[33m32[39m[22m}= ={[1m[33m33[39m[22m}= ={[1m[33m34[39m[22m}= ={[1m[33m35[39m[22m}= ={[1m[33m36[39m[22m}= ={[1m[33m37[39m[22m}= ={[1m[33m38[39m[22m}= ={[1m[33m39[39m[22m}= ={[1m[33m40[39m[22m}= ={[1m[33m41[39m[22m}= ={[1m[33m42[39m[22m}= ={[1m[33m43[39m[22m}= ={[1m[33m44[39m[22m}= ={[1m[33m46[39m[22m}= ={[1m[33m47[39m[22m}= ={[1m[33m48[39m[22m}= ={[1m[33m49[39m[22m}= ={[1m[33m50[39m[22m}= ={[1m[33m62[39m[22m}=[1m[32m [rendered][39m[22m[1m[33m split chunk (cache group: mui) (name: mui)[39m[22m
 [1046] [1m./node_modules/@mui/material/BottomNavigation/bottomNavigationClasses.js[39m[22m 769 bytes {[1m[33m45[39m[22m}[1m[32m [built][39m[22m
 [1047] [1m./node_modules/@mui/material/BottomNavigationAction/bottomNavigationActionClasses.js[39m[22m 844 bytes {[1m[33m45[39m[22m}[1m[32m [built][39m[22m
 [1048] [1m./node_modules/@mui/material/Box/boxClasses.js[39m[22m 431 bytes {[1m[33m45[39m[22m}[1m[32m [built][39m[22m
 [1394] [1m./node_modules/@mui/material/BottomNavigation/index.js[39m[22m 1.3 KiB {[1m[33m45[39m[22m}[1m[32m [built][39m[22m
 [1395] [1m./node_modules/@mui/material/BottomNavigation/BottomNavigation.js[39m[22m 6.8 KiB {[1m[33m45[39m[22m}[1m[32m [built][39m[22m
 [1396] [1m./node_modules/@mui/material/BottomNavigationAction/index.js[39m[22m 1.36 KiB {[1m[33m45[39m[22m}[1m[32m [built][39m[22m
 [1397] [1m./node_modules/@mui/material/BottomNavigationAction/BottomNavigationAction.js[39m[22m 10.7 KiB {[1m[33m45[39m[22m}[1m[32m [built][39m[22m
 [1398] [1m./node_modules/@mui/material/Box/index.js[39m[22m 1.16 KiB {[1m[33m45[39m[22m}[1m[32m [built][39m[22m
 [1399] [1m./node_modules/@mui/material/Box/Box.js[39m[22m 2.06 KiB {[1m[33m45[39m[22m}[1m[32m [built][39m[22m
chunk   {[1m[33m46[39m[22m} [1m[32mmui~9d22d237.43c9f18d.chunk.js[39m[22m (mui~9d22d237) 142 KiB <{[1m[33m0[39m[22m}> <{[1m[33m1[39m[22m}> <{[1m[33m2[39m[22m}> <{[1m[33m3[39m[22m}> <{[1m[33m4[39m[22m}> <{[1m[33m5[39m[22m}> <{[1m[33m6[39m[22m}> <{[1m[33m7[39m[22m}> <{[1m[33m8[39m[22m}> <{[1m[33m9[39m[22m}> <{[1m[33m10[39m[22m}> <{[1m[33m11[39m[22m}> <{[1m[33m12[39m[22m}> <{[1m[33m13[39m[22m}> <{[1m[33m14[39m[22m}> <{[1m[33m15[39m[22m}> <{[1m[33m16[39m[22m}> <{[1m[33m23[39m[22m}> <{[1m[33m24[39m[22m}> <{[1m[33m51[39m[22m}> <{[1m[33m52[39m[22m}> <{[1m[33m53[39m[22m}> <{[1m[33m54[39m[22m}> ={[1m[33m0[39m[22m}= ={[1m[33m1[39m[22m}= ={[1m[33m2[39m[22m}= ={[1m[33m3[39m[22m}= ={[1m[33m4[39m[22m}= ={[1m[33m5[39m[22m}= ={[1m[33m6[39m[22m}= ={[1m[33m7[39m[22m}= ={[1m[33m8[39m[22m}= ={[1m[33m9[39m[22m}= ={[1m[33m10[39m[22m}= ={[1m[33m11[39m[22m}= ={[1m[33m12[39m[22m}= ={[1m[33m13[39m[22m}= ={[1m[33m14[39m[22m}= ={[1m[33m15[39m[22m}= ={[1m[33m16[39m[22m}= ={[1m[33m17[39m[22m}= ={[1m[33m25[39m[22m}= ={[1m[33m26[39m[22m}= ={[1m[33m27[39m[22m}= ={[1m[33m28[39m[22m}= ={[1m[33m29[39m[22m}= ={[1m[33m30[39m[22m}= ={[1m[33m31[39m[22m}= ={[1m[33m32[39m[22m}= ={[1m[33m33[39m[22m}= ={[1m[33m34[39m[22m}= ={[1m[33m35[39m[22m}= ={[1m[33m36[39m[22m}= ={[1m[33m37[39m[22m}= ={[1m[33m38[39m[22m}= ={[1m[33m39[39m[22m}= ={[1m[33m40[39m[22m}= ={[1m[33m41[39m[22m}= ={[1m[33m42[39m[22m}= ={[1m[33m43[39m[22m}= ={[1m[33m44[39m[22m}= ={[1m[33m45[39m[22m}= ={[1m[33m47[39m[22m}= ={[1m[33m48[39m[22m}= ={[1m[33m49[39m[22m}= ={[1m[33m50[39m[22m}= ={[1m[33m62[39m[22m}=[1m[32m [rendered][39m[22m[1m[33m split chunk (cache group: mui) (name: mui)[39m[22m
  [848] [1m./node_modules/@mui/material/InputBase/index.js[39m[22m 1.22 KiB {[1m[33m46[39m[22m}[1m[32m [built][39m[22m
  [895] [1m./node_modules/@mui/material/InputBase/InputBase.js[39m[22m 31.7 KiB {[1m[33m46[39m[22m}[1m[32m [built][39m[22m
  [899] [1m./node_modules/@mui/material/Input/index.js[39m[22m 1.18 KiB {[1m[33m46[39m[22m}[1m[32m [built][39m[22m
  [926] [1m./node_modules/@mui/material/Input/inputClasses.js[39m[22m 1.8 KiB {[1m[33m46[39m[22m}[1m[32m [built][39m[22m
  [928] [1m./node_modules/@mui/material/InputBase/inputBaseClasses.js[39m[22m 1010 bytes {[1m[33m46[39m[22m}[1m[32m [built][39m[22m
 [1007] [1m./node_modules/@mui/material/InitColorSchemeScript/InitColorSchemeScript.js[39m[22m 4.59 KiB {[1m[33m46[39m[22m}[1m[32m [built][39m[22m
 [1086] [1m./node_modules/@mui/material/ImageList/imageListClasses.js[39m[22m 763 bytes {[1m[33m46[39m[22m}[1m[32m [built][39m[22m
 [1088] [1m./node_modules/@mui/material/ImageListItem/imageListItemClasses.js[39m[22m 798 bytes {[1m[33m46[39m[22m}[1m[32m [built][39m[22m
 [1091] [1m./node_modules/@mui/material/InputLabel/index.js[39m[22m 1.23 KiB {[1m[33m46[39m[22m}[1m[32m [built][39m[22m
 [1093] [1m./node_modules/@mui/material/LinearProgress/index.js[39m[22m 1.27 KiB {[1m[33m46[39m[22m}[1m[32m [built][39m[22m
 [1468] [1m./node_modules/@mui/material/ImageList/index.js[39m[22m 1.22 KiB {[1m[33m46[39m[22m}[1m[32m [built][39m[22m
 [1470] [1m./node_modules/@mui/material/ImageListItem/index.js[39m[22m 1.26 KiB {[1m[33m46[39m[22m}[1m[32m [built][39m[22m
 [1472] [1m./node_modules/@mui/material/ImageListItemBar/index.js[39m[22m 1.3 KiB {[1m[33m46[39m[22m}[1m[32m [built][39m[22m
 [1475] [1m./node_modules/@mui/material/InputAdornment/index.js[39m[22m 1.27 KiB {[1m[33m46[39m[22m}[1m[32m [built][39m[22m
 [1607] [1m./node_modules/@mui/material/InitColorSchemeScript/index.js[39m[22m 407 bytes {[1m[33m46[39m[22m}[1m[32m [built][39m[22m
     + 13 hidden modules
chunk   {[1m[33m47[39m[22m} [1m[32mmui~af387aad.f80707c5.chunk.js[39m[22m (mui~af387aad) 202 KiB <{[1m[33m0[39m[22m}> <{[1m[33m1[39m[22m}> <{[1m[33m2[39m[22m}> <{[1m[33m3[39m[22m}> <{[1m[33m4[39m[22m}> <{[1m[33m5[39m[22m}> <{[1m[33m6[39m[22m}> <{[1m[33m7[39m[22m}> <{[1m[33m8[39m[22m}> <{[1m[33m9[39m[22m}> <{[1m[33m10[39m[22m}> <{[1m[33m11[39m[22m}> <{[1m[33m12[39m[22m}> <{[1m[33m13[39m[22m}> <{[1m[33m14[39m[22m}> <{[1m[33m15[39m[22m}> <{[1m[33m16[39m[22m}> <{[1m[33m23[39m[22m}> <{[1m[33m24[39m[22m}> <{[1m[33m51[39m[22m}> <{[1m[33m52[39m[22m}> <{[1m[33m53[39m[22m}> <{[1m[33m54[39m[22m}> ={[1m[33m0[39m[22m}= ={[1m[33m1[39m[22m}= ={[1m[33m2[39m[22m}= ={[1m[33m3[39m[22m}= ={[1m[33m4[39m[22m}= ={[1m[33m5[39m[22m}= ={[1m[33m6[39m[22m}= ={[1m[33m7[39m[22m}= ={[1m[33m8[39m[22m}= ={[1m[33m9[39m[22m}= ={[1m[33m10[39m[22m}= ={[1m[33m11[39m[22m}= ={[1m[33m12[39m[22m}= ={[1m[33m13[39m[22m}= ={[1m[33m14[39m[22m}= ={[1m[33m15[39m[22m}= ={[1m[33m16[39m[22m}= ={[1m[33m17[39m[22m}= ={[1m[33m25[39m[22m}= ={[1m[33m26[39m[22m}= ={[1m[33m27[39m[22m}= ={[1m[33m28[39m[22m}= ={[1m[33m29[39m[22m}= ={[1m[33m30[39m[22m}= ={[1m[33m31[39m[22m}= ={[1m[33m32[39m[22m}= ={[1m[33m33[39m[22m}= ={[1m[33m34[39m[22m}= ={[1m[33m35[39m[22m}= ={[1m[33m36[39m[22m}= ={[1m[33m37[39m[22m}= ={[1m[33m38[39m[22m}= ={[1m[33m39[39m[22m}= ={[1m[33m40[39m[22m}= ={[1m[33m41[39m[22m}= ={[1m[33m42[39m[22m}= ={[1m[33m43[39m[22m}= ={[1m[33m44[39m[22m}= ={[1m[33m45[39m[22m}= ={[1m[33m46[39m[22m}= ={[1m[33m48[39m[22m}= ={[1m[33m49[39m[22m}= ={[1m[33m50[39m[22m}= ={[1m[33m62[39m[22m}=[1m[32m [rendered][39m[22m[1m[33m split chunk (cache group: mui) (name: mui)[39m[22m
  [921] [1m./node_modules/@mui/material/Collapse/index.js[39m[22m 1.21 KiB {[1m[33m47[39m[22m}[1m[32m [built][39m[22m
  [922] [1m./node_modules/@mui/material/CircularProgress/index.js[39m[22m 1.3 KiB {[1m[33m47[39m[22m}[1m[32m [built][39m[22m
  [937] [1m./node_modules/@mui/material/DialogTitle/dialogTitleClasses.js[39m[22m 734 bytes {[1m[33m47[39m[22m}[1m[32m [built][39m[22m
 [1037] [1m./node_modules/@mui/material/Chip/index.js[39m[22m 1.17 KiB {[1m[33m47[39m[22m}[1m[32m [built][39m[22m
 [1060] [1m./node_modules/@mui/material/ClickAwayListener/index.js[39m[22m 281 bytes {[1m[33m47[39m[22m}[1m[32m [built][39m[22m
 [1071] [1m./node_modules/@mui/material/Divider/index.js[39m[22m 1.2 KiB {[1m[33m47[39m[22m}[1m[32m [built][39m[22m
 [1422] [1m./node_modules/@mui/material/Checkbox/index.js[39m[22m 1.21 KiB {[1m[33m47[39m[22m}[1m[32m [built][39m[22m
 [1429] [1m./node_modules/@mui/material/Container/index.js[39m[22m 1.22 KiB {[1m[33m47[39m[22m}[1m[32m [built][39m[22m
 [1432] [1m./node_modules/@mui/material/CssBaseline/index.js[39m[22m 377 bytes {[1m[33m47[39m[22m}[1m[32m [built][39m[22m
 [1434] [1m./node_modules/@mui/material/Dialog/index.js[39m[22m 1.19 KiB {[1m[33m47[39m[22m}[1m[32m [built][39m[22m
 [1440] [1m./node_modules/@mui/material/DialogActions/index.js[39m[22m 1.26 KiB {[1m[33m47[39m[22m}[1m[32m [built][39m[22m
 [1442] [1m./node_modules/@mui/material/DialogContent/index.js[39m[22m 1.26 KiB {[1m[33m47[39m[22m}[1m[32m [built][39m[22m
 [1444] [1m./node_modules/@mui/material/DialogContentText/index.js[39m[22m 1.31 KiB {[1m[33m47[39m[22m}[1m[32m [built][39m[22m
 [1446] [1m./node_modules/@mui/material/DialogTitle/index.js[39m[22m 1.24 KiB {[1m[33m47[39m[22m}[1m[32m [built][39m[22m
 [1449] [1m./node_modules/@mui/material/Drawer/index.js[39m[22m 1.19 KiB {[1m[33m47[39m[22m}[1m[32m [built][39m[22m
     + 28 hidden modules
chunk   {[1m[33m48[39m[22m} [1m[32mmui~ec8decfd.980444ce.chunk.js[39m[22m (mui~ec8decfd) 78.1 KiB <{[1m[33m0[39m[22m}> <{[1m[33m1[39m[22m}> <{[1m[33m2[39m[22m}> <{[1m[33m3[39m[22m}> <{[1m[33m4[39m[22m}> <{[1m[33m5[39m[22m}> <{[1m[33m6[39m[22m}> <{[1m[33m7[39m[22m}> <{[1m[33m8[39m[22m}> <{[1m[33m9[39m[22m}> <{[1m[33m10[39m[22m}> <{[1m[33m11[39m[22m}> <{[1m[33m12[39m[22m}> <{[1m[33m13[39m[22m}> <{[1m[33m14[39m[22m}> <{[1m[33m15[39m[22m}> <{[1m[33m16[39m[22m}> <{[1m[33m23[39m[22m}> <{[1m[33m24[39m[22m}> <{[1m[33m51[39m[22m}> <{[1m[33m52[39m[22m}> <{[1m[33m53[39m[22m}> <{[1m[33m54[39m[22m}> ={[1m[33m0[39m[22m}= ={[1m[33m1[39m[22m}= ={[1m[33m2[39m[22m}= ={[1m[33m3[39m[22m}= ={[1m[33m4[39m[22m}= ={[1m[33m5[39m[22m}= ={[1m[33m6[39m[22m}= ={[1m[33m7[39m[22m}= ={[1m[33m8[39m[22m}= ={[1m[33m9[39m[22m}= ={[1m[33m10[39m[22m}= ={[1m[33m11[39m[22m}= ={[1m[33m12[39m[22m}= ={[1m[33m13[39m[22m}= ={[1m[33m14[39m[22m}= ={[1m[33m15[39m[22m}= ={[1m[33m16[39m[22m}= ={[1m[33m17[39m[22m}= ={[1m[33m25[39m[22m}= ={[1m[33m26[39m[22m}= ={[1m[33m27[39m[22m}= ={[1m[33m28[39m[22m}= ={[1m[33m29[39m[22m}= ={[1m[33m30[39m[22m}= ={[1m[33m31[39m[22m}= ={[1m[33m32[39m[22m}= ={[1m[33m33[39m[22m}= ={[1m[33m34[39m[22m}= ={[1m[33m35[39m[22m}= ={[1m[33m36[39m[22m}= ={[1m[33m37[39m[22m}= ={[1m[33m38[39m[22m}= ={[1m[33m39[39m[22m}= ={[1m[33m40[39m[22m}= ={[1m[33m41[39m[22m}= ={[1m[33m42[39m[22m}= ={[1m[33m43[39m[22m}= ={[1m[33m44[39m[22m}= ={[1m[33m45[39m[22m}= ={[1m[33m46[39m[22m}= ={[1m[33m47[39m[22m}= ={[1m[33m49[39m[22m}= ={[1m[33m50[39m[22m}= ={[1m[33m62[39m[22m}=[1m[32m [rendered][39m[22m[1m[33m split chunk (cache group: mui) (name: mui)[39m[22m
 [823] [1m./node_modules/@mui/system/index.js[39m[22m 18.4 KiB {[1m[33m48[39m[22m}[1m[32m [built][39m[22m
 [824] [1m./node_modules/@mui/system/style/index.js[39m[22m 857 bytes {[1m[33m48[39m[22m}[1m[32m [built][39m[22m
 [830] [1m./node_modules/@mui/system/styleFunctionSx/index.js[39m[22m 1.08 KiB {[1m[33m48[39m[22m}[1m[32m [built][39m[22m
 [838] [1m./node_modules/@mui/system/spacing/index.js[39m[22m 869 bytes {[1m[33m48[39m[22m}[1m[32m [built][39m[22m
 [851] [1m./node_modules/@mui/system/useThemeProps/index.js[39m[22m 596 bytes {[1m[33m48[39m[22m}[1m[32m [built][39m[22m
 [864] [1m./node_modules/@mui/system/useTheme/index.js[39m[22m 875 bytes {[1m[33m48[39m[22m}[1m[32m [built][39m[22m
 [865] [1m./node_modules/@mui/system/responsivePropType/index.js[39m[22m 398 bytes {[1m[33m48[39m[22m}[1m[32m [built][39m[22m
 [867] [1m./node_modules/@mui/system/useThemeWithoutDefault/index.js[39m[22m 410 bytes {[1m[33m48[39m[22m}[1m[32m [built][39m[22m
 [882] [1m./node_modules/@mui/system/styled/index.js[39m[22m 362 bytes {[1m[33m48[39m[22m}[1m[32m [built][39m[22m
 [908] [1m./node_modules/@mui/system/palette/index.js[39m[22m 869 bytes {[1m[33m48[39m[22m}[1m[32m [built][39m[22m
 [909] [1m./node_modules/@mui/system/sizing/index.js[39m[22m 863 bytes {[1m[33m48[39m[22m}[1m[32m [built][39m[22m
 [972] [1m./node_modules/@mui/system/positions/index.js[39m[22m 881 bytes {[1m[33m48[39m[22m}[1m[32m [built][39m[22m
 [973] [1m./node_modules/@mui/system/shadows/index.js[39m[22m 365 bytes {[1m[33m48[39m[22m}[1m[32m [built][39m[22m
 [974] [1m./node_modules/@mui/system/typography/index.js[39m[22m 887 bytes {[1m[33m48[39m[22m}[1m[32m [built][39m[22m
 [979] [1m./node_modules/@mui/system/useMediaQuery/index.js[39m[22m 905 bytes {[1m[33m48[39m[22m}[1m[32m [built][39m[22m
     + 24 hidden modules
chunk   {[1m[33m49[39m[22m} [1m[32mmui~f7ea3ca6.b8703eab.chunk.js[39m[22m (mui~f7ea3ca6) 36 KiB <{[1m[33m0[39m[22m}> <{[1m[33m1[39m[22m}> <{[1m[33m2[39m[22m}> <{[1m[33m3[39m[22m}> <{[1m[33m4[39m[22m}> <{[1m[33m5[39m[22m}> <{[1m[33m6[39m[22m}> <{[1m[33m7[39m[22m}> <{[1m[33m8[39m[22m}> <{[1m[33m9[39m[22m}> <{[1m[33m10[39m[22m}> <{[1m[33m11[39m[22m}> <{[1m[33m12[39m[22m}> <{[1m[33m13[39m[22m}> <{[1m[33m14[39m[22m}> <{[1m[33m15[39m[22m}> <{[1m[33m16[39m[22m}> <{[1m[33m23[39m[22m}> <{[1m[33m24[39m[22m}> <{[1m[33m51[39m[22m}> <{[1m[33m52[39m[22m}> <{[1m[33m53[39m[22m}> <{[1m[33m54[39m[22m}> ={[1m[33m0[39m[22m}= ={[1m[33m1[39m[22m}= ={[1m[33m2[39m[22m}= ={[1m[33m3[39m[22m}= ={[1m[33m4[39m[22m}= ={[1m[33m5[39m[22m}= ={[1m[33m6[39m[22m}= ={[1m[33m7[39m[22m}= ={[1m[33m8[39m[22m}= ={[1m[33m9[39m[22m}= ={[1m[33m10[39m[22m}= ={[1m[33m11[39m[22m}= ={[1m[33m12[39m[22m}= ={[1m[33m13[39m[22m}= ={[1m[33m14[39m[22m}= ={[1m[33m15[39m[22m}= ={[1m[33m16[39m[22m}= ={[1m[33m17[39m[22m}= ={[1m[33m25[39m[22m}= ={[1m[33m26[39m[22m}= ={[1m[33m27[39m[22m}= ={[1m[33m28[39m[22m}= ={[1m[33m29[39m[22m}= ={[1m[33m30[39m[22m}= ={[1m[33m31[39m[22m}= ={[1m[33m32[39m[22m}= ={[1m[33m33[39m[22m}= ={[1m[33m34[39m[22m}= ={[1m[33m35[39m[22m}= ={[1m[33m36[39m[22m}= ={[1m[33m37[39m[22m}= ={[1m[33m38[39m[22m}= ={[1m[33m39[39m[22m}= ={[1m[33m40[39m[22m}= ={[1m[33m41[39m[22m}= ={[1m[33m42[39m[22m}= ={[1m[33m43[39m[22m}= ={[1m[33m44[39m[22m}= ={[1m[33m45[39m[22m}= ={[1m[33m46[39m[22m}= ={[1m[33m47[39m[22m}= ={[1m[33m48[39m[22m}= ={[1m[33m50[39m[22m}= ={[1m[33m62[39m[22m}=[1m[32m [rendered][39m[22m[1m[33m split chunk (cache group: mui) (name: mui)[39m[22m
  [931] [1m./node_modules/@mui/material/internal/svg-icons/ArrowDropDown.js[39m[22m 700 bytes {[1m[33m49[39m[22m}[1m[32m [built][39m[22m
  [936] [1m./node_modules/@mui/material/internal/SwitchBase.js[39m[22m 13.7 KiB {[1m[33m49[39m[22m}[1m[32m [built][39m[22m
 [1029] [1m./node_modules/@mui/material/internal/svg-icons/Close.js[39m[22m 803 bytes {[1m[33m49[39m[22m}[1m[32m [built][39m[22m
 [1121] [1m./node_modules/@mui/material/internal/svg-icons/FirstPage.js[39m[22m 740 bytes {[1m[33m49[39m[22m}[1m[32m [built][39m[22m
 [1122] [1m./node_modules/@mui/material/internal/svg-icons/LastPage.js[39m[22m 739 bytes {[1m[33m49[39m[22m}[1m[32m [built][39m[22m
 [1163] [1m./node_modules/@mui/material/internal/svg-icons/KeyboardArrowLeft.js[39m[22m 740 bytes {[1m[33m49[39m[22m}[1m[32m [built][39m[22m
 [1164] [1m./node_modules/@mui/material/internal/svg-icons/KeyboardArrowRight.js[39m[22m 739 bytes {[1m[33m49[39m[22m}[1m[32m [built][39m[22m
 [1361] [1m./node_modules/@mui/material/internal/svg-icons/SuccessOutlined.js[39m[22m 921 bytes {[1m[33m49[39m[22m}[1m[32m [built][39m[22m
 [1362] [1m./node_modules/@mui/material/internal/svg-icons/ReportProblemOutlined.js[39m[22m 774 bytes {[1m[33m49[39m[22m}[1m[32m [built][39m[22m
 [1363] [1m./node_modules/@mui/material/internal/svg-icons/ErrorOutline.js[39m[22m 852 bytes {[1m[33m49[39m[22m}[1m[32m [built][39m[22m
 [1364] [1m./node_modules/@mui/material/internal/svg-icons/InfoOutlined.js[39m[22m 886 bytes {[1m[33m49[39m[22m}[1m[32m [built][39m[22m
 [1382] [1m./node_modules/@mui/material/internal/svg-icons/Cancel.js[39m[22m 854 bytes {[1m[33m49[39m[22m}[1m[32m [built][39m[22m
 [1385] [1m./node_modules/@mui/material/internal/svg-icons/Person.js[39m[22m 788 bytes {[1m[33m49[39m[22m}[1m[32m [built][39m[22m
 [1425] [1m./node_modules/@mui/material/internal/svg-icons/CheckBoxOutlineBlank.js[39m[22m 783 bytes {[1m[33m49[39m[22m}[1m[32m [built][39m[22m
 [1426] [1m./node_modules/@mui/material/internal/svg-icons/CheckBox.js[39m[22m 812 bytes {[1m[33m49[39m[22m}[1m[32m [built][39m[22m
     + 14 hidden modules
chunk   {[1m[33m50[39m[22m} [1m[32mmui~f864b7c7.a6645fc5.chunk.js[39m[22m (mui~f864b7c7) 76.3 KiB <{[1m[33m0[39m[22m}> <{[1m[33m1[39m[22m}> <{[1m[33m2[39m[22m}> <{[1m[33m3[39m[22m}> <{[1m[33m4[39m[22m}> <{[1m[33m5[39m[22m}> <{[1m[33m6[39m[22m}> <{[1m[33m7[39m[22m}> <{[1m[33m8[39m[22m}> <{[1m[33m9[39m[22m}> <{[1m[33m10[39m[22m}> <{[1m[33m11[39m[22m}> <{[1m[33m12[39m[22m}> <{[1m[33m13[39m[22m}> <{[1m[33m14[39m[22m}> <{[1m[33m15[39m[22m}> <{[1m[33m16[39m[22m}> <{[1m[33m23[39m[22m}> <{[1m[33m24[39m[22m}> <{[1m[33m51[39m[22m}> <{[1m[33m52[39m[22m}> <{[1m[33m53[39m[22m}> <{[1m[33m54[39m[22m}> ={[1m[33m0[39m[22m}= ={[1m[33m1[39m[22m}= ={[1m[33m2[39m[22m}= ={[1m[33m3[39m[22m}= ={[1m[33m4[39m[22m}= ={[1m[33m5[39m[22m}= ={[1m[33m6[39m[22m}= ={[1m[33m7[39m[22m}= ={[1m[33m8[39m[22m}= ={[1m[33m9[39m[22m}= ={[1m[33m10[39m[22m}= ={[1m[33m11[39m[22m}= ={[1m[33m12[39m[22m}= ={[1m[33m13[39m[22m}= ={[1m[33m14[39m[22m}= ={[1m[33m15[39m[22m}= ={[1m[33m16[39m[22m}= ={[1m[33m17[39m[22m}= ={[1m[33m25[39m[22m}= ={[1m[33m26[39m[22m}= ={[1m[33m27[39m[22m}= ={[1m[33m28[39m[22m}= ={[1m[33m29[39m[22m}= ={[1m[33m30[39m[22m}= ={[1m[33m31[39m[22m}= ={[1m[33m32[39m[22m}= ={[1m[33m33[39m[22m}= ={[1m[33m34[39m[22m}= ={[1m[33m35[39m[22m}= ={[1m[33m36[39m[22m}= ={[1m[33m37[39m[22m}= ={[1m[33m38[39m[22m}= ={[1m[33m39[39m[22m}= ={[1m[33m40[39m[22m}= ={[1m[33m41[39m[22m}= ={[1m[33m42[39m[22m}= ={[1m[33m43[39m[22m}= ={[1m[33m44[39m[22m}= ={[1m[33m45[39m[22m}= ={[1m[33m46[39m[22m}= ={[1m[33m47[39m[22m}= ={[1m[33m48[39m[22m}= ={[1m[33m49[39m[22m}= ={[1m[33m62[39m[22m}=[1m[32m [rendered][39m[22m[1m[33m split chunk (cache group: mui) (name: mui)[39m[22m
 [1123] [1m./node_modules/@mui/material/RadioGroup/useRadioGroup.js[39m[22m 548 bytes {[1m[33m50[39m[22m}[1m[32m [built][39m[22m
 [1124] [1m./node_modules/@mui/material/RadioGroup/RadioGroupContext.js[39m[22m 543 bytes {[1m[33m50[39m[22m}[1m[32m [built][39m[22m
 [1125] [1m./node_modules/@mui/material/Radio/radioClasses.js[39m[22m 762 bytes {[1m[33m50[39m[22m}[1m[32m [built][39m[22m
 [1126] [1m./node_modules/@mui/material/RadioGroup/radioGroupClasses.js[39m[22m 743 bytes {[1m[33m50[39m[22m}[1m[32m [built][39m[22m
 [1128] [1m./node_modules/@mui/material/Rating/ratingClasses.js[39m[22m 929 bytes {[1m[33m50[39m[22m}[1m[32m [built][39m[22m
 [1129] [1m./node_modules/@mui/material/ScopedCssBaseline/scopedCssBaselineClasses.js[39m[22m 776 bytes {[1m[33m50[39m[22m}[1m[32m [built][39m[22m
 [1509] [1m./node_modules/@mui/material/Radio/index.js[39m[22m 1.18 KiB {[1m[33m50[39m[22m}[1m[32m [built][39m[22m
 [1510] [1m./node_modules/@mui/material/Radio/Radio.js[39m[22m 16.1 KiB {[1m[33m50[39m[22m}[1m[32m [built][39m[22m
 [1511] [1m./node_modules/@mui/material/Radio/RadioButtonIcon.js[39m[22m 4.48 KiB {[1m[33m50[39m[22m}[1m[32m [built][39m[22m
 [1514] [1m./node_modules/@mui/material/RadioGroup/index.js[39m[22m 1.46 KiB {[1m[33m50[39m[22m}[1m[32m [built][39m[22m
 [1515] [1m./node_modules/@mui/material/RadioGroup/RadioGroup.js[39m[22m 6.32 KiB {[1m[33m50[39m[22m}[1m[32m [built][39m[22m
 [1516] [1m./node_modules/@mui/material/Rating/index.js[39m[22m 1.19 KiB {[1m[33m50[39m[22m}[1m[32m [built][39m[22m
 [1517] [1m./node_modules/@mui/material/Rating/Rating.js[39m[22m 33.3 KiB {[1m[33m50[39m[22m}[1m[32m [built][39m[22m
 [1521] [1m./node_modules/@mui/material/ScopedCssBaseline/index.js[39m[22m 1.31 KiB {[1m[33m50[39m[22m}[1m[32m [built][39m[22m
 [1522] [1m./node_modules/@mui/material/ScopedCssBaseline/ScopedCssBaseline.js[39m[22m 6.82 KiB {[1m[33m50[39m[22m}[1m[32m [built][39m[22m
chunk   {[1m[33m51[39m[22m} [1m[32mreact~678f84af.d287ae09.chunk.js[39m[22m (react~678f84af) 37.3 KiB ={[1m[33m0[39m[22m}= ={[1m[33m1[39m[22m}= ={[1m[33m2[39m[22m}= ={[1m[33m3[39m[22m}= ={[1m[33m4[39m[22m}= ={[1m[33m5[39m[22m}= ={[1m[33m6[39m[22m}= ={[1m[33m7[39m[22m}= ={[1m[33m8[39m[22m}= ={[1m[33m9[39m[22m}= ={[1m[33m10[39m[22m}= ={[1m[33m11[39m[22m}= ={[1m[33m12[39m[22m}= ={[1m[33m13[39m[22m}= ={[1m[33m14[39m[22m}= ={[1m[33m15[39m[22m}= ={[1m[33m16[39m[22m}= ={[1m[33m23[39m[22m}= ={[1m[33m24[39m[22m}= ={[1m[33m52[39m[22m}= ={[1m[33m53[39m[22m}= ={[1m[33m54[39m[22m}= >{[1m[33m0[39m[22m}< >{[1m[33m1[39m[22m}< >{[1m[33m2[39m[22m}< >{[1m[33m3[39m[22m}< >{[1m[33m4[39m[22m}< >{[1m[33m5[39m[22m}< >{[1m[33m6[39m[22m}< >{[1m[33m7[39m[22m}< >{[1m[33m8[39m[22m}< >{[1m[33m9[39m[22m}< >{[1m[33m10[39m[22m}< >{[1m[33m11[39m[22m}< >{[1m[33m12[39m[22m}< >{[1m[33m13[39m[22m}< >{[1m[33m14[39m[22m}< >{[1m[33m15[39m[22m}< >{[1m[33m16[39m[22m}< >{[1m[33m17[39m[22m}< >{[1m[33m18[39m[22m}< >{[1m[33m19[39m[22m}< >{[1m[33m20[39m[22m}< >{[1m[33m21[39m[22m}< >{[1m[33m22[39m[22m}< >{[1m[33m25[39m[22m}< >{[1m[33m26[39m[22m}< >{[1m[33m27[39m[22m}< >{[1m[33m28[39m[22m}< >{[1m[33m29[39m[22m}< >{[1m[33m30[39m[22m}< >{[1m[33m31[39m[22m}< >{[1m[33m32[39m[22m}< >{[1m[33m33[39m[22m}< >{[1m[33m34[39m[22m}< >{[1m[33m35[39m[22m}< >{[1m[33m36[39m[22m}< >{[1m[33m37[39m[22m}< >{[1m[33m38[39m[22m}< >{[1m[33m39[39m[22m}< >{[1m[33m40[39m[22m}< >{[1m[33m41[39m[22m}< >{[1m[33m42[39m[22m}< >{[1m[33m43[39m[22m}< >{[1m[33m44[39m[22m}< >{[1m[33m45[39m[22m}< >{[1m[33m46[39m[22m}< >{[1m[33m47[39m[22m}< >{[1m[33m48[39m[22m}< >{[1m[33m49[39m[22m}< >{[1m[33m50[39m[22m}< >{[1m[33m55[39m[22m}< >{[1m[33m56[39m[22m}< >{[1m[33m57[39m[22m}< >{[1m[33m58[39m[22m}< >{[1m[33m59[39m[22m}< >{[1m[33m60[39m[22m}< >{[1m[33m61[39m[22m}< >{[1m[33m62[39m[22m}< >{[1m[33m63[39m[22m}< >{[1m[33m64[39m[22m}< >{[1m[33m65[39m[22m}< >{[1m[33m66[39m[22m}< >{[1m[33m67[39m[22m}< >{[1m[33m68[39m[22m}< >{[1m[33m69[39m[22m}<[1m[33m [initial][39m[22m[1m[32m [rendered][39m[22m[1m[33m split chunk (cache group: react) (name: react)[39m[22m
   [0] [1m./node_modules/react/index.js[39m[22m 186 bytes {[1m[33m51[39m[22m}[1m[32m [built][39m[22m
 [175] [1m./node_modules/react-dom/index.js[39m[22m 1.33 KiB {[1m[33m51[39m[22m}[1m[32m [built][39m[22m
 [274] [1m./node_modules/react/jsx-runtime.js[39m[22m 210 bytes {[1m[33m51[39m[22m}[1m[32m [built][39m[22m
 [409] [1m./node_modules/react-dom/client.js[39m[22m 1.34 KiB {[1m[33m51[39m[22m}[1m[32m [built][39m[22m
 [718] [1m./node_modules/react/cjs/react.production.js[39m[22m 16.7 KiB {[1m[33m51[39m[22m}[1m[32m [built][39m[22m
 [720] [1m./node_modules/scheduler/index.js[39m[22m 194 bytes {[1m[33m51[39m[22m}[1m[32m [built][39m[22m
 [721] [1m./node_modules/scheduler/cjs/scheduler.production.js[39m[22m 9.94 KiB {[1m[33m51[39m[22m}[1m[32m [built][39m[22m
 [724] [1m./node_modules/react-dom/cjs/react-dom.production.js[39m[22m 6.5 KiB {[1m[33m51[39m[22m}[1m[32m [built][39m[22m
 [748] [1m./node_modules/react/cjs/react-jsx-runtime.production.js[39m[22m 976 bytes {[1m[33m51[39m[22m}[1m[32m [built][39m[22m
chunk   {[1m[33m52[39m[22m} [1m[32mreact~e82be95b.2533c2b8.chunk.js[39m[22m (react~e82be95b) 503 KiB ={[1m[33m0[39m[22m}= ={[1m[33m1[39m[22m}= ={[1m[33m2[39m[22m}= ={[1m[33m3[39m[22m}= ={[1m[33m4[39m[22m}= ={[1m[33m5[39m[22m}= ={[1m[33m6[39m[22m}= ={[1m[33m7[39m[22m}= ={[1m[33m8[39m[22m}= ={[1m[33m9[39m[22m}= ={[1m[33m10[39m[22m}= ={[1m[33m11[39m[22m}= ={[1m[33m12[39m[22m}= ={[1m[33m13[39m[22m}= ={[1m[33m14[39m[22m}= ={[1m[33m15[39m[22m}= ={[1m[33m16[39m[22m}= ={[1m[33m23[39m[22m}= ={[1m[33m24[39m[22m}= ={[1m[33m51[39m[22m}= ={[1m[33m53[39m[22m}= ={[1m[33m54[39m[22m}= >{[1m[33m0[39m[22m}< >{[1m[33m1[39m[22m}< >{[1m[33m2[39m[22m}< >{[1m[33m3[39m[22m}< >{[1m[33m4[39m[22m}< >{[1m[33m5[39m[22m}< >{[1m[33m6[39m[22m}< >{[1m[33m7[39m[22m}< >{[1m[33m8[39m[22m}< >{[1m[33m9[39m[22m}< >{[1m[33m10[39m[22m}< >{[1m[33m11[39m[22m}< >{[1m[33m12[39m[22m}< >{[1m[33m13[39m[22m}< >{[1m[33m14[39m[22m}< >{[1m[33m15[39m[22m}< >{[1m[33m16[39m[22m}< >{[1m[33m17[39m[22m}< >{[1m[33m18[39m[22m}< >{[1m[33m19[39m[22m}< >{[1m[33m20[39m[22m}< >{[1m[33m21[39m[22m}< >{[1m[33m22[39m[22m}< >{[1m[33m25[39m[22m}< >{[1m[33m26[39m[22m}< >{[1m[33m27[39m[22m}< >{[1m[33m28[39m[22m}< >{[1m[33m29[39m[22m}< >{[1m[33m30[39m[22m}< >{[1m[33m31[39m[22m}< >{[1m[33m32[39m[22m}< >{[1m[33m33[39m[22m}< >{[1m[33m34[39m[22m}< >{[1m[33m35[39m[22m}< >{[1m[33m36[39m[22m}< >{[1m[33m37[39m[22m}< >{[1m[33m38[39m[22m}< >{[1m[33m39[39m[22m}< >{[1m[33m40[39m[22m}< >{[1m[33m41[39m[22m}< >{[1m[33m42[39m[22m}< >{[1m[33m43[39m[22m}< >{[1m[33m44[39m[22m}< >{[1m[33m45[39m[22m}< >{[1m[33m46[39m[22m}< >{[1m[33m47[39m[22m}< >{[1m[33m48[39m[22m}< >{[1m[33m49[39m[22m}< >{[1m[33m50[39m[22m}< >{[1m[33m55[39m[22m}< >{[1m[33m56[39m[22m}< >{[1m[33m57[39m[22m}< >{[1m[33m58[39m[22m}< >{[1m[33m59[39m[22m}< >{[1m[33m60[39m[22m}< >{[1m[33m61[39m[22m}< >{[1m[33m62[39m[22m}< >{[1m[33m63[39m[22m}< >{[1m[33m64[39m[22m}< >{[1m[33m65[39m[22m}< >{[1m[33m66[39m[22m}< >{[1m[33m67[39m[22m}< >{[1m[33m68[39m[22m}< >{[1m[33m69[39m[22m}<[1m[33m [initial][39m[22m[1m[32m [rendered][39m[22m[1m[33m split chunk (cache group: react) (name: react)[39m[22m
 [719] [1m./node_modules/react-dom/cjs/react-dom-client.production.js[39m[22m 503 KiB {[1m[33m52[39m[22m}[1m[32m [built][39m[22m
chunk   {[1m[33m53[39m[22m} [1m[32mrouter~44621dc8.eff9b665.chunk.js[39m[22m (router~44621dc8) 78.6 KiB ={[1m[33m0[39m[22m}= ={[1m[33m1[39m[22m}= ={[1m[33m2[39m[22m}= ={[1m[33m3[39m[22m}= ={[1m[33m4[39m[22m}= ={[1m[33m5[39m[22m}= ={[1m[33m6[39m[22m}= ={[1m[33m7[39m[22m}= ={[1m[33m8[39m[22m}= ={[1m[33m9[39m[22m}= ={[1m[33m10[39m[22m}= ={[1m[33m11[39m[22m}= ={[1m[33m12[39m[22m}= ={[1m[33m13[39m[22m}= ={[1m[33m14[39m[22m}= ={[1m[33m15[39m[22m}= ={[1m[33m16[39m[22m}= ={[1m[33m23[39m[22m}= ={[1m[33m24[39m[22m}= ={[1m[33m51[39m[22m}= ={[1m[33m52[39m[22m}= ={[1m[33m54[39m[22m}= >{[1m[33m0[39m[22m}< >{[1m[33m1[39m[22m}< >{[1m[33m2[39m[22m}< >{[1m[33m3[39m[22m}< >{[1m[33m4[39m[22m}< >{[1m[33m5[39m[22m}< >{[1m[33m6[39m[22m}< >{[1m[33m7[39m[22m}< >{[1m[33m8[39m[22m}< >{[1m[33m9[39m[22m}< >{[1m[33m10[39m[22m}< >{[1m[33m11[39m[22m}< >{[1m[33m12[39m[22m}< >{[1m[33m13[39m[22m}< >{[1m[33m14[39m[22m}< >{[1m[33m15[39m[22m}< >{[1m[33m16[39m[22m}< >{[1m[33m17[39m[22m}< >{[1m[33m18[39m[22m}< >{[1m[33m19[39m[22m}< >{[1m[33m20[39m[22m}< >{[1m[33m21[39m[22m}< >{[1m[33m22[39m[22m}< >{[1m[33m25[39m[22m}< >{[1m[33m26[39m[22m}< >{[1m[33m27[39m[22m}< >{[1m[33m28[39m[22m}< >{[1m[33m29[39m[22m}< >{[1m[33m30[39m[22m}< >{[1m[33m31[39m[22m}< >{[1m[33m32[39m[22m}< >{[1m[33m33[39m[22m}< >{[1m[33m34[39m[22m}< >{[1m[33m35[39m[22m}< >{[1m[33m36[39m[22m}< >{[1m[33m37[39m[22m}< >{[1m[33m38[39m[22m}< >{[1m[33m39[39m[22m}< >{[1m[33m40[39m[22m}< >{[1m[33m41[39m[22m}< >{[1m[33m42[39m[22m}< >{[1m[33m43[39m[22m}< >{[1m[33m44[39m[22m}< >{[1m[33m45[39m[22m}< >{[1m[33m46[39m[22m}< >{[1m[33m47[39m[22m}< >{[1m[33m48[39m[22m}< >{[1m[33m49[39m[22m}< >{[1m[33m50[39m[22m}< >{[1m[33m55[39m[22m}< >{[1m[33m56[39m[22m}< >{[1m[33m57[39m[22m}< >{[1m[33m58[39m[22m}< >{[1m[33m59[39m[22m}< >{[1m[33m60[39m[22m}< >{[1m[33m61[39m[22m}< >{[1m[33m62[39m[22m}< >{[1m[33m63[39m[22m}< >{[1m[33m64[39m[22m}< >{[1m[33m65[39m[22m}< >{[1m[33m66[39m[22m}< >{[1m[33m67[39m[22m}< >{[1m[33m68[39m[22m}< >{[1m[33m69[39m[22m}<[1m[33m [initial][39m[22m[1m[32m [rendered][39m[22m[1m[33m split chunk (cache group: router) (name: router)[39m[22m
  [34] [1m./node_modules/react-router-dom/dist/main.js[39m[22m 460 bytes {[1m[33m53[39m[22m}[1m[32m [built][39m[22m
 [763] [1m./node_modules/react-router-dom/dist/umd/react-router-dom.production.min.js[39m[22m 44.7 KiB {[1m[33m53[39m[22m}[1m[32m [built][39m[22m
 [764] [1m./node_modules/react-router/dist/main.js[39m[22m 448 bytes {[1m[33m53[39m[22m}[1m[32m [built][39m[22m
 [765] [1m./node_modules/react-router/dist/umd/react-router.production.min.js[39m[22m 33 KiB {[1m[33m53[39m[22m}[1m[32m [built][39m[22m
chunk   {[1m[33m54[39m[22m} [1m[32mruntime.fad70089.js[39m[22m (runtime) 0 bytes ={[1m[33m0[39m[22m}= ={[1m[33m1[39m[22m}= ={[1m[33m2[39m[22m}= ={[1m[33m3[39m[22m}= ={[1m[33m4[39m[22m}= ={[1m[33m5[39m[22m}= ={[1m[33m6[39m[22m}= ={[1m[33m7[39m[22m}= ={[1m[33m8[39m[22m}= ={[1m[33m9[39m[22m}= ={[1m[33m10[39m[22m}= ={[1m[33m11[39m[22m}= ={[1m[33m12[39m[22m}= ={[1m[33m13[39m[22m}= ={[1m[33m14[39m[22m}= ={[1m[33m15[39m[22m}= ={[1m[33m16[39m[22m}= ={[1m[33m23[39m[22m}= ={[1m[33m24[39m[22m}= ={[1m[33m51[39m[22m}= ={[1m[33m52[39m[22m}= ={[1m[33m53[39m[22m}= >{[1m[33m0[39m[22m}< >{[1m[33m1[39m[22m}< >{[1m[33m2[39m[22m}< >{[1m[33m3[39m[22m}< >{[1m[33m4[39m[22m}< >{[1m[33m5[39m[22m}< >{[1m[33m6[39m[22m}< >{[1m[33m7[39m[22m}< >{[1m[33m8[39m[22m}< >{[1m[33m9[39m[22m}< >{[1m[33m10[39m[22m}< >{[1m[33m11[39m[22m}< >{[1m[33m12[39m[22m}< >{[1m[33m13[39m[22m}< >{[1m[33m14[39m[22m}< >{[1m[33m15[39m[22m}< >{[1m[33m16[39m[22m}< >{[1m[33m17[39m[22m}< >{[1m[33m18[39m[22m}< >{[1m[33m19[39m[22m}< >{[1m[33m20[39m[22m}< >{[1m[33m21[39m[22m}< >{[1m[33m22[39m[22m}< >{[1m[33m25[39m[22m}< >{[1m[33m26[39m[22m}< >{[1m[33m27[39m[22m}< >{[1m[33m28[39m[22m}< >{[1m[33m29[39m[22m}< >{[1m[33m30[39m[22m}< >{[1m[33m31[39m[22m}< >{[1m[33m32[39m[22m}< >{[1m[33m33[39m[22m}< >{[1m[33m34[39m[22m}< >{[1m[33m35[39m[22m}< >{[1m[33m36[39m[22m}< >{[1m[33m37[39m[22m}< >{[1m[33m38[39m[22m}< >{[1m[33m39[39m[22m}< >{[1m[33m40[39m[22m}< >{[1m[33m41[39m[22m}< >{[1m[33m42[39m[22m}< >{[1m[33m43[39m[22m}< >{[1m[33m44[39m[22m}< >{[1m[33m45[39m[22m}< >{[1m[33m46[39m[22m}< >{[1m[33m47[39m[22m}< >{[1m[33m48[39m[22m}< >{[1m[33m49[39m[22m}< >{[1m[33m50[39m[22m}< >{[1m[33m55[39m[22m}< >{[1m[33m56[39m[22m}< >{[1m[33m57[39m[22m}< >{[1m[33m58[39m[22m}< >{[1m[33m59[39m[22m}< >{[1m[33m60[39m[22m}< >{[1m[33m61[39m[22m}< >{[1m[33m62[39m[22m}< >{[1m[33m63[39m[22m}< >{[1m[33m64[39m[22m}< >{[1m[33m65[39m[22m}< >{[1m[33m66[39m[22m}< >{[1m[33m67[39m[22m}< >{[1m[33m68[39m[22m}< >{[1m[33m69[39m[22m}<[1m[33m [entry][39m[22m[1m[32m [rendered][39m[22m
chunk   {[1m[33m55[39m[22m} [1m[32m55.5bd2fb01.chunk.css, 55.f33f7589.chunk.js[39m[22m 78.8 KiB <{[1m[33m0[39m[22m}> <{[1m[33m1[39m[22m}> <{[1m[33m2[39m[22m}> <{[1m[33m3[39m[22m}> <{[1m[33m4[39m[22m}> <{[1m[33m5[39m[22m}> <{[1m[33m6[39m[22m}> <{[1m[33m7[39m[22m}> <{[1m[33m8[39m[22m}> <{[1m[33m9[39m[22m}> <{[1m[33m10[39m[22m}> <{[1m[33m11[39m[22m}> <{[1m[33m12[39m[22m}> <{[1m[33m13[39m[22m}> <{[1m[33m14[39m[22m}> <{[1m[33m15[39m[22m}> <{[1m[33m16[39m[22m}> <{[1m[33m23[39m[22m}> <{[1m[33m24[39m[22m}> <{[1m[33m51[39m[22m}> <{[1m[33m52[39m[22m}> <{[1m[33m53[39m[22m}> <{[1m[33m54[39m[22m}> ={[1m[33m0[39m[22m}= ={[1m[33m1[39m[22m}= ={[1m[33m2[39m[22m}= ={[1m[33m3[39m[22m}= ={[1m[33m4[39m[22m}= ={[1m[33m5[39m[22m}= ={[1m[33m6[39m[22m}= ={[1m[33m7[39m[22m}= ={[1m[33m8[39m[22m}= ={[1m[33m9[39m[22m}= ={[1m[33m10[39m[22m}= ={[1m[33m11[39m[22m}= ={[1m[33m12[39m[22m}= ={[1m[33m13[39m[22m}= ={[1m[33m14[39m[22m}= ={[1m[33m15[39m[22m}= ={[1m[33m16[39m[22m}= ={[1m[33m17[39m[22m}= ={[1m[33m18[39m[22m}= ={[1m[33m19[39m[22m}= ={[1m[33m20[39m[22m}= ={[1m[33m21[39m[22m}=[1m[32m [rendered][39m[22m
 [1178] [1m./src/pages/genre/Genre.css[39m[22m 39 bytes {[1m[33m55[39m[22m}[1m[32m [built][39m[22m
 [1187] [1m./src/components/PreviewBanner.css[39m[22m 39 bytes {[1m[33m55[39m[22m}[1m[32m [built][39m[22m
 [1631] [1m./src/pages/genre/Genre.jsx + 1 modules[39m[22m 69.1 KiB {[1m[33m55[39m[22m}[1m[32m [built][39m[22m
        | [1m./src/pages/genre/Genre.jsx[39m[22m 67.4 KiB[1m[32m [built][39m[22m
        | [1m./src/components/PreviewBanner.jsx[39m[22m 1.5 KiB[1m[32m [built][39m[22m
    [] [1mcss ./node_modules/css-loader/dist/cjs.js!./src/pages/genre/Genre.css[39m[22m 8.72 KiB {[1m[33m55[39m[22m}
    [] [1mcss ./node_modules/css-loader/dist/cjs.js!./src/components/PreviewBanner.css[39m[22m 957 bytes {[1m[33m55[39m[22m}
chunk   {[1m[33m56[39m[22m} [1m[32m56.8dcde3b2.chunk.css, 56.a661e742.chunk.js[39m[22m 32.9 KiB <{[1m[33m0[39m[22m}> <{[1m[33m1[39m[22m}> <{[1m[33m2[39m[22m}> <{[1m[33m3[39m[22m}> <{[1m[33m4[39m[22m}> <{[1m[33m5[39m[22m}> <{[1m[33m6[39m[22m}> <{[1m[33m7[39m[22m}> <{[1m[33m8[39m[22m}> <{[1m[33m9[39m[22m}> <{[1m[33m10[39m[22m}> <{[1m[33m11[39m[22m}> <{[1m[33m12[39m[22m}> <{[1m[33m13[39m[22m}> <{[1m[33m14[39m[22m}> <{[1m[33m15[39m[22m}> <{[1m[33m16[39m[22m}> <{[1m[33m23[39m[22m}> <{[1m[33m24[39m[22m}> <{[1m[33m51[39m[22m}> <{[1m[33m52[39m[22m}> <{[1m[33m53[39m[22m}> <{[1m[33m54[39m[22m}>[1m[32m [rendered][39m[22m
 [1611] [1m./src/assets/info.png[39m[22m 70 bytes {[1m[33m56[39m[22m}[1m[32m [built][39m[22m
 [1612] [1m./src/assets/logout.png[39m[22m 72 bytes {[1m[33m56[39m[22m}[1m[32m [built][39m[22m
 [1613] [1m./src/pages/settings/Settings.css[39m[22m 39 bytes {[1m[33m56[39m[22m}[1m[32m [built][39m[22m
 [1623] [1m./src/pages/settings/Settings.jsx[39m[22m 20.6 KiB {[1m[33m56[39m[22m}[1m[32m [built][39m[22m
    [] [1mcss ./node_modules/css-loader/dist/cjs.js!./src/pages/settings/Settings.css[39m[22m 12.2 KiB {[1m[33m56[39m[22m}
chunk   {[1m[33m57[39m[22m} [1m[32m57.de490e8f.chunk.css, 57.5fadcda9.chunk.js[39m[22m 43.4 KiB <{[1m[33m0[39m[22m}> <{[1m[33m1[39m[22m}> <{[1m[33m2[39m[22m}> <{[1m[33m3[39m[22m}> <{[1m[33m4[39m[22m}> <{[1m[33m5[39m[22m}> <{[1m[33m6[39m[22m}> <{[1m[33m7[39m[22m}> <{[1m[33m8[39m[22m}> <{[1m[33m9[39m[22m}> <{[1m[33m10[39m[22m}> <{[1m[33m11[39m[22m}> <{[1m[33m12[39m[22m}> <{[1m[33m13[39m[22m}> <{[1m[33m14[39m[22m}> <{[1m[33m15[39m[22m}> <{[1m[33m16[39m[22m}> <{[1m[33m23[39m[22m}> <{[1m[33m24[39m[22m}> <{[1m[33m51[39m[22m}> <{[1m[33m52[39m[22m}> <{[1m[33m53[39m[22m}> <{[1m[33m54[39m[22m}> ={[1m[33m0[39m[22m}= ={[1m[33m1[39m[22m}= ={[1m[33m2[39m[22m}= ={[1m[33m3[39m[22m}= ={[1m[33m4[39m[22m}= ={[1m[33m5[39m[22m}= ={[1m[33m6[39m[22m}= ={[1m[33m7[39m[22m}= ={[1m[33m8[39m[22m}= ={[1m[33m9[39m[22m}= ={[1m[33m10[39m[22m}= ={[1m[33m11[39m[22m}= ={[1m[33m12[39m[22m}= ={[1m[33m13[39m[22m}= ={[1m[33m14[39m[22m}= ={[1m[33m15[39m[22m}= ={[1m[33m16[39m[22m}= ={[1m[33m17[39m[22m}= ={[1m[33m18[39m[22m}= ={[1m[33m19[39m[22m}=[1m[32m [rendered][39m[22m
 [1191] [1m./src/components/VideoPlayer.css[39m[22m 39 bytes {[1m[33m57[39m[22m}[1m[32m [built][39m[22m
 [1192] [1m./src/pages/tv-player/TvPlayer.css[39m[22m 39 bytes {[1m[33m57[39m[22m}[1m[32m [built][39m[22m
 [1632] [1m./src/pages/tv-player/TvPlayer.jsx + 1 modules[39m[22m 30.5 KiB {[1m[33m57[39m[22m}[1m[32m [built][39m[22m
        | [1m./src/pages/tv-player/TvPlayer.jsx[39m[22m 19.1 KiB[1m[32m [built][39m[22m
        | [1m./src/components/VideoPlayer.jsx[39m[22m 11.3 KiB[1m[32m [built][39m[22m
    [] [1mcss ./node_modules/css-loader/dist/cjs.js!./src/pages/tv-player/TvPlayer.css[39m[22m 10 KiB {[1m[33m57[39m[22m}
    [] [1mcss ./node_modules/css-loader/dist/cjs.js!./src/components/VideoPlayer.css[39m[22m 2.84 KiB {[1m[33m57[39m[22m}
chunk   {[1m[33m58[39m[22m} [1m[32m58.150f6697.chunk.css, 58.01e96b05.chunk.js[39m[22m 50.5 KiB <{[1m[33m0[39m[22m}> <{[1m[33m1[39m[22m}> <{[1m[33m2[39m[22m}> <{[1m[33m3[39m[22m}> <{[1m[33m4[39m[22m}> <{[1m[33m5[39m[22m}> <{[1m[33m6[39m[22m}> <{[1m[33m7[39m[22m}> <{[1m[33m8[39m[22m}> <{[1m[33m9[39m[22m}> <{[1m[33m10[39m[22m}> <{[1m[33m11[39m[22m}> <{[1m[33m12[39m[22m}> <{[1m[33m13[39m[22m}> <{[1m[33m14[39m[22m}> <{[1m[33m15[39m[22m}> <{[1m[33m16[39m[22m}> <{[1m[33m23[39m[22m}> <{[1m[33m24[39m[22m}> <{[1m[33m51[39m[22m}> <{[1m[33m52[39m[22m}> <{[1m[33m53[39m[22m}> <{[1m[33m54[39m[22m}> ={[1m[33m0[39m[22m}= ={[1m[33m1[39m[22m}= ={[1m[33m2[39m[22m}= ={[1m[33m3[39m[22m}= ={[1m[33m4[39m[22m}= ={[1m[33m5[39m[22m}= ={[1m[33m6[39m[22m}= ={[1m[33m7[39m[22m}= ={[1m[33m8[39m[22m}= ={[1m[33m9[39m[22m}= ={[1m[33m10[39m[22m}= ={[1m[33m11[39m[22m}= ={[1m[33m12[39m[22m}= ={[1m[33m13[39m[22m}= ={[1m[33m14[39m[22m}= ={[1m[33m15[39m[22m}= ={[1m[33m16[39m[22m}= ={[1m[33m17[39m[22m}= ={[1m[33m18[39m[22m}= ={[1m[33m19[39m[22m}= ={[1m[33m21[39m[22m}=[1m[32m [rendered][39m[22m
 [1189] [1m./src/pages/PlayerPage.css[39m[22m 39 bytes {[1m[33m58[39m[22m}[1m[32m [built][39m[22m
 [1190] [1m./src/assets/banner.jpg[39m[22m 72 bytes {[1m[33m58[39m[22m}[1m[32m [built][39m[22m
 [1620] [1m./src/pages/PlayerPage.jsx[39m[22m 49.6 KiB {[1m[33m58[39m[22m}[1m[32m [built][39m[22m
    [] [1mcss ./node_modules/css-loader/dist/cjs.js!./src/pages/PlayerPage.css[39m[22m 908 bytes {[1m[33m58[39m[22m}
chunk   {[1m[33m59[39m[22m} [1m[32m59.48efdea7.chunk.css, 59.bc6eff11.chunk.js[39m[22m 25.4 KiB <{[1m[33m0[39m[22m}> <{[1m[33m1[39m[22m}> <{[1m[33m2[39m[22m}> <{[1m[33m3[39m[22m}> <{[1m[33m4[39m[22m}> <{[1m[33m5[39m[22m}> <{[1m[33m6[39m[22m}> <{[1m[33m7[39m[22m}> <{[1m[33m8[39m[22m}> <{[1m[33m9[39m[22m}> <{[1m[33m10[39m[22m}> <{[1m[33m11[39m[22m}> <{[1m[33m12[39m[22m}> <{[1m[33m13[39m[22m}> <{[1m[33m14[39m[22m}> <{[1m[33m15[39m[22m}> <{[1m[33m16[39m[22m}> <{[1m[33m23[39m[22m}> <{[1m[33m24[39m[22m}> <{[1m[33m51[39m[22m}> <{[1m[33m52[39m[22m}> <{[1m[33m53[39m[22m}> <{[1m[33m54[39m[22m}>[1m[32m [rendered][39m[22m
 [1608] [1m./src/pages/profile/Profile.css[39m[22m 39 bytes {[1m[33m59[39m[22m}[1m[32m [built][39m[22m
 [1609] [1m./public/user_icon_2.png[39m[22m 77 bytes {[1m[33m59[39m[22m}[1m[32m [built][39m[22m
 [1621] [1m./src/pages/profile/Profile.jsx[39m[22m 12.6 KiB {[1m[33m59[39m[22m}[1m[32m [built][39m[22m
    [] [1mcss ./node_modules/css-loader/dist/cjs.js!./src/pages/profile/Profile.css[39m[22m 12.7 KiB {[1m[33m59[39m[22m}
chunk   {[1m[33m60[39m[22m} [1m[32m60.f6fa6666.chunk.css, 60.75ba6dd5.chunk.js[39m[22m 5.41 KiB <{[1m[33m0[39m[22m}> <{[1m[33m1[39m[22m}> <{[1m[33m2[39m[22m}> <{[1m[33m3[39m[22m}> <{[1m[33m4[39m[22m}> <{[1m[33m5[39m[22m}> <{[1m[33m6[39m[22m}> <{[1m[33m7[39m[22m}> <{[1m[33m8[39m[22m}> <{[1m[33m9[39m[22m}> <{[1m[33m10[39m[22m}> <{[1m[33m11[39m[22m}> <{[1m[33m12[39m[22m}> <{[1m[33m13[39m[22m}> <{[1m[33m14[39m[22m}> <{[1m[33m15[39m[22m}> <{[1m[33m16[39m[22m}> <{[1m[33m23[39m[22m}> <{[1m[33m24[39m[22m}> <{[1m[33m51[39m[22m}> <{[1m[33m52[39m[22m}> <{[1m[33m53[39m[22m}> <{[1m[33m54[39m[22m}>[1m[32m [rendered][39m[22m
 [1618] [1m./src/pages/About.css[39m[22m 39 bytes {[1m[33m60[39m[22m}[1m[32m [built][39m[22m
 [1628] [1m./src/pages/About.jsx[39m[22m 2.59 KiB {[1m[33m60[39m[22m}[1m[32m [built][39m[22m
    [] [1mcss ./node_modules/css-loader/dist/cjs.js!./src/pages/About.css[39m[22m 2.79 KiB {[1m[33m60[39m[22m}
chunk   {[1m[33m61[39m[22m} [1m[32m61.b1ad375f.chunk.css, 61.5cff808f.chunk.js[39m[22m 2.01 KiB <{[1m[33m0[39m[22m}> <{[1m[33m1[39m[22m}> <{[1m[33m2[39m[22m}> <{[1m[33m3[39m[22m}> <{[1m[33m4[39m[22m}> <{[1m[33m5[39m[22m}> <{[1m[33m6[39m[22m}> <{[1m[33m7[39m[22m}> <{[1m[33m8[39m[22m}> <{[1m[33m9[39m[22m}> <{[1m[33m10[39m[22m}> <{[1m[33m11[39m[22m}> <{[1m[33m12[39m[22m}> <{[1m[33m13[39m[22m}> <{[1m[33m14[39m[22m}> <{[1m[33m15[39m[22m}> <{[1m[33m16[39m[22m}> <{[1m[33m23[39m[22m}> <{[1m[33m24[39m[22m}> <{[1m[33m51[39m[22m}> <{[1m[33m52[39m[22m}> <{[1m[33m53[39m[22m}> <{[1m[33m54[39m[22m}>[1m[32m [rendered][39m[22m
 [1188] [1m./src/pages/AdminPage.css[39m[22m 39 bytes {[1m[33m61[39m[22m}[1m[32m [built][39m[22m
 [1619] [1m./src/pages/AdminPage.jsx[39m[22m 887 bytes {[1m[33m61[39m[22m}[1m[32m [built][39m[22m
    [] [1mcss ./node_modules/css-loader/dist/cjs.js!./src/pages/AdminPage.css[39m[22m 1.11 KiB {[1m[33m61[39m[22m}
chunk   {[1m[33m62[39m[22m} [1m[32m62.c52866bc.chunk.css, 62.c9695649.chunk.js[39m[22m 27.8 KiB <{[1m[33m0[39m[22m}> <{[1m[33m1[39m[22m}> <{[1m[33m2[39m[22m}> <{[1m[33m3[39m[22m}> <{[1m[33m4[39m[22m}> <{[1m[33m5[39m[22m}> <{[1m[33m6[39m[22m}> <{[1m[33m7[39m[22m}> <{[1m[33m8[39m[22m}> <{[1m[33m9[39m[22m}> <{[1m[33m10[39m[22m}> <{[1m[33m11[39m[22m}> <{[1m[33m12[39m[22m}> <{[1m[33m13[39m[22m}> <{[1m[33m14[39m[22m}> <{[1m[33m15[39m[22m}> <{[1m[33m16[39m[22m}> <{[1m[33m23[39m[22m}> <{[1m[33m24[39m[22m}> <{[1m[33m51[39m[22m}> <{[1m[33m52[39m[22m}> <{[1m[33m53[39m[22m}> <{[1m[33m54[39m[22m}> ={[1m[33m0[39m[22m}= ={[1m[33m1[39m[22m}= ={[1m[33m2[39m[22m}= ={[1m[33m3[39m[22m}= ={[1m[33m4[39m[22m}= ={[1m[33m5[39m[22m}= ={[1m[33m6[39m[22m}= ={[1m[33m7[39m[22m}= ={[1m[33m8[39m[22m}= ={[1m[33m9[39m[22m}= ={[1m[33m10[39m[22m}= ={[1m[33m11[39m[22m}= ={[1m[33m12[39m[22m}= ={[1m[33m13[39m[22m}= ={[1m[33m14[39m[22m}= ={[1m[33m15[39m[22m}= ={[1m[33m16[39m[22m}= ={[1m[33m17[39m[22m}= ={[1m[33m25[39m[22m}= ={[1m[33m26[39m[22m}= ={[1m[33m27[39m[22m}= ={[1m[33m28[39m[22m}= ={[1m[33m29[39m[22m}= ={[1m[33m30[39m[22m}= ={[1m[33m31[39m[22m}= ={[1m[33m32[39m[22m}= ={[1m[33m33[39m[22m}= ={[1m[33m34[39m[22m}= ={[1m[33m35[39m[22m}= ={[1m[33m36[39m[22m}= ={[1m[33m37[39m[22m}= ={[1m[33m38[39m[22m}= ={[1m[33m39[39m[22m}= ={[1m[33m40[39m[22m}= ={[1m[33m41[39m[22m}= ={[1m[33m42[39m[22m}= ={[1m[33m43[39m[22m}= ={[1m[33m44[39m[22m}= ={[1m[33m45[39m[22m}= ={[1m[33m46[39m[22m}= ={[1m[33m47[39m[22m}= ={[1m[33m48[39m[22m}= ={[1m[33m49[39m[22m}= ={[1m[33m50[39m[22m}=[1m[32m [rendered][39m[22m
 [1193] [1m./src/pages/SearchPage.css[39m[22m 39 bytes {[1m[33m62[39m[22m}[1m[32m [built][39m[22m
 [1633] [1m./src/pages/SearchPage.jsx + 1 modules[39m[22m 24.1 KiB {[1m[33m62[39m[22m}[1m[32m [built][39m[22m
        | [1m./src/pages/SearchPage.jsx[39m[22m 22.6 KiB[1m[32m [built][39m[22m
        | [1m./src/components/SearchChannelCard.jsx[39m[22m 1.43 KiB[1m[32m [built][39m[22m
    [] [1mcss ./node_modules/css-loader/dist/cjs.js!./src/pages/SearchPage.css[39m[22m 3.57 KiB {[1m[33m62[39m[22m}
chunk   {[1m[33m63[39m[22m} [1m[32m63.eaf88031.chunk.css, 63.f41b5d87.chunk.js[39m[22m 52.9 KiB <{[1m[33m0[39m[22m}> <{[1m[33m1[39m[22m}> <{[1m[33m2[39m[22m}> <{[1m[33m3[39m[22m}> <{[1m[33m4[39m[22m}> <{[1m[33m5[39m[22m}> <{[1m[33m6[39m[22m}> <{[1m[33m7[39m[22m}> <{[1m[33m8[39m[22m}> <{[1m[33m9[39m[22m}> <{[1m[33m10[39m[22m}> <{[1m[33m11[39m[22m}> <{[1m[33m12[39m[22m}> <{[1m[33m13[39m[22m}> <{[1m[33m14[39m[22m}> <{[1m[33m15[39m[22m}> <{[1m[33m16[39m[22m}> <{[1m[33m23[39m[22m}> <{[1m[33m24[39m[22m}> <{[1m[33m51[39m[22m}> <{[1m[33m52[39m[22m}> <{[1m[33m53[39m[22m}> <{[1m[33m54[39m[22m}>[1m[32m [rendered][39m[22m
 [1615] [1m./src/pages/categories/Categories.css[39m[22m 39 bytes {[1m[33m63[39m[22m}[1m[32m [built][39m[22m
 [1625] [1m./src/pages/categories/Categories.jsx[39m[22m 33.9 KiB {[1m[33m63[39m[22m}[1m[32m [built][39m[22m
    [] [1mcss ./node_modules/css-loader/dist/cjs.js!./src/pages/categories/Categories.css[39m[22m 19 KiB {[1m[33m63[39m[22m}
chunk   {[1m[33m64[39m[22m} [1m[32m64.b26b7e62.chunk.css, 64.72b31905.chunk.js[39m[22m 12.3 KiB <{[1m[33m0[39m[22m}> <{[1m[33m1[39m[22m}> <{[1m[33m2[39m[22m}> <{[1m[33m3[39m[22m}> <{[1m[33m4[39m[22m}> <{[1m[33m5[39m[22m}> <{[1m[33m6[39m[22m}> <{[1m[33m7[39m[22m}> <{[1m[33m8[39m[22m}> <{[1m[33m9[39m[22m}> <{[1m[33m10[39m[22m}> <{[1m[33m11[39m[22m}> <{[1m[33m12[39m[22m}> <{[1m[33m13[39m[22m}> <{[1m[33m14[39m[22m}> <{[1m[33m15[39m[22m}> <{[1m[33m16[39m[22m}> <{[1m[33m23[39m[22m}> <{[1m[33m24[39m[22m}> <{[1m[33m51[39m[22m}> <{[1m[33m52[39m[22m}> <{[1m[33m53[39m[22m}> <{[1m[33m54[39m[22m}> ={[1m[33m17[39m[22m}=[1m[32m [rendered][39m[22m
 [1616] [1m./src/pages/content-grid/ContentGrid.css[39m[22m 39 bytes {[1m[33m64[39m[22m}[1m[32m [built][39m[22m
 [1626] [1m./src/pages/content-grid/ContentGrid.jsx[39m[22m 5.79 KiB {[1m[33m64[39m[22m}[1m[32m [built][39m[22m
    [] [1mcss ./node_modules/css-loader/dist/cjs.js!./src/pages/content-grid/ContentGrid.css[39m[22m 6.43 KiB {[1m[33m64[39m[22m}
chunk   {[1m[33m65[39m[22m} [1m[32m65.42bf1f38.chunk.css, 65.122e2d5b.chunk.js[39m[22m 31.8 KiB <{[1m[33m0[39m[22m}> <{[1m[33m1[39m[22m}> <{[1m[33m2[39m[22m}> <{[1m[33m3[39m[22m}> <{[1m[33m4[39m[22m}> <{[1m[33m5[39m[22m}> <{[1m[33m6[39m[22m}> <{[1m[33m7[39m[22m}> <{[1m[33m8[39m[22m}> <{[1m[33m9[39m[22m}> <{[1m[33m10[39m[22m}> <{[1m[33m11[39m[22m}> <{[1m[33m12[39m[22m}> <{[1m[33m13[39m[22m}> <{[1m[33m14[39m[22m}> <{[1m[33m15[39m[22m}> <{[1m[33m16[39m[22m}> <{[1m[33m23[39m[22m}> <{[1m[33m24[39m[22m}> <{[1m[33m51[39m[22m}> <{[1m[33m52[39m[22m}> <{[1m[33m53[39m[22m}> <{[1m[33m54[39m[22m}>[1m[32m [rendered][39m[22m
 [1614] [1m./src/pages/edit-profile/EditProfile.css[39m[22m 39 bytes {[1m[33m65[39m[22m}[1m[32m [built][39m[22m
 [1624] [1m./src/pages/edit-profile/EditProfile.jsx[39m[22m 16.7 KiB {[1m[33m65[39m[22m}[1m[32m [built][39m[22m
    [] [1mcss ./node_modules/css-loader/dist/cjs.js!./src/pages/edit-profile/EditProfile.css[39m[22m 15 KiB {[1m[33m65[39m[22m}
chunk   {[1m[33m66[39m[22m} [1m[32m66.1070e998.chunk.css, 66.c868a42e.chunk.js[39m[22m 111 KiB <{[1m[33m0[39m[22m}> <{[1m[33m1[39m[22m}> <{[1m[33m2[39m[22m}> <{[1m[33m3[39m[22m}> <{[1m[33m4[39m[22m}> <{[1m[33m5[39m[22m}> <{[1m[33m6[39m[22m}> <{[1m[33m7[39m[22m}> <{[1m[33m8[39m[22m}> <{[1m[33m9[39m[22m}> <{[1m[33m10[39m[22m}> <{[1m[33m11[39m[22m}> <{[1m[33m12[39m[22m}> <{[1m[33m13[39m[22m}> <{[1m[33m14[39m[22m}> <{[1m[33m15[39m[22m}> <{[1m[33m16[39m[22m}> <{[1m[33m23[39m[22m}> <{[1m[33m24[39m[22m}> <{[1m[33m51[39m[22m}> <{[1m[33m52[39m[22m}> <{[1m[33m53[39m[22m}> <{[1m[33m54[39m[22m}> ={[1m[33m17[39m[22m}=[1m[32m [rendered][39m[22m
 [1617] [1m./src/pages/live/Live.css[39m[22m 39 bytes {[1m[33m66[39m[22m}[1m[32m [built][39m[22m
 [1627] [1m./src/pages/live/Live.jsx[39m[22m 76.6 KiB {[1m[33m66[39m[22m}[1m[32m [built][39m[22m
    [] [1mcss ./node_modules/css-loader/dist/cjs.js!./src/pages/live/Live.css[39m[22m 33.9 KiB {[1m[33m66[39m[22m}
chunk   {[1m[33m67[39m[22m} [1m[32m67.1dbdd618.chunk.css, 67.cca1c99a.chunk.js[39m[22m 48.8 KiB <{[1m[33m0[39m[22m}> <{[1m[33m1[39m[22m}> <{[1m[33m2[39m[22m}> <{[1m[33m3[39m[22m}> <{[1m[33m4[39m[22m}> <{[1m[33m5[39m[22m}> <{[1m[33m6[39m[22m}> <{[1m[33m7[39m[22m}> <{[1m[33m8[39m[22m}> <{[1m[33m9[39m[22m}> <{[1m[33m10[39m[22m}> <{[1m[33m11[39m[22m}> <{[1m[33m12[39m[22m}> <{[1m[33m13[39m[22m}> <{[1m[33m14[39m[22m}> <{[1m[33m15[39m[22m}> <{[1m[33m16[39m[22m}> <{[1m[33m23[39m[22m}> <{[1m[33m24[39m[22m}> <{[1m[33m51[39m[22m}> <{[1m[33m52[39m[22m}> <{[1m[33m53[39m[22m}> <{[1m[33m54[39m[22m}> ={[1m[33m0[39m[22m}= ={[1m[33m1[39m[22m}= ={[1m[33m2[39m[22m}= ={[1m[33m3[39m[22m}= ={[1m[33m4[39m[22m}= ={[1m[33m5[39m[22m}= ={[1m[33m6[39m[22m}= ={[1m[33m7[39m[22m}= ={[1m[33m8[39m[22m}= ={[1m[33m9[39m[22m}= ={[1m[33m10[39m[22m}= ={[1m[33m11[39m[22m}= ={[1m[33m12[39m[22m}= ={[1m[33m13[39m[22m}= ={[1m[33m14[39m[22m}= ={[1m[33m15[39m[22m}= ={[1m[33m16[39m[22m}= ={[1m[33m22[39m[22m}=[1m[32m [rendered][39m[22m
 [1176] [1m./src/pages/login/Login.css[39m[22m 39 bytes {[1m[33m67[39m[22m}[1m[32m [built][39m[22m
 [1630] [1m./src/pages/login/Login.jsx + 2 modules[39m[22m 27.2 KiB {[1m[33m67[39m[22m}[1m[32m [built][39m[22m
        | [1m./src/pages/login/Login.jsx[39m[22m 11.4 KiB[1m[32m [built][39m[22m
        | [1m./src/components/Toast.jsx[39m[22m 3.87 KiB[1m[32m [built][39m[22m
        | [1m./src/pages/login/OTPValidation.jsx[39m[22m 11.8 KiB[1m[32m [built][39m[22m
    [] [1mcss ./node_modules/css-loader/dist/cjs.js!./src/pages/login/Login.css[39m[22m 21.6 KiB {[1m[33m67[39m[22m}
chunk   {[1m[33m68[39m[22m} [1m[32m68.4a06b8c1.chunk.css, 68.c2492c37.chunk.js[39m[22m 12 KiB <{[1m[33m0[39m[22m}> <{[1m[33m1[39m[22m}> <{[1m[33m2[39m[22m}> <{[1m[33m3[39m[22m}> <{[1m[33m4[39m[22m}> <{[1m[33m5[39m[22m}> <{[1m[33m6[39m[22m}> <{[1m[33m7[39m[22m}> <{[1m[33m8[39m[22m}> <{[1m[33m9[39m[22m}> <{[1m[33m10[39m[22m}> <{[1m[33m11[39m[22m}> <{[1m[33m12[39m[22m}> <{[1m[33m13[39m[22m}> <{[1m[33m14[39m[22m}> <{[1m[33m15[39m[22m}> <{[1m[33m16[39m[22m}> <{[1m[33m23[39m[22m}> <{[1m[33m24[39m[22m}> <{[1m[33m51[39m[22m}> <{[1m[33m52[39m[22m}> <{[1m[33m53[39m[22m}> <{[1m[33m54[39m[22m}>[1m[32m [rendered][39m[22m
 [1610] [1m./src/pages/plan/Plan.css[39m[22m 39 bytes {[1m[33m68[39m[22m}[1m[32m [built][39m[22m
 [1622] [1m./src/pages/plan/Plan.jsx[39m[22m 5.97 KiB {[1m[33m68[39m[22m}[1m[32m [built][39m[22m
    [] [1mcss ./node_modules/css-loader/dist/cjs.js!./src/pages/plan/Plan.css[39m[22m 5.96 KiB {[1m[33m68[39m[22m}
chunk   {[1m[33m69[39m[22m} [1m[32m69.3cf51c42.chunk.js[39m[22m 44.2 KiB <{[1m[33m0[39m[22m}> <{[1m[33m1[39m[22m}> <{[1m[33m2[39m[22m}> <{[1m[33m3[39m[22m}> <{[1m[33m4[39m[22m}> <{[1m[33m5[39m[22m}> <{[1m[33m6[39m[22m}> <{[1m[33m7[39m[22m}> <{[1m[33m8[39m[22m}> <{[1m[33m9[39m[22m}> <{[1m[33m10[39m[22m}> <{[1m[33m11[39m[22m}> <{[1m[33m12[39m[22m}> <{[1m[33m13[39m[22m}> <{[1m[33m14[39m[22m}> <{[1m[33m15[39m[22m}> <{[1m[33m16[39m[22m}> <{[1m[33m23[39m[22m}> <{[1m[33m24[39m[22m}> <{[1m[33m51[39m[22m}> <{[1m[33m52[39m[22m}> <{[1m[33m53[39m[22m}> <{[1m[33m54[39m[22m}> ={[1m[33m0[39m[22m}= ={[1m[33m1[39m[22m}= ={[1m[33m2[39m[22m}= ={[1m[33m3[39m[22m}= ={[1m[33m4[39m[22m}= ={[1m[33m5[39m[22m}= ={[1m[33m6[39m[22m}= ={[1m[33m7[39m[22m}= ={[1m[33m8[39m[22m}= ={[1m[33m9[39m[22m}= ={[1m[33m10[39m[22m}= ={[1m[33m11[39m[22m}= ={[1m[33m12[39m[22m}= ={[1m[33m13[39m[22m}= ={[1m[33m14[39m[22m}= ={[1m[33m15[39m[22m}= ={[1m[33m16[39m[22m}= ={[1m[33m20[39m[22m}= ={[1m[33m22[39m[22m}=[1m[32m [rendered][39m[22m
 [1629] [1m./src/pages/login/PanmetroLoginScreen.jsx[39m[22m 44.2 KiB {[1m[33m69[39m[22m}[1m[32m [built][39m[22m

[1m[33mWARNING in ./src/pages/SearchPage.jsx 490:47-52
"export 'Alert' was not found in '@mui/material'
 @ ./src/App.jsx
 @ ./src/main.jsx[39m[22m

[1m[33mWARNING in ./src/pages/SearchPage.jsx 493:56-59
"export 'Box' was not found in '@mui/material'
 @ ./src/App.jsx
 @ ./src/main.jsx[39m[22m

[1m[33mWARNING in ./src/pages/SearchPage.jsx 500:67-70
"export 'Box' was not found in '@mui/material'
 @ ./src/App.jsx
 @ ./src/main.jsx[39m[22m

[1m[33mWARNING in ./src/pages/SearchPage.jsx 475:53-69
"export 'CircularProgress' was not found in '@mui/material'
 @ ./src/App.jsx
 @ ./src/main.jsx[39m[22m

[1m[33mWARNING in ./src/pages/SearchPage.jsx 495:38-54
"export 'CircularProgress' was not found in '@mui/material'
 @ ./src/App.jsx
 @ ./src/main.jsx[39m[22m

[1m[33mWARNING in ./src/pages/SearchPage.jsx 477:58-68
"export 'IconButton' was not found in '@mui/material'
 @ ./src/App.jsx
 @ ./src/main.jsx[39m[22m

[1m[33mWARNING in ./src/pages/SearchPage.jsx 467:55-69
"export 'InputAdornment' was not found in '@mui/material'
 @ ./src/App.jsx
 @ ./src/main.jsx[39m[22m

[1m[33mWARNING in ./src/pages/SearchPage.jsx 473:53-67
"export 'InputAdornment' was not found in '@mui/material'
 @ ./src/App.jsx
 @ ./src/main.jsx[39m[22m

[1m[33mWARNING in ./src/services/queryClient.js 4:22-33
"export 'QueryClient' was not found in '@tanstack/react-query'
 @ ./src/main.jsx[39m[22m

[1m[33mWARNING in ./src/main.jsx 39:150-169
"export 'QueryClientProvider' was not found in '@tanstack/react-query'[39m[22m

[1m[33mWARNING in ./src/pages/SearchPage.jsx 455:38-47
"export 'TextField' was not found in '@mui/material'
 @ ./src/App.jsx
 @ ./src/main.jsx[39m[22m

[1m[33mWARNING in ./src/components/Toast.jsx 81:42-49
"export 'Toaster' was not found in 'react-hot-toast'
 @ ./src/pages/login/Login.jsx
 @ ./src/App.jsx
 @ ./src/main.jsx[39m[22m

[1m[33mWARNING in ./src/components/ShakaPlayer.jsx 1820:38-45
"export 'Toaster' was not found in 'react-hot-toast'
 @ ./src/pages/genre/Genre.jsx
 @ ./src/App.jsx
 @ ./src/main.jsx[39m[22m

[1m[33mWARNING in ./src/pages/SearchPage.jsx 448:38-48
"export 'Typography' was not found in '@mui/material'
 @ ./src/App.jsx
 @ ./src/main.jsx[39m[22m

[1m[33mWARNING in ./src/pages/SearchPage.jsx 495:96-106
"export 'Typography' was not found in '@mui/material'
 @ ./src/App.jsx
 @ ./src/main.jsx[39m[22m

[1m[33mWARNING in ./src/pages/SearchPage.jsx 505:39-49
"export 'Typography' was not found in '@mui/material'
 @ ./src/App.jsx
 @ ./src/main.jsx[39m[22m

[1m[33mWARNING in ./src/pages/SearchPage.jsx 507:60-70
"export 'Typography' was not found in '@mui/material'
 @ ./src/App.jsx
 @ ./src/main.jsx[39m[22m

[1m[33mWARNING in ./src/pages/SearchPage.jsx 534:38-48
"export 'Typography' was not found in '@mui/material'
 @ ./src/App.jsx
 @ ./src/main.jsx[39m[22m

[1m[33mWARNING in ./src/pages/SearchPage.jsx 544:61-71
"export 'Typography' was not found in '@mui/material'
 @ ./src/App.jsx
 @ ./src/main.jsx[39m[22m

[1m[33mWARNING in ./src/App.jsx 367:30-47
"export 'default' (imported as '_asyncToGenerator') was not found in '@babel/runtime/helpers/asyncToGenerator'
 @ ./src/main.jsx[39m[22m

[1m[33mWARNING in ./src/services/drmhelper.js 33:12-29
"export 'default' (imported as '_asyncToGenerator') was not found in '@babel/runtime/helpers/asyncToGenerator'
 @ ./src/App.jsx
 @ ./src/main.jsx[39m[22m

[1m[33mWARNING in ./src/services/drmhelper.js 55:17-34
"export 'default' (imported as '_asyncToGenerator') was not found in '@babel/runtime/helpers/asyncToGenerator'
 @ ./src/App.jsx
 @ ./src/main.jsx[39m[22m

[1m[33mWARNING in ./src/services/drmhelper.js 112:27-44
"export 'default' (imported as '_asyncToGenerator') was not found in '@babel/runtime/helpers/asyncToGenerator'
 @ ./src/App.jsx
 @ ./src/main.jsx[39m[22m

[1m[33mWARNING in ./src/services/drmhelper.js 154:30-47
"export 'default' (imported as '_asyncToGenerator') was not found in '@babel/runtime/helpers/asyncToGenerator'
 @ ./src/App.jsx
 @ ./src/main.jsx[39m[22m

[1m[33mWARNING in ./src/services/drmhelper.js 243:31-48
"export 'default' (imported as '_asyncToGenerator') was not found in '@babel/runtime/helpers/asyncToGenerator'
 @ ./src/App.jsx
 @ ./src/main.jsx[39m[22m

[1m[33mWARNING in ./src/services/drmhelper.js 311:36-53
"export 'default' (imported as '_asyncToGenerator') was not found in '@babel/runtime/helpers/asyncToGenerator'
 @ ./src/App.jsx
 @ ./src/main.jsx[39m[22m

[1m[33mWARNING in ./src/services/epgManifestQueries.js 280:17-34
"export 'default' (imported as '_asyncToGenerator') was not found in '@babel/runtime/helpers/asyncToGenerator'
 @ ./src/App.jsx
 @ ./src/main.jsx[39m[22m

[1m[33mWARNING in ./src/services/epgManifestQueries.js 424:22-39
"export 'default' (imported as '_asyncToGenerator') was not found in '@babel/runtime/helpers/asyncToGenerator'
 @ ./src/App.jsx
 @ ./src/main.jsx[39m[22m

[1m[33mWARNING in ./src/services/epgManifestQueries.js 597:21-38
"export 'default' (imported as '_asyncToGenerator') was not found in '@babel/runtime/helpers/asyncToGenerator'
 @ ./src/App.jsx
 @ ./src/main.jsx[39m[22m

[1m[33mWARNING in ./src/components/SplashScreen.jsx 59:34-51
"export 'default' (imported as '_asyncToGenerator') was not found in '@babel/runtime/helpers/asyncToGenerator'
 @ ./src/App.jsx
 @ ./src/main.jsx[39m[22m

[1m[33mWARNING in ./src/components/SplashScreen.jsx 138:27-44
"export 'default' (imported as '_asyncToGenerator') was not found in '@babel/runtime/helpers/asyncToGenerator'
 @ ./src/App.jsx
 @ ./src/main.jsx[39m[22m

[1m[33mWARNING in ./src/components/SplashScreen.jsx 234:51-68
"export 'default' (imported as '_asyncToGenerator') was not found in '@babel/runtime/helpers/asyncToGenerator'
 @ ./src/App.jsx
 @ ./src/main.jsx[39m[22m

[1m[33mWARNING in ./src/components/PushOverlay.jsx 114:32-49
"export 'default' (imported as '_asyncToGenerator') was not found in '@babel/runtime/helpers/asyncToGenerator'
 @ ./src/App.jsx
 @ ./src/main.jsx[39m[22m

[1m[33mWARNING in ./src/components/PushOverlay.jsx 173:4-21
"export 'default' (imported as '_asyncToGenerator') was not found in '@babel/runtime/helpers/asyncToGenerator'
 @ ./src/App.jsx
 @ ./src/main.jsx[39m[22m

[1m[33mWARNING in ./src/pages/PlayerPage.jsx 176:4-21
"export 'default' (imported as '_asyncToGenerator') was not found in '@babel/runtime/helpers/asyncToGenerator'
 @ ./src/App.jsx
 @ ./src/main.jsx[39m[22m

[1m[33mWARNING in ./src/pages/PlayerPage.jsx 510:4-21
"export 'default' (imported as '_asyncToGenerator') was not found in '@babel/runtime/helpers/asyncToGenerator'
 @ ./src/App.jsx
 @ ./src/main.jsx[39m[22m

[1m[33mWARNING in ./src/pages/SearchPage.jsx 260:28-45
"export 'default' (imported as '_asyncToGenerator') was not found in '@babel/runtime/helpers/asyncToGenerator'
 @ ./src/App.jsx
 @ ./src/main.jsx[39m[22m

[1m[33mWARNING in ./src/pages/SearchPage.jsx 307:25-42
"export 'default' (imported as '_asyncToGenerator') was not found in '@babel/runtime/helpers/asyncToGenerator'
 @ ./src/App.jsx
 @ ./src/main.jsx[39m[22m

[1m[33mWARNING in ./src/pages/genre/Genre.jsx 996:4-21
"export 'default' (imported as '_asyncToGenerator') was not found in '@babel/runtime/helpers/asyncToGenerator'
 @ ./src/App.jsx
 @ ./src/main.jsx[39m[22m

[1m[33mWARNING in ./src/pages/tv-player/TvPlayer.jsx 95:32-49
"export 'default' (imported as '_asyncToGenerator') was not found in '@babel/runtime/helpers/asyncToGenerator'
 @ ./src/App.jsx
 @ ./src/main.jsx[39m[22m

[1m[33mWARNING in ./src/pages/settings/Settings.jsx 73:4-21
"export 'default' (imported as '_asyncToGenerator') was not found in '@babel/runtime/helpers/asyncToGenerator'
 @ ./src/App.jsx
 @ ./src/main.jsx[39m[22m

[1m[33mWARNING in ./src/pages/settings/Settings.jsx 112:4-21
"export 'default' (imported as '_asyncToGenerator') was not found in '@babel/runtime/helpers/asyncToGenerator'
 @ ./src/App.jsx
 @ ./src/main.jsx[39m[22m

[1m[33mWARNING in ./src/pages/categories/Categories.jsx 246:30-47
"export 'default' (imported as '_asyncToGenerator') was not found in '@babel/runtime/helpers/asyncToGenerator'
 @ ./src/App.jsx
 @ ./src/main.jsx[39m[22m

[1m[33mWARNING in ./src/pages/categories/Categories.jsx 609:28-45
"export 'default' (imported as '_asyncToGenerator') was not found in '@babel/runtime/helpers/asyncToGenerator'
 @ ./src/App.jsx
 @ ./src/main.jsx[39m[22m

[1m[33mWARNING in ./src/pages/categories/Categories.jsx 661:31-48
"export 'default' (imported as '_asyncToGenerator') was not found in '@babel/runtime/helpers/asyncToGenerator'
 @ ./src/App.jsx
 @ ./src/main.jsx[39m[22m

[1m[33mWARNING in ./src/pages/login/Login.jsx 98:27-44
"export 'default' (imported as '_asyncToGenerator') was not found in '@babel/runtime/helpers/asyncToGenerator'
 @ ./src/App.jsx
 @ ./src/main.jsx[39m[22m

[1m[33mWARNING in ./src/pages/login/Login.jsx 108:37-54
"export 'default' (imported as '_asyncToGenerator') was not found in '@babel/runtime/helpers/asyncToGenerator'
 @ ./src/App.jsx
 @ ./src/main.jsx[39m[22m

[1m[33mWARNING in ./src/pages/login/Login.jsx 174:28-45
"export 'default' (imported as '_asyncToGenerator') was not found in '@babel/runtime/helpers/asyncToGenerator'
 @ ./src/App.jsx
 @ ./src/main.jsx[39m[22m

[1m[33mWARNING in ./src/pages/login/PanmetroLoginScreen.jsx 405:23-40
"export 'default' (imported as '_asyncToGenerator') was not found in '@babel/runtime/helpers/asyncToGenerator'
 @ ./src/App.jsx
 @ ./src/main.jsx[39m[22m

[1m[33mWARNING in ./src/services/api.js 103:24-41
"export 'default' (imported as '_asyncToGenerator') was not found in '@babel/runtime/helpers/asyncToGenerator'
 @ ./src/services/epgManifestQueries.js
 @ ./src/App.jsx
 @ ./src/main.jsx[39m[22m

[1m[33mWARNING in ./src/utils/fingerprint.js 413:25-42
"export 'default' (imported as '_asyncToGenerator') was not found in '@babel/runtime/helpers/asyncToGenerator'
 @ ./src/components/SplashScreen.jsx
 @ ./src/App.jsx
 @ ./src/main.jsx[39m[22m

[1m[33mWARNING in ./src/utils/fingerprint.js 505:25-42
"export 'default' (imported as '_asyncToGenerator') was not found in '@babel/runtime/helpers/asyncToGenerator'
 @ ./src/components/SplashScreen.jsx
 @ ./src/App.jsx
 @ ./src/main.jsx[39m[22m

[1m[33mWARNING in ./src/pages/login/OTPValidation.jsx 154:29-46
"export 'default' (imported as '_asyncToGenerator') was not found in '@babel/runtime/helpers/asyncToGenerator'
 @ ./src/pages/login/Login.jsx
 @ ./src/App.jsx
 @ ./src/main.jsx[39m[22m

[1m[33mWARNING in ./src/components/Toast.jsx 15:21-38
"export 'default' (imported as '_asyncToGenerator') was not found in '@babel/runtime/helpers/asyncToGenerator'
 @ ./src/pages/login/Login.jsx
 @ ./src/App.jsx
 @ ./src/main.jsx[39m[22m

[1m[33mWARNING in ./src/services/api/ApiService.js 53:21-38
"export 'default' (imported as '_asyncToGenerator') was not found in '@babel/runtime/helpers/asyncToGenerator'
 @ ./src/services/api.js
 @ ./src/services/epgManifestQueries.js
 @ ./src/App.jsx
 @ ./src/main.jsx[39m[22m

[1m[33mWARNING in ./src/services/api/ApiService.js 78:17-34
"export 'default' (imported as '_asyncToGenerator') was not found in '@babel/runtime/helpers/asyncToGenerator'
 @ ./src/services/api.js
 @ ./src/services/epgManifestQueries.js
 @ ./src/App.jsx
 @ ./src/main.jsx[39m[22m

[1m[33mWARNING in ./src/services/api/ApiService.js 104:26-43
"export 'default' (imported as '_asyncToGenerator') was not found in '@babel/runtime/helpers/asyncToGenerator'
 @ ./src/services/api.js
 @ ./src/services/epgManifestQueries.js
 @ ./src/App.jsx
 @ ./src/main.jsx[39m[22m

[1m[33mWARNING in ./src/services/api/ApiService.js 132:18-35
"export 'default' (imported as '_asyncToGenerator') was not found in '@babel/runtime/helpers/asyncToGenerator'
 @ ./src/services/api.js
 @ ./src/services/epgManifestQueries.js
 @ ./src/App.jsx
 @ ./src/main.jsx[39m[22m

[1m[33mWARNING in ./src/services/api/ApiService.js 158:17-34
"export 'default' (imported as '_asyncToGenerator') was not found in '@babel/runtime/helpers/asyncToGenerator'
 @ ./src/services/api.js
 @ ./src/services/epgManifestQueries.js
 @ ./src/App.jsx
 @ ./src/main.jsx[39m[22m

[1m[33mWARNING in ./src/services/api/ApiService.js 184:21-38
"export 'default' (imported as '_asyncToGenerator') was not found in '@babel/runtime/helpers/asyncToGenerator'
 @ ./src/services/api.js
 @ ./src/services/epgManifestQueries.js
 @ ./src/App.jsx
 @ ./src/main.jsx[39m[22m

[1m[33mWARNING in ./src/services/api/ApiService.js 210:24-41
"export 'default' (imported as '_asyncToGenerator') was not found in '@babel/runtime/helpers/asyncToGenerator'
 @ ./src/services/api.js
 @ ./src/services/epgManifestQueries.js
 @ ./src/App.jsx
 @ ./src/main.jsx[39m[22m

[1m[33mWARNING in ./src/services/api/ApiService.js 238:31-48
"export 'default' (imported as '_asyncToGenerator') was not found in '@babel/runtime/helpers/asyncToGenerator'
 @ ./src/services/api.js
 @ ./src/services/epgManifestQueries.js
 @ ./src/App.jsx
 @ ./src/main.jsx[39m[22m

[1m[33mWARNING in ./src/services/api/ApiService.js 266:24-41
"export 'default' (imported as '_asyncToGenerator') was not found in '@babel/runtime/helpers/asyncToGenerator'
 @ ./src/services/api.js
 @ ./src/services/epgManifestQueries.js
 @ ./src/App.jsx
 @ ./src/main.jsx[39m[22m

[1m[33mWARNING in ./node_modules/react-router-dom/dist/umd/react-router-dom.production.min.js 1047:67-84
"export 'default' (imported as '_asyncToGenerator') was not found in '@babel/runtime/helpers/asyncToGenerator'
 @ ./node_modules/react-router-dom/dist/main.js
 @ ./src/App.jsx
 @ ./src/main.jsx[39m[22m

[1m[33mWARNING in ./src/services/api/AuthService.js 24:19-36
"export 'default' (imported as '_asyncToGenerator') was not found in '@babel/runtime/helpers/asyncToGenerator'
 @ ./src/services/api/ApiService.js
 @ ./src/services/api.js
 @ ./src/services/epgManifestQueries.js
 @ ./src/App.jsx
 @ ./src/main.jsx[39m[22m

[1m[33mWARNING in ./src/services/api/AuthService.js 59:20-37
"export 'default' (imported as '_asyncToGenerator') was not found in '@babel/runtime/helpers/asyncToGenerator'
 @ ./src/services/api/ApiService.js
 @ ./src/services/api.js
 @ ./src/services/epgManifestQueries.js
 @ ./src/App.jsx
 @ ./src/main.jsx[39m[22m

[1m[33mWARNING in ./src/services/api/DrmService.js 26:24-41
"export 'default' (imported as '_asyncToGenerator') was not found in '@babel/runtime/helpers/asyncToGenerator'
 @ ./src/services/api/ApiService.js
 @ ./src/services/api.js
 @ ./src/services/epgManifestQueries.js
 @ ./src/App.jsx
 @ ./src/main.jsx[39m[22m

[1m[33mWARNING in ./src/services/api/DrmService.js 51:21-38
"export 'default' (imported as '_asyncToGenerator') was not found in '@babel/runtime/helpers/asyncToGenerator'
 @ ./src/services/api/ApiService.js
 @ ./src/services/api.js
 @ ./src/services/epgManifestQueries.js
 @ ./src/App.jsx
 @ ./src/main.jsx[39m[22m

[1m[33mWARNING in ./src/services/api/DrmService.js 78:23-40
"export 'default' (imported as '_asyncToGenerator') was not found in '@babel/runtime/helpers/asyncToGenerator'
 @ ./src/services/api/ApiService.js
 @ ./src/services/api.js
 @ ./src/services/epgManifestQueries.js
 @ ./src/App.jsx
 @ ./src/main.jsx[39m[22m

[1m[33mWARNING in ./src/services/api/DrmService.js 106:27-44
"export 'default' (imported as '_asyncToGenerator') was not found in '@babel/runtime/helpers/asyncToGenerator'
 @ ./src/services/api/ApiService.js
 @ ./src/services/api.js
 @ ./src/services/epgManifestQueries.js
 @ ./src/App.jsx
 @ ./src/main.jsx[39m[22m

[1m[33mWARNING in ./src/services/api/DrmService.js 133:29-46
"export 'default' (imported as '_asyncToGenerator') was not found in '@babel/runtime/helpers/asyncToGenerator'
 @ ./src/services/api/ApiService.js
 @ ./src/services/api.js
 @ ./src/services/epgManifestQueries.js
 @ ./src/App.jsx
 @ ./src/main.jsx[39m[22m

[1m[33mWARNING in ./src/services/api/DrmService.js 160:28-45
"export 'default' (imported as '_asyncToGenerator') was not found in '@babel/runtime/helpers/asyncToGenerator'
 @ ./src/services/api/ApiService.js
 @ ./src/services/api.js
 @ ./src/services/epgManifestQueries.js
 @ ./src/App.jsx
 @ ./src/main.jsx[39m[22m

[1m[33mWARNING in ./src/services/api/DrmService.js 187:24-41
"export 'default' (imported as '_asyncToGenerator') was not found in '@babel/runtime/helpers/asyncToGenerator'
 @ ./src/services/api/ApiService.js
 @ ./src/services/api.js
 @ ./src/services/epgManifestQueries.js
 @ ./src/App.jsx
 @ ./src/main.jsx[39m[22m

[1m[33mWARNING in ./src/services/api/DrmService.js 215:29-46
"export 'default' (imported as '_asyncToGenerator') was not found in '@babel/runtime/helpers/asyncToGenerator'
 @ ./src/services/api/ApiService.js
 @ ./src/services/api.js
 @ ./src/services/epgManifestQueries.js
 @ ./src/App.jsx
 @ ./src/main.jsx[39m[22m

[1m[33mWARNING in ./src/services/api/DrmService.js 242:26-43
"export 'default' (imported as '_asyncToGenerator') was not found in '@babel/runtime/helpers/asyncToGenerator'
 @ ./src/services/api/ApiService.js
 @ ./src/services/api.js
 @ ./src/services/epgManifestQueries.js
 @ ./src/App.jsx
 @ ./src/main.jsx[39m[22m

[1m[33mWARNING in ./src/services/api/CmsService.js 25:25-42
"export 'default' (imported as '_asyncToGenerator') was not found in '@babel/runtime/helpers/asyncToGenerator'
 @ ./src/services/api/ApiService.js
 @ ./src/services/api.js
 @ ./src/services/epgManifestQueries.js
 @ ./src/App.jsx
 @ ./src/main.jsx[39m[22m

[1m[33mWARNING in ./src/services/api/CmsService.js 48:25-42
"export 'default' (imported as '_asyncToGenerator') was not found in '@babel/runtime/helpers/asyncToGenerator'
 @ ./src/services/api/ApiService.js
 @ ./src/services/api.js
 @ ./src/services/epgManifestQueries.js
 @ ./src/App.jsx
 @ ./src/main.jsx[39m[22m

[1m[33mWARNING in ./src/services/api/CmsService.js 73:24-41
"export 'default' (imported as '_asyncToGenerator') was not found in '@babel/runtime/helpers/asyncToGenerator'
 @ ./src/services/api/ApiService.js
 @ ./src/services/api.js
 @ ./src/services/epgManifestQueries.js
 @ ./src/App.jsx
 @ ./src/main.jsx[39m[22m

[1m[33mWARNING in ./src/services/api/CmsService.js 96:27-44
"export 'default' (imported as '_asyncToGenerator') was not found in '@babel/runtime/helpers/asyncToGenerator'
 @ ./src/services/api/ApiService.js
 @ ./src/services/api.js
 @ ./src/services/epgManifestQueries.js
 @ ./src/App.jsx
 @ ./src/main.jsx[39m[22m

[1m[33mWARNING in ./src/services/api/CmsService.js 119:23-40
"export 'default' (imported as '_asyncToGenerator') was not found in '@babel/runtime/helpers/asyncToGenerator'
 @ ./src/services/api/ApiService.js
 @ ./src/services/api.js
 @ ./src/services/epgManifestQueries.js
 @ ./src/App.jsx
 @ ./src/main.jsx[39m[22m

[1m[33mWARNING in ./src/services/api/CmsService.js 142:24-41
"export 'default' (imported as '_asyncToGenerator') was not found in '@babel/runtime/helpers/asyncToGenerator'
 @ ./src/services/api/ApiService.js
 @ ./src/services/api.js
 @ ./src/services/epgManifestQueries.js
 @ ./src/App.jsx
 @ ./src/main.jsx[39m[22m

[1m[33mWARNING in ./src/services/api/CmsService.js 165:25-42
"export 'default' (imported as '_asyncToGenerator') was not found in '@babel/runtime/helpers/asyncToGenerator'
 @ ./src/services/api/ApiService.js
 @ ./src/services/api.js
 @ ./src/services/epgManifestQueries.js
 @ ./src/App.jsx
 @ ./src/main.jsx[39m[22m

[1m[33mWARNING in ./src/services/api/CmsService.js 188:23-40
"export 'default' (imported as '_asyncToGenerator') was not found in '@babel/runtime/helpers/asyncToGenerator'
 @ ./src/services/api/ApiService.js
 @ ./src/services/api.js
 @ ./src/services/epgManifestQueries.js
 @ ./src/App.jsx
 @ ./src/main.jsx[39m[22m

[1m[33mWARNING in ./src/services/api/CmsService.js 213:24-41
"export 'default' (imported as '_asyncToGenerator') was not found in '@babel/runtime/helpers/asyncToGenerator'
 @ ./src/services/api/ApiService.js
 @ ./src/services/api.js
 @ ./src/services/epgManifestQueries.js
 @ ./src/App.jsx
 @ ./src/main.jsx[39m[22m

[1m[33mWARNING in ./src/services/api/CmsService.js 236:20-37
"export 'default' (imported as '_asyncToGenerator') was not found in '@babel/runtime/helpers/asyncToGenerator'
 @ ./src/services/api/ApiService.js
 @ ./src/services/api.js
 @ ./src/services/epgManifestQueries.js
 @ ./src/App.jsx
 @ ./src/main.jsx[39m[22m

[1m[33mWARNING in ./src/services/api/CmsService.js 261:28-45
"export 'default' (imported as '_asyncToGenerator') was not found in '@babel/runtime/helpers/asyncToGenerator'
 @ ./src/services/api/ApiService.js
 @ ./src/services/api.js
 @ ./src/services/epgManifestQueries.js
 @ ./src/App.jsx
 @ ./src/main.jsx[39m[22m

[1m[33mWARNING in ./src/services/api/CmsService.js 284:30-47
"export 'default' (imported as '_asyncToGenerator') was not found in '@babel/runtime/helpers/asyncToGenerator'
 @ ./src/services/api/ApiService.js
 @ ./src/services/api.js
 @ ./src/services/epgManifestQueries.js
 @ ./src/App.jsx
 @ ./src/main.jsx[39m[22m

[1m[33mWARNING in ./src/services/api/CmsService.js 307:30-47
"export 'default' (imported as '_asyncToGenerator') was not found in '@babel/runtime/helpers/asyncToGenerator'
 @ ./src/services/api/ApiService.js
 @ ./src/services/api.js
 @ ./src/services/epgManifestQueries.js
 @ ./src/App.jsx
 @ ./src/main.jsx[39m[22m

[1m[33mWARNING in ./src/services/api/CmsService.js 330:31-48
"export 'default' (imported as '_asyncToGenerator') was not found in '@babel/runtime/helpers/asyncToGenerator'
 @ ./src/services/api/ApiService.js
 @ ./src/services/api.js
 @ ./src/services/epgManifestQueries.js
 @ ./src/App.jsx
 @ ./src/main.jsx[39m[22m

[1m[33mWARNING in ./src/services/api/CmsService.js 355:28-45
"export 'default' (imported as '_asyncToGenerator') was not found in '@babel/runtime/helpers/asyncToGenerator'
 @ ./src/services/api/ApiService.js
 @ ./src/services/api.js
 @ ./src/services/epgManifestQueries.js
 @ ./src/App.jsx
 @ ./src/main.jsx[39m[22m

[1m[33mWARNING in ./src/services/api/ApiClient.js 54:21-38
"export 'default' (imported as '_asyncToGenerator') was not found in '@babel/runtime/helpers/asyncToGenerator'
 @ ./src/services/api/ApiService.js
 @ ./src/services/api.js
 @ ./src/services/epgManifestQueries.js
 @ ./src/App.jsx
 @ ./src/main.jsx[39m[22m

[1m[33mWARNING in ./src/services/api/ApiClient.js 138:35-52
"export 'default' (imported as '_asyncToGenerator') was not found in '@babel/runtime/helpers/asyncToGenerator'
 @ ./src/services/api/ApiService.js
 @ ./src/services/api.js
 @ ./src/services/epgManifestQueries.js
 @ ./src/App.jsx
 @ ./src/main.jsx[39m[22m

[1m[33mWARNING in ./src/services/api/ApiClient.js 183:33-50
"export 'default' (imported as '_asyncToGenerator') was not found in '@babel/runtime/helpers/asyncToGenerator'
 @ ./src/services/api/ApiService.js
 @ ./src/services/api.js
 @ ./src/services/epgManifestQueries.js
 @ ./src/App.jsx
 @ ./src/main.jsx[39m[22m

[1m[33mWARNING in ./src/services/api/ApiClient.js 248:17-34
"export 'default' (imported as '_asyncToGenerator') was not found in '@babel/runtime/helpers/asyncToGenerator'
 @ ./src/services/api/ApiService.js
 @ ./src/services/api.js
 @ ./src/services/epgManifestQueries.js
 @ ./src/App.jsx
 @ ./src/main.jsx[39m[22m

[1m[33mWARNING in ./src/services/api/ApiClient.js 276:26-43
"export 'default' (imported as '_asyncToGenerator') was not found in '@babel/runtime/helpers/asyncToGenerator'
 @ ./src/services/api/ApiService.js
 @ ./src/services/api.js
 @ ./src/services/epgManifestQueries.js
 @ ./src/App.jsx
 @ ./src/main.jsx[39m[22m

[1m[33mWARNING in ./src/services/api/ApiClient.js 335:18-35
"export 'default' (imported as '_asyncToGenerator') was not found in '@babel/runtime/helpers/asyncToGenerator'
 @ ./src/services/api/ApiService.js
 @ ./src/services/api.js
 @ ./src/services/epgManifestQueries.js
 @ ./src/App.jsx
 @ ./src/main.jsx[39m[22m

[1m[33mWARNING in ./src/services/api/ApiClient.js 364:17-34
"export 'default' (imported as '_asyncToGenerator') was not found in '@babel/runtime/helpers/asyncToGenerator'
 @ ./src/services/api/ApiService.js
 @ ./src/services/api.js
 @ ./src/services/epgManifestQueries.js
 @ ./src/App.jsx
 @ ./src/main.jsx[39m[22m

[1m[33mWARNING in ./src/services/api/ApiClient.js 393:21-38
"export 'default' (imported as '_asyncToGenerator') was not found in '@babel/runtime/helpers/asyncToGenerator'
 @ ./src/services/api/ApiService.js
 @ ./src/services/api.js
 @ ./src/services/epgManifestQueries.js
 @ ./src/App.jsx
 @ ./src/main.jsx[39m[22m

[1m[33mWARNING in ./node_modules/@tanstack/query-core/build/legacy/query.cjs 372:19-36
"export 'default' (imported as '_asyncToGenerator') was not found in '@babel/runtime/helpers/asyncToGenerator'
 @ ./node_modules/@tanstack/query-core/build/legacy/index.cjs
 @ ./node_modules/@tanstack/react-query/build/legacy/useIsFetching.cjs
 @ ./node_modules/@tanstack/react-query/build/legacy/index.cjs
 @ ./src/main.jsx[39m[22m

[1m[33mWARNING in ./node_modules/@tanstack/query-core/build/legacy/mutation.cjs 207:21-38
"export 'default' (imported as '_asyncToGenerator') was not found in '@babel/runtime/helpers/asyncToGenerator'
 @ ./node_modules/@tanstack/query-core/build/legacy/index.cjs
 @ ./node_modules/@tanstack/react-query/build/legacy/useIsFetching.cjs
 @ ./node_modules/@tanstack/react-query/build/legacy/index.cjs
 @ ./src/main.jsx[39m[22m

[1m[33mWARNING in ./node_modules/@tanstack/query-core/build/legacy/streamedQuery.cjs 92:16-33
"export 'default' (imported as '_asyncToGenerator') was not found in '@babel/runtime/helpers/asyncToGenerator'
 @ ./node_modules/@tanstack/query-core/build/legacy/index.cjs
 @ ./node_modules/@tanstack/react-query/build/legacy/useIsFetching.cjs
 @ ./node_modules/@tanstack/react-query/build/legacy/index.cjs
 @ ./src/main.jsx[39m[22m

[1m[33mWARNING in ./node_modules/@tanstack/query-core/build/legacy/queryClient.cjs 154:19-36
"export 'default' (imported as '_asyncToGenerator') was not found in '@babel/runtime/helpers/asyncToGenerator'
 @ ./node_modules/@tanstack/query-core/build/legacy/index.cjs
 @ ./node_modules/@tanstack/react-query/build/legacy/useIsFetching.cjs
 @ ./node_modules/@tanstack/react-query/build/legacy/index.cjs
 @ ./src/main.jsx[39m[22m

[1m[33mWARNING in ./node_modules/@tanstack/query-core/build/legacy/queryClient.cjs 178:20-37
"export 'default' (imported as '_asyncToGenerator') was not found in '@babel/runtime/helpers/asyncToGenerator'
 @ ./node_modules/@tanstack/query-core/build/legacy/index.cjs
 @ ./node_modules/@tanstack/react-query/build/legacy/useIsFetching.cjs
 @ ./node_modules/@tanstack/react-query/build/legacy/index.cjs
 @ ./src/main.jsx[39m[22m

[1m[33mWARNING in ./node_modules/@tanstack/query-core/build/legacy/infiniteQueryBehavior.cjs 101:23-40
"export 'default' (imported as '_asyncToGenerator') was not found in '@babel/runtime/helpers/asyncToGenerator'
 @ ./node_modules/@tanstack/query-core/build/legacy/queryClient.cjs
 @ ./node_modules/@tanstack/query-core/build/legacy/index.cjs
 @ ./node_modules/@tanstack/react-query/build/legacy/useIsFetching.cjs
 @ ./node_modules/@tanstack/react-query/build/legacy/index.cjs
 @ ./src/main.jsx[39m[22m

[1m[33mWARNING in ./node_modules/@tanstack/query-core/build/legacy/infiniteQueryBehavior.cjs 131:35-52
"export 'default' (imported as '_asyncToGenerator') was not found in '@babel/runtime/helpers/asyncToGenerator'
 @ ./node_modules/@tanstack/query-core/build/legacy/queryClient.cjs
 @ ./node_modules/@tanstack/query-core/build/legacy/index.cjs
 @ ./node_modules/@tanstack/react-query/build/legacy/useIsFetching.cjs
 @ ./node_modules/@tanstack/react-query/build/legacy/index.cjs
 @ ./src/main.jsx[39m[22m

[1m[33mWARNING in ./src/components/ShakaPlayer.jsx 1309:4-21
"export 'default' (imported as '_asyncToGenerator') was not found in '@babel/runtime/helpers/asyncToGenerator'
 @ ./src/pages/genre/Genre.jsx
 @ ./src/App.jsx
 @ ./src/main.jsx[39m[22m

[1m[33mWARNING in ./src/components/VideoPlayer.jsx 57:30-47
"export 'default' (imported as '_asyncToGenerator') was not found in '@babel/runtime/helpers/asyncToGenerator'
 @ ./src/pages/tv-player/TvPlayer.jsx
 @ ./src/App.jsx
 @ ./src/main.jsx[39m[22m

[1m[33mWARNING in ./src/components/ForceMessageOverlay.jsx 74:19-36
"export 'default' (imported as '_asyncToGenerator') was not found in '@babel/runtime/helpers/asyncToGenerator'
 @ ./src/pages/PlayerPage.jsx
 @ ./src/App.jsx
 @ ./src/main.jsx[39m[22m

[1m[33mWARNING in ./src/components/ScrollMessageOverlay.jsx 107:19-36
"export 'default' (imported as '_asyncToGenerator') was not found in '@babel/runtime/helpers/asyncToGenerator'
 @ ./src/pages/PlayerPage.jsx
 @ ./src/App.jsx
 @ ./src/main.jsx[39m[22m

[1m[33mWARNING in ./src/components/FingerprintOverlay.jsx 112:13-30
"export 'default' (imported as '_asyncToGenerator') was not found in '@babel/runtime/helpers/asyncToGenerator'
 @ ./src/pages/PlayerPage.jsx
 @ ./src/App.jsx
 @ ./src/main.jsx[39m[22m

[1m[33mWARNING in ./node_modules/@tanstack/query-core/build/legacy/queryObserver.cjs 280:20-28
"export 'default' (imported as '_extends') was not found in '@babel/runtime/helpers/extends'
 @ ./node_modules/@tanstack/query-core/build/legacy/index.cjs
 @ ./node_modules/@tanstack/react-query/build/legacy/useIsFetching.cjs
 @ ./node_modules/@tanstack/react-query/build/legacy/index.cjs
 @ ./src/main.jsx[39m[22m

[1m[33mWARNING in ./node_modules/@tanstack/query-core/build/legacy/query.cjs 26:45-49
"export 'default' (imported as '_get') was not found in '@babel/runtime/helpers/get'
 @ ./node_modules/@tanstack/query-core/build/legacy/index.cjs
 @ ./node_modules/@tanstack/react-query/build/legacy/useIsFetching.cjs
 @ ./node_modules/@tanstack/react-query/build/legacy/index.cjs
 @ ./src/main.jsx[39m[22m

[1m[33mWARNING in ./node_modules/@tanstack/query-core/build/legacy/infiniteQueryObserver.cjs 29:45-49
"export 'default' (imported as '_get') was not found in '@babel/runtime/helpers/get'
 @ ./node_modules/@tanstack/query-core/build/legacy/index.cjs
 @ ./node_modules/@tanstack/react-query/build/legacy/useIsFetching.cjs
 @ ./node_modules/@tanstack/react-query/build/legacy/index.cjs
 @ ./src/main.jsx[39m[22m

[1m[33mWARNING in ./node_modules/@mui/styled-engine/StyledEngineProvider/StyledEngineProvider.js 14:45-49
"export 'default' (imported as '_get') was not found in '@babel/runtime/helpers/get'
 @ ./node_modules/@mui/styled-engine/StyledEngineProvider/index.js
 @ ./node_modules/@mui/styled-engine/index.js
 @ ./node_modules/@mui/system/cssVars/createCssVarsProvider.js
 @ ./node_modules/@mui/system/index.js
 @ ./node_modules/@mui/material/GlobalStyles/GlobalStyles.js
 @ ./node_modules/@mui/material/GlobalStyles/index.js
 @ ./node_modules/@mui/material/index.js
 @ ./src/pages/SearchPage.jsx
 @ ./src/App.jsx
 @ ./src/main.jsx[39m[22m

[1m[33mWARNING in ./node_modules/@mui/material/ToggleButton/ToggleButton.js 154:19-43
"export 'default' (imported as '_objectWithoutProperties') was not found in '@babel/runtime/helpers/objectWithoutProperties'
 @ ./node_modules/@mui/material/ToggleButton/index.js
 @ ./node_modules/@mui/material/index.js
 @ ./src/pages/SearchPage.jsx
 @ ./src/App.jsx
 @ ./src/main.jsx[39m[22m

[1m[33mWARNING in ./node_modules/@mui/material/ToggleButton/ToggleButton.js 179:12-36
"export 'default' (imported as '_objectWithoutProperties') was not found in '@babel/runtime/helpers/objectWithoutProperties'
 @ ./node_modules/@mui/material/ToggleButton/index.js
 @ ./node_modules/@mui/material/index.js
 @ ./src/pages/SearchPage.jsx
 @ ./src/App.jsx
 @ ./src/main.jsx[39m[22m

[1m[33mWARNING in ./node_modules/@mui/material/Toolbar/Toolbar.js 98:12-36
"export 'default' (imported as '_objectWithoutProperties') was not found in '@babel/runtime/helpers/objectWithoutProperties'
 @ ./node_modules/@mui/material/Toolbar/index.js
 @ ./node_modules/@mui/material/index.js
 @ ./src/pages/SearchPage.jsx
 @ ./src/App.jsx
 @ ./src/main.jsx[39m[22m

[1m[33mWARNING in ./node_modules/@mui/material/ToggleButtonGroup/ToggleButtonGroup.js 143:12-36
"export 'default' (imported as '_objectWithoutProperties') was not found in '@babel/runtime/helpers/objectWithoutProperties'
 @ ./node_modules/@mui/material/ToggleButtonGroup/index.js
 @ ./node_modules/@mui/material/index.js
 @ ./src/pages/SearchPage.jsx
 @ ./src/App.jsx
 @ ./src/main.jsx[39m[22m

[1m[33mWARNING in ./node_modules/@mui/material/Tooltip/Tooltip.js 407:12-36
"export 'default' (imported as '_objectWithoutProperties') was not found in '@babel/runtime/helpers/objectWithoutProperties'
 @ ./node_modules/@mui/material/Tooltip/index.js
 @ ./node_modules/@mui/material/index.js
 @ ./src/pages/SearchPage.jsx
 @ ./src/App.jsx
 @ ./src/main.jsx[39m[22m

[1m[33mWARNING in ./node_modules/@mui/material/usePagination/usePagination.js 54:12-36
"export 'default' (imported as '_objectWithoutProperties') was not found in '@babel/runtime/helpers/objectWithoutProperties'
 @ ./node_modules/@mui/material/usePagination/index.js
 @ ./node_modules/@mui/material/index.js
 @ ./src/pages/SearchPage.jsx
 @ ./src/App.jsx
 @ ./src/main.jsx[39m[22m

[1m[33mWARNING in ./node_modules/@mui/material/useScrollTrigger/useScrollTrigger.js 48:12-36
"export 'default' (imported as '_objectWithoutProperties') was not found in '@babel/runtime/helpers/objectWithoutProperties'
 @ ./node_modules/@mui/material/useScrollTrigger/index.js
 @ ./node_modules/@mui/material/index.js
 @ ./src/pages/SearchPage.jsx
 @ ./src/App.jsx
 @ ./src/main.jsx[39m[22m

[1m[33mWARNING in ./node_modules/@mui/material/Typography/Typography.js 195:17-41
"export 'default' (imported as '_objectWithoutProperties') was not found in '@babel/runtime/helpers/objectWithoutProperties'
 @ ./node_modules/@mui/material/Typography/index.js
 @ ./node_modules/@mui/material/index.js
 @ ./src/pages/SearchPage.jsx
 @ ./src/App.jsx
 @ ./src/main.jsx[39m[22m

[1m[33mWARNING in ./node_modules/@mui/material/Typography/Typography.js 215:12-36
"export 'default' (imported as '_objectWithoutProperties') was not found in '@babel/runtime/helpers/objectWithoutProperties'
 @ ./node_modules/@mui/material/Typography/index.js
 @ ./node_modules/@mui/material/index.js
 @ ./src/pages/SearchPage.jsx
 @ ./src/App.jsx
 @ ./src/main.jsx[39m[22m

[1m[33mWARNING in ./node_modules/@mui/material/Zoom/Zoom.js 69:12-36
"export 'default' (imported as '_objectWithoutProperties') was not found in '@babel/runtime/helpers/objectWithoutProperties'
 @ ./node_modules/@mui/material/Zoom/index.js
 @ ./node_modules/@mui/material/index.js
 @ ./src/pages/SearchPage.jsx
 @ ./src/App.jsx
 @ ./src/main.jsx[39m[22m

[1m[33mWARNING in ./node_modules/@mui/material/Zoom/Zoom.js 148:25-49
"export 'default' (imported as '_objectWithoutProperties') was not found in '@babel/runtime/helpers/objectWithoutProperties'
 @ ./node_modules/@mui/material/Zoom/index.js
 @ ./node_modules/@mui/material/index.js
 @ ./src/pages/SearchPage.jsx
 @ ./src/App.jsx
 @ ./src/main.jsx[39m[22m

[1m[33mWARNING in ./node_modules/@mui/material/TableRow/TableRow.js 90:12-36
"export 'default' (imported as '_objectWithoutProperties') was not found in '@babel/runtime/helpers/objectWithoutProperties'
 @ ./node_modules/@mui/material/TableRow/index.js
 @ ./node_modules/@mui/material/index.js
 @ ./src/pages/SearchPage.jsx
 @ ./src/App.jsx
 @ ./src/main.jsx[39m[22m

[1m[33mWARNING in ./node_modules/@mui/material/TableContainer/TableContainer.js 53:12-36
"export 'default' (imported as '_objectWithoutProperties') was not found in '@babel/runtime/helpers/objectWithoutProperties'
 @ ./node_modules/@mui/material/TableContainer/index.js
 @ ./node_modules/@mui/material/index.js
 @ ./src/pages/SearchPage.jsx
 @ ./src/App.jsx
 @ ./src/main.jsx[39m[22m

[1m[33mWARNING in ./node_modules/@mui/material/TableCell/TableCell.js 187:12-36
"export 'default' (imported as '_objectWithoutProperties') was not found in '@babel/runtime/helpers/objectWithoutProperties'
 @ ./node_modules/@mui/material/TableCell/index.js
 @ ./node_modules/@mui/material/index.js
 @ ./src/pages/SearchPage.jsx
 @ ./src/App.jsx
 @ ./src/main.jsx[39m[22m

[1m[33mWARNING in ./node_modules/@mui/material/SwipeableDrawer/SwipeableDrawer.js 172:21-45
"export 'default' (imported as '_objectWithoutProperties') was not found in '@babel/runtime/helpers/objectWithoutProperties'
 @ ./node_modules/@mui/material/SwipeableDrawer/index.js
 @ ./node_modules/@mui/material/index.js
 @ ./src/pages/SearchPage.jsx
 @ ./src/App.jsx
 @ ./src/main.jsx[39m[22m

[1m[33mWARNING in ./node_modules/@mui/material/SwipeableDrawer/SwipeableDrawer.js 190:12-36
"export 'default' (imported as '_objectWithoutProperties') was not found in '@babel/runtime/helpers/objectWithoutProperties'
 @ ./node_modules/@mui/material/SwipeableDrawer/index.js
 @ ./node_modules/@mui/material/index.js
 @ ./src/pages/SearchPage.jsx
 @ ./src/App.jsx
 @ ./src/main.jsx[39m[22m

[1m[33mWARNING in ./node_modules/@mui/material/Tab/Tab.js 235:12-36
"export 'default' (imported as '_objectWithoutProperties') was not found in '@babel/runtime/helpers/objectWithoutProperties'
 @ ./node_modules/@mui/material/Tab/index.js
 @ ./node_modules/@mui/material/index.js
 @ ./src/pages/SearchPage.jsx
 @ ./src/App.jsx
 @ ./src/main.jsx[39m[22m

[1m[33mWARNING in ./node_modules/@mui/material/Table/Table.js 92:12-36
"export 'default' (imported as '_objectWithoutProperties') was not found in '@babel/runtime/helpers/objectWithoutProperties'
 @ ./node_modules/@mui/material/Table/index.js
 @ ./node_modules/@mui/material/index.js
 @ ./src/pages/SearchPage.jsx
 @ ./src/App.jsx
 @ ./src/main.jsx[39m[22m

[1m[33mWARNING in ./node_modules/@mui/material/TableBody/TableBody.js 57:12-36
"export 'default' (imported as '_objectWithoutProperties') was not found in '@babel/runtime/helpers/objectWithoutProperties'
 @ ./node_modules/@mui/material/TableBody/index.js
 @ ./node_modules/@mui/material/index.js
 @ ./src/pages/SearchPage.jsx
 @ ./src/App.jsx
 @ ./src/main.jsx[39m[22m

[1m[33mWARNING in ./node_modules/@mui/material/Switch/Switch.js 242:12-36
"export 'default' (imported as '_objectWithoutProperties') was not found in '@babel/runtime/helpers/objectWithoutProperties'
 @ ./node_modules/@mui/material/Switch/index.js
 @ ./node_modules/@mui/material/index.js
 @ ./src/pages/SearchPage.jsx
 @ ./src/App.jsx
 @ ./src/main.jsx[39m[22m

[1m[33mWARNING in ./node_modules/@mui/material/StepIcon/StepIcon.js 93:12-36
"export 'default' (imported as '_objectWithoutProperties') was not found in '@babel/runtime/helpers/objectWithoutProperties'
 @ ./node_modules/@mui/material/StepIcon/index.js
 @ ./node_modules/@mui/material/index.js
 @ ./src/pages/SearchPage.jsx
 @ ./src/App.jsx
 @ ./src/main.jsx[39m[22m

[1m[33mWARNING in ./node_modules/@mui/material/utils/useSlot.js 55:25-49
"export 'default' (imported as '_objectWithoutProperties') was not found in '@babel/runtime/helpers/objectWithoutProperties'
 @ ./node_modules/@mui/material/Tooltip/Tooltip.js
 @ ./node_modules/@mui/material/Tooltip/index.js
 @ ./node_modules/@mui/material/index.js
 @ ./src/pages/SearchPage.jsx
 @ ./src/App.jsx
 @ ./src/main.jsx[39m[22m

[1m[33mWARNING in ./node_modules/@mui/material/utils/useSlot.js 61:12-36
"export 'default' (imported as '_objectWithoutProperties') was not found in '@babel/runtime/helpers/objectWithoutProperties'
 @ ./node_modules/@mui/material/Tooltip/Tooltip.js
 @ ./node_modules/@mui/material/Tooltip/index.js
 @ ./node_modules/@mui/material/index.js
 @ ./src/pages/SearchPage.jsx
 @ ./src/App.jsx
 @ ./src/main.jsx[39m[22m

[1m[33mWARNING in ./node_modules/@mui/material/utils/useSlot.js 75:18-42
"export 'default' (imported as '_objectWithoutProperties') was not found in '@babel/runtime/helpers/objectWithoutProperties'
 @ ./node_modules/@mui/material/Tooltip/Tooltip.js
 @ ./node_modules/@mui/material/Tooltip/index.js
 @ ./node_modules/@mui/material/index.js
 @ ./src/pages/SearchPage.jsx
 @ ./src/App.jsx
 @ ./src/main.jsx[39m[22m

[1m[33mWARNING in ./node_modules/@mui/material/SpeedDial/SpeedDial.js 180:15-39
"export 'default' (imported as '_objectWithoutProperties') was not found in '@babel/runtime/helpers/objectWithoutProperties'
 @ ./node_modules/@mui/material/SpeedDial/index.js
 @ ./node_modules/@mui/material/index.js
 @ ./src/pages/SearchPage.jsx
 @ ./src/App.jsx
 @ ./src/main.jsx[39m[22m

[1m[33mWARNING in ./node_modules/@mui/material/SpeedDial/SpeedDial.js 205:12-36
"export 'default' (imported as '_objectWithoutProperties') was not found in '@babel/runtime/helpers/objectWithoutProperties'
 @ ./node_modules/@mui/material/SpeedDial/index.js
 @ ./node_modules/@mui/material/index.js
 @ ./src/pages/SearchPage.jsx
 @ ./src/App.jsx
 @ ./src/main.jsx[39m[22m

[1m[33mWARNING in ./node_modules/@mui/material/SpeedDial/SpeedDial.js 392:22-46
"export 'default' (imported as '_objectWithoutProperties') was not found in '@babel/runtime/helpers/objectWithoutProperties'
 @ ./node_modules/@mui/material/SpeedDial/index.js
 @ ./node_modules/@mui/material/index.js
 @ ./src/pages/SearchPage.jsx
 @ ./src/App.jsx
 @ ./src/main.jsx[39m[22m

[1m[33mWARNING in ./node_modules/@mui/material/Snackbar/Snackbar.js 180:26-50
"export 'default' (imported as '_objectWithoutProperties') was not found in '@babel/runtime/helpers/objectWithoutProperties'
 @ ./node_modules/@mui/material/Snackbar/index.js
 @ ./node_modules/@mui/material/index.js
 @ ./src/pages/SearchPage.jsx
 @ ./src/App.jsx
 @ ./src/main.jsx[39m[22m

[1m[33mWARNING in ./node_modules/@mui/material/Snackbar/Snackbar.js 181:12-36
"export 'default' (imported as '_objectWithoutProperties') was not found in '@babel/runtime/helpers/objectWithoutProperties'
 @ ./node_modules/@mui/material/Snackbar/index.js
 @ ./node_modules/@mui/material/index.js
 @ ./src/pages/SearchPage.jsx
 @ ./src/App.jsx
 @ ./src/main.jsx[39m[22m

[1m[33mWARNING in ./node_modules/@mui/material/Snackbar/Snackbar.js 263:29-53
"export 'default' (imported as '_objectWithoutProperties') was not found in '@babel/runtime/helpers/objectWithoutProperties'
 @ ./node_modules/@mui/material/Snackbar/index.js
 @ ./node_modules/@mui/material/index.js
 @ ./src/pages/SearchPage.jsx
 @ ./src/App.jsx
 @ ./src/main.jsx[39m[22m

[1m[33mWARNING in ./node_modules/@mui/material/SpeedDialAction/SpeedDialAction.js 185:12-36
"export 'default' (imported as '_objectWithoutProperties') was not found in '@babel/runtime/helpers/objectWithoutProperties'
 @ ./node_modules/@mui/material/SpeedDialAction/index.js
 @ ./node_modules/@mui/material/index.js
 @ ./src/pages/SearchPage.jsx
 @ ./src/App.jsx
 @ ./src/main.jsx[39m[22m

[1m[33mWARNING in ./node_modules/@mui/material/SnackbarContent/SnackbarContent.js 90:12-36
"export 'default' (imported as '_objectWithoutProperties') was not found in '@babel/runtime/helpers/objectWithoutProperties'
 @ ./node_modules/@mui/material/SnackbarContent/index.js
 @ ./node_modules/@mui/material/index.js
 @ ./src/pages/SearchPage.jsx
 @ ./src/App.jsx
 @ ./src/main.jsx[39m[22m

[1m[33mWARNING in ./node_modules/@mui/material/RadioGroup/RadioGroup.js 53:12-36
"export 'default' (imported as '_objectWithoutProperties') was not found in '@babel/runtime/helpers/objectWithoutProperties'
 @ ./node_modules/@mui/material/RadioGroup/index.js
 @ ./node_modules/@mui/material/index.js
 @ ./src/pages/SearchPage.jsx
 @ ./src/App.jsx
 @ ./src/main.jsx[39m[22m

[1m[33mWARNING in ./node_modules/@mui/material/Radio/Radio.js 176:12-36
"export 'default' (imported as '_objectWithoutProperties') was not found in '@babel/runtime/helpers/objectWithoutProperties'
 @ ./node_modules/@mui/material/Radio/index.js
 @ ./node_modules/@mui/material/index.js
 @ ./src/pages/SearchPage.jsx
 @ ./src/App.jsx
 @ ./src/main.jsx[39m[22m

[1m[33mWARNING in ./node_modules/@mui/material/Rating/Rating.js 231:12-36
"export 'default' (imported as '_objectWithoutProperties') was not found in '@babel/runtime/helpers/objectWithoutProperties'
 @ ./node_modules/@mui/material/Rating/index.js
 @ ./node_modules/@mui/material/index.js
 @ ./src/pages/SearchPage.jsx
 @ ./src/App.jsx
 @ ./src/main.jsx[39m[22m

[1m[33mWARNING in ./node_modules/@mui/material/Rating/Rating.js 420:12-36
"export 'default' (imported as '_objectWithoutProperties') was not found in '@babel/runtime/helpers/objectWithoutProperties'
 @ ./node_modules/@mui/material/Rating/index.js
 @ ./node_modules/@mui/material/index.js
 @ ./src/pages/SearchPage.jsx
 @ ./src/App.jsx
 @ ./src/main.jsx[39m[22m

[1m[33mWARNING in ./node_modules/@mui/material/ScopedCssBaseline/ScopedCssBaseline.js 99:12-36
"export 'default' (imported as '_objectWithoutProperties') was not found in '@babel/runtime/helpers/objectWithoutProperties'
 @ ./node_modules/@mui/material/ScopedCssBaseline/index.js
 @ ./node_modules/@mui/material/index.js
 @ ./src/pages/SearchPage.jsx
 @ ./src/App.jsx
 @ ./src/main.jsx[39m[22m

[1m[33mWARNING in ./node_modules/@mui/material/Skeleton/Skeleton.js 190:12-36
"export 'default' (imported as '_objectWithoutProperties') was not found in '@babel/runtime/helpers/objectWithoutProperties'
 @ ./node_modules/@mui/material/Skeleton/index.js
 @ ./node_modules/@mui/material/index.js
 @ ./src/pages/SearchPage.jsx
 @ ./src/App.jsx
 @ ./src/main.jsx[39m[22m

[1m[33mWARNING in ./node_modules/@mui/material/Paper/Paper.js 106:12-36
"export 'default' (imported as '_objectWithoutProperties') was not found in '@babel/runtime/helpers/objectWithoutProperties'
 @ ./node_modules/@mui/material/Paper/index.js
 @ ./node_modules/@mui/material/index.js
 @ ./src/pages/SearchPage.jsx
 @ ./src/App.jsx
 @ ./src/main.jsx[39m[22m

[1m[33mWARNING in ./node_modules/@mui/material/PaginationItem/PaginationItem.js 320:12-36
"export 'default' (imported as '_objectWithoutProperties') was not found in '@babel/runtime/helpers/objectWithoutProperties'
 @ ./node_modules/@mui/material/PaginationItem/index.js
 @ ./node_modules/@mui/material/index.js
 @ ./src/pages/SearchPage.jsx
 @ ./src/App.jsx
 @ ./src/main.jsx[39m[22m

[1m[33mWARNING in ./node_modules/@mui/material/Popover/Popover.js 152:12-36
"export 'default' (imported as '_objectWithoutProperties') was not found in '@babel/runtime/helpers/objectWithoutProperties'
 @ ./node_modules/@mui/material/Popover/index.js
 @ ./node_modules/@mui/material/index.js
 @ ./src/pages/SearchPage.jsx
 @ ./src/App.jsx
 @ ./src/main.jsx[39m[22m

[1m[33mWARNING in ./node_modules/@mui/material/Popover/Popover.js 414:16-40
"export 'default' (imported as '_objectWithoutProperties') was not found in '@babel/runtime/helpers/objectWithoutProperties'
 @ ./node_modules/@mui/material/Popover/index.js
 @ ./node_modules/@mui/material/index.js
 @ ./src/pages/SearchPage.jsx
 @ ./src/App.jsx
 @ ./src/main.jsx[39m[22m

[1m[33mWARNING in ./node_modules/@mui/material/Pagination/Pagination.js 113:12-36
"export 'default' (imported as '_objectWithoutProperties') was not found in '@babel/runtime/helpers/objectWithoutProperties'
 @ ./node_modules/@mui/material/Pagination/index.js
 @ ./node_modules/@mui/material/index.js
 @ ./src/pages/SearchPage.jsx
 @ ./src/App.jsx
 @ ./src/main.jsx[39m[22m

[1m[33mWARNING in ./node_modules/@mui/material/Modal/Modal.js 146:12-36
"export 'default' (imported as '_objectWithoutProperties') was not found in '@babel/runtime/helpers/objectWithoutProperties'
 @ ./node_modules/@mui/material/Modal/index.js
 @ ./node_modules/@mui/material/index.js
 @ ./src/pages/SearchPage.jsx
 @ ./src/App.jsx
 @ ./src/main.jsx[39m[22m

[1m[33mWARNING in ./node_modules/@mui/material/MenuList/MenuList.js 119:12-36
"export 'default' (imported as '_objectWithoutProperties') was not found in '@babel/runtime/helpers/objectWithoutProperties'
 @ ./node_modules/@mui/material/MenuList/index.js
 @ ./node_modules/@mui/material/index.js
 @ ./src/pages/SearchPage.jsx
 @ ./src/App.jsx
 @ ./src/main.jsx[39m[22m

[1m[33mWARNING in ./node_modules/@mui/material/MobileStepper/MobileStepper.js 190:12-36
"export 'default' (imported as '_objectWithoutProperties') was not found in '@babel/runtime/helpers/objectWithoutProperties'
 @ ./node_modules/@mui/material/MobileStepper/index.js
 @ ./node_modules/@mui/material/index.js
 @ ./src/pages/SearchPage.jsx
 @ ./src/App.jsx
 @ ./src/main.jsx[39m[22m

[1m[33mWARNING in ./node_modules/@mui/material/MenuItem/MenuItem.js 188:12-36
"export 'default' (imported as '_objectWithoutProperties') was not found in '@babel/runtime/helpers/objectWithoutProperties'
 @ ./node_modules/@mui/material/MenuItem/index.js
 @ ./node_modules/@mui/material/index.js
 @ ./src/pages/SearchPage.jsx
 @ ./src/App.jsx
 @ ./src/main.jsx[39m[22m

[1m[33mWARNING in ./node_modules/@mui/material/Menu/Menu.js 110:22-46
"export 'default' (imported as '_objectWithoutProperties') was not found in '@babel/runtime/helpers/objectWithoutProperties'
 @ ./node_modules/@mui/material/Menu/index.js
 @ ./node_modules/@mui/material/index.js
 @ ./src/pages/SearchPage.jsx
 @ ./src/App.jsx
 @ ./src/main.jsx[39m[22m

[1m[33mWARNING in ./node_modules/@mui/material/Menu/Menu.js 117:12-36
"export 'default' (imported as '_objectWithoutProperties') was not found in '@babel/runtime/helpers/objectWithoutProperties'
 @ ./node_modules/@mui/material/Menu/index.js
 @ ./node_modules/@mui/material/index.js
 @ ./src/pages/SearchPage.jsx
 @ ./src/App.jsx
 @ ./src/main.jsx[39m[22m

[1m[33mWARNING in ./node_modules/@mui/material/NativeSelect/NativeSelect.js 62:12-36
"export 'default' (imported as '_objectWithoutProperties') was not found in '@babel/runtime/helpers/objectWithoutProperties'
 @ ./node_modules/@mui/material/NativeSelect/index.js
 @ ./node_modules/@mui/material/index.js
 @ ./src/pages/SearchPage.jsx
 @ ./src/App.jsx
 @ ./src/main.jsx[39m[22m

[1m[33mWARNING in ./node_modules/@mui/material/NativeSelect/NativeSelect.js 74:19-43
"export 'default' (imported as '_objectWithoutProperties') was not found in '@babel/runtime/helpers/objectWithoutProperties'
 @ ./node_modules/@mui/material/NativeSelect/index.js
 @ ./node_modules/@mui/material/index.js
 @ ./src/pages/SearchPage.jsx
 @ ./src/App.jsx
 @ ./src/main.jsx[39m[22m

[1m[33mWARNING in ./node_modules/@mui/material/OutlinedInput/OutlinedInput.js 242:12-36
"export 'default' (imported as '_objectWithoutProperties') was not found in '@babel/runtime/helpers/objectWithoutProperties'
 @ ./node_modules/@mui/material/OutlinedInput/index.js
 @ ./node_modules/@mui/material/index.js
 @ ./src/pages/SearchPage.jsx
 @ ./src/App.jsx
 @ ./src/main.jsx[39m[22m

[1m[33mWARNING in ./node_modules/@mui/material/SwipeableDrawer/SwipeArea.js 90:12-36
"export 'default' (imported as '_objectWithoutProperties') was not found in '@babel/runtime/helpers/objectWithoutProperties'
 @ ./node_modules/@mui/material/SwipeableDrawer/SwipeableDrawer.js
 @ ./node_modules/@mui/material/SwipeableDrawer/index.js
 @ ./node_modules/@mui/material/index.js
 @ ./src/pages/SearchPage.jsx
 @ ./src/App.jsx
 @ ./src/main.jsx[39m[22m

[1m[33mWARNING in ./node_modules/@mui/material/internal/SwitchBase.js 139:12-36
"export 'default' (imported as '_objectWithoutProperties') was not found in '@babel/runtime/helpers/objectWithoutProperties'
 @ ./node_modules/@mui/material/Switch/Switch.js
 @ ./node_modules/@mui/material/Switch/index.js
 @ ./node_modules/@mui/material/index.js
 @ ./src/pages/SearchPage.jsx
 @ ./src/App.jsx
 @ ./src/main.jsx[39m[22m

[1m[33mWARNING in ./node_modules/@mui/material/InputBase/InputBase.js 322:12-36
"export 'default' (imported as '_objectWithoutProperties') was not found in '@babel/runtime/helpers/objectWithoutProperties'
 @ ./node_modules/@mui/material/OutlinedInput/OutlinedInput.js
 @ ./node_modules/@mui/material/OutlinedInput/index.js
 @ ./node_modules/@mui/material/index.js
 @ ./src/pages/SearchPage.jsx
 @ ./src/App.jsx
 @ ./src/main.jsx[39m[22m

[1m[33mWARNING in ./node_modules/@mui/material/Drawer/Drawer.js 229:17-41
"export 'default' (imported as '_objectWithoutProperties') was not found in '@babel/runtime/helpers/objectWithoutProperties'
 @ ./node_modules/@mui/material/SwipeableDrawer/SwipeArea.js
 @ ./node_modules/@mui/material/SwipeableDrawer/SwipeableDrawer.js
 @ ./node_modules/@mui/material/SwipeableDrawer/index.js
 @ ./node_modules/@mui/material/index.js
 @ ./src/pages/SearchPage.jsx
 @ ./src/App.jsx
 @ ./src/main.jsx[39m[22m

[1m[33mWARNING in ./node_modules/@mui/material/Drawer/Drawer.js 245:12-36
"export 'default' (imported as '_objectWithoutProperties') was not found in '@babel/runtime/helpers/objectWithoutProperties'
 @ ./node_modules/@mui/material/SwipeableDrawer/SwipeArea.js
 @ ./node_modules/@mui/material/SwipeableDrawer/SwipeableDrawer.js
 @ ./node_modules/@mui/material/SwipeableDrawer/index.js
 @ ./node_modules/@mui/material/index.js
 @ ./src/pages/SearchPage.jsx
 @ ./src/App.jsx
 @ ./src/main.jsx[39m[22m

[1m[33mWARNING in ./node_modules/@mui/material/OutlinedInput/NotchedOutline.js 132:12-36
"export 'default' (imported as '_objectWithoutProperties') was not found in '@babel/runtime/helpers/objectWithoutProperties'
 @ ./node_modules/@mui/material/OutlinedInput/OutlinedInput.js
 @ ./node_modules/@mui/material/OutlinedInput/index.js
 @ ./node_modules/@mui/material/index.js
 @ ./src/pages/SearchPage.jsx
 @ ./src/App.jsx
 @ ./src/main.jsx[39m[22m

[1m[33mWARNING in ./node_modules/@mui/system/Container/createContainer.js 140:14-38
"export 'default' (imported as '_objectWithoutProperties') was not found in '@babel/runtime/helpers/objectWithoutProperties'
 @ ./node_modules/@mui/system/index.js
 @ ./node_modules/@mui/material/GlobalStyles/GlobalStyles.js
 @ ./node_modules/@mui/material/GlobalStyles/index.js
 @ ./node_modules/@mui/material/index.js
 @ ./src/pages/SearchPage.jsx
 @ ./src/App.jsx
 @ ./src/main.jsx[39m[22m

[1m[33mWARNING in ./node_modules/@mui/system/cssVars/createCssVarsTheme.js 24:12-36
"export 'default' (imported as '_objectWithoutProperties') was not found in '@babel/runtime/helpers/objectWithoutProperties'
 @ ./node_modules/@mui/system/index.js
 @ ./node_modules/@mui/material/GlobalStyles/GlobalStyles.js
 @ ./node_modules/@mui/material/GlobalStyles/index.js
 @ ./node_modules/@mui/material/index.js
 @ ./src/pages/SearchPage.jsx
 @ ./src/App.jsx
 @ ./src/main.jsx[39m[22m

[1m[33mWARNING in ./node_modules/@mui/system/cssVars/prepareCssVars.js 44:17-41
"export 'default' (imported as '_objectWithoutProperties') was not found in '@babel/runtime/helpers/objectWithoutProperties'
 @ ./node_modules/@mui/system/index.js
 @ ./node_modules/@mui/material/GlobalStyles/GlobalStyles.js
 @ ./node_modules/@mui/material/GlobalStyles/index.js
 @ ./node_modules/@mui/material/index.js
 @ ./src/pages/SearchPage.jsx
 @ ./src/App.jsx
 @ ./src/main.jsx[39m[22m

[1m[33mWARNING in ./node_modules/@mui/system/cssVars/prepareCssVars.js 52:24-48
"export 'default' (imported as '_objectWithoutProperties') was not found in '@babel/runtime/helpers/objectWithoutProperties'
 @ ./node_modules/@mui/system/index.js
 @ ./node_modules/@mui/material/GlobalStyles/GlobalStyles.js
 @ ./node_modules/@mui/material/GlobalStyles/index.js
 @ ./node_modules/@mui/material/index.js
 @ ./src/pages/SearchPage.jsx
 @ ./src/App.jsx
 @ ./src/main.jsx[39m[22m

[1m[33mWARNING in ./node_modules/@mui/system/cssVars/prepareCssVars.js 137:14-38
"export 'default' (imported as '_objectWithoutProperties') was not found in '@babel/runtime/helpers/objectWithoutProperties'
 @ ./node_modules/@mui/system/index.js
 @ ./node_modules/@mui/material/GlobalStyles/GlobalStyles.js
 @ ./node_modules/@mui/material/GlobalStyles/index.js
 @ ./node_modules/@mui/material/index.js
 @ ./src/pages/SearchPage.jsx
 @ ./src/App.jsx
 @ ./src/main.jsx[39m[22m

[1m[33mWARNING in ./node_modules/@mui/system/createBreakpoints/createBreakpoints.js 72:12-36
"export 'default' (imported as '_objectWithoutProperties') was not found in '@babel/runtime/helpers/objectWithoutProperties'
 @ ./node_modules/@mui/system/index.js
 @ ./node_modules/@mui/material/GlobalStyles/GlobalStyles.js
 @ ./node_modules/@mui/material/GlobalStyles/index.js
 @ ./node_modules/@mui/material/index.js
 @ ./src/pages/SearchPage.jsx
 @ ./src/App.jsx
 @ ./src/main.jsx[39m[22m

[1m[33mWARNING in ./node_modules/@mui/system/RtlProvider/index.js 28:12-36
"export 'default' (imported as '_objectWithoutProperties') was not found in '@babel/runtime/helpers/objectWithoutProperties'
 @ ./node_modules/@mui/material/Menu/Menu.js
 @ ./node_modules/@mui/material/Menu/index.js
 @ ./node_modules/@mui/material/index.js
 @ ./src/pages/SearchPage.jsx
 @ ./src/App.jsx
 @ ./src/main.jsx[39m[22m

[1m[33mWARNING in ./node_modules/@mui/material/Grow/Grow.js 78:12-36
"export 'default' (imported as '_objectWithoutProperties') was not found in '@babel/runtime/helpers/objectWithoutProperties'
 @ ./node_modules/@mui/material/Grow/index.js
 @ ./node_modules/@mui/material/Snackbar/Snackbar.js
 @ ./node_modules/@mui/material/Snackbar/index.js
 @ ./node_modules/@mui/material/index.js
 @ ./src/pages/SearchPage.jsx
 @ ./src/App.jsx
 @ ./src/main.jsx[39m[22m

[1m[33mWARNING in ./node_modules/@mui/material/Grow/Grow.js 197:25-49
"export 'default' (imported as '_objectWithoutProperties') was not found in '@babel/runtime/helpers/objectWithoutProperties'
 @ ./node_modules/@mui/material/Grow/index.js
 @ ./node_modules/@mui/material/Snackbar/Snackbar.js
 @ ./node_modules/@mui/material/Snackbar/index.js
 @ ./node_modules/@mui/material/index.js
 @ ./src/pages/SearchPage.jsx
 @ ./src/App.jsx
 @ ./src/main.jsx[39m[22m

[1m[33mWARNING in ./node_modules/@mui/system/Stack/createStack.js 190:14-38
"export 'default' (imported as '_objectWithoutProperties') was not found in '@babel/runtime/helpers/objectWithoutProperties'
 @ ./node_modules/@mui/system/Stack/Stack.js
 @ ./node_modules/@mui/system/index.js
 @ ./node_modules/@mui/material/GlobalStyles/GlobalStyles.js
 @ ./node_modules/@mui/material/GlobalStyles/index.js
 @ ./node_modules/@mui/material/index.js
 @ ./src/pages/SearchPage.jsx
 @ ./src/App.jsx
 @ ./src/main.jsx[39m[22m

[1m[33mWARNING in ./node_modules/@mui/system/preprocessStyles.js 16:12-36
"export 'default' (imported as '_objectWithoutProperties') was not found in '@babel/runtime/helpers/objectWithoutProperties'
 @ ./node_modules/@mui/system/memoTheme.js
 @ ./node_modules/@mui/system/index.js
 @ ./node_modules/@mui/material/GlobalStyles/GlobalStyles.js
 @ ./node_modules/@mui/material/GlobalStyles/index.js
 @ ./node_modules/@mui/material/index.js
 @ ./src/pages/SearchPage.jsx
 @ ./src/App.jsx
 @ ./src/main.jsx[39m[22m

[1m[33mWARNING in ./node_modules/@mui/material/Fab/Fab.js 212:12-36
"export 'default' (imported as '_objectWithoutProperties') was not found in '@babel/runtime/helpers/objectWithoutProperties'
 @ ./node_modules/@mui/material/Fab/index.js
 @ ./node_modules/@mui/material/SpeedDialAction/SpeedDialAction.js
 @ ./node_modules/@mui/material/SpeedDialAction/index.js
 @ ./node_modules/@mui/material/index.js
 @ ./src/pages/SearchPage.jsx
 @ ./src/App.jsx
 @ ./src/main.jsx[39m[22m

[1m[33mWARNING in ./node_modules/@mui/system/Grid/createGrid.js 150:14-38
"export 'default' (imported as '_objectWithoutProperties') was not found in '@babel/runtime/helpers/objectWithoutProperties'
 @ ./node_modules/@mui/system/Grid/Grid.js
 @ ./node_modules/@mui/system/index.js
 @ ./node_modules/@mui/material/GlobalStyles/GlobalStyles.js
 @ ./node_modules/@mui/material/GlobalStyles/index.js
 @ ./node_modules/@mui/material/index.js
 @ ./src/pages/SearchPage.jsx
 @ ./src/App.jsx
 @ ./src/main.jsx[39m[22m

[1m[33mWARNING in ./node_modules/@mui/material/styles/createTypography.js 51:12-36
"export 'default' (imported as '_objectWithoutProperties') was not found in '@babel/runtime/helpers/objectWithoutProperties'
 @ ./node_modules/@mui/material/styles/index.js
 @ ./node_modules/@mui/material/Skeleton/Skeleton.js
 @ ./node_modules/@mui/material/Skeleton/index.js
 @ ./node_modules/@mui/material/index.js
 @ ./src/pages/SearchPage.jsx
 @ ./src/App.jsx
 @ ./src/main.jsx[39m[22m

[1m[33mWARNING in ./node_modules/@mui/material/styles/createThemeWithVars.js 116:15-39
"export 'default' (imported as '_objectWithoutProperties') was not found in '@babel/runtime/helpers/objectWithoutProperties'
 @ ./node_modules/@mui/material/styles/index.js
 @ ./node_modules/@mui/material/Skeleton/Skeleton.js
 @ ./node_modules/@mui/material/Skeleton/index.js
 @ ./node_modules/@mui/material/index.js
 @ ./src/pages/SearchPage.jsx
 @ ./src/App.jsx
 @ ./src/main.jsx[39m[22m

[1m[33mWARNING in ./node_modules/@mui/material/styles/createThemeWithVars.js 151:12-36
"export 'default' (imported as '_objectWithoutProperties') was not found in '@babel/runtime/helpers/objectWithoutProperties'
 @ ./node_modules/@mui/material/styles/index.js
 @ ./node_modules/@mui/material/Skeleton/Skeleton.js
 @ ./node_modules/@mui/material/Skeleton/index.js
 @ ./node_modules/@mui/material/index.js
 @ ./src/pages/SearchPage.jsx
 @ ./src/App.jsx
 @ ./src/main.jsx[39m[22m

[1m[33mWARNING in ./node_modules/@mui/material/styles/createThemeWithVars.js 158:25-49
"export 'default' (imported as '_objectWithoutProperties') was not found in '@babel/runtime/helpers/objectWithoutProperties'
 @ ./node_modules/@mui/material/styles/index.js
 @ ./node_modules/@mui/material/Skeleton/Skeleton.js
 @ ./node_modules/@mui/material/Skeleton/index.js
 @ ./node_modules/@mui/material/index.js
 @ ./src/pages/SearchPage.jsx
 @ ./src/App.jsx
 @ ./src/main.jsx[39m[22m

[1m[33mWARNING in ./node_modules/@mui/material/Backdrop/Backdrop.js 92:12-36
"export 'default' (imported as '_objectWithoutProperties') was not found in '@babel/runtime/helpers/objectWithoutProperties'
 @ ./node_modules/@mui/material/Backdrop/index.js
 @ ./node_modules/@mui/material/Modal/Modal.js
 @ ./node_modules/@mui/material/Modal/index.js
 @ ./node_modules/@mui/material/index.js
 @ ./src/pages/SearchPage.jsx
 @ ./src/App.jsx
 @ ./src/main.jsx[39m[22m

[1m[33mWARNING in ./node_modules/@mui/material/ListItemIcon/ListItemIcon.js 77:12-36
"export 'default' (imported as '_objectWithoutProperties') was not found in '@babel/runtime/helpers/objectWithoutProperties'
 @ ./node_modules/@mui/material/ListItemIcon/index.js
 @ ./node_modules/@mui/material/MenuItem/MenuItem.js
 @ ./node_modules/@mui/material/MenuItem/index.js
 @ ./node_modules/@mui/material/index.js
 @ ./src/pages/SearchPage.jsx
 @ ./src/App.jsx
 @ ./src/main.jsx[39m[22m

[1m[33mWARNING in ./node_modules/@mui/material/Input/Input.js 180:12-36
"export 'default' (imported as '_objectWithoutProperties') was not found in '@babel/runtime/helpers/objectWithoutProperties'
 @ ./node_modules/@mui/material/Input/index.js
 @ ./node_modules/@mui/material/NativeSelect/NativeSelect.js
 @ ./node_modules/@mui/material/NativeSelect/index.js
 @ ./node_modules/@mui/material/index.js
 @ ./src/pages/SearchPage.jsx
 @ ./src/App.jsx
 @ ./src/main.jsx[39m[22m

[1m[33mWARNING in ./node_modules/@mui/material/ButtonBase/ButtonBase.js 143:12-36
"export 'default' (imported as '_objectWithoutProperties') was not found in '@babel/runtime/helpers/objectWithoutProperties'
 @ ./node_modules/@mui/material/ButtonBase/index.js
 @ ./node_modules/@mui/material/MenuItem/MenuItem.js
 @ ./node_modules/@mui/material/MenuItem/index.js
 @ ./node_modules/@mui/material/index.js
 @ ./src/pages/SearchPage.jsx
 @ ./src/App.jsx
 @ ./src/main.jsx[39m[22m

[1m[33mWARNING in ./node_modules/@mui/material/LinearProgress/LinearProgress.js 380:12-36
"export 'default' (imported as '_objectWithoutProperties') was not found in '@babel/runtime/helpers/objectWithoutProperties'
 @ ./node_modules/@mui/material/LinearProgress/index.js
 @ ./node_modules/@mui/material/MobileStepper/MobileStepper.js
 @ ./node_modules/@mui/material/MobileStepper/index.js
 @ ./node_modules/@mui/material/index.js
 @ ./src/pages/SearchPage.jsx
 @ ./src/App.jsx
 @ ./src/main.jsx[39m[22m

[1m[33mWARNING in ./node_modules/@mui/utils/useSlotProps/useSlotProps.js 38:12-36
"export 'default' (imported as '_objectWithoutProperties') was not found in '@babel/runtime/helpers/objectWithoutProperties'
 @ ./node_modules/@mui/utils/useSlotProps/index.js
 @ ./node_modules/@mui/material/Menu/Menu.js
 @ ./node_modules/@mui/material/Menu/index.js
 @ ./node_modules/@mui/material/index.js
 @ ./src/pages/SearchPage.jsx
 @ ./src/App.jsx
 @ ./src/main.jsx[39m[22m

[1m[33mWARNING in ./node_modules/@mui/material/Divider/Divider.js 252:12-36
"export 'default' (imported as '_objectWithoutProperties') was not found in '@babel/runtime/helpers/objectWithoutProperties'
 @ ./node_modules/@mui/material/Divider/index.js
 @ ./node_modules/@mui/material/MenuItem/MenuItem.js
 @ ./node_modules/@mui/material/MenuItem/index.js
 @ ./node_modules/@mui/material/index.js
 @ ./src/pages/SearchPage.jsx
 @ ./src/App.jsx
 @ ./src/main.jsx[39m[22m

[1m[33mWARNING in ./node_modules/@mui/material/ListItemText/ListItemText.js 107:12-36
"export 'default' (imported as '_objectWithoutProperties') was not found in '@babel/runtime/helpers/objectWithoutProperties'
 @ ./node_modules/@mui/material/ListItemText/index.js
 @ ./node_modules/@mui/material/MenuItem/MenuItem.js
 @ ./node_modules/@mui/material/MenuItem/index.js
 @ ./node_modules/@mui/material/index.js
 @ ./src/pages/SearchPage.jsx
 @ ./src/App.jsx
 @ ./src/main.jsx[39m[22m

[1m[33mWARNING in ./node_modules/@mui/material/styles/ThemeProvider.js 29:12-36
"export 'default' (imported as '_objectWithoutProperties') was not found in '@babel/runtime/helpers/objectWithoutProperties'
 @ ./node_modules/@mui/material/styles/index.js
 @ ./node_modules/@mui/material/Skeleton/Skeleton.js
 @ ./node_modules/@mui/material/Skeleton/index.js
 @ ./node_modules/@mui/material/index.js
 @ ./src/pages/SearchPage.jsx
 @ ./src/App.jsx
 @ ./src/main.jsx[39m[22m

[1m[33mWARNING in ./node_modules/@mui/material/styles/createColorScheme.js 53:11-35
"export 'default' (imported as '_objectWithoutProperties') was not found in '@babel/runtime/helpers/objectWithoutProperties'
 @ ./node_modules/@mui/material/styles/index.js
 @ ./node_modules/@mui/material/Skeleton/Skeleton.js
 @ ./node_modules/@mui/material/Skeleton/index.js
 @ ./node_modules/@mui/material/index.js
 @ ./src/pages/SearchPage.jsx
 @ ./src/App.jsx
 @ ./src/main.jsx[39m[22m

[1m[33mWARNING in ./node_modules/@mui/material/styles/createTransitions.js 77:14-38
"export 'default' (imported as '_objectWithoutProperties') was not found in '@babel/runtime/helpers/objectWithoutProperties'
 @ ./node_modules/@mui/material/styles/index.js
 @ ./node_modules/@mui/material/Skeleton/Skeleton.js
 @ ./node_modules/@mui/material/Skeleton/index.js
 @ ./node_modules/@mui/material/index.js
 @ ./src/pages/SearchPage.jsx
 @ ./src/App.jsx
 @ ./src/main.jsx[39m[22m

[1m[33mWARNING in ./node_modules/@mui/material/styles/createTheme.js 54:11-35
"export 'default' (imported as '_objectWithoutProperties') was not found in '@babel/runtime/helpers/objectWithoutProperties'
 @ ./node_modules/@mui/material/styles/index.js
 @ ./node_modules/@mui/material/Skeleton/Skeleton.js
 @ ./node_modules/@mui/material/Skeleton/index.js
 @ ./node_modules/@mui/material/index.js
 @ ./src/pages/SearchPage.jsx
 @ ./src/App.jsx
 @ ./src/main.jsx[39m[22m

[1m[33mWARNING in ./node_modules/@mui/material/styles/adaptV4Theme.js 38:12-36
"export 'default' (imported as '_objectWithoutProperties') was not found in '@babel/runtime/helpers/objectWithoutProperties'
 @ ./node_modules/@mui/material/styles/index.js
 @ ./node_modules/@mui/material/Skeleton/Skeleton.js
 @ ./node_modules/@mui/material/Skeleton/index.js
 @ ./node_modules/@mui/material/index.js
 @ ./src/pages/SearchPage.jsx
 @ ./src/App.jsx
 @ ./src/main.jsx[39m[22m

[1m[33mWARNING in ./node_modules/@mui/material/styles/adaptV4Theme.js 93:18-42
"export 'default' (imported as '_objectWithoutProperties') was not found in '@babel/runtime/helpers/objectWithoutProperties'
 @ ./node_modules/@mui/material/styles/index.js
 @ ./node_modules/@mui/material/Skeleton/Skeleton.js
 @ ./node_modules/@mui/material/Skeleton/index.js
 @ ./node_modules/@mui/material/index.js
 @ ./src/pages/SearchPage.jsx
 @ ./src/App.jsx
 @ ./src/main.jsx[39m[22m

[1m[33mWARNING in ./node_modules/@mui/material/styles/createThemeNoVars.js 50:12-36
"export 'default' (imported as '_objectWithoutProperties') was not found in '@babel/runtime/helpers/objectWithoutProperties'
 @ ./node_modules/@mui/material/styles/createThemeWithVars.js
 @ ./node_modules/@mui/material/styles/index.js
 @ ./node_modules/@mui/material/Skeleton/Skeleton.js
 @ ./node_modules/@mui/material/Skeleton/index.js
 @ ./node_modules/@mui/material/index.js
 @ ./src/pages/SearchPage.jsx
 @ ./src/App.jsx
 @ ./src/main.jsx[39m[22m

[1m[33mWARNING in ./node_modules/@mui/system/createBox/createBox.js 47:14-38
"export 'default' (imported as '_objectWithoutProperties') was not found in '@babel/runtime/helpers/objectWithoutProperties'
 @ ./node_modules/@mui/system/createBox/index.js
 @ ./node_modules/@mui/system/index.js
 @ ./node_modules/@mui/material/GlobalStyles/GlobalStyles.js
 @ ./node_modules/@mui/material/GlobalStyles/index.js
 @ ./node_modules/@mui/material/index.js
 @ ./src/pages/SearchPage.jsx
 @ ./src/App.jsx
 @ ./src/main.jsx[39m[22m

[1m[33mWARNING in ./node_modules/@mui/system/styleFunctionSx/extendSxProp.js 47:12-36
"export 'default' (imported as '_objectWithoutProperties') was not found in '@babel/runtime/helpers/objectWithoutProperties'
 @ ./node_modules/@mui/system/styleFunctionSx/index.js
 @ ./node_modules/@mui/system/index.js
 @ ./node_modules/@mui/material/GlobalStyles/GlobalStyles.js
 @ ./node_modules/@mui/material/GlobalStyles/index.js
 @ ./node_modules/@mui/material/index.js
 @ ./src/pages/SearchPage.jsx
 @ ./src/App.jsx
 @ ./src/main.jsx[39m[22m

[1m[33mWARNING in ./node_modules/@mui/system/createStyled/createStyled.js 91:22-46
"export 'default' (imported as '_objectWithoutProperties') was not found in '@babel/runtime/helpers/objectWithoutProperties'
 @ ./node_modules/@mui/system/createStyled/index.js
 @ ./node_modules/@mui/system/index.js
 @ ./node_modules/@mui/material/GlobalStyles/GlobalStyles.js
 @ ./node_modules/@mui/material/GlobalStyles/index.js
 @ ./node_modules/@mui/material/index.js
 @ ./src/pages/SearchPage.jsx
 @ ./src/App.jsx
 @ ./src/main.jsx[39m[22m

[1m[33mWARNING in ./node_modules/@mui/system/createStyled/createStyled.js 169:16-40
"export 'default' (imported as '_objectWithoutProperties') was not found in '@babel/runtime/helpers/objectWithoutProperties'
 @ ./node_modules/@mui/system/createStyled/index.js
 @ ./node_modules/@mui/system/index.js
 @ ./node_modules/@mui/material/GlobalStyles/GlobalStyles.js
 @ ./node_modules/@mui/material/GlobalStyles/index.js
 @ ./node_modules/@mui/material/index.js
 @ ./src/pages/SearchPage.jsx
 @ ./src/App.jsx
 @ ./src/main.jsx[39m[22m

[1m[33mWARNING in ./node_modules/@mui/material/ButtonBase/TouchRipple.js 100:12-36
"export 'default' (imported as '_objectWithoutProperties') was not found in '@babel/runtime/helpers/objectWithoutProperties'
 @ ./node_modules/@mui/material/ButtonBase/ButtonBase.js
 @ ./node_modules/@mui/material/ButtonBase/index.js
 @ ./node_modules/@mui/material/MenuItem/MenuItem.js
 @ ./node_modules/@mui/material/MenuItem/index.js
 @ ./node_modules/@mui/material/index.js
 @ ./src/pages/SearchPage.jsx
 @ ./src/App.jsx
 @ ./src/main.jsx[39m[22m

[1m[33mWARNING in ./node_modules/@mui/system/createTheme/createTheme.js 38:12-36
"export 'default' (imported as '_objectWithoutProperties') was not found in '@babel/runtime/helpers/objectWithoutProperties'
 @ ./node_modules/@mui/system/createTheme/index.js
 @ ./node_modules/@mui/system/index.js
 @ ./node_modules/@mui/material/GlobalStyles/GlobalStyles.js
 @ ./node_modules/@mui/material/GlobalStyles/index.js
 @ ./node_modules/@mui/material/index.js
 @ ./src/pages/SearchPage.jsx
 @ ./src/App.jsx
 @ ./src/main.jsx[39m[22m

[1m[33mWARNING in ./node_modules/@mui/material/NativeSelect/NativeSelectInput.js 187:12-36
"export 'default' (imported as '_objectWithoutProperties') was not found in '@babel/runtime/helpers/objectWithoutProperties'
 @ ./node_modules/@mui/material/NativeSelect/NativeSelect.js
 @ ./node_modules/@mui/material/NativeSelect/index.js
 @ ./node_modules/@mui/material/index.js
 @ ./src/pages/SearchPage.jsx
 @ ./src/App.jsx
 @ ./src/main.jsx[39m[22m

[1m[33mWARNING in ./node_modules/@mui/material/styles/ThemeProviderNoVars.js 26:12-36
"export 'default' (imported as '_objectWithoutProperties') was not found in '@babel/runtime/helpers/objectWithoutProperties'
 @ ./node_modules/@mui/material/styles/ThemeProvider.js
 @ ./node_modules/@mui/material/styles/index.js
 @ ./node_modules/@mui/material/Skeleton/Skeleton.js
 @ ./node_modules/@mui/material/Skeleton/index.js
 @ ./node_modules/@mui/material/index.js
 @ ./src/pages/SearchPage.jsx
 @ ./src/App.jsx
 @ ./src/main.jsx[39m[22m

[1m[33mWARNING in ./node_modules/@mui/material/styles/createPalette.js 215:12-36
"export 'default' (imported as '_objectWithoutProperties') was not found in '@babel/runtime/helpers/objectWithoutProperties'
 @ ./node_modules/@mui/material/styles/createColorScheme.js
 @ ./node_modules/@mui/material/styles/index.js
 @ ./node_modules/@mui/material/Skeleton/Skeleton.js
 @ ./node_modules/@mui/material/Skeleton/index.js
 @ ./node_modules/@mui/material/index.js
 @ ./src/pages/SearchPage.jsx
 @ ./src/App.jsx
 @ ./src/main.jsx[39m[22m

[1m[33mWARNING in ./node_modules/@mui/material/Popper/Popper.js 68:12-36
"export 'default' (imported as '_objectWithoutProperties') was not found in '@babel/runtime/helpers/objectWithoutProperties'
 @ ./node_modules/@mui/material/Popper/index.js
 @ ./node_modules/@mui/material/index.js
 @ ./src/pages/SearchPage.jsx
 @ ./src/App.jsx
 @ ./src/main.jsx[39m[22m

[1m[33mWARNING in ./node_modules/@mui/material/Select/Select.js 97:12-36
"export 'default' (imported as '_objectWithoutProperties') was not found in '@babel/runtime/helpers/objectWithoutProperties'
 @ ./node_modules/@mui/material/Select/index.js
 @ ./node_modules/@mui/material/index.js
 @ ./src/pages/SearchPage.jsx
 @ ./src/App.jsx
 @ ./src/main.jsx[39m[22m

[1m[33mWARNING in ./node_modules/@mui/material/Select/Select.js 112:20-44
"export 'default' (imported as '_objectWithoutProperties') was not found in '@babel/runtime/helpers/objectWithoutProperties'
 @ ./node_modules/@mui/material/Select/index.js
 @ ./node_modules/@mui/material/index.js
 @ ./src/pages/SearchPage.jsx
 @ ./src/App.jsx
 @ ./src/main.jsx[39m[22m

[1m[33mWARNING in ./node_modules/@mui/material/Slider/Slider.js 682:12-36
"export 'default' (imported as '_objectWithoutProperties') was not found in '@babel/runtime/helpers/objectWithoutProperties'
 @ ./node_modules/@mui/material/Slider/index.js
 @ ./node_modules/@mui/material/index.js
 @ ./src/pages/SearchPage.jsx
 @ ./src/App.jsx
 @ ./src/main.jsx[39m[22m

[1m[33mWARNING in ./node_modules/@mui/material/Slide/Slide.js 130:12-36
"export 'default' (imported as '_objectWithoutProperties') was not found in '@babel/runtime/helpers/objectWithoutProperties'
 @ ./node_modules/@mui/material/Slide/index.js
 @ ./node_modules/@mui/material/index.js
 @ ./src/pages/SearchPage.jsx
 @ ./src/App.jsx
 @ ./src/main.jsx[39m[22m

[1m[33mWARNING in ./node_modules/@mui/material/Slide/Slide.js 258:25-49
"export 'default' (imported as '_objectWithoutProperties') was not found in '@babel/runtime/helpers/objectWithoutProperties'
 @ ./node_modules/@mui/material/Slide/index.js
 @ ./node_modules/@mui/material/index.js
 @ ./src/pages/SearchPage.jsx
 @ ./src/App.jsx
 @ ./src/main.jsx[39m[22m

[1m[33mWARNING in ./node_modules/@mui/material/SpeedDialIcon/SpeedDialIcon.js 113:12-36
"export 'default' (imported as '_objectWithoutProperties') was not found in '@babel/runtime/helpers/objectWithoutProperties'
 @ ./node_modules/@mui/material/SpeedDialIcon/index.js
 @ ./node_modules/@mui/material/index.js
 @ ./src/pages/SearchPage.jsx
 @ ./src/App.jsx
 @ ./src/main.jsx[39m[22m

[1m[33mWARNING in ./node_modules/@mui/material/StepButton/StepButton.js 81:12-36
"export 'default' (imported as '_objectWithoutProperties') was not found in '@babel/runtime/helpers/objectWithoutProperties'
 @ ./node_modules/@mui/material/StepButton/index.js
 @ ./node_modules/@mui/material/index.js
 @ ./src/pages/SearchPage.jsx
 @ ./src/App.jsx
 @ ./src/main.jsx[39m[22m

[1m[33mWARNING in ./node_modules/@mui/material/StepConnector/StepConnector.js 118:12-36
"export 'default' (imported as '_objectWithoutProperties') was not found in '@babel/runtime/helpers/objectWithoutProperties'
 @ ./node_modules/@mui/material/StepConnector/index.js
 @ ./node_modules/@mui/material/index.js
 @ ./src/pages/SearchPage.jsx
 @ ./src/App.jsx
 @ ./src/main.jsx[39m[22m

[1m[33mWARNING in ./node_modules/@mui/material/StepContent/StepContent.js 94:12-36
"export 'default' (imported as '_objectWithoutProperties') was not found in '@babel/runtime/helpers/objectWithoutProperties'
 @ ./node_modules/@mui/material/StepContent/index.js
 @ ./node_modules/@mui/material/index.js
 @ ./src/pages/SearchPage.jsx
 @ ./src/App.jsx
 @ ./src/main.jsx[39m[22m

[1m[33mWARNING in ./node_modules/@mui/material/Step/Step.js 88:12-36
"export 'default' (imported as '_objectWithoutProperties') was not found in '@babel/runtime/helpers/objectWithoutProperties'
 @ ./node_modules/@mui/material/Step/index.js
 @ ./node_modules/@mui/material/index.js
 @ ./src/pages/SearchPage.jsx
 @ ./src/App.jsx
 @ ./src/main.jsx[39m[22m

[1m[33mWARNING in ./node_modules/@mui/material/StepLabel/StepLabel.js 146:12-36
"export 'default' (imported as '_objectWithoutProperties') was not found in '@babel/runtime/helpers/objectWithoutProperties'
 @ ./node_modules/@mui/material/StepLabel/index.js
 @ ./node_modules/@mui/material/index.js
 @ ./src/pages/SearchPage.jsx
 @ ./src/App.jsx
 @ ./src/main.jsx[39m[22m

[1m[33mWARNING in ./node_modules/@mui/material/Stepper/Stepper.js 101:12-36
"export 'default' (imported as '_objectWithoutProperties') was not found in '@babel/runtime/helpers/objectWithoutProperties'
 @ ./node_modules/@mui/material/Stepper/index.js
 @ ./node_modules/@mui/material/index.js
 @ ./src/pages/SearchPage.jsx
 @ ./src/App.jsx
 @ ./src/main.jsx[39m[22m

[1m[33mWARNING in ./node_modules/@mui/material/SvgIcon/SvgIcon.js 185:12-36
"export 'default' (imported as '_objectWithoutProperties') was not found in '@babel/runtime/helpers/objectWithoutProperties'
 @ ./node_modules/@mui/material/SvgIcon/index.js
 @ ./node_modules/@mui/material/index.js
 @ ./src/pages/SearchPage.jsx
 @ ./src/App.jsx
 @ ./src/main.jsx[39m[22m

[1m[33mWARNING in ./node_modules/@mui/material/TableHead/TableHead.js 57:12-36
"export 'default' (imported as '_objectWithoutProperties') was not found in '@babel/runtime/helpers/objectWithoutProperties'
 @ ./node_modules/@mui/material/TableHead/index.js
 @ ./node_modules/@mui/material/index.js
 @ ./src/pages/SearchPage.jsx
 @ ./src/App.jsx
 @ ./src/main.jsx[39m[22m

[1m[33mWARNING in ./node_modules/@mui/material/TableFooter/TableFooter.js 57:12-36
"export 'default' (imported as '_objectWithoutProperties') was not found in '@babel/runtime/helpers/objectWithoutProperties'
 @ ./node_modules/@mui/material/TableFooter/index.js
 @ ./node_modules/@mui/material/index.js
 @ ./src/pages/SearchPage.jsx
 @ ./src/App.jsx
 @ ./src/main.jsx[39m[22m

[1m[33mWARNING in ./node_modules/@tanstack/query-core/build/legacy/hydration.cjs 198:24-48
"export 'default' (imported as '_objectWithoutProperties') was not found in '@babel/runtime/helpers/objectWithoutProperties'
 @ ./node_modules/@tanstack/query-core/build/legacy/index.cjs
 @ ./node_modules/@tanstack/react-query/build/legacy/useIsFetching.cjs
 @ ./node_modules/@tanstack/react-query/build/legacy/index.cjs
 @ ./src/main.jsx[39m[22m

[1m[33mWARNING in ./node_modules/@tanstack/query-core/build/legacy/hydration.cjs 224:28-52
"export 'default' (imported as '_objectWithoutProperties') was not found in '@babel/runtime/helpers/objectWithoutProperties'
 @ ./node_modules/@tanstack/query-core/build/legacy/index.cjs
 @ ./node_modules/@tanstack/react-query/build/legacy/useIsFetching.cjs
 @ ./node_modules/@tanstack/react-query/build/legacy/index.cjs
 @ ./src/main.jsx[39m[22m

[1m[33mWARNING in ./node_modules/@mui/material/Popper/BasePopper.js 92:12-36
"export 'default' (imported as '_objectWithoutProperties') was not found in '@babel/runtime/helpers/objectWithoutProperties'
 @ ./node_modules/@mui/material/Popper/Popper.js
 @ ./node_modules/@mui/material/Popper/index.js
 @ ./node_modules/@mui/material/index.js
 @ ./src/pages/SearchPage.jsx
 @ ./src/App.jsx
 @ ./src/main.jsx[39m[22m

[1m[33mWARNING in ./node_modules/@mui/material/Popper/BasePopper.js 239:12-36
"export 'default' (imported as '_objectWithoutProperties') was not found in '@babel/runtime/helpers/objectWithoutProperties'
 @ ./node_modules/@mui/material/Popper/Popper.js
 @ ./node_modules/@mui/material/Popper/index.js
 @ ./node_modules/@mui/material/index.js
 @ ./src/pages/SearchPage.jsx
 @ ./src/App.jsx
 @ ./src/main.jsx[39m[22m

[1m[33mWARNING in ./node_modules/@mui/material/Select/SelectInput.js 165:12-36
"export 'default' (imported as '_objectWithoutProperties') was not found in '@babel/runtime/helpers/objectWithoutProperties'
 @ ./node_modules/@mui/material/Select/Select.js
 @ ./node_modules/@mui/material/Select/index.js
 @ ./node_modules/@mui/material/index.js
 @ ./src/pages/SearchPage.jsx
 @ ./src/App.jsx
 @ ./src/main.jsx[39m[22m

[1m[33mWARNING in ./node_modules/@mui/material/TablePaginationActions/TablePaginationActions.js 78:12-36
"export 'default' (imported as '_objectWithoutProperties') was not found in '@babel/runtime/helpers/objectWithoutProperties'
 @ ./node_modules/@mui/material/TablePaginationActions/index.js
 @ ./node_modules/@mui/material/index.js
 @ ./src/pages/SearchPage.jsx
 @ ./src/App.jsx
 @ ./src/main.jsx[39m[22m

[1m[33mWARNING in ./node_modules/@mui/material/TablePagination/TablePagination.js 207:12-36
"export 'default' (imported as '_objectWithoutProperties') was not found in '@babel/runtime/helpers/objectWithoutProperties'
 @ ./node_modules/@mui/material/TablePagination/index.js
 @ ./node_modules/@mui/material/index.js
 @ ./src/pages/SearchPage.jsx
 @ ./src/App.jsx
 @ ./src/main.jsx[39m[22m

[1m[33mWARNING in ./node_modules/@mui/material/TabScrollButton/TabScrollButton.js 87:12-36
"export 'default' (imported as '_objectWithoutProperties') was not found in '@babel/runtime/helpers/objectWithoutProperties'
 @ ./node_modules/@mui/material/TabScrollButton/index.js
 @ ./node_modules/@mui/material/index.js
 @ ./src/pages/SearchPage.jsx
 @ ./src/App.jsx
 @ ./src/main.jsx[39m[22m

[1m[33mWARNING in ./node_modules/@mui/material/TableSortLabel/TableSortLabel.js 140:12-36
"export 'default' (imported as '_objectWithoutProperties') was not found in '@babel/runtime/helpers/objectWithoutProperties'
 @ ./node_modules/@mui/material/TableSortLabel/index.js
 @ ./node_modules/@mui/material/index.js
 @ ./src/pages/SearchPage.jsx
 @ ./src/App.jsx
 @ ./src/main.jsx[39m[22m

[1m[33mWARNING in ./node_modules/@mui/material/Tabs/Tabs.js 343:12-36
"export 'default' (imported as '_objectWithoutProperties') was not found in '@babel/runtime/helpers/objectWithoutProperties'
 @ ./node_modules/@mui/material/Tabs/index.js
 @ ./node_modules/@mui/material/index.js
 @ ./src/pages/SearchPage.jsx
 @ ./src/App.jsx
 @ ./src/main.jsx[39m[22m

[1m[33mWARNING in ./node_modules/@mui/material/Tabs/Tabs.js 557:25-49
"export 'default' (imported as '_objectWithoutProperties') was not found in '@babel/runtime/helpers/objectWithoutProperties'
 @ ./node_modules/@mui/material/Tabs/index.js
 @ ./node_modules/@mui/material/index.js
 @ ./src/pages/SearchPage.jsx
 @ ./src/App.jsx
 @ ./src/main.jsx[39m[22m

[1m[33mWARNING in ./node_modules/@mui/material/TextareaAutosize/TextareaAutosize.js 78:12-36
"export 'default' (imported as '_objectWithoutProperties') was not found in '@babel/runtime/helpers/objectWithoutProperties'
 @ ./node_modules/@mui/material/TextareaAutosize/index.js
 @ ./node_modules/@mui/material/index.js
 @ ./src/pages/SearchPage.jsx
 @ ./src/App.jsx
 @ ./src/main.jsx[39m[22m

[1m[33mWARNING in ./node_modules/@mui/material/TextField/TextField.js 141:12-36
"export 'default' (imported as '_objectWithoutProperties') was not found in '@babel/runtime/helpers/objectWithoutProperties'
 @ ./node_modules/@mui/material/TextField/index.js
 @ ./node_modules/@mui/material/index.js
 @ ./src/pages/SearchPage.jsx
 @ ./src/App.jsx
 @ ./src/main.jsx[39m[22m

[1m[33mWARNING in ./node_modules/@mui/material/Fade/Fade.js 68:12-36
"export 'default' (imported as '_objectWithoutProperties') was not found in '@babel/runtime/helpers/objectWithoutProperties'
 @ ./node_modules/@mui/material/Fade/index.js
 @ ./node_modules/@mui/material/Backdrop/Backdrop.js
 @ ./node_modules/@mui/material/Backdrop/index.js
 @ ./node_modules/@mui/material/Modal/Modal.js
 @ ./node_modules/@mui/material/Modal/index.js
 @ ./node_modules/@mui/material/index.js
 @ ./src/pages/SearchPage.jsx
 @ ./src/App.jsx
 @ ./src/main.jsx[39m[22m

[1m[33mWARNING in ./node_modules/@mui/material/Fade/Fade.js 148:25-49
"export 'default' (imported as '_objectWithoutProperties') was not found in '@babel/runtime/helpers/objectWithoutProperties'
 @ ./node_modules/@mui/material/Fade/index.js
 @ ./node_modules/@mui/material/Backdrop/Backdrop.js
 @ ./node_modules/@mui/material/Backdrop/index.js
 @ ./node_modules/@mui/material/Modal/Modal.js
 @ ./node_modules/@mui/material/Modal/index.js
 @ ./node_modules/@mui/material/index.js
 @ ./src/pages/SearchPage.jsx
 @ ./src/App.jsx
 @ ./src/main.jsx[39m[22m

[1m[33mWARNING in ./node_modules/@mui/material/List/List.js 91:12-36
"export 'default' (imported as '_objectWithoutProperties') was not found in '@babel/runtime/helpers/objectWithoutProperties'
 @ ./node_modules/@mui/material/List/index.js
 @ ./node_modules/@mui/material/MenuList/MenuList.js
 @ ./node_modules/@mui/material/MenuList/index.js
 @ ./node_modules/@mui/material/index.js
 @ ./src/pages/SearchPage.jsx
 @ ./src/App.jsx
 @ ./src/main.jsx[39m[22m

[1m[33mWARNING in ./node_modules/@mui/material/Tabs/ScrollbarSize.js 42:12-36
"export 'default' (imported as '_objectWithoutProperties') was not found in '@babel/runtime/helpers/objectWithoutProperties'
 @ ./node_modules/@mui/material/Tabs/Tabs.js
 @ ./node_modules/@mui/material/Tabs/index.js
 @ ./node_modules/@mui/material/index.js
 @ ./src/pages/SearchPage.jsx
 @ ./src/App.jsx
 @ ./src/main.jsx[39m[22m

[1m[33mWARNING in ./node_modules/@mui/material/FormGroup/FormGroup.js 77:12-36
"export 'default' (imported as '_objectWithoutProperties') was not found in '@babel/runtime/helpers/objectWithoutProperties'
 @ ./node_modules/@mui/material/FormGroup/index.js
 @ ./node_modules/@mui/material/RadioGroup/RadioGroup.js
 @ ./node_modules/@mui/material/RadioGroup/index.js
 @ ./node_modules/@mui/material/index.js
 @ ./src/pages/SearchPage.jsx
 @ ./src/App.jsx
 @ ./src/main.jsx[39m[22m

[1m[33mWARNING in ./node_modules/@mui/material/ListItemAvatar/ListItemAvatar.js 70:12-36
"export 'default' (imported as '_objectWithoutProperties') was not found in '@babel/runtime/helpers/objectWithoutProperties'
 @ ./node_modules/@mui/material/ListItemAvatar/index.js
 @ ./node_modules/@mui/material/index.js
 @ ./src/pages/SearchPage.jsx
 @ ./src/App.jsx
 @ ./src/main.jsx[39m[22m

[1m[33mWARNING in ./node_modules/@mui/material/ListItem/ListItem.js 210:21-45
"export 'default' (imported as '_objectWithoutProperties') was not found in '@babel/runtime/helpers/objectWithoutProperties'
 @ ./node_modules/@mui/material/ListItem/index.js
 @ ./node_modules/@mui/material/index.js
 @ ./src/pages/SearchPage.jsx
 @ ./src/App.jsx
 @ ./src/main.jsx[39m[22m

[1m[33mWARNING in ./node_modules/@mui/material/ListItem/ListItem.js 224:12-36
"export 'default' (imported as '_objectWithoutProperties') was not found in '@babel/runtime/helpers/objectWithoutProperties'
 @ ./node_modules/@mui/material/ListItem/index.js
 @ ./node_modules/@mui/material/index.js
 @ ./src/pages/SearchPage.jsx
 @ ./src/App.jsx
 @ ./src/main.jsx[39m[22m

[1m[33mWARNING in ./node_modules/@mui/material/ListItemButton/ListItemButton.js 172:12-36
"export 'default' (imported as '_objectWithoutProperties') was not found in '@babel/runtime/helpers/objectWithoutProperties'
 @ ./node_modules/@mui/material/ListItemButton/index.js
 @ ./node_modules/@mui/material/index.js
 @ ./src/pages/SearchPage.jsx
 @ ./src/App.jsx
 @ ./src/main.jsx[39m[22m

[1m[33mWARNING in ./node_modules/@mui/material/ImageList/ImageList.js 84:12-36
"export 'default' (imported as '_objectWithoutProperties') was not found in '@babel/runtime/helpers/objectWithoutProperties'
 @ ./node_modules/@mui/material/ImageList/index.js
 @ ./node_modules/@mui/material/index.js
 @ ./src/pages/SearchPage.jsx
 @ ./src/App.jsx
 @ ./src/main.jsx[39m[22m

[1m[33mWARNING in ./node_modules/@mui/material/Collapse/Collapse.js 169:12-36
"export 'default' (imported as '_objectWithoutProperties') was not found in '@babel/runtime/helpers/objectWithoutProperties'
 @ ./node_modules/@mui/material/Collapse/index.js
 @ ./node_modules/@mui/material/StepContent/StepContent.js
 @ ./node_modules/@mui/material/StepContent/index.js
 @ ./node_modules/@mui/material/index.js
 @ ./src/pages/SearchPage.jsx
 @ ./src/App.jsx
 @ ./src/main.jsx[39m[22m

[1m[33mWARNING in ./node_modules/@mui/material/Collapse/Collapse.js 313:25-49
"export 'default' (imported as '_objectWithoutProperties') was not found in '@babel/runtime/helpers/objectWithoutProperties'
 @ ./node_modules/@mui/material/Collapse/index.js
 @ ./node_modules/@mui/material/StepContent/StepContent.js
 @ ./node_modules/@mui/material/StepContent/index.js
 @ ./node_modules/@mui/material/index.js
 @ ./src/pages/SearchPage.jsx
 @ ./src/App.jsx
 @ ./src/main.jsx[39m[22m

[1m[33mWARNING in ./node_modules/@mui/material/IconButton/IconButton.js 241:12-36
"export 'default' (imported as '_objectWithoutProperties') was not found in '@babel/runtime/helpers/objectWithoutProperties'
 @ ./node_modules/@mui/material/IconButton/index.js
 @ ./node_modules/@mui/material/index.js
 @ ./src/pages/SearchPage.jsx
 @ ./src/App.jsx
 @ ./src/main.jsx[39m[22m

[1m[33mWARNING in ./node_modules/@mui/material/GridLegacy/GridLegacy.js 443:12-36
"export 'default' (imported as '_objectWithoutProperties') was not found in '@babel/runtime/helpers/objectWithoutProperties'
 @ ./node_modules/@mui/material/GridLegacy/index.js
 @ ./node_modules/@mui/material/index.js
 @ ./src/pages/SearchPage.jsx
 @ ./src/App.jsx
 @ ./src/main.jsx[39m[22m

[1m[33mWARNING in ./node_modules/@mui/material/FormControl/FormControl.js 143:12-36
"export 'default' (imported as '_objectWithoutProperties') was not found in '@babel/runtime/helpers/objectWithoutProperties'
 @ ./node_modules/@mui/material/FormControl/index.js
 @ ./node_modules/@mui/material/index.js
 @ ./src/pages/SearchPage.jsx
 @ ./src/App.jsx
 @ ./src/main.jsx[39m[22m

[1m[33mWARNING in ./node_modules/@mui/material/FormControlLabel/FormControlLabel.js 155:12-36
"export 'default' (imported as '_objectWithoutProperties') was not found in '@babel/runtime/helpers/objectWithoutProperties'
 @ ./node_modules/@mui/material/FormControlLabel/index.js
 @ ./node_modules/@mui/material/index.js
 @ ./src/pages/SearchPage.jsx
 @ ./src/App.jsx
 @ ./src/main.jsx[39m[22m

[1m[33mWARNING in ./node_modules/@mui/material/FormLabel/FormLabel.js 123:12-36
"export 'default' (imported as '_objectWithoutProperties') was not found in '@babel/runtime/helpers/objectWithoutProperties'
 @ ./node_modules/@mui/material/FormLabel/index.js
 @ ./node_modules/@mui/material/index.js
 @ ./src/pages/SearchPage.jsx
 @ ./src/App.jsx
 @ ./src/main.jsx[39m[22m

[1m[33mWARNING in ./node_modules/@mui/material/Icon/Icon.js 150:12-36
"export 'default' (imported as '_objectWithoutProperties') was not found in '@babel/runtime/helpers/objectWithoutProperties'
 @ ./node_modules/@mui/material/Icon/index.js
 @ ./node_modules/@mui/material/index.js
 @ ./src/pages/SearchPage.jsx
 @ ./src/App.jsx
 @ ./src/main.jsx[39m[22m

[1m[33mWARNING in ./node_modules/@mui/material/FormHelperText/FormHelperText.js 110:12-36
"export 'default' (imported as '_objectWithoutProperties') was not found in '@babel/runtime/helpers/objectWithoutProperties'
 @ ./node_modules/@mui/material/FormHelperText/index.js
 @ ./node_modules/@mui/material/index.js
 @ ./src/pages/SearchPage.jsx
 @ ./src/App.jsx
 @ ./src/main.jsx[39m[22m

[1m[33mWARNING in ./node_modules/@mui/material/ImageListItem/ImageListItem.js 110:12-36
"export 'default' (imported as '_objectWithoutProperties') was not found in '@babel/runtime/helpers/objectWithoutProperties'
 @ ./node_modules/@mui/material/ImageListItem/index.js
 @ ./node_modules/@mui/material/index.js
 @ ./src/pages/SearchPage.jsx
 @ ./src/App.jsx
 @ ./src/main.jsx[39m[22m

[1m[33mWARNING in ./node_modules/@mui/material/ImageListItemBar/ImageListItemBar.js 197:12-36
"export 'default' (imported as '_objectWithoutProperties') was not found in '@babel/runtime/helpers/objectWithoutProperties'
 @ ./node_modules/@mui/material/ImageListItemBar/index.js
 @ ./node_modules/@mui/material/index.js
 @ ./src/pages/SearchPage.jsx
 @ ./src/App.jsx
 @ ./src/main.jsx[39m[22m

[1m[33mWARNING in ./node_modules/@mui/material/InputAdornment/InputAdornment.js 115:12-36
"export 'default' (imported as '_objectWithoutProperties') was not found in '@babel/runtime/helpers/objectWithoutProperties'
 @ ./node_modules/@mui/material/InputAdornment/index.js
 @ ./node_modules/@mui/material/index.js
 @ ./src/pages/SearchPage.jsx
 @ ./src/App.jsx
 @ ./src/main.jsx[39m[22m

[1m[33mWARNING in ./node_modules/@mui/material/Link/Link.js 206:12-36
"export 'default' (imported as '_objectWithoutProperties') was not found in '@babel/runtime/helpers/objectWithoutProperties'
 @ ./node_modules/@mui/material/Link/index.js
 @ ./node_modules/@mui/material/index.js
 @ ./src/pages/SearchPage.jsx
 @ ./src/App.jsx
 @ ./src/main.jsx[39m[22m

[1m[33mWARNING in ./node_modules/@mui/material/InputLabel/InputLabel.js 214:12-36
"export 'default' (imported as '_objectWithoutProperties') was not found in '@babel/runtime/helpers/objectWithoutProperties'
 @ ./node_modules/@mui/material/InputLabel/index.js
 @ ./node_modules/@mui/material/index.js
 @ ./src/pages/SearchPage.jsx
 @ ./src/App.jsx
 @ ./src/main.jsx[39m[22m

[1m[33mWARNING in ./node_modules/@mui/material/DialogContentText/DialogContentText.js 56:17-41
"export 'default' (imported as '_objectWithoutProperties') was not found in '@babel/runtime/helpers/objectWithoutProperties'
 @ ./node_modules/@mui/material/DialogContentText/index.js
 @ ./node_modules/@mui/material/index.js
 @ ./src/pages/SearchPage.jsx
 @ ./src/App.jsx
 @ ./src/main.jsx[39m[22m

[1m[33mWARNING in ./node_modules/@mui/material/DialogTitle/DialogTitle.js 54:12-36
"export 'default' (imported as '_objectWithoutProperties') was not found in '@babel/runtime/helpers/objectWithoutProperties'
 @ ./node_modules/@mui/material/DialogTitle/index.js
 @ ./node_modules/@mui/material/index.js
 @ ./src/pages/SearchPage.jsx
 @ ./src/App.jsx
 @ ./src/main.jsx[39m[22m

[1m[33mWARNING in ./node_modules/@mui/material/CardMedia/CardMedia.js 87:12-36
"export 'default' (imported as '_objectWithoutProperties') was not found in '@babel/runtime/helpers/objectWithoutProperties'
 @ ./node_modules/@mui/material/CardMedia/index.js
 @ ./node_modules/@mui/material/index.js
 @ ./src/pages/SearchPage.jsx
 @ ./src/App.jsx
 @ ./src/main.jsx[39m[22m

[1m[33mWARNING in ./node_modules/@mui/material/Button/Button.js 535:12-36
"export 'default' (imported as '_objectWithoutProperties') was not found in '@babel/runtime/helpers/objectWithoutProperties'
 @ ./node_modules/@mui/material/Button/index.js
 @ ./node_modules/@mui/material/index.js
 @ ./src/pages/SearchPage.jsx
 @ ./src/App.jsx
 @ ./src/main.jsx[39m[22m

[1m[33mWARNING in ./node_modules/@mui/material/Breadcrumbs/Breadcrumbs.js 123:12-36
"export 'default' (imported as '_objectWithoutProperties') was not found in '@babel/runtime/helpers/objectWithoutProperties'
 @ ./node_modules/@mui/material/Breadcrumbs/index.js
 @ ./node_modules/@mui/material/index.js
 @ ./src/pages/SearchPage.jsx
 @ ./src/App.jsx
 @ ./src/main.jsx[39m[22m

[1m[33mWARNING in ./node_modules/@mui/material/ButtonGroup/ButtonGroup.js 273:12-36
"export 'default' (imported as '_objectWithoutProperties') was not found in '@babel/runtime/helpers/objectWithoutProperties'
 @ ./node_modules/@mui/material/ButtonGroup/index.js
 @ ./node_modules/@mui/material/index.js
 @ ./src/pages/SearchPage.jsx
 @ ./src/App.jsx
 @ ./src/main.jsx[39m[22m

[1m[33mWARNING in ./node_modules/@mui/material/Card/Card.js 54:12-36
"export 'default' (imported as '_objectWithoutProperties') was not found in '@babel/runtime/helpers/objectWithoutProperties'
 @ ./node_modules/@mui/material/Card/index.js
 @ ./node_modules/@mui/material/index.js
 @ ./src/pages/SearchPage.jsx
 @ ./src/App.jsx
 @ ./src/main.jsx[39m[22m

[1m[33mWARNING in ./node_modules/@mui/material/CardActionArea/CardActionArea.js 100:12-36
"export 'default' (imported as '_objectWithoutProperties') was not found in '@babel/runtime/helpers/objectWithoutProperties'
 @ ./node_modules/@mui/material/CardActionArea/index.js
 @ ./node_modules/@mui/material/index.js
 @ ./src/pages/SearchPage.jsx
 @ ./src/App.jsx
 @ ./src/main.jsx[39m[22m

[1m[33mWARNING in ./node_modules/@mui/material/CardActions/CardActions.js 70:12-36
"export 'default' (imported as '_objectWithoutProperties') was not found in '@babel/runtime/helpers/objectWithoutProperties'
 @ ./node_modules/@mui/material/CardActions/index.js
 @ ./node_modules/@mui/material/index.js
 @ ./src/pages/SearchPage.jsx
 @ ./src/App.jsx
 @ ./src/main.jsx[39m[22m

[1m[33mWARNING in ./node_modules/@mui/material/CardHeader/CardHeader.js 107:12-36
"export 'default' (imported as '_objectWithoutProperties') was not found in '@babel/runtime/helpers/objectWithoutProperties'
 @ ./node_modules/@mui/material/CardHeader/index.js
 @ ./node_modules/@mui/material/index.js
 @ ./src/pages/SearchPage.jsx
 @ ./src/App.jsx
 @ ./src/main.jsx[39m[22m

[1m[33mWARNING in ./node_modules/@mui/material/CardContent/CardContent.js 55:12-36
"export 'default' (imported as '_objectWithoutProperties') was not found in '@babel/runtime/helpers/objectWithoutProperties'
 @ ./node_modules/@mui/material/CardContent/index.js
 @ ./node_modules/@mui/material/index.js
 @ ./src/pages/SearchPage.jsx
 @ ./src/App.jsx
 @ ./src/main.jsx[39m[22m

[1m[33mWARNING in ./node_modules/@mui/material/BottomNavigationAction/BottomNavigationAction.js 141:12-36
"export 'default' (imported as '_objectWithoutProperties') was not found in '@babel/runtime/helpers/objectWithoutProperties'
 @ ./node_modules/@mui/material/BottomNavigationAction/index.js
 @ ./node_modules/@mui/material/index.js
 @ ./src/pages/SearchPage.jsx
 @ ./src/App.jsx
 @ ./src/main.jsx[39m[22m

[1m[33mWARNING in ./node_modules/@mui/material/BottomNavigation/BottomNavigation.js 68:12-36
"export 'default' (imported as '_objectWithoutProperties') was not found in '@babel/runtime/helpers/objectWithoutProperties'
 @ ./node_modules/@mui/material/BottomNavigation/index.js
 @ ./node_modules/@mui/material/index.js
 @ ./src/pages/SearchPage.jsx
 @ ./src/App.jsx
 @ ./src/main.jsx[39m[22m

[1m[33mWARNING in ./node_modules/@mui/material/AvatarGroup/AvatarGroup.js 100:12-36
"export 'default' (imported as '_objectWithoutProperties') was not found in '@babel/runtime/helpers/objectWithoutProperties'
 @ ./node_modules/@mui/material/AvatarGroup/index.js
 @ ./node_modules/@mui/material/index.js
 @ ./src/pages/SearchPage.jsx
 @ ./src/App.jsx
 @ ./src/main.jsx[39m[22m

[1m[33mWARNING in ./node_modules/@mui/material/Avatar/Avatar.js 188:12-36
"export 'default' (imported as '_objectWithoutProperties') was not found in '@babel/runtime/helpers/objectWithoutProperties'
 @ ./node_modules/@mui/material/Avatar/index.js
 @ ./node_modules/@mui/material/index.js
 @ ./src/pages/SearchPage.jsx
 @ ./src/App.jsx
 @ ./src/main.jsx[39m[22m

[1m[33mWARNING in ./node_modules/@mui/material/Badge/Badge.js 296:12-36
"export 'default' (imported as '_objectWithoutProperties') was not found in '@babel/runtime/helpers/objectWithoutProperties'
 @ ./node_modules/@mui/material/Badge/index.js
 @ ./node_modules/@mui/material/index.js
 @ ./src/pages/SearchPage.jsx
 @ ./src/App.jsx
 @ ./src/main.jsx[39m[22m

[1m[33mWARNING in ./node_modules/@mui/material/AlertTitle/AlertTitle.js 57:12-36
"export 'default' (imported as '_objectWithoutProperties') was not found in '@babel/runtime/helpers/objectWithoutProperties'
 @ ./node_modules/@mui/material/AlertTitle/index.js
 @ ./node_modules/@mui/material/index.js
 @ ./src/pages/SearchPage.jsx
 @ ./src/App.jsx
 @ ./src/main.jsx[39m[22m

[1m[33mWARNING in ./node_modules/@mui/material/Autocomplete/Autocomplete.js 499:12-36
"export 'default' (imported as '_objectWithoutProperties') was not found in '@babel/runtime/helpers/objectWithoutProperties'
 @ ./node_modules/@mui/material/Autocomplete/index.js
 @ ./node_modules/@mui/material/index.js
 @ ./src/pages/SearchPage.jsx
 @ ./src/App.jsx
 @ ./src/main.jsx[39m[22m

[1m[33mWARNING in ./node_modules/@mui/material/Autocomplete/Autocomplete.js 530:24-48
"export 'default' (imported as '_objectWithoutProperties') was not found in '@babel/runtime/helpers/objectWithoutProperties'
 @ ./node_modules/@mui/material/Autocomplete/index.js
 @ ./node_modules/@mui/material/index.js
 @ ./src/pages/SearchPage.jsx
 @ ./src/App.jsx
 @ ./src/main.jsx[39m[22m

[1m[33mWARNING in ./node_modules/@mui/material/Autocomplete/Autocomplete.js 621:30-54
"export 'default' (imported as '_objectWithoutProperties') was not found in '@babel/runtime/helpers/objectWithoutProperties'
 @ ./node_modules/@mui/material/Autocomplete/index.js
 @ ./node_modules/@mui/material/index.js
 @ ./src/pages/SearchPage.jsx
 @ ./src/App.jsx
 @ ./src/main.jsx[39m[22m

[1m[33mWARNING in ./node_modules/@mui/material/Autocomplete/Autocomplete.js 662:19-43
"export 'default' (imported as '_objectWithoutProperties') was not found in '@babel/runtime/helpers/objectWithoutProperties'
 @ ./node_modules/@mui/material/Autocomplete/index.js
 @ ./node_modules/@mui/material/index.js
 @ ./src/pages/SearchPage.jsx
 @ ./src/App.jsx
 @ ./src/main.jsx[39m[22m

[1m[33mWARNING in ./node_modules/@mui/material/AppBar/AppBar.js 209:12-36
"export 'default' (imported as '_objectWithoutProperties') was not found in '@babel/runtime/helpers/objectWithoutProperties'
 @ ./node_modules/@mui/material/AppBar/index.js
 @ ./node_modules/@mui/material/index.js
 @ ./src/pages/SearchPage.jsx
 @ ./src/App.jsx
 @ ./src/main.jsx[39m[22m

[1m[33mWARNING in ./node_modules/@mui/material/AccordionActions/AccordionActions.js 72:12-36
"export 'default' (imported as '_objectWithoutProperties') was not found in '@babel/runtime/helpers/objectWithoutProperties'
 @ ./node_modules/@mui/material/AccordionActions/index.js
 @ ./node_modules/@mui/material/index.js
 @ ./src/pages/SearchPage.jsx
 @ ./src/App.jsx
 @ ./src/main.jsx[39m[22m

[1m[33mWARNING in ./node_modules/@mui/material/Accordion/Accordion.js 180:12-36
"export 'default' (imported as '_objectWithoutProperties') was not found in '@babel/runtime/helpers/objectWithoutProperties'
 @ ./node_modules/@mui/material/Accordion/index.js
 @ ./node_modules/@mui/material/index.js
 @ ./src/pages/SearchPage.jsx
 @ ./src/App.jsx
 @ ./src/main.jsx[39m[22m

[1m[33mWARNING in ./node_modules/@mui/material/AccordionDetails/AccordionDetails.js 55:12-36
"export 'default' (imported as '_objectWithoutProperties') was not found in '@babel/runtime/helpers/objectWithoutProperties'
 @ ./node_modules/@mui/material/AccordionDetails/index.js
 @ ./node_modules/@mui/material/index.js
 @ ./src/pages/SearchPage.jsx
 @ ./src/App.jsx
 @ ./src/main.jsx[39m[22m

[1m[33mWARNING in ./node_modules/@mui/material/AccordionSummary/AccordionSummary.js 142:12-36
"export 'default' (imported as '_objectWithoutProperties') was not found in '@babel/runtime/helpers/objectWithoutProperties'
 @ ./node_modules/@mui/material/AccordionSummary/index.js
 @ ./node_modules/@mui/material/index.js
 @ ./src/pages/SearchPage.jsx
 @ ./src/App.jsx
 @ ./src/main.jsx[39m[22m

[1m[33mWARNING in ./node_modules/@mui/material/Alert/Alert.js 210:12-36
"export 'default' (imported as '_objectWithoutProperties') was not found in '@babel/runtime/helpers/objectWithoutProperties'
 @ ./node_modules/@mui/material/Alert/index.js
 @ ./node_modules/@mui/material/index.js
 @ ./src/pages/SearchPage.jsx
 @ ./src/App.jsx
 @ ./src/main.jsx[39m[22m

[1m[33mWARNING in ./node_modules/@mui/material/Checkbox/Checkbox.js 161:12-36
"export 'default' (imported as '_objectWithoutProperties') was not found in '@babel/runtime/helpers/objectWithoutProperties'
 @ ./node_modules/@mui/material/Checkbox/index.js
 @ ./node_modules/@mui/material/index.js
 @ ./src/pages/SearchPage.jsx
 @ ./src/App.jsx
 @ ./src/main.jsx[39m[22m

[1m[33mWARNING in ./node_modules/@mui/material/Chip/Chip.js 382:12-36
"export 'default' (imported as '_objectWithoutProperties') was not found in '@babel/runtime/helpers/objectWithoutProperties'
 @ ./node_modules/@mui/material/Chip/index.js
 @ ./node_modules/@mui/material/index.js
 @ ./src/pages/SearchPage.jsx
 @ ./src/App.jsx
 @ ./src/main.jsx[39m[22m

[1m[33mWARNING in ./node_modules/@mui/material/CircularProgress/CircularProgress.js 185:12-36
"export 'default' (imported as '_objectWithoutProperties') was not found in '@babel/runtime/helpers/objectWithoutProperties'
 @ ./node_modules/@mui/material/CircularProgress/index.js
 @ ./node_modules/@mui/material/index.js
 @ ./src/pages/SearchPage.jsx
 @ ./src/App.jsx
 @ ./src/main.jsx[39m[22m

[1m[33mWARNING in ./node_modules/@mui/material/Dialog/Dialog.js 274:12-36
"export 'default' (imported as '_objectWithoutProperties') was not found in '@babel/runtime/helpers/objectWithoutProperties'
 @ ./node_modules/@mui/material/Dialog/index.js
 @ ./node_modules/@mui/material/index.js
 @ ./src/pages/SearchPage.jsx
 @ ./src/App.jsx
 @ ./src/main.jsx[39m[22m

[1m[33mWARNING in ./node_modules/@mui/material/DialogActions/DialogActions.js 74:12-36
"export 'default' (imported as '_objectWithoutProperties') was not found in '@babel/runtime/helpers/objectWithoutProperties'
 @ ./node_modules/@mui/material/DialogActions/index.js
 @ ./node_modules/@mui/material/index.js
 @ ./src/pages/SearchPage.jsx
 @ ./src/App.jsx
 @ ./src/main.jsx[39m[22m

[1m[33mWARNING in ./node_modules/@mui/material/DialogContent/DialogContent.js 91:12-36
"export 'default' (imported as '_objectWithoutProperties') was not found in '@babel/runtime/helpers/objectWithoutProperties'
 @ ./node_modules/@mui/material/DialogContent/index.js
 @ ./node_modules/@mui/material/index.js
 @ ./src/pages/SearchPage.jsx
 @ ./src/App.jsx
 @ ./src/main.jsx[39m[22m

[1m[33mWARNING in ./node_modules/@mui/material/ListSubheader/ListSubheader.js 128:12-36
"export 'default' (imported as '_objectWithoutProperties') was not found in '@babel/runtime/helpers/objectWithoutProperties'
 @ ./node_modules/@mui/material/ListSubheader/index.js
 @ ./node_modules/@mui/material/index.js
 @ ./src/pages/SearchPage.jsx
 @ ./src/App.jsx
 @ ./src/main.jsx[39m[22m

[1m[33mWARNING in ./node_modules/@mui/material/ListItemSecondaryAction/ListItemSecondaryAction.js 76:12-36
"export 'default' (imported as '_objectWithoutProperties') was not found in '@babel/runtime/helpers/objectWithoutProperties'
 @ ./node_modules/@mui/material/ListItemSecondaryAction/index.js
 @ ./node_modules/@mui/material/index.js
 @ ./src/pages/SearchPage.jsx
 @ ./src/App.jsx
 @ ./src/main.jsx[39m[22m

[1m[33mWARNING in ./node_modules/@mui/material/FilledInput/FilledInput.js 340:12-36
"export 'default' (imported as '_objectWithoutProperties') was not found in '@babel/runtime/helpers/objectWithoutProperties'
 @ ./node_modules/@mui/material/FilledInput/index.js
 @ ./node_modules/@mui/material/Select/Select.js
 @ ./node_modules/@mui/material/Select/index.js
 @ ./node_modules/@mui/material/index.js
 @ ./src/pages/SearchPage.jsx
 @ ./src/App.jsx
 @ ./src/main.jsx[39m[22m

[1m[33mWARNING in ./node_modules/@mui/material/Breadcrumbs/BreadcrumbCollapsed.js 74:17-41
"export 'default' (imported as '_objectWithoutProperties') was not found in '@babel/runtime/helpers/objectWithoutProperties'
 @ ./node_modules/@mui/material/Breadcrumbs/Breadcrumbs.js
 @ ./node_modules/@mui/material/Breadcrumbs/index.js
 @ ./node_modules/@mui/material/index.js
 @ ./src/pages/SearchPage.jsx
 @ ./src/App.jsx
 @ ./src/main.jsx[39m[22m

[1m[33mWARNING in ./node_modules/@tanstack/react-query/build/legacy/useQueries.cjs 105:14-38
"export 'default' (imported as '_objectWithoutProperties') was not found in '@babel/runtime/helpers/objectWithoutProperties'
 @ ./node_modules/@tanstack/react-query/build/legacy/index.cjs
 @ ./src/main.jsx[39m[22m

[1m[33mWARNING in ./src/App.jsx 367:61-80
"export 'default' (imported as '_regeneratorRuntime') was not found in '@babel/runtime/regenerator'
 @ ./src/main.jsx[39m[22m

[1m[33mWARNING in ./src/App.jsx 370:15-34
"export 'default' (imported as '_regeneratorRuntime') was not found in '@babel/runtime/regenerator'
 @ ./src/main.jsx[39m[22m

[1m[33mWARNING in ./src/services/drmhelper.js 33:43-62
"export 'default' (imported as '_regeneratorRuntime') was not found in '@babel/runtime/regenerator'
 @ ./src/App.jsx
 @ ./src/main.jsx[39m[22m

[1m[33mWARNING in ./src/services/drmhelper.js 36:11-30
"export 'default' (imported as '_regeneratorRuntime') was not found in '@babel/runtime/regenerator'
 @ ./src/App.jsx
 @ ./src/main.jsx[39m[22m

[1m[33mWARNING in ./src/services/drmhelper.js 55:48-67
"export 'default' (imported as '_regeneratorRuntime') was not found in '@babel/runtime/regenerator'
 @ ./src/App.jsx
 @ ./src/main.jsx[39m[22m

[1m[33mWARNING in ./src/services/drmhelper.js 57:19-38
"export 'default' (imported as '_regeneratorRuntime') was not found in '@babel/runtime/regenerator'
 @ ./src/App.jsx
 @ ./src/main.jsx[39m[22m

[1m[33mWARNING in ./src/services/drmhelper.js 112:58-77
"export 'default' (imported as '_regeneratorRuntime') was not found in '@babel/runtime/regenerator'
 @ ./src/App.jsx
 @ ./src/main.jsx[39m[22m

[1m[33mWARNING in ./src/services/drmhelper.js 121:11-30
"export 'default' (imported as '_regeneratorRuntime') was not found in '@babel/runtime/regenerator'
 @ ./src/App.jsx
 @ ./src/main.jsx[39m[22m

[1m[33mWARNING in ./src/services/drmhelper.js 154:61-80
"export 'default' (imported as '_regeneratorRuntime') was not found in '@babel/runtime/regenerator'
 @ ./src/App.jsx
 @ ./src/main.jsx[39m[22m

[1m[33mWARNING in ./src/services/drmhelper.js 163:11-30
"export 'default' (imported as '_regeneratorRuntime') was not found in '@babel/runtime/regenerator'
 @ ./src/App.jsx
 @ ./src/main.jsx[39m[22m

[1m[33mWARNING in ./src/services/drmhelper.js 243:62-81
"export 'default' (imported as '_regeneratorRuntime') was not found in '@babel/runtime/regenerator'
 @ ./src/App.jsx
 @ ./src/main.jsx[39m[22m

[1m[33mWARNING in ./src/services/drmhelper.js 253:11-30
"export 'default' (imported as '_regeneratorRuntime') was not found in '@babel/runtime/regenerator'
 @ ./src/App.jsx
 @ ./src/main.jsx[39m[22m

[1m[33mWARNING in ./src/services/drmhelper.js 311:67-86
"export 'default' (imported as '_regeneratorRuntime') was not found in '@babel/runtime/regenerator'
 @ ./src/App.jsx
 @ ./src/main.jsx[39m[22m

[1m[33mWARNING in ./src/services/drmhelper.js 329:11-30
"export 'default' (imported as '_regeneratorRuntime') was not found in '@babel/runtime/regenerator'
 @ ./src/App.jsx
 @ ./src/main.jsx[39m[22m

[1m[33mWARNING in ./src/services/epgManifestQueries.js 280:48-67
"export 'default' (imported as '_regeneratorRuntime') was not found in '@babel/runtime/regenerator'
 @ ./src/App.jsx
 @ ./src/main.jsx[39m[22m

[1m[33mWARNING in ./src/services/epgManifestQueries.js 283:11-30
"export 'default' (imported as '_regeneratorRuntime') was not found in '@babel/runtime/regenerator'
 @ ./src/App.jsx
 @ ./src/main.jsx[39m[22m

[1m[33mWARNING in ./src/services/epgManifestQueries.js 424:53-72
"export 'default' (imported as '_regeneratorRuntime') was not found in '@babel/runtime/regenerator'
 @ ./src/App.jsx
 @ ./src/main.jsx[39m[22m

[1m[33mWARNING in ./src/services/epgManifestQueries.js 426:11-30
"export 'default' (imported as '_regeneratorRuntime') was not found in '@babel/runtime/regenerator'
 @ ./src/App.jsx
 @ ./src/main.jsx[39m[22m

[1m[33mWARNING in ./src/services/epgManifestQueries.js 597:52-71
"export 'default' (imported as '_regeneratorRuntime') was not found in '@babel/runtime/regenerator'
 @ ./src/App.jsx
 @ ./src/main.jsx[39m[22m

[1m[33mWARNING in ./src/services/epgManifestQueries.js 598:15-34
"export 'default' (imported as '_regeneratorRuntime') was not found in '@babel/runtime/regenerator'
 @ ./src/App.jsx
 @ ./src/main.jsx[39m[22m

[1m[33mWARNING in ./src/components/SplashScreen.jsx 59:65-84
"export 'default' (imported as '_regeneratorRuntime') was not found in '@babel/runtime/regenerator'
 @ ./src/App.jsx
 @ ./src/main.jsx[39m[22m

[1m[33mWARNING in ./src/components/SplashScreen.jsx 61:15-34
"export 'default' (imported as '_regeneratorRuntime') was not found in '@babel/runtime/regenerator'
 @ ./src/App.jsx
 @ ./src/main.jsx[39m[22m

[1m[33mWARNING in ./src/components/SplashScreen.jsx 138:58-77
"export 'default' (imported as '_regeneratorRuntime') was not found in '@babel/runtime/regenerator'
 @ ./src/App.jsx
 @ ./src/main.jsx[39m[22m

[1m[33mWARNING in ./src/components/SplashScreen.jsx 141:15-34
"export 'default' (imported as '_regeneratorRuntime') was not found in '@babel/runtime/regenerator'
 @ ./src/App.jsx
 @ ./src/main.jsx[39m[22m

[1m[33mWARNING in ./src/components/SplashScreen.jsx 234:82-101
"export 'default' (imported as '_regeneratorRuntime') was not found in '@babel/runtime/regenerator'
 @ ./src/App.jsx
 @ ./src/main.jsx[39m[22m

[1m[33mWARNING in ./src/components/SplashScreen.jsx 237:11-30
"export 'default' (imported as '_regeneratorRuntime') was not found in '@babel/runtime/regenerator'
 @ ./src/App.jsx
 @ ./src/main.jsx[39m[22m

[1m[33mWARNING in ./src/components/PushOverlay.jsx 114:63-82
"export 'default' (imported as '_regeneratorRuntime') was not found in '@babel/runtime/regenerator'
 @ ./src/App.jsx
 @ ./src/main.jsx[39m[22m

[1m[33mWARNING in ./src/components/PushOverlay.jsx 117:13-32
"export 'default' (imported as '_regeneratorRuntime') was not found in '@babel/runtime/regenerator'
 @ ./src/App.jsx
 @ ./src/main.jsx[39m[22m

[1m[33mWARNING in ./src/components/PushOverlay.jsx 173:35-54
"export 'default' (imported as '_regeneratorRuntime') was not found in '@babel/runtime/regenerator'
 @ ./src/App.jsx
 @ ./src/main.jsx[39m[22m

[1m[33mWARNING in ./src/components/PushOverlay.jsx 176:13-32
"export 'default' (imported as '_regeneratorRuntime') was not found in '@babel/runtime/regenerator'
 @ ./src/App.jsx
 @ ./src/main.jsx[39m[22m

[1m[33mWARNING in ./src/pages/PlayerPage.jsx 176:35-54
"export 'default' (imported as '_regeneratorRuntime') was not found in '@babel/runtime/regenerator'
 @ ./src/App.jsx
 @ ./src/main.jsx[39m[22m

[1m[33mWARNING in ./src/pages/PlayerPage.jsx 179:13-32
"export 'default' (imported as '_regeneratorRuntime') was not found in '@babel/runtime/regenerator'
 @ ./src/App.jsx
 @ ./src/main.jsx[39m[22m

[1m[33mWARNING in ./src/pages/PlayerPage.jsx 510:35-54
"export 'default' (imported as '_regeneratorRuntime') was not found in '@babel/runtime/regenerator'
 @ ./src/App.jsx
 @ ./src/main.jsx[39m[22m

[1m[33mWARNING in ./src/pages/PlayerPage.jsx 513:13-32
"export 'default' (imported as '_regeneratorRuntime') was not found in '@babel/runtime/regenerator'
 @ ./src/App.jsx
 @ ./src/main.jsx[39m[22m

[1m[33mWARNING in ./src/pages/SearchPage.jsx 260:59-78
"export 'default' (imported as '_regeneratorRuntime') was not found in '@babel/runtime/regenerator'
 @ ./src/App.jsx
 @ ./src/main.jsx[39m[22m

[1m[33mWARNING in ./src/pages/SearchPage.jsx 262:13-32
"export 'default' (imported as '_regeneratorRuntime') was not found in '@babel/runtime/regenerator'
 @ ./src/App.jsx
 @ ./src/main.jsx[39m[22m

[1m[33mWARNING in ./src/pages/SearchPage.jsx 307:56-75
"export 'default' (imported as '_regeneratorRuntime') was not found in '@babel/runtime/regenerator'
 @ ./src/App.jsx
 @ ./src/main.jsx[39m[22m

[1m[33mWARNING in ./src/pages/SearchPage.jsx 313:13-32
"export 'default' (imported as '_regeneratorRuntime') was not found in '@babel/runtime/regenerator'
 @ ./src/App.jsx
 @ ./src/main.jsx[39m[22m

[1m[33mWARNING in ./src/pages/genre/Genre.jsx 996:35-54
"export 'default' (imported as '_regeneratorRuntime') was not found in '@babel/runtime/regenerator'
 @ ./src/App.jsx
 @ ./src/main.jsx[39m[22m

[1m[33mWARNING in ./src/pages/genre/Genre.jsx 999:13-32
"export 'default' (imported as '_regeneratorRuntime') was not found in '@babel/runtime/regenerator'
 @ ./src/App.jsx
 @ ./src/main.jsx[39m[22m

[1m[33mWARNING in ./src/pages/tv-player/TvPlayer.jsx 95:63-82
"export 'default' (imported as '_regeneratorRuntime') was not found in '@babel/runtime/regenerator'
 @ ./src/App.jsx
 @ ./src/main.jsx[39m[22m

[1m[33mWARNING in ./src/pages/tv-player/TvPlayer.jsx 98:15-34
"export 'default' (imported as '_regeneratorRuntime') was not found in '@babel/runtime/regenerator'
 @ ./src/App.jsx
 @ ./src/main.jsx[39m[22m

[1m[33mWARNING in ./src/pages/settings/Settings.jsx 73:35-54
"export 'default' (imported as '_regeneratorRuntime') was not found in '@babel/runtime/regenerator'
 @ ./src/App.jsx
 @ ./src/main.jsx[39m[22m

[1m[33mWARNING in ./src/pages/settings/Settings.jsx 75:13-32
"export 'default' (imported as '_regeneratorRuntime') was not found in '@babel/runtime/regenerator'
 @ ./src/App.jsx
 @ ./src/main.jsx[39m[22m

[1m[33mWARNING in ./src/pages/settings/Settings.jsx 112:35-54
"export 'default' (imported as '_regeneratorRuntime') was not found in '@babel/runtime/regenerator'
 @ ./src/App.jsx
 @ ./src/main.jsx[39m[22m

[1m[33mWARNING in ./src/pages/settings/Settings.jsx 114:13-32
"export 'default' (imported as '_regeneratorRuntime') was not found in '@babel/runtime/regenerator'
 @ ./src/App.jsx
 @ ./src/main.jsx[39m[22m

[1m[33mWARNING in ./src/pages/categories/Categories.jsx 246:61-80
"export 'default' (imported as '_regeneratorRuntime') was not found in '@babel/runtime/regenerator'
 @ ./src/App.jsx
 @ ./src/main.jsx[39m[22m

[1m[33mWARNING in ./src/pages/categories/Categories.jsx 249:15-34
"export 'default' (imported as '_regeneratorRuntime') was not found in '@babel/runtime/regenerator'
 @ ./src/App.jsx
 @ ./src/main.jsx[39m[22m

[1m[33mWARNING in ./src/pages/categories/Categories.jsx 609:59-78
"export 'default' (imported as '_regeneratorRuntime') was not found in '@babel/runtime/regenerator'
 @ ./src/App.jsx
 @ ./src/main.jsx[39m[22m

[1m[33mWARNING in ./src/pages/categories/Categories.jsx 611:13-32
"export 'default' (imported as '_regeneratorRuntime') was not found in '@babel/runtime/regenerator'
 @ ./src/App.jsx
 @ ./src/main.jsx[39m[22m

[1m[33mWARNING in ./src/pages/categories/Categories.jsx 661:62-81
"export 'default' (imported as '_regeneratorRuntime') was not found in '@babel/runtime/regenerator'
 @ ./src/App.jsx
 @ ./src/main.jsx[39m[22m

[1m[33mWARNING in ./src/pages/categories/Categories.jsx 663:13-32
"export 'default' (imported as '_regeneratorRuntime') was not found in '@babel/runtime/regenerator'
 @ ./src/App.jsx
 @ ./src/main.jsx[39m[22m

[1m[33mWARNING in ./src/pages/login/Login.jsx 98:58-77
"export 'default' (imported as '_regeneratorRuntime') was not found in '@babel/runtime/regenerator'
 @ ./src/App.jsx
 @ ./src/main.jsx[39m[22m

[1m[33mWARNING in ./src/pages/login/Login.jsx 101:13-32
"export 'default' (imported as '_regeneratorRuntime') was not found in '@babel/runtime/regenerator'
 @ ./src/App.jsx
 @ ./src/main.jsx[39m[22m

[1m[33mWARNING in ./src/pages/login/Login.jsx 108:68-87
"export 'default' (imported as '_regeneratorRuntime') was not found in '@babel/runtime/regenerator'
 @ ./src/App.jsx
 @ ./src/main.jsx[39m[22m

[1m[33mWARNING in ./src/pages/login/Login.jsx 111:25-44
"export 'default' (imported as '_regeneratorRuntime') was not found in '@babel/runtime/regenerator'
 @ ./src/App.jsx
 @ ./src/main.jsx[39m[22m

[1m[33mWARNING in ./src/pages/login/Login.jsx 174:59-78
"export 'default' (imported as '_regeneratorRuntime') was not found in '@babel/runtime/regenerator'
 @ ./src/App.jsx
 @ ./src/main.jsx[39m[22m

[1m[33mWARNING in ./src/pages/login/Login.jsx 175:13-32
"export 'default' (imported as '_regeneratorRuntime') was not found in '@babel/runtime/regenerator'
 @ ./src/App.jsx
 @ ./src/main.jsx[39m[22m

[1m[33mWARNING in ./src/pages/login/PanmetroLoginScreen.jsx 405:54-73
"export 'default' (imported as '_regeneratorRuntime') was not found in '@babel/runtime/regenerator'
 @ ./src/App.jsx
 @ ./src/main.jsx[39m[22m

[1m[33mWARNING in ./src/pages/login/PanmetroLoginScreen.jsx 408:13-32
"export 'default' (imported as '_regeneratorRuntime') was not found in '@babel/runtime/regenerator'
 @ ./src/App.jsx
 @ ./src/main.jsx[39m[22m

[1m[33mWARNING in ./src/services/api.js 103:55-74
"export 'default' (imported as '_regeneratorRuntime') was not found in '@babel/runtime/regenerator'
 @ ./src/services/epgManifestQueries.js
 @ ./src/App.jsx
 @ ./src/main.jsx[39m[22m

[1m[33mWARNING in ./src/services/api.js 106:13-32
"export 'default' (imported as '_regeneratorRuntime') was not found in '@babel/runtime/regenerator'
 @ ./src/services/epgManifestQueries.js
 @ ./src/App.jsx
 @ ./src/main.jsx[39m[22m

[1m[33mWARNING in ./src/utils/fingerprint.js 413:56-75
"export 'default' (imported as '_regeneratorRuntime') was not found in '@babel/runtime/regenerator'
 @ ./src/components/SplashScreen.jsx
 @ ./src/App.jsx
 @ ./src/main.jsx[39m[22m

[1m[33mWARNING in ./src/utils/fingerprint.js 416:11-30
"export 'default' (imported as '_regeneratorRuntime') was not found in '@babel/runtime/regenerator'
 @ ./src/components/SplashScreen.jsx
 @ ./src/App.jsx
 @ ./src/main.jsx[39m[22m

[1m[33mWARNING in ./src/utils/fingerprint.js 505:56-75
"export 'default' (imported as '_regeneratorRuntime') was not found in '@babel/runtime/regenerator'
 @ ./src/components/SplashScreen.jsx
 @ ./src/App.jsx
 @ ./src/main.jsx[39m[22m

[1m[33mWARNING in ./src/utils/fingerprint.js 514:11-30
"export 'default' (imported as '_regeneratorRuntime') was not found in '@babel/runtime/regenerator'
 @ ./src/components/SplashScreen.jsx
 @ ./src/App.jsx
 @ ./src/main.jsx[39m[22m

[1m[33mWARNING in ./src/pages/login/OTPValidation.jsx 154:60-79
"export 'default' (imported as '_regeneratorRuntime') was not found in '@babel/runtime/regenerator'
 @ ./src/pages/login/Login.jsx
 @ ./src/App.jsx
 @ ./src/main.jsx[39m[22m

[1m[33mWARNING in ./src/pages/login/OTPValidation.jsx 156:17-36
"export 'default' (imported as '_regeneratorRuntime') was not found in '@babel/runtime/regenerator'
 @ ./src/pages/login/Login.jsx
 @ ./src/App.jsx
 @ ./src/main.jsx[39m[22m

[1m[33mWARNING in ./src/components/Toast.jsx 15:52-71
"export 'default' (imported as '_regeneratorRuntime') was not found in '@babel/runtime/regenerator'
 @ ./src/pages/login/Login.jsx
 @ ./src/App.jsx
 @ ./src/main.jsx[39m[22m

[1m[33mWARNING in ./src/components/Toast.jsx 17:13-32
"export 'default' (imported as '_regeneratorRuntime') was not found in '@babel/runtime/regenerator'
 @ ./src/pages/login/Login.jsx
 @ ./src/App.jsx
 @ ./src/main.jsx[39m[22m

[1m[33mWARNING in ./src/services/api/ApiService.js 53:52-71
"export 'default' (imported as '_regeneratorRuntime') was not found in '@babel/runtime/regenerator'
 @ ./src/services/api.js
 @ ./src/services/epgManifestQueries.js
 @ ./src/App.jsx
 @ ./src/main.jsx[39m[22m

[1m[33mWARNING in ./src/services/api/ApiService.js 56:15-34
"export 'default' (imported as '_regeneratorRuntime') was not found in '@babel/runtime/regenerator'
 @ ./src/services/api.js
 @ ./src/services/epgManifestQueries.js
 @ ./src/App.jsx
 @ ./src/main.jsx[39m[22m

[1m[33mWARNING in ./src/services/api/ApiService.js 78:48-67
"export 'default' (imported as '_regeneratorRuntime') was not found in '@babel/runtime/regenerator'
 @ ./src/services/api.js
 @ ./src/services/epgManifestQueries.js
 @ ./src/App.jsx
 @ ./src/main.jsx[39m[22m

[1m[33mWARNING in ./src/services/api/ApiService.js 81:15-34
"export 'default' (imported as '_regeneratorRuntime') was not found in '@babel/runtime/regenerator'
 @ ./src/services/api.js
 @ ./src/services/epgManifestQueries.js
 @ ./src/App.jsx
 @ ./src/main.jsx[39m[22m

[1m[33mWARNING in ./src/services/api/ApiService.js 104:57-76
"export 'default' (imported as '_regeneratorRuntime') was not found in '@babel/runtime/regenerator'
 @ ./src/services/api.js
 @ ./src/services/epgManifestQueries.js
 @ ./src/App.jsx
 @ ./src/main.jsx[39m[22m

[1m[33mWARNING in ./src/services/api/ApiService.js 108:15-34
"export 'default' (imported as '_regeneratorRuntime') was not found in '@babel/runtime/regenerator'
 @ ./src/services/api.js
 @ ./src/services/epgManifestQueries.js
 @ ./src/App.jsx
 @ ./src/main.jsx[39m[22m

[1m[33mWARNING in ./src/services/api/ApiService.js 132:49-68
"export 'default' (imported as '_regeneratorRuntime') was not found in '@babel/runtime/regenerator'
 @ ./src/services/api.js
 @ ./src/services/epgManifestQueries.js
 @ ./src/App.jsx
 @ ./src/main.jsx[39m[22m

[1m[33mWARNING in ./src/services/api/ApiService.js 135:15-34
"export 'default' (imported as '_regeneratorRuntime') was not found in '@babel/runtime/regenerator'
 @ ./src/services/api.js
 @ ./src/services/epgManifestQueries.js
 @ ./src/App.jsx
 @ ./src/main.jsx[39m[22m

[1m[33mWARNING in ./src/services/api/ApiService.js 158:48-67
"export 'default' (imported as '_regeneratorRuntime') was not found in '@babel/runtime/regenerator'
 @ ./src/services/api.js
 @ ./src/services/epgManifestQueries.js
 @ ./src/App.jsx
 @ ./src/main.jsx[39m[22m

[1m[33mWARNING in ./src/services/api/ApiService.js 161:15-34
"export 'default' (imported as '_regeneratorRuntime') was not found in '@babel/runtime/regenerator'
 @ ./src/services/api.js
 @ ./src/services/epgManifestQueries.js
 @ ./src/App.jsx
 @ ./src/main.jsx[39m[22m

[1m[33mWARNING in ./src/services/api/ApiService.js 184:52-71
"export 'default' (imported as '_regeneratorRuntime') was not found in '@babel/runtime/regenerator'
 @ ./src/services/api.js
 @ ./src/services/epgManifestQueries.js
 @ ./src/App.jsx
 @ ./src/main.jsx[39m[22m

[1m[33mWARNING in ./src/services/api/ApiService.js 187:15-34
"export 'default' (imported as '_regeneratorRuntime') was not found in '@babel/runtime/regenerator'
 @ ./src/services/api.js
 @ ./src/services/epgManifestQueries.js
 @ ./src/App.jsx
 @ ./src/main.jsx[39m[22m

[1m[33mWARNING in ./src/services/api/ApiService.js 210:55-74
"export 'default' (imported as '_regeneratorRuntime') was not found in '@babel/runtime/regenerator'
 @ ./src/services/api.js
 @ ./src/services/epgManifestQueries.js
 @ ./src/App.jsx
 @ ./src/main.jsx[39m[22m

[1m[33mWARNING in ./src/services/api/ApiService.js 213:15-34
"export 'default' (imported as '_regeneratorRuntime') was not found in '@babel/runtime/regenerator'
 @ ./src/services/api.js
 @ ./src/services/epgManifestQueries.js
 @ ./src/App.jsx
 @ ./src/main.jsx[39m[22m

[1m[33mWARNING in ./src/services/api/ApiService.js 238:62-81
"export 'default' (imported as '_regeneratorRuntime') was not found in '@babel/runtime/regenerator'
 @ ./src/services/api.js
 @ ./src/services/epgManifestQueries.js
 @ ./src/App.jsx
 @ ./src/main.jsx[39m[22m

[1m[33mWARNING in ./src/services/api/ApiService.js 241:15-34
"export 'default' (imported as '_regeneratorRuntime') was not found in '@babel/runtime/regenerator'
 @ ./src/services/api.js
 @ ./src/services/epgManifestQueries.js
 @ ./src/App.jsx
 @ ./src/main.jsx[39m[22m

[1m[33mWARNING in ./src/services/api/ApiService.js 266:55-74
"export 'default' (imported as '_regeneratorRuntime') was not found in '@babel/runtime/regenerator'
 @ ./src/services/api.js
 @ ./src/services/epgManifestQueries.js
 @ ./src/App.jsx
 @ ./src/main.jsx[39m[22m

[1m[33mWARNING in ./src/services/api/ApiService.js 269:15-34
"export 'default' (imported as '_regeneratorRuntime') was not found in '@babel/runtime/regenerator'
 @ ./src/services/api.js
 @ ./src/services/epgManifestQueries.js
 @ ./src/App.jsx
 @ ./src/main.jsx[39m[22m

[1m[33mWARNING in ./node_modules/react-router-dom/dist/umd/react-router-dom.production.min.js 1047:98-117
"export 'default' (imported as '_regeneratorRuntime') was not found in '@babel/runtime/regenerator'
 @ ./node_modules/react-router-dom/dist/main.js
 @ ./src/App.jsx
 @ ./src/main.jsx[39m[22m

[1m[33mWARNING in ./node_modules/react-router-dom/dist/umd/react-router-dom.production.min.js 1049:19-38
"export 'default' (imported as '_regeneratorRuntime') was not found in '@babel/runtime/regenerator'
 @ ./node_modules/react-router-dom/dist/main.js
 @ ./src/App.jsx
 @ ./src/main.jsx[39m[22m

[1m[33mWARNING in ./src/services/api/AuthService.js 24:50-69
"export 'default' (imported as '_regeneratorRuntime') was not found in '@babel/runtime/regenerator'
 @ ./src/services/api/ApiService.js
 @ ./src/services/api.js
 @ ./src/services/epgManifestQueries.js
 @ ./src/App.jsx
 @ ./src/main.jsx[39m[22m

[1m[33mWARNING in ./src/services/api/AuthService.js 26:15-34
"export 'default' (imported as '_regeneratorRuntime') was not found in '@babel/runtime/regenerator'
 @ ./src/services/api/ApiService.js
 @ ./src/services/api.js
 @ ./src/services/epgManifestQueries.js
 @ ./src/App.jsx
 @ ./src/main.jsx[39m[22m

[1m[33mWARNING in ./src/services/api/AuthService.js 59:51-70
"export 'default' (imported as '_regeneratorRuntime') was not found in '@babel/runtime/regenerator'
 @ ./src/services/api/ApiService.js
 @ ./src/services/api.js
 @ ./src/services/epgManifestQueries.js
 @ ./src/App.jsx
 @ ./src/main.jsx[39m[22m

[1m[33mWARNING in ./src/services/api/AuthService.js 61:15-34
"export 'default' (imported as '_regeneratorRuntime') was not found in '@babel/runtime/regenerator'
 @ ./src/services/api/ApiService.js
 @ ./src/services/api.js
 @ ./src/services/epgManifestQueries.js
 @ ./src/App.jsx
 @ ./src/main.jsx[39m[22m

[1m[33mWARNING in ./src/services/api/DrmService.js 26:55-74
"export 'default' (imported as '_regeneratorRuntime') was not found in '@babel/runtime/regenerator'
 @ ./src/services/api/ApiService.js
 @ ./src/services/api.js
 @ ./src/services/epgManifestQueries.js
 @ ./src/App.jsx
 @ ./src/main.jsx[39m[22m

[1m[33mWARNING in ./src/services/api/DrmService.js 27:15-34
"export 'default' (imported as '_regeneratorRuntime') was not found in '@babel/runtime/regenerator'
 @ ./src/services/api/ApiService.js
 @ ./src/services/api.js
 @ ./src/services/epgManifestQueries.js
 @ ./src/App.jsx
 @ ./src/main.jsx[39m[22m

[1m[33mWARNING in ./src/services/api/DrmService.js 51:52-71
"export 'default' (imported as '_regeneratorRuntime') was not found in '@babel/runtime/regenerator'
 @ ./src/services/api/ApiService.js
 @ ./src/services/api.js
 @ ./src/services/epgManifestQueries.js
 @ ./src/App.jsx
 @ ./src/main.jsx[39m[22m

[1m[33mWARNING in ./src/services/api/DrmService.js 52:15-34
"export 'default' (imported as '_regeneratorRuntime') was not found in '@babel/runtime/regenerator'
 @ ./src/services/api/ApiService.js
 @ ./src/services/api.js
 @ ./src/services/epgManifestQueries.js
 @ ./src/App.jsx
 @ ./src/main.jsx[39m[22m

[1m[33mWARNING in ./src/services/api/DrmService.js 78:54-73
"export 'default' (imported as '_regeneratorRuntime') was not found in '@babel/runtime/regenerator'
 @ ./src/services/api/ApiService.js
 @ ./src/services/api.js
 @ ./src/services/epgManifestQueries.js
 @ ./src/App.jsx
 @ ./src/main.jsx[39m[22m

[1m[33mWARNING in ./src/services/api/DrmService.js 79:15-34
"export 'default' (imported as '_regeneratorRuntime') was not found in '@babel/runtime/regenerator'
 @ ./src/services/api/ApiService.js
 @ ./src/services/api.js
 @ ./src/services/epgManifestQueries.js
 @ ./src/App.jsx
 @ ./src/main.jsx[39m[22m

[1m[33mWARNING in ./src/services/api/DrmService.js 106:58-77
"export 'default' (imported as '_regeneratorRuntime') was not found in '@babel/runtime/regenerator'
 @ ./src/services/api/ApiService.js
 @ ./src/services/api.js
 @ ./src/services/epgManifestQueries.js
 @ ./src/App.jsx
 @ ./src/main.jsx[39m[22m

[1m[33mWARNING in ./src/services/api/DrmService.js 107:15-34
"export 'default' (imported as '_regeneratorRuntime') was not found in '@babel/runtime/regenerator'
 @ ./src/services/api/ApiService.js
 @ ./src/services/api.js
 @ ./src/services/epgManifestQueries.js
 @ ./src/App.jsx
 @ ./src/main.jsx[39m[22m

[1m[33mWARNING in ./src/services/api/DrmService.js 133:60-79
"export 'default' (imported as '_regeneratorRuntime') was not found in '@babel/runtime/regenerator'
 @ ./src/services/api/ApiService.js
 @ ./src/services/api.js
 @ ./src/services/epgManifestQueries.js
 @ ./src/App.jsx
 @ ./src/main.jsx[39m[22m

[1m[33mWARNING in ./src/services/api/DrmService.js 134:15-34
"export 'default' (imported as '_regeneratorRuntime') was not found in '@babel/runtime/regenerator'
 @ ./src/services/api/ApiService.js
 @ ./src/services/api.js
 @ ./src/services/epgManifestQueries.js
 @ ./src/App.jsx
 @ ./src/main.jsx[39m[22m

[1m[33mWARNING in ./src/services/api/DrmService.js 160:59-78
"export 'default' (imported as '_regeneratorRuntime') was not found in '@babel/runtime/regenerator'
 @ ./src/services/api/ApiService.js
 @ ./src/services/api.js
 @ ./src/services/epgManifestQueries.js
 @ ./src/App.jsx
 @ ./src/main.jsx[39m[22m

[1m[33mWARNING in ./src/services/api/DrmService.js 161:15-34
"export 'default' (imported as '_regeneratorRuntime') was not found in '@babel/runtime/regenerator'
 @ ./src/services/api/ApiService.js
 @ ./src/services/api.js
 @ ./src/services/epgManifestQueries.js
 @ ./src/App.jsx
 @ ./src/main.jsx[39m[22m

[1m[33mWARNING in ./src/services/api/DrmService.js 187:55-74
"export 'default' (imported as '_regeneratorRuntime') was not found in '@babel/runtime/regenerator'
 @ ./src/services/api/ApiService.js
 @ ./src/services/api.js
 @ ./src/services/epgManifestQueries.js
 @ ./src/App.jsx
 @ ./src/main.jsx[39m[22m

[1m[33mWARNING in ./src/services/api/DrmService.js 188:15-34
"export 'default' (imported as '_regeneratorRuntime') was not found in '@babel/runtime/regenerator'
 @ ./src/services/api/ApiService.js
 @ ./src/services/api.js
 @ ./src/services/epgManifestQueries.js
 @ ./src/App.jsx
 @ ./src/main.jsx[39m[22m

[1m[33mWARNING in ./src/services/api/DrmService.js 215:60-79
"export 'default' (imported as '_regeneratorRuntime') was not found in '@babel/runtime/regenerator'
 @ ./src/services/api/ApiService.js
 @ ./src/services/api.js
 @ ./src/services/epgManifestQueries.js
 @ ./src/App.jsx
 @ ./src/main.jsx[39m[22m

[1m[33mWARNING in ./src/services/api/DrmService.js 216:15-34
"export 'default' (imported as '_regeneratorRuntime') was not found in '@babel/runtime/regenerator'
 @ ./src/services/api/ApiService.js
 @ ./src/services/api.js
 @ ./src/services/epgManifestQueries.js
 @ ./src/App.jsx
 @ ./src/main.jsx[39m[22m

[1m[33mWARNING in ./src/services/api/DrmService.js 242:57-76
"export 'default' (imported as '_regeneratorRuntime') was not found in '@babel/runtime/regenerator'
 @ ./src/services/api/ApiService.js
 @ ./src/services/api.js
 @ ./src/services/epgManifestQueries.js
 @ ./src/App.jsx
 @ ./src/main.jsx[39m[22m

[1m[33mWARNING in ./src/services/api/DrmService.js 243:15-34
"export 'default' (imported as '_regeneratorRuntime') was not found in '@babel/runtime/regenerator'
 @ ./src/services/api/ApiService.js
 @ ./src/services/api.js
 @ ./src/services/epgManifestQueries.js
 @ ./src/App.jsx
 @ ./src/main.jsx[39m[22m

[1m[33mWARNING in ./src/services/api/CmsService.js 25:56-75
"export 'default' (imported as '_regeneratorRuntime') was not found in '@babel/runtime/regenerator'
 @ ./src/services/api/ApiService.js
 @ ./src/services/api.js
 @ ./src/services/epgManifestQueries.js
 @ ./src/App.jsx
 @ ./src/main.jsx[39m[22m

[1m[33mWARNING in ./src/services/api/CmsService.js 26:15-34
"export 'default' (imported as '_regeneratorRuntime') was not found in '@babel/runtime/regenerator'
 @ ./src/services/api/ApiService.js
 @ ./src/services/api.js
 @ ./src/services/epgManifestQueries.js
 @ ./src/App.jsx
 @ ./src/main.jsx[39m[22m

[1m[33mWARNING in ./src/services/api/CmsService.js 48:56-75
"export 'default' (imported as '_regeneratorRuntime') was not found in '@babel/runtime/regenerator'
 @ ./src/services/api/ApiService.js
 @ ./src/services/api.js
 @ ./src/services/epgManifestQueries.js
 @ ./src/App.jsx
 @ ./src/main.jsx[39m[22m

[1m[33mWARNING in ./src/services/api/CmsService.js 49:15-34
"export 'default' (imported as '_regeneratorRuntime') was not found in '@babel/runtime/regenerator'
 @ ./src/services/api/ApiService.js
 @ ./src/services/api.js
 @ ./src/services/epgManifestQueries.js
 @ ./src/App.jsx
 @ ./src/main.jsx[39m[22m

[1m[33mWARNING in ./src/services/api/CmsService.js 73:55-74
"export 'default' (imported as '_regeneratorRuntime') was not found in '@babel/runtime/regenerator'
 @ ./src/services/api/ApiService.js
 @ ./src/services/api.js
 @ ./src/services/epgManifestQueries.js
 @ ./src/App.jsx
 @ ./src/main.jsx[39m[22m

[1m[33mWARNING in ./src/services/api/CmsService.js 74:15-34
"export 'default' (imported as '_regeneratorRuntime') was not found in '@babel/runtime/regenerator'
 @ ./src/services/api/ApiService.js
 @ ./src/services/api.js
 @ ./src/services/epgManifestQueries.js
 @ ./src/App.jsx
 @ ./src/main.jsx[39m[22m

[1m[33mWARNING in ./src/services/api/CmsService.js 96:58-77
"export 'default' (imported as '_regeneratorRuntime') was not found in '@babel/runtime/regenerator'
 @ ./src/services/api/ApiService.js
 @ ./src/services/api.js
 @ ./src/services/epgManifestQueries.js
 @ ./src/App.jsx
 @ ./src/main.jsx[39m[22m

[1m[33mWARNING in ./src/services/api/CmsService.js 97:15-34
"export 'default' (imported as '_regeneratorRuntime') was not found in '@babel/runtime/regenerator'
 @ ./src/services/api/ApiService.js
 @ ./src/services/api.js
 @ ./src/services/epgManifestQueries.js
 @ ./src/App.jsx
 @ ./src/main.jsx[39m[22m

[1m[33mWARNING in ./src/services/api/CmsService.js 119:54-73
"export 'default' (imported as '_regeneratorRuntime') was not found in '@babel/runtime/regenerator'
 @ ./src/services/api/ApiService.js
 @ ./src/services/api.js
 @ ./src/services/epgManifestQueries.js
 @ ./src/App.jsx
 @ ./src/main.jsx[39m[22m

[1m[33mWARNING in ./src/services/api/CmsService.js 120:15-34
"export 'default' (imported as '_regeneratorRuntime') was not found in '@babel/runtime/regenerator'
 @ ./src/services/api/ApiService.js
 @ ./src/services/api.js
 @ ./src/services/epgManifestQueries.js
 @ ./src/App.jsx
 @ ./src/main.jsx[39m[22m

[1m[33mWARNING in ./src/services/api/CmsService.js 142:55-74
"export 'default' (imported as '_regeneratorRuntime') was not found in '@babel/runtime/regenerator'
 @ ./src/services/api/ApiService.js
 @ ./src/services/api.js
 @ ./src/services/epgManifestQueries.js
 @ ./src/App.jsx
 @ ./src/main.jsx[39m[22m

[1m[33mWARNING in ./src/services/api/CmsService.js 143:15-34
"export 'default' (imported as '_regeneratorRuntime') was not found in '@babel/runtime/regenerator'
 @ ./src/services/api/ApiService.js
 @ ./src/services/api.js
 @ ./src/services/epgManifestQueries.js
 @ ./src/App.jsx
 @ ./src/main.jsx[39m[22m

[1m[33mWARNING in ./src/services/api/CmsService.js 165:56-75
"export 'default' (imported as '_regeneratorRuntime') was not found in '@babel/runtime/regenerator'
 @ ./src/services/api/ApiService.js
 @ ./src/services/api.js
 @ ./src/services/epgManifestQueries.js
 @ ./src/App.jsx
 @ ./src/main.jsx[39m[22m

[1m[33mWARNING in ./src/services/api/CmsService.js 166:15-34
"export 'default' (imported as '_regeneratorRuntime') was not found in '@babel/runtime/regenerator'
 @ ./src/services/api/ApiService.js
 @ ./src/services/api.js
 @ ./src/services/epgManifestQueries.js
 @ ./src/App.jsx
 @ ./src/main.jsx[39m[22m

[1m[33mWARNING in ./src/services/api/CmsService.js 188:54-73
"export 'default' (imported as '_regeneratorRuntime') was not found in '@babel/runtime/regenerator'
 @ ./src/services/api/ApiService.js
 @ ./src/services/api.js
 @ ./src/services/epgManifestQueries.js
 @ ./src/App.jsx
 @ ./src/main.jsx[39m[22m

[1m[33mWARNING in ./src/services/api/CmsService.js 189:15-34
"export 'default' (imported as '_regeneratorRuntime') was not found in '@babel/runtime/regenerator'
 @ ./src/services/api/ApiService.js
 @ ./src/services/api.js
 @ ./src/services/epgManifestQueries.js
 @ ./src/App.jsx
 @ ./src/main.jsx[39m[22m

[1m[33mWARNING in ./src/services/api/CmsService.js 213:55-74
"export 'default' (imported as '_regeneratorRuntime') was not found in '@babel/runtime/regenerator'
 @ ./src/services/api/ApiService.js
 @ ./src/services/api.js
 @ ./src/services/epgManifestQueries.js
 @ ./src/App.jsx
 @ ./src/main.jsx[39m[22m

[1m[33mWARNING in ./src/services/api/CmsService.js 214:15-34
"export 'default' (imported as '_regeneratorRuntime') was not found in '@babel/runtime/regenerator'
 @ ./src/services/api/ApiService.js
 @ ./src/services/api.js
 @ ./src/services/epgManifestQueries.js
 @ ./src/App.jsx
 @ ./src/main.jsx[39m[22m

[1m[33mWARNING in ./src/services/api/CmsService.js 236:51-70
"export 'default' (imported as '_regeneratorRuntime') was not found in '@babel/runtime/regenerator'
 @ ./src/services/api/ApiService.js
 @ ./src/services/api.js
 @ ./src/services/epgManifestQueries.js
 @ ./src/App.jsx
 @ ./src/main.jsx[39m[22m

[1m[33mWARNING in ./src/services/api/CmsService.js 237:15-34
"export 'default' (imported as '_regeneratorRuntime') was not found in '@babel/runtime/regenerator'
 @ ./src/services/api/ApiService.js
 @ ./src/services/api.js
 @ ./src/services/epgManifestQueries.js
 @ ./src/App.jsx
 @ ./src/main.jsx[39m[22m

[1m[33mWARNING in ./src/services/api/CmsService.js 261:59-78
"export 'default' (imported as '_regeneratorRuntime') was not found in '@babel/runtime/regenerator'
 @ ./src/services/api/ApiService.js
 @ ./src/services/api.js
 @ ./src/services/epgManifestQueries.js
 @ ./src/App.jsx
 @ ./src/main.jsx[39m[22m

[1m[33mWARNING in ./src/services/api/CmsService.js 262:15-34
"export 'default' (imported as '_regeneratorRuntime') was not found in '@babel/runtime/regenerator'
 @ ./src/services/api/ApiService.js
 @ ./src/services/api.js
 @ ./src/services/epgManifestQueries.js
 @ ./src/App.jsx
 @ ./src/main.jsx[39m[22m

[1m[33mWARNING in ./src/services/api/CmsService.js 284:61-80
"export 'default' (imported as '_regeneratorRuntime') was not found in '@babel/runtime/regenerator'
 @ ./src/services/api/ApiService.js
 @ ./src/services/api.js
 @ ./src/services/epgManifestQueries.js
 @ ./src/App.jsx
 @ ./src/main.jsx[39m[22m

[1m[33mWARNING in ./src/services/api/CmsService.js 285:15-34
"export 'default' (imported as '_regeneratorRuntime') was not found in '@babel/runtime/regenerator'
 @ ./src/services/api/ApiService.js
 @ ./src/services/api.js
 @ ./src/services/epgManifestQueries.js
 @ ./src/App.jsx
 @ ./src/main.jsx[39m[22m

[1m[33mWARNING in ./src/services/api/CmsService.js 307:61-80
"export 'default' (imported as '_regeneratorRuntime') was not found in '@babel/runtime/regenerator'
 @ ./src/services/api/ApiService.js
 @ ./src/services/api.js
 @ ./src/services/epgManifestQueries.js
 @ ./src/App.jsx
 @ ./src/main.jsx[39m[22m

[1m[33mWARNING in ./src/services/api/CmsService.js 308:15-34
"export 'default' (imported as '_regeneratorRuntime') was not found in '@babel/runtime/regenerator'
 @ ./src/services/api/ApiService.js
 @ ./src/services/api.js
 @ ./src/services/epgManifestQueries.js
 @ ./src/App.jsx
 @ ./src/main.jsx[39m[22m

[1m[33mWARNING in ./src/services/api/CmsService.js 330:62-81
"export 'default' (imported as '_regeneratorRuntime') was not found in '@babel/runtime/regenerator'
 @ ./src/services/api/ApiService.js
 @ ./src/services/api.js
 @ ./src/services/epgManifestQueries.js
 @ ./src/App.jsx
 @ ./src/main.jsx[39m[22m

[1m[33mWARNING in ./src/services/api/CmsService.js 331:15-34
"export 'default' (imported as '_regeneratorRuntime') was not found in '@babel/runtime/regenerator'
 @ ./src/services/api/ApiService.js
 @ ./src/services/api.js
 @ ./src/services/epgManifestQueries.js
 @ ./src/App.jsx
 @ ./src/main.jsx[39m[22m

[1m[33mWARNING in ./src/services/api/CmsService.js 355:59-78
"export 'default' (imported as '_regeneratorRuntime') was not found in '@babel/runtime/regenerator'
 @ ./src/services/api/ApiService.js
 @ ./src/services/api.js
 @ ./src/services/epgManifestQueries.js
 @ ./src/App.jsx
 @ ./src/main.jsx[39m[22m

[1m[33mWARNING in ./src/services/api/CmsService.js 356:15-34
"export 'default' (imported as '_regeneratorRuntime') was not found in '@babel/runtime/regenerator'
 @ ./src/services/api/ApiService.js
 @ ./src/services/api.js
 @ ./src/services/epgManifestQueries.js
 @ ./src/App.jsx
 @ ./src/main.jsx[39m[22m

[1m[33mWARNING in ./src/services/api/ApiClient.js 54:52-71
"export 'default' (imported as '_regeneratorRuntime') was not found in '@babel/runtime/regenerator'
 @ ./src/services/api/ApiService.js
 @ ./src/services/api.js
 @ ./src/services/epgManifestQueries.js
 @ ./src/App.jsx
 @ ./src/main.jsx[39m[22m

[1m[33mWARNING in ./src/services/api/ApiClient.js 64:15-34
"export 'default' (imported as '_regeneratorRuntime') was not found in '@babel/runtime/regenerator'
 @ ./src/services/api/ApiService.js
 @ ./src/services/api.js
 @ ./src/services/epgManifestQueries.js
 @ ./src/App.jsx
 @ ./src/main.jsx[39m[22m

[1m[33mWARNING in ./src/services/api/ApiClient.js 138:66-85
"export 'default' (imported as '_regeneratorRuntime') was not found in '@babel/runtime/regenerator'
 @ ./src/services/api/ApiService.js
 @ ./src/services/api.js
 @ ./src/services/epgManifestQueries.js
 @ ./src/App.jsx
 @ ./src/main.jsx[39m[22m

[1m[33mWARNING in ./src/services/api/ApiClient.js 140:15-34
"export 'default' (imported as '_regeneratorRuntime') was not found in '@babel/runtime/regenerator'
 @ ./src/services/api/ApiService.js
 @ ./src/services/api.js
 @ ./src/services/epgManifestQueries.js
 @ ./src/App.jsx
 @ ./src/main.jsx[39m[22m

[1m[33mWARNING in ./src/services/api/ApiClient.js 183:64-83
"export 'default' (imported as '_regeneratorRuntime') was not found in '@babel/runtime/regenerator'
 @ ./src/services/api/ApiService.js
 @ ./src/services/api.js
 @ ./src/services/epgManifestQueries.js
 @ ./src/App.jsx
 @ ./src/main.jsx[39m[22m

[1m[33mWARNING in ./src/services/api/ApiClient.js 185:15-34
"export 'default' (imported as '_regeneratorRuntime') was not found in '@babel/runtime/regenerator'
 @ ./src/services/api/ApiService.js
 @ ./src/services/api.js
 @ ./src/services/epgManifestQueries.js
 @ ./src/App.jsx
 @ ./src/main.jsx[39m[22m

[1m[33mWARNING in ./src/services/api/ApiClient.js 248:48-67
"export 'default' (imported as '_regeneratorRuntime') was not found in '@babel/runtime/regenerator'
 @ ./src/services/api/ApiService.js
 @ ./src/services/api.js
 @ ./src/services/epgManifestQueries.js
 @ ./src/App.jsx
 @ ./src/main.jsx[39m[22m

[1m[33mWARNING in ./src/services/api/ApiClient.js 251:15-34
"export 'default' (imported as '_regeneratorRuntime') was not found in '@babel/runtime/regenerator'
 @ ./src/services/api/ApiService.js
 @ ./src/services/api.js
 @ ./src/services/epgManifestQueries.js
 @ ./src/App.jsx
 @ ./src/main.jsx[39m[22m

[1m[33mWARNING in ./src/services/api/ApiClient.js 276:57-76
"export 'default' (imported as '_regeneratorRuntime') was not found in '@babel/runtime/regenerator'
 @ ./src/services/api/ApiService.js
 @ ./src/services/api.js
 @ ./src/services/epgManifestQueries.js
 @ ./src/App.jsx
 @ ./src/main.jsx[39m[22m

[1m[33mWARNING in ./src/services/api/ApiClient.js 285:15-34
"export 'default' (imported as '_regeneratorRuntime') was not found in '@babel/runtime/regenerator'
 @ ./src/services/api/ApiService.js
 @ ./src/services/api.js
 @ ./src/services/epgManifestQueries.js
 @ ./src/App.jsx
 @ ./src/main.jsx[39m[22m

[1m[33mWARNING in ./src/services/api/ApiClient.js 335:49-68
"export 'default' (imported as '_regeneratorRuntime') was not found in '@babel/runtime/regenerator'
 @ ./src/services/api/ApiService.js
 @ ./src/services/api.js
 @ ./src/services/epgManifestQueries.js
 @ ./src/App.jsx
 @ ./src/main.jsx[39m[22m

[1m[33mWARNING in ./src/services/api/ApiClient.js 338:15-34
"export 'default' (imported as '_regeneratorRuntime') was not found in '@babel/runtime/regenerator'
 @ ./src/services/api/ApiService.js
 @ ./src/services/api.js
 @ ./src/services/epgManifestQueries.js
 @ ./src/App.jsx
 @ ./src/main.jsx[39m[22m

[1m[33mWARNING in ./src/services/api/ApiClient.js 364:48-67
"export 'default' (imported as '_regeneratorRuntime') was not found in '@babel/runtime/regenerator'
 @ ./src/services/api/ApiService.js
 @ ./src/services/api.js
 @ ./src/services/epgManifestQueries.js
 @ ./src/App.jsx
 @ ./src/main.jsx[39m[22m

[1m[33mWARNING in ./src/services/api/ApiClient.js 367:15-34
"export 'default' (imported as '_regeneratorRuntime') was not found in '@babel/runtime/regenerator'
 @ ./src/services/api/ApiService.js
 @ ./src/services/api.js
 @ ./src/services/epgManifestQueries.js
 @ ./src/App.jsx
 @ ./src/main.jsx[39m[22m

[1m[33mWARNING in ./src/services/api/ApiClient.js 393:52-71
"export 'default' (imported as '_regeneratorRuntime') was not found in '@babel/runtime/regenerator'
 @ ./src/services/api/ApiService.js
 @ ./src/services/api.js
 @ ./src/services/epgManifestQueries.js
 @ ./src/App.jsx
 @ ./src/main.jsx[39m[22m

[1m[33mWARNING in ./src/services/api/ApiClient.js 396:15-34
"export 'default' (imported as '_regeneratorRuntime') was not found in '@babel/runtime/regenerator'
 @ ./src/services/api/ApiService.js
 @ ./src/services/api.js
 @ ./src/services/epgManifestQueries.js
 @ ./src/App.jsx
 @ ./src/main.jsx[39m[22m

[1m[33mWARNING in ./node_modules/@tanstack/query-core/build/legacy/query.cjs 372:50-69
"export 'default' (imported as '_regeneratorRuntime') was not found in '@babel/runtime/regenerator'
 @ ./node_modules/@tanstack/query-core/build/legacy/index.cjs
 @ ./node_modules/@tanstack/react-query/build/legacy/useIsFetching.cjs
 @ ./node_modules/@tanstack/react-query/build/legacy/index.cjs
 @ ./src/main.jsx[39m[22m

[1m[33mWARNING in ./node_modules/@tanstack/query-core/build/legacy/query.cjs 375:15-34
"export 'default' (imported as '_regeneratorRuntime') was not found in '@babel/runtime/regenerator'
 @ ./node_modules/@tanstack/query-core/build/legacy/index.cjs
 @ ./node_modules/@tanstack/react-query/build/legacy/useIsFetching.cjs
 @ ./node_modules/@tanstack/react-query/build/legacy/index.cjs
 @ ./src/main.jsx[39m[22m

[1m[33mWARNING in ./node_modules/@tanstack/query-core/build/legacy/mutation.cjs 207:52-71
"export 'default' (imported as '_regeneratorRuntime') was not found in '@babel/runtime/regenerator'
 @ ./node_modules/@tanstack/query-core/build/legacy/index.cjs
 @ ./node_modules/@tanstack/react-query/build/legacy/useIsFetching.cjs
 @ ./node_modules/@tanstack/react-query/build/legacy/index.cjs
 @ ./src/main.jsx[39m[22m

[1m[33mWARNING in ./node_modules/@tanstack/query-core/build/legacy/mutation.cjs 211:15-34
"export 'default' (imported as '_regeneratorRuntime') was not found in '@babel/runtime/regenerator'
 @ ./node_modules/@tanstack/query-core/build/legacy/index.cjs
 @ ./node_modules/@tanstack/react-query/build/legacy/useIsFetching.cjs
 @ ./node_modules/@tanstack/react-query/build/legacy/index.cjs
 @ ./src/main.jsx[39m[22m

[1m[33mWARNING in ./node_modules/@tanstack/query-core/build/legacy/streamedQuery.cjs 92:47-66
"export 'default' (imported as '_regeneratorRuntime') was not found in '@babel/runtime/regenerator'
 @ ./node_modules/@tanstack/query-core/build/legacy/index.cjs
 @ ./node_modules/@tanstack/react-query/build/legacy/useIsFetching.cjs
 @ ./node_modules/@tanstack/react-query/build/legacy/index.cjs
 @ ./src/main.jsx[39m[22m

[1m[33mWARNING in ./node_modules/@tanstack/query-core/build/legacy/streamedQuery.cjs 94:13-32
"export 'default' (imported as '_regeneratorRuntime') was not found in '@babel/runtime/regenerator'
 @ ./node_modules/@tanstack/query-core/build/legacy/index.cjs
 @ ./node_modules/@tanstack/react-query/build/legacy/useIsFetching.cjs
 @ ./node_modules/@tanstack/react-query/build/legacy/index.cjs
 @ ./src/main.jsx[39m[22m

[1m[33mWARNING in ./node_modules/@tanstack/query-core/build/legacy/streamedQuery.cjs 119:34-53
"export 'default' (imported as '_regeneratorRuntime') was not found in '@babel/runtime/regenerator'
 @ ./node_modules/@tanstack/query-core/build/legacy/index.cjs
 @ ./node_modules/@tanstack/react-query/build/legacy/useIsFetching.cjs
 @ ./node_modules/@tanstack/react-query/build/legacy/index.cjs
 @ ./src/main.jsx[39m[22m

[1m[33mWARNING in ./node_modules/@tanstack/query-core/build/legacy/streamedQuery.cjs 122:21-40
"export 'default' (imported as '_regeneratorRuntime') was not found in '@babel/runtime/regenerator'
 @ ./node_modules/@tanstack/query-core/build/legacy/index.cjs
 @ ./node_modules/@tanstack/react-query/build/legacy/useIsFetching.cjs
 @ ./node_modules/@tanstack/react-query/build/legacy/index.cjs
 @ ./src/main.jsx[39m[22m

[1m[33mWARNING in ./node_modules/@tanstack/query-core/build/legacy/queryClient.cjs 154:50-69
"export 'default' (imported as '_regeneratorRuntime') was not found in '@babel/runtime/regenerator'
 @ ./node_modules/@tanstack/query-core/build/legacy/index.cjs
 @ ./node_modules/@tanstack/react-query/build/legacy/useIsFetching.cjs
 @ ./node_modules/@tanstack/react-query/build/legacy/index.cjs
 @ ./src/main.jsx[39m[22m

[1m[33mWARNING in ./node_modules/@tanstack/query-core/build/legacy/queryClient.cjs 155:17-36
"export 'default' (imported as '_regeneratorRuntime') was not found in '@babel/runtime/regenerator'
 @ ./node_modules/@tanstack/query-core/build/legacy/index.cjs
 @ ./node_modules/@tanstack/react-query/build/legacy/useIsFetching.cjs
 @ ./node_modules/@tanstack/react-query/build/legacy/index.cjs
 @ ./src/main.jsx[39m[22m

[1m[33mWARNING in ./node_modules/@tanstack/query-core/build/legacy/queryClient.cjs 178:51-70
"export 'default' (imported as '_regeneratorRuntime') was not found in '@babel/runtime/regenerator'
 @ ./node_modules/@tanstack/query-core/build/legacy/index.cjs
 @ ./node_modules/@tanstack/react-query/build/legacy/useIsFetching.cjs
 @ ./node_modules/@tanstack/react-query/build/legacy/index.cjs
 @ ./src/main.jsx[39m[22m

[1m[33mWARNING in ./node_modules/@tanstack/query-core/build/legacy/queryClient.cjs 179:17-36
"export 'default' (imported as '_regeneratorRuntime') was not found in '@babel/runtime/regenerator'
 @ ./node_modules/@tanstack/query-core/build/legacy/index.cjs
 @ ./node_modules/@tanstack/react-query/build/legacy/useIsFetching.cjs
 @ ./node_modules/@tanstack/react-query/build/legacy/index.cjs
 @ ./src/main.jsx[39m[22m

[1m[33mWARNING in ./node_modules/@tanstack/query-core/build/legacy/infiniteQueryBehavior.cjs 101:54-73
"export 'default' (imported as '_regeneratorRuntime') was not found in '@babel/runtime/regenerator'
 @ ./node_modules/@tanstack/query-core/build/legacy/queryClient.cjs
 @ ./node_modules/@tanstack/query-core/build/legacy/index.cjs
 @ ./node_modules/@tanstack/react-query/build/legacy/useIsFetching.cjs
 @ ./node_modules/@tanstack/react-query/build/legacy/index.cjs
 @ ./src/main.jsx[39m[22m

[1m[33mWARNING in ./node_modules/@tanstack/query-core/build/legacy/infiniteQueryBehavior.cjs 104:17-36
"export 'default' (imported as '_regeneratorRuntime') was not found in '@babel/runtime/regenerator'
 @ ./node_modules/@tanstack/query-core/build/legacy/queryClient.cjs
 @ ./node_modules/@tanstack/query-core/build/legacy/index.cjs
 @ ./node_modules/@tanstack/react-query/build/legacy/useIsFetching.cjs
 @ ./node_modules/@tanstack/react-query/build/legacy/index.cjs
 @ ./src/main.jsx[39m[22m

[1m[33mWARNING in ./node_modules/@tanstack/query-core/build/legacy/infiniteQueryBehavior.cjs 131:66-85
"export 'default' (imported as '_regeneratorRuntime') was not found in '@babel/runtime/regenerator'
 @ ./node_modules/@tanstack/query-core/build/legacy/queryClient.cjs
 @ ./node_modules/@tanstack/query-core/build/legacy/index.cjs
 @ ./node_modules/@tanstack/react-query/build/legacy/useIsFetching.cjs
 @ ./node_modules/@tanstack/react-query/build/legacy/index.cjs
 @ ./src/main.jsx[39m[22m

[1m[33mWARNING in ./node_modules/@tanstack/query-core/build/legacy/infiniteQueryBehavior.cjs 134:27-46
"export 'default' (imported as '_regeneratorRuntime') was not found in '@babel/runtime/regenerator'
 @ ./node_modules/@tanstack/query-core/build/legacy/queryClient.cjs
 @ ./node_modules/@tanstack/query-core/build/legacy/index.cjs
 @ ./node_modules/@tanstack/react-query/build/legacy/useIsFetching.cjs
 @ ./node_modules/@tanstack/react-query/build/legacy/index.cjs
 @ ./src/main.jsx[39m[22m

[1m[33mWARNING in ./src/components/ShakaPlayer.jsx 1309:35-54
"export 'default' (imported as '_regeneratorRuntime') was not found in '@babel/runtime/regenerator'
 @ ./src/pages/genre/Genre.jsx
 @ ./src/App.jsx
 @ ./src/main.jsx[39m[22m

[1m[33mWARNING in ./src/components/ShakaPlayer.jsx 1312:13-32
"export 'default' (imported as '_regeneratorRuntime') was not found in '@babel/runtime/regenerator'
 @ ./src/pages/genre/Genre.jsx
 @ ./src/App.jsx
 @ ./src/main.jsx[39m[22m

[1m[33mWARNING in ./src/components/VideoPlayer.jsx 57:61-80
"export 'default' (imported as '_regeneratorRuntime') was not found in '@babel/runtime/regenerator'
 @ ./src/pages/tv-player/TvPlayer.jsx
 @ ./src/App.jsx
 @ ./src/main.jsx[39m[22m

[1m[33mWARNING in ./src/components/VideoPlayer.jsx 60:15-34
"export 'default' (imported as '_regeneratorRuntime') was not found in '@babel/runtime/regenerator'
 @ ./src/pages/tv-player/TvPlayer.jsx
 @ ./src/App.jsx
 @ ./src/main.jsx[39m[22m

[1m[33mWARNING in ./src/components/ForceMessageOverlay.jsx 74:50-69
"export 'default' (imported as '_regeneratorRuntime') was not found in '@babel/runtime/regenerator'
 @ ./src/pages/PlayerPage.jsx
 @ ./src/App.jsx
 @ ./src/main.jsx[39m[22m

[1m[33mWARNING in ./src/components/ForceMessageOverlay.jsx 77:15-34
"export 'default' (imported as '_regeneratorRuntime') was not found in '@babel/runtime/regenerator'
 @ ./src/pages/PlayerPage.jsx
 @ ./src/App.jsx
 @ ./src/main.jsx[39m[22m

[1m[33mWARNING in ./src/components/ScrollMessageOverlay.jsx 107:50-69
"export 'default' (imported as '_regeneratorRuntime') was not found in '@babel/runtime/regenerator'
 @ ./src/pages/PlayerPage.jsx
 @ ./src/App.jsx
 @ ./src/main.jsx[39m[22m

[1m[33mWARNING in ./src/components/ScrollMessageOverlay.jsx 110:15-34
"export 'default' (imported as '_regeneratorRuntime') was not found in '@babel/runtime/regenerator'
 @ ./src/pages/PlayerPage.jsx
 @ ./src/App.jsx
 @ ./src/main.jsx[39m[22m

[1m[33mWARNING in ./src/components/FingerprintOverlay.jsx 112:44-63
"export 'default' (imported as '_regeneratorRuntime') was not found in '@babel/runtime/regenerator'
 @ ./src/pages/PlayerPage.jsx
 @ ./src/App.jsx
 @ ./src/main.jsx[39m[22m

[1m[33mWARNING in ./src/components/FingerprintOverlay.jsx 115:15-34
"export 'default' (imported as '_regeneratorRuntime') was not found in '@babel/runtime/regenerator'
 @ ./src/pages/PlayerPage.jsx
 @ ./src/App.jsx
 @ ./src/main.jsx[39m[22m

[1m[33mWARNING in ./node_modules/react-hot-toast/dist/index.js 498:57-79
"export 'default' (imported as '_taggedTemplateLiteral') was not found in '@babel/runtime/helpers/taggedTemplateLiteral'
 @ ./src/components/Toast.jsx
 @ ./src/pages/login/Login.jsx
 @ ./src/App.jsx
 @ ./src/main.jsx[39m[22m

[1m[33mWARNING in ./node_modules/react-hot-toast/dist/index.js 499:59-81
"export 'default' (imported as '_taggedTemplateLiteral') was not found in '@babel/runtime/helpers/taggedTemplateLiteral'
 @ ./src/components/Toast.jsx
 @ ./src/pages/login/Login.jsx
 @ ./src/App.jsx
 @ ./src/main.jsx[39m[22m

[1m[33mWARNING in ./node_modules/react-hot-toast/dist/index.js 500:59-81
"export 'default' (imported as '_taggedTemplateLiteral') was not found in '@babel/runtime/helpers/taggedTemplateLiteral'
 @ ./src/components/Toast.jsx
 @ ./src/pages/login/Login.jsx
 @ ./src/App.jsx
 @ ./src/main.jsx[39m[22m

[1m[33mWARNING in ./node_modules/react-hot-toast/dist/index.js 501:67-89
"export 'default' (imported as '_taggedTemplateLiteral') was not found in '@babel/runtime/helpers/taggedTemplateLiteral'
 @ ./src/components/Toast.jsx
 @ ./src/pages/login/Login.jsx
 @ ./src/App.jsx
 @ ./src/main.jsx[39m[22m

[1m[33mWARNING in ./node_modules/react-hot-toast/dist/index.js 509:59-81
"export 'default' (imported as '_taggedTemplateLiteral') was not found in '@babel/runtime/helpers/taggedTemplateLiteral'
 @ ./src/components/Toast.jsx
 @ ./src/pages/login/Login.jsx
 @ ./src/App.jsx
 @ ./src/main.jsx[39m[22m

[1m[33mWARNING in ./node_modules/react-hot-toast/dist/index.js 510:67-89
"export 'default' (imported as '_taggedTemplateLiteral') was not found in '@babel/runtime/helpers/taggedTemplateLiteral'
 @ ./src/components/Toast.jsx
 @ ./src/pages/login/Login.jsx
 @ ./src/App.jsx
 @ ./src/main.jsx[39m[22m

[1m[33mWARNING in ./node_modules/react-hot-toast/dist/index.js 518:59-81
"export 'default' (imported as '_taggedTemplateLiteral') was not found in '@babel/runtime/helpers/taggedTemplateLiteral'
 @ ./src/components/Toast.jsx
 @ ./src/pages/login/Login.jsx
 @ ./src/App.jsx
 @ ./src/main.jsx[39m[22m

[1m[33mWARNING in ./node_modules/react-hot-toast/dist/index.js 519:59-81
"export 'default' (imported as '_taggedTemplateLiteral') was not found in '@babel/runtime/helpers/taggedTemplateLiteral'
 @ ./src/components/Toast.jsx
 @ ./src/pages/login/Login.jsx
 @ ./src/App.jsx
 @ ./src/main.jsx[39m[22m

[1m[33mWARNING in ./node_modules/react-hot-toast/dist/index.js 520:67-89
"export 'default' (imported as '_taggedTemplateLiteral') was not found in '@babel/runtime/helpers/taggedTemplateLiteral'
 @ ./src/components/Toast.jsx
 @ ./src/pages/login/Login.jsx
 @ ./src/App.jsx
 @ ./src/main.jsx[39m[22m

[1m[33mWARNING in ./node_modules/react-hot-toast/dist/index.js 527:70-92
"export 'default' (imported as '_taggedTemplateLiteral') was not found in '@babel/runtime/helpers/taggedTemplateLiteral'
 @ ./src/components/Toast.jsx
 @ ./src/pages/login/Login.jsx
 @ ./src/App.jsx
 @ ./src/main.jsx[39m[22m

[1m[33mWARNING in ./node_modules/react-hot-toast/dist/index.js 528:68-90
"export 'default' (imported as '_taggedTemplateLiteral') was not found in '@babel/runtime/helpers/taggedTemplateLiteral'
 @ ./src/components/Toast.jsx
 @ ./src/pages/login/Login.jsx
 @ ./src/App.jsx
 @ ./src/main.jsx[39m[22m

[1m[33mWARNING in ./node_modules/react-hot-toast/dist/index.js 529:61-83
"export 'default' (imported as '_taggedTemplateLiteral') was not found in '@babel/runtime/helpers/taggedTemplateLiteral'
 @ ./src/components/Toast.jsx
 @ ./src/pages/login/Login.jsx
 @ ./src/App.jsx
 @ ./src/main.jsx[39m[22m

[1m[33mWARNING in ./node_modules/react-hot-toast/dist/index.js 530:70-92
"export 'default' (imported as '_taggedTemplateLiteral') was not found in '@babel/runtime/helpers/taggedTemplateLiteral'
 @ ./src/components/Toast.jsx
 @ ./src/pages/login/Login.jsx
 @ ./src/App.jsx
 @ ./src/main.jsx[39m[22m

[1m[33mWARNING in ./node_modules/react-hot-toast/dist/index.js 549:70-92
"export 'default' (imported as '_taggedTemplateLiteral') was not found in '@babel/runtime/helpers/taggedTemplateLiteral'
 @ ./src/components/Toast.jsx
 @ ./src/pages/login/Login.jsx
 @ ./src/App.jsx
 @ ./src/main.jsx[39m[22m

[1m[33mWARNING in ./node_modules/react-hot-toast/dist/index.js 550:70-92
"export 'default' (imported as '_taggedTemplateLiteral') was not found in '@babel/runtime/helpers/taggedTemplateLiteral'
 @ ./src/components/Toast.jsx
 @ ./src/pages/login/Login.jsx
 @ ./src/App.jsx
 @ ./src/main.jsx[39m[22m

[1m[33mWARNING in ./node_modules/react-hot-toast/dist/index.js 638:55-77
"export 'default' (imported as '_taggedTemplateLiteral') was not found in '@babel/runtime/helpers/taggedTemplateLiteral'
 @ ./src/components/Toast.jsx
 @ ./src/pages/login/Login.jsx
 @ ./src/App.jsx
 @ ./src/main.jsx[39m[22m

[1m[33mWARNING in ./node_modules/@mui/material/Skeleton/Skeleton.js 51:85-107
"export 'default' (imported as '_taggedTemplateLiteral') was not found in '@babel/runtime/helpers/taggedTemplateLiteral'
 @ ./node_modules/@mui/material/Skeleton/index.js
 @ ./node_modules/@mui/material/index.js
 @ ./src/pages/SearchPage.jsx
 @ ./src/App.jsx
 @ ./src/main.jsx[39m[22m

[1m[33mWARNING in ./node_modules/@mui/material/Skeleton/Skeleton.js 52:86-108
"export 'default' (imported as '_taggedTemplateLiteral') was not found in '@babel/runtime/helpers/taggedTemplateLiteral'
 @ ./node_modules/@mui/material/Skeleton/index.js
 @ ./node_modules/@mui/material/index.js
 @ ./src/pages/SearchPage.jsx
 @ ./src/App.jsx
 @ ./src/main.jsx[39m[22m

[1m[33mWARNING in ./node_modules/@mui/material/Skeleton/Skeleton.js 57:118-140
"export 'default' (imported as '_taggedTemplateLiteral') was not found in '@babel/runtime/helpers/taggedTemplateLiteral'
 @ ./node_modules/@mui/material/Skeleton/index.js
 @ ./node_modules/@mui/material/index.js
 @ ./src/pages/SearchPage.jsx
 @ ./src/App.jsx
 @ ./src/main.jsx[39m[22m

[1m[33mWARNING in ./node_modules/@mui/material/Skeleton/Skeleton.js 58:116-138
"export 'default' (imported as '_taggedTemplateLiteral') was not found in '@babel/runtime/helpers/taggedTemplateLiteral'
 @ ./node_modules/@mui/material/Skeleton/index.js
 @ ./node_modules/@mui/material/index.js
 @ ./src/pages/SearchPage.jsx
 @ ./src/App.jsx
 @ ./src/main.jsx[39m[22m

[1m[33mWARNING in ./node_modules/@mui/material/LinearProgress/LinearProgress.js 48:94-116
"export 'default' (imported as '_taggedTemplateLiteral') was not found in '@babel/runtime/helpers/taggedTemplateLiteral'
 @ ./node_modules/@mui/material/LinearProgress/index.js
 @ ./node_modules/@mui/material/MobileStepper/MobileStepper.js
 @ ./node_modules/@mui/material/MobileStepper/index.js
 @ ./node_modules/@mui/material/index.js
 @ ./src/pages/SearchPage.jsx
 @ ./src/App.jsx
 @ ./src/main.jsx[39m[22m

[1m[33mWARNING in ./node_modules/@mui/material/LinearProgress/LinearProgress.js 53:136-158
"export 'default' (imported as '_taggedTemplateLiteral') was not found in '@babel/runtime/helpers/taggedTemplateLiteral'
 @ ./node_modules/@mui/material/LinearProgress/index.js
 @ ./node_modules/@mui/material/MobileStepper/MobileStepper.js
 @ ./node_modules/@mui/material/MobileStepper/index.js
 @ ./node_modules/@mui/material/index.js
 @ ./src/pages/SearchPage.jsx
 @ ./src/App.jsx
 @ ./src/main.jsx[39m[22m

[1m[33mWARNING in ./node_modules/@mui/material/LinearProgress/LinearProgress.js 54:96-118
"export 'default' (imported as '_taggedTemplateLiteral') was not found in '@babel/runtime/helpers/taggedTemplateLiteral'
 @ ./node_modules/@mui/material/LinearProgress/index.js
 @ ./node_modules/@mui/material/MobileStepper/MobileStepper.js
 @ ./node_modules/@mui/material/MobileStepper/index.js
 @ ./node_modules/@mui/material/index.js
 @ ./src/pages/SearchPage.jsx
 @ ./src/App.jsx
 @ ./src/main.jsx[39m[22m

[1m[33mWARNING in ./node_modules/@mui/material/LinearProgress/LinearProgress.js 55:136-158
"export 'default' (imported as '_taggedTemplateLiteral') was not found in '@babel/runtime/helpers/taggedTemplateLiteral'
 @ ./node_modules/@mui/material/LinearProgress/index.js
 @ ./node_modules/@mui/material/MobileStepper/MobileStepper.js
 @ ./node_modules/@mui/material/MobileStepper/index.js
 @ ./node_modules/@mui/material/index.js
 @ ./src/pages/SearchPage.jsx
 @ ./src/App.jsx
 @ ./src/main.jsx[39m[22m

[1m[33mWARNING in ./node_modules/@mui/material/LinearProgress/LinearProgress.js 56:88-110
"export 'default' (imported as '_taggedTemplateLiteral') was not found in '@babel/runtime/helpers/taggedTemplateLiteral'
 @ ./node_modules/@mui/material/LinearProgress/index.js
 @ ./node_modules/@mui/material/MobileStepper/MobileStepper.js
 @ ./node_modules/@mui/material/MobileStepper/index.js
 @ ./node_modules/@mui/material/index.js
 @ ./src/pages/SearchPage.jsx
 @ ./src/App.jsx
 @ ./src/main.jsx[39m[22m

[1m[33mWARNING in ./node_modules/@mui/material/LinearProgress/LinearProgress.js 57:120-142
"export 'default' (imported as '_taggedTemplateLiteral') was not found in '@babel/runtime/helpers/taggedTemplateLiteral'
 @ ./node_modules/@mui/material/LinearProgress/index.js
 @ ./node_modules/@mui/material/MobileStepper/MobileStepper.js
 @ ./node_modules/@mui/material/MobileStepper/index.js
 @ ./node_modules/@mui/material/index.js
 @ ./src/pages/SearchPage.jsx
 @ ./src/App.jsx
 @ ./src/main.jsx[39m[22m

[1m[33mWARNING in ./node_modules/@mui/material/ButtonBase/TouchRipple.js 43:85-107
"export 'default' (imported as '_taggedTemplateLiteral') was not found in '@babel/runtime/helpers/taggedTemplateLiteral'
 @ ./node_modules/@mui/material/ButtonBase/ButtonBase.js
 @ ./node_modules/@mui/material/ButtonBase/index.js
 @ ./node_modules/@mui/material/MenuItem/MenuItem.js
 @ ./node_modules/@mui/material/MenuItem/index.js
 @ ./node_modules/@mui/material/index.js
 @ ./src/pages/SearchPage.jsx
 @ ./src/App.jsx
 @ ./src/main.jsx[39m[22m

[1m[33mWARNING in ./node_modules/@mui/material/ButtonBase/TouchRipple.js 44:86-108
"export 'default' (imported as '_taggedTemplateLiteral') was not found in '@babel/runtime/helpers/taggedTemplateLiteral'
 @ ./node_modules/@mui/material/ButtonBase/ButtonBase.js
 @ ./node_modules/@mui/material/ButtonBase/index.js
 @ ./node_modules/@mui/material/MenuItem/MenuItem.js
 @ ./node_modules/@mui/material/MenuItem/index.js
 @ ./node_modules/@mui/material/index.js
 @ ./src/pages/SearchPage.jsx
 @ ./src/App.jsx
 @ ./src/main.jsx[39m[22m

[1m[33mWARNING in ./node_modules/@mui/material/ButtonBase/TouchRipple.js 45:89-111
"export 'default' (imported as '_taggedTemplateLiteral') was not found in '@babel/runtime/helpers/taggedTemplateLiteral'
 @ ./node_modules/@mui/material/ButtonBase/ButtonBase.js
 @ ./node_modules/@mui/material/ButtonBase/index.js
 @ ./node_modules/@mui/material/MenuItem/MenuItem.js
 @ ./node_modules/@mui/material/MenuItem/index.js
 @ ./node_modules/@mui/material/index.js
 @ ./src/pages/SearchPage.jsx
 @ ./src/App.jsx
 @ ./src/main.jsx[39m[22m

[1m[33mWARNING in ./node_modules/@mui/material/ButtonBase/TouchRipple.js 66:43-65
"export 'default' (imported as '_taggedTemplateLiteral') was not found in '@babel/runtime/helpers/taggedTemplateLiteral'
 @ ./node_modules/@mui/material/ButtonBase/ButtonBase.js
 @ ./node_modules/@mui/material/ButtonBase/index.js
 @ ./node_modules/@mui/material/MenuItem/MenuItem.js
 @ ./node_modules/@mui/material/MenuItem/index.js
 @ ./node_modules/@mui/material/index.js
 @ ./src/pages/SearchPage.jsx
 @ ./src/App.jsx
 @ ./src/main.jsx[39m[22m

[1m[33mWARNING in ./node_modules/@mui/material/CircularProgress/CircularProgress.js 45:94-116
"export 'default' (imported as '_taggedTemplateLiteral') was not found in '@babel/runtime/helpers/taggedTemplateLiteral'
 @ ./node_modules/@mui/material/CircularProgress/index.js
 @ ./node_modules/@mui/material/index.js
 @ ./src/pages/SearchPage.jsx
 @ ./src/App.jsx
 @ ./src/main.jsx[39m[22m

[1m[33mWARNING in ./node_modules/@mui/material/CircularProgress/CircularProgress.js 46:94-116
"export 'default' (imported as '_taggedTemplateLiteral') was not found in '@babel/runtime/helpers/taggedTemplateLiteral'
 @ ./node_modules/@mui/material/CircularProgress/index.js
 @ ./node_modules/@mui/material/index.js
 @ ./src/pages/SearchPage.jsx
 @ ./src/App.jsx
 @ ./src/main.jsx[39m[22m

[1m[33mWARNING in ./node_modules/@mui/material/CircularProgress/CircularProgress.js 51:128-150
"export 'default' (imported as '_taggedTemplateLiteral') was not found in '@babel/runtime/helpers/taggedTemplateLiteral'
 @ ./node_modules/@mui/material/CircularProgress/index.js
 @ ./node_modules/@mui/material/index.js
 @ ./src/pages/SearchPage.jsx
 @ ./src/App.jsx
 @ ./src/main.jsx[39m[22m

[1m[33mWARNING in ./node_modules/@mui/material/CircularProgress/CircularProgress.js 52:124-146
"export 'default' (imported as '_taggedTemplateLiteral') was not found in '@babel/runtime/helpers/taggedTemplateLiteral'
 @ ./node_modules/@mui/material/CircularProgress/index.js
 @ ./node_modules/@mui/material/index.js
 @ ./src/pages/SearchPage.jsx
 @ ./src/App.jsx
 @ ./src/main.jsx[39m[22m

[1m[33mWARNING in ./node_modules/@tanstack/query-core/build/legacy/retryer.cjs 115:15-31
"export 'default' (imported as '_wrapNativeSuper') was not found in '@babel/runtime/helpers/wrapNativeSuper'
 @ ./node_modules/@tanstack/query-core/build/legacy/index.cjs
 @ ./node_modules/@tanstack/react-query/build/legacy/useIsFetching.cjs
 @ ./node_modules/@tanstack/react-query/build/legacy/index.cjs
 @ ./src/main.jsx[39m[22m

[1m[33mWARNING in ./src/components/Toast.jsx 25:12-17
"export 'default' (imported as 'toast') was not found in 'react-hot-toast'
 @ ./src/pages/login/Login.jsx
 @ ./src/App.jsx
 @ ./src/main.jsx[39m[22m

[1m[33mWARNING in ./src/components/Toast.jsx 28:12-17
"export 'default' (imported as 'toast') was not found in 'react-hot-toast'
 @ ./src/pages/login/Login.jsx
 @ ./src/App.jsx
 @ ./src/main.jsx[39m[22m

[1m[33mWARNING in ./src/components/Toast.jsx 31:12-17
"export 'default' (imported as 'toast') was not found in 'react-hot-toast'
 @ ./src/pages/login/Login.jsx
 @ ./src/App.jsx
 @ ./src/main.jsx[39m[22m

[1m[33mWARNING in ./src/components/Toast.jsx 34:12-17
"export 'default' (imported as 'toast') was not found in 'react-hot-toast'
 @ ./src/pages/login/Login.jsx
 @ ./src/App.jsx
 @ ./src/main.jsx[39m[22m

[1m[33mWARNING in ./src/components/Toast.jsx 41:27-32
"export 'default' (imported as 'toast') was not found in 'react-hot-toast'
 @ ./src/pages/login/Login.jsx
 @ ./src/App.jsx
 @ ./src/main.jsx[39m[22m

[1m[33mWARNING in ./src/components/Toast.jsx 46:12-17
"export 'default' (imported as 'toast') was not found in 'react-hot-toast'
 @ ./src/pages/login/Login.jsx
 @ ./src/App.jsx
 @ ./src/main.jsx[39m[22m

[1m[33mWARNING in ./src/components/Toast.jsx 54:12-17
"export 'default' (imported as 'toast') was not found in 'react-hot-toast'
 @ ./src/pages/login/Login.jsx
 @ ./src/App.jsx
 @ ./src/main.jsx[39m[22m

[1m[33mWARNING in ./src/components/Toast.jsx 61:12-17
"export 'default' (imported as 'toast') was not found in 'react-hot-toast'
 @ ./src/pages/login/Login.jsx
 @ ./src/App.jsx
 @ ./src/main.jsx[39m[22m

[1m[33mWARNING in ./src/components/ShakaPlayer.jsx 810:4-9
"export 'default' (imported as 'toast') was not found in 'react-hot-toast'
 @ ./src/pages/genre/Genre.jsx
 @ ./src/App.jsx
 @ ./src/main.jsx[39m[22m

[1m[33mWARNING in ./src/services/epgManifestQueries.js 593:9-25
"export 'useInfiniteQuery' was not found in '@tanstack/react-query'
 @ ./src/App.jsx
 @ ./src/main.jsx[39m[22m

[1m[33mWARNING in ./src/services/epgManifestQueries.js 538:9-17
"export 'useQuery' was not found in '@tanstack/react-query'
 @ ./src/App.jsx
 @ ./src/main.jsx[39m[22m

[1m[33mWARNING in ./src/services/epgManifestQueries.js 564:9-17
"export 'useQuery' was not found in '@tanstack/react-query'
 @ ./src/App.jsx
 @ ./src/main.jsx[39m[22m

[1m[33mWARNING in ./src/App.jsx 307:20-34
"export 'useQueryClient' was not found in '@tanstack/react-query'
 @ ./src/main.jsx[39m[22m

[1m[33mWARNING in ./src/pages/genre/Genre.jsx 49:20-34
"export 'useQueryClient' was not found in '@tanstack/react-query'
 @ ./src/App.jsx
 @ ./src/main.jsx[39m[22m

[1m[33mWARNING in ./src/pages/live/Live.jsx 166:20-34
"export 'useQueryClient' was not found in '@tanstack/react-query'
 @ ./src/App.jsx
 @ ./src/main.jsx[39m[22m

[1m[33mWARNING in asset size limit: The following asset(s) exceed the recommended size limit (500 KiB).
This can impact web performance.
Assets: 
  shaka~2e673206.35c500d2.chunk.js (730 KiB)[39m[22m

[1m[33mWARNING in entrypoint size limit: The following entrypoint(s) combined asset size exceeds the recommended limit (500 KiB). This can impact web performance.
Entrypoints:
  main (1010 KiB)
      runtime.fad70089.js
      react~678f84af.d287ae09.chunk.js
      react~e82be95b.2533c2b8.chunk.js
      router~44621dc8.eff9b665.chunk.js
      vendors~253ae210.58c9a8ae.chunk.js
      vendors~d9f352e0.2a7eee66.chunk.js
      vendors~03219963.a7273ed5.chunk.js
      vendors~c3463627.2775e57f.chunk.js
      vendors~61ace190.adc4d06e.chunk.js
      vendors~cbb91c80.26e7b384.chunk.js
      vendors~f3c5e837.9319d37c.chunk.js
      vendors~65967d20.ba4c1e53.chunk.js
      vendors~6c77c6b5.2834c7df.chunk.js
      vendors~d939e436.6361c32a.chunk.js
      vendors~99af934a.5aa2ee4d.chunk.js
      vendors~987e6011.06421215.chunk.js
      vendors~b4e9eb06.137283cc.chunk.js
      vendors~c11c34ec.74118059.chunk.js
      vendors~2e7d8596.af36bd2e.chunk.js
      vendors~961813fd.030d9312.chunk.js
      vendors~7d359b94.4211ad6b.chunk.js
      main~06837ae4.4c9ac4db.chunk.css
      main~06837ae4.425e3a33.chunk.js
      main~5a11b65b.f9007bd3.chunk.css
      main~5a11b65b.dba38047.chunk.js
[39m[22m
